{
  "Entries": [
    {
      "RequestUri": "/subscriptions/f28872d6-4a93-4bb1-84b9-aecb02b6af4c/resourcegroups/sqlcrudtest-2575?api-version=2017-05-10",
      "EncodedRequestUri": "L3N1YnNjcmlwdGlvbnMvZjI4ODcyZDYtNGE5My00YmIxLTg0YjktYWVjYjAyYjZhZjRjL3Jlc291cmNlZ3JvdXBzL3NxbGNydWR0ZXN0LTI1NzU/YXBpLXZlcnNpb249MjAxNy0wNS0xMA==",
      "RequestMethod": "PUT",
      "RequestBody": "{\r\n  \"location\": \"Japan East\",\r\n  \"tags\": {\r\n    \"sqlcrudtest-2575\": \"2017-06-01 06:17:42Z\"\r\n  }\r\n}",
      "RequestHeaders": {
        "Content-Type": [
          "application/json; charset=utf-8"
        ],
        "Content-Length": [
          "99"
        ],
        "x-ms-client-request-id": [
          "6e429e1d-ece4-4434-bda4-8d08624d0397"
        ],
        "accept-language": [
          "en-US"
        ],
        "User-Agent": [
          "FxVersion/4.6.25211.01",
          "Microsoft.Azure.Management.ResourceManager.ResourceManagementClient/1.6.0.0"
        ]
      },
      "ResponseBody": "{\r\n  \"id\": \"/subscriptions/f28872d6-4a93-4bb1-84b9-aecb02b6af4c/resourceGroups/sqlcrudtest-2575\",\r\n  \"name\": \"sqlcrudtest-2575\",\r\n  \"location\": \"japaneast\",\r\n  \"tags\": {\r\n    \"sqlcrudtest-2575\": \"2017-06-01 06:17:42Z\"\r\n  },\r\n  \"properties\": {\r\n    \"provisioningState\": \"Succeeded\"\r\n  }\r\n}",
      "ResponseHeaders": {
        "Content-Length": [
          "239"
        ],
        "Content-Type": [
          "application/json; charset=utf-8"
        ],
        "Expires": [
          "-1"
        ],
        "Cache-Control": [
          "no-cache"
        ],
        "Date": [
          "Thu, 01 Jun 2017 06:17:44 GMT"
        ],
        "Pragma": [
          "no-cache"
        ],
        "x-ms-ratelimit-remaining-subscription-writes": [
          "1199"
        ],
        "x-ms-request-id": [
          "d589a052-f4c2-4322-9ac8-1929143b92e1"
        ],
        "x-ms-correlation-request-id": [
          "d589a052-f4c2-4322-9ac8-1929143b92e1"
        ],
        "x-ms-routing-request-id": [
          "WESTUS:20170601T061744Z:d589a052-f4c2-4322-9ac8-1929143b92e1"
        ],
        "Strict-Transport-Security": [
          "max-age=31536000; includeSubDomains"
        ]
      },
      "StatusCode": 201
    },
    {
      "RequestUri": "/subscriptions/f28872d6-4a93-4bb1-84b9-aecb02b6af4c/resourceGroups/sqlcrudtest-2575/providers/Microsoft.Sql/servers/sqlcrudtest-2259?api-version=2015-05-01-preview",
      "EncodedRequestUri": "L3N1YnNjcmlwdGlvbnMvZjI4ODcyZDYtNGE5My00YmIxLTg0YjktYWVjYjAyYjZhZjRjL3Jlc291cmNlR3JvdXBzL3NxbGNydWR0ZXN0LTI1NzUvcHJvdmlkZXJzL01pY3Jvc29mdC5TcWwvc2VydmVycy9zcWxjcnVkdGVzdC0yMjU5P2FwaS12ZXJzaW9uPTIwMTUtMDUtMDEtcHJldmlldw==",
      "RequestMethod": "PUT",
      "RequestBody": "{\r\n  \"properties\": {\r\n    \"administratorLogin\": \"dummylogin\",\r\n    \"administratorLoginPassword\": \"Un53cuRE!\",\r\n    \"version\": \"12.0\"\r\n  },\r\n  \"tags\": {},\r\n  \"location\": \"japaneast\"\r\n}",
      "RequestHeaders": {
        "Content-Type": [
          "application/json; charset=utf-8"
        ],
        "Content-Length": [
          "183"
        ],
        "x-ms-client-request-id": [
          "e0ba9db0-63e0-4faf-94eb-80deb181e5c2"
        ],
        "accept-language": [
          "en-US"
        ],
        "User-Agent": [
          "FxVersion/4.6.25211.01",
          "Microsoft.Azure.Management.Sql.SqlManagementClient/1.4.0.0"
        ]
      },
      "ResponseBody": "{\r\n  \"operation\": \"UpsertLogicalServer\",\r\n  \"startTime\": \"2017-06-01T06:17:46.887Z\"\r\n}",
      "ResponseHeaders": {
        "Content-Length": [
          "74"
        ],
        "Content-Type": [
          "application/json; charset=utf-8"
        ],
        "Expires": [
          "-1"
        ],
        "Cache-Control": [
          "no-cache"
        ],
        "Date": [
          "Thu, 01 Jun 2017 06:17:46 GMT"
        ],
        "Pragma": [
          "no-cache"
        ],
        "Location": [
          "https://management.azure.com/subscriptions/f28872d6-4a93-4bb1-84b9-aecb02b6af4c/providers/Microsoft.Sql/locations/japaneast/serverOperationResults/d36673cd-89e2-422a-96f8-51b75191a85c?api-version=2015-05-01-preview"
        ],
        "Retry-After": [
          "60"
        ],
        "Server": [
          "Microsoft-HTTPAPI/2.0"
        ],
        "Azure-AsyncOperation": [
          "https://management.azure.com/subscriptions/f28872d6-4a93-4bb1-84b9-aecb02b6af4c/providers/Microsoft.Sql/locations/japaneast/serverAzureAsyncOperation/d36673cd-89e2-422a-96f8-51b75191a85c?api-version=2015-05-01-preview"
        ],
        "x-ms-request-id": [
          "d36673cd-89e2-422a-96f8-51b75191a85c"
        ],
        "x-ms-ratelimit-remaining-subscription-writes": [
          "1198"
        ],
        "x-ms-correlation-request-id": [
          "a5a9a068-0a08-4e8f-9511-da214e2a93fe"
        ],
        "x-ms-routing-request-id": [
          "WESTUS:20170601T061746Z:a5a9a068-0a08-4e8f-9511-da214e2a93fe"
        ],
        "Strict-Transport-Security": [
          "max-age=31536000; includeSubDomains"
        ]
      },
      "StatusCode": 202
    },
    {
      "RequestUri": "/subscriptions/f28872d6-4a93-4bb1-84b9-aecb02b6af4c/providers/Microsoft.Sql/locations/japaneast/serverAzureAsyncOperation/d36673cd-89e2-422a-96f8-51b75191a85c?api-version=2015-05-01-preview",
      "EncodedRequestUri": "L3N1YnNjcmlwdGlvbnMvZjI4ODcyZDYtNGE5My00YmIxLTg0YjktYWVjYjAyYjZhZjRjL3Byb3ZpZGVycy9NaWNyb3NvZnQuU3FsL2xvY2F0aW9ucy9qYXBhbmVhc3Qvc2VydmVyQXp1cmVBc3luY09wZXJhdGlvbi9kMzY2NzNjZC04OWUyLTQyMmEtOTZmOC01MWI3NTE5MWE4NWM/YXBpLXZlcnNpb249MjAxNS0wNS0wMS1wcmV2aWV3",
      "RequestMethod": "GET",
      "RequestBody": "",
      "RequestHeaders": {
        "User-Agent": [
          "FxVersion/4.6.25211.01",
          "Microsoft.Azure.Management.Sql.SqlManagementClient/1.4.0.0"
        ]
      },
      "ResponseBody": "{\r\n  \"name\": \"d36673cd-89e2-422a-96f8-51b75191a85c\",\r\n  \"status\": \"Succeeded\",\r\n  \"startTime\": \"2017-06-01T06:17:46.887Z\"\r\n}",
      "ResponseHeaders": {
        "Content-Type": [
          "application/json; charset=utf-8"
        ],
        "Expires": [
          "-1"
        ],
        "Cache-Control": [
          "no-cache"
        ],
        "Date": [
          "Thu, 01 Jun 2017 06:18:17 GMT"
        ],
        "Pragma": [
          "no-cache"
        ],
        "Transfer-Encoding": [
          "chunked"
        ],
        "Server": [
          "Microsoft-HTTPAPI/2.0"
        ],
        "Vary": [
          "Accept-Encoding"
        ],
        "x-ms-request-id": [
          "6797ffa7-dfdd-4727-866e-d36d26cb18e4"
        ],
        "x-ms-ratelimit-remaining-subscription-reads": [
          "14999"
        ],
        "x-ms-correlation-request-id": [
          "6152f5ab-02bd-48fb-b2c0-09ff35ba76ae"
        ],
        "x-ms-routing-request-id": [
          "WESTUS:20170601T061817Z:6152f5ab-02bd-48fb-b2c0-09ff35ba76ae"
        ],
        "Strict-Transport-Security": [
          "max-age=31536000; includeSubDomains"
        ]
      },
      "StatusCode": 200
    },
    {
      "RequestUri": "/subscriptions/f28872d6-4a93-4bb1-84b9-aecb02b6af4c/resourceGroups/sqlcrudtest-2575/providers/Microsoft.Sql/servers/sqlcrudtest-2259?api-version=2015-05-01-preview",
      "EncodedRequestUri": "L3N1YnNjcmlwdGlvbnMvZjI4ODcyZDYtNGE5My00YmIxLTg0YjktYWVjYjAyYjZhZjRjL3Jlc291cmNlR3JvdXBzL3NxbGNydWR0ZXN0LTI1NzUvcHJvdmlkZXJzL01pY3Jvc29mdC5TcWwvc2VydmVycy9zcWxjcnVkdGVzdC0yMjU5P2FwaS12ZXJzaW9uPTIwMTUtMDUtMDEtcHJldmlldw==",
      "RequestMethod": "GET",
      "RequestBody": "",
      "RequestHeaders": {
        "User-Agent": [
          "FxVersion/4.6.25211.01",
          "Microsoft.Azure.Management.Sql.SqlManagementClient/1.4.0.0"
        ]
      },
      "ResponseBody": "{\r\n  \"id\": \"/subscriptions/f28872d6-4a93-4bb1-84b9-aecb02b6af4c/resourceGroups/sqlcrudtest-2575/providers/Microsoft.Sql/servers/sqlcrudtest-2259\",\r\n  \"name\": \"sqlcrudtest-2259\",\r\n  \"type\": \"Microsoft.Sql/servers\",\r\n  \"location\": \"japaneast\",\r\n  \"kind\": \"v12.0\",\r\n  \"tags\": {},\r\n  \"properties\": {\r\n    \"administratorLogin\": \"dummylogin\",\r\n    \"version\": \"12.0\",\r\n    \"state\": \"Ready\",\r\n    \"fullyQualifiedDomainName\": \"sqlcrudtest-2259.database.windows.net\"\r\n  }\r\n}",
      "ResponseHeaders": {
        "Content-Type": [
          "application/json; charset=utf-8"
        ],
        "Expires": [
          "-1"
        ],
        "Cache-Control": [
          "no-cache"
        ],
        "Date": [
          "Thu, 01 Jun 2017 06:18:17 GMT"
        ],
        "Pragma": [
          "no-cache"
        ],
        "Transfer-Encoding": [
          "chunked"
        ],
        "Server": [
          "Microsoft-HTTPAPI/2.0"
        ],
        "Vary": [
          "Accept-Encoding"
        ],
        "x-ms-request-id": [
          "930c0956-56b4-4e45-8778-ce2da149b107"
        ],
        "x-ms-ratelimit-remaining-subscription-reads": [
          "14998"
        ],
        "x-ms-correlation-request-id": [
          "027b691c-a198-4ea0-a1f1-dfbfaf360fe7"
        ],
        "x-ms-routing-request-id": [
          "WESTUS:20170601T061817Z:027b691c-a198-4ea0-a1f1-dfbfaf360fe7"
        ],
        "Strict-Transport-Security": [
          "max-age=31536000; includeSubDomains"
        ]
      },
      "StatusCode": 200
    },
    {
      "RequestUri": "/subscriptions/f28872d6-4a93-4bb1-84b9-aecb02b6af4c/resourceGroups/sqlcrudtest-2575/providers/Microsoft.Sql/servers/sqlcrudtest-2259/databases/testdb?api-version=2014-04-01",
      "EncodedRequestUri": "L3N1YnNjcmlwdGlvbnMvZjI4ODcyZDYtNGE5My00YmIxLTg0YjktYWVjYjAyYjZhZjRjL3Jlc291cmNlR3JvdXBzL3NxbGNydWR0ZXN0LTI1NzUvcHJvdmlkZXJzL01pY3Jvc29mdC5TcWwvc2VydmVycy9zcWxjcnVkdGVzdC0yMjU5L2RhdGFiYXNlcy90ZXN0ZGI/YXBpLXZlcnNpb249MjAxNC0wNC0wMQ==",
      "RequestMethod": "PUT",
      "RequestBody": "{\r\n  \"location\": \"japaneast\"\r\n}",
      "RequestHeaders": {
        "Content-Type": [
          "application/json; charset=utf-8"
        ],
        "Content-Length": [
          "31"
        ],
        "x-ms-client-request-id": [
          "b6f5a593-b116-4c4f-b4c9-fcbab55949c2"
        ],
        "accept-language": [
          "en-US"
        ],
        "User-Agent": [
          "FxVersion/4.6.25211.01",
          "Microsoft.Azure.Management.Sql.SqlManagementClient/1.4.0.0"
        ]
      },
      "ResponseBody": "{\r\n  \"operation\": \"CreateLogicalDatabase\",\r\n  \"startTime\": \"2017-05-31T23:18:18.531-07:00\"\r\n}",
      "ResponseHeaders": {
        "Content-Length": [
          "80"
        ],
        "Content-Type": [
          "application/json; odata=minimalmetadata; streaming=true; charset=utf-8"
        ],
        "Cache-Control": [
          "no-store, no-cache"
        ],
        "Date": [
          "Thu, 01 Jun 2017 06:18:18 GMT"
        ],
        "Location": [
          "https://management.azure.com/subscriptions/f28872d6-4a93-4bb1-84b9-aecb02b6af4c/resourceGroups/sqlcrudtest-2575/providers/Microsoft.Sql/servers/sqlcrudtest-2259/databases/testdb/operationResults/f441bd6c-b65b-43f9-b7a0-f587db373a13?api-version=2014-04-01-Preview"
        ],
        "Retry-After": [
          "30"
        ],
        "Server": [
          "Microsoft-HTTPAPI/2.0"
        ],
        "x-ms-request-id": [
          "f441bd6c-b65b-43f9-b7a0-f587db373a13"
        ],
        "X-Content-Type-Options": [
          "nosniff"
        ],
        "Preference-Applied": [
          "return-content"
        ],
        "DataServiceVersion": [
          "3.0;"
        ],
        "Strict-Transport-Security": [
          "max-age=31536000; includeSubDomains"
        ],
        "Azure-AsyncOperation": [
          "https://management.azure.com/subscriptions/f28872d6-4a93-4bb1-84b9-aecb02b6af4c/resourceGroups/sqlcrudtest-2575/providers/Microsoft.Sql/servers/sqlcrudtest-2259/databases/testdb/azureAsyncOperation/f441bd6c-b65b-43f9-b7a0-f587db373a13?api-version=2014-04-01-Preview"
        ],
        "x-ms-ratelimit-remaining-subscription-writes": [
          "1197"
        ],
        "x-ms-correlation-request-id": [
          "0ccf709e-800c-4af7-a9ab-7b5348779253"
        ],
        "x-ms-routing-request-id": [
          "WESTUS:20170601T061819Z:0ccf709e-800c-4af7-a9ab-7b5348779253"
        ]
      },
      "StatusCode": 202
    },
    {
      "RequestUri": "/subscriptions/f28872d6-4a93-4bb1-84b9-aecb02b6af4c/resourceGroups/sqlcrudtest-2575/providers/Microsoft.Sql/servers/sqlcrudtest-2259/databases/testdb/azureAsyncOperation/f441bd6c-b65b-43f9-b7a0-f587db373a13?api-version=2014-04-01-Preview",
      "EncodedRequestUri": "L3N1YnNjcmlwdGlvbnMvZjI4ODcyZDYtNGE5My00YmIxLTg0YjktYWVjYjAyYjZhZjRjL3Jlc291cmNlR3JvdXBzL3NxbGNydWR0ZXN0LTI1NzUvcHJvdmlkZXJzL01pY3Jvc29mdC5TcWwvc2VydmVycy9zcWxjcnVkdGVzdC0yMjU5L2RhdGFiYXNlcy90ZXN0ZGIvYXp1cmVBc3luY09wZXJhdGlvbi9mNDQxYmQ2Yy1iNjViLTQzZjktYjdhMC1mNTg3ZGIzNzNhMTM/YXBpLXZlcnNpb249MjAxNC0wNC0wMS1QcmV2aWV3",
      "RequestMethod": "GET",
      "RequestBody": "",
      "RequestHeaders": {
        "User-Agent": [
          "FxVersion/4.6.25211.01",
          "Microsoft.Azure.Management.Sql.SqlManagementClient/1.4.0.0"
        ]
      },
      "ResponseBody": "{\r\n  \"operationId\": \"f441bd6c-b65b-43f9-b7a0-f587db373a13\",\r\n  \"status\": \"Succeeded\",\r\n  \"error\": null\r\n}",
      "ResponseHeaders": {
        "Content-Type": [
          "application/json; odata=minimalmetadata; streaming=true; charset=utf-8"
        ],
        "Cache-Control": [
          "no-store, no-cache"
        ],
        "Date": [
          "Thu, 01 Jun 2017 06:18:49 GMT"
        ],
        "Transfer-Encoding": [
          "chunked"
        ],
        "Server": [
          "Microsoft-HTTPAPI/2.0"
        ],
        "Vary": [
          "Accept-Encoding"
        ],
        "x-ms-request-id": [
          "c63b483f-6600-42c9-aa0b-a649f0a20291"
        ],
        "X-Content-Type-Options": [
          "nosniff"
        ],
        "DataServiceVersion": [
          "3.0;"
        ],
        "Strict-Transport-Security": [
          "max-age=31536000; includeSubDomains"
        ],
        "Azure-AsyncOperation": [
          "https://management.azure.com/subscriptions/f28872d6-4a93-4bb1-84b9-aecb02b6af4c/resourceGroups/sqlcrudtest-2575/providers/Microsoft.Sql/servers/sqlcrudtest-2259/databases/testdb/azureAsyncOperation/f441bd6c-b65b-43f9-b7a0-f587db373a13?api-version=2014-04-01-Preview"
        ],
        "x-ms-ratelimit-remaining-subscription-reads": [
          "14997"
        ],
        "x-ms-correlation-request-id": [
          "31348af0-5853-4cc4-8298-610e089a4e7e"
        ],
        "x-ms-routing-request-id": [
          "WESTUS:20170601T061849Z:31348af0-5853-4cc4-8298-610e089a4e7e"
        ]
      },
      "StatusCode": 200
    },
    {
      "RequestUri": "/subscriptions/f28872d6-4a93-4bb1-84b9-aecb02b6af4c/resourceGroups/sqlcrudtest-2575/providers/Microsoft.Sql/servers/sqlcrudtest-2259/databases/testdb?api-version=2014-04-01",
      "EncodedRequestUri": "L3N1YnNjcmlwdGlvbnMvZjI4ODcyZDYtNGE5My00YmIxLTg0YjktYWVjYjAyYjZhZjRjL3Jlc291cmNlR3JvdXBzL3NxbGNydWR0ZXN0LTI1NzUvcHJvdmlkZXJzL01pY3Jvc29mdC5TcWwvc2VydmVycy9zcWxjcnVkdGVzdC0yMjU5L2RhdGFiYXNlcy90ZXN0ZGI/YXBpLXZlcnNpb249MjAxNC0wNC0wMQ==",
      "RequestMethod": "GET",
      "RequestBody": "",
      "RequestHeaders": {
        "User-Agent": [
          "FxVersion/4.6.25211.01",
          "Microsoft.Azure.Management.Sql.SqlManagementClient/1.4.0.0"
        ]
      },
      "ResponseBody": "{\r\n  \"id\": \"/subscriptions/f28872d6-4a93-4bb1-84b9-aecb02b6af4c/resourceGroups/sqlcrudtest-2575/providers/Microsoft.Sql/servers/sqlcrudtest-2259/databases/testdb\",\r\n  \"name\": \"testdb\",\r\n  \"type\": \"Microsoft.Sql/servers/databases\",\r\n  \"location\": \"Japan East\",\r\n  \"kind\": \"v12.0,user\",\r\n  \"properties\": {\r\n    \"databaseId\": \"52ea1343-0550-4b6d-9570-b3f361507b9a\",\r\n    \"edition\": \"Standard\",\r\n    \"status\": \"Online\",\r\n    \"serviceLevelObjective\": \"S0\",\r\n    \"collation\": \"SQL_Latin1_General_CP1_CI_AS\",\r\n    \"maxSizeBytes\": \"268435456000\",\r\n    \"creationDate\": \"2017-06-01T06:18:18.797Z\",\r\n    \"currentServiceObjectiveId\": \"f1173c43-91bd-4aaa-973c-54e79e15235b\",\r\n    \"requestedServiceObjectiveId\": \"f1173c43-91bd-4aaa-973c-54e79e15235b\",\r\n    \"requestedServiceObjectiveName\": \"S0\",\r\n    \"sampleName\": null,\r\n    \"defaultSecondaryLocation\": \"Japan West\",\r\n    \"earliestRestoreDate\": \"2017-06-01T06:28:45.38Z\",\r\n    \"elasticPoolName\": null,\r\n    \"containmentState\": 2,\r\n    \"readScale\": \"Disabled\",\r\n    \"failoverGroupId\": null\r\n  }\r\n}",
      "ResponseHeaders": {
        "Content-Type": [
          "application/json; odata=minimalmetadata; streaming=true; charset=utf-8"
        ],
        "Cache-Control": [
          "no-store, no-cache"
        ],
        "Date": [
          "Thu, 01 Jun 2017 06:18:49 GMT"
        ],
        "Transfer-Encoding": [
          "chunked"
        ],
        "Server": [
          "Microsoft-HTTPAPI/2.0"
        ],
        "Vary": [
          "Accept-Encoding"
        ],
        "x-ms-request-id": [
          "23108768-1f5b-4d37-8fa5-34ab1747b53c"
        ],
        "X-Content-Type-Options": [
          "nosniff"
        ],
        "DataServiceVersion": [
          "3.0;"
        ],
        "Strict-Transport-Security": [
          "max-age=31536000; includeSubDomains"
        ],
        "x-ms-ratelimit-remaining-subscription-reads": [
          "14996"
        ],
        "x-ms-correlation-request-id": [
          "09612bf0-ec77-4465-b0e5-6512f3d946c4"
        ],
        "x-ms-routing-request-id": [
          "WESTUS:20170601T061850Z:09612bf0-ec77-4465-b0e5-6512f3d946c4"
        ]
      },
      "StatusCode": 200
    },
    {
      "RequestUri": "/subscriptions/f28872d6-4a93-4bb1-84b9-aecb02b6af4c/resourceGroups/sqlcrudtest-2575/providers/Microsoft.Sql/servers/sqlcrudtest-4209?api-version=2015-05-01-preview",
      "EncodedRequestUri": "L3N1YnNjcmlwdGlvbnMvZjI4ODcyZDYtNGE5My00YmIxLTg0YjktYWVjYjAyYjZhZjRjL3Jlc291cmNlR3JvdXBzL3NxbGNydWR0ZXN0LTI1NzUvcHJvdmlkZXJzL01pY3Jvc29mdC5TcWwvc2VydmVycy9zcWxjcnVkdGVzdC00MjA5P2FwaS12ZXJzaW9uPTIwMTUtMDUtMDEtcHJldmlldw==",
      "RequestMethod": "PUT",
      "RequestBody": "{\r\n  \"properties\": {\r\n    \"administratorLogin\": \"dummylogin\",\r\n    \"administratorLoginPassword\": \"Un53cuRE!\",\r\n    \"version\": \"12.0\"\r\n  },\r\n  \"tags\": {},\r\n  \"location\": \"japaneast\"\r\n}",
      "RequestHeaders": {
        "Content-Type": [
          "application/json; charset=utf-8"
        ],
        "Content-Length": [
          "183"
        ],
        "x-ms-client-request-id": [
          "138c5f58-f710-4ac8-925e-bc3388f3ad2d"
        ],
        "accept-language": [
          "en-US"
        ],
        "User-Agent": [
          "FxVersion/4.6.25211.01",
          "Microsoft.Azure.Management.Sql.SqlManagementClient/1.4.0.0"
        ]
      },
      "ResponseBody": "{\r\n  \"operation\": \"UpsertLogicalServer\",\r\n  \"startTime\": \"2017-06-01T06:18:51.12Z\"\r\n}",
      "ResponseHeaders": {
        "Content-Length": [
          "73"
        ],
        "Content-Type": [
          "application/json; charset=utf-8"
        ],
        "Expires": [
          "-1"
        ],
        "Cache-Control": [
          "no-cache"
        ],
        "Date": [
          "Thu, 01 Jun 2017 06:18:50 GMT"
        ],
        "Pragma": [
          "no-cache"
        ],
        "Location": [
          "https://management.azure.com/subscriptions/f28872d6-4a93-4bb1-84b9-aecb02b6af4c/providers/Microsoft.Sql/locations/japaneast/serverOperationResults/c3cc8513-e90e-420b-9ec7-7a5c10d7d038?api-version=2015-05-01-preview"
        ],
        "Retry-After": [
          "60"
        ],
        "Server": [
          "Microsoft-HTTPAPI/2.0"
        ],
        "Azure-AsyncOperation": [
          "https://management.azure.com/subscriptions/f28872d6-4a93-4bb1-84b9-aecb02b6af4c/providers/Microsoft.Sql/locations/japaneast/serverAzureAsyncOperation/c3cc8513-e90e-420b-9ec7-7a5c10d7d038?api-version=2015-05-01-preview"
        ],
        "x-ms-request-id": [
          "c3cc8513-e90e-420b-9ec7-7a5c10d7d038"
        ],
        "x-ms-ratelimit-remaining-subscription-writes": [
          "1196"
        ],
        "x-ms-correlation-request-id": [
          "e8d5b6c0-bc05-4e80-be20-433a18e81a02"
        ],
        "x-ms-routing-request-id": [
          "WESTUS:20170601T061850Z:e8d5b6c0-bc05-4e80-be20-433a18e81a02"
        ],
        "Strict-Transport-Security": [
          "max-age=31536000; includeSubDomains"
        ]
      },
      "StatusCode": 202
    },
    {
      "RequestUri": "/subscriptions/f28872d6-4a93-4bb1-84b9-aecb02b6af4c/providers/Microsoft.Sql/locations/japaneast/serverAzureAsyncOperation/c3cc8513-e90e-420b-9ec7-7a5c10d7d038?api-version=2015-05-01-preview",
      "EncodedRequestUri": "L3N1YnNjcmlwdGlvbnMvZjI4ODcyZDYtNGE5My00YmIxLTg0YjktYWVjYjAyYjZhZjRjL3Byb3ZpZGVycy9NaWNyb3NvZnQuU3FsL2xvY2F0aW9ucy9qYXBhbmVhc3Qvc2VydmVyQXp1cmVBc3luY09wZXJhdGlvbi9jM2NjODUxMy1lOTBlLTQyMGItOWVjNy03YTVjMTBkN2QwMzg/YXBpLXZlcnNpb249MjAxNS0wNS0wMS1wcmV2aWV3",
      "RequestMethod": "GET",
      "RequestBody": "",
      "RequestHeaders": {
        "User-Agent": [
          "FxVersion/4.6.25211.01",
          "Microsoft.Azure.Management.Sql.SqlManagementClient/1.4.0.0"
        ]
      },
      "ResponseBody": "{\r\n  \"name\": \"c3cc8513-e90e-420b-9ec7-7a5c10d7d038\",\r\n  \"status\": \"Succeeded\",\r\n  \"startTime\": \"2017-06-01T06:18:51.12Z\"\r\n}",
      "ResponseHeaders": {
        "Content-Type": [
          "application/json; charset=utf-8"
        ],
        "Expires": [
          "-1"
        ],
        "Cache-Control": [
          "no-cache"
        ],
        "Date": [
          "Thu, 01 Jun 2017 06:19:20 GMT"
        ],
        "Pragma": [
          "no-cache"
        ],
        "Transfer-Encoding": [
          "chunked"
        ],
        "Server": [
          "Microsoft-HTTPAPI/2.0"
        ],
        "Vary": [
          "Accept-Encoding"
        ],
        "x-ms-request-id": [
          "23b8328b-2688-4b90-b89d-006f6d9b4bb3"
        ],
        "x-ms-ratelimit-remaining-subscription-reads": [
          "14995"
        ],
        "x-ms-correlation-request-id": [
          "581379d4-9b1b-43b3-81f8-e0cf7f67a905"
        ],
        "x-ms-routing-request-id": [
          "WESTUS:20170601T061921Z:581379d4-9b1b-43b3-81f8-e0cf7f67a905"
        ],
        "Strict-Transport-Security": [
          "max-age=31536000; includeSubDomains"
        ]
      },
      "StatusCode": 200
    },
    {
      "RequestUri": "/subscriptions/f28872d6-4a93-4bb1-84b9-aecb02b6af4c/resourceGroups/sqlcrudtest-2575/providers/Microsoft.Sql/servers/sqlcrudtest-4209?api-version=2015-05-01-preview",
      "EncodedRequestUri": "L3N1YnNjcmlwdGlvbnMvZjI4ODcyZDYtNGE5My00YmIxLTg0YjktYWVjYjAyYjZhZjRjL3Jlc291cmNlR3JvdXBzL3NxbGNydWR0ZXN0LTI1NzUvcHJvdmlkZXJzL01pY3Jvc29mdC5TcWwvc2VydmVycy9zcWxjcnVkdGVzdC00MjA5P2FwaS12ZXJzaW9uPTIwMTUtMDUtMDEtcHJldmlldw==",
      "RequestMethod": "GET",
      "RequestBody": "",
      "RequestHeaders": {
        "User-Agent": [
          "FxVersion/4.6.25211.01",
          "Microsoft.Azure.Management.Sql.SqlManagementClient/1.4.0.0"
        ]
      },
      "ResponseBody": "{\r\n  \"id\": \"/subscriptions/f28872d6-4a93-4bb1-84b9-aecb02b6af4c/resourceGroups/sqlcrudtest-2575/providers/Microsoft.Sql/servers/sqlcrudtest-4209\",\r\n  \"name\": \"sqlcrudtest-4209\",\r\n  \"type\": \"Microsoft.Sql/servers\",\r\n  \"location\": \"japaneast\",\r\n  \"kind\": \"v12.0\",\r\n  \"tags\": {},\r\n  \"properties\": {\r\n    \"administratorLogin\": \"dummylogin\",\r\n    \"version\": \"12.0\",\r\n    \"state\": \"Ready\",\r\n    \"fullyQualifiedDomainName\": \"sqlcrudtest-4209.database.windows.net\"\r\n  }\r\n}",
      "ResponseHeaders": {
        "Content-Type": [
          "application/json; charset=utf-8"
        ],
        "Expires": [
          "-1"
        ],
        "Cache-Control": [
          "no-cache"
        ],
        "Date": [
          "Thu, 01 Jun 2017 06:19:20 GMT"
        ],
        "Pragma": [
          "no-cache"
        ],
        "Transfer-Encoding": [
          "chunked"
        ],
        "Server": [
          "Microsoft-HTTPAPI/2.0"
        ],
        "Vary": [
          "Accept-Encoding"
        ],
        "x-ms-request-id": [
          "02b53856-2430-4113-a9d1-e62d206b7a25"
        ],
        "x-ms-ratelimit-remaining-subscription-reads": [
          "14994"
        ],
        "x-ms-correlation-request-id": [
          "168ea762-3e21-4d38-995d-73235674db03"
        ],
        "x-ms-routing-request-id": [
          "WESTUS:20170601T061921Z:168ea762-3e21-4d38-995d-73235674db03"
        ],
        "Strict-Transport-Security": [
          "max-age=31536000; includeSubDomains"
        ]
      },
      "StatusCode": 200
    },
    {
      "RequestUri": "/subscriptions/f28872d6-4a93-4bb1-84b9-aecb02b6af4c/resourceGroups/sqlcrudtest-2575/providers/Microsoft.Sql/servers/sqlcrudtest-4209/databases/testdb?api-version=2014-04-01",
      "EncodedRequestUri": "L3N1YnNjcmlwdGlvbnMvZjI4ODcyZDYtNGE5My00YmIxLTg0YjktYWVjYjAyYjZhZjRjL3Jlc291cmNlR3JvdXBzL3NxbGNydWR0ZXN0LTI1NzUvcHJvdmlkZXJzL01pY3Jvc29mdC5TcWwvc2VydmVycy9zcWxjcnVkdGVzdC00MjA5L2RhdGFiYXNlcy90ZXN0ZGI/YXBpLXZlcnNpb249MjAxNC0wNC0wMQ==",
      "RequestMethod": "PUT",
      "RequestBody": "{\r\n  \"properties\": {\r\n    \"createMode\": \"OnlineSecondary\",\r\n    \"sourceDatabaseId\": \"/subscriptions/f28872d6-4a93-4bb1-84b9-aecb02b6af4c/resourceGroups/sqlcrudtest-2575/providers/Microsoft.Sql/servers/sqlcrudtest-2259/databases/testdb\"\r\n  },\r\n  \"location\": \"japaneast\"\r\n}",
      "RequestHeaders": {
        "Content-Type": [
          "application/json; charset=utf-8"
        ],
        "Content-Length": [
          "271"
        ],
        "x-ms-client-request-id": [
          "25fd91a5-acb2-424c-82b6-1b0155f8698f"
        ],
        "accept-language": [
          "en-US"
        ],
        "User-Agent": [
          "FxVersion/4.6.25211.01",
          "Microsoft.Azure.Management.Sql.SqlManagementClient/1.4.0.0"
        ]
      },
      "ResponseBody": "{\r\n  \"operation\": \"CreateDatabaseAsCopy\",\r\n  \"startTime\": \"2017-05-31T23:19:21.866-07:00\"\r\n}",
      "ResponseHeaders": {
        "Content-Length": [
          "79"
        ],
        "Content-Type": [
          "application/json; odata=minimalmetadata; streaming=true; charset=utf-8"
        ],
        "Cache-Control": [
          "no-store, no-cache"
        ],
        "Date": [
          "Thu, 01 Jun 2017 06:19:21 GMT"
        ],
        "Location": [
          "https://management.azure.com/subscriptions/f28872d6-4a93-4bb1-84b9-aecb02b6af4c/resourceGroups/sqlcrudtest-2575/providers/Microsoft.Sql/servers/sqlcrudtest-4209/databases/testdb/operationResults/355fd739-eef7-4666-bbd8-0d2300e5151c?api-version=2014-04-01-Preview"
        ],
        "Retry-After": [
          "10"
        ],
        "Server": [
          "Microsoft-HTTPAPI/2.0"
        ],
        "x-ms-request-id": [
          "355fd739-eef7-4666-bbd8-0d2300e5151c"
        ],
        "X-Content-Type-Options": [
          "nosniff"
        ],
        "Preference-Applied": [
          "return-content"
        ],
        "DataServiceVersion": [
          "3.0;"
        ],
        "Strict-Transport-Security": [
          "max-age=31536000; includeSubDomains"
        ],
        "Azure-AsyncOperation": [
          "https://management.azure.com/subscriptions/f28872d6-4a93-4bb1-84b9-aecb02b6af4c/resourceGroups/sqlcrudtest-2575/providers/Microsoft.Sql/servers/sqlcrudtest-4209/databases/testdb/azureAsyncOperation/355fd739-eef7-4666-bbd8-0d2300e5151c?api-version=2014-04-01-Preview"
        ],
        "x-ms-ratelimit-remaining-subscription-writes": [
          "1195"
        ],
        "x-ms-correlation-request-id": [
          "3c4e8fd9-9239-4ac4-9e2a-8bf03880bc84"
        ],
        "x-ms-routing-request-id": [
          "WESTUS:20170601T061922Z:3c4e8fd9-9239-4ac4-9e2a-8bf03880bc84"
        ]
      },
      "StatusCode": 202
    },
    {
      "RequestUri": "/subscriptions/f28872d6-4a93-4bb1-84b9-aecb02b6af4c/resourceGroups/sqlcrudtest-2575/providers/Microsoft.Sql/servers/sqlcrudtest-4209/databases/testdb/azureAsyncOperation/355fd739-eef7-4666-bbd8-0d2300e5151c?api-version=2014-04-01-Preview",
      "EncodedRequestUri": "L3N1YnNjcmlwdGlvbnMvZjI4ODcyZDYtNGE5My00YmIxLTg0YjktYWVjYjAyYjZhZjRjL3Jlc291cmNlR3JvdXBzL3NxbGNydWR0ZXN0LTI1NzUvcHJvdmlkZXJzL01pY3Jvc29mdC5TcWwvc2VydmVycy9zcWxjcnVkdGVzdC00MjA5L2RhdGFiYXNlcy90ZXN0ZGIvYXp1cmVBc3luY09wZXJhdGlvbi8zNTVmZDczOS1lZWY3LTQ2NjYtYmJkOC0wZDIzMDBlNTE1MWM/YXBpLXZlcnNpb249MjAxNC0wNC0wMS1QcmV2aWV3",
      "RequestMethod": "GET",
      "RequestBody": "",
      "RequestHeaders": {
        "User-Agent": [
          "FxVersion/4.6.25211.01",
          "Microsoft.Azure.Management.Sql.SqlManagementClient/1.4.0.0"
        ]
      },
      "ResponseBody": "{\r\n  \"operationId\": \"355fd739-eef7-4666-bbd8-0d2300e5151c\",\r\n  \"status\": \"InProgress\",\r\n  \"error\": null\r\n}",
      "ResponseHeaders": {
        "Content-Type": [
          "application/json; odata=minimalmetadata; streaming=true; charset=utf-8"
        ],
        "Cache-Control": [
          "no-store, no-cache"
        ],
        "Date": [
          "Thu, 01 Jun 2017 06:19:52 GMT"
        ],
        "Transfer-Encoding": [
          "chunked"
        ],
        "Server": [
          "Microsoft-HTTPAPI/2.0"
        ],
        "Vary": [
          "Accept-Encoding"
        ],
        "x-ms-request-id": [
          "1498a522-a369-4b3b-8374-5ebbb31d43e0"
        ],
        "X-Content-Type-Options": [
          "nosniff"
        ],
        "DataServiceVersion": [
          "3.0;"
        ],
        "Strict-Transport-Security": [
          "max-age=31536000; includeSubDomains"
        ],
        "Azure-AsyncOperation": [
          "https://management.azure.com/subscriptions/f28872d6-4a93-4bb1-84b9-aecb02b6af4c/resourceGroups/sqlcrudtest-2575/providers/Microsoft.Sql/servers/sqlcrudtest-4209/databases/testdb/azureAsyncOperation/355fd739-eef7-4666-bbd8-0d2300e5151c?api-version=2014-04-01-Preview"
        ],
        "x-ms-ratelimit-remaining-subscription-reads": [
          "14993"
        ],
        "x-ms-correlation-request-id": [
          "5430e93f-2081-416c-8333-1b7e3a0e542f"
        ],
        "x-ms-routing-request-id": [
          "WESTUS:20170601T061953Z:5430e93f-2081-416c-8333-1b7e3a0e542f"
        ]
      },
      "StatusCode": 200
    },
    {
      "RequestUri": "/subscriptions/f28872d6-4a93-4bb1-84b9-aecb02b6af4c/resourceGroups/sqlcrudtest-2575/providers/Microsoft.Sql/servers/sqlcrudtest-4209/databases/testdb/azureAsyncOperation/355fd739-eef7-4666-bbd8-0d2300e5151c?api-version=2014-04-01-Preview",
      "EncodedRequestUri": "L3N1YnNjcmlwdGlvbnMvZjI4ODcyZDYtNGE5My00YmIxLTg0YjktYWVjYjAyYjZhZjRjL3Jlc291cmNlR3JvdXBzL3NxbGNydWR0ZXN0LTI1NzUvcHJvdmlkZXJzL01pY3Jvc29mdC5TcWwvc2VydmVycy9zcWxjcnVkdGVzdC00MjA5L2RhdGFiYXNlcy90ZXN0ZGIvYXp1cmVBc3luY09wZXJhdGlvbi8zNTVmZDczOS1lZWY3LTQ2NjYtYmJkOC0wZDIzMDBlNTE1MWM/YXBpLXZlcnNpb249MjAxNC0wNC0wMS1QcmV2aWV3",
      "RequestMethod": "GET",
      "RequestBody": "",
      "RequestHeaders": {
        "User-Agent": [
          "FxVersion/4.6.25211.01",
          "Microsoft.Azure.Management.Sql.SqlManagementClient/1.4.0.0"
        ]
      },
      "ResponseBody": "{\r\n  \"operationId\": \"355fd739-eef7-4666-bbd8-0d2300e5151c\",\r\n  \"status\": \"Succeeded\",\r\n  \"error\": null\r\n}",
      "ResponseHeaders": {
        "Content-Type": [
          "application/json; odata=minimalmetadata; streaming=true; charset=utf-8"
        ],
        "Cache-Control": [
          "no-store, no-cache"
        ],
        "Date": [
          "Thu, 01 Jun 2017 06:20:23 GMT"
        ],
        "Transfer-Encoding": [
          "chunked"
        ],
        "Server": [
          "Microsoft-HTTPAPI/2.0"
        ],
        "Vary": [
          "Accept-Encoding"
        ],
        "x-ms-request-id": [
          "f3ef90a6-18c6-494b-8d47-1c1b03522499"
        ],
        "X-Content-Type-Options": [
          "nosniff"
        ],
        "DataServiceVersion": [
          "3.0;"
        ],
        "Strict-Transport-Security": [
          "max-age=31536000; includeSubDomains"
        ],
        "Azure-AsyncOperation": [
          "https://management.azure.com/subscriptions/f28872d6-4a93-4bb1-84b9-aecb02b6af4c/resourceGroups/sqlcrudtest-2575/providers/Microsoft.Sql/servers/sqlcrudtest-4209/databases/testdb/azureAsyncOperation/355fd739-eef7-4666-bbd8-0d2300e5151c?api-version=2014-04-01-Preview"
        ],
        "x-ms-ratelimit-remaining-subscription-reads": [
          "14992"
        ],
        "x-ms-correlation-request-id": [
          "c6dfb18e-3c79-4e18-8004-fabbdb29b81b"
        ],
        "x-ms-routing-request-id": [
          "WESTUS:20170601T062023Z:c6dfb18e-3c79-4e18-8004-fabbdb29b81b"
        ]
      },
      "StatusCode": 200
    },
    {
      "RequestUri": "/subscriptions/f28872d6-4a93-4bb1-84b9-aecb02b6af4c/resourceGroups/sqlcrudtest-2575/providers/Microsoft.Sql/servers/sqlcrudtest-4209/databases/testdb?api-version=2014-04-01",
      "EncodedRequestUri": "L3N1YnNjcmlwdGlvbnMvZjI4ODcyZDYtNGE5My00YmIxLTg0YjktYWVjYjAyYjZhZjRjL3Jlc291cmNlR3JvdXBzL3NxbGNydWR0ZXN0LTI1NzUvcHJvdmlkZXJzL01pY3Jvc29mdC5TcWwvc2VydmVycy9zcWxjcnVkdGVzdC00MjA5L2RhdGFiYXNlcy90ZXN0ZGI/YXBpLXZlcnNpb249MjAxNC0wNC0wMQ==",
      "RequestMethod": "GET",
      "RequestBody": "",
      "RequestHeaders": {
        "User-Agent": [
          "FxVersion/4.6.25211.01",
          "Microsoft.Azure.Management.Sql.SqlManagementClient/1.4.0.0"
        ]
      },
      "ResponseBody": "{\r\n  \"id\": \"/subscriptions/f28872d6-4a93-4bb1-84b9-aecb02b6af4c/resourceGroups/sqlcrudtest-2575/providers/Microsoft.Sql/servers/sqlcrudtest-4209/databases/testdb\",\r\n  \"name\": \"testdb\",\r\n  \"type\": \"Microsoft.Sql/servers/databases\",\r\n  \"location\": \"Japan East\",\r\n  \"kind\": \"v12.0,user\",\r\n  \"properties\": {\r\n    \"databaseId\": \"31628584-13c6-4f36-b863-ad3ec635f096\",\r\n    \"edition\": \"Standard\",\r\n    \"status\": \"Online\",\r\n    \"serviceLevelObjective\": \"S0\",\r\n    \"collation\": \"SQL_Latin1_General_CP1_CI_AS\",\r\n    \"maxSizeBytes\": \"268435456000\",\r\n    \"creationDate\": \"2017-06-01T06:19:21.35Z\",\r\n    \"currentServiceObjectiveId\": \"f1173c43-91bd-4aaa-973c-54e79e15235b\",\r\n    \"requestedServiceObjectiveId\": \"f1173c43-91bd-4aaa-973c-54e79e15235b\",\r\n    \"requestedServiceObjectiveName\": \"S0\",\r\n    \"sampleName\": null,\r\n    \"defaultSecondaryLocation\": \"Japan West\",\r\n    \"earliestRestoreDate\": \"2017-06-01T06:30:14.42Z\",\r\n    \"elasticPoolName\": null,\r\n    \"containmentState\": 2,\r\n    \"readScale\": \"Disabled\",\r\n    \"failoverGroupId\": null\r\n  }\r\n}",
      "ResponseHeaders": {
        "Content-Type": [
          "application/json; odata=minimalmetadata; streaming=true; charset=utf-8"
        ],
        "Cache-Control": [
          "no-store, no-cache"
        ],
        "Date": [
          "Thu, 01 Jun 2017 06:20:24 GMT"
        ],
        "Transfer-Encoding": [
          "chunked"
        ],
        "Server": [
          "Microsoft-HTTPAPI/2.0"
        ],
        "Vary": [
          "Accept-Encoding"
        ],
        "x-ms-request-id": [
          "0116d938-9b2e-4ff9-b1e8-eee992a48b41"
        ],
        "X-Content-Type-Options": [
          "nosniff"
        ],
        "DataServiceVersion": [
          "3.0;"
        ],
        "Strict-Transport-Security": [
          "max-age=31536000; includeSubDomains"
        ],
        "x-ms-ratelimit-remaining-subscription-reads": [
          "14991"
        ],
        "x-ms-correlation-request-id": [
          "65dfaec0-a563-4522-b23d-579c5c036657"
        ],
        "x-ms-routing-request-id": [
          "WESTUS:20170601T062024Z:65dfaec0-a563-4522-b23d-579c5c036657"
        ]
      },
      "StatusCode": 200
    },
    {
      "RequestUri": "/subscriptions/f28872d6-4a93-4bb1-84b9-aecb02b6af4c/resourceGroups/sqlcrudtest-2575/providers/Microsoft.Sql/servers/sqlcrudtest-4209/databases/testdb/replicationLinks?api-version=2014-04-01",
      "EncodedRequestUri": "L3N1YnNjcmlwdGlvbnMvZjI4ODcyZDYtNGE5My00YmIxLTg0YjktYWVjYjAyYjZhZjRjL3Jlc291cmNlR3JvdXBzL3NxbGNydWR0ZXN0LTI1NzUvcHJvdmlkZXJzL01pY3Jvc29mdC5TcWwvc2VydmVycy9zcWxjcnVkdGVzdC00MjA5L2RhdGFiYXNlcy90ZXN0ZGIvcmVwbGljYXRpb25MaW5rcz9hcGktdmVyc2lvbj0yMDE0LTA0LTAx",
      "RequestMethod": "GET",
      "RequestBody": "",
      "RequestHeaders": {
        "x-ms-client-request-id": [
          "380ff11b-c56b-4670-ac2d-3667a8fe2800"
        ],
        "accept-language": [
          "en-US"
        ],
        "User-Agent": [
          "FxVersion/4.6.25211.01",
          "Microsoft.Azure.Management.Sql.SqlManagementClient/1.4.0.0"
        ]
      },
      "ResponseBody": "{\r\n  \"value\": [\r\n    {\r\n      \"id\": \"/subscriptions/f28872d6-4a93-4bb1-84b9-aecb02b6af4c/resourceGroups/sqlcrudtest-2575/providers/Microsoft.Sql/servers/sqlcrudtest-4209/databases/testdb/replicationLinks/fdd7f138-3edd-4870-9975-723e04e17ea2\",\r\n      \"name\": \"fdd7f138-3edd-4870-9975-723e04e17ea2\",\r\n      \"type\": \"Microsoft.Sql/servers/databases/replicationLinks\",\r\n      \"location\": \"Japan East\",\r\n      \"properties\": {\r\n        \"partnerServer\": \"sqlcrudtest-2259\",\r\n        \"partnerDatabase\": \"testdb\",\r\n        \"partnerLocation\": \"Japan East\",\r\n        \"role\": \"Secondary\",\r\n        \"partnerRole\": \"Primary\",\r\n        \"replicationMode\": \"ASYNC\",\r\n        \"startTime\": \"2017-06-01T06:19:41.603\",\r\n        \"percentComplete\": 100,\r\n        \"replicationState\": \"CATCH_UP\",\r\n        \"isTerminationAllowed\": true\r\n      }\r\n    }\r\n  ]\r\n}",
      "ResponseHeaders": {
        "Content-Type": [
          "application/json; odata=minimalmetadata; streaming=true; charset=utf-8"
        ],
        "Cache-Control": [
          "no-store, no-cache"
        ],
        "Date": [
          "Thu, 01 Jun 2017 06:20:24 GMT"
        ],
        "Transfer-Encoding": [
          "chunked"
        ],
        "Server": [
          "Microsoft-HTTPAPI/2.0"
        ],
        "Vary": [
          "Accept-Encoding"
        ],
        "x-ms-request-id": [
          "d3fb6d8a-64de-4f50-91ed-0cdbe2c790f5"
        ],
        "X-Content-Type-Options": [
          "nosniff"
        ],
        "DataServiceVersion": [
          "3.0;"
        ],
        "Strict-Transport-Security": [
          "max-age=31536000; includeSubDomains"
        ],
        "x-ms-ratelimit-remaining-subscription-reads": [
          "14990"
        ],
        "x-ms-correlation-request-id": [
          "6ea95bee-bc8d-405d-b2a5-f491d265669c"
        ],
        "x-ms-routing-request-id": [
          "WESTUS:20170601T062024Z:6ea95bee-bc8d-405d-b2a5-f491d265669c"
        ]
      },
      "StatusCode": 200
    },
    {
      "RequestUri": "/subscriptions/f28872d6-4a93-4bb1-84b9-aecb02b6af4c/resourceGroups/sqlcrudtest-2575/providers/Microsoft.Sql/servers/sqlcrudtest-4209/databases/testdb/replicationLinks/fdd7f138-3edd-4870-9975-723e04e17ea2?api-version=2014-04-01",
      "EncodedRequestUri": "L3N1YnNjcmlwdGlvbnMvZjI4ODcyZDYtNGE5My00YmIxLTg0YjktYWVjYjAyYjZhZjRjL3Jlc291cmNlR3JvdXBzL3NxbGNydWR0ZXN0LTI1NzUvcHJvdmlkZXJzL01pY3Jvc29mdC5TcWwvc2VydmVycy9zcWxjcnVkdGVzdC00MjA5L2RhdGFiYXNlcy90ZXN0ZGIvcmVwbGljYXRpb25MaW5rcy9mZGQ3ZjEzOC0zZWRkLTQ4NzAtOTk3NS03MjNlMDRlMTdlYTI/YXBpLXZlcnNpb249MjAxNC0wNC0wMQ==",
      "RequestMethod": "GET",
      "RequestBody": "",
      "RequestHeaders": {
        "x-ms-client-request-id": [
          "57fedf32-6120-40f0-abe2-175276a1359e"
        ],
        "accept-language": [
          "en-US"
        ],
        "User-Agent": [
          "FxVersion/4.6.25211.01",
          "Microsoft.Azure.Management.Sql.SqlManagementClient/1.4.0.0"
        ]
      },
      "ResponseBody": "{\r\n  \"id\": \"/subscriptions/f28872d6-4a93-4bb1-84b9-aecb02b6af4c/resourceGroups/sqlcrudtest-2575/providers/Microsoft.Sql/servers/sqlcrudtest-4209/databases/testdb/replicationLinks/fdd7f138-3edd-4870-9975-723e04e17ea2\",\r\n  \"name\": \"fdd7f138-3edd-4870-9975-723e04e17ea2\",\r\n  \"type\": \"Microsoft.Sql/servers/databases/replicationLinks\",\r\n  \"location\": \"Japan East\",\r\n  \"properties\": {\r\n    \"partnerServer\": \"sqlcrudtest-2259\",\r\n    \"partnerDatabase\": \"testdb\",\r\n    \"partnerLocation\": \"Japan East\",\r\n    \"role\": \"Secondary\",\r\n    \"partnerRole\": \"Primary\",\r\n    \"replicationMode\": \"ASYNC\",\r\n    \"startTime\": \"2017-06-01T06:19:41.603\",\r\n    \"percentComplete\": 100,\r\n    \"replicationState\": \"CATCH_UP\",\r\n    \"isTerminationAllowed\": true\r\n  }\r\n}",
      "ResponseHeaders": {
        "Content-Type": [
          "application/json; odata=minimalmetadata; streaming=true; charset=utf-8"
        ],
        "Cache-Control": [
          "no-store, no-cache"
        ],
        "Date": [
          "Thu, 01 Jun 2017 06:20:24 GMT"
        ],
        "Transfer-Encoding": [
          "chunked"
        ],
        "Server": [
          "Microsoft-HTTPAPI/2.0"
        ],
        "Vary": [
          "Accept-Encoding"
        ],
        "x-ms-request-id": [
          "a44b2322-59a8-43ac-b57b-0e5510cb027e"
        ],
        "X-Content-Type-Options": [
          "nosniff"
        ],
        "DataServiceVersion": [
          "3.0;"
        ],
        "Strict-Transport-Security": [
          "max-age=31536000; includeSubDomains"
        ],
        "x-ms-ratelimit-remaining-subscription-reads": [
          "14989"
        ],
        "x-ms-correlation-request-id": [
          "8f7f1676-5d7f-408d-b6fa-7205a85cc17a"
        ],
        "x-ms-routing-request-id": [
          "WESTUS:20170601T062024Z:8f7f1676-5d7f-408d-b6fa-7205a85cc17a"
        ]
      },
      "StatusCode": 200
    },
    {
      "RequestUri": "/subscriptions/f28872d6-4a93-4bb1-84b9-aecb02b6af4c/resourceGroups/sqlcrudtest-2575/providers/Microsoft.Sql/servers/sqlcrudtest-4209/databases/testdb/replicationLinks/fdd7f138-3edd-4870-9975-723e04e17ea2?api-version=2014-04-01",
      "EncodedRequestUri": "L3N1YnNjcmlwdGlvbnMvZjI4ODcyZDYtNGE5My00YmIxLTg0YjktYWVjYjAyYjZhZjRjL3Jlc291cmNlR3JvdXBzL3NxbGNydWR0ZXN0LTI1NzUvcHJvdmlkZXJzL01pY3Jvc29mdC5TcWwvc2VydmVycy9zcWxjcnVkdGVzdC00MjA5L2RhdGFiYXNlcy90ZXN0ZGIvcmVwbGljYXRpb25MaW5rcy9mZGQ3ZjEzOC0zZWRkLTQ4NzAtOTk3NS03MjNlMDRlMTdlYTI/YXBpLXZlcnNpb249MjAxNC0wNC0wMQ==",
      "RequestMethod": "GET",
      "RequestBody": "",
      "RequestHeaders": {
        "x-ms-client-request-id": [
          "7483b3d5-18a8-4c21-807f-1c096fa31888"
        ],
        "accept-language": [
          "en-US"
        ],
        "User-Agent": [
          "FxVersion/4.6.25211.01",
          "Microsoft.Azure.Management.Sql.SqlManagementClient/1.4.0.0"
        ]
      },
      "ResponseBody": "{\r\n  \"id\": \"/subscriptions/f28872d6-4a93-4bb1-84b9-aecb02b6af4c/resourceGroups/sqlcrudtest-2575/providers/Microsoft.Sql/servers/sqlcrudtest-4209/databases/testdb/replicationLinks/fdd7f138-3edd-4870-9975-723e04e17ea2\",\r\n  \"name\": \"fdd7f138-3edd-4870-9975-723e04e17ea2\",\r\n  \"type\": \"Microsoft.Sql/servers/databases/replicationLinks\",\r\n  \"location\": \"Japan East\",\r\n  \"properties\": {\r\n    \"partnerServer\": \"sqlcrudtest-2259\",\r\n    \"partnerDatabase\": \"testdb\",\r\n    \"partnerLocation\": \"Japan East\",\r\n    \"role\": \"Primary\",\r\n    \"partnerRole\": \"Secondary\",\r\n    \"replicationMode\": \"ASYNC\",\r\n    \"startTime\": \"2017-06-01T06:19:41.603\",\r\n    \"percentComplete\": 100,\r\n    \"replicationState\": \"CATCH_UP\",\r\n    \"isTerminationAllowed\": true\r\n  }\r\n}",
      "ResponseHeaders": {
        "Content-Type": [
          "application/json; odata=minimalmetadata; streaming=true; charset=utf-8"
        ],
        "Cache-Control": [
          "no-store, no-cache"
        ],
        "Date": [
          "Thu, 01 Jun 2017 06:21:28 GMT"
        ],
        "Transfer-Encoding": [
          "chunked"
        ],
        "Server": [
          "Microsoft-HTTPAPI/2.0"
        ],
        "Vary": [
          "Accept-Encoding"
        ],
        "x-ms-request-id": [
          "a4765171-a0ae-4b3e-840c-62711b7fcfe3"
        ],
        "X-Content-Type-Options": [
          "nosniff"
        ],
        "DataServiceVersion": [
          "3.0;"
        ],
        "Strict-Transport-Security": [
          "max-age=31536000; includeSubDomains"
        ],
        "x-ms-ratelimit-remaining-subscription-reads": [
          "14986"
        ],
        "x-ms-correlation-request-id": [
          "10f52eda-eebf-44e6-8220-ed1c22fdb24c"
        ],
        "x-ms-routing-request-id": [
          "WESTUS:20170601T062128Z:10f52eda-eebf-44e6-8220-ed1c22fdb24c"
        ]
      },
      "StatusCode": 200
    },
    {
      "RequestUri": "/subscriptions/f28872d6-4a93-4bb1-84b9-aecb02b6af4c/resourceGroups/sqlcrudtest-2575/providers/Microsoft.Sql/servers/sqlcrudtest-4209/databases/testdb/replicationLinks/fdd7f138-3edd-4870-9975-723e04e17ea2/failover?api-version=2014-04-01",
      "EncodedRequestUri": "L3N1YnNjcmlwdGlvbnMvZjI4ODcyZDYtNGE5My00YmIxLTg0YjktYWVjYjAyYjZhZjRjL3Jlc291cmNlR3JvdXBzL3NxbGNydWR0ZXN0LTI1NzUvcHJvdmlkZXJzL01pY3Jvc29mdC5TcWwvc2VydmVycy9zcWxjcnVkdGVzdC00MjA5L2RhdGFiYXNlcy90ZXN0ZGIvcmVwbGljYXRpb25MaW5rcy9mZGQ3ZjEzOC0zZWRkLTQ4NzAtOTk3NS03MjNlMDRlMTdlYTIvZmFpbG92ZXI/YXBpLXZlcnNpb249MjAxNC0wNC0wMQ==",
      "RequestMethod": "POST",
      "RequestBody": "",
      "RequestHeaders": {
        "x-ms-client-request-id": [
          "220486e2-ddb6-461e-900a-f0dd1383038c"
        ],
        "accept-language": [
          "en-US"
        ],
        "User-Agent": [
          "FxVersion/4.6.25211.01",
          "Microsoft.Azure.Management.Sql.SqlManagementClient/1.4.0.0"
        ]
      },
      "ResponseBody": "{\r\n  \"operation\": \"FailoverContinuousCopy\",\r\n  \"startTime\": \"2017-06-01T06:20:25.383Z\"\r\n}",
      "ResponseHeaders": {
        "Content-Length": [
          "76"
        ],
        "Content-Type": [
          "application/xml; charset=utf-8"
        ],
        "Cache-Control": [
          "no-store, no-cache"
        ],
        "Date": [
          "Thu, 01 Jun 2017 06:20:26 GMT"
        ],
        "Location": [
          "https://management.azure.com/subscriptions/f28872d6-4a93-4bb1-84b9-aecb02b6af4c/resourceGroups/sqlcrudtest-2575/providers/Microsoft.Sql/servers/sqlcrudtest-4209/databases/testdb/replicationLinks/fdd7f138-3edd-4870-9975-723e04e17ea2/operationResults/f9264558-04a6-45e9-9e4a-4669633eaaf8?api-version=2014-04-01-Preview"
        ],
        "Retry-After": [
          "5"
        ],
        "Server": [
          "Microsoft-HTTPAPI/2.0"
        ],
        "x-ms-request-id": [
          "f9264558-04a6-45e9-9e4a-4669633eaaf8"
        ],
        "X-Content-Type-Options": [
          "nosniff"
        ],
        "Preference-Applied": [
          "return-content"
        ],
        "DataServiceVersion": [
          "3.0;"
        ],
        "Strict-Transport-Security": [
          "max-age=31536000; includeSubDomains"
        ],
        "x-ms-ratelimit-remaining-subscription-writes": [
          "1194"
        ],
        "x-ms-correlation-request-id": [
          "b825f597-9a33-434c-a8af-c0e4fe3f30fa"
        ],
        "x-ms-routing-request-id": [
          "WESTUS:20170601T062026Z:b825f597-9a33-434c-a8af-c0e4fe3f30fa"
        ]
      },
      "StatusCode": 202
    },
    {
      "RequestUri": "/subscriptions/f28872d6-4a93-4bb1-84b9-aecb02b6af4c/resourceGroups/sqlcrudtest-2575/providers/Microsoft.Sql/servers/sqlcrudtest-4209/databases/testdb/replicationLinks/fdd7f138-3edd-4870-9975-723e04e17ea2/operationResults/f9264558-04a6-45e9-9e4a-4669633eaaf8?api-version=2014-04-01-Preview",
      "EncodedRequestUri": "L3N1YnNjcmlwdGlvbnMvZjI4ODcyZDYtNGE5My00YmIxLTg0YjktYWVjYjAyYjZhZjRjL3Jlc291cmNlR3JvdXBzL3NxbGNydWR0ZXN0LTI1NzUvcHJvdmlkZXJzL01pY3Jvc29mdC5TcWwvc2VydmVycy9zcWxjcnVkdGVzdC00MjA5L2RhdGFiYXNlcy90ZXN0ZGIvcmVwbGljYXRpb25MaW5rcy9mZGQ3ZjEzOC0zZWRkLTQ4NzAtOTk3NS03MjNlMDRlMTdlYTIvb3BlcmF0aW9uUmVzdWx0cy9mOTI2NDU1OC0wNGE2LTQ1ZTktOWU0YS00NjY5NjMzZWFhZjg/YXBpLXZlcnNpb249MjAxNC0wNC0wMS1QcmV2aWV3",
      "RequestMethod": "GET",
      "RequestBody": "",
      "RequestHeaders": {
        "User-Agent": [
          "FxVersion/4.6.25211.01",
          "Microsoft.Azure.Management.Sql.SqlManagementClient/1.4.0.0"
        ]
      },
      "ResponseBody": "{\r\n  \"operation\": \"FailoverContinuousCopy\",\r\n  \"startTime\": \"2017-06-01T06:20:25.383Z\"\r\n}",
      "ResponseHeaders": {
        "Content-Length": [
          "76"
        ],
        "Content-Type": [
          "application/json; odata=minimalmetadata; streaming=true; charset=utf-8"
        ],
        "Cache-Control": [
          "no-store, no-cache"
        ],
        "Date": [
          "Thu, 01 Jun 2017 06:20:56 GMT"
        ],
        "Location": [
          "https://management.azure.com/subscriptions/f28872d6-4a93-4bb1-84b9-aecb02b6af4c/resourceGroups/sqlcrudtest-2575/providers/Microsoft.Sql/servers/sqlcrudtest-4209/databases/testdb/replicationLinks/fdd7f138-3edd-4870-9975-723e04e17ea2/operationResults/f9264558-04a6-45e9-9e4a-4669633eaaf8?api-version=2014-04-01-Preview"
        ],
        "Retry-After": [
          "5"
        ],
        "Server": [
          "Microsoft-HTTPAPI/2.0"
        ],
        "x-ms-request-id": [
          "65826030-5636-48a6-8f29-996277bd44cb"
        ],
        "X-Content-Type-Options": [
          "nosniff"
        ],
        "DataServiceVersion": [
          "3.0;"
        ],
        "Strict-Transport-Security": [
          "max-age=31536000; includeSubDomains"
        ],
        "x-ms-ratelimit-remaining-subscription-reads": [
          "14988"
        ],
        "x-ms-correlation-request-id": [
          "6eea353d-69e8-4aa8-b4c9-be55593856a5"
        ],
        "x-ms-routing-request-id": [
          "WESTUS:20170601T062057Z:6eea353d-69e8-4aa8-b4c9-be55593856a5"
        ]
      },
      "StatusCode": 202
    },
    {
      "RequestUri": "/subscriptions/f28872d6-4a93-4bb1-84b9-aecb02b6af4c/resourceGroups/sqlcrudtest-2575/providers/Microsoft.Sql/servers/sqlcrudtest-4209/databases/testdb/replicationLinks/fdd7f138-3edd-4870-9975-723e04e17ea2/operationResults/f9264558-04a6-45e9-9e4a-4669633eaaf8?api-version=2014-04-01-Preview",
      "EncodedRequestUri": "L3N1YnNjcmlwdGlvbnMvZjI4ODcyZDYtNGE5My00YmIxLTg0YjktYWVjYjAyYjZhZjRjL3Jlc291cmNlR3JvdXBzL3NxbGNydWR0ZXN0LTI1NzUvcHJvdmlkZXJzL01pY3Jvc29mdC5TcWwvc2VydmVycy9zcWxjcnVkdGVzdC00MjA5L2RhdGFiYXNlcy90ZXN0ZGIvcmVwbGljYXRpb25MaW5rcy9mZGQ3ZjEzOC0zZWRkLTQ4NzAtOTk3NS03MjNlMDRlMTdlYTIvb3BlcmF0aW9uUmVzdWx0cy9mOTI2NDU1OC0wNGE2LTQ1ZTktOWU0YS00NjY5NjMzZWFhZjg/YXBpLXZlcnNpb249MjAxNC0wNC0wMS1QcmV2aWV3",
      "RequestMethod": "GET",
      "RequestBody": "",
      "RequestHeaders": {
        "User-Agent": [
          "FxVersion/4.6.25211.01",
          "Microsoft.Azure.Management.Sql.SqlManagementClient/1.4.0.0"
        ]
      },
      "ResponseBody": "",
      "ResponseHeaders": {
        "Content-Length": [
          "0"
        ],
        "Cache-Control": [
          "no-store, no-cache"
        ],
        "Date": [
          "Thu, 01 Jun 2017 06:21:27 GMT"
        ],
        "Server": [
          "Microsoft-HTTPAPI/2.0"
        ],
        "x-ms-request-id": [
          "7b1841e2-7cac-4ab8-ab32-b5c5bb2bdac9"
        ],
        "X-Content-Type-Options": [
          "nosniff"
        ],
        "DataServiceVersion": [
          "3.0;"
        ],
        "Strict-Transport-Security": [
          "max-age=31536000; includeSubDomains"
        ],
        "x-ms-ratelimit-remaining-subscription-reads": [
          "14987"
        ],
        "x-ms-correlation-request-id": [
          "db6dda9b-2c26-4c17-8c23-cfbfd25ed0dd"
        ],
        "x-ms-routing-request-id": [
          "WESTUS:20170601T062127Z:db6dda9b-2c26-4c17-8c23-cfbfd25ed0dd"
        ]
      },
      "StatusCode": 204
    },
    {
      "RequestUri": "/subscriptions/f28872d6-4a93-4bb1-84b9-aecb02b6af4c/resourcegroups/sqlcrudtest-2575?api-version=2017-05-10",
      "EncodedRequestUri": "L3N1YnNjcmlwdGlvbnMvZjI4ODcyZDYtNGE5My00YmIxLTg0YjktYWVjYjAyYjZhZjRjL3Jlc291cmNlZ3JvdXBzL3NxbGNydWR0ZXN0LTI1NzU/YXBpLXZlcnNpb249MjAxNy0wNS0xMA==",
      "RequestMethod": "DELETE",
      "RequestBody": "",
      "RequestHeaders": {
        "x-ms-client-request-id": [
          "1edf29ad-70b9-4def-afd8-72ce239f3f82"
        ],
        "accept-language": [
          "en-US"
        ],
        "User-Agent": [
          "FxVersion/4.6.25211.01",
          "Microsoft.Azure.Management.ResourceManager.ResourceManagementClient/1.6.0.0"
        ]
      },
      "ResponseBody": "",
      "ResponseHeaders": {
        "Content-Length": [
          "0"
        ],
        "Expires": [
          "-1"
        ],
        "Cache-Control": [
          "no-cache"
        ],
        "Date": [
          "Thu, 01 Jun 2017 06:21:30 GMT"
        ],
        "Pragma": [
          "no-cache"
        ],
        "Location": [
          "https://management.azure.com/subscriptions/f28872d6-4a93-4bb1-84b9-aecb02b6af4c/operationresults/eyJqb2JJZCI6IlJFU09VUkNFR1JPVVBERUxFVElPTkpPQi1TUUxDUlVEVEVTVDoyRDI1NzUtSkFQQU5FQVNUIiwiam9iTG9jYXRpb24iOiJqYXBhbmVhc3QifQ?api-version=2017-05-10"
        ],
        "Retry-After": [
          "15"
        ],
        "x-ms-ratelimit-remaining-subscription-writes": [
          "1193"
        ],
        "x-ms-request-id": [
          "9103b4de-f039-4554-a9fe-29cb474fae75"
        ],
        "x-ms-correlation-request-id": [
          "9103b4de-f039-4554-a9fe-29cb474fae75"
        ],
        "x-ms-routing-request-id": [
          "WESTUS:20170601T062131Z:9103b4de-f039-4554-a9fe-29cb474fae75"
        ],
        "Strict-Transport-Security": [
          "max-age=31536000; includeSubDomains"
        ]
      },
      "StatusCode": 202
    }
  ],
  "Names": {
    "RunTestInNewResourceGroup": [
      "sqlcrudtest-2575"
    ],
    "CreateServer": [
      "sqlcrudtest-2259",
      "sqlcrudtest-4209"
    ]
  },
  "Variables": {
    "SubscriptionId": "f28872d6-4a93-4bb1-84b9-aecb02b6af4c"
  }
}