{
  "Entries": [
    {
      "RequestUri": "/subscriptions/c9cbd920-c00c-427c-852b-8aaf38badaeb/providers/Microsoft.Search/register?api-version=2017-05-10",
      "EncodedRequestUri": "L3N1YnNjcmlwdGlvbnMvYzljYmQ5MjAtYzAwYy00MjdjLTg1MmItOGFhZjM4YmFkYWViL3Byb3ZpZGVycy9NaWNyb3NvZnQuU2VhcmNoL3JlZ2lzdGVyP2FwaS12ZXJzaW9uPTIwMTctMDUtMTA=",
      "RequestMethod": "POST",
      "RequestBody": "",
      "RequestHeaders": {
        "x-ms-client-request-id": [
          "6e9215e6-85a8-4f48-a730-615d539206b5"
        ],
        "accept-language": [
          "en-US"
        ],
        "User-Agent": [
          "FxVersion/4.7.3416.0",
          "OSName/Windows",
          "OSVersion/10.0.17763.0",
          "Microsoft.Azure.Management.ResourceManager.ResourceManagementClient/1.6.0.0"
        ]
      },
      "ResponseHeaders": {
        "Pragma": [
          "no-cache"
        ],
        "x-ms-ratelimit-remaining-subscription-writes": [
          "1190"
        ],
        "x-ms-request-id": [
          "12192452-4b91-4150-9079-bffc662310a5"
        ],
        "x-ms-correlation-request-id": [
          "12192452-4b91-4150-9079-bffc662310a5"
        ],
        "x-ms-routing-request-id": [
          "SOUTHEASTASIA:20190726T202105Z:12192452-4b91-4150-9079-bffc662310a5"
        ],
        "Strict-Transport-Security": [
          "max-age=31536000; includeSubDomains"
        ],
        "X-Content-Type-Options": [
          "nosniff"
        ],
        "Cache-Control": [
          "no-cache"
        ],
        "Date": [
          "Fri, 26 Jul 2019 20:21:05 GMT"
        ],
        "Content-Length": [
          "1525"
        ],
        "Content-Type": [
          "application/json; charset=utf-8"
        ],
        "Expires": [
          "-1"
        ]
      },
      "ResponseBody": "{\r\n  \"id\": \"/subscriptions/c9cbd920-c00c-427c-852b-8aaf38badaeb/providers/Microsoft.Search\",\r\n  \"namespace\": \"Microsoft.Search\",\r\n  \"authorization\": {\r\n    \"applicationId\": \"408992c7-2af6-4ff1-92e3-65b73d2b5092\",\r\n    \"roleDefinitionId\": \"20FA3191-87CF-4C3D-9510-74CCB594A310\"\r\n  },\r\n  \"resourceTypes\": [\r\n    {\r\n      \"resourceType\": \"searchServices\",\r\n      \"locations\": [\r\n        \"West US\",\r\n        \"East US\",\r\n        \"North Europe\",\r\n        \"West Europe\",\r\n        \"South Africa North\",\r\n        \"Southeast Asia\",\r\n        \"East Asia\",\r\n        \"North Central US\",\r\n        \"South Central US\",\r\n        \"Central US\",\r\n        \"Japan West\",\r\n        \"Japan East\",\r\n        \"Korea Central\",\r\n        \"Australia East\",\r\n        \"Brazil South\",\r\n        \"West US 2\",\r\n        \"East US 2\",\r\n        \"Central India\",\r\n        \"West Central US\",\r\n        \"Canada Central\",\r\n        \"UK South\",\r\n        \"France Central\"\r\n      ],\r\n      \"apiVersions\": [\r\n        \"2015-08-19\",\r\n        \"2015-02-28\"\r\n      ],\r\n      \"capabilities\": \"CrossResourceGroupResourceMove, CrossSubscriptionResourceMove, SystemAssignedResourceIdentity\"\r\n    },\r\n    {\r\n      \"resourceType\": \"checkServiceNameAvailability\",\r\n      \"locations\": [],\r\n      \"apiVersions\": [\r\n        \"2015-02-28\",\r\n        \"2014-07-31-Preview\"\r\n      ]\r\n    },\r\n    {\r\n      \"resourceType\": \"checkNameAvailability\",\r\n      \"locations\": [],\r\n      \"apiVersions\": [\r\n        \"2015-08-19\"\r\n      ]\r\n    },\r\n    {\r\n      \"resourceType\": \"resourceHealthMetadata\",\r\n      \"locations\": [\r\n        \"West US\",\r\n        \"West US 2\",\r\n        \"East US\",\r\n        \"East US 2\",\r\n        \"North Europe\",\r\n        \"West Europe\",\r\n        \"South Africa North\",\r\n        \"Southeast Asia\",\r\n        \"East Asia\",\r\n        \"North Central US\",\r\n        \"South Central US\",\r\n        \"Central US\",\r\n        \"Japan West\",\r\n        \"Japan East\",\r\n        \"Korea Central\",\r\n        \"Australia East\",\r\n        \"Brazil South\",\r\n        \"Central India\",\r\n        \"West Central US\",\r\n        \"Canada Central\",\r\n        \"UK South\",\r\n        \"France Central\"\r\n      ],\r\n      \"apiVersions\": [\r\n        \"2015-08-19\"\r\n      ]\r\n    },\r\n    {\r\n      \"resourceType\": \"operations\",\r\n      \"locations\": [],\r\n      \"apiVersions\": [\r\n        \"2015-08-19\",\r\n        \"2015-02-28\"\r\n      ]\r\n    }\r\n  ],\r\n  \"registrationState\": \"Registered\"\r\n}",
      "StatusCode": 200
    },
    {
      "RequestUri": "/subscriptions/c9cbd920-c00c-427c-852b-8aaf38badaeb/resourcegroups/azsmnet7186?api-version=2017-05-10",
      "EncodedRequestUri": "L3N1YnNjcmlwdGlvbnMvYzljYmQ5MjAtYzAwYy00MjdjLTg1MmItOGFhZjM4YmFkYWViL3Jlc291cmNlZ3JvdXBzL2F6c21uZXQ3MTg2P2FwaS12ZXJzaW9uPTIwMTctMDUtMTA=",
      "RequestMethod": "PUT",
      "RequestBody": "{\r\n  \"location\": \"West US\"\r\n}",
      "RequestHeaders": {
        "x-ms-client-request-id": [
          "58367474-cb09-42cf-9467-3f89b9467f59"
        ],
        "accept-language": [
          "en-US"
        ],
        "User-Agent": [
          "FxVersion/4.7.3416.0",
          "OSName/Windows",
          "OSVersion/10.0.17763.0",
          "Microsoft.Azure.Management.ResourceManager.ResourceManagementClient/1.6.0.0"
        ],
        "Content-Type": [
          "application/json; charset=utf-8"
        ],
        "Content-Length": [
          "29"
        ]
      },
      "ResponseHeaders": {
        "Pragma": [
          "no-cache"
        ],
        "x-ms-ratelimit-remaining-subscription-writes": [
          "1190"
        ],
        "x-ms-request-id": [
          "97f9c28a-b87b-4da7-901d-e564908e316e"
        ],
        "x-ms-correlation-request-id": [
          "97f9c28a-b87b-4da7-901d-e564908e316e"
        ],
        "x-ms-routing-request-id": [
          "SOUTHEASTASIA:20190726T202106Z:97f9c28a-b87b-4da7-901d-e564908e316e"
        ],
        "Strict-Transport-Security": [
          "max-age=31536000; includeSubDomains"
        ],
        "X-Content-Type-Options": [
          "nosniff"
        ],
        "Cache-Control": [
          "no-cache"
        ],
        "Date": [
          "Fri, 26 Jul 2019 20:21:06 GMT"
        ],
        "Content-Length": [
          "175"
        ],
        "Content-Type": [
          "application/json; charset=utf-8"
        ],
        "Expires": [
          "-1"
        ]
      },
      "ResponseBody": "{\r\n  \"id\": \"/subscriptions/c9cbd920-c00c-427c-852b-8aaf38badaeb/resourceGroups/azsmnet7186\",\r\n  \"name\": \"azsmnet7186\",\r\n  \"location\": \"westus\",\r\n  \"properties\": {\r\n    \"provisioningState\": \"Succeeded\"\r\n  }\r\n}",
      "StatusCode": 201
    },
    {
      "RequestUri": "/subscriptions/c9cbd920-c00c-427c-852b-8aaf38badaeb/resourceGroups/azsmnet7186/providers/Microsoft.Search/searchServices/azs-1992?api-version=2015-08-19",
      "EncodedRequestUri": "L3N1YnNjcmlwdGlvbnMvYzljYmQ5MjAtYzAwYy00MjdjLTg1MmItOGFhZjM4YmFkYWViL3Jlc291cmNlR3JvdXBzL2F6c21uZXQ3MTg2L3Byb3ZpZGVycy9NaWNyb3NvZnQuU2VhcmNoL3NlYXJjaFNlcnZpY2VzL2F6cy0xOTkyP2FwaS12ZXJzaW9uPTIwMTUtMDgtMTk=",
      "RequestMethod": "PUT",
      "RequestBody": "{\r\n  \"sku\": {\r\n    \"name\": \"free\"\r\n  },\r\n  \"location\": \"West US\"\r\n}",
      "RequestHeaders": {
        "x-ms-client-request-id": [
          "68f1298a-1764-4252-b27e-f5b156feb11d"
        ],
        "accept-language": [
          "en-US"
        ],
        "User-Agent": [
          "FxVersion/4.7.3416.0",
          "OSName/Windows",
          "OSVersion/10.0.17763.0",
          "Microsoft.Azure.Management.Search.SearchManagementClient/3.0.0.0"
        ],
        "Content-Type": [
          "application/json; charset=utf-8"
        ],
        "Content-Length": [
          "67"
        ]
      },
      "ResponseHeaders": {
        "Pragma": [
          "no-cache"
        ],
        "x-ms-request-id": [
          "68f1298a-1764-4252-b27e-f5b156feb11d"
        ],
        "request-id": [
          "68f1298a-1764-4252-b27e-f5b156feb11d"
        ],
        "elapsed-time": [
          "1845"
        ],
        "Strict-Transport-Security": [
          "max-age=31536000; includeSubDomains"
        ],
        "x-ms-ratelimit-remaining-subscription-writes": [
          "1195"
        ],
        "x-ms-correlation-request-id": [
          "c8d59a1b-7a42-4620-ae90-92817618faa7"
        ],
        "x-ms-routing-request-id": [
          "SOUTHEASTASIA:20190726T202112Z:c8d59a1b-7a42-4620-ae90-92817618faa7"
        ],
        "X-Content-Type-Options": [
          "nosniff"
        ],
        "Cache-Control": [
          "no-cache"
        ],
        "Date": [
          "Fri, 26 Jul 2019 20:21:12 GMT"
        ],
        "ETag": [
          "W/\"datetime'2019-07-26T20%3A21%3A11.9860707Z'\""
        ],
        "Content-Length": [
          "385"
        ],
        "Content-Type": [
          "application/json; charset=utf-8"
        ],
        "Expires": [
          "-1"
        ]
      },
      "ResponseBody": "{\r\n  \"id\": \"/subscriptions/c9cbd920-c00c-427c-852b-8aaf38badaeb/resourceGroups/azsmnet7186/providers/Microsoft.Search/searchServices/azs-1992\",\r\n  \"name\": \"azs-1992\",\r\n  \"type\": \"Microsoft.Search/searchServices\",\r\n  \"location\": \"West US\",\r\n  \"properties\": {\r\n    \"replicaCount\": 1,\r\n    \"partitionCount\": 1,\r\n    \"status\": \"running\",\r\n    \"statusDetails\": \"\",\r\n    \"provisioningState\": \"succeeded\",\r\n    \"hostingMode\": \"Default\"\r\n  },\r\n  \"sku\": {\r\n    \"name\": \"free\"\r\n  }\r\n}",
      "StatusCode": 201
    },
    {
      "RequestUri": "/subscriptions/c9cbd920-c00c-427c-852b-8aaf38badaeb/resourceGroups/azsmnet7186/providers/Microsoft.Search/searchServices/azs-1992/listAdminKeys?api-version=2015-08-19",
      "EncodedRequestUri": "L3N1YnNjcmlwdGlvbnMvYzljYmQ5MjAtYzAwYy00MjdjLTg1MmItOGFhZjM4YmFkYWViL3Jlc291cmNlR3JvdXBzL2F6c21uZXQ3MTg2L3Byb3ZpZGVycy9NaWNyb3NvZnQuU2VhcmNoL3NlYXJjaFNlcnZpY2VzL2F6cy0xOTkyL2xpc3RBZG1pbktleXM/YXBpLXZlcnNpb249MjAxNS0wOC0xOQ==",
      "RequestMethod": "POST",
      "RequestBody": "",
      "RequestHeaders": {
        "x-ms-client-request-id": [
          "009811a3-76e9-4a67-ab8a-216af2efaaab"
        ],
        "accept-language": [
          "en-US"
        ],
        "User-Agent": [
          "FxVersion/4.7.3416.0",
          "OSName/Windows",
          "OSVersion/10.0.17763.0",
          "Microsoft.Azure.Management.Search.SearchManagementClient/3.0.0.0"
        ]
      },
      "ResponseHeaders": {
        "Pragma": [
          "no-cache"
        ],
        "Vary": [
          "Accept-Encoding"
        ],
        "x-ms-request-id": [
          "009811a3-76e9-4a67-ab8a-216af2efaaab"
        ],
        "request-id": [
          "009811a3-76e9-4a67-ab8a-216af2efaaab"
        ],
        "elapsed-time": [
          "290"
        ],
        "Strict-Transport-Security": [
          "max-age=31536000; includeSubDomains"
        ],
        "x-ms-ratelimit-remaining-subscription-writes": [
          "1195"
        ],
        "x-ms-correlation-request-id": [
          "c2bfb03e-bd36-4afc-a7d4-802984b6ec1d"
        ],
        "x-ms-routing-request-id": [
          "SOUTHEASTASIA:20190726T202114Z:c2bfb03e-bd36-4afc-a7d4-802984b6ec1d"
        ],
        "X-Content-Type-Options": [
          "nosniff"
        ],
        "Cache-Control": [
          "no-cache"
        ],
        "Date": [
          "Fri, 26 Jul 2019 20:21:14 GMT"
        ],
        "Content-Length": [
          "99"
        ],
        "Content-Type": [
          "application/json; charset=utf-8"
        ],
        "Expires": [
          "-1"
        ]
      },
      "ResponseBody": "{\r\n  \"primaryKey\": \"D1777D10B8AA5755781F9B145B81FF5C\",\r\n  \"secondaryKey\": \"9F4D29EF3BC4CD176CC5B26297B4DC57\"\r\n}",
      "StatusCode": 200
    },
    {
      "RequestUri": "/subscriptions/c9cbd920-c00c-427c-852b-8aaf38badaeb/resourceGroups/azsmnet7186/providers/Microsoft.Search/searchServices/azs-1992/listQueryKeys?api-version=2015-08-19",
      "EncodedRequestUri": "L3N1YnNjcmlwdGlvbnMvYzljYmQ5MjAtYzAwYy00MjdjLTg1MmItOGFhZjM4YmFkYWViL3Jlc291cmNlR3JvdXBzL2F6c21uZXQ3MTg2L3Byb3ZpZGVycy9NaWNyb3NvZnQuU2VhcmNoL3NlYXJjaFNlcnZpY2VzL2F6cy0xOTkyL2xpc3RRdWVyeUtleXM/YXBpLXZlcnNpb249MjAxNS0wOC0xOQ==",
      "RequestMethod": "GET",
      "RequestBody": "",
      "RequestHeaders": {
        "x-ms-client-request-id": [
          "4a0c7157-c48c-4512-b729-2c3167f8ccdd"
        ],
        "accept-language": [
          "en-US"
        ],
        "User-Agent": [
          "FxVersion/4.7.3416.0",
          "OSName/Windows",
          "OSVersion/10.0.17763.0",
          "Microsoft.Azure.Management.Search.SearchManagementClient/3.0.0.0"
        ]
      },
      "ResponseHeaders": {
        "Pragma": [
          "no-cache"
        ],
        "Vary": [
          "Accept-Encoding"
        ],
        "x-ms-request-id": [
          "4a0c7157-c48c-4512-b729-2c3167f8ccdd"
        ],
        "request-id": [
          "4a0c7157-c48c-4512-b729-2c3167f8ccdd"
        ],
        "elapsed-time": [
          "172"
        ],
        "Strict-Transport-Security": [
          "max-age=31536000; includeSubDomains"
        ],
        "x-ms-ratelimit-remaining-subscription-reads": [
          "11996"
        ],
        "x-ms-correlation-request-id": [
          "c6ea448b-8f26-4bfa-8130-f85e7f43e188"
        ],
        "x-ms-routing-request-id": [
          "SOUTHEASTASIA:20190726T202115Z:c6ea448b-8f26-4bfa-8130-f85e7f43e188"
        ],
        "X-Content-Type-Options": [
          "nosniff"
        ],
        "Cache-Control": [
          "no-cache"
        ],
        "Date": [
          "Fri, 26 Jul 2019 20:21:14 GMT"
        ],
        "Content-Length": [
          "82"
        ],
        "Content-Type": [
          "application/json; charset=utf-8"
        ],
        "Expires": [
          "-1"
        ]
      },
      "ResponseBody": "{\r\n  \"value\": [\r\n    {\r\n      \"name\": null,\r\n      \"key\": \"B89FD4BE35083C582D274EAF2175EFFE\"\r\n    }\r\n  ],\r\n  \"nextLink\": null\r\n}",
      "StatusCode": 200
    },
    {
      "RequestUri": "/datasources('azsmnet8168')?api-version=2019-05-06",
      "EncodedRequestUri": "L2RhdGFzb3VyY2VzKCdhenNtbmV0ODE2OCcpP2FwaS12ZXJzaW9uPTIwMTktMDUtMDY=",
      "RequestMethod": "PUT",
      "RequestBody": "{\r\n  \"name\": \"azsmnet8168\",\r\n  \"description\": \"Some data source\",\r\n  \"type\": \"azuresql\",\r\n  \"credentials\": {\r\n    \"connectionString\": \"Server=tcp:azs-playground.database.windows.net,1433;Database=usgs;User ID=reader;Password=EdrERBt3j6mZDP;Trusted_Connection=False;Encrypt=True;Connection Timeout=30;\"\r\n  },\r\n  \"container\": {\r\n    \"name\": \"GeoNamesRI\"\r\n  }\r\n}",
      "RequestHeaders": {
        "client-request-id": [
          "d6d2e8cf-f99a-4b22-bddf-96a811df36f5"
        ],
        "Prefer": [
          "return=representation"
        ],
        "accept-language": [
          "en-US"
        ],
        "api-key": [
          "D1777D10B8AA5755781F9B145B81FF5C"
        ],
        "User-Agent": [
          "FxVersion/4.7.3416.0",
          "OSName/Windows",
          "OSVersion/10.0.17763.0",
          "Microsoft.Azure.Search.SearchServiceClient/9.0.2.0"
        ],
        "Content-Type": [
          "application/json; charset=utf-8"
        ],
        "Content-Length": [
          "359"
        ]
      },
      "ResponseHeaders": {
        "Pragma": [
          "no-cache"
        ],
        "request-id": [
          "d6d2e8cf-f99a-4b22-bddf-96a811df36f5"
        ],
        "elapsed-time": [
          "33"
        ],
        "OData-Version": [
          "4.0"
        ],
        "Preference-Applied": [
          "odata.include-annotations=\"*\""
        ],
        "Strict-Transport-Security": [
          "max-age=15724800; includeSubDomains"
        ],
        "Cache-Control": [
          "no-cache"
        ],
        "Date": [
          "Fri, 26 Jul 2019 20:21:16 GMT"
        ],
        "ETag": [
          "W/\"0x8D71206CFE01E9F\""
        ],
        "Location": [
          "https://azs-1992.search.windows.net/datasources('azsmnet8168')?api-version=2019-05-06"
        ],
        "Content-Length": [
          "366"
        ],
        "Content-Type": [
          "application/json; odata.metadata=minimal"
        ],
        "Expires": [
          "-1"
        ]
      },
      "ResponseBody": "{\r\n  \"@odata.context\": \"https://azs-1992.search.windows.net/$metadata#datasources/$entity\",\r\n  \"@odata.etag\": \"\\\"0x8D71206CFE01E9F\\\"\",\r\n  \"name\": \"azsmnet8168\",\r\n  \"description\": \"Some data source\",\r\n  \"type\": \"azuresql\",\r\n  \"subtype\": null,\r\n  \"credentials\": {\r\n    \"connectionString\": null\r\n  },\r\n  \"container\": {\r\n    \"name\": \"GeoNamesRI\",\r\n    \"query\": null\r\n  },\r\n  \"dataChangeDetectionPolicy\": null,\r\n  \"dataDeletionDetectionPolicy\": null\r\n}",
      "StatusCode": 201
    },
    {
      "RequestUri": "/datasources('azsmnet8168')?api-version=2019-05-06",
      "EncodedRequestUri": "L2RhdGFzb3VyY2VzKCdhenNtbmV0ODE2OCcpP2FwaS12ZXJzaW9uPTIwMTktMDUtMDY=",
      "RequestMethod": "PUT",
      "RequestBody": "{\r\n  \"name\": \"azsmnet8168\",\r\n  \"description\": \"Mutated DataSource\",\r\n  \"type\": \"azuresql\",\r\n  \"credentials\": {},\r\n  \"container\": {\r\n    \"name\": \"GeoNamesRI\"\r\n  },\r\n  \"@odata.etag\": \"\\\"0x8D71206CFE01E9F\\\"\"\r\n}",
      "RequestHeaders": {
        "client-request-id": [
          "496ad988-e737-4219-8d1d-60681720dec1"
        ],
        "Prefer": [
          "return=representation"
        ],
        "accept-language": [
          "en-US"
        ],
        "If-Match": [
          "\"0x8D71206CFE01E9F\""
        ],
        "api-key": [
          "D1777D10B8AA5755781F9B145B81FF5C"
        ],
        "User-Agent": [
          "FxVersion/4.7.3416.0",
          "OSName/Windows",
          "OSVersion/10.0.17763.0",
          "Microsoft.Azure.Search.SearchServiceClient/9.0.2.0"
        ],
        "Content-Type": [
          "application/json; charset=utf-8"
        ],
        "Content-Length": [
          "207"
        ]
      },
      "ResponseHeaders": {
        "Pragma": [
          "no-cache"
        ],
        "request-id": [
          "496ad988-e737-4219-8d1d-60681720dec1"
        ],
        "elapsed-time": [
          "48"
        ],
        "OData-Version": [
          "4.0"
        ],
        "Preference-Applied": [
          "odata.include-annotations=\"*\""
        ],
        "Strict-Transport-Security": [
          "max-age=15724800; includeSubDomains"
        ],
        "Cache-Control": [
          "no-cache"
        ],
        "Date": [
          "Fri, 26 Jul 2019 20:21:16 GMT"
        ],
        "ETag": [
          "W/\"0x8D71206D02EE94B\""
        ],
        "Content-Length": [
          "368"
        ],
        "Content-Type": [
          "application/json; odata.metadata=minimal"
        ],
        "Expires": [
          "-1"
        ]
      },
      "ResponseBody": "{\r\n  \"@odata.context\": \"https://azs-1992.search.windows.net/$metadata#datasources/$entity\",\r\n  \"@odata.etag\": \"\\\"0x8D71206D02EE94B\\\"\",\r\n  \"name\": \"azsmnet8168\",\r\n  \"description\": \"Mutated DataSource\",\r\n  \"type\": \"azuresql\",\r\n  \"subtype\": null,\r\n  \"credentials\": {\r\n    \"connectionString\": null\r\n  },\r\n  \"container\": {\r\n    \"name\": \"GeoNamesRI\",\r\n    \"query\": null\r\n  },\r\n  \"dataChangeDetectionPolicy\": null,\r\n  \"dataDeletionDetectionPolicy\": null\r\n}",
      "StatusCode": 200
    },
    {
      "RequestUri": "/subscriptions/c9cbd920-c00c-427c-852b-8aaf38badaeb/resourceGroups/azsmnet7186/providers/Microsoft.Search/searchServices/azs-1992?api-version=2015-08-19",
      "EncodedRequestUri": "L3N1YnNjcmlwdGlvbnMvYzljYmQ5MjAtYzAwYy00MjdjLTg1MmItOGFhZjM4YmFkYWViL3Jlc291cmNlR3JvdXBzL2F6c21uZXQ3MTg2L3Byb3ZpZGVycy9NaWNyb3NvZnQuU2VhcmNoL3NlYXJjaFNlcnZpY2VzL2F6cy0xOTkyP2FwaS12ZXJzaW9uPTIwMTUtMDgtMTk=",
      "RequestMethod": "DELETE",
      "RequestBody": "",
      "RequestHeaders": {
        "x-ms-client-request-id": [
          "dd157a13-3cad-449e-ae3d-41b088f509e4"
        ],
        "accept-language": [
          "en-US"
        ],
        "User-Agent": [
          "FxVersion/4.7.3416.0",
          "OSName/Windows",
          "OSVersion/10.0.17763.0",
          "Microsoft.Azure.Management.Search.SearchManagementClient/3.0.0.0"
        ]
      },
      "ResponseHeaders": {
        "Pragma": [
          "no-cache"
        ],
        "x-ms-request-id": [
          "dd157a13-3cad-449e-ae3d-41b088f509e4"
        ],
        "request-id": [
          "dd157a13-3cad-449e-ae3d-41b088f509e4"
        ],
        "elapsed-time": [
          "1035"
        ],
        "Strict-Transport-Security": [
          "max-age=31536000; includeSubDomains"
        ],
        "x-ms-ratelimit-remaining-subscription-deletes": [
          "14987"
        ],
        "x-ms-correlation-request-id": [
          "dbf53033-54de-4e83-8a15-07cd8a22400a"
        ],
        "x-ms-routing-request-id": [
          "SOUTHEASTASIA:20190726T202121Z:dbf53033-54de-4e83-8a15-07cd8a22400a"
        ],
        "X-Content-Type-Options": [
          "nosniff"
        ],
        "Cache-Control": [
          "no-cache"
        ],
        "Date": [
          "Fri, 26 Jul 2019 20:21:20 GMT"
        ],
        "Content-Length": [
          "0"
        ],
        "Expires": [
          "-1"
        ]
      },
      "ResponseBody": "",
      "StatusCode": 200
    }
  ],
  "Names": {
    "GenerateName": [
      "azsmnet7186",
      "azsmnet8168"
    ],
    "GenerateServiceName": [
      "azs-1992"
    ]
  },
  "Variables": {
    "SubscriptionId": "c9cbd920-c00c-427c-852b-8aaf38badaeb"
  }
}