{
  "Entries": [
    {
      "RequestUri": "https://t487ba7ce49634c8eprim.table.core.windows.net/Tables?$format=application%2Fjson%3Bodata%3Dminimalmetadata",
      "RequestMethod": "POST",
      "RequestHeaders": {
        "Accept": "application/json",
        "Authorization": "Sanitized",
        "Content-Length": "33",
        "Content-Type": "application/json; odata=nometadata",
        "DataServiceVersion": "3.0",
        "traceparent": "00-7638c2efb5bcb34d9effca7edb6317ed-b7f996b97bafc04b-00",
        "User-Agent": [
          "azsdk-net-Data.Tables/1.0.0-dev.20200825.2",
          "(.NET Core 4.6.27514.02; Microsoft Windows 10.0.17763 )"
        ],
        "x-ms-client-request-id": "710cc55e6c1a09cc63d0658e4430d5db",
        "x-ms-date": "Tue, 25 Aug 2020 16:40:58 GMT",
        "x-ms-return-client-request-id": "true",
        "x-ms-version": "2019-02-02"
      },
      "RequestBody": {
        "TableName": "testtableydtygz76"
      },
      "StatusCode": 201,
      "ResponseHeaders": {
        "Cache-Control": "no-cache",
        "Content-Type": "application/json; odata=minimalmetadata; streaming=true; charset=utf-8",
        "Date": "Tue, 25 Aug 2020 16:40:58 GMT",
        "Location": "https://t487ba7ce49634c8eprim.table.core.windows.net/Tables(\u0027testtableydtygz76\u0027)",
        "Server": [
          "Windows-Azure-Table/1.0",
          "Microsoft-HTTPAPI/2.0"
        ],
        "Transfer-Encoding": "chunked",
        "X-Content-Type-Options": "nosniff",
        "x-ms-client-request-id": "710cc55e6c1a09cc63d0658e4430d5db",
        "x-ms-request-id": "8f3f5e31-7002-0080-6cfe-7a2522000000",
        "x-ms-version": "2019-02-02"
      },
      "ResponseBody": {
        "odata.metadata": "https://t487ba7ce49634c8eprim.table.core.windows.net/$metadata#Tables/@Element",
        "TableName": "testtableydtygz76"
      }
    },
    {
      "RequestUri": "https://t487ba7ce49634c8eprim.table.core.windows.net/testtableydtygz76?$format=application%2Fjson%3Bodata%3Dminimalmetadata",
      "RequestMethod": "POST",
      "RequestHeaders": {
        "Accept": "application/json",
        "Authorization": "Sanitized",
        "Content-Length": "1663",
        "Content-Type": "application/json; odata=nometadata",
        "DataServiceVersion": "3.0",
        "Prefer": "return-no-content",
        "traceparent": "00-3be6a6daadc5554cac7164e78dac9a63-56cf23b7ac8a3d41-00",
        "User-Agent": [
          "azsdk-net-Data.Tables/1.0.0-dev.20200825.2",
          "(.NET Core 4.6.27514.02; Microsoft Windows 10.0.17763 )"
        ],
        "x-ms-client-request-id": "c6ef5e79a3f54ff106bf795396256c54",
        "x-ms-date": "Tue, 25 Aug 2020 16:40:59 GMT",
        "x-ms-return-client-request-id": "true",
        "x-ms-version": "2019-02-02"
      },
      "RequestBody": {
        "DateTimeOffsetNull": null,
        "DateTimeOffsetN": "2020-01-01T01:02:00.0000000Z",
        "DateTimeOffsetN@odata.type": "Edm.DateTime",
        "DateTimeOffset": "2020-01-01T01:02:00.0000000Z",
        "DateTimeOffset@odata.type": "Edm.DateTime",
        "DateTimeNull": null,
        "DateTimeN": "2020-01-01T01:02:00.0000000Z",
        "DateTimeN@odata.type": "Edm.DateTime",
        "DateTime": "2020-01-01T01:02:00.0000000Z",
        "DateTime@odata.type": "Edm.DateTime",
        "DateTimeAsString": "2020-01-01T01:02:00.0000000Z",
        "BoolNull": null,
        "BoolN": false,
        "Bool": false,
        "BoolPrimitiveNull": null,
        "BoolPrimitiveN": false,
        "BoolPrimitive": false,
        "Binary": "AQIB",
        "Binary@odata.type": "Edm.Binary",
        "BinaryNull": null,
        "BinaryPrimitive": "AQIB",
        "BinaryPrimitive@odata.type": "Edm.Binary",
        "DoublePrimitiveNull": null,
        "DoublePrimitiveN": 1.01,
        "DoublePrimitiveN@odata.type": "Edm.Double",
        "DoublePrimitive": 1.01,
        "DoublePrimitive@odata.type": "Edm.Double",
        "DoubleNull": null,
        "DoubleN": 1.01,
        "DoubleN@odata.type": "Edm.Double",
        "Double": 1.01,
        "Double@odata.type": "Edm.Double",
        "DoubleInteger": 1,
        "DoubleInteger@odata.type": "Edm.Double",
        "GuidNull": null,
        "GuidN": "0d391d16-97f1-4b9a-be68-4cc871f90001",
        "GuidN@odata.type": "Edm.Guid",
        "Guid": "0d391d16-97f1-4b9a-be68-4cc871f90001",
        "Guid@odata.type": "Edm.Guid",
        "IntegerPrimitiveNull": null,
        "IntegerPrimitiveN": 1,
        "IntegerPrimitive": 1,
        "Int32Null": null,
        "Int32N": 1,
        "Int32": 1,
        "LongPrimitiveNull": null,
        "LongPrimitiveN": "2147483648",
        "LongPrimitiveN@odata.type": "Edm.Int64",
        "LongPrimitive": "2147483648",
        "LongPrimitive@odata.type": "Edm.Int64",
        "Int64Null": null,
        "Int64N": "123456789012",
        "Int64N@odata.type": "Edm.Int64",
        "Int64": "2147483648",
        "Int64@odata.type": "Edm.Int64",
        "String": "0001",
        "PartitionKey": "somPartition",
        "RowKey": "0001",
        "Timestamp": null
      },
      "StatusCode": 204,
      "ResponseHeaders": {
        "Cache-Control": "no-cache",
        "Content-Length": "0",
        "DataServiceId": "https://t487ba7ce49634c8eprim.table.core.windows.net/testtableydtygz76(PartitionKey=\u0027somPartition\u0027,RowKey=\u00270001\u0027)",
        "Date": "Tue, 25 Aug 2020 16:40:58 GMT",
        "ETag": "W/\u0022datetime\u00272020-08-25T16%3A40%3A59.0854026Z\u0027\u0022",
        "Location": "https://t487ba7ce49634c8eprim.table.core.windows.net/testtableydtygz76(PartitionKey=\u0027somPartition\u0027,RowKey=\u00270001\u0027)",
        "Preference-Applied": "return-no-content",
        "Server": [
          "Windows-Azure-Table/1.0",
          "Microsoft-HTTPAPI/2.0"
        ],
        "X-Content-Type-Options": "nosniff",
        "x-ms-client-request-id": "c6ef5e79a3f54ff106bf795396256c54",
        "x-ms-request-id": "8f3f5e48-7002-0080-01fe-7a2522000000",
        "x-ms-version": "2019-02-02"
      },
      "ResponseBody": []
    },
    {
      "RequestUri": "https://t487ba7ce49634c8eprim.table.core.windows.net/testtableydtygz76?$format=application%2Fjson%3Bodata%3Dminimalmetadata",
      "RequestMethod": "POST",
      "RequestHeaders": {
        "Accept": "application/json",
        "Authorization": "Sanitized",
        "Content-Length": "1661",
        "Content-Type": "application/json; odata=nometadata",
        "DataServiceVersion": "3.0",
        "Prefer": "return-no-content",
        "traceparent": "00-c3178fcf0c58ed43a7ff4ada9c79df16-6cb9f61f29152e4b-00",
        "User-Agent": [
          "azsdk-net-Data.Tables/1.0.0-dev.20200825.2",
          "(.NET Core 4.6.27514.02; Microsoft Windows 10.0.17763 )"
        ],
        "x-ms-client-request-id": "1fe634ff71511ccdabb2c92a1a88aa91",
        "x-ms-date": "Tue, 25 Aug 2020 16:40:59 GMT",
        "x-ms-return-client-request-id": "true",
        "x-ms-version": "2019-02-02"
      },
      "RequestBody": {
        "DateTimeOffsetNull": null,
        "DateTimeOffsetN": "2020-01-01T01:03:00.0000000Z",
        "DateTimeOffsetN@odata.type": "Edm.DateTime",
        "DateTimeOffset": "2020-01-01T01:03:00.0000000Z",
        "DateTimeOffset@odata.type": "Edm.DateTime",
        "DateTimeNull": null,
        "DateTimeN": "2020-01-01T01:03:00.0000000Z",
        "DateTimeN@odata.type": "Edm.DateTime",
        "DateTime": "2020-01-01T01:03:00.0000000Z",
        "DateTime@odata.type": "Edm.DateTime",
        "DateTimeAsString": "2020-01-01T01:03:00.0000000Z",
        "BoolNull": null,
        "BoolN": false,
        "Bool": true,
        "BoolPrimitiveNull": null,
        "BoolPrimitiveN": false,
        "BoolPrimitive": true,
        "Binary": "AQIC",
        "Binary@odata.type": "Edm.Binary",
        "BinaryNull": null,
        "BinaryPrimitive": "AQIC",
        "BinaryPrimitive@odata.type": "Edm.Binary",
        "DoublePrimitiveNull": null,
        "DoublePrimitiveN": 2.02,
        "DoublePrimitiveN@odata.type": "Edm.Double",
        "DoublePrimitive": 2.02,
        "DoublePrimitive@odata.type": "Edm.Double",
        "DoubleNull": null,
        "DoubleN": 2.02,
        "DoubleN@odata.type": "Edm.Double",
        "Double": 2.02,
        "Double@odata.type": "Edm.Double",
        "DoubleInteger": 2,
        "DoubleInteger@odata.type": "Edm.Double",
        "GuidNull": null,
        "GuidN": "0d391d16-97f1-4b9a-be68-4cc871f90002",
        "GuidN@odata.type": "Edm.Guid",
        "Guid": "0d391d16-97f1-4b9a-be68-4cc871f90002",
        "Guid@odata.type": "Edm.Guid",
        "IntegerPrimitiveNull": null,
        "IntegerPrimitiveN": 2,
        "IntegerPrimitive": 2,
        "Int32Null": null,
        "Int32N": 2,
        "Int32": 2,
        "LongPrimitiveNull": null,
        "LongPrimitiveN": "2147483649",
        "LongPrimitiveN@odata.type": "Edm.Int64",
        "LongPrimitive": "2147483649",
        "LongPrimitive@odata.type": "Edm.Int64",
        "Int64Null": null,
        "Int64N": "123456789012",
        "Int64N@odata.type": "Edm.Int64",
        "Int64": "2147483649",
        "Int64@odata.type": "Edm.Int64",
        "String": "0002",
        "PartitionKey": "somPartition",
        "RowKey": "0002",
        "Timestamp": null
      },
      "StatusCode": 204,
      "ResponseHeaders": {
        "Cache-Control": "no-cache",
        "Content-Length": "0",
        "DataServiceId": "https://t487ba7ce49634c8eprim.table.core.windows.net/testtableydtygz76(PartitionKey=\u0027somPartition\u0027,RowKey=\u00270002\u0027)",
        "Date": "Tue, 25 Aug 2020 16:40:58 GMT",
        "ETag": "W/\u0022datetime\u00272020-08-25T16%3A40%3A59.1484476Z\u0027\u0022",
        "Location": "https://t487ba7ce49634c8eprim.table.core.windows.net/testtableydtygz76(PartitionKey=\u0027somPartition\u0027,RowKey=\u00270002\u0027)",
        "Preference-Applied": "return-no-content",
        "Server": [
          "Windows-Azure-Table/1.0",
          "Microsoft-HTTPAPI/2.0"
        ],
        "X-Content-Type-Options": "nosniff",
        "x-ms-client-request-id": "1fe634ff71511ccdabb2c92a1a88aa91",
        "x-ms-request-id": "8f3f5e72-7002-0080-2bfe-7a2522000000",
        "x-ms-version": "2019-02-02"
      },
      "ResponseBody": []
    },
    {
      "RequestUri": "https://t487ba7ce49634c8eprim.table.core.windows.net/testtableydtygz76()?$format=application%2Fjson%3Bodata%3Dminimalmetadata\u0026$filter=%28PartitionKey%20eq%20%27somPartition%27%29%20and%20%28RowKey%20eq%20%270002%27%29",
      "RequestMethod": "GET",
      "RequestHeaders": {
        "Accept": "application/json",
        "Authorization": "Sanitized",
        "DataServiceVersion": "3.0",
        "User-Agent": [
          "azsdk-net-Data.Tables/1.0.0-dev.20200825.2",
          "(.NET Core 4.6.27514.02; Microsoft Windows 10.0.17763 )"
        ],
        "x-ms-client-request-id": "1d8bf2c9b234bb9dd4bd6b5af378733e",
        "x-ms-date": "Tue, 25 Aug 2020 16:40:59 GMT",
        "x-ms-return-client-request-id": "true",
        "x-ms-version": "2019-02-02"
      },
      "RequestBody": null,
      "StatusCode": 200,
      "ResponseHeaders": {
        "Cache-Control": "no-cache",
        "Content-Type": "application/json; odata=minimalmetadata; streaming=true; charset=utf-8",
        "Date": "Tue, 25 Aug 2020 16:40:58 GMT",
        "Server": [
          "Windows-Azure-Table/1.0",
          "Microsoft-HTTPAPI/2.0"
        ],
        "Transfer-Encoding": "chunked",
        "X-Content-Type-Options": "nosniff",
        "x-ms-client-request-id": "1d8bf2c9b234bb9dd4bd6b5af378733e",
        "x-ms-request-id": "8f3f5e8c-7002-0080-45fe-7a2522000000",
        "x-ms-version": "2019-02-02"
      },
      "ResponseBody": {
        "odata.metadata": "https://t487ba7ce49634c8eprim.table.core.windows.net/$metadata#testtableydtygz76",
        "value": [
          {
            "odata.etag": "W/\u0022datetime\u00272020-08-25T16%3A40%3A59.1484476Z\u0027\u0022",
            "PartitionKey": "somPartition",
            "RowKey": "0002",
            "Timestamp": "2020-08-25T16:40:59.1484476Z",
            "DateTimeOffsetN@odata.type": "Edm.DateTime",
            "DateTimeOffsetN": "2020-01-01T01:03:00Z",
            "DateTimeOffset@odata.type": "Edm.DateTime",
            "DateTimeOffset": "2020-01-01T01:03:00Z",
            "DateTimeN@odata.type": "Edm.DateTime",
            "DateTimeN": "2020-01-01T01:03:00Z",
            "DateTime@odata.type": "Edm.DateTime",
            "DateTime": "2020-01-01T01:03:00Z",
            "DateTimeAsString": "2020-01-01T01:03:00.0000000Z",
            "BoolN": false,
            "Bool": true,
            "BoolPrimitiveN": false,
            "BoolPrimitive": true,
            "Binary@odata.type": "Edm.Binary",
            "Binary": "AQIC",
            "BinaryPrimitive@odata.type": "Edm.Binary",
            "BinaryPrimitive": "AQIC",
            "DoublePrimitiveN": 2.02,
            "DoublePrimitive": 2.02,
            "DoubleN": 2.02,
            "Double": 2.02,
            "DoubleInteger": 2.0,
            "GuidN@odata.type": "Edm.Guid",
            "GuidN": "0d391d16-97f1-4b9a-be68-4cc871f90002",
            "Guid@odata.type": "Edm.Guid",
            "Guid": "0d391d16-97f1-4b9a-be68-4cc871f90002",
            "IntegerPrimitiveN": 2,
            "IntegerPrimitive": 2,
            "Int32N": 2,
            "Int32": 2,
            "LongPrimitiveN@odata.type": "Edm.Int64",
            "LongPrimitiveN": "2147483649",
            "LongPrimitive@odata.type": "Edm.Int64",
            "LongPrimitive": "2147483649",
            "Int64N@odata.type": "Edm.Int64",
            "Int64N": "123456789012",
            "Int64@odata.type": "Edm.Int64",
            "Int64": "2147483649",
            "String": "0002"
          }
        ]
      }
    },
    {
      "RequestUri": "https://t487ba7ce49634c8eprim.table.core.windows.net/Tables(\u0027testtableydtygz76\u0027)",
      "RequestMethod": "DELETE",
      "RequestHeaders": {
        "Accept": "application/json",
        "Authorization": "Sanitized",
        "traceparent": "00-67c1d61fa9f6e24db211d867c32f403f-b08fd642d4ad914d-00",
        "User-Agent": [
          "azsdk-net-Data.Tables/1.0.0-dev.20200825.2",
          "(.NET Core 4.6.27514.02; Microsoft Windows 10.0.17763 )"
        ],
        "x-ms-client-request-id": "0f8e1064b64a088a90d31a42d9c6347d",
        "x-ms-date": "Tue, 25 Aug 2020 16:40:59 GMT",
        "x-ms-return-client-request-id": "true",
        "x-ms-version": "2019-02-02"
      },
      "RequestBody": null,
      "StatusCode": 204,
      "ResponseHeaders": {
        "Cache-Control": "no-cache",
        "Content-Length": "0",
        "Date": "Tue, 25 Aug 2020 16:40:58 GMT",
        "Server": [
          "Windows-Azure-Table/1.0",
          "Microsoft-HTTPAPI/2.0"
        ],
        "X-Content-Type-Options": "nosniff",
        "x-ms-client-request-id": "0f8e1064b64a088a90d31a42d9c6347d",
        "x-ms-request-id": "8f3f5e9c-7002-0080-55fe-7a2522000000",
        "x-ms-version": "2019-02-02"
      },
      "ResponseBody": []
    }
  ],
  "Variables": {
    "RandomSeed": "1765971265",
    "TABLES_PRIMARY_STORAGE_ACCOUNT_KEY": "Kg==",
    "TABLES_STORAGE_ACCOUNT_NAME": "t487ba7ce49634c8eprim"
  }
}