{
  "Entries": [
    {
      "RequestUri": "https://jverazsdkprim.table.core.windows.net/Tables?$format=application%2Fjson%3Bodata%3Dminimalmetadata",
      "RequestMethod": "POST",
      "RequestHeaders": {
        "Accept": "application/json;odata=minimalmetadata",
        "Authorization": "Sanitized",
        "Content-Length": "33",
        "Content-Type": "application/json;odata=nometadata",
        "DataServiceVersion": "3.0",
        "traceparent": "00-b3baece02645f04b803fa52e98fe9429-bf848afbf3f62f45-00",
        "User-Agent": "azsdk-net-Data.Tables/12.0.0-alpha.20210322.1 (.NET Framework 4.8.4300.0; Microsoft Windows 10.0.19042 )",
        "x-ms-client-request-id": "0413cece6a15f87ba6f45394066666fb",
        "x-ms-date": "Mon, 22 Mar 2021 23:38:05 GMT",
        "x-ms-return-client-request-id": "true",
        "x-ms-version": "2019-02-02"
      },
      "RequestBody": {
        "TableName": "testtableea1xh39p"
      },
      "StatusCode": 201,
      "ResponseHeaders": {
        "Cache-Control": "no-cache",
        "Content-Type": "application/json;odata=minimalmetadata;streaming=true;charset=utf-8",
        "Date": "Mon, 22 Mar 2021 23:38:05 GMT",
        "Location": "https://jverazsdkprim.table.core.windows.net/Tables(\u0027testtableea1xh39p\u0027)",
        "Server": "Windows-Azure-Table/1.0 Microsoft-HTTPAPI/2.0",
        "Transfer-Encoding": "chunked",
        "X-Content-Type-Options": "nosniff",
        "x-ms-client-request-id": "0413cece6a15f87ba6f45394066666fb",
        "x-ms-request-id": "abd990ec-c002-001e-4874-1fd8cc000000",
        "x-ms-version": "2019-02-02"
      },
      "ResponseBody": {
        "odata.metadata": "https://jverazsdkprim.table.core.windows.net/$metadata#Tables/@Element",
        "TableName": "testtableea1xh39p"
      }
    },
    {
      "RequestUri": "https://jverazsdkprim.table.core.windows.net/testtableea1xh39p?$format=application%2Fjson%3Bodata%3Dminimalmetadata",
      "RequestMethod": "POST",
      "RequestHeaders": {
        "Accept": "application/json;odata=minimalmetadata",
        "Authorization": "Sanitized",
        "Content-Length": "648",
        "Content-Type": "application/json;odata=nometadata",
        "DataServiceVersion": "3.0",
        "Prefer": "return-no-content",
        "traceparent": "00-9f9d3c52ee28404e8aadf0f8ab58daf7-19f7cbb1feee764c-00",
        "User-Agent": "azsdk-net-Data.Tables/12.0.0-alpha.20210322.1 (.NET Framework 4.8.4300.0; Microsoft Windows 10.0.19042 )",
        "x-ms-client-request-id": "4f9de780beeebe86078d3d7fd4f88cac",
        "x-ms-date": "Mon, 22 Mar 2021 23:38:05 GMT",
        "x-ms-return-client-request-id": "true",
        "x-ms-version": "2019-02-02"
      },
      "RequestBody": {
        "StringTypeProperty": "This is table entity number 01",
        "DatetimeTypeProperty": "2020-01-01T01:02:00.0000000Z",
        "DatetimeTypeProperty@odata.type": "Edm.DateTime",
        "DatetimeOffsetTypeProperty": "2020-01-01T01:02:00.0000000Z",
        "DatetimeOffsetTypeProperty@odata.type": "Edm.DateTime",
        "GuidTypeProperty": "0d391d16-97f1-4b9a-be68-4cc871f90001",
        "GuidTypeProperty@odata.type": "Edm.Guid",
        "BinaryTypeProperty": "AQIDBAU=",
        "BinaryTypeProperty@odata.type": "Edm.Binary",
        "Int64TypeProperty": "1",
        "Int64TypeProperty@odata.type": "Edm.Int64",
        "DoubleTypeProperty": 1,
        "DoubleTypeProperty@odata.type": "Edm.Double",
        "IntTypeProperty": 1,
        "PartitionKey": "somPartition",
        "RowKey": "01"
      },
      "StatusCode": 204,
      "ResponseHeaders": {
        "Cache-Control": "no-cache",
        "Content-Length": "0",
        "DataServiceId": "https://jverazsdkprim.table.core.windows.net/testtableea1xh39p(PartitionKey=\u0027somPartition\u0027,RowKey=\u002701\u0027)",
        "Date": "Mon, 22 Mar 2021 23:38:05 GMT",
        "ETag": "W/\u0022datetime\u00272021-03-22T23%3A38%3A06.2328359Z\u0027\u0022",
        "Location": "https://jverazsdkprim.table.core.windows.net/testtableea1xh39p(PartitionKey=\u0027somPartition\u0027,RowKey=\u002701\u0027)",
        "Preference-Applied": "return-no-content",
        "Server": "Windows-Azure-Table/1.0 Microsoft-HTTPAPI/2.0",
        "X-Content-Type-Options": "nosniff",
        "x-ms-client-request-id": "4f9de780beeebe86078d3d7fd4f88cac",
        "x-ms-request-id": "abd990f1-c002-001e-4c74-1fd8cc000000",
        "x-ms-version": "2019-02-02"
      },
      "ResponseBody": []
    },
    {
      "RequestUri": "https://jverazsdkprim.table.core.windows.net/testtableea1xh39p?$format=application%2Fjson%3Bodata%3Dminimalmetadata",
      "RequestMethod": "POST",
      "RequestHeaders": {
        "Accept": "application/json;odata=minimalmetadata",
        "Authorization": "Sanitized",
        "Content-Length": "648",
        "Content-Type": "application/json;odata=nometadata",
        "DataServiceVersion": "3.0",
        "Prefer": "return-no-content",
        "traceparent": "00-4d07ec4d962f7048bfd5dd9c081d9484-19550c0b5e971842-00",
        "User-Agent": "azsdk-net-Data.Tables/12.0.0-alpha.20210322.1 (.NET Framework 4.8.4300.0; Microsoft Windows 10.0.19042 )",
        "x-ms-client-request-id": "4969911fe714d4152c90e82cde5a3cac",
        "x-ms-date": "Mon, 22 Mar 2021 23:38:05 GMT",
        "x-ms-return-client-request-id": "true",
        "x-ms-version": "2019-02-02"
      },
      "RequestBody": {
        "StringTypeProperty": "This is table entity number 02",
        "DatetimeTypeProperty": "2020-01-01T01:03:00.0000000Z",
        "DatetimeTypeProperty@odata.type": "Edm.DateTime",
        "DatetimeOffsetTypeProperty": "2020-01-01T01:03:00.0000000Z",
        "DatetimeOffsetTypeProperty@odata.type": "Edm.DateTime",
        "GuidTypeProperty": "0d391d16-97f1-4b9a-be68-4cc871f90002",
        "GuidTypeProperty@odata.type": "Edm.Guid",
        "BinaryTypeProperty": "AQIDBAU=",
        "BinaryTypeProperty@odata.type": "Edm.Binary",
        "Int64TypeProperty": "2",
        "Int64TypeProperty@odata.type": "Edm.Int64",
        "DoubleTypeProperty": 2,
        "DoubleTypeProperty@odata.type": "Edm.Double",
        "IntTypeProperty": 2,
        "PartitionKey": "somPartition",
        "RowKey": "02"
      },
      "StatusCode": 204,
      "ResponseHeaders": {
        "Cache-Control": "no-cache",
        "Content-Length": "0",
        "DataServiceId": "https://jverazsdkprim.table.core.windows.net/testtableea1xh39p(PartitionKey=\u0027somPartition\u0027,RowKey=\u002702\u0027)",
        "Date": "Mon, 22 Mar 2021 23:38:05 GMT",
        "ETag": "W/\u0022datetime\u00272021-03-22T23%3A38%3A06.2778673Z\u0027\u0022",
        "Location": "https://jverazsdkprim.table.core.windows.net/testtableea1xh39p(PartitionKey=\u0027somPartition\u0027,RowKey=\u002702\u0027)",
        "Preference-Applied": "return-no-content",
        "Server": "Windows-Azure-Table/1.0 Microsoft-HTTPAPI/2.0",
        "X-Content-Type-Options": "nosniff",
        "x-ms-client-request-id": "4969911fe714d4152c90e82cde5a3cac",
        "x-ms-request-id": "abd990f3-c002-001e-4e74-1fd8cc000000",
        "x-ms-version": "2019-02-02"
      },
      "ResponseBody": []
    },
    {
      "RequestUri": "https://jverazsdkprim.table.core.windows.net/testtableea1xh39p?$format=application%2Fjson%3Bodata%3Dminimalmetadata",
      "RequestMethod": "POST",
      "RequestHeaders": {
        "Accept": "application/json;odata=minimalmetadata",
        "Authorization": "Sanitized",
        "Content-Length": "648",
        "Content-Type": "application/json;odata=nometadata",
        "DataServiceVersion": "3.0",
        "Prefer": "return-no-content",
        "traceparent": "00-0e3740829f766b438d06984af31e76e1-a5b9c4ea6b77b845-00",
        "User-Agent": "azsdk-net-Data.Tables/12.0.0-alpha.20210322.1 (.NET Framework 4.8.4300.0; Microsoft Windows 10.0.19042 )",
        "x-ms-client-request-id": "1fef691657b110004855fc872dfc24ad",
        "x-ms-date": "Mon, 22 Mar 2021 23:38:05 GMT",
        "x-ms-return-client-request-id": "true",
        "x-ms-version": "2019-02-02"
      },
      "RequestBody": {
        "StringTypeProperty": "This is table entity number 03",
        "DatetimeTypeProperty": "2020-01-01T01:04:00.0000000Z",
        "DatetimeTypeProperty@odata.type": "Edm.DateTime",
        "DatetimeOffsetTypeProperty": "2020-01-01T01:04:00.0000000Z",
        "DatetimeOffsetTypeProperty@odata.type": "Edm.DateTime",
        "GuidTypeProperty": "0d391d16-97f1-4b9a-be68-4cc871f90003",
        "GuidTypeProperty@odata.type": "Edm.Guid",
        "BinaryTypeProperty": "AQIDBAU=",
        "BinaryTypeProperty@odata.type": "Edm.Binary",
        "Int64TypeProperty": "3",
        "Int64TypeProperty@odata.type": "Edm.Int64",
        "DoubleTypeProperty": 3,
        "DoubleTypeProperty@odata.type": "Edm.Double",
        "IntTypeProperty": 3,
        "PartitionKey": "somPartition",
        "RowKey": "03"
      },
      "StatusCode": 204,
      "ResponseHeaders": {
        "Cache-Control": "no-cache",
        "Content-Length": "0",
        "DataServiceId": "https://jverazsdkprim.table.core.windows.net/testtableea1xh39p(PartitionKey=\u0027somPartition\u0027,RowKey=\u002703\u0027)",
        "Date": "Mon, 22 Mar 2021 23:38:05 GMT",
        "ETag": "W/\u0022datetime\u00272021-03-22T23%3A38%3A06.3208986Z\u0027\u0022",
        "Location": "https://jverazsdkprim.table.core.windows.net/testtableea1xh39p(PartitionKey=\u0027somPartition\u0027,RowKey=\u002703\u0027)",
        "Preference-Applied": "return-no-content",
        "Server": "Windows-Azure-Table/1.0 Microsoft-HTTPAPI/2.0",
        "X-Content-Type-Options": "nosniff",
        "x-ms-client-request-id": "1fef691657b110004855fc872dfc24ad",
        "x-ms-request-id": "abd990f6-c002-001e-5074-1fd8cc000000",
        "x-ms-version": "2019-02-02"
      },
      "ResponseBody": []
    },
    {
      "RequestUri": "https://jverazsdkprim.table.core.windows.net/testtableea1xh39p?$format=application%2Fjson%3Bodata%3Dminimalmetadata",
      "RequestMethod": "POST",
      "RequestHeaders": {
        "Accept": "application/json;odata=minimalmetadata",
        "Authorization": "Sanitized",
        "Content-Length": "648",
        "Content-Type": "application/json;odata=nometadata",
        "DataServiceVersion": "3.0",
        "Prefer": "return-no-content",
        "traceparent": "00-72618a0b73b6634dab04551d819b65e3-cb7c013a6ee36b49-00",
        "User-Agent": "azsdk-net-Data.Tables/12.0.0-alpha.20210322.1 (.NET Framework 4.8.4300.0; Microsoft Windows 10.0.19042 )",
        "x-ms-client-request-id": "7474a7671dfd98e7d1c9235ed559dfad",
        "x-ms-date": "Mon, 22 Mar 2021 23:38:05 GMT",
        "x-ms-return-client-request-id": "true",
        "x-ms-version": "2019-02-02"
      },
      "RequestBody": {
        "StringTypeProperty": "This is table entity number 04",
        "DatetimeTypeProperty": "2020-01-01T01:05:00.0000000Z",
        "DatetimeTypeProperty@odata.type": "Edm.DateTime",
        "DatetimeOffsetTypeProperty": "2020-01-01T01:05:00.0000000Z",
        "DatetimeOffsetTypeProperty@odata.type": "Edm.DateTime",
        "GuidTypeProperty": "0d391d16-97f1-4b9a-be68-4cc871f90004",
        "GuidTypeProperty@odata.type": "Edm.Guid",
        "BinaryTypeProperty": "AQIDBAU=",
        "BinaryTypeProperty@odata.type": "Edm.Binary",
        "Int64TypeProperty": "4",
        "Int64TypeProperty@odata.type": "Edm.Int64",
        "DoubleTypeProperty": 4,
        "DoubleTypeProperty@odata.type": "Edm.Double",
        "IntTypeProperty": 4,
        "PartitionKey": "somPartition",
        "RowKey": "04"
      },
      "StatusCode": 204,
      "ResponseHeaders": {
        "Cache-Control": "no-cache",
        "Content-Length": "0",
        "DataServiceId": "https://jverazsdkprim.table.core.windows.net/testtableea1xh39p(PartitionKey=\u0027somPartition\u0027,RowKey=\u002704\u0027)",
        "Date": "Mon, 22 Mar 2021 23:38:05 GMT",
        "ETag": "W/\u0022datetime\u00272021-03-22T23%3A38%3A06.3609272Z\u0027\u0022",
        "Location": "https://jverazsdkprim.table.core.windows.net/testtableea1xh39p(PartitionKey=\u0027somPartition\u0027,RowKey=\u002704\u0027)",
        "Preference-Applied": "return-no-content",
        "Server": "Windows-Azure-Table/1.0 Microsoft-HTTPAPI/2.0",
        "X-Content-Type-Options": "nosniff",
        "x-ms-client-request-id": "7474a7671dfd98e7d1c9235ed559dfad",
        "x-ms-request-id": "abd990fa-c002-001e-5274-1fd8cc000000",
        "x-ms-version": "2019-02-02"
      },
      "ResponseBody": []
    },
    {
      "RequestUri": "https://jverazsdkprim.table.core.windows.net/testtableea1xh39p?$format=application%2Fjson%3Bodata%3Dminimalmetadata",
      "RequestMethod": "POST",
      "RequestHeaders": {
        "Accept": "application/json;odata=minimalmetadata",
        "Authorization": "Sanitized",
        "Content-Length": "648",
        "Content-Type": "application/json;odata=nometadata",
        "DataServiceVersion": "3.0",
        "Prefer": "return-no-content",
        "traceparent": "00-f5097d5b1b0dca4ea0c0830816697df8-8f54b547defd4949-00",
        "User-Agent": "azsdk-net-Data.Tables/12.0.0-alpha.20210322.1 (.NET Framework 4.8.4300.0; Microsoft Windows 10.0.19042 )",
        "x-ms-client-request-id": "6a6891516d09c8fa915800beeb8da72f",
        "x-ms-date": "Mon, 22 Mar 2021 23:38:05 GMT",
        "x-ms-return-client-request-id": "true",
        "x-ms-version": "2019-02-02"
      },
      "RequestBody": {
        "StringTypeProperty": "This is table entity number 05",
        "DatetimeTypeProperty": "2020-01-01T01:06:00.0000000Z",
        "DatetimeTypeProperty@odata.type": "Edm.DateTime",
        "DatetimeOffsetTypeProperty": "2020-01-01T01:06:00.0000000Z",
        "DatetimeOffsetTypeProperty@odata.type": "Edm.DateTime",
        "GuidTypeProperty": "0d391d16-97f1-4b9a-be68-4cc871f90005",
        "GuidTypeProperty@odata.type": "Edm.Guid",
        "BinaryTypeProperty": "AQIDBAU=",
        "BinaryTypeProperty@odata.type": "Edm.Binary",
        "Int64TypeProperty": "5",
        "Int64TypeProperty@odata.type": "Edm.Int64",
        "DoubleTypeProperty": 5,
        "DoubleTypeProperty@odata.type": "Edm.Double",
        "IntTypeProperty": 5,
        "PartitionKey": "somPartition",
        "RowKey": "05"
      },
      "StatusCode": 204,
      "ResponseHeaders": {
        "Cache-Control": "no-cache",
        "Content-Length": "0",
        "DataServiceId": "https://jverazsdkprim.table.core.windows.net/testtableea1xh39p(PartitionKey=\u0027somPartition\u0027,RowKey=\u002705\u0027)",
        "Date": "Mon, 22 Mar 2021 23:38:05 GMT",
        "ETag": "W/\u0022datetime\u00272021-03-22T23%3A38%3A06.4009566Z\u0027\u0022",
        "Location": "https://jverazsdkprim.table.core.windows.net/testtableea1xh39p(PartitionKey=\u0027somPartition\u0027,RowKey=\u002705\u0027)",
        "Preference-Applied": "return-no-content",
        "Server": "Windows-Azure-Table/1.0 Microsoft-HTTPAPI/2.0",
        "X-Content-Type-Options": "nosniff",
        "x-ms-client-request-id": "6a6891516d09c8fa915800beeb8da72f",
        "x-ms-request-id": "abd990fc-c002-001e-5474-1fd8cc000000",
        "x-ms-version": "2019-02-02"
      },
      "ResponseBody": []
    },
    {
      "RequestUri": "https://jverazsdkprim.table.core.windows.net/testtableea1xh39p?$format=application%2Fjson%3Bodata%3Dminimalmetadata",
      "RequestMethod": "POST",
      "RequestHeaders": {
        "Accept": "application/json;odata=minimalmetadata",
        "Authorization": "Sanitized",
        "Content-Length": "648",
        "Content-Type": "application/json;odata=nometadata",
        "DataServiceVersion": "3.0",
        "Prefer": "return-no-content",
        "traceparent": "00-fa792043123ff74084acd04a401c9ddc-72447c629e94e440-00",
        "User-Agent": "azsdk-net-Data.Tables/12.0.0-alpha.20210322.1 (.NET Framework 4.8.4300.0; Microsoft Windows 10.0.19042 )",
        "x-ms-client-request-id": "36c43a6cc7e5f8ae82564de833a23aee",
        "x-ms-date": "Mon, 22 Mar 2021 23:38:05 GMT",
        "x-ms-return-client-request-id": "true",
        "x-ms-version": "2019-02-02"
      },
      "RequestBody": {
        "StringTypeProperty": "This is table entity number 06",
        "DatetimeTypeProperty": "2020-01-01T01:07:00.0000000Z",
        "DatetimeTypeProperty@odata.type": "Edm.DateTime",
        "DatetimeOffsetTypeProperty": "2020-01-01T01:07:00.0000000Z",
        "DatetimeOffsetTypeProperty@odata.type": "Edm.DateTime",
        "GuidTypeProperty": "0d391d16-97f1-4b9a-be68-4cc871f90006",
        "GuidTypeProperty@odata.type": "Edm.Guid",
        "BinaryTypeProperty": "AQIDBAU=",
        "BinaryTypeProperty@odata.type": "Edm.Binary",
        "Int64TypeProperty": "6",
        "Int64TypeProperty@odata.type": "Edm.Int64",
        "DoubleTypeProperty": 6,
        "DoubleTypeProperty@odata.type": "Edm.Double",
        "IntTypeProperty": 6,
        "PartitionKey": "somPartition",
        "RowKey": "06"
      },
      "StatusCode": 204,
      "ResponseHeaders": {
        "Cache-Control": "no-cache",
        "Content-Length": "0",
        "DataServiceId": "https://jverazsdkprim.table.core.windows.net/testtableea1xh39p(PartitionKey=\u0027somPartition\u0027,RowKey=\u002706\u0027)",
        "Date": "Mon, 22 Mar 2021 23:38:05 GMT",
        "ETag": "W/\u0022datetime\u00272021-03-22T23%3A38%3A06.4429857Z\u0027\u0022",
        "Location": "https://jverazsdkprim.table.core.windows.net/testtableea1xh39p(PartitionKey=\u0027somPartition\u0027,RowKey=\u002706\u0027)",
        "Preference-Applied": "return-no-content",
        "Server": "Windows-Azure-Table/1.0 Microsoft-HTTPAPI/2.0",
        "X-Content-Type-Options": "nosniff",
        "x-ms-client-request-id": "36c43a6cc7e5f8ae82564de833a23aee",
        "x-ms-request-id": "abd990ff-c002-001e-5774-1fd8cc000000",
        "x-ms-version": "2019-02-02"
      },
      "ResponseBody": []
    },
    {
      "RequestUri": "https://jverazsdkprim.table.core.windows.net/testtableea1xh39p?$format=application%2Fjson%3Bodata%3Dminimalmetadata",
      "RequestMethod": "POST",
      "RequestHeaders": {
        "Accept": "application/json;odata=minimalmetadata",
        "Authorization": "Sanitized",
        "Content-Length": "648",
        "Content-Type": "application/json;odata=nometadata",
        "DataServiceVersion": "3.0",
        "Prefer": "return-no-content",
        "traceparent": "00-dabc4515fa254b4a91808240664d3ec0-2d856ea6e595a742-00",
        "User-Agent": "azsdk-net-Data.Tables/12.0.0-alpha.20210322.1 (.NET Framework 4.8.4300.0; Microsoft Windows 10.0.19042 )",
        "x-ms-client-request-id": "9b364f76ba93faa4adace3a51c28ad43",
        "x-ms-date": "Mon, 22 Mar 2021 23:38:05 GMT",
        "x-ms-return-client-request-id": "true",
        "x-ms-version": "2019-02-02"
      },
      "RequestBody": {
        "StringTypeProperty": "This is table entity number 07",
        "DatetimeTypeProperty": "2020-01-01T01:08:00.0000000Z",
        "DatetimeTypeProperty@odata.type": "Edm.DateTime",
        "DatetimeOffsetTypeProperty": "2020-01-01T01:08:00.0000000Z",
        "DatetimeOffsetTypeProperty@odata.type": "Edm.DateTime",
        "GuidTypeProperty": "0d391d16-97f1-4b9a-be68-4cc871f90007",
        "GuidTypeProperty@odata.type": "Edm.Guid",
        "BinaryTypeProperty": "AQIDBAU=",
        "BinaryTypeProperty@odata.type": "Edm.Binary",
        "Int64TypeProperty": "7",
        "Int64TypeProperty@odata.type": "Edm.Int64",
        "DoubleTypeProperty": 7,
        "DoubleTypeProperty@odata.type": "Edm.Double",
        "IntTypeProperty": 7,
        "PartitionKey": "somPartition",
        "RowKey": "07"
      },
      "StatusCode": 204,
      "ResponseHeaders": {
        "Cache-Control": "no-cache",
        "Content-Length": "0",
        "DataServiceId": "https://jverazsdkprim.table.core.windows.net/testtableea1xh39p(PartitionKey=\u0027somPartition\u0027,RowKey=\u002707\u0027)",
        "Date": "Mon, 22 Mar 2021 23:38:05 GMT",
        "ETag": "W/\u0022datetime\u00272021-03-22T23%3A38%3A06.4870167Z\u0027\u0022",
        "Location": "https://jverazsdkprim.table.core.windows.net/testtableea1xh39p(PartitionKey=\u0027somPartition\u0027,RowKey=\u002707\u0027)",
        "Preference-Applied": "return-no-content",
        "Server": "Windows-Azure-Table/1.0 Microsoft-HTTPAPI/2.0",
        "X-Content-Type-Options": "nosniff",
        "x-ms-client-request-id": "9b364f76ba93faa4adace3a51c28ad43",
        "x-ms-request-id": "abd99101-c002-001e-5974-1fd8cc000000",
        "x-ms-version": "2019-02-02"
      },
      "ResponseBody": []
    },
    {
      "RequestUri": "https://jverazsdkprim.table.core.windows.net/testtableea1xh39p?$format=application%2Fjson%3Bodata%3Dminimalmetadata",
      "RequestMethod": "POST",
      "RequestHeaders": {
        "Accept": "application/json;odata=minimalmetadata",
        "Authorization": "Sanitized",
        "Content-Length": "648",
        "Content-Type": "application/json;odata=nometadata",
        "DataServiceVersion": "3.0",
        "Prefer": "return-no-content",
        "traceparent": "00-29ec99f78d200c4cb57f5543f39aa6d2-cea9feb486722643-00",
        "User-Agent": "azsdk-net-Data.Tables/12.0.0-alpha.20210322.1 (.NET Framework 4.8.4300.0; Microsoft Windows 10.0.19042 )",
        "x-ms-client-request-id": "9bf1f321a9948ac7e370e7b21f1194ee",
        "x-ms-date": "Mon, 22 Mar 2021 23:38:05 GMT",
        "x-ms-return-client-request-id": "true",
        "x-ms-version": "2019-02-02"
      },
      "RequestBody": {
        "StringTypeProperty": "This is table entity number 08",
        "DatetimeTypeProperty": "2020-01-01T01:09:00.0000000Z",
        "DatetimeTypeProperty@odata.type": "Edm.DateTime",
        "DatetimeOffsetTypeProperty": "2020-01-01T01:09:00.0000000Z",
        "DatetimeOffsetTypeProperty@odata.type": "Edm.DateTime",
        "GuidTypeProperty": "0d391d16-97f1-4b9a-be68-4cc871f90008",
        "GuidTypeProperty@odata.type": "Edm.Guid",
        "BinaryTypeProperty": "AQIDBAU=",
        "BinaryTypeProperty@odata.type": "Edm.Binary",
        "Int64TypeProperty": "8",
        "Int64TypeProperty@odata.type": "Edm.Int64",
        "DoubleTypeProperty": 8,
        "DoubleTypeProperty@odata.type": "Edm.Double",
        "IntTypeProperty": 8,
        "PartitionKey": "somPartition",
        "RowKey": "08"
      },
      "StatusCode": 204,
      "ResponseHeaders": {
        "Cache-Control": "no-cache",
        "Content-Length": "0",
        "DataServiceId": "https://jverazsdkprim.table.core.windows.net/testtableea1xh39p(PartitionKey=\u0027somPartition\u0027,RowKey=\u002708\u0027)",
        "Date": "Mon, 22 Mar 2021 23:38:05 GMT",
        "ETag": "W/\u0022datetime\u00272021-03-22T23%3A38%3A06.5270456Z\u0027\u0022",
        "Location": "https://jverazsdkprim.table.core.windows.net/testtableea1xh39p(PartitionKey=\u0027somPartition\u0027,RowKey=\u002708\u0027)",
        "Preference-Applied": "return-no-content",
        "Server": "Windows-Azure-Table/1.0 Microsoft-HTTPAPI/2.0",
        "X-Content-Type-Options": "nosniff",
        "x-ms-client-request-id": "9bf1f321a9948ac7e370e7b21f1194ee",
        "x-ms-request-id": "abd99102-c002-001e-5a74-1fd8cc000000",
        "x-ms-version": "2019-02-02"
      },
      "ResponseBody": []
    },
    {
      "RequestUri": "https://jverazsdkprim.table.core.windows.net/testtableea1xh39p?$format=application%2Fjson%3Bodata%3Dminimalmetadata",
      "RequestMethod": "POST",
      "RequestHeaders": {
        "Accept": "application/json;odata=minimalmetadata",
        "Authorization": "Sanitized",
        "Content-Length": "648",
        "Content-Type": "application/json;odata=nometadata",
        "DataServiceVersion": "3.0",
        "Prefer": "return-no-content",
        "traceparent": "00-aadefee3aef41b4b81d89c220a9221db-c1d40e9f15a18b4f-00",
        "User-Agent": "azsdk-net-Data.Tables/12.0.0-alpha.20210322.1 (.NET Framework 4.8.4300.0; Microsoft Windows 10.0.19042 )",
        "x-ms-client-request-id": "9b48121e0c57b29c95ca8939e308db59",
        "x-ms-date": "Mon, 22 Mar 2021 23:38:05 GMT",
        "x-ms-return-client-request-id": "true",
        "x-ms-version": "2019-02-02"
      },
      "RequestBody": {
        "StringTypeProperty": "This is table entity number 09",
        "DatetimeTypeProperty": "2020-01-01T01:10:00.0000000Z",
        "DatetimeTypeProperty@odata.type": "Edm.DateTime",
        "DatetimeOffsetTypeProperty": "2020-01-01T01:10:00.0000000Z",
        "DatetimeOffsetTypeProperty@odata.type": "Edm.DateTime",
        "GuidTypeProperty": "0d391d16-97f1-4b9a-be68-4cc871f90009",
        "GuidTypeProperty@odata.type": "Edm.Guid",
        "BinaryTypeProperty": "AQIDBAU=",
        "BinaryTypeProperty@odata.type": "Edm.Binary",
        "Int64TypeProperty": "9",
        "Int64TypeProperty@odata.type": "Edm.Int64",
        "DoubleTypeProperty": 9,
        "DoubleTypeProperty@odata.type": "Edm.Double",
        "IntTypeProperty": 9,
        "PartitionKey": "somPartition",
        "RowKey": "09"
      },
      "StatusCode": 204,
      "ResponseHeaders": {
        "Cache-Control": "no-cache",
        "Content-Length": "0",
        "DataServiceId": "https://jverazsdkprim.table.core.windows.net/testtableea1xh39p(PartitionKey=\u0027somPartition\u0027,RowKey=\u002709\u0027)",
        "Date": "Mon, 22 Mar 2021 23:38:05 GMT",
        "ETag": "W/\u0022datetime\u00272021-03-22T23%3A38%3A06.5700761Z\u0027\u0022",
        "Location": "https://jverazsdkprim.table.core.windows.net/testtableea1xh39p(PartitionKey=\u0027somPartition\u0027,RowKey=\u002709\u0027)",
        "Preference-Applied": "return-no-content",
        "Server": "Windows-Azure-Table/1.0 Microsoft-HTTPAPI/2.0",
        "X-Content-Type-Options": "nosniff",
        "x-ms-client-request-id": "9b48121e0c57b29c95ca8939e308db59",
        "x-ms-request-id": "abd99105-c002-001e-5d74-1fd8cc000000",
        "x-ms-version": "2019-02-02"
      },
      "ResponseBody": []
    },
    {
      "RequestUri": "https://jverazsdkprim.table.core.windows.net/testtableea1xh39p?$format=application%2Fjson%3Bodata%3Dminimalmetadata",
      "RequestMethod": "POST",
      "RequestHeaders": {
        "Accept": "application/json;odata=minimalmetadata",
        "Authorization": "Sanitized",
        "Content-Length": "651",
        "Content-Type": "application/json;odata=nometadata",
        "DataServiceVersion": "3.0",
        "Prefer": "return-no-content",
        "traceparent": "00-444f9d5a13f0cd4e8588c2229402ec2e-75dc394133e7bb4f-00",
        "User-Agent": "azsdk-net-Data.Tables/12.0.0-alpha.20210322.1 (.NET Framework 4.8.4300.0; Microsoft Windows 10.0.19042 )",
        "x-ms-client-request-id": "3fc709a99fb0cc5987abb823d2f2da9b",
        "x-ms-date": "Mon, 22 Mar 2021 23:38:05 GMT",
        "x-ms-return-client-request-id": "true",
        "x-ms-version": "2019-02-02"
      },
      "RequestBody": {
        "StringTypeProperty": "This is table entity number 10",
        "DatetimeTypeProperty": "2020-01-01T01:11:00.0000000Z",
        "DatetimeTypeProperty@odata.type": "Edm.DateTime",
        "DatetimeOffsetTypeProperty": "2020-01-01T01:11:00.0000000Z",
        "DatetimeOffsetTypeProperty@odata.type": "Edm.DateTime",
        "GuidTypeProperty": "0d391d16-97f1-4b9a-be68-4cc871f90010",
        "GuidTypeProperty@odata.type": "Edm.Guid",
        "BinaryTypeProperty": "AQIDBAU=",
        "BinaryTypeProperty@odata.type": "Edm.Binary",
        "Int64TypeProperty": "10",
        "Int64TypeProperty@odata.type": "Edm.Int64",
        "DoubleTypeProperty": 10,
        "DoubleTypeProperty@odata.type": "Edm.Double",
        "IntTypeProperty": 10,
        "PartitionKey": "somPartition",
        "RowKey": "10"
      },
      "StatusCode": 204,
      "ResponseHeaders": {
        "Cache-Control": "no-cache",
        "Content-Length": "0",
        "DataServiceId": "https://jverazsdkprim.table.core.windows.net/testtableea1xh39p(PartitionKey=\u0027somPartition\u0027,RowKey=\u002710\u0027)",
        "Date": "Mon, 22 Mar 2021 23:38:05 GMT",
        "ETag": "W/\u0022datetime\u00272021-03-22T23%3A38%3A06.6111051Z\u0027\u0022",
        "Location": "https://jverazsdkprim.table.core.windows.net/testtableea1xh39p(PartitionKey=\u0027somPartition\u0027,RowKey=\u002710\u0027)",
        "Preference-Applied": "return-no-content",
        "Server": "Windows-Azure-Table/1.0 Microsoft-HTTPAPI/2.0",
        "X-Content-Type-Options": "nosniff",
        "x-ms-client-request-id": "3fc709a99fb0cc5987abb823d2f2da9b",
        "x-ms-request-id": "abd99108-c002-001e-6074-1fd8cc000000",
        "x-ms-version": "2019-02-02"
      },
      "ResponseBody": []
    },
    {
      "RequestUri": "https://jverazsdkprim.table.core.windows.net/testtableea1xh39p()?$format=application%2Fjson%3Bodata%3Dminimalmetadata\u0026$top=5\u0026$filter=PartitionKey%20eq%20%27somPartition%27",
      "RequestMethod": "GET",
      "RequestHeaders": {
        "Accept": "application/json;odata=minimalmetadata",
        "Authorization": "Sanitized",
        "DataServiceVersion": "3.0",
        "traceparent": "00-35091cd5524fc34288ceabdf55a55eb2-6a350d404c5f9e47-00",
        "User-Agent": "azsdk-net-Data.Tables/12.0.0-alpha.20210322.1 (.NET Framework 4.8.4300.0; Microsoft Windows 10.0.19042 )",
        "x-ms-client-request-id": "0a86f41711df15eb573f05c91f8da6da",
        "x-ms-date": "Mon, 22 Mar 2021 23:38:05 GMT",
        "x-ms-return-client-request-id": "true",
        "x-ms-version": "2019-02-02"
      },
      "RequestBody": null,
      "StatusCode": 200,
      "ResponseHeaders": {
        "Cache-Control": "no-cache",
        "Content-Type": "application/json;odata=minimalmetadata;streaming=true;charset=utf-8",
        "Date": "Mon, 22 Mar 2021 23:38:06 GMT",
        "Server": "Windows-Azure-Table/1.0 Microsoft-HTTPAPI/2.0",
        "Transfer-Encoding": "chunked",
        "X-Content-Type-Options": "nosniff",
        "x-ms-client-request-id": "0a86f41711df15eb573f05c91f8da6da",
        "x-ms-continuation-NextPartitionKey": "1!16!c29tUGFydGl0aW9u",
        "x-ms-continuation-NextRowKey": "1!4!MDY-",
        "x-ms-request-id": "abd9910b-c002-001e-6274-1fd8cc000000",
        "x-ms-version": "2019-02-02"
      },
      "ResponseBody": {
        "odata.metadata": "https://jverazsdkprim.table.core.windows.net/$metadata#testtableea1xh39p",
        "value": [
          {
            "odata.etag": "W/\u0022datetime\u00272021-03-22T23%3A38%3A06.2328359Z\u0027\u0022",
            "PartitionKey": "somPartition",
            "RowKey": "01",
            "Timestamp": "2021-03-22T23:38:06.2328359Z",
            "StringTypeProperty": "This is table entity number 01",
            "DatetimeTypeProperty@odata.type": "Edm.DateTime",
            "DatetimeTypeProperty": "2020-01-01T01:02:00Z",
            "DatetimeOffsetTypeProperty@odata.type": "Edm.DateTime",
            "DatetimeOffsetTypeProperty": "2020-01-01T01:02:00Z",
            "GuidTypeProperty@odata.type": "Edm.Guid",
            "GuidTypeProperty": "0d391d16-97f1-4b9a-be68-4cc871f90001",
            "BinaryTypeProperty@odata.type": "Edm.Binary",
            "BinaryTypeProperty": "AQIDBAU=",
            "Int64TypeProperty@odata.type": "Edm.Int64",
            "Int64TypeProperty": "1",
            "DoubleTypeProperty": 1.0,
            "IntTypeProperty": 1
          },
          {
            "odata.etag": "W/\u0022datetime\u00272021-03-22T23%3A38%3A06.2778673Z\u0027\u0022",
            "PartitionKey": "somPartition",
            "RowKey": "02",
            "Timestamp": "2021-03-22T23:38:06.2778673Z",
            "StringTypeProperty": "This is table entity number 02",
            "DatetimeTypeProperty@odata.type": "Edm.DateTime",
            "DatetimeTypeProperty": "2020-01-01T01:03:00Z",
            "DatetimeOffsetTypeProperty@odata.type": "Edm.DateTime",
            "DatetimeOffsetTypeProperty": "2020-01-01T01:03:00Z",
            "GuidTypeProperty@odata.type": "Edm.Guid",
            "GuidTypeProperty": "0d391d16-97f1-4b9a-be68-4cc871f90002",
            "BinaryTypeProperty@odata.type": "Edm.Binary",
            "BinaryTypeProperty": "AQIDBAU=",
            "Int64TypeProperty@odata.type": "Edm.Int64",
            "Int64TypeProperty": "2",
            "DoubleTypeProperty": 2.0,
            "IntTypeProperty": 2
          },
          {
            "odata.etag": "W/\u0022datetime\u00272021-03-22T23%3A38%3A06.3208986Z\u0027\u0022",
            "PartitionKey": "somPartition",
            "RowKey": "03",
            "Timestamp": "2021-03-22T23:38:06.3208986Z",
            "StringTypeProperty": "This is table entity number 03",
            "DatetimeTypeProperty@odata.type": "Edm.DateTime",
            "DatetimeTypeProperty": "2020-01-01T01:04:00Z",
            "DatetimeOffsetTypeProperty@odata.type": "Edm.DateTime",
            "DatetimeOffsetTypeProperty": "2020-01-01T01:04:00Z",
            "GuidTypeProperty@odata.type": "Edm.Guid",
            "GuidTypeProperty": "0d391d16-97f1-4b9a-be68-4cc871f90003",
            "BinaryTypeProperty@odata.type": "Edm.Binary",
            "BinaryTypeProperty": "AQIDBAU=",
            "Int64TypeProperty@odata.type": "Edm.Int64",
            "Int64TypeProperty": "3",
            "DoubleTypeProperty": 3.0,
            "IntTypeProperty": 3
          },
          {
            "odata.etag": "W/\u0022datetime\u00272021-03-22T23%3A38%3A06.3609272Z\u0027\u0022",
            "PartitionKey": "somPartition",
            "RowKey": "04",
            "Timestamp": "2021-03-22T23:38:06.3609272Z",
            "StringTypeProperty": "This is table entity number 04",
            "DatetimeTypeProperty@odata.type": "Edm.DateTime",
            "DatetimeTypeProperty": "2020-01-01T01:05:00Z",
            "DatetimeOffsetTypeProperty@odata.type": "Edm.DateTime",
            "DatetimeOffsetTypeProperty": "2020-01-01T01:05:00Z",
            "GuidTypeProperty@odata.type": "Edm.Guid",
            "GuidTypeProperty": "0d391d16-97f1-4b9a-be68-4cc871f90004",
            "BinaryTypeProperty@odata.type": "Edm.Binary",
            "BinaryTypeProperty": "AQIDBAU=",
            "Int64TypeProperty@odata.type": "Edm.Int64",
            "Int64TypeProperty": "4",
            "DoubleTypeProperty": 4.0,
            "IntTypeProperty": 4
          },
          {
            "odata.etag": "W/\u0022datetime\u00272021-03-22T23%3A38%3A06.4009566Z\u0027\u0022",
            "PartitionKey": "somPartition",
            "RowKey": "05",
            "Timestamp": "2021-03-22T23:38:06.4009566Z",
            "StringTypeProperty": "This is table entity number 05",
            "DatetimeTypeProperty@odata.type": "Edm.DateTime",
            "DatetimeTypeProperty": "2020-01-01T01:06:00Z",
            "DatetimeOffsetTypeProperty@odata.type": "Edm.DateTime",
            "DatetimeOffsetTypeProperty": "2020-01-01T01:06:00Z",
            "GuidTypeProperty@odata.type": "Edm.Guid",
            "GuidTypeProperty": "0d391d16-97f1-4b9a-be68-4cc871f90005",
            "BinaryTypeProperty@odata.type": "Edm.Binary",
            "BinaryTypeProperty": "AQIDBAU=",
            "Int64TypeProperty@odata.type": "Edm.Int64",
            "Int64TypeProperty": "5",
            "DoubleTypeProperty": 5.0,
            "IntTypeProperty": 5
          }
        ]
      }
    },
    {
      "RequestUri": "https://jverazsdkprim.table.core.windows.net/testtableea1xh39p()?$format=application%2Fjson%3Bodata%3Dminimalmetadata\u0026$top=5\u0026$filter=PartitionKey%20eq%20%27somPartition%27\u0026NextPartitionKey=1%2116%21c29tUGFydGl0aW9u\u0026NextRowKey=1%214%21MDY-",
      "RequestMethod": "GET",
      "RequestHeaders": {
        "Accept": "application/json;odata=minimalmetadata",
        "Authorization": "Sanitized",
        "DataServiceVersion": "3.0",
        "traceparent": "00-6dea4164270c3746ba7065dda8ffc761-8ea46346a4473b4a-00",
        "User-Agent": "azsdk-net-Data.Tables/12.0.0-alpha.20210322.1 (.NET Framework 4.8.4300.0; Microsoft Windows 10.0.19042 )",
        "x-ms-client-request-id": "15088e94554a7f3eb87b13ac5378dfa2",
        "x-ms-date": "Mon, 22 Mar 2021 23:38:05 GMT",
        "x-ms-return-client-request-id": "true",
        "x-ms-version": "2019-02-02"
      },
      "RequestBody": null,
      "StatusCode": 200,
      "ResponseHeaders": {
        "Cache-Control": "no-cache",
        "Content-Type": "application/json;odata=minimalmetadata;streaming=true;charset=utf-8",
        "Date": "Mon, 22 Mar 2021 23:38:06 GMT",
        "Server": "Windows-Azure-Table/1.0 Microsoft-HTTPAPI/2.0",
        "Transfer-Encoding": "chunked",
        "X-Content-Type-Options": "nosniff",
        "x-ms-client-request-id": "15088e94554a7f3eb87b13ac5378dfa2",
        "x-ms-request-id": "abd9910f-c002-001e-6674-1fd8cc000000",
        "x-ms-version": "2019-02-02"
      },
      "ResponseBody": {
        "odata.metadata": "https://jverazsdkprim.table.core.windows.net/$metadata#testtableea1xh39p",
        "value": [
          {
            "odata.etag": "W/\u0022datetime\u00272021-03-22T23%3A38%3A06.4429857Z\u0027\u0022",
            "PartitionKey": "somPartition",
            "RowKey": "06",
            "Timestamp": "2021-03-22T23:38:06.4429857Z",
            "StringTypeProperty": "This is table entity number 06",
            "DatetimeTypeProperty@odata.type": "Edm.DateTime",
            "DatetimeTypeProperty": "2020-01-01T01:07:00Z",
            "DatetimeOffsetTypeProperty@odata.type": "Edm.DateTime",
            "DatetimeOffsetTypeProperty": "2020-01-01T01:07:00Z",
            "GuidTypeProperty@odata.type": "Edm.Guid",
            "GuidTypeProperty": "0d391d16-97f1-4b9a-be68-4cc871f90006",
            "BinaryTypeProperty@odata.type": "Edm.Binary",
            "BinaryTypeProperty": "AQIDBAU=",
            "Int64TypeProperty@odata.type": "Edm.Int64",
            "Int64TypeProperty": "6",
            "DoubleTypeProperty": 6.0,
            "IntTypeProperty": 6
          },
          {
            "odata.etag": "W/\u0022datetime\u00272021-03-22T23%3A38%3A06.4870167Z\u0027\u0022",
            "PartitionKey": "somPartition",
            "RowKey": "07",
            "Timestamp": "2021-03-22T23:38:06.4870167Z",
            "StringTypeProperty": "This is table entity number 07",
            "DatetimeTypeProperty@odata.type": "Edm.DateTime",
            "DatetimeTypeProperty": "2020-01-01T01:08:00Z",
            "DatetimeOffsetTypeProperty@odata.type": "Edm.DateTime",
            "DatetimeOffsetTypeProperty": "2020-01-01T01:08:00Z",
            "GuidTypeProperty@odata.type": "Edm.Guid",
            "GuidTypeProperty": "0d391d16-97f1-4b9a-be68-4cc871f90007",
            "BinaryTypeProperty@odata.type": "Edm.Binary",
            "BinaryTypeProperty": "AQIDBAU=",
            "Int64TypeProperty@odata.type": "Edm.Int64",
            "Int64TypeProperty": "7",
            "DoubleTypeProperty": 7.0,
            "IntTypeProperty": 7
          },
          {
            "odata.etag": "W/\u0022datetime\u00272021-03-22T23%3A38%3A06.5270456Z\u0027\u0022",
            "PartitionKey": "somPartition",
            "RowKey": "08",
            "Timestamp": "2021-03-22T23:38:06.5270456Z",
            "StringTypeProperty": "This is table entity number 08",
            "DatetimeTypeProperty@odata.type": "Edm.DateTime",
            "DatetimeTypeProperty": "2020-01-01T01:09:00Z",
            "DatetimeOffsetTypeProperty@odata.type": "Edm.DateTime",
            "DatetimeOffsetTypeProperty": "2020-01-01T01:09:00Z",
            "GuidTypeProperty@odata.type": "Edm.Guid",
            "GuidTypeProperty": "0d391d16-97f1-4b9a-be68-4cc871f90008",
            "BinaryTypeProperty@odata.type": "Edm.Binary",
            "BinaryTypeProperty": "AQIDBAU=",
            "Int64TypeProperty@odata.type": "Edm.Int64",
            "Int64TypeProperty": "8",
            "DoubleTypeProperty": 8.0,
            "IntTypeProperty": 8
          },
          {
            "odata.etag": "W/\u0022datetime\u00272021-03-22T23%3A38%3A06.5700761Z\u0027\u0022",
            "PartitionKey": "somPartition",
            "RowKey": "09",
            "Timestamp": "2021-03-22T23:38:06.5700761Z",
            "StringTypeProperty": "This is table entity number 09",
            "DatetimeTypeProperty@odata.type": "Edm.DateTime",
            "DatetimeTypeProperty": "2020-01-01T01:10:00Z",
            "DatetimeOffsetTypeProperty@odata.type": "Edm.DateTime",
            "DatetimeOffsetTypeProperty": "2020-01-01T01:10:00Z",
            "GuidTypeProperty@odata.type": "Edm.Guid",
            "GuidTypeProperty": "0d391d16-97f1-4b9a-be68-4cc871f90009",
            "BinaryTypeProperty@odata.type": "Edm.Binary",
            "BinaryTypeProperty": "AQIDBAU=",
            "Int64TypeProperty@odata.type": "Edm.Int64",
            "Int64TypeProperty": "9",
            "DoubleTypeProperty": 9.0,
            "IntTypeProperty": 9
          },
          {
            "odata.etag": "W/\u0022datetime\u00272021-03-22T23%3A38%3A06.6111051Z\u0027\u0022",
            "PartitionKey": "somPartition",
            "RowKey": "10",
            "Timestamp": "2021-03-22T23:38:06.6111051Z",
            "StringTypeProperty": "This is table entity number 10",
            "DatetimeTypeProperty@odata.type": "Edm.DateTime",
            "DatetimeTypeProperty": "2020-01-01T01:11:00Z",
            "DatetimeOffsetTypeProperty@odata.type": "Edm.DateTime",
            "DatetimeOffsetTypeProperty": "2020-01-01T01:11:00Z",
            "GuidTypeProperty@odata.type": "Edm.Guid",
            "GuidTypeProperty": "0d391d16-97f1-4b9a-be68-4cc871f90010",
            "BinaryTypeProperty@odata.type": "Edm.Binary",
            "BinaryTypeProperty": "AQIDBAU=",
            "Int64TypeProperty@odata.type": "Edm.Int64",
            "Int64TypeProperty": "10",
            "DoubleTypeProperty": 10.0,
            "IntTypeProperty": 10
          }
        ]
      }
    },
    {
      "RequestUri": "https://jverazsdkprim.table.core.windows.net/Tables(\u0027testtableea1xh39p\u0027)",
      "RequestMethod": "DELETE",
      "RequestHeaders": {
        "Accept": "application/json",
        "Authorization": "Sanitized",
        "traceparent": "00-ffb6d5a8a6c6b64c99ea76c88dc2daf8-a937ea2db6db6848-00",
        "User-Agent": "azsdk-net-Data.Tables/12.0.0-alpha.20210322.1 (.NET Framework 4.8.4300.0; Microsoft Windows 10.0.19042 )",
        "x-ms-client-request-id": "ef21eef0d18297791db1e8709990adfa",
        "x-ms-date": "Mon, 22 Mar 2021 23:38:05 GMT",
        "x-ms-return-client-request-id": "true",
        "x-ms-version": "2019-02-02"
      },
      "RequestBody": null,
      "StatusCode": 204,
      "ResponseHeaders": {
        "Cache-Control": "no-cache",
        "Content-Length": "0",
        "Date": "Mon, 22 Mar 2021 23:38:06 GMT",
        "Server": "Windows-Azure-Table/1.0 Microsoft-HTTPAPI/2.0",
        "X-Content-Type-Options": "nosniff",
        "x-ms-client-request-id": "ef21eef0d18297791db1e8709990adfa",
        "x-ms-request-id": "abd99110-c002-001e-6774-1fd8cc000000",
        "x-ms-version": "2019-02-02"
      },
      "ResponseBody": []
    }
  ],
  "Variables": {
    "RandomSeed": "1546684658",
    "STORAGE_ENDPOINT_SUFFIX": "core.windows.net",
    "TABLES_PRIMARY_STORAGE_ACCOUNT_KEY": "Kg==",
    "TABLES_STORAGE_ACCOUNT_NAME": "jverazsdkprim"
  }
}