{
  "Entries": [
    {
      "RequestUri": "https://chrissscratch.table.core.windows.net/Tables?$format=application%2Fjson%3Bodata%3Dfullmetadata",
      "RequestMethod": "POST",
      "RequestHeaders": {
        "Accept": "application/json",
        "Authorization": "Sanitized",
        "Content-Length": "33",
        "Content-Type": "application/json; odata=nometadata",
        "DataServiceVersion": "3.0",
        "traceparent": "00-7d118a61bc4cf4489a6d2c416808668d-81275a587f42d745-00",
        "User-Agent": [
          "azsdk-net-Data.Tables/1.0.0-dev.20200717.1",
          "(.NET Core 4.6.29017.01; Microsoft Windows 10.0.18363 )"
        ],
        "x-ms-client-request-id": "710cc55e6c1a09cc63d0658e4430d5db",
        "x-ms-date": "Fri, 17 Jul 2020 22:09:22 GMT",
        "x-ms-return-client-request-id": "true",
        "x-ms-version": "2019-02-02"
      },
      "RequestBody": {
        "TableName": "testtableydtygz76"
      },
      "StatusCode": 201,
      "ResponseHeaders": {
        "Cache-Control": "no-cache",
        "Content-Type": "application/json; odata=fullmetadata; streaming=true; charset=utf-8",
        "Date": "Fri, 17 Jul 2020 22:09:21 GMT",
        "Location": "https://chrissscratch.table.core.windows.net/Tables(\u0027testtableydtygz76\u0027)",
        "Server": [
          "Windows-Azure-Table/1.0",
          "Microsoft-HTTPAPI/2.0"
        ],
        "Transfer-Encoding": "chunked",
        "X-Content-Type-Options": "nosniff",
        "x-ms-client-request-id": "710cc55e6c1a09cc63d0658e4430d5db",
        "x-ms-request-id": "9b332701-4002-002c-4986-5c46d5000000",
        "x-ms-version": "2019-02-02"
      },
      "ResponseBody": {
        "odata.metadata": "https://chrissscratch.table.core.windows.net/$metadata#Tables/@Element",
        "odata.type": "chrissscratch.Tables",
        "odata.id": "https://chrissscratch.table.core.windows.net/Tables(\u0027testtableydtygz76\u0027)",
        "odata.editLink": "Tables(\u0027testtableydtygz76\u0027)",
        "TableName": "testtableydtygz76"
      }
    },
    {
      "RequestUri": "https://chrissscratch.table.core.windows.net/testtableydtygz76?$format=application%2Fjson%3Bodata%3Dfullmetadata",
      "RequestMethod": "POST",
      "RequestHeaders": {
        "Accept": "application/json",
        "Authorization": "Sanitized",
        "Content-Length": "1739",
        "Content-Type": "application/json; odata=nometadata",
        "DataServiceVersion": "3.0",
        "traceparent": "00-8efb6ad34dc6dd4eb6c749c52357cd7d-1009f9970735794b-00",
        "User-Agent": [
          "azsdk-net-Data.Tables/1.0.0-dev.20200717.1",
          "(.NET Core 4.6.29017.01; Microsoft Windows 10.0.18363 )"
        ],
        "x-ms-client-request-id": "c6ef5e79a3f54ff106bf795396256c54",
        "x-ms-date": "Fri, 17 Jul 2020 22:09:22 GMT",
        "x-ms-return-client-request-id": "true",
        "x-ms-version": "2019-02-02"
      },
      "RequestBody": {
        "DateTimeOffsetNull": null,
        "DateTimeOffsetN": "2020-01-01T01:02:00.0000000Z",
        "DateTimeOffsetN@odata.type": "Edm.DateTime",
        "DateTimeOffset": "2020-01-01T01:02:00.0000000Z",
        "DateTimeOffset@odata.type": "Edm.DateTime",
        "DateTimeNull": null,
        "DateTimeN": "2020-01-01T01:02:00.0000000Z",
        "DateTimeN@odata.type": "Edm.DateTime",
        "DateTime": "2020-01-01T01:02:00.0000000Z",
        "DateTime@odata.type": "Edm.DateTime",
        "DateTimeAsString": "2020-01-01T01:02:00.0000000Z",
        "BoolNull": null,
        "BoolN": false,
        "Bool": false,
        "BoolPrimitiveNull": null,
        "BoolPrimitiveN": false,
        "BoolPrimitive": false,
        "Binary": "AQIB",
        "Binary@odata.type": "Edm.Binary",
        "BinaryNull": null,
        "BinaryPrimitive": "AQIB",
        "BinaryPrimitive@odata.type": "Edm.Binary",
        "DoublePrimitiveNull": null,
        "DoublePrimitiveN": 1.01,
        "DoublePrimitiveN@odata.type": "Edm.Double",
        "DoublePrimitive": 1.01,
        "DoublePrimitive@odata.type": "Edm.Double",
        "DoubleNull": null,
        "DoubleN": 1.01,
        "DoubleN@odata.type": "Edm.Double",
        "Double": 1.01,
        "Double@odata.type": "Edm.Double",
        "DoubleInteger": 1,
        "DoubleInteger@odata.type": "Edm.Double",
        "GuidNull": null,
        "GuidN": "0d391d16-97f1-4b9a-be68-4cc871f90001",
        "GuidN@odata.type": "Edm.Guid",
        "Guid": "0d391d16-97f1-4b9a-be68-4cc871f90001",
        "Guid@odata.type": "Edm.Guid",
        "IntegerPrimitiveNull": null,
        "IntegerPrimitiveN": 1,
        "IntegerPrimitive": 1,
        "Int32Null": null,
        "Int32N": 1,
        "Int32": 1,
        "LongPrimitiveNull": null,
        "LongPrimitiveN": "2147483648",
        "LongPrimitiveN@odata.type": "Edm.Int64",
        "LongPrimitive": "2147483648",
        "LongPrimitive@odata.type": "Edm.Int64",
        "Int64Null": null,
        "Int64N": "123456789012",
        "Int64N@odata.type": "Edm.Int64",
        "Int64": "2147483648",
        "Int64@odata.type": "Edm.Int64",
        "String": "0001",
        "PartitionKey": "somPartition",
        "RowKey": "0001",
        "Timestamp": "0001-01-01T00:00:00.0000000Z",
        "Timestamp@odata.type": "Edm.DateTime",
        "ETag": null
      },
      "StatusCode": 201,
      "ResponseHeaders": {
        "Cache-Control": "no-cache",
        "Content-Type": "application/json; odata=fullmetadata; streaming=true; charset=utf-8",
        "Date": "Fri, 17 Jul 2020 22:09:21 GMT",
        "ETag": "W/\u0022datetime\u00272020-07-17T22%3A09%3A22.2948685Z\u0027\u0022",
        "Location": "https://chrissscratch.table.core.windows.net/testtableydtygz76(PartitionKey=\u0027somPartition\u0027,RowKey=\u00270001\u0027)",
        "Server": [
          "Windows-Azure-Table/1.0",
          "Microsoft-HTTPAPI/2.0"
        ],
        "Transfer-Encoding": "chunked",
        "X-Content-Type-Options": "nosniff",
        "x-ms-client-request-id": "c6ef5e79a3f54ff106bf795396256c54",
        "x-ms-request-id": "9b33270d-4002-002c-5486-5c46d5000000",
        "x-ms-version": "2019-02-02"
      },
      "ResponseBody": {
        "odata.metadata": "https://chrissscratch.table.core.windows.net/$metadata#testtableydtygz76/@Element",
        "odata.type": "chrissscratch.testtableydtygz76",
        "odata.id": "https://chrissscratch.table.core.windows.net/testtableydtygz76(PartitionKey=\u0027somPartition\u0027,RowKey=\u00270001\u0027)",
        "odata.etag": "W/\u0022datetime\u00272020-07-17T22%3A09%3A22.2948685Z\u0027\u0022",
        "odata.editLink": "testtableydtygz76(PartitionKey=\u0027somPartition\u0027,RowKey=\u00270001\u0027)",
        "PartitionKey": "somPartition",
        "RowKey": "0001",
        "Timestamp@odata.type": "Edm.DateTime",
        "Timestamp": "2020-07-17T22:09:22.2948685Z",
        "DateTimeOffsetN@odata.type": "Edm.DateTime",
        "DateTimeOffsetN": "2020-01-01T01:02:00Z",
        "DateTimeOffset@odata.type": "Edm.DateTime",
        "DateTimeOffset": "2020-01-01T01:02:00Z",
        "DateTimeN@odata.type": "Edm.DateTime",
        "DateTimeN": "2020-01-01T01:02:00Z",
        "DateTime@odata.type": "Edm.DateTime",
        "DateTime": "2020-01-01T01:02:00Z",
        "DateTimeAsString": "2020-01-01T01:02:00.0000000Z",
        "BoolN": false,
        "Bool": false,
        "BoolPrimitiveN": false,
        "BoolPrimitive": false,
        "Binary@odata.type": "Edm.Binary",
        "Binary": "AQIB",
        "BinaryPrimitive@odata.type": "Edm.Binary",
        "BinaryPrimitive": "AQIB",
        "DoublePrimitiveN": 1.01,
        "DoublePrimitive": 1.01,
        "DoubleN": 1.01,
        "Double": 1.01,
        "DoubleInteger": 1.0,
        "GuidN@odata.type": "Edm.Guid",
        "GuidN": "0d391d16-97f1-4b9a-be68-4cc871f90001",
        "Guid@odata.type": "Edm.Guid",
        "Guid": "0d391d16-97f1-4b9a-be68-4cc871f90001",
        "IntegerPrimitiveN": 1,
        "IntegerPrimitive": 1,
        "Int32N": 1,
        "Int32": 1,
        "LongPrimitiveN@odata.type": "Edm.Int64",
        "LongPrimitiveN": "2147483648",
        "LongPrimitive@odata.type": "Edm.Int64",
        "LongPrimitive": "2147483648",
        "Int64N@odata.type": "Edm.Int64",
        "Int64N": "123456789012",
        "Int64@odata.type": "Edm.Int64",
        "Int64": "2147483648",
        "String": "0001"
      }
    },
    {
      "RequestUri": "https://chrissscratch.table.core.windows.net/testtableydtygz76?$format=application%2Fjson%3Bodata%3Dfullmetadata",
      "RequestMethod": "POST",
      "RequestHeaders": {
        "Accept": "application/json",
        "Authorization": "Sanitized",
        "Content-Length": "1737",
        "Content-Type": "application/json; odata=nometadata",
        "DataServiceVersion": "3.0",
        "traceparent": "00-5d59065855d39f48acb1ededef14befb-5631a0de037cd749-00",
        "User-Agent": [
          "azsdk-net-Data.Tables/1.0.0-dev.20200717.1",
          "(.NET Core 4.6.29017.01; Microsoft Windows 10.0.18363 )"
        ],
        "x-ms-client-request-id": "1fe634ff71511ccdabb2c92a1a88aa91",
        "x-ms-date": "Fri, 17 Jul 2020 22:09:22 GMT",
        "x-ms-return-client-request-id": "true",
        "x-ms-version": "2019-02-02"
      },
      "RequestBody": {
        "DateTimeOffsetNull": null,
        "DateTimeOffsetN": "2020-01-01T01:03:00.0000000Z",
        "DateTimeOffsetN@odata.type": "Edm.DateTime",
        "DateTimeOffset": "2020-01-01T01:03:00.0000000Z",
        "DateTimeOffset@odata.type": "Edm.DateTime",
        "DateTimeNull": null,
        "DateTimeN": "2020-01-01T01:03:00.0000000Z",
        "DateTimeN@odata.type": "Edm.DateTime",
        "DateTime": "2020-01-01T01:03:00.0000000Z",
        "DateTime@odata.type": "Edm.DateTime",
        "DateTimeAsString": "2020-01-01T01:03:00.0000000Z",
        "BoolNull": null,
        "BoolN": false,
        "Bool": true,
        "BoolPrimitiveNull": null,
        "BoolPrimitiveN": false,
        "BoolPrimitive": true,
        "Binary": "AQIC",
        "Binary@odata.type": "Edm.Binary",
        "BinaryNull": null,
        "BinaryPrimitive": "AQIC",
        "BinaryPrimitive@odata.type": "Edm.Binary",
        "DoublePrimitiveNull": null,
        "DoublePrimitiveN": 2.02,
        "DoublePrimitiveN@odata.type": "Edm.Double",
        "DoublePrimitive": 2.02,
        "DoublePrimitive@odata.type": "Edm.Double",
        "DoubleNull": null,
        "DoubleN": 2.02,
        "DoubleN@odata.type": "Edm.Double",
        "Double": 2.02,
        "Double@odata.type": "Edm.Double",
        "DoubleInteger": 2,
        "DoubleInteger@odata.type": "Edm.Double",
        "GuidNull": null,
        "GuidN": "0d391d16-97f1-4b9a-be68-4cc871f90002",
        "GuidN@odata.type": "Edm.Guid",
        "Guid": "0d391d16-97f1-4b9a-be68-4cc871f90002",
        "Guid@odata.type": "Edm.Guid",
        "IntegerPrimitiveNull": null,
        "IntegerPrimitiveN": 2,
        "IntegerPrimitive": 2,
        "Int32Null": null,
        "Int32N": 2,
        "Int32": 2,
        "LongPrimitiveNull": null,
        "LongPrimitiveN": "2147483649",
        "LongPrimitiveN@odata.type": "Edm.Int64",
        "LongPrimitive": "2147483649",
        "LongPrimitive@odata.type": "Edm.Int64",
        "Int64Null": null,
        "Int64N": "123456789012",
        "Int64N@odata.type": "Edm.Int64",
        "Int64": "2147483649",
        "Int64@odata.type": "Edm.Int64",
        "String": "0002",
        "PartitionKey": "somPartition",
        "RowKey": "0002",
        "Timestamp": "0001-01-01T00:00:00.0000000Z",
        "Timestamp@odata.type": "Edm.DateTime",
        "ETag": null
      },
      "StatusCode": 201,
      "ResponseHeaders": {
        "Cache-Control": "no-cache",
        "Content-Type": "application/json; odata=fullmetadata; streaming=true; charset=utf-8",
        "Date": "Fri, 17 Jul 2020 22:09:21 GMT",
        "ETag": "W/\u0022datetime\u00272020-07-17T22%3A09%3A22.3399064Z\u0027\u0022",
        "Location": "https://chrissscratch.table.core.windows.net/testtableydtygz76(PartitionKey=\u0027somPartition\u0027,RowKey=\u00270002\u0027)",
        "Server": [
          "Windows-Azure-Table/1.0",
          "Microsoft-HTTPAPI/2.0"
        ],
        "Transfer-Encoding": "chunked",
        "X-Content-Type-Options": "nosniff",
        "x-ms-client-request-id": "1fe634ff71511ccdabb2c92a1a88aa91",
        "x-ms-request-id": "9b332714-4002-002c-5b86-5c46d5000000",
        "x-ms-version": "2019-02-02"
      },
      "ResponseBody": {
        "odata.metadata": "https://chrissscratch.table.core.windows.net/$metadata#testtableydtygz76/@Element",
        "odata.type": "chrissscratch.testtableydtygz76",
        "odata.id": "https://chrissscratch.table.core.windows.net/testtableydtygz76(PartitionKey=\u0027somPartition\u0027,RowKey=\u00270002\u0027)",
        "odata.etag": "W/\u0022datetime\u00272020-07-17T22%3A09%3A22.3399064Z\u0027\u0022",
        "odata.editLink": "testtableydtygz76(PartitionKey=\u0027somPartition\u0027,RowKey=\u00270002\u0027)",
        "PartitionKey": "somPartition",
        "RowKey": "0002",
        "Timestamp@odata.type": "Edm.DateTime",
        "Timestamp": "2020-07-17T22:09:22.3399064Z",
        "DateTimeOffsetN@odata.type": "Edm.DateTime",
        "DateTimeOffsetN": "2020-01-01T01:03:00Z",
        "DateTimeOffset@odata.type": "Edm.DateTime",
        "DateTimeOffset": "2020-01-01T01:03:00Z",
        "DateTimeN@odata.type": "Edm.DateTime",
        "DateTimeN": "2020-01-01T01:03:00Z",
        "DateTime@odata.type": "Edm.DateTime",
        "DateTime": "2020-01-01T01:03:00Z",
        "DateTimeAsString": "2020-01-01T01:03:00.0000000Z",
        "BoolN": false,
        "Bool": true,
        "BoolPrimitiveN": false,
        "BoolPrimitive": true,
        "Binary@odata.type": "Edm.Binary",
        "Binary": "AQIC",
        "BinaryPrimitive@odata.type": "Edm.Binary",
        "BinaryPrimitive": "AQIC",
        "DoublePrimitiveN": 2.02,
        "DoublePrimitive": 2.02,
        "DoubleN": 2.02,
        "Double": 2.02,
        "DoubleInteger": 2.0,
        "GuidN@odata.type": "Edm.Guid",
        "GuidN": "0d391d16-97f1-4b9a-be68-4cc871f90002",
        "Guid@odata.type": "Edm.Guid",
        "Guid": "0d391d16-97f1-4b9a-be68-4cc871f90002",
        "IntegerPrimitiveN": 2,
        "IntegerPrimitive": 2,
        "Int32N": 2,
        "Int32": 2,
        "LongPrimitiveN@odata.type": "Edm.Int64",
        "LongPrimitiveN": "2147483649",
        "LongPrimitive@odata.type": "Edm.Int64",
        "LongPrimitive": "2147483649",
        "Int64N@odata.type": "Edm.Int64",
        "Int64N": "123456789012",
        "Int64@odata.type": "Edm.Int64",
        "Int64": "2147483649",
        "String": "0002"
      }
    },
    {
      "RequestUri": "https://chrissscratch.table.core.windows.net/testtableydtygz76()?$format=application%2Fjson%3Bodata%3Dfullmetadata\u0026$filter=%28PartitionKey%20eq%20%27somPartition%27%29%20and%20%28RowKey%20eq%20%270002%27%29",
      "RequestMethod": "GET",
      "RequestHeaders": {
        "Accept": "application/json",
        "Authorization": "Sanitized",
        "DataServiceVersion": "3.0",
        "User-Agent": [
          "azsdk-net-Data.Tables/1.0.0-dev.20200717.1",
          "(.NET Core 4.6.29017.01; Microsoft Windows 10.0.18363 )"
        ],
        "x-ms-client-request-id": "1d8bf2c9b234bb9dd4bd6b5af378733e",
        "x-ms-date": "Fri, 17 Jul 2020 22:09:22 GMT",
        "x-ms-return-client-request-id": "true",
        "x-ms-version": "2019-02-02"
      },
      "RequestBody": null,
      "StatusCode": 200,
      "ResponseHeaders": {
        "Cache-Control": "no-cache",
        "Content-Type": "application/json; odata=fullmetadata; streaming=true; charset=utf-8",
        "Date": "Fri, 17 Jul 2020 22:09:21 GMT",
        "Server": [
          "Windows-Azure-Table/1.0",
          "Microsoft-HTTPAPI/2.0"
        ],
        "Transfer-Encoding": "chunked",
        "X-Content-Type-Options": "nosniff",
        "x-ms-client-request-id": "1d8bf2c9b234bb9dd4bd6b5af378733e",
        "x-ms-request-id": "9b33271c-4002-002c-6186-5c46d5000000",
        "x-ms-version": "2019-02-02"
      },
      "ResponseBody": {
        "odata.metadata": "https://chrissscratch.table.core.windows.net/$metadata#testtableydtygz76",
        "value": [
          {
            "odata.type": "chrissscratch.testtableydtygz76",
            "odata.id": "https://chrissscratch.table.core.windows.net/testtableydtygz76(PartitionKey=\u0027somPartition\u0027,RowKey=\u00270002\u0027)",
            "odata.etag": "W/\u0022datetime\u00272020-07-17T22%3A09%3A22.3399064Z\u0027\u0022",
            "odata.editLink": "testtableydtygz76(PartitionKey=\u0027somPartition\u0027,RowKey=\u00270002\u0027)",
            "PartitionKey": "somPartition",
            "RowKey": "0002",
            "Timestamp@odata.type": "Edm.DateTime",
            "Timestamp": "2020-07-17T22:09:22.3399064Z",
            "DateTimeOffsetN@odata.type": "Edm.DateTime",
            "DateTimeOffsetN": "2020-01-01T01:03:00Z",
            "DateTimeOffset@odata.type": "Edm.DateTime",
            "DateTimeOffset": "2020-01-01T01:03:00Z",
            "DateTimeN@odata.type": "Edm.DateTime",
            "DateTimeN": "2020-01-01T01:03:00Z",
            "DateTime@odata.type": "Edm.DateTime",
            "DateTime": "2020-01-01T01:03:00Z",
            "DateTimeAsString": "2020-01-01T01:03:00.0000000Z",
            "BoolN": false,
            "Bool": true,
            "BoolPrimitiveN": false,
            "BoolPrimitive": true,
            "Binary@odata.type": "Edm.Binary",
            "Binary": "AQIC",
            "BinaryPrimitive@odata.type": "Edm.Binary",
            "BinaryPrimitive": "AQIC",
            "DoublePrimitiveN": 2.02,
            "DoublePrimitive": 2.02,
            "DoubleN": 2.02,
            "Double": 2.02,
            "DoubleInteger": 2.0,
            "GuidN@odata.type": "Edm.Guid",
            "GuidN": "0d391d16-97f1-4b9a-be68-4cc871f90002",
            "Guid@odata.type": "Edm.Guid",
            "Guid": "0d391d16-97f1-4b9a-be68-4cc871f90002",
            "IntegerPrimitiveN": 2,
            "IntegerPrimitive": 2,
            "Int32N": 2,
            "Int32": 2,
            "LongPrimitiveN@odata.type": "Edm.Int64",
            "LongPrimitiveN": "2147483649",
            "LongPrimitive@odata.type": "Edm.Int64",
            "LongPrimitive": "2147483649",
            "Int64N@odata.type": "Edm.Int64",
            "Int64N": "123456789012",
            "Int64@odata.type": "Edm.Int64",
            "Int64": "2147483649",
            "String": "0002"
          }
        ]
      }
    },
    {
      "RequestUri": "https://chrissscratch.table.core.windows.net/Tables(\u0027testtableydtygz76\u0027)",
      "RequestMethod": "DELETE",
      "RequestHeaders": {
        "Accept": "application/json",
        "Authorization": "Sanitized",
        "traceparent": "00-004c093253f4ca4b8a85eae08e7e8de2-a12b2a5233f01d48-00",
        "User-Agent": [
          "azsdk-net-Data.Tables/1.0.0-dev.20200717.1",
          "(.NET Core 4.6.29017.01; Microsoft Windows 10.0.18363 )"
        ],
        "x-ms-client-request-id": "0f8e1064b64a088a90d31a42d9c6347d",
        "x-ms-date": "Fri, 17 Jul 2020 22:09:22 GMT",
        "x-ms-return-client-request-id": "true",
        "x-ms-version": "2019-02-02"
      },
      "RequestBody": null,
      "StatusCode": 204,
      "ResponseHeaders": {
        "Cache-Control": "no-cache",
        "Content-Length": "0",
        "Date": "Fri, 17 Jul 2020 22:09:21 GMT",
        "Server": [
          "Windows-Azure-Table/1.0",
          "Microsoft-HTTPAPI/2.0"
        ],
        "X-Content-Type-Options": "nosniff",
        "x-ms-client-request-id": "0f8e1064b64a088a90d31a42d9c6347d",
        "x-ms-request-id": "9b332725-4002-002c-6a86-5c46d5000000",
        "x-ms-version": "2019-02-02"
      },
      "ResponseBody": []
    }
  ],
  "Variables": {
    "RandomSeed": "1765971265",
    "TABLES_PRIMARY_STORAGE_ACCOUNT_KEY": "",
    "TABLES_STORAGE_ACCOUNT_NAME": "chrissscratch"
  }
}