{
  "Entries": [
    {
      "RequestUri": "https://allkimprim.table.core.windows.net/Tables?$format=application%2Fjson%3Bodata%3Dfullmetadata",
      "RequestMethod": "POST",
      "RequestHeaders": {
        "Accept": "application/json",
        "Authorization": "Sanitized",
        "Content-Length": "33",
        "Content-Type": "application/json; odata=nometadata",
        "DataServiceVersion": "3.0",
        "traceparent": "00-0a4ce65d9f477f40be686fd7028c029e-7b70475768ae624a-00",
        "User-Agent": [
          "azsdk-net-Data.Tables/1.0.0-dev.20200724.1",
          "(.NET Core 4.6.29017.01; Microsoft Windows 10.0.19041 )"
        ],
        "x-ms-client-request-id": "ef06d3e454aa6991963cf917057944df",
        "x-ms-date": "Sat, 25 Jul 2020 01:23:57 GMT",
        "x-ms-return-client-request-id": "true",
        "x-ms-version": "2019-02-02"
      },
      "RequestBody": {
        "TableName": "testtable3rgiegyq"
      },
      "StatusCode": 201,
      "ResponseHeaders": {
        "Cache-Control": "no-cache",
        "Content-Type": "application/json; odata=fullmetadata; streaming=true; charset=utf-8",
        "Date": "Sat, 25 Jul 2020 01:23:53 GMT",
        "Location": "https://allkimprim.table.core.windows.net/Tables(\u0027testtable3rgiegyq\u0027)",
        "Server": [
          "Windows-Azure-Table/1.0",
          "Microsoft-HTTPAPI/2.0"
        ],
        "Transfer-Encoding": "chunked",
        "X-Content-Type-Options": "nosniff",
        "x-ms-client-request-id": "ef06d3e454aa6991963cf917057944df",
        "x-ms-request-id": "4c83f6a5-d002-007e-3222-620faa000000",
        "x-ms-version": "2019-02-02"
      },
      "ResponseBody": {
        "odata.metadata": "https://allkimprim.table.core.windows.net/$metadata#Tables/@Element",
        "odata.type": "allkimprim.Tables",
        "odata.id": "https://allkimprim.table.core.windows.net/Tables(\u0027testtable3rgiegyq\u0027)",
        "odata.editLink": "Tables(\u0027testtable3rgiegyq\u0027)",
        "TableName": "testtable3rgiegyq"
      }
    },
    {
      "RequestUri": "https://allkimprim.table.core.windows.net/testtable3rgiegyq?$format=application%2Fjson%3Bodata%3Dfullmetadata",
      "RequestMethod": "POST",
      "RequestHeaders": {
        "Accept": "application/json",
        "Authorization": "Sanitized",
        "Content-Length": "1675",
        "Content-Type": "application/json; odata=nometadata",
        "DataServiceVersion": "3.0",
        "traceparent": "00-089e91f2e7639c48abb62e217310b764-8a1d9107bfa22640-00",
        "User-Agent": [
          "azsdk-net-Data.Tables/1.0.0-dev.20200724.1",
          "(.NET Core 4.6.29017.01; Microsoft Windows 10.0.19041 )"
        ],
        "x-ms-client-request-id": "599e0fc7bcd3d3564484dabc55aae15d",
        "x-ms-date": "Sat, 25 Jul 2020 01:23:57 GMT",
        "x-ms-return-client-request-id": "true",
        "x-ms-version": "2019-02-02"
      },
      "RequestBody": {
        "DateTimeOffsetNull": null,
        "DateTimeOffsetN": "2020-01-01T01:02:00.0000000Z",
        "DateTimeOffsetN@odata.type": "Edm.DateTime",
        "DateTimeOffset": "2020-01-01T01:02:00.0000000Z",
        "DateTimeOffset@odata.type": "Edm.DateTime",
        "DateTimeNull": null,
        "DateTimeN": "2020-01-01T01:02:00.0000000Z",
        "DateTimeN@odata.type": "Edm.DateTime",
        "DateTime": "2020-01-01T01:02:00.0000000Z",
        "DateTime@odata.type": "Edm.DateTime",
        "DateTimeAsString": "2020-01-01T01:02:00.0000000Z",
        "BoolNull": null,
        "BoolN": false,
        "Bool": false,
        "BoolPrimitiveNull": null,
        "BoolPrimitiveN": false,
        "BoolPrimitive": false,
        "Binary": "AQIB",
        "Binary@odata.type": "Edm.Binary",
        "BinaryNull": null,
        "BinaryPrimitive": "AQIB",
        "BinaryPrimitive@odata.type": "Edm.Binary",
        "DoublePrimitiveNull": null,
        "DoublePrimitiveN": 1.01,
        "DoublePrimitiveN@odata.type": "Edm.Double",
        "DoublePrimitive": 1.01,
        "DoublePrimitive@odata.type": "Edm.Double",
        "DoubleNull": null,
        "DoubleN": 1.01,
        "DoubleN@odata.type": "Edm.Double",
        "Double": 1.01,
        "Double@odata.type": "Edm.Double",
        "DoubleInteger": 1,
        "DoubleInteger@odata.type": "Edm.Double",
        "GuidNull": null,
        "GuidN": "0d391d16-97f1-4b9a-be68-4cc871f90001",
        "GuidN@odata.type": "Edm.Guid",
        "Guid": "0d391d16-97f1-4b9a-be68-4cc871f90001",
        "Guid@odata.type": "Edm.Guid",
        "IntegerPrimitiveNull": null,
        "IntegerPrimitiveN": 1,
        "IntegerPrimitive": 1,
        "Int32Null": null,
        "Int32N": 1,
        "Int32": 1,
        "LongPrimitiveNull": null,
        "LongPrimitiveN": "2147483648",
        "LongPrimitiveN@odata.type": "Edm.Int64",
        "LongPrimitive": "2147483648",
        "LongPrimitive@odata.type": "Edm.Int64",
        "Int64Null": null,
        "Int64N": "123456789012",
        "Int64N@odata.type": "Edm.Int64",
        "Int64": "2147483648",
        "Int64@odata.type": "Edm.Int64",
        "String": "0001",
        "PartitionKey": "somPartition",
        "RowKey": "0001",
        "Timestamp": null,
        "ETag": null
      },
      "StatusCode": 201,
      "ResponseHeaders": {
        "Cache-Control": "no-cache",
        "Content-Type": "application/json; odata=fullmetadata; streaming=true; charset=utf-8",
        "Date": "Sat, 25 Jul 2020 01:23:53 GMT",
        "ETag": "W/\u0022datetime\u00272020-07-25T01%3A23%3A53.8270294Z\u0027\u0022",
        "Location": "https://allkimprim.table.core.windows.net/testtable3rgiegyq(PartitionKey=\u0027somPartition\u0027,RowKey=\u00270001\u0027)",
        "Server": [
          "Windows-Azure-Table/1.0",
          "Microsoft-HTTPAPI/2.0"
        ],
        "Transfer-Encoding": "chunked",
        "X-Content-Type-Options": "nosniff",
        "x-ms-client-request-id": "599e0fc7bcd3d3564484dabc55aae15d",
        "x-ms-request-id": "4c83f6a9-d002-007e-3422-620faa000000",
        "x-ms-version": "2019-02-02"
      },
      "ResponseBody": {
        "odata.metadata": "https://allkimprim.table.core.windows.net/$metadata#testtable3rgiegyq/@Element",
        "odata.type": "allkimprim.testtable3rgiegyq",
        "odata.id": "https://allkimprim.table.core.windows.net/testtable3rgiegyq(PartitionKey=\u0027somPartition\u0027,RowKey=\u00270001\u0027)",
        "odata.etag": "W/\u0022datetime\u00272020-07-25T01%3A23%3A53.8270294Z\u0027\u0022",
        "odata.editLink": "testtable3rgiegyq(PartitionKey=\u0027somPartition\u0027,RowKey=\u00270001\u0027)",
        "PartitionKey": "somPartition",
        "RowKey": "0001",
        "Timestamp@odata.type": "Edm.DateTime",
        "Timestamp": "2020-07-25T01:23:53.8270294Z",
        "DateTimeOffsetN@odata.type": "Edm.DateTime",
        "DateTimeOffsetN": "2020-01-01T01:02:00Z",
        "DateTimeOffset@odata.type": "Edm.DateTime",
        "DateTimeOffset": "2020-01-01T01:02:00Z",
        "DateTimeN@odata.type": "Edm.DateTime",
        "DateTimeN": "2020-01-01T01:02:00Z",
        "DateTime@odata.type": "Edm.DateTime",
        "DateTime": "2020-01-01T01:02:00Z",
        "DateTimeAsString": "2020-01-01T01:02:00.0000000Z",
        "BoolN": false,
        "Bool": false,
        "BoolPrimitiveN": false,
        "BoolPrimitive": false,
        "Binary@odata.type": "Edm.Binary",
        "Binary": "AQIB",
        "BinaryPrimitive@odata.type": "Edm.Binary",
        "BinaryPrimitive": "AQIB",
        "DoublePrimitiveN": 1.01,
        "DoublePrimitive": 1.01,
        "DoubleN": 1.01,
        "Double": 1.01,
        "DoubleInteger": 1.0,
        "GuidN@odata.type": "Edm.Guid",
        "GuidN": "0d391d16-97f1-4b9a-be68-4cc871f90001",
        "Guid@odata.type": "Edm.Guid",
        "Guid": "0d391d16-97f1-4b9a-be68-4cc871f90001",
        "IntegerPrimitiveN": 1,
        "IntegerPrimitive": 1,
        "Int32N": 1,
        "Int32": 1,
        "LongPrimitiveN@odata.type": "Edm.Int64",
        "LongPrimitiveN": "2147483648",
        "LongPrimitive@odata.type": "Edm.Int64",
        "LongPrimitive": "2147483648",
        "Int64N@odata.type": "Edm.Int64",
        "Int64N": "123456789012",
        "Int64@odata.type": "Edm.Int64",
        "Int64": "2147483648",
        "String": "0001"
      }
    },
    {
      "RequestUri": "https://allkimprim.table.core.windows.net/testtable3rgiegyq?$format=application%2Fjson%3Bodata%3Dfullmetadata",
      "RequestMethod": "POST",
      "RequestHeaders": {
        "Accept": "application/json",
        "Authorization": "Sanitized",
        "Content-Length": "1673",
        "Content-Type": "application/json; odata=nometadata",
        "DataServiceVersion": "3.0",
        "traceparent": "00-630b7c3937efdd40a6cc56449fb36c43-8eb83a0a3c10ee4a-00",
        "User-Agent": [
          "azsdk-net-Data.Tables/1.0.0-dev.20200724.1",
          "(.NET Core 4.6.29017.01; Microsoft Windows 10.0.19041 )"
        ],
        "x-ms-client-request-id": "e519c65c4bcda06095526fe08bff510a",
        "x-ms-date": "Sat, 25 Jul 2020 01:23:57 GMT",
        "x-ms-return-client-request-id": "true",
        "x-ms-version": "2019-02-02"
      },
      "RequestBody": {
        "DateTimeOffsetNull": null,
        "DateTimeOffsetN": "2020-01-01T01:03:00.0000000Z",
        "DateTimeOffsetN@odata.type": "Edm.DateTime",
        "DateTimeOffset": "2020-01-01T01:03:00.0000000Z",
        "DateTimeOffset@odata.type": "Edm.DateTime",
        "DateTimeNull": null,
        "DateTimeN": "2020-01-01T01:03:00.0000000Z",
        "DateTimeN@odata.type": "Edm.DateTime",
        "DateTime": "2020-01-01T01:03:00.0000000Z",
        "DateTime@odata.type": "Edm.DateTime",
        "DateTimeAsString": "2020-01-01T01:03:00.0000000Z",
        "BoolNull": null,
        "BoolN": false,
        "Bool": true,
        "BoolPrimitiveNull": null,
        "BoolPrimitiveN": false,
        "BoolPrimitive": true,
        "Binary": "AQIC",
        "Binary@odata.type": "Edm.Binary",
        "BinaryNull": null,
        "BinaryPrimitive": "AQIC",
        "BinaryPrimitive@odata.type": "Edm.Binary",
        "DoublePrimitiveNull": null,
        "DoublePrimitiveN": 2.02,
        "DoublePrimitiveN@odata.type": "Edm.Double",
        "DoublePrimitive": 2.02,
        "DoublePrimitive@odata.type": "Edm.Double",
        "DoubleNull": null,
        "DoubleN": 2.02,
        "DoubleN@odata.type": "Edm.Double",
        "Double": 2.02,
        "Double@odata.type": "Edm.Double",
        "DoubleInteger": 2,
        "DoubleInteger@odata.type": "Edm.Double",
        "GuidNull": null,
        "GuidN": "0d391d16-97f1-4b9a-be68-4cc871f90002",
        "GuidN@odata.type": "Edm.Guid",
        "Guid": "0d391d16-97f1-4b9a-be68-4cc871f90002",
        "Guid@odata.type": "Edm.Guid",
        "IntegerPrimitiveNull": null,
        "IntegerPrimitiveN": 2,
        "IntegerPrimitive": 2,
        "Int32Null": null,
        "Int32N": 2,
        "Int32": 2,
        "LongPrimitiveNull": null,
        "LongPrimitiveN": "2147483649",
        "LongPrimitiveN@odata.type": "Edm.Int64",
        "LongPrimitive": "2147483649",
        "LongPrimitive@odata.type": "Edm.Int64",
        "Int64Null": null,
        "Int64N": "123456789012",
        "Int64N@odata.type": "Edm.Int64",
        "Int64": "2147483649",
        "Int64@odata.type": "Edm.Int64",
        "String": "0002",
        "PartitionKey": "somPartition",
        "RowKey": "0002",
        "Timestamp": null,
        "ETag": null
      },
      "StatusCode": 201,
      "ResponseHeaders": {
        "Cache-Control": "no-cache",
        "Content-Type": "application/json; odata=fullmetadata; streaming=true; charset=utf-8",
        "Date": "Sat, 25 Jul 2020 01:23:53 GMT",
        "ETag": "W/\u0022datetime\u00272020-07-25T01%3A23%3A53.8820697Z\u0027\u0022",
        "Location": "https://allkimprim.table.core.windows.net/testtable3rgiegyq(PartitionKey=\u0027somPartition\u0027,RowKey=\u00270002\u0027)",
        "Server": [
          "Windows-Azure-Table/1.0",
          "Microsoft-HTTPAPI/2.0"
        ],
        "Transfer-Encoding": "chunked",
        "X-Content-Type-Options": "nosniff",
        "x-ms-client-request-id": "e519c65c4bcda06095526fe08bff510a",
        "x-ms-request-id": "4c83f6ad-d002-007e-3722-620faa000000",
        "x-ms-version": "2019-02-02"
      },
      "ResponseBody": {
        "odata.metadata": "https://allkimprim.table.core.windows.net/$metadata#testtable3rgiegyq/@Element",
        "odata.type": "allkimprim.testtable3rgiegyq",
        "odata.id": "https://allkimprim.table.core.windows.net/testtable3rgiegyq(PartitionKey=\u0027somPartition\u0027,RowKey=\u00270002\u0027)",
        "odata.etag": "W/\u0022datetime\u00272020-07-25T01%3A23%3A53.8820697Z\u0027\u0022",
        "odata.editLink": "testtable3rgiegyq(PartitionKey=\u0027somPartition\u0027,RowKey=\u00270002\u0027)",
        "PartitionKey": "somPartition",
        "RowKey": "0002",
        "Timestamp@odata.type": "Edm.DateTime",
        "Timestamp": "2020-07-25T01:23:53.8820697Z",
        "DateTimeOffsetN@odata.type": "Edm.DateTime",
        "DateTimeOffsetN": "2020-01-01T01:03:00Z",
        "DateTimeOffset@odata.type": "Edm.DateTime",
        "DateTimeOffset": "2020-01-01T01:03:00Z",
        "DateTimeN@odata.type": "Edm.DateTime",
        "DateTimeN": "2020-01-01T01:03:00Z",
        "DateTime@odata.type": "Edm.DateTime",
        "DateTime": "2020-01-01T01:03:00Z",
        "DateTimeAsString": "2020-01-01T01:03:00.0000000Z",
        "BoolN": false,
        "Bool": true,
        "BoolPrimitiveN": false,
        "BoolPrimitive": true,
        "Binary@odata.type": "Edm.Binary",
        "Binary": "AQIC",
        "BinaryPrimitive@odata.type": "Edm.Binary",
        "BinaryPrimitive": "AQIC",
        "DoublePrimitiveN": 2.02,
        "DoublePrimitive": 2.02,
        "DoubleN": 2.02,
        "Double": 2.02,
        "DoubleInteger": 2.0,
        "GuidN@odata.type": "Edm.Guid",
        "GuidN": "0d391d16-97f1-4b9a-be68-4cc871f90002",
        "Guid@odata.type": "Edm.Guid",
        "Guid": "0d391d16-97f1-4b9a-be68-4cc871f90002",
        "IntegerPrimitiveN": 2,
        "IntegerPrimitive": 2,
        "Int32N": 2,
        "Int32": 2,
        "LongPrimitiveN@odata.type": "Edm.Int64",
        "LongPrimitiveN": "2147483649",
        "LongPrimitive@odata.type": "Edm.Int64",
        "LongPrimitive": "2147483649",
        "Int64N@odata.type": "Edm.Int64",
        "Int64N": "123456789012",
        "Int64@odata.type": "Edm.Int64",
        "Int64": "2147483649",
        "String": "0002"
      }
    },
    {
      "RequestUri": "https://allkimprim.table.core.windows.net/testtable3rgiegyq?$format=application%2Fjson%3Bodata%3Dfullmetadata",
      "RequestMethod": "POST",
      "RequestHeaders": {
        "Accept": "application/json",
        "Authorization": "Sanitized",
        "Content-Length": "1731",
        "Content-Type": "application/json; odata=nometadata",
        "DataServiceVersion": "3.0",
        "traceparent": "00-6a51526640ee6e42b662661c3fb291cb-2627211e005bf448-00",
        "User-Agent": [
          "azsdk-net-Data.Tables/1.0.0-dev.20200724.1",
          "(.NET Core 4.6.29017.01; Microsoft Windows 10.0.19041 )"
        ],
        "x-ms-client-request-id": "005b96c550fd27517c33aa257ad514eb",
        "x-ms-date": "Sat, 25 Jul 2020 01:23:57 GMT",
        "x-ms-return-client-request-id": "true",
        "x-ms-version": "2019-02-02"
      },
      "RequestBody": {
        "DateTimeOffsetNull": null,
        "DateTimeOffsetN": "2020-01-01T01:04:00.0000000Z",
        "DateTimeOffsetN@odata.type": "Edm.DateTime",
        "DateTimeOffset": "2020-01-01T01:04:00.0000000Z",
        "DateTimeOffset@odata.type": "Edm.DateTime",
        "DateTimeNull": null,
        "DateTimeN": "2020-01-01T01:04:00.0000000Z",
        "DateTimeN@odata.type": "Edm.DateTime",
        "DateTime": "2020-01-01T01:04:00.0000000Z",
        "DateTime@odata.type": "Edm.DateTime",
        "DateTimeAsString": "2020-01-01T01:04:00.0000000Z",
        "BoolNull": null,
        "BoolN": false,
        "Bool": false,
        "BoolPrimitiveNull": null,
        "BoolPrimitiveN": false,
        "BoolPrimitive": false,
        "Binary": "AQID",
        "Binary@odata.type": "Edm.Binary",
        "BinaryNull": null,
        "BinaryPrimitive": "AQID",
        "BinaryPrimitive@odata.type": "Edm.Binary",
        "DoublePrimitiveNull": null,
        "DoublePrimitiveN": 3.0299999999999998,
        "DoublePrimitiveN@odata.type": "Edm.Double",
        "DoublePrimitive": 3.0299999999999998,
        "DoublePrimitive@odata.type": "Edm.Double",
        "DoubleNull": null,
        "DoubleN": 3.0299999999999998,
        "DoubleN@odata.type": "Edm.Double",
        "Double": 3.0299999999999998,
        "Double@odata.type": "Edm.Double",
        "DoubleInteger": 3,
        "DoubleInteger@odata.type": "Edm.Double",
        "GuidNull": null,
        "GuidN": "0d391d16-97f1-4b9a-be68-4cc871f90003",
        "GuidN@odata.type": "Edm.Guid",
        "Guid": "0d391d16-97f1-4b9a-be68-4cc871f90003",
        "Guid@odata.type": "Edm.Guid",
        "IntegerPrimitiveNull": null,
        "IntegerPrimitiveN": 3,
        "IntegerPrimitive": 3,
        "Int32Null": null,
        "Int32N": 3,
        "Int32": 3,
        "LongPrimitiveNull": null,
        "LongPrimitiveN": "2147483650",
        "LongPrimitiveN@odata.type": "Edm.Int64",
        "LongPrimitive": "2147483650",
        "LongPrimitive@odata.type": "Edm.Int64",
        "Int64Null": null,
        "Int64N": "123456789012",
        "Int64N@odata.type": "Edm.Int64",
        "Int64": "2147483650",
        "Int64@odata.type": "Edm.Int64",
        "String": "0003",
        "PartitionKey": "somPartition",
        "RowKey": "0003",
        "Timestamp": null,
        "ETag": null
      },
      "StatusCode": 201,
      "ResponseHeaders": {
        "Cache-Control": "no-cache",
        "Content-Type": "application/json; odata=fullmetadata; streaming=true; charset=utf-8",
        "Date": "Sat, 25 Jul 2020 01:23:53 GMT",
        "ETag": "W/\u0022datetime\u00272020-07-25T01%3A23%3A53.9401092Z\u0027\u0022",
        "Location": "https://allkimprim.table.core.windows.net/testtable3rgiegyq(PartitionKey=\u0027somPartition\u0027,RowKey=\u00270003\u0027)",
        "Server": [
          "Windows-Azure-Table/1.0",
          "Microsoft-HTTPAPI/2.0"
        ],
        "Transfer-Encoding": "chunked",
        "X-Content-Type-Options": "nosniff",
        "x-ms-client-request-id": "005b96c550fd27517c33aa257ad514eb",
        "x-ms-request-id": "4c83f6b5-d002-007e-3e22-620faa000000",
        "x-ms-version": "2019-02-02"
      },
      "ResponseBody": {
        "odata.metadata": "https://allkimprim.table.core.windows.net/$metadata#testtable3rgiegyq/@Element",
        "odata.type": "allkimprim.testtable3rgiegyq",
        "odata.id": "https://allkimprim.table.core.windows.net/testtable3rgiegyq(PartitionKey=\u0027somPartition\u0027,RowKey=\u00270003\u0027)",
        "odata.etag": "W/\u0022datetime\u00272020-07-25T01%3A23%3A53.9401092Z\u0027\u0022",
        "odata.editLink": "testtable3rgiegyq(PartitionKey=\u0027somPartition\u0027,RowKey=\u00270003\u0027)",
        "PartitionKey": "somPartition",
        "RowKey": "0003",
        "Timestamp@odata.type": "Edm.DateTime",
        "Timestamp": "2020-07-25T01:23:53.9401092Z",
        "DateTimeOffsetN@odata.type": "Edm.DateTime",
        "DateTimeOffsetN": "2020-01-01T01:04:00Z",
        "DateTimeOffset@odata.type": "Edm.DateTime",
        "DateTimeOffset": "2020-01-01T01:04:00Z",
        "DateTimeN@odata.type": "Edm.DateTime",
        "DateTimeN": "2020-01-01T01:04:00Z",
        "DateTime@odata.type": "Edm.DateTime",
        "DateTime": "2020-01-01T01:04:00Z",
        "DateTimeAsString": "2020-01-01T01:04:00.0000000Z",
        "BoolN": false,
        "Bool": false,
        "BoolPrimitiveN": false,
        "BoolPrimitive": false,
        "Binary@odata.type": "Edm.Binary",
        "Binary": "AQID",
        "BinaryPrimitive@odata.type": "Edm.Binary",
        "BinaryPrimitive": "AQID",
        "DoublePrimitiveN": 3.03,
        "DoublePrimitive": 3.03,
        "DoubleN": 3.03,
        "Double": 3.03,
        "DoubleInteger": 3.0,
        "GuidN@odata.type": "Edm.Guid",
        "GuidN": "0d391d16-97f1-4b9a-be68-4cc871f90003",
        "Guid@odata.type": "Edm.Guid",
        "Guid": "0d391d16-97f1-4b9a-be68-4cc871f90003",
        "IntegerPrimitiveN": 3,
        "IntegerPrimitive": 3,
        "Int32N": 3,
        "Int32": 3,
        "LongPrimitiveN@odata.type": "Edm.Int64",
        "LongPrimitiveN": "2147483650",
        "LongPrimitive@odata.type": "Edm.Int64",
        "LongPrimitive": "2147483650",
        "Int64N@odata.type": "Edm.Int64",
        "Int64N": "123456789012",
        "Int64@odata.type": "Edm.Int64",
        "Int64": "2147483650",
        "String": "0003"
      }
    },
    {
      "RequestUri": "https://allkimprim.table.core.windows.net/testtable3rgiegyq?$format=application%2Fjson%3Bodata%3Dfullmetadata",
      "RequestMethod": "POST",
      "RequestHeaders": {
        "Accept": "application/json",
        "Authorization": "Sanitized",
        "Content-Length": "1673",
        "Content-Type": "application/json; odata=nometadata",
        "DataServiceVersion": "3.0",
        "traceparent": "00-d793974777320d4989111cbe4c1d6f55-6c3c9e6add53254a-00",
        "User-Agent": [
          "azsdk-net-Data.Tables/1.0.0-dev.20200724.1",
          "(.NET Core 4.6.29017.01; Microsoft Windows 10.0.19041 )"
        ],
        "x-ms-client-request-id": "3eba9b5a5e5f7c11affec3804c764745",
        "x-ms-date": "Sat, 25 Jul 2020 01:23:57 GMT",
        "x-ms-return-client-request-id": "true",
        "x-ms-version": "2019-02-02"
      },
      "RequestBody": {
        "DateTimeOffsetNull": null,
        "DateTimeOffsetN": "2020-01-01T01:05:00.0000000Z",
        "DateTimeOffsetN@odata.type": "Edm.DateTime",
        "DateTimeOffset": "2020-01-01T01:05:00.0000000Z",
        "DateTimeOffset@odata.type": "Edm.DateTime",
        "DateTimeNull": null,
        "DateTimeN": "2020-01-01T01:05:00.0000000Z",
        "DateTimeN@odata.type": "Edm.DateTime",
        "DateTime": "2020-01-01T01:05:00.0000000Z",
        "DateTime@odata.type": "Edm.DateTime",
        "DateTimeAsString": "2020-01-01T01:05:00.0000000Z",
        "BoolNull": null,
        "BoolN": false,
        "Bool": true,
        "BoolPrimitiveNull": null,
        "BoolPrimitiveN": false,
        "BoolPrimitive": true,
        "Binary": "AQIE",
        "Binary@odata.type": "Edm.Binary",
        "BinaryNull": null,
        "BinaryPrimitive": "AQIE",
        "BinaryPrimitive@odata.type": "Edm.Binary",
        "DoublePrimitiveNull": null,
        "DoublePrimitiveN": 4.04,
        "DoublePrimitiveN@odata.type": "Edm.Double",
        "DoublePrimitive": 4.04,
        "DoublePrimitive@odata.type": "Edm.Double",
        "DoubleNull": null,
        "DoubleN": 4.04,
        "DoubleN@odata.type": "Edm.Double",
        "Double": 4.04,
        "Double@odata.type": "Edm.Double",
        "DoubleInteger": 4,
        "DoubleInteger@odata.type": "Edm.Double",
        "GuidNull": null,
        "GuidN": "0d391d16-97f1-4b9a-be68-4cc871f90004",
        "GuidN@odata.type": "Edm.Guid",
        "Guid": "0d391d16-97f1-4b9a-be68-4cc871f90004",
        "Guid@odata.type": "Edm.Guid",
        "IntegerPrimitiveNull": null,
        "IntegerPrimitiveN": 4,
        "IntegerPrimitive": 4,
        "Int32Null": null,
        "Int32N": 4,
        "Int32": 4,
        "LongPrimitiveNull": null,
        "LongPrimitiveN": "2147483651",
        "LongPrimitiveN@odata.type": "Edm.Int64",
        "LongPrimitive": "2147483651",
        "LongPrimitive@odata.type": "Edm.Int64",
        "Int64Null": null,
        "Int64N": "123456789012",
        "Int64N@odata.type": "Edm.Int64",
        "Int64": "2147483651",
        "Int64@odata.type": "Edm.Int64",
        "String": "0004",
        "PartitionKey": "somPartition",
        "RowKey": "0004",
        "Timestamp": null,
        "ETag": null
      },
      "StatusCode": 201,
      "ResponseHeaders": {
        "Cache-Control": "no-cache",
        "Content-Type": "application/json; odata=fullmetadata; streaming=true; charset=utf-8",
        "Date": "Sat, 25 Jul 2020 01:23:53 GMT",
        "ETag": "W/\u0022datetime\u00272020-07-25T01%3A23%3A53.99615Z\u0027\u0022",
        "Location": "https://allkimprim.table.core.windows.net/testtable3rgiegyq(PartitionKey=\u0027somPartition\u0027,RowKey=\u00270004\u0027)",
        "Server": [
          "Windows-Azure-Table/1.0",
          "Microsoft-HTTPAPI/2.0"
        ],
        "Transfer-Encoding": "chunked",
        "X-Content-Type-Options": "nosniff",
        "x-ms-client-request-id": "3eba9b5a5e5f7c11affec3804c764745",
        "x-ms-request-id": "4c83f6bb-d002-007e-4422-620faa000000",
        "x-ms-version": "2019-02-02"
      },
      "ResponseBody": {
        "odata.metadata": "https://allkimprim.table.core.windows.net/$metadata#testtable3rgiegyq/@Element",
        "odata.type": "allkimprim.testtable3rgiegyq",
        "odata.id": "https://allkimprim.table.core.windows.net/testtable3rgiegyq(PartitionKey=\u0027somPartition\u0027,RowKey=\u00270004\u0027)",
        "odata.etag": "W/\u0022datetime\u00272020-07-25T01%3A23%3A53.99615Z\u0027\u0022",
        "odata.editLink": "testtable3rgiegyq(PartitionKey=\u0027somPartition\u0027,RowKey=\u00270004\u0027)",
        "PartitionKey": "somPartition",
        "RowKey": "0004",
        "Timestamp@odata.type": "Edm.DateTime",
        "Timestamp": "2020-07-25T01:23:53.99615Z",
        "DateTimeOffsetN@odata.type": "Edm.DateTime",
        "DateTimeOffsetN": "2020-01-01T01:05:00Z",
        "DateTimeOffset@odata.type": "Edm.DateTime",
        "DateTimeOffset": "2020-01-01T01:05:00Z",
        "DateTimeN@odata.type": "Edm.DateTime",
        "DateTimeN": "2020-01-01T01:05:00Z",
        "DateTime@odata.type": "Edm.DateTime",
        "DateTime": "2020-01-01T01:05:00Z",
        "DateTimeAsString": "2020-01-01T01:05:00.0000000Z",
        "BoolN": false,
        "Bool": true,
        "BoolPrimitiveN": false,
        "BoolPrimitive": true,
        "Binary@odata.type": "Edm.Binary",
        "Binary": "AQIE",
        "BinaryPrimitive@odata.type": "Edm.Binary",
        "BinaryPrimitive": "AQIE",
        "DoublePrimitiveN": 4.04,
        "DoublePrimitive": 4.04,
        "DoubleN": 4.04,
        "Double": 4.04,
        "DoubleInteger": 4.0,
        "GuidN@odata.type": "Edm.Guid",
        "GuidN": "0d391d16-97f1-4b9a-be68-4cc871f90004",
        "Guid@odata.type": "Edm.Guid",
        "Guid": "0d391d16-97f1-4b9a-be68-4cc871f90004",
        "IntegerPrimitiveN": 4,
        "IntegerPrimitive": 4,
        "Int32N": 4,
        "Int32": 4,
        "LongPrimitiveN@odata.type": "Edm.Int64",
        "LongPrimitiveN": "2147483651",
        "LongPrimitive@odata.type": "Edm.Int64",
        "LongPrimitive": "2147483651",
        "Int64N@odata.type": "Edm.Int64",
        "Int64N": "123456789012",
        "Int64@odata.type": "Edm.Int64",
        "Int64": "2147483651",
        "String": "0004"
      }
    },
    {
      "RequestUri": "https://allkimprim.table.core.windows.net/testtable3rgiegyq()?$format=application%2Fjson%3Bodata%3Dfullmetadata\u0026$filter=%28PartitionKey%20eq%20%27somPartition%27%29%20and%20%28not%20%28RowKey%20eq%20%270001%27%29%29",
      "RequestMethod": "GET",
      "RequestHeaders": {
        "Accept": "application/json",
        "Authorization": "Sanitized",
        "DataServiceVersion": "3.0",
        "User-Agent": [
          "azsdk-net-Data.Tables/1.0.0-dev.20200724.1",
          "(.NET Core 4.6.29017.01; Microsoft Windows 10.0.19041 )"
        ],
        "x-ms-client-request-id": "bef6d033e14f0b6075f2699aa03a26c0",
        "x-ms-date": "Sat, 25 Jul 2020 01:23:57 GMT",
        "x-ms-return-client-request-id": "true",
        "x-ms-version": "2019-02-02"
      },
      "RequestBody": null,
      "StatusCode": 200,
      "ResponseHeaders": {
        "Cache-Control": "no-cache",
        "Content-Type": "application/json; odata=fullmetadata; streaming=true; charset=utf-8",
        "Date": "Sat, 25 Jul 2020 01:23:53 GMT",
        "Server": [
          "Windows-Azure-Table/1.0",
          "Microsoft-HTTPAPI/2.0"
        ],
        "Transfer-Encoding": "chunked",
        "X-Content-Type-Options": "nosniff",
        "x-ms-client-request-id": "bef6d033e14f0b6075f2699aa03a26c0",
        "x-ms-request-id": "4c83f6be-d002-007e-4722-620faa000000",
        "x-ms-version": "2019-02-02"
      },
      "ResponseBody": {
        "odata.metadata": "https://allkimprim.table.core.windows.net/$metadata#testtable3rgiegyq",
        "value": [
          {
            "odata.type": "allkimprim.testtable3rgiegyq",
            "odata.id": "https://allkimprim.table.core.windows.net/testtable3rgiegyq(PartitionKey=\u0027somPartition\u0027,RowKey=\u00270002\u0027)",
            "odata.etag": "W/\u0022datetime\u00272020-07-25T01%3A23%3A53.8820697Z\u0027\u0022",
            "odata.editLink": "testtable3rgiegyq(PartitionKey=\u0027somPartition\u0027,RowKey=\u00270002\u0027)",
            "PartitionKey": "somPartition",
            "RowKey": "0002",
            "Timestamp@odata.type": "Edm.DateTime",
            "Timestamp": "2020-07-25T01:23:53.8820697Z",
            "DateTimeOffsetN@odata.type": "Edm.DateTime",
            "DateTimeOffsetN": "2020-01-01T01:03:00Z",
            "DateTimeOffset@odata.type": "Edm.DateTime",
            "DateTimeOffset": "2020-01-01T01:03:00Z",
            "DateTimeN@odata.type": "Edm.DateTime",
            "DateTimeN": "2020-01-01T01:03:00Z",
            "DateTime@odata.type": "Edm.DateTime",
            "DateTime": "2020-01-01T01:03:00Z",
            "DateTimeAsString": "2020-01-01T01:03:00.0000000Z",
            "BoolN": false,
            "Bool": true,
            "BoolPrimitiveN": false,
            "BoolPrimitive": true,
            "Binary@odata.type": "Edm.Binary",
            "Binary": "AQIC",
            "BinaryPrimitive@odata.type": "Edm.Binary",
            "BinaryPrimitive": "AQIC",
            "DoublePrimitiveN": 2.02,
            "DoublePrimitive": 2.02,
            "DoubleN": 2.02,
            "Double": 2.02,
            "DoubleInteger": 2.0,
            "GuidN@odata.type": "Edm.Guid",
            "GuidN": "0d391d16-97f1-4b9a-be68-4cc871f90002",
            "Guid@odata.type": "Edm.Guid",
            "Guid": "0d391d16-97f1-4b9a-be68-4cc871f90002",
            "IntegerPrimitiveN": 2,
            "IntegerPrimitive": 2,
            "Int32N": 2,
            "Int32": 2,
            "LongPrimitiveN@odata.type": "Edm.Int64",
            "LongPrimitiveN": "2147483649",
            "LongPrimitive@odata.type": "Edm.Int64",
            "LongPrimitive": "2147483649",
            "Int64N@odata.type": "Edm.Int64",
            "Int64N": "123456789012",
            "Int64@odata.type": "Edm.Int64",
            "Int64": "2147483649",
            "String": "0002"
          },
          {
            "odata.type": "allkimprim.testtable3rgiegyq",
            "odata.id": "https://allkimprim.table.core.windows.net/testtable3rgiegyq(PartitionKey=\u0027somPartition\u0027,RowKey=\u00270003\u0027)",
            "odata.etag": "W/\u0022datetime\u00272020-07-25T01%3A23%3A53.9401092Z\u0027\u0022",
            "odata.editLink": "testtable3rgiegyq(PartitionKey=\u0027somPartition\u0027,RowKey=\u00270003\u0027)",
            "PartitionKey": "somPartition",
            "RowKey": "0003",
            "Timestamp@odata.type": "Edm.DateTime",
            "Timestamp": "2020-07-25T01:23:53.9401092Z",
            "DateTimeOffsetN@odata.type": "Edm.DateTime",
            "DateTimeOffsetN": "2020-01-01T01:04:00Z",
            "DateTimeOffset@odata.type": "Edm.DateTime",
            "DateTimeOffset": "2020-01-01T01:04:00Z",
            "DateTimeN@odata.type": "Edm.DateTime",
            "DateTimeN": "2020-01-01T01:04:00Z",
            "DateTime@odata.type": "Edm.DateTime",
            "DateTime": "2020-01-01T01:04:00Z",
            "DateTimeAsString": "2020-01-01T01:04:00.0000000Z",
            "BoolN": false,
            "Bool": false,
            "BoolPrimitiveN": false,
            "BoolPrimitive": false,
            "Binary@odata.type": "Edm.Binary",
            "Binary": "AQID",
            "BinaryPrimitive@odata.type": "Edm.Binary",
            "BinaryPrimitive": "AQID",
            "DoublePrimitiveN": 3.03,
            "DoublePrimitive": 3.03,
            "DoubleN": 3.03,
            "Double": 3.03,
            "DoubleInteger": 3.0,
            "GuidN@odata.type": "Edm.Guid",
            "GuidN": "0d391d16-97f1-4b9a-be68-4cc871f90003",
            "Guid@odata.type": "Edm.Guid",
            "Guid": "0d391d16-97f1-4b9a-be68-4cc871f90003",
            "IntegerPrimitiveN": 3,
            "IntegerPrimitive": 3,
            "Int32N": 3,
            "Int32": 3,
            "LongPrimitiveN@odata.type": "Edm.Int64",
            "LongPrimitiveN": "2147483650",
            "LongPrimitive@odata.type": "Edm.Int64",
            "LongPrimitive": "2147483650",
            "Int64N@odata.type": "Edm.Int64",
            "Int64N": "123456789012",
            "Int64@odata.type": "Edm.Int64",
            "Int64": "2147483650",
            "String": "0003"
          },
          {
            "odata.type": "allkimprim.testtable3rgiegyq",
            "odata.id": "https://allkimprim.table.core.windows.net/testtable3rgiegyq(PartitionKey=\u0027somPartition\u0027,RowKey=\u00270004\u0027)",
            "odata.etag": "W/\u0022datetime\u00272020-07-25T01%3A23%3A53.99615Z\u0027\u0022",
            "odata.editLink": "testtable3rgiegyq(PartitionKey=\u0027somPartition\u0027,RowKey=\u00270004\u0027)",
            "PartitionKey": "somPartition",
            "RowKey": "0004",
            "Timestamp@odata.type": "Edm.DateTime",
            "Timestamp": "2020-07-25T01:23:53.99615Z",
            "DateTimeOffsetN@odata.type": "Edm.DateTime",
            "DateTimeOffsetN": "2020-01-01T01:05:00Z",
            "DateTimeOffset@odata.type": "Edm.DateTime",
            "DateTimeOffset": "2020-01-01T01:05:00Z",
            "DateTimeN@odata.type": "Edm.DateTime",
            "DateTimeN": "2020-01-01T01:05:00Z",
            "DateTime@odata.type": "Edm.DateTime",
            "DateTime": "2020-01-01T01:05:00Z",
            "DateTimeAsString": "2020-01-01T01:05:00.0000000Z",
            "BoolN": false,
            "Bool": true,
            "BoolPrimitiveN": false,
            "BoolPrimitive": true,
            "Binary@odata.type": "Edm.Binary",
            "Binary": "AQIE",
            "BinaryPrimitive@odata.type": "Edm.Binary",
            "BinaryPrimitive": "AQIE",
            "DoublePrimitiveN": 4.04,
            "DoublePrimitive": 4.04,
            "DoubleN": 4.04,
            "Double": 4.04,
            "DoubleInteger": 4.0,
            "GuidN@odata.type": "Edm.Guid",
            "GuidN": "0d391d16-97f1-4b9a-be68-4cc871f90004",
            "Guid@odata.type": "Edm.Guid",
            "Guid": "0d391d16-97f1-4b9a-be68-4cc871f90004",
            "IntegerPrimitiveN": 4,
            "IntegerPrimitive": 4,
            "Int32N": 4,
            "Int32": 4,
            "LongPrimitiveN@odata.type": "Edm.Int64",
            "LongPrimitiveN": "2147483651",
            "LongPrimitive@odata.type": "Edm.Int64",
            "LongPrimitive": "2147483651",
            "Int64N@odata.type": "Edm.Int64",
            "Int64N": "123456789012",
            "Int64@odata.type": "Edm.Int64",
            "Int64": "2147483651",
            "String": "0004"
          }
        ]
      }
    },
    {
      "RequestUri": "https://allkimprim.table.core.windows.net/testtable3rgiegyq()?$format=application%2Fjson%3Bodata%3Dfullmetadata\u0026$filter=%28PartitionKey%20eq%20%27somPartition%27%29%20and%20%28Int32%20lt%205%29",
      "RequestMethod": "GET",
      "RequestHeaders": {
        "Accept": "application/json",
        "Authorization": "Sanitized",
        "DataServiceVersion": "3.0",
        "User-Agent": [
          "azsdk-net-Data.Tables/1.0.0-dev.20200724.1",
          "(.NET Core 4.6.29017.01; Microsoft Windows 10.0.19041 )"
        ],
        "x-ms-client-request-id": "ef85843e134467aa85df51fe8dd0da05",
        "x-ms-date": "Sat, 25 Jul 2020 01:23:57 GMT",
        "x-ms-return-client-request-id": "true",
        "x-ms-version": "2019-02-02"
      },
      "RequestBody": null,
      "StatusCode": 200,
      "ResponseHeaders": {
        "Cache-Control": "no-cache",
        "Content-Type": "application/json; odata=fullmetadata; streaming=true; charset=utf-8",
        "Date": "Sat, 25 Jul 2020 01:23:53 GMT",
        "Server": [
          "Windows-Azure-Table/1.0",
          "Microsoft-HTTPAPI/2.0"
        ],
        "Transfer-Encoding": "chunked",
        "X-Content-Type-Options": "nosniff",
        "x-ms-client-request-id": "ef85843e134467aa85df51fe8dd0da05",
        "x-ms-request-id": "4c83f6bf-d002-007e-4822-620faa000000",
        "x-ms-version": "2019-02-02"
      },
      "ResponseBody": {
        "odata.metadata": "https://allkimprim.table.core.windows.net/$metadata#testtable3rgiegyq",
        "value": [
          {
            "odata.type": "allkimprim.testtable3rgiegyq",
            "odata.id": "https://allkimprim.table.core.windows.net/testtable3rgiegyq(PartitionKey=\u0027somPartition\u0027,RowKey=\u00270001\u0027)",
            "odata.etag": "W/\u0022datetime\u00272020-07-25T01%3A23%3A53.8270294Z\u0027\u0022",
            "odata.editLink": "testtable3rgiegyq(PartitionKey=\u0027somPartition\u0027,RowKey=\u00270001\u0027)",
            "PartitionKey": "somPartition",
            "RowKey": "0001",
            "Timestamp@odata.type": "Edm.DateTime",
            "Timestamp": "2020-07-25T01:23:53.8270294Z",
            "DateTimeOffsetN@odata.type": "Edm.DateTime",
            "DateTimeOffsetN": "2020-01-01T01:02:00Z",
            "DateTimeOffset@odata.type": "Edm.DateTime",
            "DateTimeOffset": "2020-01-01T01:02:00Z",
            "DateTimeN@odata.type": "Edm.DateTime",
            "DateTimeN": "2020-01-01T01:02:00Z",
            "DateTime@odata.type": "Edm.DateTime",
            "DateTime": "2020-01-01T01:02:00Z",
            "DateTimeAsString": "2020-01-01T01:02:00.0000000Z",
            "BoolN": false,
            "Bool": false,
            "BoolPrimitiveN": false,
            "BoolPrimitive": false,
            "Binary@odata.type": "Edm.Binary",
            "Binary": "AQIB",
            "BinaryPrimitive@odata.type": "Edm.Binary",
            "BinaryPrimitive": "AQIB",
            "DoublePrimitiveN": 1.01,
            "DoublePrimitive": 1.01,
            "DoubleN": 1.01,
            "Double": 1.01,
            "DoubleInteger": 1.0,
            "GuidN@odata.type": "Edm.Guid",
            "GuidN": "0d391d16-97f1-4b9a-be68-4cc871f90001",
            "Guid@odata.type": "Edm.Guid",
            "Guid": "0d391d16-97f1-4b9a-be68-4cc871f90001",
            "IntegerPrimitiveN": 1,
            "IntegerPrimitive": 1,
            "Int32N": 1,
            "Int32": 1,
            "LongPrimitiveN@odata.type": "Edm.Int64",
            "LongPrimitiveN": "2147483648",
            "LongPrimitive@odata.type": "Edm.Int64",
            "LongPrimitive": "2147483648",
            "Int64N@odata.type": "Edm.Int64",
            "Int64N": "123456789012",
            "Int64@odata.type": "Edm.Int64",
            "Int64": "2147483648",
            "String": "0001"
          },
          {
            "odata.type": "allkimprim.testtable3rgiegyq",
            "odata.id": "https://allkimprim.table.core.windows.net/testtable3rgiegyq(PartitionKey=\u0027somPartition\u0027,RowKey=\u00270002\u0027)",
            "odata.etag": "W/\u0022datetime\u00272020-07-25T01%3A23%3A53.8820697Z\u0027\u0022",
            "odata.editLink": "testtable3rgiegyq(PartitionKey=\u0027somPartition\u0027,RowKey=\u00270002\u0027)",
            "PartitionKey": "somPartition",
            "RowKey": "0002",
            "Timestamp@odata.type": "Edm.DateTime",
            "Timestamp": "2020-07-25T01:23:53.8820697Z",
            "DateTimeOffsetN@odata.type": "Edm.DateTime",
            "DateTimeOffsetN": "2020-01-01T01:03:00Z",
            "DateTimeOffset@odata.type": "Edm.DateTime",
            "DateTimeOffset": "2020-01-01T01:03:00Z",
            "DateTimeN@odata.type": "Edm.DateTime",
            "DateTimeN": "2020-01-01T01:03:00Z",
            "DateTime@odata.type": "Edm.DateTime",
            "DateTime": "2020-01-01T01:03:00Z",
            "DateTimeAsString": "2020-01-01T01:03:00.0000000Z",
            "BoolN": false,
            "Bool": true,
            "BoolPrimitiveN": false,
            "BoolPrimitive": true,
            "Binary@odata.type": "Edm.Binary",
            "Binary": "AQIC",
            "BinaryPrimitive@odata.type": "Edm.Binary",
            "BinaryPrimitive": "AQIC",
            "DoublePrimitiveN": 2.02,
            "DoublePrimitive": 2.02,
            "DoubleN": 2.02,
            "Double": 2.02,
            "DoubleInteger": 2.0,
            "GuidN@odata.type": "Edm.Guid",
            "GuidN": "0d391d16-97f1-4b9a-be68-4cc871f90002",
            "Guid@odata.type": "Edm.Guid",
            "Guid": "0d391d16-97f1-4b9a-be68-4cc871f90002",
            "IntegerPrimitiveN": 2,
            "IntegerPrimitive": 2,
            "Int32N": 2,
            "Int32": 2,
            "LongPrimitiveN@odata.type": "Edm.Int64",
            "LongPrimitiveN": "2147483649",
            "LongPrimitive@odata.type": "Edm.Int64",
            "LongPrimitive": "2147483649",
            "Int64N@odata.type": "Edm.Int64",
            "Int64N": "123456789012",
            "Int64@odata.type": "Edm.Int64",
            "Int64": "2147483649",
            "String": "0002"
          },
          {
            "odata.type": "allkimprim.testtable3rgiegyq",
            "odata.id": "https://allkimprim.table.core.windows.net/testtable3rgiegyq(PartitionKey=\u0027somPartition\u0027,RowKey=\u00270003\u0027)",
            "odata.etag": "W/\u0022datetime\u00272020-07-25T01%3A23%3A53.9401092Z\u0027\u0022",
            "odata.editLink": "testtable3rgiegyq(PartitionKey=\u0027somPartition\u0027,RowKey=\u00270003\u0027)",
            "PartitionKey": "somPartition",
            "RowKey": "0003",
            "Timestamp@odata.type": "Edm.DateTime",
            "Timestamp": "2020-07-25T01:23:53.9401092Z",
            "DateTimeOffsetN@odata.type": "Edm.DateTime",
            "DateTimeOffsetN": "2020-01-01T01:04:00Z",
            "DateTimeOffset@odata.type": "Edm.DateTime",
            "DateTimeOffset": "2020-01-01T01:04:00Z",
            "DateTimeN@odata.type": "Edm.DateTime",
            "DateTimeN": "2020-01-01T01:04:00Z",
            "DateTime@odata.type": "Edm.DateTime",
            "DateTime": "2020-01-01T01:04:00Z",
            "DateTimeAsString": "2020-01-01T01:04:00.0000000Z",
            "BoolN": false,
            "Bool": false,
            "BoolPrimitiveN": false,
            "BoolPrimitive": false,
            "Binary@odata.type": "Edm.Binary",
            "Binary": "AQID",
            "BinaryPrimitive@odata.type": "Edm.Binary",
            "BinaryPrimitive": "AQID",
            "DoublePrimitiveN": 3.03,
            "DoublePrimitive": 3.03,
            "DoubleN": 3.03,
            "Double": 3.03,
            "DoubleInteger": 3.0,
            "GuidN@odata.type": "Edm.Guid",
            "GuidN": "0d391d16-97f1-4b9a-be68-4cc871f90003",
            "Guid@odata.type": "Edm.Guid",
            "Guid": "0d391d16-97f1-4b9a-be68-4cc871f90003",
            "IntegerPrimitiveN": 3,
            "IntegerPrimitive": 3,
            "Int32N": 3,
            "Int32": 3,
            "LongPrimitiveN@odata.type": "Edm.Int64",
            "LongPrimitiveN": "2147483650",
            "LongPrimitive@odata.type": "Edm.Int64",
            "LongPrimitive": "2147483650",
            "Int64N@odata.type": "Edm.Int64",
            "Int64N": "123456789012",
            "Int64@odata.type": "Edm.Int64",
            "Int64": "2147483650",
            "String": "0003"
          },
          {
            "odata.type": "allkimprim.testtable3rgiegyq",
            "odata.id": "https://allkimprim.table.core.windows.net/testtable3rgiegyq(PartitionKey=\u0027somPartition\u0027,RowKey=\u00270004\u0027)",
            "odata.etag": "W/\u0022datetime\u00272020-07-25T01%3A23%3A53.99615Z\u0027\u0022",
            "odata.editLink": "testtable3rgiegyq(PartitionKey=\u0027somPartition\u0027,RowKey=\u00270004\u0027)",
            "PartitionKey": "somPartition",
            "RowKey": "0004",
            "Timestamp@odata.type": "Edm.DateTime",
            "Timestamp": "2020-07-25T01:23:53.99615Z",
            "DateTimeOffsetN@odata.type": "Edm.DateTime",
            "DateTimeOffsetN": "2020-01-01T01:05:00Z",
            "DateTimeOffset@odata.type": "Edm.DateTime",
            "DateTimeOffset": "2020-01-01T01:05:00Z",
            "DateTimeN@odata.type": "Edm.DateTime",
            "DateTimeN": "2020-01-01T01:05:00Z",
            "DateTime@odata.type": "Edm.DateTime",
            "DateTime": "2020-01-01T01:05:00Z",
            "DateTimeAsString": "2020-01-01T01:05:00.0000000Z",
            "BoolN": false,
            "Bool": true,
            "BoolPrimitiveN": false,
            "BoolPrimitive": true,
            "Binary@odata.type": "Edm.Binary",
            "Binary": "AQIE",
            "BinaryPrimitive@odata.type": "Edm.Binary",
            "BinaryPrimitive": "AQIE",
            "DoublePrimitiveN": 4.04,
            "DoublePrimitive": 4.04,
            "DoubleN": 4.04,
            "Double": 4.04,
            "DoubleInteger": 4.0,
            "GuidN@odata.type": "Edm.Guid",
            "GuidN": "0d391d16-97f1-4b9a-be68-4cc871f90004",
            "Guid@odata.type": "Edm.Guid",
            "Guid": "0d391d16-97f1-4b9a-be68-4cc871f90004",
            "IntegerPrimitiveN": 4,
            "IntegerPrimitive": 4,
            "Int32N": 4,
            "Int32": 4,
            "LongPrimitiveN@odata.type": "Edm.Int64",
            "LongPrimitiveN": "2147483651",
            "LongPrimitive@odata.type": "Edm.Int64",
            "LongPrimitive": "2147483651",
            "Int64N@odata.type": "Edm.Int64",
            "Int64N": "123456789012",
            "Int64@odata.type": "Edm.Int64",
            "Int64": "2147483651",
            "String": "0004"
          }
        ]
      }
    },
    {
      "RequestUri": "https://allkimprim.table.core.windows.net/testtable3rgiegyq()?$format=application%2Fjson%3Bodata%3Dfullmetadata\u0026$filter=%28PartitionKey%20eq%20%27somPartition%27%29%20and%20%28Int32%20gt%20-1%29",
      "RequestMethod": "GET",
      "RequestHeaders": {
        "Accept": "application/json",
        "Authorization": "Sanitized",
        "DataServiceVersion": "3.0",
        "User-Agent": [
          "azsdk-net-Data.Tables/1.0.0-dev.20200724.1",
          "(.NET Core 4.6.29017.01; Microsoft Windows 10.0.19041 )"
        ],
        "x-ms-client-request-id": "a9f265eb56de799c3aafc86cf577db75",
        "x-ms-date": "Sat, 25 Jul 2020 01:23:58 GMT",
        "x-ms-return-client-request-id": "true",
        "x-ms-version": "2019-02-02"
      },
      "RequestBody": null,
      "StatusCode": 200,
      "ResponseHeaders": {
        "Cache-Control": "no-cache",
        "Content-Type": "application/json; odata=fullmetadata; streaming=true; charset=utf-8",
        "Date": "Sat, 25 Jul 2020 01:23:53 GMT",
        "Server": [
          "Windows-Azure-Table/1.0",
          "Microsoft-HTTPAPI/2.0"
        ],
        "Transfer-Encoding": "chunked",
        "X-Content-Type-Options": "nosniff",
        "x-ms-client-request-id": "a9f265eb56de799c3aafc86cf577db75",
        "x-ms-request-id": "4c83f6c5-d002-007e-4e22-620faa000000",
        "x-ms-version": "2019-02-02"
      },
      "ResponseBody": {
        "odata.metadata": "https://allkimprim.table.core.windows.net/$metadata#testtable3rgiegyq",
        "value": [
          {
            "odata.type": "allkimprim.testtable3rgiegyq",
            "odata.id": "https://allkimprim.table.core.windows.net/testtable3rgiegyq(PartitionKey=\u0027somPartition\u0027,RowKey=\u00270001\u0027)",
            "odata.etag": "W/\u0022datetime\u00272020-07-25T01%3A23%3A53.8270294Z\u0027\u0022",
            "odata.editLink": "testtable3rgiegyq(PartitionKey=\u0027somPartition\u0027,RowKey=\u00270001\u0027)",
            "PartitionKey": "somPartition",
            "RowKey": "0001",
            "Timestamp@odata.type": "Edm.DateTime",
            "Timestamp": "2020-07-25T01:23:53.8270294Z",
            "DateTimeOffsetN@odata.type": "Edm.DateTime",
            "DateTimeOffsetN": "2020-01-01T01:02:00Z",
            "DateTimeOffset@odata.type": "Edm.DateTime",
            "DateTimeOffset": "2020-01-01T01:02:00Z",
            "DateTimeN@odata.type": "Edm.DateTime",
            "DateTimeN": "2020-01-01T01:02:00Z",
            "DateTime@odata.type": "Edm.DateTime",
            "DateTime": "2020-01-01T01:02:00Z",
            "DateTimeAsString": "2020-01-01T01:02:00.0000000Z",
            "BoolN": false,
            "Bool": false,
            "BoolPrimitiveN": false,
            "BoolPrimitive": false,
            "Binary@odata.type": "Edm.Binary",
            "Binary": "AQIB",
            "BinaryPrimitive@odata.type": "Edm.Binary",
            "BinaryPrimitive": "AQIB",
            "DoublePrimitiveN": 1.01,
            "DoublePrimitive": 1.01,
            "DoubleN": 1.01,
            "Double": 1.01,
            "DoubleInteger": 1.0,
            "GuidN@odata.type": "Edm.Guid",
            "GuidN": "0d391d16-97f1-4b9a-be68-4cc871f90001",
            "Guid@odata.type": "Edm.Guid",
            "Guid": "0d391d16-97f1-4b9a-be68-4cc871f90001",
            "IntegerPrimitiveN": 1,
            "IntegerPrimitive": 1,
            "Int32N": 1,
            "Int32": 1,
            "LongPrimitiveN@odata.type": "Edm.Int64",
            "LongPrimitiveN": "2147483648",
            "LongPrimitive@odata.type": "Edm.Int64",
            "LongPrimitive": "2147483648",
            "Int64N@odata.type": "Edm.Int64",
            "Int64N": "123456789012",
            "Int64@odata.type": "Edm.Int64",
            "Int64": "2147483648",
            "String": "0001"
          },
          {
            "odata.type": "allkimprim.testtable3rgiegyq",
            "odata.id": "https://allkimprim.table.core.windows.net/testtable3rgiegyq(PartitionKey=\u0027somPartition\u0027,RowKey=\u00270002\u0027)",
            "odata.etag": "W/\u0022datetime\u00272020-07-25T01%3A23%3A53.8820697Z\u0027\u0022",
            "odata.editLink": "testtable3rgiegyq(PartitionKey=\u0027somPartition\u0027,RowKey=\u00270002\u0027)",
            "PartitionKey": "somPartition",
            "RowKey": "0002",
            "Timestamp@odata.type": "Edm.DateTime",
            "Timestamp": "2020-07-25T01:23:53.8820697Z",
            "DateTimeOffsetN@odata.type": "Edm.DateTime",
            "DateTimeOffsetN": "2020-01-01T01:03:00Z",
            "DateTimeOffset@odata.type": "Edm.DateTime",
            "DateTimeOffset": "2020-01-01T01:03:00Z",
            "DateTimeN@odata.type": "Edm.DateTime",
            "DateTimeN": "2020-01-01T01:03:00Z",
            "DateTime@odata.type": "Edm.DateTime",
            "DateTime": "2020-01-01T01:03:00Z",
            "DateTimeAsString": "2020-01-01T01:03:00.0000000Z",
            "BoolN": false,
            "Bool": true,
            "BoolPrimitiveN": false,
            "BoolPrimitive": true,
            "Binary@odata.type": "Edm.Binary",
            "Binary": "AQIC",
            "BinaryPrimitive@odata.type": "Edm.Binary",
            "BinaryPrimitive": "AQIC",
            "DoublePrimitiveN": 2.02,
            "DoublePrimitive": 2.02,
            "DoubleN": 2.02,
            "Double": 2.02,
            "DoubleInteger": 2.0,
            "GuidN@odata.type": "Edm.Guid",
            "GuidN": "0d391d16-97f1-4b9a-be68-4cc871f90002",
            "Guid@odata.type": "Edm.Guid",
            "Guid": "0d391d16-97f1-4b9a-be68-4cc871f90002",
            "IntegerPrimitiveN": 2,
            "IntegerPrimitive": 2,
            "Int32N": 2,
            "Int32": 2,
            "LongPrimitiveN@odata.type": "Edm.Int64",
            "LongPrimitiveN": "2147483649",
            "LongPrimitive@odata.type": "Edm.Int64",
            "LongPrimitive": "2147483649",
            "Int64N@odata.type": "Edm.Int64",
            "Int64N": "123456789012",
            "Int64@odata.type": "Edm.Int64",
            "Int64": "2147483649",
            "String": "0002"
          },
          {
            "odata.type": "allkimprim.testtable3rgiegyq",
            "odata.id": "https://allkimprim.table.core.windows.net/testtable3rgiegyq(PartitionKey=\u0027somPartition\u0027,RowKey=\u00270003\u0027)",
            "odata.etag": "W/\u0022datetime\u00272020-07-25T01%3A23%3A53.9401092Z\u0027\u0022",
            "odata.editLink": "testtable3rgiegyq(PartitionKey=\u0027somPartition\u0027,RowKey=\u00270003\u0027)",
            "PartitionKey": "somPartition",
            "RowKey": "0003",
            "Timestamp@odata.type": "Edm.DateTime",
            "Timestamp": "2020-07-25T01:23:53.9401092Z",
            "DateTimeOffsetN@odata.type": "Edm.DateTime",
            "DateTimeOffsetN": "2020-01-01T01:04:00Z",
            "DateTimeOffset@odata.type": "Edm.DateTime",
            "DateTimeOffset": "2020-01-01T01:04:00Z",
            "DateTimeN@odata.type": "Edm.DateTime",
            "DateTimeN": "2020-01-01T01:04:00Z",
            "DateTime@odata.type": "Edm.DateTime",
            "DateTime": "2020-01-01T01:04:00Z",
            "DateTimeAsString": "2020-01-01T01:04:00.0000000Z",
            "BoolN": false,
            "Bool": false,
            "BoolPrimitiveN": false,
            "BoolPrimitive": false,
            "Binary@odata.type": "Edm.Binary",
            "Binary": "AQID",
            "BinaryPrimitive@odata.type": "Edm.Binary",
            "BinaryPrimitive": "AQID",
            "DoublePrimitiveN": 3.03,
            "DoublePrimitive": 3.03,
            "DoubleN": 3.03,
            "Double": 3.03,
            "DoubleInteger": 3.0,
            "GuidN@odata.type": "Edm.Guid",
            "GuidN": "0d391d16-97f1-4b9a-be68-4cc871f90003",
            "Guid@odata.type": "Edm.Guid",
            "Guid": "0d391d16-97f1-4b9a-be68-4cc871f90003",
            "IntegerPrimitiveN": 3,
            "IntegerPrimitive": 3,
            "Int32N": 3,
            "Int32": 3,
            "LongPrimitiveN@odata.type": "Edm.Int64",
            "LongPrimitiveN": "2147483650",
            "LongPrimitive@odata.type": "Edm.Int64",
            "LongPrimitive": "2147483650",
            "Int64N@odata.type": "Edm.Int64",
            "Int64N": "123456789012",
            "Int64@odata.type": "Edm.Int64",
            "Int64": "2147483650",
            "String": "0003"
          },
          {
            "odata.type": "allkimprim.testtable3rgiegyq",
            "odata.id": "https://allkimprim.table.core.windows.net/testtable3rgiegyq(PartitionKey=\u0027somPartition\u0027,RowKey=\u00270004\u0027)",
            "odata.etag": "W/\u0022datetime\u00272020-07-25T01%3A23%3A53.99615Z\u0027\u0022",
            "odata.editLink": "testtable3rgiegyq(PartitionKey=\u0027somPartition\u0027,RowKey=\u00270004\u0027)",
            "PartitionKey": "somPartition",
            "RowKey": "0004",
            "Timestamp@odata.type": "Edm.DateTime",
            "Timestamp": "2020-07-25T01:23:53.99615Z",
            "DateTimeOffsetN@odata.type": "Edm.DateTime",
            "DateTimeOffsetN": "2020-01-01T01:05:00Z",
            "DateTimeOffset@odata.type": "Edm.DateTime",
            "DateTimeOffset": "2020-01-01T01:05:00Z",
            "DateTimeN@odata.type": "Edm.DateTime",
            "DateTimeN": "2020-01-01T01:05:00Z",
            "DateTime@odata.type": "Edm.DateTime",
            "DateTime": "2020-01-01T01:05:00Z",
            "DateTimeAsString": "2020-01-01T01:05:00.0000000Z",
            "BoolN": false,
            "Bool": true,
            "BoolPrimitiveN": false,
            "BoolPrimitive": true,
            "Binary@odata.type": "Edm.Binary",
            "Binary": "AQIE",
            "BinaryPrimitive@odata.type": "Edm.Binary",
            "BinaryPrimitive": "AQIE",
            "DoublePrimitiveN": 4.04,
            "DoublePrimitive": 4.04,
            "DoubleN": 4.04,
            "Double": 4.04,
            "DoubleInteger": 4.0,
            "GuidN@odata.type": "Edm.Guid",
            "GuidN": "0d391d16-97f1-4b9a-be68-4cc871f90004",
            "Guid@odata.type": "Edm.Guid",
            "Guid": "0d391d16-97f1-4b9a-be68-4cc871f90004",
            "IntegerPrimitiveN": 4,
            "IntegerPrimitive": 4,
            "Int32N": 4,
            "Int32": 4,
            "LongPrimitiveN@odata.type": "Edm.Int64",
            "LongPrimitiveN": "2147483651",
            "LongPrimitive@odata.type": "Edm.Int64",
            "LongPrimitive": "2147483651",
            "Int64N@odata.type": "Edm.Int64",
            "Int64N": "123456789012",
            "Int64@odata.type": "Edm.Int64",
            "Int64": "2147483651",
            "String": "0004"
          }
        ]
      }
    },
    {
      "RequestUri": "https://allkimprim.table.core.windows.net/Tables(\u0027testtable3rgiegyq\u0027)",
      "RequestMethod": "DELETE",
      "RequestHeaders": {
        "Accept": "application/json",
        "Authorization": "Sanitized",
        "traceparent": "00-b3ed9ed39c25c84ea8185966fe7f2da4-c546a2e5f152154b-00",
        "User-Agent": [
          "azsdk-net-Data.Tables/1.0.0-dev.20200724.1",
          "(.NET Core 4.6.29017.01; Microsoft Windows 10.0.19041 )"
        ],
        "x-ms-client-request-id": "c84202d758f11f00268f38708f617ea5",
        "x-ms-date": "Sat, 25 Jul 2020 01:23:58 GMT",
        "x-ms-return-client-request-id": "true",
        "x-ms-version": "2019-02-02"
      },
      "RequestBody": null,
      "StatusCode": 204,
      "ResponseHeaders": {
        "Cache-Control": "no-cache",
        "Content-Length": "0",
        "Date": "Sat, 25 Jul 2020 01:23:53 GMT",
        "Server": [
          "Windows-Azure-Table/1.0",
          "Microsoft-HTTPAPI/2.0"
        ],
        "X-Content-Type-Options": "nosniff",
        "x-ms-client-request-id": "c84202d758f11f00268f38708f617ea5",
        "x-ms-request-id": "4c83f6d3-d002-007e-5522-620faa000000",
        "x-ms-version": "2019-02-02"
      },
      "ResponseBody": []
    }
  ],
  "Variables": {
    "RandomSeed": "826842600",
    "TABLES_PRIMARY_STORAGE_ACCOUNT_KEY": "",
    "TABLES_STORAGE_ACCOUNT_NAME": "allkimprim"
  }
}