{
  "Entries": [
    {
      "RequestUri": "https://chrissscratch.table.core.windows.net/Tables?$format=application%2Fjson%3Bodata%3Dfullmetadata",
      "RequestMethod": "POST",
      "RequestHeaders": {
        "Authorization": "Sanitized",
        "Content-Length": "33",
        "Content-Type": "application/json; odata=nometadata",
        "DataServiceVersion": "3.0",
        "traceparent": "00-9856c51c2e77fb459f0c011f7aa596d8-d190efe95bc86b45-00",
        "User-Agent": [
          "azsdk-net-Data.Tables/1.0.0-dev.20200713.1",
          "(.NET Core 4.6.28928.01; Microsoft Windows 10.0.18363 )"
        ],
        "x-ms-client-request-id": "18768950d00026c89ab66adf3e8e690d",
        "x-ms-date": "Tue, 14 Jul 2020 20:57:08 GMT",
        "x-ms-return-client-request-id": "true",
        "x-ms-version": "2019-02-02"
      },
      "RequestBody": {
        "TableName": "testtablehdxutm6v"
      },
      "StatusCode": 201,
      "ResponseHeaders": {
        "Cache-Control": "no-cache",
        "Content-Type": "application/json; odata=fullmetadata; streaming=true; charset=utf-8",
        "Date": "Tue, 14 Jul 2020 20:57:07 GMT",
        "Location": "https://chrissscratch.table.core.windows.net/Tables(\u0027testtablehdxutm6v\u0027)",
        "Server": [
          "Windows-Azure-Table/1.0",
          "Microsoft-HTTPAPI/2.0"
        ],
        "Transfer-Encoding": "chunked",
        "X-Content-Type-Options": "nosniff",
        "x-ms-client-request-id": "18768950d00026c89ab66adf3e8e690d",
        "x-ms-request-id": "2075398b-b002-001b-6e21-5aea7a000000",
        "x-ms-version": "2019-02-02"
      },
      "ResponseBody": {
        "odata.metadata": "https://chrissscratch.table.core.windows.net/$metadata#Tables/@Element",
        "odata.type": "chrissscratch.Tables",
        "odata.id": "https://chrissscratch.table.core.windows.net/Tables(\u0027testtablehdxutm6v\u0027)",
        "odata.editLink": "Tables(\u0027testtablehdxutm6v\u0027)",
        "TableName": "testtablehdxutm6v"
      }
    },
    {
      "RequestUri": "https://chrissscratch.table.core.windows.net/testtablehdxutm6v?$format=application%2Fjson%3Bodata%3Dfullmetadata",
      "RequestMethod": "POST",
      "RequestHeaders": {
        "Authorization": "Sanitized",
        "Content-Length": "741",
        "Content-Type": "application/json; odata=nometadata",
        "DataServiceVersion": "3.0",
        "traceparent": "00-1f540facd60ac442b773f9c3b8db0553-774dc0aff2166841-00",
        "User-Agent": [
          "azsdk-net-Data.Tables/1.0.0-dev.20200713.1",
          "(.NET Core 4.6.28928.01; Microsoft Windows 10.0.18363 )"
        ],
        "x-ms-client-request-id": "da3f060c6aa5fda63831777bbf424d4d",
        "x-ms-date": "Tue, 14 Jul 2020 20:57:08 GMT",
        "x-ms-return-client-request-id": "true",
        "x-ms-version": "2019-02-02"
      },
      "RequestBody": {
        "StringTypeProperty": "This is table entity number 01",
        "DatetimeTypeProperty": "2020-01-01T01:02:00.0000000Z",
        "DatetimeTypeProperty@odata.type": "Edm.DateTime",
        "DatetimeOffsetTypeProperty": "2020-01-01T01:02:00.0000000Z",
        "DatetimeOffsetTypeProperty@odata.type": "Edm.DateTime",
        "GuidTypeProperty": "0d391d16-97f1-4b9a-be68-4cc871f90001",
        "GuidTypeProperty@odata.type": "Edm.Guid",
        "BinaryTypeProperty": "AQIDBAU=",
        "BinaryTypeProperty@odata.type": "Edm.Binary",
        "Int64TypeProperty": "1",
        "Int64TypeProperty@odata.type": "Edm.Int64",
        "DoubleTypeProperty": 1,
        "DoubleTypeProperty@odata.type": "Edm.Double",
        "IntTypeProperty": 1,
        "PartitionKey": "somPartition",
        "RowKey": "01",
        "Timestamp": "0001-01-01T00:00:00.0000000Z",
        "Timestamp@odata.type": "Edm.DateTime",
        "ETag": null
      },
      "StatusCode": 201,
      "ResponseHeaders": {
        "Cache-Control": "no-cache",
        "Content-Type": "application/json; odata=fullmetadata; streaming=true; charset=utf-8",
        "Date": "Tue, 14 Jul 2020 20:57:08 GMT",
        "ETag": "W/\u0022datetime\u00272020-07-14T20%3A57%3A08.2801704Z\u0027\u0022",
        "Location": "https://chrissscratch.table.core.windows.net/testtablehdxutm6v(PartitionKey=\u0027somPartition\u0027,RowKey=\u002701\u0027)",
        "Server": [
          "Windows-Azure-Table/1.0",
          "Microsoft-HTTPAPI/2.0"
        ],
        "Transfer-Encoding": "chunked",
        "X-Content-Type-Options": "nosniff",
        "x-ms-client-request-id": "da3f060c6aa5fda63831777bbf424d4d",
        "x-ms-request-id": "20753997-b002-001b-7621-5aea7a000000",
        "x-ms-version": "2019-02-02"
      },
      "ResponseBody": {
        "odata.metadata": "https://chrissscratch.table.core.windows.net/$metadata#testtablehdxutm6v/@Element",
        "odata.type": "chrissscratch.testtablehdxutm6v",
        "odata.id": "https://chrissscratch.table.core.windows.net/testtablehdxutm6v(PartitionKey=\u0027somPartition\u0027,RowKey=\u002701\u0027)",
        "odata.etag": "W/\u0022datetime\u00272020-07-14T20%3A57%3A08.2801704Z\u0027\u0022",
        "odata.editLink": "testtablehdxutm6v(PartitionKey=\u0027somPartition\u0027,RowKey=\u002701\u0027)",
        "PartitionKey": "somPartition",
        "RowKey": "01",
        "Timestamp@odata.type": "Edm.DateTime",
        "Timestamp": "2020-07-14T20:57:08.2801704Z",
        "StringTypeProperty": "This is table entity number 01",
        "DatetimeTypeProperty@odata.type": "Edm.DateTime",
        "DatetimeTypeProperty": "2020-01-01T01:02:00Z",
        "DatetimeOffsetTypeProperty@odata.type": "Edm.DateTime",
        "DatetimeOffsetTypeProperty": "2020-01-01T01:02:00Z",
        "GuidTypeProperty@odata.type": "Edm.Guid",
        "GuidTypeProperty": "0d391d16-97f1-4b9a-be68-4cc871f90001",
        "BinaryTypeProperty@odata.type": "Edm.Binary",
        "BinaryTypeProperty": "AQIDBAU=",
        "Int64TypeProperty@odata.type": "Edm.Int64",
        "Int64TypeProperty": "1",
        "DoubleTypeProperty": 1.0,
        "IntTypeProperty": 1
      }
    },
    {
      "RequestUri": "https://chrissscratch.table.core.windows.net/testtablehdxutm6v?$format=application%2Fjson%3Bodata%3Dfullmetadata",
      "RequestMethod": "POST",
      "RequestHeaders": {
        "Authorization": "Sanitized",
        "Content-Length": "742",
        "Content-Type": "application/json; odata=nometadata",
        "DataServiceVersion": "3.0",
        "traceparent": "00-9e71f2f11c4ef442baaddb09438adfc2-26ed2198be995d4c-00",
        "User-Agent": [
          "azsdk-net-Data.Tables/1.0.0-dev.20200713.1",
          "(.NET Core 4.6.28928.01; Microsoft Windows 10.0.18363 )"
        ],
        "x-ms-client-request-id": "8aa8be2441eef4b19ddcbb196822823c",
        "x-ms-date": "Tue, 14 Jul 2020 20:57:08 GMT",
        "x-ms-return-client-request-id": "true",
        "x-ms-version": "2019-02-02"
      },
      "RequestBody": {
        "StringTypeProperty": "This is table entity number 01",
        "DatetimeTypeProperty": "2020-01-01T01:02:00.0000000Z",
        "DatetimeTypeProperty@odata.type": "Edm.DateTime",
        "DatetimeOffsetTypeProperty": "2020-01-01T01:02:00.0000000Z",
        "DatetimeOffsetTypeProperty@odata.type": "Edm.DateTime",
        "GuidTypeProperty": "0d391d16-97f1-4b9a-be68-4cc871f90001",
        "GuidTypeProperty@odata.type": "Edm.Guid",
        "BinaryTypeProperty": "AQIDBAU=",
        "BinaryTypeProperty@odata.type": "Edm.Binary",
        "Int64TypeProperty": "1",
        "Int64TypeProperty@odata.type": "Edm.Int64",
        "DoubleTypeProperty": 1,
        "DoubleTypeProperty@odata.type": "Edm.Double",
        "IntTypeProperty": 1,
        "PartitionKey": "somPartition2",
        "RowKey": "01",
        "Timestamp": "0001-01-01T00:00:00.0000000Z",
        "Timestamp@odata.type": "Edm.DateTime",
        "ETag": null
      },
      "StatusCode": 201,
      "ResponseHeaders": {
        "Cache-Control": "no-cache",
        "Content-Type": "application/json; odata=fullmetadata; streaming=true; charset=utf-8",
        "Date": "Tue, 14 Jul 2020 20:57:08 GMT",
        "ETag": "W/\u0022datetime\u00272020-07-14T20%3A57%3A08.3232065Z\u0027\u0022",
        "Location": "https://chrissscratch.table.core.windows.net/testtablehdxutm6v(PartitionKey=\u0027somPartition2\u0027,RowKey=\u002701\u0027)",
        "Server": [
          "Windows-Azure-Table/1.0",
          "Microsoft-HTTPAPI/2.0"
        ],
        "Transfer-Encoding": "chunked",
        "X-Content-Type-Options": "nosniff",
        "x-ms-client-request-id": "8aa8be2441eef4b19ddcbb196822823c",
        "x-ms-request-id": "207539ab-b002-001b-0721-5aea7a000000",
        "x-ms-version": "2019-02-02"
      },
      "ResponseBody": {
        "odata.metadata": "https://chrissscratch.table.core.windows.net/$metadata#testtablehdxutm6v/@Element",
        "odata.type": "chrissscratch.testtablehdxutm6v",
        "odata.id": "https://chrissscratch.table.core.windows.net/testtablehdxutm6v(PartitionKey=\u0027somPartition2\u0027,RowKey=\u002701\u0027)",
        "odata.etag": "W/\u0022datetime\u00272020-07-14T20%3A57%3A08.3232065Z\u0027\u0022",
        "odata.editLink": "testtablehdxutm6v(PartitionKey=\u0027somPartition2\u0027,RowKey=\u002701\u0027)",
        "PartitionKey": "somPartition2",
        "RowKey": "01",
        "Timestamp@odata.type": "Edm.DateTime",
        "Timestamp": "2020-07-14T20:57:08.3232065Z",
        "StringTypeProperty": "This is table entity number 01",
        "DatetimeTypeProperty@odata.type": "Edm.DateTime",
        "DatetimeTypeProperty": "2020-01-01T01:02:00Z",
        "DatetimeOffsetTypeProperty@odata.type": "Edm.DateTime",
        "DatetimeOffsetTypeProperty": "2020-01-01T01:02:00Z",
        "GuidTypeProperty@odata.type": "Edm.Guid",
        "GuidTypeProperty": "0d391d16-97f1-4b9a-be68-4cc871f90001",
        "BinaryTypeProperty@odata.type": "Edm.Binary",
        "BinaryTypeProperty": "AQIDBAU=",
        "Int64TypeProperty@odata.type": "Edm.Int64",
        "Int64TypeProperty": "1",
        "DoubleTypeProperty": 1.0,
        "IntTypeProperty": 1
      }
    },
    {
      "RequestUri": "https://chrissscratch.table.core.windows.net/testtablehdxutm6v()?$format=application%2Fjson%3Bodata%3Dfullmetadata\u0026$filter=%28PartitionKey%20eq%20%27somPartition%27%29%20and%20%28PartitionKey%20eq%20%27somPartition2%27%29",
      "RequestMethod": "GET",
      "RequestHeaders": {
        "Authorization": "Sanitized",
        "DataServiceVersion": "3.0",
        "User-Agent": [
          "azsdk-net-Data.Tables/1.0.0-dev.20200713.1",
          "(.NET Core 4.6.28928.01; Microsoft Windows 10.0.18363 )"
        ],
        "x-ms-client-request-id": "989587646a0ae59de278e0cf584d6757",
        "x-ms-date": "Tue, 14 Jul 2020 20:57:08 GMT",
        "x-ms-return-client-request-id": "true",
        "x-ms-version": "2019-02-02"
      },
      "RequestBody": null,
      "StatusCode": 200,
      "ResponseHeaders": {
        "Cache-Control": "no-cache",
        "Content-Type": "application/json; odata=fullmetadata; streaming=true; charset=utf-8",
        "Date": "Tue, 14 Jul 2020 20:57:08 GMT",
        "Server": [
          "Windows-Azure-Table/1.0",
          "Microsoft-HTTPAPI/2.0"
        ],
        "Transfer-Encoding": "chunked",
        "X-Content-Type-Options": "nosniff",
        "x-ms-client-request-id": "989587646a0ae59de278e0cf584d6757",
        "x-ms-request-id": "207539ba-b002-001b-1621-5aea7a000000",
        "x-ms-version": "2019-02-02"
      },
      "ResponseBody": {
        "odata.metadata": "https://chrissscratch.table.core.windows.net/$metadata#testtablehdxutm6v",
        "value": []
      }
    },
    {
      "RequestUri": "https://chrissscratch.table.core.windows.net/Tables(\u0027testtablehdxutm6v\u0027)",
      "RequestMethod": "DELETE",
      "RequestHeaders": {
        "Accept": "application/json",
        "Authorization": "Sanitized",
        "traceparent": "00-27e1b41b0015374d85e9b704fd58e3c6-e7fa2882a97cf941-00",
        "User-Agent": [
          "azsdk-net-Data.Tables/1.0.0-dev.20200713.1",
          "(.NET Core 4.6.28928.01; Microsoft Windows 10.0.18363 )"
        ],
        "x-ms-client-request-id": "7fbb1d68dee6cb1f554a3dc8af8d9415",
        "x-ms-date": "Tue, 14 Jul 2020 20:57:08 GMT",
        "x-ms-return-client-request-id": "true",
        "x-ms-version": "2019-02-02"
      },
      "RequestBody": null,
      "StatusCode": 204,
      "ResponseHeaders": {
        "Cache-Control": "no-cache",
        "Content-Length": "0",
        "Date": "Tue, 14 Jul 2020 20:57:08 GMT",
        "Server": [
          "Windows-Azure-Table/1.0",
          "Microsoft-HTTPAPI/2.0"
        ],
        "X-Content-Type-Options": "nosniff",
        "x-ms-client-request-id": "7fbb1d68dee6cb1f554a3dc8af8d9415",
        "x-ms-request-id": "207539c1-b002-001b-1d21-5aea7a000000",
        "x-ms-version": "2019-02-02"
      },
      "ResponseBody": []
    }
  ],
  "Variables": {
    "RandomSeed": "1821153837",
    "TABLES_PRIMARY_STORAGE_ACCOUNT_KEY": "",
    "TABLES_STORAGE_ACCOUNT_NAME": "chrissscratch"
  }
}