{
  "Entries": [
    {
      "RequestUri": "https://chrisstablesprim.table.core.windows.net/Tables?$format=application%2Fjson%3Bodata%3Dminimalmetadata",
      "RequestMethod": "POST",
      "RequestHeaders": {
        "Accept": "application/json; odata=minimalmetadata",
        "Authorization": "Sanitized",
        "Content-Length": "33",
        "Content-Type": "application/json; odata=nometadata",
        "DataServiceVersion": "3.0",
        "traceparent": "00-0427a86a2c8e514b88d2dd1e37cfdddb-f63a6aed3af7d045-00",
        "User-Agent": [
          "azsdk-net-Data.Tables/3.0.0-alpha.20210104.1",
          "(.NET Core 4.6.29321.03; Microsoft Windows 10.0.19042 )"
        ],
        "x-ms-client-request-id": "0413cece6a15f87ba6f45394066666fb",
        "x-ms-date": "Mon, 04 Jan 2021 22:29:42 GMT",
        "x-ms-return-client-request-id": "true",
        "x-ms-version": "2019-02-02"
      },
      "RequestBody": {
        "TableName": "testtableea1xh39p"
      },
      "StatusCode": 201,
      "ResponseHeaders": {
        "Cache-Control": "no-cache",
        "Content-Type": "application/json; odata=minimalmetadata; streaming=true; charset=utf-8",
        "Date": "Mon, 04 Jan 2021 22:29:31 GMT",
        "Location": "https://chrisstablesprim.table.core.windows.net/Tables(\u0027testtableea1xh39p\u0027)",
        "Server": [
          "Windows-Azure-Table/1.0",
          "Microsoft-HTTPAPI/2.0"
        ],
        "Transfer-Encoding": "chunked",
        "X-Content-Type-Options": "nosniff",
        "x-ms-client-request-id": "0413cece6a15f87ba6f45394066666fb",
        "x-ms-request-id": "79516e9e-b002-006b-5ae9-e224ed000000",
        "x-ms-version": "2019-02-02"
      },
      "ResponseBody": {
        "odata.metadata": "https://chrisstablesprim.table.core.windows.net/$metadata#Tables/@Element",
        "TableName": "testtableea1xh39p"
      }
    },
    {
      "RequestUri": "https://chrisstablesprim.table.core.windows.net/testtableea1xh39p?$format=application%2Fjson%3Bodata%3Dminimalmetadata",
      "RequestMethod": "POST",
      "RequestHeaders": {
        "Accept": "application/json; odata=minimalmetadata",
        "Authorization": "Sanitized",
        "Content-Length": "665",
        "Content-Type": "application/json; odata=nometadata",
        "DataServiceVersion": "3.0",
        "Prefer": "return-no-content",
        "traceparent": "00-8be60819d481c543b75d42245781445a-334541732c760442-00",
        "User-Agent": [
          "azsdk-net-Data.Tables/3.0.0-alpha.20210104.1",
          "(.NET Core 4.6.29321.03; Microsoft Windows 10.0.19042 )"
        ],
        "x-ms-client-request-id": "4f9de780beeebe86078d3d7fd4f88cac",
        "x-ms-date": "Mon, 04 Jan 2021 22:29:42 GMT",
        "x-ms-return-client-request-id": "true",
        "x-ms-version": "2019-02-02"
      },
      "RequestBody": {
        "StringTypeProperty": "This is table entity number 01",
        "DatetimeTypeProperty": "2020-01-01T01:02:00.0000000Z",
        "DatetimeTypeProperty@odata.type": "Edm.DateTime",
        "DatetimeOffsetTypeProperty": "2020-01-01T01:02:00.0000000Z",
        "DatetimeOffsetTypeProperty@odata.type": "Edm.DateTime",
        "GuidTypeProperty": "0d391d16-97f1-4b9a-be68-4cc871f90001",
        "GuidTypeProperty@odata.type": "Edm.Guid",
        "BinaryTypeProperty": "AQIDBAU=",
        "BinaryTypeProperty@odata.type": "Edm.Binary",
        "Int64TypeProperty": "1",
        "Int64TypeProperty@odata.type": "Edm.Int64",
        "DoubleTypeProperty": 1,
        "DoubleTypeProperty@odata.type": "Edm.Double",
        "IntTypeProperty": 1,
        "PartitionKey": "somPartition",
        "RowKey": "01",
        "Timestamp": null
      },
      "StatusCode": 204,
      "ResponseHeaders": {
        "Cache-Control": "no-cache",
        "Content-Length": "0",
        "DataServiceId": "https://chrisstablesprim.table.core.windows.net/testtableea1xh39p(PartitionKey=\u0027somPartition\u0027,RowKey=\u002701\u0027)",
        "Date": "Mon, 04 Jan 2021 22:29:31 GMT",
        "ETag": "W/\u0022datetime\u00272021-01-04T22%3A29%3A32.2332265Z\u0027\u0022",
        "Location": "https://chrisstablesprim.table.core.windows.net/testtableea1xh39p(PartitionKey=\u0027somPartition\u0027,RowKey=\u002701\u0027)",
        "Preference-Applied": "return-no-content",
        "Server": [
          "Windows-Azure-Table/1.0",
          "Microsoft-HTTPAPI/2.0"
        ],
        "X-Content-Type-Options": "nosniff",
        "x-ms-client-request-id": "4f9de780beeebe86078d3d7fd4f88cac",
        "x-ms-request-id": "79516ea7-b002-006b-62e9-e224ed000000",
        "x-ms-version": "2019-02-02"
      },
      "ResponseBody": []
    },
    {
      "RequestUri": "https://chrisstablesprim.table.core.windows.net/testtableea1xh39p?$format=application%2Fjson%3Bodata%3Dminimalmetadata",
      "RequestMethod": "POST",
      "RequestHeaders": {
        "Accept": "application/json; odata=minimalmetadata",
        "Authorization": "Sanitized",
        "Content-Length": "665",
        "Content-Type": "application/json; odata=nometadata",
        "DataServiceVersion": "3.0",
        "Prefer": "return-no-content",
        "traceparent": "00-ac1d25b9012cae4d91ad296bd568c9e4-c17a2e83f6469a4d-00",
        "User-Agent": [
          "azsdk-net-Data.Tables/3.0.0-alpha.20210104.1",
          "(.NET Core 4.6.29321.03; Microsoft Windows 10.0.19042 )"
        ],
        "x-ms-client-request-id": "4969911fe714d4152c90e82cde5a3cac",
        "x-ms-date": "Mon, 04 Jan 2021 22:29:42 GMT",
        "x-ms-return-client-request-id": "true",
        "x-ms-version": "2019-02-02"
      },
      "RequestBody": {
        "StringTypeProperty": "This is table entity number 02",
        "DatetimeTypeProperty": "2020-01-01T01:03:00.0000000Z",
        "DatetimeTypeProperty@odata.type": "Edm.DateTime",
        "DatetimeOffsetTypeProperty": "2020-01-01T01:03:00.0000000Z",
        "DatetimeOffsetTypeProperty@odata.type": "Edm.DateTime",
        "GuidTypeProperty": "0d391d16-97f1-4b9a-be68-4cc871f90002",
        "GuidTypeProperty@odata.type": "Edm.Guid",
        "BinaryTypeProperty": "AQIDBAU=",
        "BinaryTypeProperty@odata.type": "Edm.Binary",
        "Int64TypeProperty": "2",
        "Int64TypeProperty@odata.type": "Edm.Int64",
        "DoubleTypeProperty": 2,
        "DoubleTypeProperty@odata.type": "Edm.Double",
        "IntTypeProperty": 2,
        "PartitionKey": "somPartition",
        "RowKey": "02",
        "Timestamp": null
      },
      "StatusCode": 204,
      "ResponseHeaders": {
        "Cache-Control": "no-cache",
        "Content-Length": "0",
        "DataServiceId": "https://chrisstablesprim.table.core.windows.net/testtableea1xh39p(PartitionKey=\u0027somPartition\u0027,RowKey=\u002702\u0027)",
        "Date": "Mon, 04 Jan 2021 22:29:32 GMT",
        "ETag": "W/\u0022datetime\u00272021-01-04T22%3A29%3A32.3122832Z\u0027\u0022",
        "Location": "https://chrisstablesprim.table.core.windows.net/testtableea1xh39p(PartitionKey=\u0027somPartition\u0027,RowKey=\u002702\u0027)",
        "Preference-Applied": "return-no-content",
        "Server": [
          "Windows-Azure-Table/1.0",
          "Microsoft-HTTPAPI/2.0"
        ],
        "X-Content-Type-Options": "nosniff",
        "x-ms-client-request-id": "4969911fe714d4152c90e82cde5a3cac",
        "x-ms-request-id": "79516eb1-b002-006b-6ce9-e224ed000000",
        "x-ms-version": "2019-02-02"
      },
      "ResponseBody": []
    },
    {
      "RequestUri": "https://chrisstablesprim.table.core.windows.net/testtableea1xh39p?$format=application%2Fjson%3Bodata%3Dminimalmetadata",
      "RequestMethod": "POST",
      "RequestHeaders": {
        "Accept": "application/json; odata=minimalmetadata",
        "Authorization": "Sanitized",
        "Content-Length": "665",
        "Content-Type": "application/json; odata=nometadata",
        "DataServiceVersion": "3.0",
        "Prefer": "return-no-content",
        "traceparent": "00-a24d87776f1bae4aaaf3d5b4b431108f-70260588a8e34146-00",
        "User-Agent": [
          "azsdk-net-Data.Tables/3.0.0-alpha.20210104.1",
          "(.NET Core 4.6.29321.03; Microsoft Windows 10.0.19042 )"
        ],
        "x-ms-client-request-id": "1fef691657b110004855fc872dfc24ad",
        "x-ms-date": "Mon, 04 Jan 2021 22:29:43 GMT",
        "x-ms-return-client-request-id": "true",
        "x-ms-version": "2019-02-02"
      },
      "RequestBody": {
        "StringTypeProperty": "This is table entity number 03",
        "DatetimeTypeProperty": "2020-01-01T01:04:00.0000000Z",
        "DatetimeTypeProperty@odata.type": "Edm.DateTime",
        "DatetimeOffsetTypeProperty": "2020-01-01T01:04:00.0000000Z",
        "DatetimeOffsetTypeProperty@odata.type": "Edm.DateTime",
        "GuidTypeProperty": "0d391d16-97f1-4b9a-be68-4cc871f90003",
        "GuidTypeProperty@odata.type": "Edm.Guid",
        "BinaryTypeProperty": "AQIDBAU=",
        "BinaryTypeProperty@odata.type": "Edm.Binary",
        "Int64TypeProperty": "3",
        "Int64TypeProperty@odata.type": "Edm.Int64",
        "DoubleTypeProperty": 3,
        "DoubleTypeProperty@odata.type": "Edm.Double",
        "IntTypeProperty": 3,
        "PartitionKey": "somPartition",
        "RowKey": "03",
        "Timestamp": null
      },
      "StatusCode": 204,
      "ResponseHeaders": {
        "Cache-Control": "no-cache",
        "Content-Length": "0",
        "DataServiceId": "https://chrisstablesprim.table.core.windows.net/testtableea1xh39p(PartitionKey=\u0027somPartition\u0027,RowKey=\u002703\u0027)",
        "Date": "Mon, 04 Jan 2021 22:29:32 GMT",
        "ETag": "W/\u0022datetime\u00272021-01-04T22%3A29%3A32.3793301Z\u0027\u0022",
        "Location": "https://chrisstablesprim.table.core.windows.net/testtableea1xh39p(PartitionKey=\u0027somPartition\u0027,RowKey=\u002703\u0027)",
        "Preference-Applied": "return-no-content",
        "Server": [
          "Windows-Azure-Table/1.0",
          "Microsoft-HTTPAPI/2.0"
        ],
        "X-Content-Type-Options": "nosniff",
        "x-ms-client-request-id": "1fef691657b110004855fc872dfc24ad",
        "x-ms-request-id": "79516eb8-b002-006b-72e9-e224ed000000",
        "x-ms-version": "2019-02-02"
      },
      "ResponseBody": []
    },
    {
      "RequestUri": "https://chrisstablesprim.table.core.windows.net/testtableea1xh39p?$format=application%2Fjson%3Bodata%3Dminimalmetadata",
      "RequestMethod": "POST",
      "RequestHeaders": {
        "Accept": "application/json; odata=minimalmetadata",
        "Authorization": "Sanitized",
        "Content-Length": "665",
        "Content-Type": "application/json; odata=nometadata",
        "DataServiceVersion": "3.0",
        "Prefer": "return-no-content",
        "traceparent": "00-2af55d221af4fd43974ece8f9eed0475-d94b251d3473c94f-00",
        "User-Agent": [
          "azsdk-net-Data.Tables/3.0.0-alpha.20210104.1",
          "(.NET Core 4.6.29321.03; Microsoft Windows 10.0.19042 )"
        ],
        "x-ms-client-request-id": "7474a7671dfd98e7d1c9235ed559dfad",
        "x-ms-date": "Mon, 04 Jan 2021 22:29:43 GMT",
        "x-ms-return-client-request-id": "true",
        "x-ms-version": "2019-02-02"
      },
      "RequestBody": {
        "StringTypeProperty": "This is table entity number 04",
        "DatetimeTypeProperty": "2020-01-01T01:05:00.0000000Z",
        "DatetimeTypeProperty@odata.type": "Edm.DateTime",
        "DatetimeOffsetTypeProperty": "2020-01-01T01:05:00.0000000Z",
        "DatetimeOffsetTypeProperty@odata.type": "Edm.DateTime",
        "GuidTypeProperty": "0d391d16-97f1-4b9a-be68-4cc871f90004",
        "GuidTypeProperty@odata.type": "Edm.Guid",
        "BinaryTypeProperty": "AQIDBAU=",
        "BinaryTypeProperty@odata.type": "Edm.Binary",
        "Int64TypeProperty": "4",
        "Int64TypeProperty@odata.type": "Edm.Int64",
        "DoubleTypeProperty": 4,
        "DoubleTypeProperty@odata.type": "Edm.Double",
        "IntTypeProperty": 4,
        "PartitionKey": "somPartition",
        "RowKey": "04",
        "Timestamp": null
      },
      "StatusCode": 204,
      "ResponseHeaders": {
        "Cache-Control": "no-cache",
        "Content-Length": "0",
        "DataServiceId": "https://chrisstablesprim.table.core.windows.net/testtableea1xh39p(PartitionKey=\u0027somPartition\u0027,RowKey=\u002704\u0027)",
        "Date": "Mon, 04 Jan 2021 22:29:32 GMT",
        "ETag": "W/\u0022datetime\u00272021-01-04T22%3A29%3A32.4463775Z\u0027\u0022",
        "Location": "https://chrisstablesprim.table.core.windows.net/testtableea1xh39p(PartitionKey=\u0027somPartition\u0027,RowKey=\u002704\u0027)",
        "Preference-Applied": "return-no-content",
        "Server": [
          "Windows-Azure-Table/1.0",
          "Microsoft-HTTPAPI/2.0"
        ],
        "X-Content-Type-Options": "nosniff",
        "x-ms-client-request-id": "7474a7671dfd98e7d1c9235ed559dfad",
        "x-ms-request-id": "79516ec6-b002-006b-80e9-e224ed000000",
        "x-ms-version": "2019-02-02"
      },
      "ResponseBody": []
    },
    {
      "RequestUri": "https://chrisstablesprim.table.core.windows.net/testtableea1xh39p?$format=application%2Fjson%3Bodata%3Dminimalmetadata",
      "RequestMethod": "POST",
      "RequestHeaders": {
        "Accept": "application/json; odata=minimalmetadata",
        "Authorization": "Sanitized",
        "Content-Length": "665",
        "Content-Type": "application/json; odata=nometadata",
        "DataServiceVersion": "3.0",
        "Prefer": "return-no-content",
        "traceparent": "00-b7dd8882b904a84ab0533085f4c9b5ab-09760c38c6730b43-00",
        "User-Agent": [
          "azsdk-net-Data.Tables/3.0.0-alpha.20210104.1",
          "(.NET Core 4.6.29321.03; Microsoft Windows 10.0.19042 )"
        ],
        "x-ms-client-request-id": "6a6891516d09c8fa915800beeb8da72f",
        "x-ms-date": "Mon, 04 Jan 2021 22:29:43 GMT",
        "x-ms-return-client-request-id": "true",
        "x-ms-version": "2019-02-02"
      },
      "RequestBody": {
        "StringTypeProperty": "This is table entity number 05",
        "DatetimeTypeProperty": "2020-01-01T01:06:00.0000000Z",
        "DatetimeTypeProperty@odata.type": "Edm.DateTime",
        "DatetimeOffsetTypeProperty": "2020-01-01T01:06:00.0000000Z",
        "DatetimeOffsetTypeProperty@odata.type": "Edm.DateTime",
        "GuidTypeProperty": "0d391d16-97f1-4b9a-be68-4cc871f90005",
        "GuidTypeProperty@odata.type": "Edm.Guid",
        "BinaryTypeProperty": "AQIDBAU=",
        "BinaryTypeProperty@odata.type": "Edm.Binary",
        "Int64TypeProperty": "5",
        "Int64TypeProperty@odata.type": "Edm.Int64",
        "DoubleTypeProperty": 5,
        "DoubleTypeProperty@odata.type": "Edm.Double",
        "IntTypeProperty": 5,
        "PartitionKey": "somPartition",
        "RowKey": "05",
        "Timestamp": null
      },
      "StatusCode": 204,
      "ResponseHeaders": {
        "Cache-Control": "no-cache",
        "Content-Length": "0",
        "DataServiceId": "https://chrisstablesprim.table.core.windows.net/testtableea1xh39p(PartitionKey=\u0027somPartition\u0027,RowKey=\u002705\u0027)",
        "Date": "Mon, 04 Jan 2021 22:29:32 GMT",
        "ETag": "W/\u0022datetime\u00272021-01-04T22%3A29%3A32.5194291Z\u0027\u0022",
        "Location": "https://chrisstablesprim.table.core.windows.net/testtableea1xh39p(PartitionKey=\u0027somPartition\u0027,RowKey=\u002705\u0027)",
        "Preference-Applied": "return-no-content",
        "Server": [
          "Windows-Azure-Table/1.0",
          "Microsoft-HTTPAPI/2.0"
        ],
        "X-Content-Type-Options": "nosniff",
        "x-ms-client-request-id": "6a6891516d09c8fa915800beeb8da72f",
        "x-ms-request-id": "79516ed8-b002-006b-12e9-e224ed000000",
        "x-ms-version": "2019-02-02"
      },
      "ResponseBody": []
    },
    {
      "RequestUri": "https://chrisstablesprim.table.core.windows.net/testtableea1xh39p?$format=application%2Fjson%3Bodata%3Dminimalmetadata",
      "RequestMethod": "POST",
      "RequestHeaders": {
        "Accept": "application/json; odata=minimalmetadata",
        "Authorization": "Sanitized",
        "Content-Length": "665",
        "Content-Type": "application/json; odata=nometadata",
        "DataServiceVersion": "3.0",
        "Prefer": "return-no-content",
        "traceparent": "00-79d058810427c343a16bba833249285d-708919d1aaaead43-00",
        "User-Agent": [
          "azsdk-net-Data.Tables/3.0.0-alpha.20210104.1",
          "(.NET Core 4.6.29321.03; Microsoft Windows 10.0.19042 )"
        ],
        "x-ms-client-request-id": "36c43a6cc7e5f8ae82564de833a23aee",
        "x-ms-date": "Mon, 04 Jan 2021 22:29:43 GMT",
        "x-ms-return-client-request-id": "true",
        "x-ms-version": "2019-02-02"
      },
      "RequestBody": {
        "StringTypeProperty": "This is table entity number 06",
        "DatetimeTypeProperty": "2020-01-01T01:07:00.0000000Z",
        "DatetimeTypeProperty@odata.type": "Edm.DateTime",
        "DatetimeOffsetTypeProperty": "2020-01-01T01:07:00.0000000Z",
        "DatetimeOffsetTypeProperty@odata.type": "Edm.DateTime",
        "GuidTypeProperty": "0d391d16-97f1-4b9a-be68-4cc871f90006",
        "GuidTypeProperty@odata.type": "Edm.Guid",
        "BinaryTypeProperty": "AQIDBAU=",
        "BinaryTypeProperty@odata.type": "Edm.Binary",
        "Int64TypeProperty": "6",
        "Int64TypeProperty@odata.type": "Edm.Int64",
        "DoubleTypeProperty": 6,
        "DoubleTypeProperty@odata.type": "Edm.Double",
        "IntTypeProperty": 6,
        "PartitionKey": "somPartition",
        "RowKey": "06",
        "Timestamp": null
      },
      "StatusCode": 204,
      "ResponseHeaders": {
        "Cache-Control": "no-cache",
        "Content-Length": "0",
        "DataServiceId": "https://chrisstablesprim.table.core.windows.net/testtableea1xh39p(PartitionKey=\u0027somPartition\u0027,RowKey=\u002706\u0027)",
        "Date": "Mon, 04 Jan 2021 22:29:32 GMT",
        "ETag": "W/\u0022datetime\u00272021-01-04T22%3A29%3A32.5854764Z\u0027\u0022",
        "Location": "https://chrisstablesprim.table.core.windows.net/testtableea1xh39p(PartitionKey=\u0027somPartition\u0027,RowKey=\u002706\u0027)",
        "Preference-Applied": "return-no-content",
        "Server": [
          "Windows-Azure-Table/1.0",
          "Microsoft-HTTPAPI/2.0"
        ],
        "X-Content-Type-Options": "nosniff",
        "x-ms-client-request-id": "36c43a6cc7e5f8ae82564de833a23aee",
        "x-ms-request-id": "79516ee4-b002-006b-1de9-e224ed000000",
        "x-ms-version": "2019-02-02"
      },
      "ResponseBody": []
    },
    {
      "RequestUri": "https://chrisstablesprim.table.core.windows.net/testtableea1xh39p?$format=application%2Fjson%3Bodata%3Dminimalmetadata",
      "RequestMethod": "POST",
      "RequestHeaders": {
        "Accept": "application/json; odata=minimalmetadata",
        "Authorization": "Sanitized",
        "Content-Length": "665",
        "Content-Type": "application/json; odata=nometadata",
        "DataServiceVersion": "3.0",
        "Prefer": "return-no-content",
        "traceparent": "00-b300ab32f8edc94f962fca77e69ddec0-7a76c40e8b5b0948-00",
        "User-Agent": [
          "azsdk-net-Data.Tables/3.0.0-alpha.20210104.1",
          "(.NET Core 4.6.29321.03; Microsoft Windows 10.0.19042 )"
        ],
        "x-ms-client-request-id": "9b364f76ba93faa4adace3a51c28ad43",
        "x-ms-date": "Mon, 04 Jan 2021 22:29:43 GMT",
        "x-ms-return-client-request-id": "true",
        "x-ms-version": "2019-02-02"
      },
      "RequestBody": {
        "StringTypeProperty": "This is table entity number 07",
        "DatetimeTypeProperty": "2020-01-01T01:08:00.0000000Z",
        "DatetimeTypeProperty@odata.type": "Edm.DateTime",
        "DatetimeOffsetTypeProperty": "2020-01-01T01:08:00.0000000Z",
        "DatetimeOffsetTypeProperty@odata.type": "Edm.DateTime",
        "GuidTypeProperty": "0d391d16-97f1-4b9a-be68-4cc871f90007",
        "GuidTypeProperty@odata.type": "Edm.Guid",
        "BinaryTypeProperty": "AQIDBAU=",
        "BinaryTypeProperty@odata.type": "Edm.Binary",
        "Int64TypeProperty": "7",
        "Int64TypeProperty@odata.type": "Edm.Int64",
        "DoubleTypeProperty": 7,
        "DoubleTypeProperty@odata.type": "Edm.Double",
        "IntTypeProperty": 7,
        "PartitionKey": "somPartition",
        "RowKey": "07",
        "Timestamp": null
      },
      "StatusCode": 204,
      "ResponseHeaders": {
        "Cache-Control": "no-cache",
        "Content-Length": "0",
        "DataServiceId": "https://chrisstablesprim.table.core.windows.net/testtableea1xh39p(PartitionKey=\u0027somPartition\u0027,RowKey=\u002707\u0027)",
        "Date": "Mon, 04 Jan 2021 22:29:32 GMT",
        "ETag": "W/\u0022datetime\u00272021-01-04T22%3A29%3A32.6515233Z\u0027\u0022",
        "Location": "https://chrisstablesprim.table.core.windows.net/testtableea1xh39p(PartitionKey=\u0027somPartition\u0027,RowKey=\u002707\u0027)",
        "Preference-Applied": "return-no-content",
        "Server": [
          "Windows-Azure-Table/1.0",
          "Microsoft-HTTPAPI/2.0"
        ],
        "X-Content-Type-Options": "nosniff",
        "x-ms-client-request-id": "9b364f76ba93faa4adace3a51c28ad43",
        "x-ms-request-id": "79516ef8-b002-006b-30e9-e224ed000000",
        "x-ms-version": "2019-02-02"
      },
      "ResponseBody": []
    },
    {
      "RequestUri": "https://chrisstablesprim.table.core.windows.net/testtableea1xh39p?$format=application%2Fjson%3Bodata%3Dminimalmetadata",
      "RequestMethod": "POST",
      "RequestHeaders": {
        "Accept": "application/json; odata=minimalmetadata",
        "Authorization": "Sanitized",
        "Content-Length": "665",
        "Content-Type": "application/json; odata=nometadata",
        "DataServiceVersion": "3.0",
        "Prefer": "return-no-content",
        "traceparent": "00-072423f45f6bba4584563e6d1f633a41-26298aa6a7e2d948-00",
        "User-Agent": [
          "azsdk-net-Data.Tables/3.0.0-alpha.20210104.1",
          "(.NET Core 4.6.29321.03; Microsoft Windows 10.0.19042 )"
        ],
        "x-ms-client-request-id": "9bf1f321a9948ac7e370e7b21f1194ee",
        "x-ms-date": "Mon, 04 Jan 2021 22:29:43 GMT",
        "x-ms-return-client-request-id": "true",
        "x-ms-version": "2019-02-02"
      },
      "RequestBody": {
        "StringTypeProperty": "This is table entity number 08",
        "DatetimeTypeProperty": "2020-01-01T01:09:00.0000000Z",
        "DatetimeTypeProperty@odata.type": "Edm.DateTime",
        "DatetimeOffsetTypeProperty": "2020-01-01T01:09:00.0000000Z",
        "DatetimeOffsetTypeProperty@odata.type": "Edm.DateTime",
        "GuidTypeProperty": "0d391d16-97f1-4b9a-be68-4cc871f90008",
        "GuidTypeProperty@odata.type": "Edm.Guid",
        "BinaryTypeProperty": "AQIDBAU=",
        "BinaryTypeProperty@odata.type": "Edm.Binary",
        "Int64TypeProperty": "8",
        "Int64TypeProperty@odata.type": "Edm.Int64",
        "DoubleTypeProperty": 8,
        "DoubleTypeProperty@odata.type": "Edm.Double",
        "IntTypeProperty": 8,
        "PartitionKey": "somPartition",
        "RowKey": "08",
        "Timestamp": null
      },
      "StatusCode": 204,
      "ResponseHeaders": {
        "Cache-Control": "no-cache",
        "Content-Length": "0",
        "DataServiceId": "https://chrisstablesprim.table.core.windows.net/testtableea1xh39p(PartitionKey=\u0027somPartition\u0027,RowKey=\u002708\u0027)",
        "Date": "Mon, 04 Jan 2021 22:29:32 GMT",
        "ETag": "W/\u0022datetime\u00272021-01-04T22%3A29%3A32.717571Z\u0027\u0022",
        "Location": "https://chrisstablesprim.table.core.windows.net/testtableea1xh39p(PartitionKey=\u0027somPartition\u0027,RowKey=\u002708\u0027)",
        "Preference-Applied": "return-no-content",
        "Server": [
          "Windows-Azure-Table/1.0",
          "Microsoft-HTTPAPI/2.0"
        ],
        "X-Content-Type-Options": "nosniff",
        "x-ms-client-request-id": "9bf1f321a9948ac7e370e7b21f1194ee",
        "x-ms-request-id": "79516f03-b002-006b-3be9-e224ed000000",
        "x-ms-version": "2019-02-02"
      },
      "ResponseBody": []
    },
    {
      "RequestUri": "https://chrisstablesprim.table.core.windows.net/testtableea1xh39p?$format=application%2Fjson%3Bodata%3Dminimalmetadata",
      "RequestMethod": "POST",
      "RequestHeaders": {
        "Accept": "application/json; odata=minimalmetadata",
        "Authorization": "Sanitized",
        "Content-Length": "665",
        "Content-Type": "application/json; odata=nometadata",
        "DataServiceVersion": "3.0",
        "Prefer": "return-no-content",
        "traceparent": "00-7cb78080f73b7e4582862944610dc8a4-c9cf9b82874af942-00",
        "User-Agent": [
          "azsdk-net-Data.Tables/3.0.0-alpha.20210104.1",
          "(.NET Core 4.6.29321.03; Microsoft Windows 10.0.19042 )"
        ],
        "x-ms-client-request-id": "9b48121e0c57b29c95ca8939e308db59",
        "x-ms-date": "Mon, 04 Jan 2021 22:29:43 GMT",
        "x-ms-return-client-request-id": "true",
        "x-ms-version": "2019-02-02"
      },
      "RequestBody": {
        "StringTypeProperty": "This is table entity number 09",
        "DatetimeTypeProperty": "2020-01-01T01:10:00.0000000Z",
        "DatetimeTypeProperty@odata.type": "Edm.DateTime",
        "DatetimeOffsetTypeProperty": "2020-01-01T01:10:00.0000000Z",
        "DatetimeOffsetTypeProperty@odata.type": "Edm.DateTime",
        "GuidTypeProperty": "0d391d16-97f1-4b9a-be68-4cc871f90009",
        "GuidTypeProperty@odata.type": "Edm.Guid",
        "BinaryTypeProperty": "AQIDBAU=",
        "BinaryTypeProperty@odata.type": "Edm.Binary",
        "Int64TypeProperty": "9",
        "Int64TypeProperty@odata.type": "Edm.Int64",
        "DoubleTypeProperty": 9,
        "DoubleTypeProperty@odata.type": "Edm.Double",
        "IntTypeProperty": 9,
        "PartitionKey": "somPartition",
        "RowKey": "09",
        "Timestamp": null
      },
      "StatusCode": 204,
      "ResponseHeaders": {
        "Cache-Control": "no-cache",
        "Content-Length": "0",
        "DataServiceId": "https://chrisstablesprim.table.core.windows.net/testtableea1xh39p(PartitionKey=\u0027somPartition\u0027,RowKey=\u002709\u0027)",
        "Date": "Mon, 04 Jan 2021 22:29:32 GMT",
        "ETag": "W/\u0022datetime\u00272021-01-04T22%3A29%3A32.7836174Z\u0027\u0022",
        "Location": "https://chrisstablesprim.table.core.windows.net/testtableea1xh39p(PartitionKey=\u0027somPartition\u0027,RowKey=\u002709\u0027)",
        "Preference-Applied": "return-no-content",
        "Server": [
          "Windows-Azure-Table/1.0",
          "Microsoft-HTTPAPI/2.0"
        ],
        "X-Content-Type-Options": "nosniff",
        "x-ms-client-request-id": "9b48121e0c57b29c95ca8939e308db59",
        "x-ms-request-id": "79516f09-b002-006b-41e9-e224ed000000",
        "x-ms-version": "2019-02-02"
      },
      "ResponseBody": []
    },
    {
      "RequestUri": "https://chrisstablesprim.table.core.windows.net/testtableea1xh39p?$format=application%2Fjson%3Bodata%3Dminimalmetadata",
      "RequestMethod": "POST",
      "RequestHeaders": {
        "Accept": "application/json; odata=minimalmetadata",
        "Authorization": "Sanitized",
        "Content-Length": "668",
        "Content-Type": "application/json; odata=nometadata",
        "DataServiceVersion": "3.0",
        "Prefer": "return-no-content",
        "traceparent": "00-333807ba6680ef4dad4848580c52110f-b6bad4fa5cf7fe46-00",
        "User-Agent": [
          "azsdk-net-Data.Tables/3.0.0-alpha.20210104.1",
          "(.NET Core 4.6.29321.03; Microsoft Windows 10.0.19042 )"
        ],
        "x-ms-client-request-id": "3fc709a99fb0cc5987abb823d2f2da9b",
        "x-ms-date": "Mon, 04 Jan 2021 22:29:43 GMT",
        "x-ms-return-client-request-id": "true",
        "x-ms-version": "2019-02-02"
      },
      "RequestBody": {
        "StringTypeProperty": "This is table entity number 10",
        "DatetimeTypeProperty": "2020-01-01T01:11:00.0000000Z",
        "DatetimeTypeProperty@odata.type": "Edm.DateTime",
        "DatetimeOffsetTypeProperty": "2020-01-01T01:11:00.0000000Z",
        "DatetimeOffsetTypeProperty@odata.type": "Edm.DateTime",
        "GuidTypeProperty": "0d391d16-97f1-4b9a-be68-4cc871f90010",
        "GuidTypeProperty@odata.type": "Edm.Guid",
        "BinaryTypeProperty": "AQIDBAU=",
        "BinaryTypeProperty@odata.type": "Edm.Binary",
        "Int64TypeProperty": "10",
        "Int64TypeProperty@odata.type": "Edm.Int64",
        "DoubleTypeProperty": 10,
        "DoubleTypeProperty@odata.type": "Edm.Double",
        "IntTypeProperty": 10,
        "PartitionKey": "somPartition",
        "RowKey": "10",
        "Timestamp": null
      },
      "StatusCode": 204,
      "ResponseHeaders": {
        "Cache-Control": "no-cache",
        "Content-Length": "0",
        "DataServiceId": "https://chrisstablesprim.table.core.windows.net/testtableea1xh39p(PartitionKey=\u0027somPartition\u0027,RowKey=\u002710\u0027)",
        "Date": "Mon, 04 Jan 2021 22:29:32 GMT",
        "ETag": "W/\u0022datetime\u00272021-01-04T22%3A29%3A32.8516652Z\u0027\u0022",
        "Location": "https://chrisstablesprim.table.core.windows.net/testtableea1xh39p(PartitionKey=\u0027somPartition\u0027,RowKey=\u002710\u0027)",
        "Preference-Applied": "return-no-content",
        "Server": [
          "Windows-Azure-Table/1.0",
          "Microsoft-HTTPAPI/2.0"
        ],
        "X-Content-Type-Options": "nosniff",
        "x-ms-client-request-id": "3fc709a99fb0cc5987abb823d2f2da9b",
        "x-ms-request-id": "79516f19-b002-006b-51e9-e224ed000000",
        "x-ms-version": "2019-02-02"
      },
      "ResponseBody": []
    },
    {
      "RequestUri": "https://chrisstablesprim.table.core.windows.net/testtableea1xh39p()?$format=application%2Fjson%3Bodata%3Dminimalmetadata\u0026$top=5\u0026$filter=PartitionKey%20eq%20%27somPartition%27",
      "RequestMethod": "GET",
      "RequestHeaders": {
        "Accept": "application/json; odata=minimalmetadata",
        "Authorization": "Sanitized",
        "DataServiceVersion": "3.0",
        "traceparent": "00-3eec3da43f52f14a997a5ad15021e098-922cfda7d8d8b644-00",
        "User-Agent": [
          "azsdk-net-Data.Tables/3.0.0-alpha.20210104.1",
          "(.NET Core 4.6.29321.03; Microsoft Windows 10.0.19042 )"
        ],
        "x-ms-client-request-id": "0a86f41711df15eb573f05c91f8da6da",
        "x-ms-date": "Mon, 04 Jan 2021 22:29:43 GMT",
        "x-ms-return-client-request-id": "true",
        "x-ms-version": "2019-02-02"
      },
      "RequestBody": null,
      "StatusCode": 200,
      "ResponseHeaders": {
        "Cache-Control": "no-cache",
        "Content-Type": "application/json; odata=minimalmetadata; streaming=true; charset=utf-8",
        "Date": "Mon, 04 Jan 2021 22:29:32 GMT",
        "Server": [
          "Windows-Azure-Table/1.0",
          "Microsoft-HTTPAPI/2.0"
        ],
        "Transfer-Encoding": "chunked",
        "X-Content-Type-Options": "nosniff",
        "x-ms-client-request-id": "0a86f41711df15eb573f05c91f8da6da",
        "x-ms-continuation-NextPartitionKey": "1!16!c29tUGFydGl0aW9u",
        "x-ms-continuation-NextRowKey": "1!4!MDY-",
        "x-ms-request-id": "79516f27-b002-006b-5fe9-e224ed000000",
        "x-ms-version": "2019-02-02"
      },
      "ResponseBody": {
        "odata.metadata": "https://chrisstablesprim.table.core.windows.net/$metadata#testtableea1xh39p",
        "value": [
          {
            "odata.etag": "W/\u0022datetime\u00272021-01-04T22%3A29%3A32.2332265Z\u0027\u0022",
            "PartitionKey": "somPartition",
            "RowKey": "01",
            "Timestamp": "2021-01-04T22:29:32.2332265Z",
            "StringTypeProperty": "This is table entity number 01",
            "DatetimeTypeProperty@odata.type": "Edm.DateTime",
            "DatetimeTypeProperty": "2020-01-01T01:02:00Z",
            "DatetimeOffsetTypeProperty@odata.type": "Edm.DateTime",
            "DatetimeOffsetTypeProperty": "2020-01-01T01:02:00Z",
            "GuidTypeProperty@odata.type": "Edm.Guid",
            "GuidTypeProperty": "0d391d16-97f1-4b9a-be68-4cc871f90001",
            "BinaryTypeProperty@odata.type": "Edm.Binary",
            "BinaryTypeProperty": "AQIDBAU=",
            "Int64TypeProperty@odata.type": "Edm.Int64",
            "Int64TypeProperty": "1",
            "DoubleTypeProperty": 1.0,
            "IntTypeProperty": 1
          },
          {
            "odata.etag": "W/\u0022datetime\u00272021-01-04T22%3A29%3A32.3122832Z\u0027\u0022",
            "PartitionKey": "somPartition",
            "RowKey": "02",
            "Timestamp": "2021-01-04T22:29:32.3122832Z",
            "StringTypeProperty": "This is table entity number 02",
            "DatetimeTypeProperty@odata.type": "Edm.DateTime",
            "DatetimeTypeProperty": "2020-01-01T01:03:00Z",
            "DatetimeOffsetTypeProperty@odata.type": "Edm.DateTime",
            "DatetimeOffsetTypeProperty": "2020-01-01T01:03:00Z",
            "GuidTypeProperty@odata.type": "Edm.Guid",
            "GuidTypeProperty": "0d391d16-97f1-4b9a-be68-4cc871f90002",
            "BinaryTypeProperty@odata.type": "Edm.Binary",
            "BinaryTypeProperty": "AQIDBAU=",
            "Int64TypeProperty@odata.type": "Edm.Int64",
            "Int64TypeProperty": "2",
            "DoubleTypeProperty": 2.0,
            "IntTypeProperty": 2
          },
          {
            "odata.etag": "W/\u0022datetime\u00272021-01-04T22%3A29%3A32.3793301Z\u0027\u0022",
            "PartitionKey": "somPartition",
            "RowKey": "03",
            "Timestamp": "2021-01-04T22:29:32.3793301Z",
            "StringTypeProperty": "This is table entity number 03",
            "DatetimeTypeProperty@odata.type": "Edm.DateTime",
            "DatetimeTypeProperty": "2020-01-01T01:04:00Z",
            "DatetimeOffsetTypeProperty@odata.type": "Edm.DateTime",
            "DatetimeOffsetTypeProperty": "2020-01-01T01:04:00Z",
            "GuidTypeProperty@odata.type": "Edm.Guid",
            "GuidTypeProperty": "0d391d16-97f1-4b9a-be68-4cc871f90003",
            "BinaryTypeProperty@odata.type": "Edm.Binary",
            "BinaryTypeProperty": "AQIDBAU=",
            "Int64TypeProperty@odata.type": "Edm.Int64",
            "Int64TypeProperty": "3",
            "DoubleTypeProperty": 3.0,
            "IntTypeProperty": 3
          },
          {
            "odata.etag": "W/\u0022datetime\u00272021-01-04T22%3A29%3A32.4463775Z\u0027\u0022",
            "PartitionKey": "somPartition",
            "RowKey": "04",
            "Timestamp": "2021-01-04T22:29:32.4463775Z",
            "StringTypeProperty": "This is table entity number 04",
            "DatetimeTypeProperty@odata.type": "Edm.DateTime",
            "DatetimeTypeProperty": "2020-01-01T01:05:00Z",
            "DatetimeOffsetTypeProperty@odata.type": "Edm.DateTime",
            "DatetimeOffsetTypeProperty": "2020-01-01T01:05:00Z",
            "GuidTypeProperty@odata.type": "Edm.Guid",
            "GuidTypeProperty": "0d391d16-97f1-4b9a-be68-4cc871f90004",
            "BinaryTypeProperty@odata.type": "Edm.Binary",
            "BinaryTypeProperty": "AQIDBAU=",
            "Int64TypeProperty@odata.type": "Edm.Int64",
            "Int64TypeProperty": "4",
            "DoubleTypeProperty": 4.0,
            "IntTypeProperty": 4
          },
          {
            "odata.etag": "W/\u0022datetime\u00272021-01-04T22%3A29%3A32.5194291Z\u0027\u0022",
            "PartitionKey": "somPartition",
            "RowKey": "05",
            "Timestamp": "2021-01-04T22:29:32.5194291Z",
            "StringTypeProperty": "This is table entity number 05",
            "DatetimeTypeProperty@odata.type": "Edm.DateTime",
            "DatetimeTypeProperty": "2020-01-01T01:06:00Z",
            "DatetimeOffsetTypeProperty@odata.type": "Edm.DateTime",
            "DatetimeOffsetTypeProperty": "2020-01-01T01:06:00Z",
            "GuidTypeProperty@odata.type": "Edm.Guid",
            "GuidTypeProperty": "0d391d16-97f1-4b9a-be68-4cc871f90005",
            "BinaryTypeProperty@odata.type": "Edm.Binary",
            "BinaryTypeProperty": "AQIDBAU=",
            "Int64TypeProperty@odata.type": "Edm.Int64",
            "Int64TypeProperty": "5",
            "DoubleTypeProperty": 5.0,
            "IntTypeProperty": 5
          }
        ]
      }
    },
    {
      "RequestUri": "https://chrisstablesprim.table.core.windows.net/testtableea1xh39p()?$format=application%2Fjson%3Bodata%3Dminimalmetadata\u0026$top=5\u0026$filter=PartitionKey%20eq%20%27somPartition%27\u0026NextPartitionKey=1%2116%21c29tUGFydGl0aW9u\u0026NextRowKey=1%214%21MDY-",
      "RequestMethod": "GET",
      "RequestHeaders": {
        "Accept": "application/json; odata=minimalmetadata",
        "Authorization": "Sanitized",
        "DataServiceVersion": "3.0",
        "traceparent": "00-eab24a0c397c474f8d3e43d5d4887cbe-2f50450c5683744d-00",
        "User-Agent": [
          "azsdk-net-Data.Tables/3.0.0-alpha.20210104.1",
          "(.NET Core 4.6.29321.03; Microsoft Windows 10.0.19042 )"
        ],
        "x-ms-client-request-id": "15088e94554a7f3eb87b13ac5378dfa2",
        "x-ms-date": "Mon, 04 Jan 2021 22:29:43 GMT",
        "x-ms-return-client-request-id": "true",
        "x-ms-version": "2019-02-02"
      },
      "RequestBody": null,
      "StatusCode": 200,
      "ResponseHeaders": {
        "Cache-Control": "no-cache",
        "Content-Type": "application/json; odata=minimalmetadata; streaming=true; charset=utf-8",
        "Date": "Mon, 04 Jan 2021 22:29:32 GMT",
        "Server": [
          "Windows-Azure-Table/1.0",
          "Microsoft-HTTPAPI/2.0"
        ],
        "Transfer-Encoding": "chunked",
        "X-Content-Type-Options": "nosniff",
        "x-ms-client-request-id": "15088e94554a7f3eb87b13ac5378dfa2",
        "x-ms-request-id": "79516f50-b002-006b-07e9-e224ed000000",
        "x-ms-version": "2019-02-02"
      },
      "ResponseBody": {
        "odata.metadata": "https://chrisstablesprim.table.core.windows.net/$metadata#testtableea1xh39p",
        "value": [
          {
            "odata.etag": "W/\u0022datetime\u00272021-01-04T22%3A29%3A32.5854764Z\u0027\u0022",
            "PartitionKey": "somPartition",
            "RowKey": "06",
            "Timestamp": "2021-01-04T22:29:32.5854764Z",
            "StringTypeProperty": "This is table entity number 06",
            "DatetimeTypeProperty@odata.type": "Edm.DateTime",
            "DatetimeTypeProperty": "2020-01-01T01:07:00Z",
            "DatetimeOffsetTypeProperty@odata.type": "Edm.DateTime",
            "DatetimeOffsetTypeProperty": "2020-01-01T01:07:00Z",
            "GuidTypeProperty@odata.type": "Edm.Guid",
            "GuidTypeProperty": "0d391d16-97f1-4b9a-be68-4cc871f90006",
            "BinaryTypeProperty@odata.type": "Edm.Binary",
            "BinaryTypeProperty": "AQIDBAU=",
            "Int64TypeProperty@odata.type": "Edm.Int64",
            "Int64TypeProperty": "6",
            "DoubleTypeProperty": 6.0,
            "IntTypeProperty": 6
          },
          {
            "odata.etag": "W/\u0022datetime\u00272021-01-04T22%3A29%3A32.6515233Z\u0027\u0022",
            "PartitionKey": "somPartition",
            "RowKey": "07",
            "Timestamp": "2021-01-04T22:29:32.6515233Z",
            "StringTypeProperty": "This is table entity number 07",
            "DatetimeTypeProperty@odata.type": "Edm.DateTime",
            "DatetimeTypeProperty": "2020-01-01T01:08:00Z",
            "DatetimeOffsetTypeProperty@odata.type": "Edm.DateTime",
            "DatetimeOffsetTypeProperty": "2020-01-01T01:08:00Z",
            "GuidTypeProperty@odata.type": "Edm.Guid",
            "GuidTypeProperty": "0d391d16-97f1-4b9a-be68-4cc871f90007",
            "BinaryTypeProperty@odata.type": "Edm.Binary",
            "BinaryTypeProperty": "AQIDBAU=",
            "Int64TypeProperty@odata.type": "Edm.Int64",
            "Int64TypeProperty": "7",
            "DoubleTypeProperty": 7.0,
            "IntTypeProperty": 7
          },
          {
            "odata.etag": "W/\u0022datetime\u00272021-01-04T22%3A29%3A32.717571Z\u0027\u0022",
            "PartitionKey": "somPartition",
            "RowKey": "08",
            "Timestamp": "2021-01-04T22:29:32.717571Z",
            "StringTypeProperty": "This is table entity number 08",
            "DatetimeTypeProperty@odata.type": "Edm.DateTime",
            "DatetimeTypeProperty": "2020-01-01T01:09:00Z",
            "DatetimeOffsetTypeProperty@odata.type": "Edm.DateTime",
            "DatetimeOffsetTypeProperty": "2020-01-01T01:09:00Z",
            "GuidTypeProperty@odata.type": "Edm.Guid",
            "GuidTypeProperty": "0d391d16-97f1-4b9a-be68-4cc871f90008",
            "BinaryTypeProperty@odata.type": "Edm.Binary",
            "BinaryTypeProperty": "AQIDBAU=",
            "Int64TypeProperty@odata.type": "Edm.Int64",
            "Int64TypeProperty": "8",
            "DoubleTypeProperty": 8.0,
            "IntTypeProperty": 8
          },
          {
            "odata.etag": "W/\u0022datetime\u00272021-01-04T22%3A29%3A32.7836174Z\u0027\u0022",
            "PartitionKey": "somPartition",
            "RowKey": "09",
            "Timestamp": "2021-01-04T22:29:32.7836174Z",
            "StringTypeProperty": "This is table entity number 09",
            "DatetimeTypeProperty@odata.type": "Edm.DateTime",
            "DatetimeTypeProperty": "2020-01-01T01:10:00Z",
            "DatetimeOffsetTypeProperty@odata.type": "Edm.DateTime",
            "DatetimeOffsetTypeProperty": "2020-01-01T01:10:00Z",
            "GuidTypeProperty@odata.type": "Edm.Guid",
            "GuidTypeProperty": "0d391d16-97f1-4b9a-be68-4cc871f90009",
            "BinaryTypeProperty@odata.type": "Edm.Binary",
            "BinaryTypeProperty": "AQIDBAU=",
            "Int64TypeProperty@odata.type": "Edm.Int64",
            "Int64TypeProperty": "9",
            "DoubleTypeProperty": 9.0,
            "IntTypeProperty": 9
          },
          {
            "odata.etag": "W/\u0022datetime\u00272021-01-04T22%3A29%3A32.8516652Z\u0027\u0022",
            "PartitionKey": "somPartition",
            "RowKey": "10",
            "Timestamp": "2021-01-04T22:29:32.8516652Z",
            "StringTypeProperty": "This is table entity number 10",
            "DatetimeTypeProperty@odata.type": "Edm.DateTime",
            "DatetimeTypeProperty": "2020-01-01T01:11:00Z",
            "DatetimeOffsetTypeProperty@odata.type": "Edm.DateTime",
            "DatetimeOffsetTypeProperty": "2020-01-01T01:11:00Z",
            "GuidTypeProperty@odata.type": "Edm.Guid",
            "GuidTypeProperty": "0d391d16-97f1-4b9a-be68-4cc871f90010",
            "BinaryTypeProperty@odata.type": "Edm.Binary",
            "BinaryTypeProperty": "AQIDBAU=",
            "Int64TypeProperty@odata.type": "Edm.Int64",
            "Int64TypeProperty": "10",
            "DoubleTypeProperty": 10.0,
            "IntTypeProperty": 10
          }
        ]
      }
    },
    {
      "RequestUri": "https://chrisstablesprim.table.core.windows.net/Tables(\u0027testtableea1xh39p\u0027)",
      "RequestMethod": "DELETE",
      "RequestHeaders": {
        "Accept": "application/json",
        "Authorization": "Sanitized",
        "traceparent": "00-8277ce0f3f46ab47947bdbbf06e174d7-22bdc41058b22b4f-00",
        "User-Agent": [
          "azsdk-net-Data.Tables/3.0.0-alpha.20210104.1",
          "(.NET Core 4.6.29321.03; Microsoft Windows 10.0.19042 )"
        ],
        "x-ms-client-request-id": "ef21eef0d18297791db1e8709990adfa",
        "x-ms-date": "Mon, 04 Jan 2021 22:29:43 GMT",
        "x-ms-return-client-request-id": "true",
        "x-ms-version": "2019-02-02"
      },
      "RequestBody": null,
      "StatusCode": 204,
      "ResponseHeaders": {
        "Cache-Control": "no-cache",
        "Content-Length": "0",
        "Date": "Mon, 04 Jan 2021 22:29:32 GMT",
        "Server": [
          "Windows-Azure-Table/1.0",
          "Microsoft-HTTPAPI/2.0"
        ],
        "X-Content-Type-Options": "nosniff",
        "x-ms-client-request-id": "ef21eef0d18297791db1e8709990adfa",
        "x-ms-request-id": "79516f64-b002-006b-19e9-e224ed000000",
        "x-ms-version": "2019-02-02"
      },
      "ResponseBody": []
    }
  ],
  "Variables": {
    "RandomSeed": "1546684658",
    "STORAGE_ENDPOINT_SUFFIX": "core.windows.net",
    "TABLES_PRIMARY_STORAGE_ACCOUNT_KEY": "Kg==",
    "TABLES_STORAGE_ACCOUNT_NAME": "chrisstablesprim"
  }
}