{
  "Entries": [
    {
      "RequestUri": "https://management.azure.com/subscriptions/c526bbbc-c5ff-46b0-9ca8-3e8cb92a2cf5/resourceGroups/MediaServiceRG819/providers/Microsoft.Media/mediaservices/mediadotnetsdktests5198?api-version=2023-01-01",
      "RequestMethod": "PUT",
      "RequestHeaders": {
        "Accept": "application/json",
        "Authorization": "Sanitized",
        "Content-Length": "244",
        "Content-Type": "application/json",
        "traceparent": "00-3e4bc76c883eef3323a06e3cb2aa17c9-1096a6d18a3d9d4d-00",
        "User-Agent": "azsdk-net-ResourceManager.Media/1.2.0-alpha.20230321.1 (.NET 6.0.15; Microsoft Windows 10.0.22621)",
        "x-ms-client-request-id": "019e9cf27fa881a72cd36ac63da9e872",
        "x-ms-return-client-request-id": "true"
      },
      "RequestBody": {
        "tags": {},
        "location": "westus2",
        "properties": {
          "storageAccounts": [
            {
              "id": "/subscriptions/c526bbbc-c5ff-46b0-9ca8-3e8cb92a2cf5/resourceGroups/MediaServiceRG819/providers/Microsoft.Storage/storageAccounts/azstorageformedia3080",
              "type": "Primary"
            }
          ]
        }
      },
      "StatusCode": 201,
      "ResponseHeaders": {
        "Azure-AsyncOperation": "https://management.azure.com/subscriptions/c526bbbc-c5ff-46b0-9ca8-3e8cb92a2cf5/providers/Microsoft.Media/locations/westus2/mediaServicesOperationStatuses/557cd0af-ec09-4eeb-a0f1-b53ac0f93147?api-version=2023-01-01",
        "Cache-Control": "no-cache",
        "Content-Length": "828",
        "Content-Type": "application/json; odata.metadata=minimal",
        "Date": "Tue, 21 Mar 2023 17:52:23 GMT",
        "Expires": "-1",
        "Location": "https://management.azure.com/subscriptions/c526bbbc-c5ff-46b0-9ca8-3e8cb92a2cf5/providers/Microsoft.Media/locations/westus2/mediaServicesOperationResults/557cd0af-ec09-4eeb-a0f1-b53ac0f93147?api-version=2023-01-01",
        "OData-Version": "4.0",
        "Pragma": "no-cache",
        "Retry-After": "30",
        "Server": "Microsoft-HTTPAPI/2.0",
        "Strict-Transport-Security": "max-age=31536000; includeSubDomains",
        "X-Content-Type-Options": "nosniff",
        "x-ms-client-request-id": "019e9cf27fa881a72cd36ac63da9e872",
        "x-ms-correlation-request-id": "0022d5ac-8e47-4e70-b05e-0cea84563fce",
        "x-ms-ratelimit-remaining-subscription-writes": "1097",
        "x-ms-request-id": "ce3d458f-81e9-4262-9366-39f1601a78e5",
        "x-ms-routing-request-id": "WESTCENTRALUS:20230321T175224Z:0022d5ac-8e47-4e70-b05e-0cea84563fce"
      },
      "ResponseBody": {
        "name": "mediadotnetsdktests5198",
        "id": "/subscriptions/c526bbbc-c5ff-46b0-9ca8-3e8cb92a2cf5/resourceGroups/MediaServiceRG819/providers/Microsoft.Media/mediaservices/mediadotnetsdktests5198",
        "type": "Microsoft.Media/mediaservices",
        "location": "West US 2",
        "tags": {},
        "properties": {
          "mediaServiceId": "0d174402-6fca-4f6a-898d-daed1ccabd0a",
          "storageAccounts": [
            {
              "id": "/subscriptions/c526bbbc-c5ff-46b0-9ca8-3e8cb92a2cf5/resourceGroups/MediaServiceRG819/providers/Microsoft.Storage/storageAccounts/azstorageformedia3080",
              "type": "Primary"
            }
          ],
          "keyDelivery": {
            "accessControl": {
              "defaultAction": "Allow",
              "ipAllowList": []
            }
          },
          "publicNetworkAccess": "Enabled",
          "provisioningState": "InProgress",
          "privateEndpointConnections": []
        }
      }
    },
    {
      "RequestUri": "https://management.azure.com/subscriptions/c526bbbc-c5ff-46b0-9ca8-3e8cb92a2cf5/providers/Microsoft.Media/locations/westus2/mediaServicesOperationStatuses/557cd0af-ec09-4eeb-a0f1-b53ac0f93147?api-version=2023-01-01",
      "RequestMethod": "GET",
      "RequestHeaders": {
        "Authorization": "Sanitized",
        "traceparent": "00-3e4bc76c883eef3323a06e3cb2aa17c9-f064e349ea603688-00",
        "User-Agent": "azsdk-net-ResourceManager/1.4.0 (.NET 6.0.15; Microsoft Windows 10.0.22621)",
        "x-ms-client-request-id": "301b0052d7b7b8b49ec9414d64854d45",
        "x-ms-return-client-request-id": "true"
      },
      "RequestBody": null,
      "StatusCode": 200,
      "ResponseHeaders": {
        "Cache-Control": "no-cache",
        "Content-Length": "288",
        "Content-Type": "application/json; odata.metadata=minimal; odata.streaming=true",
        "Date": "Tue, 21 Mar 2023 17:52:23 GMT",
        "Expires": "-1",
        "OData-Version": "4.0",
        "Pragma": "no-cache",
        "Server": "Microsoft-HTTPAPI/2.0",
        "Strict-Transport-Security": "max-age=31536000; includeSubDomains",
        "X-Content-Type-Options": "nosniff",
        "x-ms-client-request-id": "301b0052d7b7b8b49ec9414d64854d45",
        "x-ms-correlation-request-id": "c6f3f164-577f-431e-bb68-ded8c4f3057f",
        "x-ms-ratelimit-remaining-subscription-reads": "11687",
        "x-ms-request-id": "a04a06c7-eaed-495b-9923-ad2b0b205f6a",
        "x-ms-routing-request-id": "WESTCENTRALUS:20230321T175224Z:c6f3f164-577f-431e-bb68-ded8c4f3057f"
      },
      "ResponseBody": {
        "name": "557cd0af-ec09-4eeb-a0f1-b53ac0f93147",
        "id": "/subscriptions/c526bbbc-c5ff-46b0-9ca8-3e8cb92a2cf5/providers/Microsoft.Media/locations/westus2/mediaServicesOperationStatuses/557cd0af-ec09-4eeb-a0f1-b53ac0f93147",
        "startTime": "2023-03-21T17:52:23.928523Z",
        "status": "InProgress"
      }
    },
    {
      "RequestUri": "https://management.azure.com/subscriptions/c526bbbc-c5ff-46b0-9ca8-3e8cb92a2cf5/providers/Microsoft.Media/locations/westus2/mediaServicesOperationStatuses/557cd0af-ec09-4eeb-a0f1-b53ac0f93147?api-version=2023-01-01",
      "RequestMethod": "GET",
      "RequestHeaders": {
        "Authorization": "Sanitized",
        "traceparent": "00-3e4bc76c883eef3323a06e3cb2aa17c9-b1ccf4cc628ba258-00",
        "User-Agent": "azsdk-net-ResourceManager/1.4.0 (.NET 6.0.15; Microsoft Windows 10.0.22621)",
        "x-ms-client-request-id": "ee0d37a9a361b2975266338e2a833ec1",
        "x-ms-return-client-request-id": "true"
      },
      "RequestBody": null,
      "StatusCode": 200,
      "ResponseHeaders": {
        "Cache-Control": "no-cache",
        "Content-Length": "328",
        "Content-Type": "application/json; odata.metadata=minimal; odata.streaming=true",
        "Date": "Tue, 21 Mar 2023 17:52:24 GMT",
        "Expires": "-1",
        "OData-Version": "4.0",
        "Pragma": "no-cache",
        "Server": "Microsoft-HTTPAPI/2.0",
        "Strict-Transport-Security": "max-age=31536000; includeSubDomains",
        "X-Content-Type-Options": "nosniff",
        "x-ms-client-request-id": "ee0d37a9a361b2975266338e2a833ec1",
        "x-ms-correlation-request-id": "8dee6f9d-495a-402f-baef-93e65bbdbc2a",
        "x-ms-ratelimit-remaining-subscription-reads": "11686",
        "x-ms-request-id": "a79d8771-b9dd-46a7-ac31-2c02ddd5cdc7",
        "x-ms-routing-request-id": "WESTCENTRALUS:20230321T175225Z:8dee6f9d-495a-402f-baef-93e65bbdbc2a"
      },
      "ResponseBody": {
        "name": "557cd0af-ec09-4eeb-a0f1-b53ac0f93147",
        "id": "/subscriptions/c526bbbc-c5ff-46b0-9ca8-3e8cb92a2cf5/providers/Microsoft.Media/locations/westus2/mediaServicesOperationStatuses/557cd0af-ec09-4eeb-a0f1-b53ac0f93147",
        "startTime": "2023-03-21T17:52:23.928523Z",
        "endTime": "2023-03-21T17:52:24.2253856Z",
        "status": "Succeeded"
      }
    },
    {
      "RequestUri": "https://management.azure.com/subscriptions/c526bbbc-c5ff-46b0-9ca8-3e8cb92a2cf5/resourceGroups/MediaServiceRG819/providers/Microsoft.Media/mediaservices/mediadotnetsdktests5198?api-version=2023-01-01",
      "RequestMethod": "GET",
      "RequestHeaders": {
        "Authorization": "Sanitized",
        "traceparent": "00-3e4bc76c883eef3323a06e3cb2aa17c9-96dc8b01cd51a4a2-00",
        "User-Agent": "azsdk-net-ResourceManager/1.4.0 (.NET 6.0.15; Microsoft Windows 10.0.22621)",
        "x-ms-client-request-id": "3d73e6edb88ee0babf3cf485fefcd348",
        "x-ms-return-client-request-id": "true"
      },
      "RequestBody": null,
      "StatusCode": 200,
      "ResponseHeaders": {
        "Cache-Control": "no-cache",
        "Content-Length": "916",
        "Content-Type": "application/json; odata.metadata=minimal; odata.streaming=true",
        "Date": "Tue, 21 Mar 2023 17:52:24 GMT",
        "Expires": "-1",
        "OData-Version": "4.0",
        "Pragma": "no-cache",
        "Server": "Microsoft-HTTPAPI/2.0",
        "Strict-Transport-Security": "max-age=31536000; includeSubDomains",
        "X-Content-Type-Options": "nosniff",
        "x-ms-client-request-id": "3d73e6edb88ee0babf3cf485fefcd348",
        "x-ms-correlation-request-id": "c4b91a00-198c-4e8e-94a1-37a10b20ede7",
        "x-ms-ratelimit-remaining-subscription-reads": "11685",
        "x-ms-request-id": "616a89ed-9791-4183-a25f-f0f8444af754",
        "x-ms-routing-request-id": "WESTCENTRALUS:20230321T175225Z:c4b91a00-198c-4e8e-94a1-37a10b20ede7"
      },
      "ResponseBody": {
        "name": "mediadotnetsdktests5198",
        "id": "/subscriptions/c526bbbc-c5ff-46b0-9ca8-3e8cb92a2cf5/resourceGroups/MediaServiceRG819/providers/Microsoft.Media/mediaservices/mediadotnetsdktests5198",
        "type": "Microsoft.Media/mediaservices",
        "location": "West US 2",
        "properties": {
          "mediaServiceId": "0d174402-6fca-4f6a-898d-daed1ccabd0a",
          "storageAccounts": [
            {
              "id": "/subscriptions/c526bbbc-c5ff-46b0-9ca8-3e8cb92a2cf5/resourceGroups/MediaServiceRG819/providers/Microsoft.Storage/storageAccounts/azstorageformedia3080",
              "type": "Primary"
            }
          ],
          "storageAuthentication": "System",
          "encryption": {
            "type": "SystemKey"
          },
          "keyDelivery": {
            "accessControl": {
              "defaultAction": "Allow",
              "ipAllowList": []
            }
          },
          "publicNetworkAccess": "Enabled",
          "provisioningState": "Succeeded",
          "privateEndpointConnections": [],
          "minimumTlsVersion": "Tls12"
        }
      }
    },
    {
      "RequestUri": "https://management.azure.com/subscriptions/c526bbbc-c5ff-46b0-9ca8-3e8cb92a2cf5/resourceGroups/MediaServiceRG819/providers/Microsoft.Media/mediaservices/mediadotnetsdktests5198/streamingEndpoints/streamingEndpoint3820?api-version=2022-08-01",
      "RequestMethod": "PUT",
      "RequestHeaders": {
        "Accept": "application/json",
        "Authorization": "Sanitized",
        "Content-Length": "48",
        "Content-Type": "application/json",
        "traceparent": "00-34e9d6691e2d6bc7802efd18e8524002-8552eefd9135d53e-00",
        "User-Agent": "azsdk-net-ResourceManager.Media/1.2.0-alpha.20230321.1 (.NET 6.0.15; Microsoft Windows 10.0.22621)",
        "x-ms-client-request-id": "5d0b7a0f22f769af68dd50a3258d1a8a",
        "x-ms-return-client-request-id": "true"
      },
      "RequestBody": {
        "tags": {},
        "location": "westus2",
        "properties": {}
      },
      "StatusCode": 201,
      "ResponseHeaders": {
        "Azure-AsyncOperation": "https://management.azure.com/subscriptions/c526bbbc-c5ff-46b0-9ca8-3e8cb92a2cf5/resourcegroups/MediaServiceRG819/providers/Microsoft.Media/mediaservices/mediadotnetsdktests5198/streamingendpointoperations/60693792-8f19-49a1-8386-ad1c5e9a43ec?api-version=2022-08-01",
        "Cache-Control": "no-cache",
        "Content-Length": "1196",
        "Content-Type": "application/json; odata.metadata=minimal",
        "Date": "Tue, 21 Mar 2023 17:52:25 GMT",
        "Expires": "-1",
        "Location": "https://management.azure.com/subscriptions/c526bbbc-c5ff-46b0-9ca8-3e8cb92a2cf5/resourcegroups/MediaServiceRG819/providers/Microsoft.Media/mediaservices/mediadotnetsdktests5198/streamingendpoints/streamingEndpoint3820/operationlocations/60693792-8f19-49a1-8386-ad1c5e9a43ec?api-version=2022-08-01",
        "OData-Version": "4.0",
        "Pragma": "no-cache",
        "Retry-After": "2",
        "Server": "Microsoft-HTTPAPI/2.0",
        "Strict-Transport-Security": "max-age=31536000; includeSubDomains",
        "X-Content-Type-Options": "nosniff",
        "x-ms-client-request-id": "5d0b7a0f22f769af68dd50a3258d1a8a",
        "x-ms-correlation-request-id": "9cf509e2-b866-4aba-98e6-6d86de9c1f05",
        "x-ms-ratelimit-remaining-subscription-writes": "1096",
        "x-ms-request-id": "75433832-5987-4339-8449-c95c01802f1e",
        "x-ms-routing-request-id": "WESTCENTRALUS:20230321T175226Z:9cf509e2-b866-4aba-98e6-6d86de9c1f05"
      },
      "ResponseBody": {
        "name": "streamingEndpoint3820",
        "id": "/subscriptions/c526bbbc-c5ff-46b0-9ca8-3e8cb92a2cf5/resourceGroups/MediaServiceRG819/providers/Microsoft.Media/mediaservices/mediadotnetsdktests5198/streamingendpoints/streamingEndpoint3820",
        "type": "Microsoft.Media/mediaservices/streamingEndpoints",
        "location": "West US 2",
        "tags": {},
        "properties": {
          "description": "",
          "scaleUnits": 0,
          "availabilitySetName": null,
          "cdnEnabled": false,
          "cdnProvider": null,
          "cdnProfile": "",
          "maxCacheAge": null,
          "customHostNames": [],
          "accessControl": null,
          "crossSiteAccessPolicies": null,
          "hostName": "streamingendpoint3820-mediadotnetsdktests5198-usw22.streaming.media.azure.net",
          "freeTrialEndTime": "0001-01-01T00:00:00Z",
          "provisioningState": "InProgress",
          "resourceState": "Stopped",
          "created": "2023-03-21T17:52:25.9532364Z",
          "lastModified": "2023-03-21T17:52:25.9532364Z"
        },
        "systemData": {
          "createdBy": "d2631ee4-9bcf-4b98-bd42-dced0fadaa92",
          "createdByType": "Application",
          "createdAt": "2023-03-21T17:52:25.8790402Z",
          "lastModifiedBy": "d2631ee4-9bcf-4b98-bd42-dced0fadaa92",
          "lastModifiedByType": "Application",
          "lastModifiedAt": "2023-03-21T17:52:25.8790402Z"
        },
        "sku": {
          "name": "Standard",
          "capacity": 0
        }
      }
    },
    {
      "RequestUri": "https://management.azure.com/subscriptions/c526bbbc-c5ff-46b0-9ca8-3e8cb92a2cf5/resourcegroups/MediaServiceRG819/providers/Microsoft.Media/mediaservices/mediadotnetsdktests5198/streamingendpointoperations/60693792-8f19-49a1-8386-ad1c5e9a43ec?api-version=2022-08-01",
      "RequestMethod": "GET",
      "RequestHeaders": {
        "Authorization": "Sanitized",
        "traceparent": "00-34e9d6691e2d6bc7802efd18e8524002-3fee9a4133dc0ed5-00",
        "User-Agent": "azsdk-net-ResourceManager/1.4.0 (.NET 6.0.15; Microsoft Windows 10.0.22621)",
        "x-ms-client-request-id": "091bc2eb6433c4f5c4d325db693d99ae",
        "x-ms-return-client-request-id": "true"
      },
      "RequestBody": null,
      "StatusCode": 200,
      "ResponseHeaders": {
        "Azure-AsyncOperation": "https://management.azure.com/subscriptions/c526bbbc-c5ff-46b0-9ca8-3e8cb92a2cf5/resourcegroups/MediaServiceRG819/providers/Microsoft.Media/mediaservices/mediadotnetsdktests5198/streamingendpointoperations/60693792-8f19-49a1-8386-ad1c5e9a43ec?api-version=2022-08-01",
        "Cache-Control": "no-cache",
        "Content-Length": "172",
        "Content-Type": "application/json; odata.metadata=minimal; odata.streaming=true",
        "Date": "Tue, 21 Mar 2023 17:52:25 GMT",
        "Expires": "-1",
        "OData-Version": "4.0",
        "Pragma": "no-cache",
        "Retry-After": "2",
        "Server": "Microsoft-HTTPAPI/2.0",
        "Strict-Transport-Security": "max-age=31536000; includeSubDomains",
        "X-Content-Type-Options": "nosniff",
        "x-ms-client-request-id": "091bc2eb6433c4f5c4d325db693d99ae",
        "x-ms-correlation-request-id": "2851c4fc-bea6-4b82-a1c4-2868551a98e9",
        "x-ms-ratelimit-remaining-subscription-reads": "11684",
        "x-ms-request-id": "a0a7f079-ee09-4101-9899-d8591f2f9935",
        "x-ms-routing-request-id": "WESTCENTRALUS:20230321T175226Z:2851c4fc-bea6-4b82-a1c4-2868551a98e9"
      },
      "ResponseBody": {
        "name": "60693792-8f19-49a1-8386-ad1c5e9a43ec",
        "status": "InProgress",
        "error": {
          "code": "None",
          "message": null,
          "target": "65cc6260-0c34-4e3f-8dcc-1baed75c900e"
        }
      }
    },
    {
      "RequestUri": "https://management.azure.com/subscriptions/c526bbbc-c5ff-46b0-9ca8-3e8cb92a2cf5/resourcegroups/MediaServiceRG819/providers/Microsoft.Media/mediaservices/mediadotnetsdktests5198/streamingendpointoperations/60693792-8f19-49a1-8386-ad1c5e9a43ec?api-version=2022-08-01",
      "RequestMethod": "GET",
      "RequestHeaders": {
        "Authorization": "Sanitized",
        "traceparent": "00-34e9d6691e2d6bc7802efd18e8524002-36b717e7de7c7d55-00",
        "User-Agent": "azsdk-net-ResourceManager/1.4.0 (.NET 6.0.15; Microsoft Windows 10.0.22621)",
        "x-ms-client-request-id": "9c7efad9365557bb8a8e31c7fd0058b4",
        "x-ms-return-client-request-id": "true"
      },
      "RequestBody": null,
      "StatusCode": 200,
      "ResponseHeaders": {
        "Azure-AsyncOperation": "https://management.azure.com/subscriptions/c526bbbc-c5ff-46b0-9ca8-3e8cb92a2cf5/resourcegroups/MediaServiceRG819/providers/Microsoft.Media/mediaservices/mediadotnetsdktests5198/streamingendpointoperations/60693792-8f19-49a1-8386-ad1c5e9a43ec?api-version=2022-08-01",
        "Cache-Control": "no-cache",
        "Content-Length": "171",
        "Content-Type": "application/json; odata.metadata=minimal; odata.streaming=true",
        "Date": "Tue, 21 Mar 2023 17:52:27 GMT",
        "Expires": "-1",
        "OData-Version": "4.0",
        "Pragma": "no-cache",
        "Retry-After": "2",
        "Server": "Microsoft-HTTPAPI/2.0",
        "Strict-Transport-Security": "max-age=31536000; includeSubDomains",
        "X-Content-Type-Options": "nosniff",
        "x-ms-client-request-id": "9c7efad9365557bb8a8e31c7fd0058b4",
        "x-ms-correlation-request-id": "48a139dc-684a-4696-b274-6e67cc2d5433",
        "x-ms-ratelimit-remaining-subscription-reads": "11683",
        "x-ms-request-id": "5e7be522-5481-4cdd-850b-71c6abffe20e",
        "x-ms-routing-request-id": "WESTCENTRALUS:20230321T175228Z:48a139dc-684a-4696-b274-6e67cc2d5433"
      },
      "ResponseBody": {
        "name": "60693792-8f19-49a1-8386-ad1c5e9a43ec",
        "status": "Succeeded",
        "error": {
          "code": "None",
          "message": null,
          "target": "65cc6260-0c34-4e3f-8dcc-1baed75c900e"
        }
      }
    },
    {
      "RequestUri": "https://management.azure.com/subscriptions/c526bbbc-c5ff-46b0-9ca8-3e8cb92a2cf5/resourceGroups/MediaServiceRG819/providers/Microsoft.Media/mediaservices/mediadotnetsdktests5198/streamingEndpoints/streamingEndpoint3820?api-version=2022-08-01",
      "RequestMethod": "GET",
      "RequestHeaders": {
        "Authorization": "Sanitized",
        "traceparent": "00-34e9d6691e2d6bc7802efd18e8524002-45f9762574eceeb5-00",
        "User-Agent": "azsdk-net-ResourceManager/1.4.0 (.NET 6.0.15; Microsoft Windows 10.0.22621)",
        "x-ms-client-request-id": "63b8bd8811721b576ab84d3d911513ee",
        "x-ms-return-client-request-id": "true"
      },
      "RequestBody": null,
      "StatusCode": 200,
      "ResponseHeaders": {
        "Cache-Control": "no-cache",
        "Content-Length": "1195",
        "Content-Type": "application/json; odata.metadata=minimal; odata.streaming=true",
        "Date": "Tue, 21 Mar 2023 17:52:27 GMT",
        "Expires": "-1",
        "OData-Version": "4.0",
        "Pragma": "no-cache",
        "Server": "Microsoft-HTTPAPI/2.0",
        "Strict-Transport-Security": "max-age=31536000; includeSubDomains",
        "X-Content-Type-Options": "nosniff",
        "x-ms-client-request-id": "63b8bd8811721b576ab84d3d911513ee",
        "x-ms-correlation-request-id": "df2c9d43-b6bc-49d0-93e5-3fbd76c18adc",
        "x-ms-ratelimit-remaining-subscription-reads": "11682",
        "x-ms-request-id": "cb0a1792-2ff0-450e-bad6-641ce9cc3609",
        "x-ms-routing-request-id": "WESTCENTRALUS:20230321T175228Z:df2c9d43-b6bc-49d0-93e5-3fbd76c18adc"
      },
      "ResponseBody": {
        "name": "streamingEndpoint3820",
        "id": "/subscriptions/c526bbbc-c5ff-46b0-9ca8-3e8cb92a2cf5/resourceGroups/MediaServiceRG819/providers/Microsoft.Media/mediaservices/mediadotnetsdktests5198/streamingendpoints/streamingEndpoint3820",
        "type": "Microsoft.Media/mediaservices/streamingEndpoints",
        "location": "West US 2",
        "tags": {},
        "properties": {
          "description": "",
          "scaleUnits": 0,
          "availabilitySetName": null,
          "cdnEnabled": false,
          "cdnProvider": null,
          "cdnProfile": "",
          "maxCacheAge": null,
          "customHostNames": [],
          "accessControl": null,
          "crossSiteAccessPolicies": null,
          "hostName": "streamingendpoint3820-mediadotnetsdktests5198-usw22.streaming.media.azure.net",
          "freeTrialEndTime": "0001-01-01T00:00:00Z",
          "provisioningState": "Succeeded",
          "resourceState": "Stopped",
          "created": "2023-03-21T17:52:25.9532364Z",
          "lastModified": "2023-03-21T17:52:27.3810709Z"
        },
        "systemData": {
          "createdBy": "d2631ee4-9bcf-4b98-bd42-dced0fadaa92",
          "createdByType": "Application",
          "createdAt": "2023-03-21T17:52:25.8790402Z",
          "lastModifiedBy": "d2631ee4-9bcf-4b98-bd42-dced0fadaa92",
          "lastModifiedByType": "Application",
          "lastModifiedAt": "2023-03-21T17:52:25.8790402Z"
        },
        "sku": {
          "name": "Standard",
          "capacity": 0
        }
      }
    },
    {
      "RequestUri": "https://management.azure.com/subscriptions/c526bbbc-c5ff-46b0-9ca8-3e8cb92a2cf5/resourceGroups/MediaServiceRG819/providers/Microsoft.Media/mediaservices/mediadotnetsdktests5198/streamingEndpoints/streamingEndpoint3820?api-version=2022-08-01",
      "RequestMethod": "GET",
      "RequestHeaders": {
        "Accept": "application/json",
        "Authorization": "Sanitized",
        "traceparent": "00-b140890855daa7b67e526eb6d96df018-42a1081a13156432-00",
        "User-Agent": "azsdk-net-ResourceManager.Media/1.2.0-alpha.20230321.1 (.NET 6.0.15; Microsoft Windows 10.0.22621)",
        "x-ms-client-request-id": "16d47696b935b53d06c37fa4332dc7c3",
        "x-ms-return-client-request-id": "true"
      },
      "RequestBody": null,
      "StatusCode": 200,
      "ResponseHeaders": {
        "Cache-Control": "no-cache",
        "Content-Length": "1195",
        "Content-Type": "application/json; odata.metadata=minimal",
        "Date": "Tue, 21 Mar 2023 17:52:27 GMT",
        "Expires": "-1",
        "OData-Version": "4.0",
        "Pragma": "no-cache",
        "Server": "Microsoft-HTTPAPI/2.0",
        "Strict-Transport-Security": "max-age=31536000; includeSubDomains",
        "X-Content-Type-Options": "nosniff",
        "x-ms-client-request-id": "16d47696b935b53d06c37fa4332dc7c3",
        "x-ms-correlation-request-id": "a2619be6-a9a9-4846-8258-aa9a9686bac7",
        "x-ms-ratelimit-remaining-subscription-reads": "11681",
        "x-ms-request-id": "821a31eb-d231-457f-935f-50ca37880b96",
        "x-ms-routing-request-id": "WESTCENTRALUS:20230321T175228Z:a2619be6-a9a9-4846-8258-aa9a9686bac7"
      },
      "ResponseBody": {
        "name": "streamingEndpoint3820",
        "id": "/subscriptions/c526bbbc-c5ff-46b0-9ca8-3e8cb92a2cf5/resourceGroups/MediaServiceRG819/providers/Microsoft.Media/mediaservices/mediadotnetsdktests5198/streamingendpoints/streamingEndpoint3820",
        "type": "Microsoft.Media/mediaservices/streamingEndpoints",
        "location": "West US 2",
        "tags": {},
        "properties": {
          "description": "",
          "scaleUnits": 0,
          "availabilitySetName": null,
          "cdnEnabled": false,
          "cdnProvider": null,
          "cdnProfile": "",
          "maxCacheAge": null,
          "customHostNames": [],
          "accessControl": null,
          "crossSiteAccessPolicies": null,
          "hostName": "streamingendpoint3820-mediadotnetsdktests5198-usw22.streaming.media.azure.net",
          "freeTrialEndTime": "0001-01-01T00:00:00Z",
          "provisioningState": "Succeeded",
          "resourceState": "Stopped",
          "created": "2023-03-21T17:52:25.9532364Z",
          "lastModified": "2023-03-21T17:52:27.3810709Z"
        },
        "systemData": {
          "createdBy": "d2631ee4-9bcf-4b98-bd42-dced0fadaa92",
          "createdByType": "Application",
          "createdAt": "2023-03-21T17:52:25.8790402Z",
          "lastModifiedBy": "d2631ee4-9bcf-4b98-bd42-dced0fadaa92",
          "lastModifiedByType": "Application",
          "lastModifiedAt": "2023-03-21T17:52:25.8790402Z"
        },
        "sku": {
          "name": "Standard",
          "capacity": 0
        }
      }
    },
    {
      "RequestUri": "https://management.azure.com/subscriptions/c526bbbc-c5ff-46b0-9ca8-3e8cb92a2cf5/resourceGroups/MediaServiceRG819/providers/Microsoft.Media/mediaservices/mediadotnetsdktests5198/streamingEndpoints/streamingEndpoint3820?api-version=2022-08-01",
      "RequestMethod": "DELETE",
      "RequestHeaders": {
        "Accept": "application/json",
        "Authorization": "Sanitized",
        "traceparent": "00-3ccca49315a5061ceb6ee0f0c0f6498b-a679fc4f7477f8bc-00",
        "User-Agent": "azsdk-net-ResourceManager.Media/1.2.0-alpha.20230321.1 (.NET 6.0.15; Microsoft Windows 10.0.22621)",
        "x-ms-client-request-id": "ab52707b3585c83ca362319de97ec674",
        "x-ms-return-client-request-id": "true"
      },
      "RequestBody": null,
      "StatusCode": 202,
      "ResponseHeaders": {
        "Azure-AsyncOperation": "https://management.azure.com/subscriptions/c526bbbc-c5ff-46b0-9ca8-3e8cb92a2cf5/resourcegroups/MediaServiceRG819/providers/Microsoft.Media/mediaservices/mediadotnetsdktests5198/streamingendpointoperations/34fbea49-12de-4581-8471-cdee3da2b111?api-version=2022-08-01",
        "Cache-Control": "no-cache",
        "Content-Length": "0",
        "Date": "Tue, 21 Mar 2023 17:52:28 GMT",
        "Expires": "-1",
        "Location": "https://management.azure.com/subscriptions/c526bbbc-c5ff-46b0-9ca8-3e8cb92a2cf5/resourcegroups/MediaServiceRG819/providers/Microsoft.Media/mediaservices/mediadotnetsdktests5198/streamingendpoints/streamingEndpoint3820/operationlocations/34fbea49-12de-4581-8471-cdee3da2b111?api-version=2022-08-01",
        "Pragma": "no-cache",
        "Retry-After": "2",
        "Server": "Microsoft-HTTPAPI/2.0",
        "Strict-Transport-Security": "max-age=31536000; includeSubDomains",
        "X-Content-Type-Options": "nosniff",
        "x-ms-client-request-id": "ab52707b3585c83ca362319de97ec674",
        "x-ms-correlation-request-id": "48da5157-5d40-4c3f-a43b-972ef67e4c0a",
        "x-ms-ratelimit-remaining-subscription-deletes": "14990",
        "x-ms-request-id": "5e8e27b5-5404-477c-9db1-67b38c4d561f",
        "x-ms-routing-request-id": "WESTCENTRALUS:20230321T175229Z:48da5157-5d40-4c3f-a43b-972ef67e4c0a"
      },
      "ResponseBody": null
    },
    {
      "RequestUri": "https://management.azure.com/subscriptions/c526bbbc-c5ff-46b0-9ca8-3e8cb92a2cf5/resourcegroups/MediaServiceRG819/providers/Microsoft.Media/mediaservices/mediadotnetsdktests5198/streamingendpointoperations/34fbea49-12de-4581-8471-cdee3da2b111?api-version=2022-08-01",
      "RequestMethod": "GET",
      "RequestHeaders": {
        "Authorization": "Sanitized",
        "traceparent": "00-3ccca49315a5061ceb6ee0f0c0f6498b-8dffb8900d88f449-00",
        "User-Agent": "azsdk-net-ResourceManager/1.4.0 (.NET 6.0.15; Microsoft Windows 10.0.22621)",
        "x-ms-client-request-id": "21c189f167c26069390c72d287a0cb87",
        "x-ms-return-client-request-id": "true"
      },
      "RequestBody": null,
      "StatusCode": 200,
      "ResponseHeaders": {
        "Azure-AsyncOperation": "https://management.azure.com/subscriptions/c526bbbc-c5ff-46b0-9ca8-3e8cb92a2cf5/resourcegroups/MediaServiceRG819/providers/Microsoft.Media/mediaservices/mediadotnetsdktests5198/streamingendpointoperations/34fbea49-12de-4581-8471-cdee3da2b111?api-version=2022-08-01",
        "Cache-Control": "no-cache",
        "Content-Length": "172",
        "Content-Type": "application/json; odata.metadata=minimal; odata.streaming=true",
        "Date": "Tue, 21 Mar 2023 17:52:28 GMT",
        "Expires": "-1",
        "OData-Version": "4.0",
        "Pragma": "no-cache",
        "Retry-After": "2",
        "Server": "Microsoft-HTTPAPI/2.0",
        "Strict-Transport-Security": "max-age=31536000; includeSubDomains",
        "X-Content-Type-Options": "nosniff",
        "x-ms-client-request-id": "21c189f167c26069390c72d287a0cb87",
        "x-ms-correlation-request-id": "241ae16a-3328-44af-8239-88f31781e119",
        "x-ms-ratelimit-remaining-subscription-reads": "11680",
        "x-ms-request-id": "5b5aa48e-18b3-4dd7-bfe6-b5e8cb74ab93",
        "x-ms-routing-request-id": "WESTCENTRALUS:20230321T175229Z:241ae16a-3328-44af-8239-88f31781e119"
      },
      "ResponseBody": {
        "name": "34fbea49-12de-4581-8471-cdee3da2b111",
        "status": "InProgress",
        "error": {
          "code": "None",
          "message": null,
          "target": "65cc6260-0c34-4e3f-8dcc-1baed75c900e"
        }
      }
    },
    {
      "RequestUri": "https://management.azure.com/subscriptions/c526bbbc-c5ff-46b0-9ca8-3e8cb92a2cf5/resourcegroups/MediaServiceRG819/providers/Microsoft.Media/mediaservices/mediadotnetsdktests5198/streamingendpointoperations/34fbea49-12de-4581-8471-cdee3da2b111?api-version=2022-08-01",
      "RequestMethod": "GET",
      "RequestHeaders": {
        "Authorization": "Sanitized",
        "traceparent": "00-3ccca49315a5061ceb6ee0f0c0f6498b-960441e1d893477c-00",
        "User-Agent": "azsdk-net-ResourceManager/1.4.0 (.NET 6.0.15; Microsoft Windows 10.0.22621)",
        "x-ms-client-request-id": "f1290afd40fc3998f1832c82d88e36f1",
        "x-ms-return-client-request-id": "true"
      },
      "RequestBody": null,
      "StatusCode": 200,
      "ResponseHeaders": {
        "Azure-AsyncOperation": "https://management.azure.com/subscriptions/c526bbbc-c5ff-46b0-9ca8-3e8cb92a2cf5/resourcegroups/MediaServiceRG819/providers/Microsoft.Media/mediaservices/mediadotnetsdktests5198/streamingendpointoperations/34fbea49-12de-4581-8471-cdee3da2b111?api-version=2022-08-01",
        "Cache-Control": "no-cache",
        "Content-Length": "171",
        "Content-Type": "application/json; odata.metadata=minimal; odata.streaming=true",
        "Date": "Tue, 21 Mar 2023 17:52:30 GMT",
        "Expires": "-1",
        "OData-Version": "4.0",
        "Pragma": "no-cache",
        "Retry-After": "2",
        "Server": "Microsoft-HTTPAPI/2.0",
        "Strict-Transport-Security": "max-age=31536000; includeSubDomains",
        "X-Content-Type-Options": "nosniff",
        "x-ms-client-request-id": "f1290afd40fc3998f1832c82d88e36f1",
        "x-ms-correlation-request-id": "dda9f716-1b28-49eb-b7c1-d93ade1be256",
        "x-ms-ratelimit-remaining-subscription-reads": "11679",
        "x-ms-request-id": "cc7ecf20-4986-4874-b540-2fa703b6f467",
        "x-ms-routing-request-id": "WESTCENTRALUS:20230321T175231Z:dda9f716-1b28-49eb-b7c1-d93ade1be256"
      },
      "ResponseBody": {
        "name": "34fbea49-12de-4581-8471-cdee3da2b111",
        "status": "Succeeded",
        "error": {
          "code": "None",
          "message": null,
          "target": "00000000-0000-0000-0000-000000000000"
        }
      }
    },
    {
      "RequestUri": "https://management.azure.com/subscriptions/c526bbbc-c5ff-46b0-9ca8-3e8cb92a2cf5/resourceGroups/MediaServiceRG819/providers/Microsoft.Media/mediaservices/mediadotnetsdktests5198/streamingEndpoints/streamingEndpoint3820?api-version=2022-08-01",
      "RequestMethod": "GET",
      "RequestHeaders": {
        "Accept": "application/json",
        "Authorization": "Sanitized",
        "traceparent": "00-8269b1fd0e5dd1ebf6949dbea4b73157-0bc28681ac97f41e-00",
        "User-Agent": "azsdk-net-ResourceManager.Media/1.2.0-alpha.20230321.1 (.NET 6.0.15; Microsoft Windows 10.0.22621)",
        "x-ms-client-request-id": "60acf47aa4bc13b2d8d04d1fceac47df",
        "x-ms-return-client-request-id": "true"
      },
      "RequestBody": null,
      "StatusCode": 404,
      "ResponseHeaders": {
        "Cache-Control": "no-cache",
        "Content-Language": "en-US",
        "Content-Length": "100",
        "Content-Type": "application/json; charset=utf-8",
        "Date": "Tue, 21 Mar 2023 17:52:30 GMT",
        "Expires": "-1",
        "Pragma": "no-cache",
        "Server": "Microsoft-HTTPAPI/2.0",
        "Strict-Transport-Security": "max-age=31536000; includeSubDomains",
        "X-Content-Type-Options": "nosniff",
        "x-ms-client-request-id": "60acf47aa4bc13b2d8d04d1fceac47df",
        "x-ms-correlation-request-id": "ba381ece-98e7-4e0a-a23b-77e14b82b497",
        "x-ms-ratelimit-remaining-subscription-reads": "11678",
        "x-ms-request-id": "0df239e9-b67b-4706-867f-0fd8713fb36c",
        "x-ms-routing-request-id": "WESTCENTRALUS:20230321T175231Z:ba381ece-98e7-4e0a-a23b-77e14b82b497"
      },
      "ResponseBody": {
        "error": {
          "code": "ResourceNotFound",
          "message": "The Origin was not found."
        }
      }
    }
  ],
  "Variables": {
    "AZURE_AUTHORITY_HOST": "https://login.microsoftonline.com",
    "DateTimeOffsetNow": "2023-03-21T10:52:22.1738419-07:00",
    "RandomSeed": "785074677",
    "RESOURCE_MANAGER_URL": null,
    "SUBSCRIPTION_ID": "c526bbbc-c5ff-46b0-9ca8-3e8cb92a2cf5"
  }
}
