{
  "Entries": [
    {
      "RequestUri": "https://management.azure.com/subscriptions/db1ab6f0-4769-4b27-930e-01e2ef9c123c?api-version=2021-01-01",
      "RequestMethod": "GET",
      "RequestHeaders": {
        "Accept": "application/json",
        "Authorization": "Sanitized",
        "traceparent": "00-ba6a3e182d1f1b4792dfbff4c2561720-701c2b7fc0cab74a-00",
        "User-Agent": "azsdk-net-ResourceManager/1.3.1 (.NET Core 3.1.30; Microsoft Windows 10.0.22621)",
        "x-ms-client-request-id": "3aaef2d056c7fbdc3bea117a72914e9c",
        "x-ms-return-client-request-id": "true"
      },
      "RequestBody": null,
      "StatusCode": 200,
      "ResponseHeaders": {
        "Cache-Control": "no-cache",
        "Content-Length": "747",
        "Content-Type": "application/json; charset=utf-8",
        "Date": "Mon, 17 Oct 2022 06:38:29 GMT",
        "Expires": "-1",
        "Pragma": "no-cache",
        "Strict-Transport-Security": "max-age=31536000; includeSubDomains",
        "X-Content-Type-Options": "nosniff",
        "x-ms-correlation-request-id": "5405faa3-20e4-47f9-9276-829fcff9efff",
        "x-ms-ratelimit-remaining-subscription-reads": "11996",
        "x-ms-request-id": "5405faa3-20e4-47f9-9276-829fcff9efff",
        "x-ms-routing-request-id": "SOUTHEASTASIA:20221017T063830Z:5405faa3-20e4-47f9-9276-829fcff9efff"
      },
      "ResponseBody": {
        "id": "/subscriptions/db1ab6f0-4769-4b27-930e-01e2ef9c123c",
        "authorizationSource": "RoleBased",
        "managedByTenants": [],
        "tags": {
          "TagKey-9823": "TagValue-566",
          "TagKey-3481": "TagValue-320",
          "TagKey-4926": "TagValue-1187",
          "TagKey-751": "TagValue-3921",
          "TagKey-1866": "TagValue-8559",
          "TagKey-3094": "TagValue-9190",
          "TagKey-2449": "TagValue-9",
          "TagKey-8379": "TagValue-164",
          "TagKey-7470": "TagValue-2205",
          "TagKey-4236": "TagValue-3698",
          "TagKey-5316": "TagValue-2725"
        },
        "subscriptionId": "db1ab6f0-4769-4b27-930e-01e2ef9c123c",
        "tenantId": "72f988bf-86f1-41af-91ab-2d7cd011db47",
        "displayName": ".NET Mgmt SDK Test with TTL = 1 Day",
        "state": "Enabled",
        "subscriptionPolicies": {
          "locationPlacementId": "Internal_2014-09-01",
          "quotaId": "Internal_2014-09-01",
          "spendingLimit": "Off"
        }
      }
    },
    {
      "RequestUri": "https://management.azure.com/subscriptions/db1ab6f0-4769-4b27-930e-01e2ef9c123c/resourcegroups/MediaServiceRG8222?api-version=2021-04-01",
      "RequestMethod": "PUT",
      "RequestHeaders": {
        "Accept": "application/json",
        "Authorization": "Sanitized",
        "Content-Length": "75",
        "Content-Type": "application/json",
        "traceparent": "00-4b762ade1772f9439c054266496b6d96-ca5a85affaf70c43-00",
        "User-Agent": "azsdk-net-ResourceManager/1.3.1 (.NET Core 3.1.30; Microsoft Windows 10.0.22621)",
        "x-ms-client-request-id": "1658ab223ce83bef49dead9b43af5563",
        "x-ms-return-client-request-id": "true"
      },
      "RequestBody": {
        "location": "westus2",
        "tags": {
          "DeleteAfter": "2022-10-17T14:38:28.8289360"
        }
      },
      "StatusCode": 201,
      "ResponseHeaders": {
        "Cache-Control": "no-cache",
        "Content-Length": "287",
        "Content-Type": "application/json; charset=utf-8",
        "Date": "Mon, 17 Oct 2022 06:38:32 GMT",
        "Expires": "-1",
        "Pragma": "no-cache",
        "Strict-Transport-Security": "max-age=31536000; includeSubDomains",
        "X-Content-Type-Options": "nosniff",
        "x-ms-correlation-request-id": "d5ea971f-a7fa-4d12-a92f-20fa263a3711",
        "x-ms-ratelimit-remaining-subscription-writes": "1196",
        "x-ms-request-id": "d5ea971f-a7fa-4d12-a92f-20fa263a3711",
        "x-ms-routing-request-id": "SOUTHEASTASIA:20221017T063832Z:d5ea971f-a7fa-4d12-a92f-20fa263a3711"
      },
      "ResponseBody": {
        "id": "/subscriptions/db1ab6f0-4769-4b27-930e-01e2ef9c123c/resourceGroups/MediaServiceRG8222",
        "name": "MediaServiceRG8222",
        "type": "Microsoft.Resources/resourceGroups",
        "location": "westus2",
        "tags": {
          "DeleteAfter": "2022-10-17T14:38:28.8289360"
        },
        "properties": {
          "provisioningState": "Succeeded"
        }
      }
    },
    {
      "RequestUri": "https://management.azure.com/subscriptions/db1ab6f0-4769-4b27-930e-01e2ef9c123c/resourceGroups/MediaServiceRG8222/providers/Microsoft.Storage/storageAccounts/azstorageformedia9313?api-version=2022-05-01",
      "RequestMethod": "PUT",
      "RequestHeaders": {
        "Accept": "application/json",
        "Authorization": "Sanitized",
        "Content-Length": "107",
        "Content-Type": "application/json",
        "traceparent": "00-86bb4cd93628ea438fef7b675cb860c0-1367a217cbb5a841-00",
        "User-Agent": "azsdk-net-ResourceManager.Storage/1.0.0 (.NET Core 3.1.30; Microsoft Windows 10.0.22621)",
        "x-ms-client-request-id": "fd777c571ec732081ae646a2d424b61e",
        "x-ms-return-client-request-id": "true"
      },
      "RequestBody": {
        "sku": {
          "name": "Standard_LRS"
        },
        "kind": "BlobStorage",
        "location": "westus2",
        "properties": {
          "accessTier": "Hot"
        }
      },
      "StatusCode": 202,
      "ResponseHeaders": {
        "Cache-Control": "no-cache",
        "Content-Length": "0",
        "Content-Type": "text/plain; charset=utf-8",
        "Date": "Mon, 17 Oct 2022 06:38:36 GMT",
        "Expires": "-1",
        "Location": "https://management.azure.com/subscriptions/db1ab6f0-4769-4b27-930e-01e2ef9c123c/providers/Microsoft.Storage/locations/westus2/asyncoperations/8d0c2db3-13ab-41ea-85df-c2f13c1ef029?monitor=true\u0026api-version=2022-05-01",
        "Pragma": "no-cache",
        "Retry-After": "17",
        "Server": "Microsoft-Azure-Storage-Resource-Provider/1.0,Microsoft-HTTPAPI/2.0 Microsoft-HTTPAPI/2.0",
        "Strict-Transport-Security": "max-age=31536000; includeSubDomains",
        "X-Content-Type-Options": "nosniff",
        "x-ms-client-request-id": "fd777c571ec732081ae646a2d424b61e",
        "x-ms-correlation-request-id": "9dec8057-3722-4fac-9fea-950895695daf",
        "x-ms-ratelimit-remaining-subscription-writes": "1195",
        "x-ms-request-id": "8d0c2db3-13ab-41ea-85df-c2f13c1ef029",
        "x-ms-routing-request-id": "SOUTHEASTASIA:20221017T063836Z:9dec8057-3722-4fac-9fea-950895695daf"
      },
      "ResponseBody": null
    },
    {
      "RequestUri": "https://management.azure.com/subscriptions/db1ab6f0-4769-4b27-930e-01e2ef9c123c/providers/Microsoft.Storage/locations/westus2/asyncoperations/8d0c2db3-13ab-41ea-85df-c2f13c1ef029?monitor=true\u0026api-version=2022-05-01",
      "RequestMethod": "GET",
      "RequestHeaders": {
        "Authorization": "Sanitized",
        "traceparent": "00-86bb4cd93628ea438fef7b675cb860c0-8a6c66ac6b3c6349-00",
        "User-Agent": "azsdk-net-ResourceManager/1.3.1 (.NET Core 3.1.30; Microsoft Windows 10.0.22621)",
        "x-ms-client-request-id": "d1390b1605248c5a4fe3cd55a99874b9",
        "x-ms-return-client-request-id": "true"
      },
      "RequestBody": null,
      "StatusCode": 202,
      "ResponseHeaders": {
        "Cache-Control": "no-cache",
        "Content-Length": "0",
        "Content-Type": "text/plain; charset=utf-8",
        "Date": "Mon, 17 Oct 2022 06:38:36 GMT",
        "Expires": "-1",
        "Location": "https://management.azure.com/subscriptions/db1ab6f0-4769-4b27-930e-01e2ef9c123c/providers/Microsoft.Storage/locations/westus2/asyncoperations/8d0c2db3-13ab-41ea-85df-c2f13c1ef029?monitor=true\u0026api-version=2022-05-01",
        "Pragma": "no-cache",
        "Retry-After": "17",
        "Server": "Microsoft-Azure-Storage-Resource-Provider/1.0,Microsoft-HTTPAPI/2.0 Microsoft-HTTPAPI/2.0",
        "Strict-Transport-Security": "max-age=31536000; includeSubDomains",
        "X-Content-Type-Options": "nosniff",
        "x-ms-client-request-id": "d1390b1605248c5a4fe3cd55a99874b9",
        "x-ms-correlation-request-id": "bf16ca5a-e38b-4484-807b-0ccd6a10e32e",
        "x-ms-ratelimit-remaining-subscription-reads": "11995",
        "x-ms-request-id": "b815dc37-de54-4a67-847f-a5d1a410a00a",
        "x-ms-routing-request-id": "SOUTHEASTASIA:20221017T063837Z:bf16ca5a-e38b-4484-807b-0ccd6a10e32e"
      },
      "ResponseBody": null
    },
    {
      "RequestUri": "https://management.azure.com/subscriptions/db1ab6f0-4769-4b27-930e-01e2ef9c123c/providers/Microsoft.Storage/locations/westus2/asyncoperations/8d0c2db3-13ab-41ea-85df-c2f13c1ef029?monitor=true\u0026api-version=2022-05-01",
      "RequestMethod": "GET",
      "RequestHeaders": {
        "Authorization": "Sanitized",
        "traceparent": "00-86bb4cd93628ea438fef7b675cb860c0-97b849930102fb49-00",
        "User-Agent": "azsdk-net-ResourceManager/1.3.1 (.NET Core 3.1.30; Microsoft Windows 10.0.22621)",
        "x-ms-client-request-id": "f9917df7b1696f07c6b9fe49a6dad223",
        "x-ms-return-client-request-id": "true"
      },
      "RequestBody": null,
      "StatusCode": 200,
      "ResponseHeaders": {
        "Cache-Control": "no-cache",
        "Content-Length": "1278",
        "Content-Type": "application/json",
        "Date": "Mon, 17 Oct 2022 06:38:54 GMT",
        "Expires": "-1",
        "Pragma": "no-cache",
        "Server": "Microsoft-Azure-Storage-Resource-Provider/1.0,Microsoft-HTTPAPI/2.0 Microsoft-HTTPAPI/2.0",
        "Strict-Transport-Security": "max-age=31536000; includeSubDomains",
        "X-Content-Type-Options": "nosniff",
        "x-ms-client-request-id": "f9917df7b1696f07c6b9fe49a6dad223",
        "x-ms-correlation-request-id": "628ed814-920f-4802-ad20-b3777a185d3e",
        "x-ms-ratelimit-remaining-subscription-reads": "11994",
        "x-ms-request-id": "ae7f9b7a-6fa9-4faf-afcd-56a9e0e97d1e",
        "x-ms-routing-request-id": "SOUTHEASTASIA:20221017T063854Z:628ed814-920f-4802-ad20-b3777a185d3e"
      },
      "ResponseBody": {
        "sku": {
          "name": "Standard_LRS",
          "tier": "Standard"
        },
        "kind": "BlobStorage",
        "id": "/subscriptions/db1ab6f0-4769-4b27-930e-01e2ef9c123c/resourceGroups/MediaServiceRG8222/providers/Microsoft.Storage/storageAccounts/azstorageformedia9313",
        "name": "azstorageformedia9313",
        "type": "Microsoft.Storage/storageAccounts",
        "location": "westus2",
        "tags": {},
        "properties": {
          "keyCreationTime": {
            "key1": "2022-10-17T06:38:34.1876434Z",
            "key2": "2022-10-17T06:38:34.1876434Z"
          },
          "privateEndpointConnections": [],
          "minimumTlsVersion": "TLS1_0",
          "allowBlobPublicAccess": true,
          "networkAcls": {
            "bypass": "AzureServices",
            "virtualNetworkRules": [],
            "ipRules": [],
            "defaultAction": "Allow"
          },
          "supportsHttpsTrafficOnly": true,
          "encryption": {
            "services": {
              "file": {
                "keyType": "Account",
                "enabled": true,
                "lastEnabledTime": "2022-10-17T06:38:34.5782798Z"
              },
              "blob": {
                "keyType": "Account",
                "enabled": true,
                "lastEnabledTime": "2022-10-17T06:38:34.5782798Z"
              }
            },
            "keySource": "Microsoft.Storage"
          },
          "accessTier": "Hot",
          "provisioningState": "Succeeded",
          "creationTime": "2022-10-17T06:38:34.0938796Z",
          "primaryEndpoints": {
            "dfs": "https://azstorageformedia9313.dfs.core.windows.net/",
            "blob": "https://azstorageformedia9313.blob.core.windows.net/",
            "table": "https://azstorageformedia9313.table.core.windows.net/"
          },
          "primaryLocation": "westus2",
          "statusOfPrimary": "available"
        }
      }
    },
    {
      "RequestUri": "https://management.azure.com/subscriptions/db1ab6f0-4769-4b27-930e-01e2ef9c123c/resourceGroups/MediaServiceRG8222/providers/Microsoft.Media/mediaservices/mediaservice9648?api-version=2021-11-01",
      "RequestMethod": "PUT",
      "RequestHeaders": {
        "Accept": "application/json",
        "Authorization": "Sanitized",
        "Content-Length": "245",
        "Content-Type": "application/json",
        "traceparent": "00-7f95b9e9ef8a294baa188ebbf8c9dc69-17ea88ed97d85b4b-00",
        "User-Agent": "azsdk-net-ResourceManager.Media/1.1.0-alpha.20221017.1 (.NET Core 3.1.30; Microsoft Windows 10.0.22621)",
        "x-ms-client-request-id": "eac98c8af9e45bac5f627b1a60156609",
        "x-ms-return-client-request-id": "true"
      },
      "RequestBody": {
        "tags": {},
        "location": "westus2",
        "properties": {
          "storageAccounts": [
            {
              "id": "/subscriptions/db1ab6f0-4769-4b27-930e-01e2ef9c123c/resourceGroups/MediaServiceRG8222/providers/Microsoft.Storage/storageAccounts/azstorageformedia9313",
              "type": "Primary"
            }
          ]
        }
      },
      "StatusCode": 201,
      "ResponseHeaders": {
        "Azure-AsyncOperation": "https://management.azure.com/subscriptions/db1ab6f0-4769-4b27-930e-01e2ef9c123c/providers/Microsoft.Media/locations/westus2/mediaServicesOperationStatuses/7acde139-3700-4541-9b76-a3e71bcb4880?api-version=2021-11-01",
        "Cache-Control": "no-cache",
        "Content-Length": "849",
        "Content-Type": "application/json; odata.metadata=minimal",
        "Date": "Mon, 17 Oct 2022 06:38:56 GMT",
        "Expires": "-1",
        "Location": "https://management.azure.com/subscriptions/db1ab6f0-4769-4b27-930e-01e2ef9c123c/providers/Microsoft.Media/locations/westus2/mediaServicesOperationResults/7acde139-3700-4541-9b76-a3e71bcb4880?api-version=2021-11-01",
        "OData-Version": "4.0",
        "Pragma": "no-cache",
        "Retry-After": "30",
        "Server": "Microsoft-HTTPAPI/2.0",
        "Strict-Transport-Security": "max-age=31536000; includeSubDomains",
        "X-Content-Type-Options": "nosniff",
        "x-ms-client-request-id": "eac98c8af9e45bac5f627b1a60156609",
        "x-ms-correlation-request-id": "8d2305a1-1999-4ca1-887a-8cc36d1b4f8f",
        "x-ms-ratelimit-remaining-subscription-writes": "1194",
        "x-ms-request-id": "af1486ba-ac86-44e9-9640-bda98112f4bb",
        "x-ms-routing-request-id": "SOUTHEASTASIA:20221017T063856Z:8d2305a1-1999-4ca1-887a-8cc36d1b4f8f"
      },
      "ResponseBody": {
        "name": "mediaservice9648",
        "id": "/subscriptions/db1ab6f0-4769-4b27-930e-01e2ef9c123c/resourceGroups/MediaServiceRG8222/providers/Microsoft.Media/mediaservices/mediaservice9648",
        "type": "Microsoft.Media/mediaservices",
        "location": "West US 2",
        "tags": {},
        "properties": {
          "mediaServiceId": "ce0b48dc-2b89-4fa3-b5c5-eb7a31e42bf1",
          "storageAccounts": [
            {
              "id": "/subscriptions/db1ab6f0-4769-4b27-930e-01e2ef9c123c/resourceGroups/MediaServiceRG8222/providers/Microsoft.Storage/storageAccounts/azstorageformedia9313",
              "type": "Primary"
            }
          ],
          "storageAuthentication": "System",
          "keyDelivery": {
            "accessControl": {
              "defaultAction": "Allow",
              "ipAllowList": []
            }
          },
          "publicNetworkAccess": "Enabled",
          "provisioningState": "InProgress",
          "privateEndpointConnections": []
        }
      }
    },
    {
      "RequestUri": "https://management.azure.com/subscriptions/db1ab6f0-4769-4b27-930e-01e2ef9c123c/providers/Microsoft.Media/locations/westus2/mediaServicesOperationStatuses/7acde139-3700-4541-9b76-a3e71bcb4880?api-version=2021-11-01",
      "RequestMethod": "GET",
      "RequestHeaders": {
        "Authorization": "Sanitized",
        "traceparent": "00-7f95b9e9ef8a294baa188ebbf8c9dc69-50f244e3d4f4054a-00",
        "User-Agent": "azsdk-net-ResourceManager/1.3.1 (.NET Core 3.1.30; Microsoft Windows 10.0.22621)",
        "x-ms-client-request-id": "0c1ea9aaceab8413e59e094e8c5466a3",
        "x-ms-return-client-request-id": "true"
      },
      "RequestBody": null,
      "StatusCode": 200,
      "ResponseHeaders": {
        "Cache-Control": "no-cache",
        "Content-Length": "329",
        "Content-Type": "application/json; odata.metadata=minimal; odata.streaming=true",
        "Date": "Mon, 17 Oct 2022 06:38:56 GMT",
        "Expires": "-1",
        "OData-Version": "4.0",
        "Pragma": "no-cache",
        "Server": "Microsoft-HTTPAPI/2.0",
        "Strict-Transport-Security": "max-age=31536000; includeSubDomains",
        "X-Content-Type-Options": "nosniff",
        "x-ms-client-request-id": "0c1ea9aaceab8413e59e094e8c5466a3",
        "x-ms-correlation-request-id": "cb4ca854-9128-45d1-a812-9ad0ececcff5",
        "x-ms-ratelimit-remaining-subscription-reads": "11993",
        "x-ms-request-id": "f5d35844-a32f-476f-8cae-dcf768bf5446",
        "x-ms-routing-request-id": "SOUTHEASTASIA:20221017T063857Z:cb4ca854-9128-45d1-a812-9ad0ececcff5"
      },
      "ResponseBody": {
        "name": "7acde139-3700-4541-9b76-a3e71bcb4880",
        "id": "/subscriptions/db1ab6f0-4769-4b27-930e-01e2ef9c123c/providers/Microsoft.Media/locations/westus2/mediaServicesOperationStatuses/7acde139-3700-4541-9b76-a3e71bcb4880",
        "startTime": "2022-10-17T06:38:56.0783037Z",
        "endTime": "2022-10-17T06:38:56.5314446Z",
        "status": "Succeeded"
      }
    },
    {
      "RequestUri": "https://management.azure.com/subscriptions/db1ab6f0-4769-4b27-930e-01e2ef9c123c/resourceGroups/MediaServiceRG8222/providers/Microsoft.Media/mediaservices/mediaservice9648?api-version=2021-11-01",
      "RequestMethod": "GET",
      "RequestHeaders": {
        "Authorization": "Sanitized",
        "traceparent": "00-7f95b9e9ef8a294baa188ebbf8c9dc69-39c38041018f5c42-00",
        "User-Agent": "azsdk-net-ResourceManager/1.3.1 (.NET Core 3.1.30; Microsoft Windows 10.0.22621)",
        "x-ms-client-request-id": "a3e84097bcf0366b28c620d98da44a79",
        "x-ms-return-client-request-id": "true"
      },
      "RequestBody": null,
      "StatusCode": 200,
      "ResponseHeaders": {
        "Cache-Control": "no-cache",
        "Content-Length": "876",
        "Content-Type": "application/json; odata.metadata=minimal; odata.streaming=true",
        "Date": "Mon, 17 Oct 2022 06:38:57 GMT",
        "Expires": "-1",
        "OData-Version": "4.0",
        "Pragma": "no-cache",
        "Server": "Microsoft-HTTPAPI/2.0",
        "Strict-Transport-Security": "max-age=31536000; includeSubDomains",
        "X-Content-Type-Options": "nosniff",
        "x-ms-client-request-id": "a3e84097bcf0366b28c620d98da44a79",
        "x-ms-correlation-request-id": "ac9942d1-6101-4711-9d41-826595ec3efe",
        "x-ms-ratelimit-remaining-subscription-reads": "11992",
        "x-ms-request-id": "94381a81-e609-494f-9e7d-b5a6f87960a8",
        "x-ms-routing-request-id": "SOUTHEASTASIA:20221017T063857Z:ac9942d1-6101-4711-9d41-826595ec3efe"
      },
      "ResponseBody": {
        "name": "mediaservice9648",
        "id": "/subscriptions/db1ab6f0-4769-4b27-930e-01e2ef9c123c/resourceGroups/MediaServiceRG8222/providers/Microsoft.Media/mediaservices/mediaservice9648",
        "type": "Microsoft.Media/mediaservices",
        "location": "West US 2",
        "properties": {
          "mediaServiceId": "ce0b48dc-2b89-4fa3-b5c5-eb7a31e42bf1",
          "storageAccounts": [
            {
              "id": "/subscriptions/db1ab6f0-4769-4b27-930e-01e2ef9c123c/resourceGroups/MediaServiceRG8222/providers/Microsoft.Storage/storageAccounts/azstorageformedia9313",
              "type": "Primary"
            }
          ],
          "storageAuthentication": "System",
          "encryption": {
            "type": "SystemKey"
          },
          "keyDelivery": {
            "accessControl": {
              "defaultAction": "Allow",
              "ipAllowList": []
            }
          },
          "publicNetworkAccess": "Enabled",
          "provisioningState": "Succeeded",
          "privateEndpointConnections": []
        }
      }
    },
    {
      "RequestUri": "https://management.azure.com/subscriptions/db1ab6f0-4769-4b27-930e-01e2ef9c123c/resourceGroups/MediaServiceRG8222/providers/Microsoft.Media/mediaservices/mediaservice9648/streamingEndpoints/streamingEndpoint9307?api-version=2022-08-01",
      "RequestMethod": "PUT",
      "RequestHeaders": {
        "Accept": "application/json",
        "Authorization": "Sanitized",
        "Content-Length": "48",
        "Content-Type": "application/json",
        "traceparent": "00-75a5ec1b57b7d04bbadfe8853e26c61a-4f8e13d1907e614e-00",
        "User-Agent": "azsdk-net-ResourceManager.Media/1.1.0-alpha.20221017.1 (.NET Core 3.1.30; Microsoft Windows 10.0.22621)",
        "x-ms-client-request-id": "f6b6706a5d5a23ef5d80a14a157675a5",
        "x-ms-return-client-request-id": "true"
      },
      "RequestBody": {
        "tags": {},
        "location": "westus2",
        "properties": {}
      },
      "StatusCode": 201,
      "ResponseHeaders": {
        "Azure-AsyncOperation": "https://management.azure.com/subscriptions/db1ab6f0-4769-4b27-930e-01e2ef9c123c/resourcegroups/MediaServiceRG8222/providers/Microsoft.Media/mediaservices/mediaservice9648/streamingendpointoperations/debbda07-578e-4a07-a118-e319f5e87155?api-version=2022-08-01",
        "Cache-Control": "no-cache",
        "Content-Length": "1183",
        "Content-Type": "application/json; odata.metadata=minimal",
        "Date": "Mon, 17 Oct 2022 06:39:00 GMT",
        "Expires": "-1",
        "Location": "https://management.azure.com/subscriptions/db1ab6f0-4769-4b27-930e-01e2ef9c123c/resourcegroups/MediaServiceRG8222/providers/Microsoft.Media/mediaservices/mediaservice9648/streamingendpoints/streamingEndpoint9307/operationlocations/debbda07-578e-4a07-a118-e319f5e87155?api-version=2022-08-01",
        "OData-Version": "4.0",
        "Pragma": "no-cache",
        "Retry-After": "2",
        "Server": "Microsoft-HTTPAPI/2.0",
        "Strict-Transport-Security": "max-age=31536000; includeSubDomains",
        "X-Content-Type-Options": "nosniff",
        "x-ms-client-request-id": "f6b6706a5d5a23ef5d80a14a157675a5",
        "x-ms-correlation-request-id": "44cb4399-316d-4c1d-ae16-2cb59f77f7b2",
        "x-ms-ratelimit-remaining-subscription-writes": "1193",
        "x-ms-request-id": "13640e4e-b2ad-4f4f-a8ce-5ba6714b7468",
        "x-ms-routing-request-id": "SOUTHEASTASIA:20221017T063901Z:44cb4399-316d-4c1d-ae16-2cb59f77f7b2"
      },
      "ResponseBody": {
        "name": "streamingEndpoint9307",
        "id": "/subscriptions/db1ab6f0-4769-4b27-930e-01e2ef9c123c/resourceGroups/MediaServiceRG8222/providers/Microsoft.Media/mediaservices/mediaservice9648/streamingendpoints/streamingEndpoint9307",
        "type": "Microsoft.Media/mediaservices/streamingEndpoints",
        "location": "West US 2",
        "tags": {},
        "properties": {
          "description": "",
          "scaleUnits": 0,
          "availabilitySetName": null,
          "cdnEnabled": false,
          "cdnProvider": null,
          "cdnProfile": "",
          "maxCacheAge": null,
          "customHostNames": [],
          "accessControl": null,
          "crossSiteAccessPolicies": null,
          "hostName": "streamingendpoint9307-mediaservice9648-usw22.streaming.media.azure.net",
          "freeTrialEndTime": "0001-01-01T00:00:00Z",
          "provisioningState": "InProgress",
          "resourceState": "Stopped",
          "created": "2022-10-17T06:39:00.0349499Z",
          "lastModified": "2022-10-17T06:39:00.0349499Z"
        },
        "systemData": {
          "createdBy": "8e6d47e0-7969-4fde-a62c-4fea4f165e98",
          "createdByType": "Application",
          "createdAt": "2022-10-17T06:38:58.9791178Z",
          "lastModifiedBy": "8e6d47e0-7969-4fde-a62c-4fea4f165e98",
          "lastModifiedByType": "Application",
          "lastModifiedAt": "2022-10-17T06:38:58.9791178Z"
        },
        "sku": {
          "name": "Standard",
          "capacity": 0
        }
      }
    },
    {
      "RequestUri": "https://management.azure.com/subscriptions/db1ab6f0-4769-4b27-930e-01e2ef9c123c/resourcegroups/MediaServiceRG8222/providers/Microsoft.Media/mediaservices/mediaservice9648/streamingendpointoperations/debbda07-578e-4a07-a118-e319f5e87155?api-version=2022-08-01",
      "RequestMethod": "GET",
      "RequestHeaders": {
        "Authorization": "Sanitized",
        "traceparent": "00-75a5ec1b57b7d04bbadfe8853e26c61a-81186aa39a2e6b41-00",
        "User-Agent": "azsdk-net-ResourceManager/1.3.1 (.NET Core 3.1.30; Microsoft Windows 10.0.22621)",
        "x-ms-client-request-id": "e422618fadafe23df87f933bc9ec124f",
        "x-ms-return-client-request-id": "true"
      },
      "RequestBody": null,
      "StatusCode": 200,
      "ResponseHeaders": {
        "Azure-AsyncOperation": "https://management.azure.com/subscriptions/db1ab6f0-4769-4b27-930e-01e2ef9c123c/resourcegroups/MediaServiceRG8222/providers/Microsoft.Media/mediaservices/mediaservice9648/streamingendpointoperations/debbda07-578e-4a07-a118-e319f5e87155?api-version=2022-08-01",
        "Cache-Control": "no-cache",
        "Content-Length": "172",
        "Content-Type": "application/json; odata.metadata=minimal; odata.streaming=true",
        "Date": "Mon, 17 Oct 2022 06:39:00 GMT",
        "Expires": "-1",
        "OData-Version": "4.0",
        "Pragma": "no-cache",
        "Retry-After": "2",
        "Server": "Microsoft-HTTPAPI/2.0",
        "Strict-Transport-Security": "max-age=31536000; includeSubDomains",
        "X-Content-Type-Options": "nosniff",
        "x-ms-client-request-id": "e422618fadafe23df87f933bc9ec124f",
        "x-ms-correlation-request-id": "758a2570-3311-408b-8d5f-ccab959d1a32",
        "x-ms-ratelimit-remaining-subscription-reads": "11991",
        "x-ms-request-id": "726af00d-433b-4233-b8d6-abb3a522a29e",
        "x-ms-routing-request-id": "SOUTHEASTASIA:20221017T063901Z:758a2570-3311-408b-8d5f-ccab959d1a32"
      },
      "ResponseBody": {
        "name": "debbda07-578e-4a07-a118-e319f5e87155",
        "status": "InProgress",
        "error": {
          "code": "None",
          "message": null,
          "target": "224b9fd1-cc2e-44b5-a3a9-a322a4f3a730"
        }
      }
    },
    {
      "RequestUri": "https://management.azure.com/subscriptions/db1ab6f0-4769-4b27-930e-01e2ef9c123c/resourcegroups/MediaServiceRG8222/providers/Microsoft.Media/mediaservices/mediaservice9648/streamingendpointoperations/debbda07-578e-4a07-a118-e319f5e87155?api-version=2022-08-01",
      "RequestMethod": "GET",
      "RequestHeaders": {
        "Authorization": "Sanitized",
        "traceparent": "00-75a5ec1b57b7d04bbadfe8853e26c61a-8bfb8cde0e01104f-00",
        "User-Agent": "azsdk-net-ResourceManager/1.3.1 (.NET Core 3.1.30; Microsoft Windows 10.0.22621)",
        "x-ms-client-request-id": "35c634aa7b784a1c83780e767841e967",
        "x-ms-return-client-request-id": "true"
      },
      "RequestBody": null,
      "StatusCode": 200,
      "ResponseHeaders": {
        "Azure-AsyncOperation": "https://management.azure.com/subscriptions/db1ab6f0-4769-4b27-930e-01e2ef9c123c/resourcegroups/MediaServiceRG8222/providers/Microsoft.Media/mediaservices/mediaservice9648/streamingendpointoperations/debbda07-578e-4a07-a118-e319f5e87155?api-version=2022-08-01",
        "Cache-Control": "no-cache",
        "Content-Length": "171",
        "Content-Type": "application/json; odata.metadata=minimal; odata.streaming=true",
        "Date": "Mon, 17 Oct 2022 06:39:03 GMT",
        "Expires": "-1",
        "OData-Version": "4.0",
        "Pragma": "no-cache",
        "Retry-After": "2",
        "Server": "Microsoft-HTTPAPI/2.0",
        "Strict-Transport-Security": "max-age=31536000; includeSubDomains",
        "X-Content-Type-Options": "nosniff",
        "x-ms-client-request-id": "35c634aa7b784a1c83780e767841e967",
        "x-ms-correlation-request-id": "5189b484-ab58-43d9-877d-ad599431ec38",
        "x-ms-ratelimit-remaining-subscription-reads": "11990",
        "x-ms-request-id": "b9ed1cef-43da-4b11-b014-085e89c52920",
        "x-ms-routing-request-id": "SOUTHEASTASIA:20221017T063904Z:5189b484-ab58-43d9-877d-ad599431ec38"
      },
      "ResponseBody": {
        "name": "debbda07-578e-4a07-a118-e319f5e87155",
        "status": "Succeeded",
        "error": {
          "code": "None",
          "message": null,
          "target": "224b9fd1-cc2e-44b5-a3a9-a322a4f3a730"
        }
      }
    },
    {
      "RequestUri": "https://management.azure.com/subscriptions/db1ab6f0-4769-4b27-930e-01e2ef9c123c/resourceGroups/MediaServiceRG8222/providers/Microsoft.Media/mediaservices/mediaservice9648/streamingEndpoints/streamingEndpoint9307?api-version=2022-08-01",
      "RequestMethod": "GET",
      "RequestHeaders": {
        "Authorization": "Sanitized",
        "traceparent": "00-75a5ec1b57b7d04bbadfe8853e26c61a-6b66efe3f59ab743-00",
        "User-Agent": "azsdk-net-ResourceManager/1.3.1 (.NET Core 3.1.30; Microsoft Windows 10.0.22621)",
        "x-ms-client-request-id": "b4ba4d4090541af532ef05528cb174fb",
        "x-ms-return-client-request-id": "true"
      },
      "RequestBody": null,
      "StatusCode": 200,
      "ResponseHeaders": {
        "Cache-Control": "no-cache",
        "Content-Length": "1182",
        "Content-Type": "application/json; odata.metadata=minimal; odata.streaming=true",
        "Date": "Mon, 17 Oct 2022 06:39:03 GMT",
        "Expires": "-1",
        "OData-Version": "4.0",
        "Pragma": "no-cache",
        "Server": "Microsoft-HTTPAPI/2.0",
        "Strict-Transport-Security": "max-age=31536000; includeSubDomains",
        "X-Content-Type-Options": "nosniff",
        "x-ms-client-request-id": "b4ba4d4090541af532ef05528cb174fb",
        "x-ms-correlation-request-id": "6cf50bf8-9bdf-4973-94bc-734b0df5de19",
        "x-ms-ratelimit-remaining-subscription-reads": "11989",
        "x-ms-request-id": "c02c5f8a-a271-45ea-b381-128b235fc718",
        "x-ms-routing-request-id": "SOUTHEASTASIA:20221017T063904Z:6cf50bf8-9bdf-4973-94bc-734b0df5de19"
      },
      "ResponseBody": {
        "name": "streamingEndpoint9307",
        "id": "/subscriptions/db1ab6f0-4769-4b27-930e-01e2ef9c123c/resourceGroups/MediaServiceRG8222/providers/Microsoft.Media/mediaservices/mediaservice9648/streamingendpoints/streamingEndpoint9307",
        "type": "Microsoft.Media/mediaservices/streamingEndpoints",
        "location": "West US 2",
        "tags": {},
        "properties": {
          "description": "",
          "scaleUnits": 0,
          "availabilitySetName": null,
          "cdnEnabled": false,
          "cdnProvider": null,
          "cdnProfile": "",
          "maxCacheAge": null,
          "customHostNames": [],
          "accessControl": null,
          "crossSiteAccessPolicies": null,
          "hostName": "streamingendpoint9307-mediaservice9648-usw22.streaming.media.azure.net",
          "freeTrialEndTime": "0001-01-01T00:00:00Z",
          "provisioningState": "Succeeded",
          "resourceState": "Stopped",
          "created": "2022-10-17T06:39:00.0662061Z",
          "lastModified": "2022-10-17T06:39:01.9425508Z"
        },
        "systemData": {
          "createdBy": "8e6d47e0-7969-4fde-a62c-4fea4f165e98",
          "createdByType": "Application",
          "createdAt": "2022-10-17T06:38:58.9791178Z",
          "lastModifiedBy": "8e6d47e0-7969-4fde-a62c-4fea4f165e98",
          "lastModifiedByType": "Application",
          "lastModifiedAt": "2022-10-17T06:38:58.9791178Z"
        },
        "sku": {
          "name": "Standard",
          "capacity": 0
        }
      }
    },
    {
      "RequestUri": "https://management.azure.com/subscriptions/db1ab6f0-4769-4b27-930e-01e2ef9c123c/resourceGroups/MediaServiceRG8222/providers/Microsoft.Media/mediaservices/mediaservice9648/streamingEndpoints/streamingEndpoint9307?api-version=2022-08-01",
      "RequestMethod": "GET",
      "RequestHeaders": {
        "Accept": "application/json",
        "Authorization": "Sanitized",
        "traceparent": "00-eafd1ab5b66d7e4aa4fd67a0808e6627-c4dfb0737ce73441-00",
        "User-Agent": "azsdk-net-ResourceManager.Media/1.1.0-alpha.20221017.1 (.NET Core 3.1.30; Microsoft Windows 10.0.22621)",
        "x-ms-client-request-id": "060396d10b3014db45d861379ec769b7",
        "x-ms-return-client-request-id": "true"
      },
      "RequestBody": null,
      "StatusCode": 200,
      "ResponseHeaders": {
        "Cache-Control": "no-cache",
        "Content-Length": "1182",
        "Content-Type": "application/json; odata.metadata=minimal",
        "Date": "Mon, 17 Oct 2022 06:39:04 GMT",
        "Expires": "-1",
        "OData-Version": "4.0",
        "Pragma": "no-cache",
        "Server": "Microsoft-HTTPAPI/2.0",
        "Strict-Transport-Security": "max-age=31536000; includeSubDomains",
        "X-Content-Type-Options": "nosniff",
        "x-ms-client-request-id": "060396d10b3014db45d861379ec769b7",
        "x-ms-correlation-request-id": "b1ace8fe-ec0e-4f82-aaab-63640f00eb80",
        "x-ms-ratelimit-remaining-subscription-reads": "11988",
        "x-ms-request-id": "47cfc0cd-1e12-488c-91b2-6c76910f1a7f",
        "x-ms-routing-request-id": "SOUTHEASTASIA:20221017T063904Z:b1ace8fe-ec0e-4f82-aaab-63640f00eb80"
      },
      "ResponseBody": {
        "name": "streamingEndpoint9307",
        "id": "/subscriptions/db1ab6f0-4769-4b27-930e-01e2ef9c123c/resourceGroups/MediaServiceRG8222/providers/Microsoft.Media/mediaservices/mediaservice9648/streamingendpoints/streamingEndpoint9307",
        "type": "Microsoft.Media/mediaservices/streamingEndpoints",
        "location": "West US 2",
        "tags": {},
        "properties": {
          "description": "",
          "scaleUnits": 0,
          "availabilitySetName": null,
          "cdnEnabled": false,
          "cdnProvider": null,
          "cdnProfile": "",
          "maxCacheAge": null,
          "customHostNames": [],
          "accessControl": null,
          "crossSiteAccessPolicies": null,
          "hostName": "streamingendpoint9307-mediaservice9648-usw22.streaming.media.azure.net",
          "freeTrialEndTime": "0001-01-01T00:00:00Z",
          "provisioningState": "Succeeded",
          "resourceState": "Stopped",
          "created": "2022-10-17T06:39:00.0662061Z",
          "lastModified": "2022-10-17T06:39:01.9425508Z"
        },
        "systemData": {
          "createdBy": "8e6d47e0-7969-4fde-a62c-4fea4f165e98",
          "createdByType": "Application",
          "createdAt": "2022-10-17T06:38:58.9791178Z",
          "lastModifiedBy": "8e6d47e0-7969-4fde-a62c-4fea4f165e98",
          "lastModifiedByType": "Application",
          "lastModifiedAt": "2022-10-17T06:38:58.9791178Z"
        },
        "sku": {
          "name": "Standard",
          "capacity": 0
        }
      }
    }
  ],
  "Variables": {
    "AZURE_AUTHORITY_HOST": "https://login.microsoftonline.com",
    "DateTimeOffsetNow": "2022-10-17T14:38:28.8289360\u002B08:00",
    "RandomSeed": "623805305",
    "RESOURCE_MANAGER_URL": null,
    "SUBSCRIPTION_ID": "db1ab6f0-4769-4b27-930e-01e2ef9c123c"
  }
}
