{
  "Entries": [
    {
      "RequestUri": "https://sanitized.comminication.azure.com/routing/distributionPolicies/AD18EAC64DE2B1175BDE172AB281641696F3830F957E6EFD0E?api-version=2022-07-18-preview",
      "RequestMethod": "PATCH",
      "RequestHeaders": {
        "Accept": "application/json",
        "Authorization": "Sanitized",
        "Content-Length": "199",
        "Content-Type": "application/merge-patch\u002Bjson",
        "traceparent": "00-95be9510d608d252d6651fdfdc536db1-7c73de422f561eaf-00",
        "User-Agent": "azsdk-net-Communication.JobRouter/1.0.0-alpha.20230629.1 (.NET 6.0.18; Microsoft Windows 10.0.22621)",
        "x-ms-client-request-id": "41ff9788861ab55cceea48c99ad49f8b",
        "x-ms-content-sha256": "Sanitized",
        "x-ms-date": "Fri, 30 Jun 2023 00:33:29 GMT",
        "x-ms-return-client-request-id": "true"
      },
      "RequestBody": {
        "name": "LongestIdleDistributionPolicyAD18EAC64DE2B1175BDE172AB281641696F3830F957E6EFD0E",
        "offerExpiresAfterSeconds": 30,
        "mode": {
          "kind": "longest-idle",
          "minConcurrentOffers": 1,
          "maxConcurrentOffers": 1
        }
      },
      "StatusCode": 201,
      "ResponseHeaders": {
        "api-supported-versions": "2021-04-07-preview1, 2022-07-18-preview",
        "Content-Type": "application/json; charset=utf-8",
        "Date": "Fri, 30 Jun 2023 00:33:31 GMT",
        "ETag": "\u00220b007c91-0000-0d00-0000-649e22db0000\u0022",
        "Last-Modified": "Fri, 30 Jun 2023 00:33:31 GMT",
        "trace-id": "95be9510-d608-d252-d665-1fdfdc536db1",
        "Transfer-Encoding": "chunked",
        "X-Azure-Ref": "02iKeZAAAAAA609vz76kgQ7vJbyb31K6GU0pDMjExMDUxMjAxMDIzAGYwOWE0YzEzLTIxZjEtNDhlYy05Y2Y3LTY2NTQ1Njg0YjY0Mg==",
        "X-Cache": "CONFIG_NOCACHE"
      },
      "ResponseBody": {
        "id": "AD18EAC64DE2B1175BDE172AB281641696F3830F957E6EFD0E",
        "name": "LongestIdleDistributionPolicyAD18EAC64DE2B1175BDE172AB281641696F3830F957E6EFD0E",
        "offerExpiresAfterSeconds": 30,
        "mode": {
          "kind": "longest-idle",
          "minConcurrentOffers": 1,
          "maxConcurrentOffers": 1,
          "bypassSelectors": false
        }
      }
    },
    {
      "RequestUri": "https://sanitized.comminication.azure.com/routing/queues/AD18EAC64DE2B1175BDE172AB281641696F3830F957E6EFD0E?api-version=2022-07-18-preview",
      "RequestMethod": "PATCH",
      "RequestHeaders": {
        "Accept": "application/json",
        "Authorization": "Sanitized",
        "Content-Length": "77",
        "Content-Type": "application/merge-patch\u002Bjson",
        "traceparent": "00-a2e75f43e9076ae7dbcfe9802e0a3244-ab5a429b94724d67-00",
        "User-Agent": "azsdk-net-Communication.JobRouter/1.0.0-alpha.20230629.1 (.NET 6.0.18; Microsoft Windows 10.0.22621)",
        "x-ms-client-request-id": "4320b23e085f35f7b8bb243406270a62",
        "x-ms-content-sha256": "Sanitized",
        "x-ms-date": "Fri, 30 Jun 2023 00:33:31 GMT",
        "x-ms-return-client-request-id": "true"
      },
      "RequestBody": {
        "distributionPolicyId": "AD18EAC64DE2B1175BDE172AB281641696F3830F957E6EFD0E"
      },
      "StatusCode": 200,
      "ResponseHeaders": {
        "api-supported-versions": "2021-04-07-preview1, 2022-07-18-preview",
        "Content-Type": "application/json; charset=utf-8",
        "Date": "Fri, 30 Jun 2023 00:33:31 GMT",
        "ETag": "\u002208015264-0000-0d00-0000-649e22dc0000\u0022",
        "Last-Modified": "Fri, 30 Jun 2023 00:33:32 GMT",
        "trace-id": "a2e75f43-e907-6ae7-dbcf-e9802e0a3244",
        "Transfer-Encoding": "chunked",
        "X-Azure-Ref": "02yKeZAAAAAD/FRbuoePjSK1Uzh2Hxl77U0pDMjExMDUxMjAxMDIzAGYwOWE0YzEzLTIxZjEtNDhlYy05Y2Y3LTY2NTQ1Njg0YjY0Mg==",
        "X-Cache": "CONFIG_NOCACHE"
      },
      "ResponseBody": {
        "id": "AD18EAC64DE2B1175BDE172AB281641696F3830F957E6EFD0E",
        "distributionPolicyId": "AD18EAC64DE2B1175BDE172AB281641696F3830F957E6EFD0E",
        "labels": {
          "Id": "AD18EAC64DE2B1175BDE172AB281641696F3830F957E6EFD0E"
        }
      }
    },
    {
      "RequestUri": "https://sanitized.comminication.azure.com/routing/classificationPolicies/AD18EAC64DE2B1175BDE172AB281641696F3830F957E6EFD0E?api-version=2022-07-18-preview",
      "RequestMethod": "PATCH",
      "RequestHeaders": {
        "Accept": "application/json",
        "Authorization": "Sanitized",
        "Content-Length": "55",
        "Content-Type": "application/merge-patch\u002Bjson",
        "traceparent": "00-3741b400a4e13d8e89e7fb2417f11767-fc7a2304cd89b5ec-00",
        "User-Agent": "azsdk-net-Communication.JobRouter/1.0.0-alpha.20230629.1 (.NET 6.0.18; Microsoft Windows 10.0.22621)",
        "x-ms-client-request-id": "50063d4c9c906932ff4b737fa35bbd25",
        "x-ms-content-sha256": "Sanitized",
        "x-ms-date": "Fri, 30 Jun 2023 00:33:31 GMT",
        "x-ms-return-client-request-id": "true"
      },
      "RequestBody": {
        "prioritizationRule": {
          "value": 1,
          "kind": "static-rule"
        }
      },
      "StatusCode": 201,
      "ResponseHeaders": {
        "api-supported-versions": "2021-04-07-preview1, 2022-07-18-preview",
        "Content-Type": "application/json; charset=utf-8",
        "Date": "Fri, 30 Jun 2023 00:33:31 GMT",
        "ETag": "\u0022c700aebb-0000-0d00-0000-649e22dc0000\u0022",
        "Last-Modified": "Fri, 30 Jun 2023 00:33:32 GMT",
        "trace-id": "3741b400-a4e1-3d8e-89e7-fb2417f11767",
        "Transfer-Encoding": "chunked",
        "X-Azure-Ref": "03CKeZAAAAADC7L\u002BHauzsSZDnfPJZYWNZU0pDMjExMDUxMjAxMDIzAGYwOWE0YzEzLTIxZjEtNDhlYy05Y2Y3LTY2NTQ1Njg0YjY0Mg==",
        "X-Cache": "CONFIG_NOCACHE"
      },
      "ResponseBody": {
        "id": "AD18EAC64DE2B1175BDE172AB281641696F3830F957E6EFD0E",
        "queueSelectors": [],
        "prioritizationRule": {
          "kind": "static-rule",
          "value": 1
        },
        "workerSelectors": []
      }
    },
    {
      "RequestUri": "https://sanitized.comminication.azure.com/routing/exceptionPolicies/AD18EAC64DE2B1175BDE172AB281641696F3830F957E6EFD0E?api-version=2022-07-18-preview",
      "RequestMethod": "PATCH",
      "RequestHeaders": {
        "Accept": "application/json",
        "Authorization": "Sanitized",
        "Content-Length": "594",
        "Content-Type": "application/merge-patch\u002Bjson",
        "traceparent": "00-746b0778602617e9bad94502815bc293-bcb2fda4e69aa294-00",
        "User-Agent": "azsdk-net-Communication.JobRouter/1.0.0-alpha.20230629.1 (.NET 6.0.18; Microsoft Windows 10.0.22621)",
        "x-ms-client-request-id": "9fc128353b5d7f209fca895f6228aea6",
        "x-ms-content-sha256": "Sanitized",
        "x-ms-date": "Fri, 30 Jun 2023 00:33:31 GMT",
        "x-ms-return-client-request-id": "true"
      },
      "RequestBody": {
        "name": "FakeExceptionPolicyFriendlyName",
        "exceptionRules": {
          "1D704BA67E70C290C45406FF4C532F51375C8CBDB79B827FF7": {
            "trigger": {
              "threshold": 1,
              "kind": "queue-length"
            },
            "actions": {
              "6E5408AEE740B069EA868C501F27038C4A0BBAA37957943903": {
                "classificationPolicyId": "AD18EAC64DE2B1175BDE172AB281641696F3830F957E6EFD0E",
                "labelsToUpsert": {
                  "Label_1": "Value_1"
                },
                "kind": "reclassify"
              },
              "0913852EFD18C7FEAB310E8837D7C014C06D64ACDE36EF005E": {
                "queueId": "AD18EAC64DE2B1175BDE172AB281641696F3830F957E6EFD0E",
                "priority": 1,
                "workerSelectors": [
                  {
                    "key": "abc",
                    "labelOperator": "equal",
                    "value": 1
                  }
                ],
                "kind": "manual-reclassify"
              }
            }
          }
        }
      },
      "StatusCode": 201,
      "ResponseHeaders": {
        "api-supported-versions": "2021-04-07-preview1, 2022-07-18-preview",
        "Content-Type": "application/json; charset=utf-8",
        "Date": "Fri, 30 Jun 2023 00:33:32 GMT",
        "ETag": "\u00228b007ae6-0000-0d00-0000-649e22dc0000\u0022",
        "Last-Modified": "Fri, 30 Jun 2023 00:33:32 GMT",
        "trace-id": "746b0778-6026-17e9-bad9-4502815bc293",
        "Transfer-Encoding": "chunked",
        "X-Azure-Ref": "03CKeZAAAAAANXoNUIQ95Q6ANEC4/Nb5lU0pDMjExMDUxMjAxMDIzAGYwOWE0YzEzLTIxZjEtNDhlYy05Y2Y3LTY2NTQ1Njg0YjY0Mg==",
        "X-Cache": "CONFIG_NOCACHE"
      },
      "ResponseBody": {
        "id": "AD18EAC64DE2B1175BDE172AB281641696F3830F957E6EFD0E",
        "name": "FakeExceptionPolicyFriendlyName",
        "exceptionRules": {
          "1D704BA67E70C290C45406FF4C532F51375C8CBDB79B827FF7": {
            "trigger": {
              "kind": "queue-length",
              "threshold": 1
            },
            "actions": {
              "6E5408AEE740B069EA868C501F27038C4A0BBAA37957943903": {
                "kind": "reclassify",
                "classificationPolicyId": "AD18EAC64DE2B1175BDE172AB281641696F3830F957E6EFD0E",
                "labelsToUpsert": {
                  "Label_1": "Value_1"
                }
              },
              "0913852EFD18C7FEAB310E8837D7C014C06D64ACDE36EF005E": {
                "kind": "manual-reclassify",
                "queueId": "AD18EAC64DE2B1175BDE172AB281641696F3830F957E6EFD0E",
                "priority": 1,
                "workerSelectors": [
                  {
                    "expedite": false,
                    "status": "active",
                    "key": "abc",
                    "labelOperator": "equal",
                    "value": 1
                  }
                ]
              }
            }
          }
        }
      }
    },
    {
      "RequestUri": "https://sanitized.comminication.azure.com/routing/exceptionPolicies/AD18EAC64DE2B1175BDE172AB281641696F3830F957E6EFD0E?api-version=2022-07-18-preview",
      "RequestMethod": "PATCH",
      "RequestHeaders": {
        "Accept": "application/json",
        "Authorization": "Sanitized",
        "Content-Length": "13",
        "Content-Type": "application/merge-patch\u002Bjson",
        "traceparent": "00-ab96e57dc7b430d62016d24ac4821e77-771cb454a45fe585-00",
        "User-Agent": "azsdk-net-Communication.JobRouter/1.0.0-alpha.20230629.1 (.NET 6.0.18; Microsoft Windows 10.0.22621)",
        "x-ms-client-request-id": "5d7de6df4fcea2fa7fb744139578925c",
        "x-ms-content-sha256": "Sanitized",
        "x-ms-date": "Fri, 30 Jun 2023 00:33:32 GMT",
        "x-ms-return-client-request-id": "true"
      },
      "RequestBody": {
        "Name": null
      },
      "StatusCode": 200,
      "ResponseHeaders": {
        "api-supported-versions": "2021-04-07-preview1, 2022-07-18-preview",
        "Content-Type": "application/json; charset=utf-8",
        "Date": "Fri, 30 Jun 2023 00:33:32 GMT",
        "ETag": "\u00228b007ee6-0000-0d00-0000-649e22dd0000\u0022",
        "Last-Modified": "Fri, 30 Jun 2023 00:33:33 GMT",
        "trace-id": "ab96e57d-c7b4-30d6-2016-d24ac4821e77",
        "Transfer-Encoding": "chunked",
        "X-Azure-Ref": "03CKeZAAAAAD8u2eREH41TZCG41RmYQMgU0pDMjExMDUxMjAxMDIzAGYwOWE0YzEzLTIxZjEtNDhlYy05Y2Y3LTY2NTQ1Njg0YjY0Mg==",
        "X-Cache": "CONFIG_NOCACHE"
      },
      "ResponseBody": {
        "id": "AD18EAC64DE2B1175BDE172AB281641696F3830F957E6EFD0E",
        "exceptionRules": {
          "1D704BA67E70C290C45406FF4C532F51375C8CBDB79B827FF7": {
            "trigger": {
              "kind": "queue-length",
              "threshold": 1
            },
            "actions": {
              "6E5408AEE740B069EA868C501F27038C4A0BBAA37957943903": {
                "kind": "reclassify",
                "classificationPolicyId": "AD18EAC64DE2B1175BDE172AB281641696F3830F957E6EFD0E",
                "labelsToUpsert": {
                  "Label_1": "Value_1"
                }
              },
              "0913852EFD18C7FEAB310E8837D7C014C06D64ACDE36EF005E": {
                "kind": "manual-reclassify",
                "queueId": "AD18EAC64DE2B1175BDE172AB281641696F3830F957E6EFD0E",
                "priority": 1,
                "workerSelectors": [
                  {
                    "expedite": false,
                    "status": "active",
                    "key": "abc",
                    "labelOperator": "equal",
                    "value": 1
                  }
                ]
              }
            }
          }
        }
      }
    },
    {
      "RequestUri": "https://sanitized.comminication.azure.com/routing/exceptionPolicies/AD18EAC64DE2B1175BDE172AB281641696F3830F957E6EFD0E?api-version=2022-07-18-preview",
      "RequestMethod": "GET",
      "RequestHeaders": {
        "Accept": "application/json",
        "Authorization": "Sanitized",
        "traceparent": "00-2db085a0d4430f4345787494b2ae30be-371ec01b41fea891-00",
        "User-Agent": "azsdk-net-Communication.JobRouter/1.0.0-alpha.20230629.1 (.NET 6.0.18; Microsoft Windows 10.0.22621)",
        "x-ms-client-request-id": "ddfefefd6a6511041c86b0c512d306d7",
        "x-ms-content-sha256": "Sanitized",
        "x-ms-date": "Fri, 30 Jun 2023 00:33:32 GMT",
        "x-ms-return-client-request-id": "true"
      },
      "RequestBody": null,
      "StatusCode": 200,
      "ResponseHeaders": {
        "api-supported-versions": "2021-04-07-preview1, 2022-07-18-preview",
        "Content-Type": "application/json; charset=utf-8",
        "Date": "Fri, 30 Jun 2023 00:33:33 GMT",
        "ETag": "\u00228b007ee6-0000-0d00-0000-649e22dd0000\u0022",
        "Last-Modified": "Fri, 30 Jun 2023 00:33:33 GMT",
        "trace-id": "2db085a0-d443-0f43-4578-7494b2ae30be",
        "Transfer-Encoding": "chunked",
        "X-Azure-Ref": "03SKeZAAAAADkaVOfWJWJQYu/5lHb3Q1XU0pDMjExMDUxMjAxMDIzAGYwOWE0YzEzLTIxZjEtNDhlYy05Y2Y3LTY2NTQ1Njg0YjY0Mg==",
        "X-Cache": "CONFIG_NOCACHE"
      },
      "ResponseBody": {
        "id": "AD18EAC64DE2B1175BDE172AB281641696F3830F957E6EFD0E",
        "exceptionRules": {
          "1D704BA67E70C290C45406FF4C532F51375C8CBDB79B827FF7": {
            "trigger": {
              "kind": "queue-length",
              "threshold": 1
            },
            "actions": {
              "6E5408AEE740B069EA868C501F27038C4A0BBAA37957943903": {
                "kind": "reclassify",
                "classificationPolicyId": "AD18EAC64DE2B1175BDE172AB281641696F3830F957E6EFD0E",
                "labelsToUpsert": {
                  "Label_1": "Value_1"
                }
              },
              "0913852EFD18C7FEAB310E8837D7C014C06D64ACDE36EF005E": {
                "kind": "manual-reclassify",
                "queueId": "AD18EAC64DE2B1175BDE172AB281641696F3830F957E6EFD0E",
                "priority": 1,
                "workerSelectors": [
                  {
                    "expedite": false,
                    "status": "active",
                    "key": "abc",
                    "labelOperator": "equal",
                    "value": 1
                  }
                ]
              }
            }
          }
        }
      }
    }
  ],
  "Variables": {
    "COMMUNICATION_LIVETEST_DYNAMIC_CONNECTION_STRING": "endpoint=https://sanitized.communication.azure.com/;accesskey=Kg==",
    "id-prefix": "sdk-W7cF60BxlkS9tQlyOrbTEA-",
    "RandomSeed": "14264437"
  }
}
