{
  "Entries": [
    {
      "RequestUri": "https://management.azure.com/subscriptions/db1ab6f0-4769-4b27-930e-01e2ef9c123c?api-version=2021-01-01",
      "RequestMethod": "GET",
      "RequestHeaders": {
        "Accept": "application/json",
        "Authorization": "Sanitized",
        "traceparent": "00-94160027b1329243a000ac1016cb9729-713d470c34df5c4b-00",
        "User-Agent": "azsdk-net-ResourceManager/1.0.0 (.NET Core 3.1.0; Microsoft Windows 10.0.22000)",
        "x-ms-client-request-id": "63d56a0d37d389eb1714c635450dcfce",
        "x-ms-return-client-request-id": "true"
      },
      "RequestBody": null,
      "StatusCode": 200,
      "ResponseHeaders": {
        "Cache-Control": "no-cache",
        "Content-Length": "747",
        "Content-Type": "application/json; charset=utf-8",
        "Date": "Fri, 08 Apr 2022 06:23:16 GMT",
        "Expires": "-1",
        "Pragma": "no-cache",
        "Strict-Transport-Security": "max-age=31536000; includeSubDomains",
        "X-Content-Type-Options": "nosniff",
        "x-ms-correlation-request-id": "32543861-ff11-4b17-9ceb-2e2fce2cb957",
        "x-ms-ratelimit-remaining-subscription-reads": "11999",
        "x-ms-request-id": "32543861-ff11-4b17-9ceb-2e2fce2cb957",
        "x-ms-routing-request-id": "SOUTHEASTASIA:20220408T062317Z:32543861-ff11-4b17-9ceb-2e2fce2cb957"
      },
      "ResponseBody": {
        "id": "/subscriptions/db1ab6f0-4769-4b27-930e-01e2ef9c123c",
        "authorizationSource": "RoleBased",
        "managedByTenants": [],
        "tags": {
          "TagKey-9823": "TagValue-566",
          "TagKey-3481": "TagValue-320",
          "TagKey-4926": "TagValue-1187",
          "TagKey-751": "TagValue-3921",
          "TagKey-1866": "TagValue-8559",
          "TagKey-3094": "TagValue-9190",
          "TagKey-2449": "TagValue-9",
          "TagKey-8379": "TagValue-164",
          "TagKey-7470": "TagValue-2205",
          "TagKey-4236": "TagValue-3698",
          "TagKey-5316": "TagValue-2725"
        },
        "subscriptionId": "db1ab6f0-4769-4b27-930e-01e2ef9c123c",
        "tenantId": "72f988bf-86f1-41af-91ab-2d7cd011db47",
        "displayName": ".NET Mgmt SDK Test with TTL = 1 Day",
        "state": "Enabled",
        "subscriptionPolicies": {
          "locationPlacementId": "Internal_2014-09-01",
          "quotaId": "Internal_2014-09-01",
          "spendingLimit": "Off"
        }
      }
    },
    {
      "RequestUri": "https://management.azure.com/subscriptions/db1ab6f0-4769-4b27-930e-01e2ef9c123c/resourcegroups/testRg-5-2253?api-version=2021-04-01",
      "RequestMethod": "PUT",
      "RequestHeaders": {
        "Accept": "application/json",
        "Authorization": "Sanitized",
        "Content-Length": "32",
        "Content-Type": "application/json",
        "traceparent": "00-0a79651d58e01a4f98fdae65081193a2-acc286a3d9d77d45-00",
        "User-Agent": "azsdk-net-ResourceManager/1.0.0 (.NET Core 3.1.0; Microsoft Windows 10.0.22000)",
        "x-ms-client-request-id": "fe8d3c97496beb128497eabbfa89e1d3",
        "x-ms-return-client-request-id": "true"
      },
      "RequestBody": {
        "tags": {},
        "location": "westus2"
      },
      "StatusCode": 201,
      "ResponseHeaders": {
        "Cache-Control": "no-cache",
        "Content-Length": "234",
        "Content-Type": "application/json; charset=utf-8",
        "Date": "Fri, 08 Apr 2022 06:23:19 GMT",
        "Expires": "-1",
        "Pragma": "no-cache",
        "Strict-Transport-Security": "max-age=31536000; includeSubDomains",
        "X-Content-Type-Options": "nosniff",
        "x-ms-correlation-request-id": "9311acc2-fb41-41b4-81c7-e2f2f50406bc",
        "x-ms-ratelimit-remaining-subscription-writes": "1199",
        "x-ms-request-id": "9311acc2-fb41-41b4-81c7-e2f2f50406bc",
        "x-ms-routing-request-id": "SOUTHEASTASIA:20220408T062319Z:9311acc2-fb41-41b4-81c7-e2f2f50406bc"
      },
      "ResponseBody": {
        "id": "/subscriptions/db1ab6f0-4769-4b27-930e-01e2ef9c123c/resourceGroups/testRg-5-2253",
        "name": "testRg-5-2253",
        "type": "Microsoft.Resources/resourceGroups",
        "location": "westus2",
        "tags": {},
        "properties": {
          "provisioningState": "Succeeded"
        }
      }
    },
    {
      "RequestUri": "https://management.azure.com/subscriptions/db1ab6f0-4769-4b27-930e-01e2ef9c123c/resourcegroups/rg-for-DeployScript?api-version=2021-04-01",
      "RequestMethod": "PUT",
      "RequestHeaders": {
        "Accept": "application/json",
        "Authorization": "Sanitized",
        "Content-Length": "32",
        "Content-Type": "application/json",
        "traceparent": "00-c45b4887f72641448b09cad5fb1c1d63-93d396dc5b63174c-00",
        "User-Agent": "azsdk-net-ResourceManager/1.0.0 (.NET Core 3.1.0; Microsoft Windows 10.0.22000)",
        "x-ms-client-request-id": "1341515be4a7e3c216abcce832b5ba4b",
        "x-ms-return-client-request-id": "true"
      },
      "RequestBody": {
        "tags": {},
        "location": "westus2"
      },
      "StatusCode": 201,
      "ResponseHeaders": {
        "Cache-Control": "no-cache",
        "Content-Length": "246",
        "Content-Type": "application/json; charset=utf-8",
        "Date": "Fri, 08 Apr 2022 06:23:20 GMT",
        "Expires": "-1",
        "Pragma": "no-cache",
        "Strict-Transport-Security": "max-age=31536000; includeSubDomains",
        "X-Content-Type-Options": "nosniff",
        "x-ms-correlation-request-id": "d29e075a-8b3b-4901-a278-03c0c27437f0",
        "x-ms-ratelimit-remaining-subscription-writes": "1198",
        "x-ms-request-id": "d29e075a-8b3b-4901-a278-03c0c27437f0",
        "x-ms-routing-request-id": "SOUTHEASTASIA:20220408T062320Z:d29e075a-8b3b-4901-a278-03c0c27437f0"
      },
      "ResponseBody": {
        "id": "/subscriptions/db1ab6f0-4769-4b27-930e-01e2ef9c123c/resourceGroups/rg-for-DeployScript",
        "name": "rg-for-DeployScript",
        "type": "Microsoft.Resources/resourceGroups",
        "location": "westus2",
        "tags": {},
        "properties": {
          "provisioningState": "Succeeded"
        }
      }
    },
    {
      "RequestUri": "https://management.azure.com/subscriptions/db1ab6f0-4769-4b27-930e-01e2ef9c123c/providers/Microsoft.ManagedIdentity?api-version=2021-04-01",
      "RequestMethod": "GET",
      "RequestHeaders": {
        "Accept": "application/json",
        "Authorization": "Sanitized",
        "traceparent": "00-adc7363793607842987c19c6a8c1ef3f-f41efdc8b6f05144-00",
        "User-Agent": "azsdk-net-ResourceManager/1.0.0 (.NET Core 3.1.0; Microsoft Windows 10.0.22000)",
        "x-ms-client-request-id": "18216a13a29cc321774e9f00cd1d8ae4",
        "x-ms-return-client-request-id": "true"
      },
      "RequestBody": null,
      "StatusCode": 200,
      "ResponseHeaders": {
        "Cache-Control": "no-cache",
        "Content-Length": "2571",
        "Content-Type": "application/json; charset=utf-8",
        "Date": "Fri, 08 Apr 2022 06:23:20 GMT",
        "Expires": "-1",
        "Pragma": "no-cache",
        "Strict-Transport-Security": "max-age=31536000; includeSubDomains",
        "X-Content-Type-Options": "nosniff",
        "x-ms-correlation-request-id": "91b70309-0111-4d36-9c97-c60e507993df",
        "x-ms-ratelimit-remaining-subscription-reads": "11998",
        "x-ms-request-id": "91b70309-0111-4d36-9c97-c60e507993df",
        "x-ms-routing-request-id": "SOUTHEASTASIA:20220408T062320Z:91b70309-0111-4d36-9c97-c60e507993df"
      },
      "ResponseBody": {
        "id": "/subscriptions/db1ab6f0-4769-4b27-930e-01e2ef9c123c/providers/Microsoft.ManagedIdentity",
        "namespace": "Microsoft.ManagedIdentity",
        "resourceTypes": [
          {
            "resourceType": "Identities",
            "locations": [
              "Global",
              "South Africa North",
              "South Africa West",
              "UAE North",
              "Australia Central",
              "Australia East",
              "Australia Southeast",
              "Canada Central",
              "Canada East",
              "Brazil South",
              "Central India",
              "West India",
              "Jio India West",
              "South India",
              "Japan West",
              "Japan East",
              "East Asia",
              "Southeast Asia",
              "Korea Central",
              "North Europe",
              "West Europe",
              "UK West",
              "UK South",
              "Sweden Central",
              "Switzerland North",
              "Germany West Central",
              "Central US",
              "North Central US",
              "East US",
              "East US 2",
              "South Central US",
              "West US",
              "West US 2",
              "West US 3",
              "West Central US",
              "France Central",
              "Norway East",
              "Korea South"
            ],
            "apiVersions": [
              "2022-01-31-PREVIEW",
              "2021-09-30-PREVIEW",
              "2018-11-30",
              "2015-08-31-PREVIEW"
            ],
            "defaultApiVersion": "2018-11-30",
            "capabilities": "SupportsExtension"
          },
          {
            "resourceType": "userAssignedIdentities",
            "locations": [
              "South Africa North",
              "South Africa West",
              "UAE North",
              "Australia Central",
              "Australia East",
              "Australia Southeast",
              "Canada Central",
              "Canada East",
              "Brazil South",
              "Central India",
              "West India",
              "Jio India West",
              "South India",
              "Japan West",
              "Japan East",
              "East Asia",
              "Southeast Asia",
              "Korea Central",
              "North Europe",
              "West Europe",
              "UK West",
              "UK South",
              "Sweden Central",
              "Switzerland North",
              "Germany West Central",
              "Central US",
              "North Central US",
              "East US",
              "East US 2",
              "South Central US",
              "West US",
              "West US 2",
              "West US 3",
              "West Central US",
              "France Central",
              "Norway East",
              "Korea South"
            ],
            "apiVersions": [
              "2022-01-31-PREVIEW",
              "2021-09-30-PREVIEW",
              "2018-11-30",
              "2015-08-31-PREVIEW"
            ],
            "defaultApiVersion": "2018-11-30",
            "capabilities": "SupportsTags, SupportsLocation"
          },
          {
            "resourceType": "operations",
            "locations": [
              "South Africa North",
              "South Africa West",
              "UAE North",
              "Australia Central",
              "Australia East",
              "Australia Southeast",
              "Canada Central",
              "Canada East",
              "Brazil South",
              "Central India",
              "West India",
              "Jio India West",
              "South India",
              "Japan West",
              "Japan East",
              "East Asia",
              "Southeast Asia",
              "Korea Central",
              "North Europe",
              "West Europe",
              "UK West",
              "UK South",
              "Sweden Central",
              "Switzerland North",
              "Germany West Central",
              "Central US",
              "North Central US",
              "East US",
              "East US 2",
              "South Central US",
              "West US",
              "West US 2",
              "West US 3",
              "West Central US",
              "France Central",
              "Norway East",
              "Korea South"
            ],
            "apiVersions": [
              "2022-01-31-PREVIEW",
              "2021-09-30-PREVIEW",
              "2018-11-30",
              "2015-08-31-PREVIEW"
            ],
            "defaultApiVersion": "2018-11-30",
            "capabilities": "None"
          }
        ],
        "registrationState": "Registered",
        "registrationPolicy": "RegistrationRequired"
      }
    },
    {
      "RequestUri": "https://management.azure.com/subscriptions/db1ab6f0-4769-4b27-930e-01e2ef9c123c/resourceGroups/rg-for-DeployScript/providers/Microsoft.ManagedIdentity/userAssignedIdentities/test-user-assigned-msi?api-version=2022-01-31-PREVIEW",
      "RequestMethod": "PUT",
      "RequestHeaders": {
        "Accept": "application/json",
        "Authorization": "Sanitized",
        "Content-Length": "32",
        "Content-Type": "application/json",
        "traceparent": "00-adc7363793607842987c19c6a8c1ef3f-84ee1f539186dd4c-00",
        "User-Agent": "azsdk-net-ResourceManager/1.0.0 (.NET Core 3.1.0; Microsoft Windows 10.0.22000)",
        "x-ms-client-request-id": "7db2cb62818d58efcb1b549d460352e2",
        "x-ms-return-client-request-id": "true"
      },
      "RequestBody": {
        "tags": {},
        "location": "westus2"
      },
      "StatusCode": 201,
      "ResponseHeaders": {
        "Cache-Control": "no-cache",
        "Content-Length": "466",
        "Content-Type": "application/json; charset=utf-8",
        "Date": "Fri, 08 Apr 2022 06:23:27 GMT",
        "Expires": "-1",
        "Location": "/subscriptions/db1ab6f0-4769-4b27-930e-01e2ef9c123c/resourcegroups/rg-for-DeployScript/providers/Microsoft.ManagedIdentity/userAssignedIdentities/test-user-assigned-msi",
        "Pragma": "no-cache",
        "Strict-Transport-Security": "max-age=31536000; includeSubDomains",
        "X-Content-Type-Options": "nosniff",
        "x-ms-correlation-request-id": "b28c2c77-117f-4c60-a2ce-b13581cf0d2d",
        "x-ms-ratelimit-remaining-subscription-writes": "1197",
        "x-ms-request-id": "b28c2c77-117f-4c60-a2ce-b13581cf0d2d",
        "x-ms-routing-request-id": "SOUTHEASTASIA:20220408T062327Z:b28c2c77-117f-4c60-a2ce-b13581cf0d2d"
      },
      "ResponseBody": {
        "id": "/subscriptions/db1ab6f0-4769-4b27-930e-01e2ef9c123c/resourcegroups/rg-for-DeployScript/providers/Microsoft.ManagedIdentity/userAssignedIdentities/test-user-assigned-msi",
        "name": "test-user-assigned-msi",
        "type": "Microsoft.ManagedIdentity/userAssignedIdentities",
        "location": "westus2",
        "tags": {},
        "properties": {
          "tenantId": "72f988bf-86f1-41af-91ab-2d7cd011db47",
          "principalId": "be5ab340-4985-4e3c-9dbb-e509bb99f222",
          "clientId": "ba0d2dd4-ada7-411c-a0f7-7ab863908246"
        }
      }
    },
    {
      "RequestUri": "https://management.azure.com/subscriptions/db1ab6f0-4769-4b27-930e-01e2ef9c123c/resourcegroups/rg-for-DeployScript/providers/Microsoft.ManagedIdentity/userAssignedIdentities/test-user-assigned-msi?api-version=2022-01-31-PREVIEW",
      "RequestMethod": "GET",
      "RequestHeaders": {
        "Authorization": "Sanitized",
        "traceparent": "00-adc7363793607842987c19c6a8c1ef3f-9332f146afe7dc46-00",
        "User-Agent": "azsdk-net-ResourceManager/1.0.0 (.NET Core 3.1.0; Microsoft Windows 10.0.22000)",
        "x-ms-client-request-id": "6785e7213d0391bd7bc94d814d837c74",
        "x-ms-return-client-request-id": "true"
      },
      "RequestBody": null,
      "StatusCode": 200,
      "ResponseHeaders": {
        "Cache-Control": "no-cache",
        "Content-Length": "466",
        "Content-Type": "application/json; charset=utf-8",
        "Date": "Fri, 08 Apr 2022 06:23:27 GMT",
        "Expires": "-1",
        "Pragma": "no-cache",
        "Strict-Transport-Security": "max-age=31536000; includeSubDomains",
        "X-Content-Type-Options": "nosniff",
        "x-ms-correlation-request-id": "93c1cc1e-720a-4a93-a33b-5df51b53095c",
        "x-ms-ratelimit-remaining-subscription-reads": "11997",
        "x-ms-request-id": "93c1cc1e-720a-4a93-a33b-5df51b53095c",
        "x-ms-routing-request-id": "SOUTHEASTASIA:20220408T062328Z:93c1cc1e-720a-4a93-a33b-5df51b53095c"
      },
      "ResponseBody": {
        "id": "/subscriptions/db1ab6f0-4769-4b27-930e-01e2ef9c123c/resourcegroups/rg-for-DeployScript/providers/Microsoft.ManagedIdentity/userAssignedIdentities/test-user-assigned-msi",
        "name": "test-user-assigned-msi",
        "type": "Microsoft.ManagedIdentity/userAssignedIdentities",
        "location": "westus2",
        "tags": {},
        "properties": {
          "tenantId": "72f988bf-86f1-41af-91ab-2d7cd011db47",
          "principalId": "be5ab340-4985-4e3c-9dbb-e509bb99f222",
          "clientId": "ba0d2dd4-ada7-411c-a0f7-7ab863908246"
        }
      }
    },
    {
      "RequestUri": "https://management.azure.com/subscriptions/db1ab6f0-4769-4b27-930e-01e2ef9c123c/resourcegroups/testRg-5-2253/providers/Microsoft.Resources/deploymentScripts/deployScript-D-5070?api-version=2020-10-01",
      "RequestMethod": "PUT",
      "RequestHeaders": {
        "Accept": "application/json",
        "Authorization": "Sanitized",
        "Content-Length": "526",
        "Content-Type": "application/json",
        "traceparent": "00-b4153192ebeee249be7698cf9ee6ff35-1c18d10024bade42-00",
        "User-Agent": "azsdk-net-ResourceManager.Resources/1.1.0-alpha.20220408.1 (.NET Core 3.1.0; Microsoft Windows 10.0.22000)",
        "x-ms-client-request-id": "5cd0bdfc6b35a724edf94d0ee5961309",
        "x-ms-return-client-request-id": "true"
      },
      "RequestBody": {
        "identity": {
          "type": "UserAssigned",
          "userAssignedIdentities": {
            "/subscriptions/db1ab6f0-4769-4b27-930e-01e2ef9c123c/resourceGroups/rg-for-DeployScript/providers/Microsoft.ManagedIdentity/userAssignedIdentities/test-user-assigned-msi": {}
          }
        },
        "location": "westus2",
        "kind": "AzurePowerShell",
        "properties": {
          "scriptContent": "param([string] $helloWorld) Write-Output $helloWorld; $DeploymentScriptOutputs[\u0027output\u0027] = $helloWorld",
          "arguments": "\u0027Hello World\u0027",
          "retentionInterval": "P1DT2H",
          "azPowerShellVersion": "2.7.0"
        }
      },
      "StatusCode": 201,
      "ResponseHeaders": {
        "Azure-AsyncOperation": "https://management.azure.com/subscriptions/db1ab6f0-4769-4b27-930e-01e2ef9c123c/providers/Microsoft.Resources/locations/westus2/deploymentScriptOperationResults/78b48f24-2228-4f6b-b302-61bc65195fa8?api-version=2020-10-01",
        "Cache-Control": "no-cache",
        "Content-Length": "1504",
        "Content-Type": "application/json; charset=utf-8",
        "Date": "Fri, 08 Apr 2022 06:23:32 GMT",
        "Expires": "-1",
        "Pragma": "no-cache",
        "Retry-After": "17",
        "Server": "Microsoft-HTTPAPI/2.0",
        "Strict-Transport-Security": "max-age=31536000; includeSubDomains",
        "X-Content-Type-Options": "nosniff",
        "x-ms-client-request-id": "5cd0bdfc6b35a724edf94d0ee5961309",
        "x-ms-correlation-request-id": "2988fbb2-cd9f-4116-9a48-e79e481514cc",
        "x-ms-ratelimit-remaining-subscription-writes": "1196",
        "x-ms-request-id": "e523e391-28d8-43ca-b7fb-dce57381204e",
        "x-ms-routing-request-id": "SOUTHEASTASIA:20220408T062332Z:2988fbb2-cd9f-4116-9a48-e79e481514cc"
      },
      "ResponseBody": {
        "kind": "AzurePowerShell",
        "identity": {
          "type": "userAssigned",
          "tenantId": "72f988bf-86f1-41af-91ab-2d7cd011db47",
          "userAssignedIdentities": {
            "/subscriptions/db1ab6f0-4769-4b27-930e-01e2ef9c123c/resourceGroups/rg-for-DeployScript/providers/Microsoft.ManagedIdentity/userAssignedIdentities/test-user-assigned-msi": {
              "principalId": "be5ab340-4985-4e3c-9dbb-e509bb99f222",
              "clientId": "ba0d2dd4-ada7-411c-a0f7-7ab863908246"
            }
          }
        },
        "location": "westus2",
        "properties": {
          "provisioningState": "Creating",
          "azPowerShellVersion": "2.7.0",
          "scriptContent": "param([string] $helloWorld) Write-Output $helloWorld; $DeploymentScriptOutputs[\u0027output\u0027] = $helloWorld",
          "arguments": "\u0027Hello World\u0027",
          "retentionInterval": "P1DT2H",
          "timeout": "P1D",
          "containerSettings": {},
          "status": {},
          "cleanupPreference": "Always"
        },
        "systemData": {
          "createdBy": "8e6d47e0-7969-4fde-a62c-4fea4f165e98",
          "createdByType": "Application",
          "createdAt": "2022-04-08T06:23:30.0551495Z",
          "lastModifiedBy": "8e6d47e0-7969-4fde-a62c-4fea4f165e98",
          "lastModifiedByType": "Application",
          "lastModifiedAt": "2022-04-08T06:23:30.0551495Z"
        },
        "id": "/subscriptions/db1ab6f0-4769-4b27-930e-01e2ef9c123c/resourceGroups/testRg-5-2253/providers/Microsoft.Resources/deploymentScripts/deployScript-D-5070",
        "type": "Microsoft.Resources/deploymentScripts",
        "name": "deployScript-D-5070"
      }
    },
    {
      "RequestUri": "https://management.azure.com/subscriptions/db1ab6f0-4769-4b27-930e-01e2ef9c123c/providers/Microsoft.Resources/locations/westus2/deploymentScriptOperationResults/78b48f24-2228-4f6b-b302-61bc65195fa8?api-version=2020-10-01",
      "RequestMethod": "GET",
      "RequestHeaders": {
        "Authorization": "Sanitized",
        "traceparent": "00-b4153192ebeee249be7698cf9ee6ff35-7ae06484d70d4744-00",
        "User-Agent": "azsdk-net-ResourceManager/1.0.0 (.NET Core 3.1.0; Microsoft Windows 10.0.22000)",
        "x-ms-client-request-id": "875c2802b9f1b6c3c2de7909efaface4",
        "x-ms-return-client-request-id": "true"
      },
      "RequestBody": null,
      "StatusCode": 200,
      "ResponseHeaders": {
        "Cache-Control": "no-cache",
        "Content-Length": "261",
        "Content-Type": "application/json; charset=utf-8",
        "Date": "Fri, 08 Apr 2022 06:23:32 GMT",
        "Expires": "-1",
        "Pragma": "no-cache",
        "Server": "Microsoft-HTTPAPI/2.0",
        "Strict-Transport-Security": "max-age=31536000; includeSubDomains",
        "X-Content-Type-Options": "nosniff",
        "x-ms-client-request-id": "875c2802b9f1b6c3c2de7909efaface4",
        "x-ms-correlation-request-id": "ec5277d4-b246-467b-b1fd-2f98c9be83aa",
        "x-ms-ratelimit-remaining-subscription-reads": "11996",
        "x-ms-request-id": "fd2407c1-36d4-4600-89cb-035953f2289f",
        "x-ms-routing-request-id": "SOUTHEASTASIA:20220408T062333Z:ec5277d4-b246-467b-b1fd-2f98c9be83aa"
      },
      "ResponseBody": {
        "id": "/subscriptions/db1ab6f0-4769-4b27-930e-01e2ef9c123c/providers/Microsoft.Resources/locations/westus2/deploymentScriptOperationResults/78b48f24-2228-4f6b-b302-61bc65195fa8",
        "name": "78b48f24-2228-4f6b-b302-61bc65195fa8",
        "status": "creating"
      }
    },
    {
      "RequestUri": "https://management.azure.com/subscriptions/db1ab6f0-4769-4b27-930e-01e2ef9c123c/providers/Microsoft.Resources/locations/westus2/deploymentScriptOperationResults/78b48f24-2228-4f6b-b302-61bc65195fa8?api-version=2020-10-01",
      "RequestMethod": "GET",
      "RequestHeaders": {
        "Authorization": "Sanitized",
        "traceparent": "00-b4153192ebeee249be7698cf9ee6ff35-b3a6774d6d1cfb4f-00",
        "User-Agent": "azsdk-net-ResourceManager/1.0.0 (.NET Core 3.1.0; Microsoft Windows 10.0.22000)",
        "x-ms-client-request-id": "f27c43b61d0711f6dddea9e0c72d3990",
        "x-ms-return-client-request-id": "true"
      },
      "RequestBody": null,
      "StatusCode": 200,
      "ResponseHeaders": {
        "Cache-Control": "no-cache",
        "Content-Length": "261",
        "Content-Type": "application/json; charset=utf-8",
        "Date": "Fri, 08 Apr 2022 06:23:33 GMT",
        "Expires": "-1",
        "Pragma": "no-cache",
        "Server": "Microsoft-HTTPAPI/2.0",
        "Strict-Transport-Security": "max-age=31536000; includeSubDomains",
        "X-Content-Type-Options": "nosniff",
        "x-ms-client-request-id": "f27c43b61d0711f6dddea9e0c72d3990",
        "x-ms-correlation-request-id": "3a649546-2937-48b1-8a4e-e682c4c2c5a1",
        "x-ms-ratelimit-remaining-subscription-reads": "11995",
        "x-ms-request-id": "773a213b-cdc1-4e9b-9d55-659e32300892",
        "x-ms-routing-request-id": "SOUTHEASTASIA:20220408T062334Z:3a649546-2937-48b1-8a4e-e682c4c2c5a1"
      },
      "ResponseBody": {
        "id": "/subscriptions/db1ab6f0-4769-4b27-930e-01e2ef9c123c/providers/Microsoft.Resources/locations/westus2/deploymentScriptOperationResults/78b48f24-2228-4f6b-b302-61bc65195fa8",
        "name": "78b48f24-2228-4f6b-b302-61bc65195fa8",
        "status": "creating"
      }
    },
    {
      "RequestUri": "https://management.azure.com/subscriptions/db1ab6f0-4769-4b27-930e-01e2ef9c123c/providers/Microsoft.Resources/locations/westus2/deploymentScriptOperationResults/78b48f24-2228-4f6b-b302-61bc65195fa8?api-version=2020-10-01",
      "RequestMethod": "GET",
      "RequestHeaders": {
        "Authorization": "Sanitized",
        "traceparent": "00-b4153192ebeee249be7698cf9ee6ff35-5bbc67195ca97041-00",
        "User-Agent": "azsdk-net-ResourceManager/1.0.0 (.NET Core 3.1.0; Microsoft Windows 10.0.22000)",
        "x-ms-client-request-id": "bd0ca08e8b394b1897c69c9f71d50203",
        "x-ms-return-client-request-id": "true"
      },
      "RequestBody": null,
      "StatusCode": 200,
      "ResponseHeaders": {
        "Cache-Control": "no-cache",
        "Content-Length": "274",
        "Content-Type": "application/json; charset=utf-8",
        "Date": "Fri, 08 Apr 2022 06:23:35 GMT",
        "Expires": "-1",
        "Pragma": "no-cache",
        "Server": "Microsoft-HTTPAPI/2.0",
        "Strict-Transport-Security": "max-age=31536000; includeSubDomains",
        "X-Content-Type-Options": "nosniff",
        "x-ms-client-request-id": "bd0ca08e8b394b1897c69c9f71d50203",
        "x-ms-correlation-request-id": "ea338db2-481f-4f7c-a2b5-a9e8553454e9",
        "x-ms-ratelimit-remaining-subscription-reads": "11994",
        "x-ms-request-id": "0f8f0662-4bde-41ad-b033-d19e3d8abc73",
        "x-ms-routing-request-id": "SOUTHEASTASIA:20220408T062335Z:ea338db2-481f-4f7c-a2b5-a9e8553454e9"
      },
      "ResponseBody": {
        "id": "/subscriptions/db1ab6f0-4769-4b27-930e-01e2ef9c123c/providers/Microsoft.Resources/locations/westus2/deploymentScriptOperationResults/78b48f24-2228-4f6b-b302-61bc65195fa8",
        "name": "78b48f24-2228-4f6b-b302-61bc65195fa8",
        "status": "provisioningResources"
      }
    },
    {
      "RequestUri": "https://management.azure.com/subscriptions/db1ab6f0-4769-4b27-930e-01e2ef9c123c/providers/Microsoft.Resources/locations/westus2/deploymentScriptOperationResults/78b48f24-2228-4f6b-b302-61bc65195fa8?api-version=2020-10-01",
      "RequestMethod": "GET",
      "RequestHeaders": {
        "Authorization": "Sanitized",
        "traceparent": "00-b4153192ebeee249be7698cf9ee6ff35-7d1185104096fc43-00",
        "User-Agent": "azsdk-net-ResourceManager/1.0.0 (.NET Core 3.1.0; Microsoft Windows 10.0.22000)",
        "x-ms-client-request-id": "2a40bfa878e0e5a5314baa120fe2ee94",
        "x-ms-return-client-request-id": "true"
      },
      "RequestBody": null,
      "StatusCode": 200,
      "ResponseHeaders": {
        "Cache-Control": "no-cache",
        "Content-Length": "274",
        "Content-Type": "application/json; charset=utf-8",
        "Date": "Fri, 08 Apr 2022 06:23:36 GMT",
        "Expires": "-1",
        "Pragma": "no-cache",
        "Server": "Microsoft-HTTPAPI/2.0",
        "Strict-Transport-Security": "max-age=31536000; includeSubDomains",
        "X-Content-Type-Options": "nosniff",
        "x-ms-client-request-id": "2a40bfa878e0e5a5314baa120fe2ee94",
        "x-ms-correlation-request-id": "6cec12b7-fded-4447-a1e3-c2f44a26ee7d",
        "x-ms-ratelimit-remaining-subscription-reads": "11993",
        "x-ms-request-id": "e3dd1a4a-3759-4ee8-9ba0-837db4b51f35",
        "x-ms-routing-request-id": "SOUTHEASTASIA:20220408T062337Z:6cec12b7-fded-4447-a1e3-c2f44a26ee7d"
      },
      "ResponseBody": {
        "id": "/subscriptions/db1ab6f0-4769-4b27-930e-01e2ef9c123c/providers/Microsoft.Resources/locations/westus2/deploymentScriptOperationResults/78b48f24-2228-4f6b-b302-61bc65195fa8",
        "name": "78b48f24-2228-4f6b-b302-61bc65195fa8",
        "status": "provisioningResources"
      }
    },
    {
      "RequestUri": "https://management.azure.com/subscriptions/db1ab6f0-4769-4b27-930e-01e2ef9c123c/providers/Microsoft.Resources/locations/westus2/deploymentScriptOperationResults/78b48f24-2228-4f6b-b302-61bc65195fa8?api-version=2020-10-01",
      "RequestMethod": "GET",
      "RequestHeaders": {
        "Authorization": "Sanitized",
        "traceparent": "00-b4153192ebeee249be7698cf9ee6ff35-cce0d37dbd0f9344-00",
        "User-Agent": "azsdk-net-ResourceManager/1.0.0 (.NET Core 3.1.0; Microsoft Windows 10.0.22000)",
        "x-ms-client-request-id": "4f7be9a4efa22aaa2b305a4080579f08",
        "x-ms-return-client-request-id": "true"
      },
      "RequestBody": null,
      "StatusCode": 200,
      "ResponseHeaders": {
        "Cache-Control": "no-cache",
        "Content-Length": "274",
        "Content-Type": "application/json; charset=utf-8",
        "Date": "Fri, 08 Apr 2022 06:23:38 GMT",
        "Expires": "-1",
        "Pragma": "no-cache",
        "Server": "Microsoft-HTTPAPI/2.0",
        "Strict-Transport-Security": "max-age=31536000; includeSubDomains",
        "X-Content-Type-Options": "nosniff",
        "x-ms-client-request-id": "4f7be9a4efa22aaa2b305a4080579f08",
        "x-ms-correlation-request-id": "f3732493-2bb8-45aa-9e75-86599542881b",
        "x-ms-ratelimit-remaining-subscription-reads": "11992",
        "x-ms-request-id": "a6e52b24-4bc0-4f87-8e53-5dc49f589cea",
        "x-ms-routing-request-id": "SOUTHEASTASIA:20220408T062339Z:f3732493-2bb8-45aa-9e75-86599542881b"
      },
      "ResponseBody": {
        "id": "/subscriptions/db1ab6f0-4769-4b27-930e-01e2ef9c123c/providers/Microsoft.Resources/locations/westus2/deploymentScriptOperationResults/78b48f24-2228-4f6b-b302-61bc65195fa8",
        "name": "78b48f24-2228-4f6b-b302-61bc65195fa8",
        "status": "provisioningResources"
      }
    },
    {
      "RequestUri": "https://management.azure.com/subscriptions/db1ab6f0-4769-4b27-930e-01e2ef9c123c/providers/Microsoft.Resources/locations/westus2/deploymentScriptOperationResults/78b48f24-2228-4f6b-b302-61bc65195fa8?api-version=2020-10-01",
      "RequestMethod": "GET",
      "RequestHeaders": {
        "Authorization": "Sanitized",
        "traceparent": "00-b4153192ebeee249be7698cf9ee6ff35-647d9478a54a8541-00",
        "User-Agent": "azsdk-net-ResourceManager/1.0.0 (.NET Core 3.1.0; Microsoft Windows 10.0.22000)",
        "x-ms-client-request-id": "0737a6db0fed15affa278ceee1053cb4",
        "x-ms-return-client-request-id": "true"
      },
      "RequestBody": null,
      "StatusCode": 200,
      "ResponseHeaders": {
        "Cache-Control": "no-cache",
        "Content-Length": "274",
        "Content-Type": "application/json; charset=utf-8",
        "Date": "Fri, 08 Apr 2022 06:23:43 GMT",
        "Expires": "-1",
        "Pragma": "no-cache",
        "Server": "Microsoft-HTTPAPI/2.0",
        "Strict-Transport-Security": "max-age=31536000; includeSubDomains",
        "X-Content-Type-Options": "nosniff",
        "x-ms-client-request-id": "0737a6db0fed15affa278ceee1053cb4",
        "x-ms-correlation-request-id": "f47984cd-5a30-41d5-b04c-d80b1ab1f33f",
        "x-ms-ratelimit-remaining-subscription-reads": "11991",
        "x-ms-request-id": "31d32b47-d02d-489b-9fd4-438cbe9cf8ff",
        "x-ms-routing-request-id": "SOUTHEASTASIA:20220408T062343Z:f47984cd-5a30-41d5-b04c-d80b1ab1f33f"
      },
      "ResponseBody": {
        "id": "/subscriptions/db1ab6f0-4769-4b27-930e-01e2ef9c123c/providers/Microsoft.Resources/locations/westus2/deploymentScriptOperationResults/78b48f24-2228-4f6b-b302-61bc65195fa8",
        "name": "78b48f24-2228-4f6b-b302-61bc65195fa8",
        "status": "provisioningResources"
      }
    },
    {
      "RequestUri": "https://management.azure.com/subscriptions/db1ab6f0-4769-4b27-930e-01e2ef9c123c/providers/Microsoft.Resources/locations/westus2/deploymentScriptOperationResults/78b48f24-2228-4f6b-b302-61bc65195fa8?api-version=2020-10-01",
      "RequestMethod": "GET",
      "RequestHeaders": {
        "Authorization": "Sanitized",
        "traceparent": "00-b4153192ebeee249be7698cf9ee6ff35-6c093c814484a544-00",
        "User-Agent": "azsdk-net-ResourceManager/1.0.0 (.NET Core 3.1.0; Microsoft Windows 10.0.22000)",
        "x-ms-client-request-id": "87fa07d7b35ab9601415feb01e6564d9",
        "x-ms-return-client-request-id": "true"
      },
      "RequestBody": null,
      "StatusCode": 200,
      "ResponseHeaders": {
        "Cache-Control": "no-cache",
        "Content-Length": "274",
        "Content-Type": "application/json; charset=utf-8",
        "Date": "Fri, 08 Apr 2022 06:23:51 GMT",
        "Expires": "-1",
        "Pragma": "no-cache",
        "Server": "Microsoft-HTTPAPI/2.0",
        "Strict-Transport-Security": "max-age=31536000; includeSubDomains",
        "X-Content-Type-Options": "nosniff",
        "x-ms-client-request-id": "87fa07d7b35ab9601415feb01e6564d9",
        "x-ms-correlation-request-id": "76dd01fd-fd40-47e9-b79c-fc164c77623b",
        "x-ms-ratelimit-remaining-subscription-reads": "11990",
        "x-ms-request-id": "c40047ea-b80d-4f7e-b9bb-de856a63f5de",
        "x-ms-routing-request-id": "SOUTHEASTASIA:20220408T062352Z:76dd01fd-fd40-47e9-b79c-fc164c77623b"
      },
      "ResponseBody": {
        "id": "/subscriptions/db1ab6f0-4769-4b27-930e-01e2ef9c123c/providers/Microsoft.Resources/locations/westus2/deploymentScriptOperationResults/78b48f24-2228-4f6b-b302-61bc65195fa8",
        "name": "78b48f24-2228-4f6b-b302-61bc65195fa8",
        "status": "provisioningResources"
      }
    },
    {
      "RequestUri": "https://management.azure.com/subscriptions/db1ab6f0-4769-4b27-930e-01e2ef9c123c/providers/Microsoft.Resources/locations/westus2/deploymentScriptOperationResults/78b48f24-2228-4f6b-b302-61bc65195fa8?api-version=2020-10-01",
      "RequestMethod": "GET",
      "RequestHeaders": {
        "Authorization": "Sanitized",
        "traceparent": "00-b4153192ebeee249be7698cf9ee6ff35-35cd992fbfed684c-00",
        "User-Agent": "azsdk-net-ResourceManager/1.0.0 (.NET Core 3.1.0; Microsoft Windows 10.0.22000)",
        "x-ms-client-request-id": "6937a1abe6aa94a73a66547a63bc4925",
        "x-ms-return-client-request-id": "true"
      },
      "RequestBody": null,
      "StatusCode": 200,
      "ResponseHeaders": {
        "Cache-Control": "no-cache",
        "Content-Length": "274",
        "Content-Type": "application/json; charset=utf-8",
        "Date": "Fri, 08 Apr 2022 06:24:08 GMT",
        "Expires": "-1",
        "Pragma": "no-cache",
        "Server": "Microsoft-HTTPAPI/2.0",
        "Strict-Transport-Security": "max-age=31536000; includeSubDomains",
        "X-Content-Type-Options": "nosniff",
        "x-ms-client-request-id": "6937a1abe6aa94a73a66547a63bc4925",
        "x-ms-correlation-request-id": "5626e524-fee3-4548-8809-4a51c15f718e",
        "x-ms-ratelimit-remaining-subscription-reads": "11989",
        "x-ms-request-id": "aeff86cb-8826-44f4-a213-150656ffa2f6",
        "x-ms-routing-request-id": "SOUTHEASTASIA:20220408T062408Z:5626e524-fee3-4548-8809-4a51c15f718e"
      },
      "ResponseBody": {
        "id": "/subscriptions/db1ab6f0-4769-4b27-930e-01e2ef9c123c/providers/Microsoft.Resources/locations/westus2/deploymentScriptOperationResults/78b48f24-2228-4f6b-b302-61bc65195fa8",
        "name": "78b48f24-2228-4f6b-b302-61bc65195fa8",
        "status": "provisioningResources"
      }
    },
    {
      "RequestUri": "https://management.azure.com/subscriptions/db1ab6f0-4769-4b27-930e-01e2ef9c123c/providers/Microsoft.Resources/locations/westus2/deploymentScriptOperationResults/78b48f24-2228-4f6b-b302-61bc65195fa8?api-version=2020-10-01",
      "RequestMethod": "GET",
      "RequestHeaders": {
        "Authorization": "Sanitized",
        "traceparent": "00-b4153192ebeee249be7698cf9ee6ff35-df97952947188248-00",
        "User-Agent": "azsdk-net-ResourceManager/1.0.0 (.NET Core 3.1.0; Microsoft Windows 10.0.22000)",
        "x-ms-client-request-id": "7868a5f4185c28ad457ef3d710fef795",
        "x-ms-return-client-request-id": "true"
      },
      "RequestBody": null,
      "StatusCode": 200,
      "ResponseHeaders": {
        "Cache-Control": "no-cache",
        "Content-Length": "260",
        "Content-Type": "application/json; charset=utf-8",
        "Date": "Fri, 08 Apr 2022 06:24:40 GMT",
        "Expires": "-1",
        "Pragma": "no-cache",
        "Server": "Microsoft-HTTPAPI/2.0",
        "Strict-Transport-Security": "max-age=31536000; includeSubDomains",
        "X-Content-Type-Options": "nosniff",
        "x-ms-client-request-id": "7868a5f4185c28ad457ef3d710fef795",
        "x-ms-correlation-request-id": "e1e03264-25ec-40a1-b40d-fee906a18203",
        "x-ms-ratelimit-remaining-subscription-reads": "11988",
        "x-ms-request-id": "50d7da2e-d4d6-47e8-87b0-a24690531081",
        "x-ms-routing-request-id": "SOUTHEASTASIA:20220408T062441Z:e1e03264-25ec-40a1-b40d-fee906a18203"
      },
      "ResponseBody": {
        "id": "/subscriptions/db1ab6f0-4769-4b27-930e-01e2ef9c123c/providers/Microsoft.Resources/locations/westus2/deploymentScriptOperationResults/78b48f24-2228-4f6b-b302-61bc65195fa8",
        "name": "78b48f24-2228-4f6b-b302-61bc65195fa8",
        "status": "running"
      }
    },
    {
      "RequestUri": "https://management.azure.com/subscriptions/db1ab6f0-4769-4b27-930e-01e2ef9c123c/providers/Microsoft.Resources/locations/westus2/deploymentScriptOperationResults/78b48f24-2228-4f6b-b302-61bc65195fa8?api-version=2020-10-01",
      "RequestMethod": "GET",
      "RequestHeaders": {
        "Authorization": "Sanitized",
        "traceparent": "00-b4153192ebeee249be7698cf9ee6ff35-da07761abc920e43-00",
        "User-Agent": "azsdk-net-ResourceManager/1.0.0 (.NET Core 3.1.0; Microsoft Windows 10.0.22000)",
        "x-ms-client-request-id": "3f42b2c2d3cef10a60664df45ee55658",
        "x-ms-return-client-request-id": "true"
      },
      "RequestBody": null,
      "StatusCode": 200,
      "ResponseHeaders": {
        "Cache-Control": "no-cache",
        "Content-Length": "262",
        "Content-Type": "application/json; charset=utf-8",
        "Date": "Fri, 08 Apr 2022 06:25:13 GMT",
        "Expires": "-1",
        "Pragma": "no-cache",
        "Server": "Microsoft-HTTPAPI/2.0",
        "Strict-Transport-Security": "max-age=31536000; includeSubDomains",
        "X-Content-Type-Options": "nosniff",
        "x-ms-client-request-id": "3f42b2c2d3cef10a60664df45ee55658",
        "x-ms-correlation-request-id": "e430a30f-8ab0-4138-aca3-b36c3a3fbddf",
        "x-ms-ratelimit-remaining-subscription-reads": "11987",
        "x-ms-request-id": "185d001b-c3a7-4dc5-8f8e-999943f0b4bf",
        "x-ms-routing-request-id": "SOUTHEASTASIA:20220408T062513Z:e430a30f-8ab0-4138-aca3-b36c3a3fbddf"
      },
      "ResponseBody": {
        "id": "/subscriptions/db1ab6f0-4769-4b27-930e-01e2ef9c123c/providers/Microsoft.Resources/locations/westus2/deploymentScriptOperationResults/78b48f24-2228-4f6b-b302-61bc65195fa8",
        "name": "78b48f24-2228-4f6b-b302-61bc65195fa8",
        "status": "succeeded"
      }
    },
    {
      "RequestUri": "https://management.azure.com/subscriptions/db1ab6f0-4769-4b27-930e-01e2ef9c123c/resourcegroups/testRg-5-2253/providers/Microsoft.Resources/deploymentScripts/deployScript-D-5070?api-version=2020-10-01",
      "RequestMethod": "GET",
      "RequestHeaders": {
        "Authorization": "Sanitized",
        "traceparent": "00-b4153192ebeee249be7698cf9ee6ff35-a147b2d39d930048-00",
        "User-Agent": "azsdk-net-ResourceManager/1.0.0 (.NET Core 3.1.0; Microsoft Windows 10.0.22000)",
        "x-ms-client-request-id": "78bcd9ccecfc937df30e232cf3cf833b",
        "x-ms-return-client-request-id": "true"
      },
      "RequestBody": null,
      "StatusCode": 200,
      "ResponseHeaders": {
        "Cache-Control": "no-cache",
        "Content-Length": "2095",
        "Content-Type": "application/json; charset=utf-8",
        "Date": "Fri, 08 Apr 2022 06:25:13 GMT",
        "Expires": "-1",
        "Pragma": "no-cache",
        "Server": "Microsoft-HTTPAPI/2.0",
        "Strict-Transport-Security": "max-age=31536000; includeSubDomains",
        "X-Content-Type-Options": "nosniff",
        "x-ms-client-request-id": "78bcd9ccecfc937df30e232cf3cf833b",
        "x-ms-correlation-request-id": "651c1c98-9479-42bf-8df3-3642e73b2049",
        "x-ms-ratelimit-remaining-subscription-reads": "11986",
        "x-ms-request-id": "8ec16f07-3eac-493a-975c-6c991ac4fc9a",
        "x-ms-routing-request-id": "SOUTHEASTASIA:20220408T062513Z:651c1c98-9479-42bf-8df3-3642e73b2049"
      },
      "ResponseBody": {
        "kind": "AzurePowerShell",
        "identity": {
          "type": "userAssigned",
          "tenantId": "72f988bf-86f1-41af-91ab-2d7cd011db47",
          "userAssignedIdentities": {
            "/subscriptions/db1ab6f0-4769-4b27-930e-01e2ef9c123c/resourceGroups/rg-for-DeployScript/providers/Microsoft.ManagedIdentity/userAssignedIdentities/test-user-assigned-msi": {
              "principalId": "be5ab340-4985-4e3c-9dbb-e509bb99f222",
              "clientId": "ba0d2dd4-ada7-411c-a0f7-7ab863908246"
            }
          }
        },
        "location": "westus2",
        "properties": {
          "provisioningState": "Succeeded",
          "azPowerShellVersion": "2.7.0",
          "scriptContent": "param([string] $helloWorld) Write-Output $helloWorld; $DeploymentScriptOutputs[\u0027output\u0027] = $helloWorld",
          "arguments": "\u0027Hello World\u0027",
          "retentionInterval": "P1DT2H",
          "timeout": "P1D",
          "containerSettings": {},
          "status": {
            "containerInstanceId": "/subscriptions/db1ab6f0-4769-4b27-930e-01e2ef9c123c/resourceGroups/testRg-5-2253/providers/Microsoft.ContainerInstance/containerGroups/qbhfhzyrwrl2cazscripts",
            "storageAccountId": "/subscriptions/db1ab6f0-4769-4b27-930e-01e2ef9c123c/resourceGroups/testRg-5-2253/providers/Microsoft.Storage/storageAccounts/qbhfhzyrwrl2cazscripts",
            "startTime": "2022-04-08T06:23:34.6471151Z",
            "endTime": "2022-04-08T06:24:44.3606643Z",
            "expirationTime": "2022-04-09T08:24:44.3606643Z"
          },
          "outputs": {
            "output": "Hello World"
          },
          "cleanupPreference": "Always"
        },
        "systemData": {
          "createdBy": "8e6d47e0-7969-4fde-a62c-4fea4f165e98",
          "createdByType": "Application",
          "createdAt": "2022-04-08T06:23:30.0551495Z",
          "lastModifiedBy": "8e6d47e0-7969-4fde-a62c-4fea4f165e98",
          "lastModifiedByType": "Application",
          "lastModifiedAt": "2022-04-08T06:23:30.0551495Z"
        },
        "id": "/subscriptions/db1ab6f0-4769-4b27-930e-01e2ef9c123c/resourceGroups/testRg-5-2253/providers/Microsoft.Resources/deploymentScripts/deployScript-D-5070",
        "type": "Microsoft.Resources/deploymentScripts",
        "name": "deployScript-D-5070"
      }
    },
    {
      "RequestUri": "https://management.azure.com/subscriptions/db1ab6f0-4769-4b27-930e-01e2ef9c123c/resourceGroups/testRg-5-2253/providers/Microsoft.Resources/deploymentScripts/deployScript-D-5070/providers/Microsoft.Resources/tags/default?api-version=2021-04-01",
      "RequestMethod": "GET",
      "RequestHeaders": {
        "Accept": "application/json",
        "Authorization": "Sanitized",
        "traceparent": "00-f9fff62c64eea54f95444290e780bede-0dc4f5e79e167c4a-00",
        "User-Agent": "azsdk-net-ResourceManager/1.0.0 (.NET Core 3.1.0; Microsoft Windows 10.0.22000)",
        "x-ms-client-request-id": "0a79b0b82157779b18f6cab9c95f289a",
        "x-ms-return-client-request-id": "true"
      },
      "RequestBody": null,
      "StatusCode": 200,
      "ResponseHeaders": {
        "Cache-Control": "no-cache",
        "Content-Length": "267",
        "Content-Type": "application/json; charset=utf-8",
        "Date": "Fri, 08 Apr 2022 06:25:13 GMT",
        "Expires": "-1",
        "Pragma": "no-cache",
        "Strict-Transport-Security": "max-age=31536000; includeSubDomains",
        "X-Content-Type-Options": "nosniff",
        "x-ms-correlation-request-id": "20b80ced-4c11-49e7-8ceb-486b53821568",
        "x-ms-ratelimit-remaining-subscription-reads": "11985",
        "x-ms-request-id": "20b80ced-4c11-49e7-8ceb-486b53821568",
        "x-ms-routing-request-id": "SOUTHEASTASIA:20220408T062514Z:20b80ced-4c11-49e7-8ceb-486b53821568"
      },
      "ResponseBody": {
        "id": "/subscriptions/db1ab6f0-4769-4b27-930e-01e2ef9c123c/resourceGroups/testRg-5-2253/providers/Microsoft.Resources/deploymentScripts/deployScript-D-5070/providers/Microsoft.Resources/tags/default",
        "name": "default",
        "type": "Microsoft.Resources/tags",
        "properties": {}
      }
    },
    {
      "RequestUri": "https://management.azure.com/subscriptions/db1ab6f0-4769-4b27-930e-01e2ef9c123c/resourceGroups/testRg-5-2253/providers/Microsoft.Resources/deploymentScripts/deployScript-D-5070/providers/Microsoft.Resources/tags/default?api-version=2021-04-01",
      "RequestMethod": "PUT",
      "RequestHeaders": {
        "Accept": "application/json",
        "Authorization": "Sanitized",
        "Content-Length": "55",
        "Content-Type": "application/json",
        "traceparent": "00-f9fff62c64eea54f95444290e780bede-5590e408ee844141-00",
        "User-Agent": "azsdk-net-ResourceManager/1.0.0 (.NET Core 3.1.0; Microsoft Windows 10.0.22000)",
        "x-ms-client-request-id": "7f42370bd699ae354bbfafddfd90e211",
        "x-ms-return-client-request-id": "true"
      },
      "RequestBody": {
        "properties": {
          "tags": {
            "TagKey-7378": "TagValue-8990"
          }
        }
      },
      "StatusCode": 200,
      "ResponseHeaders": {
        "Cache-Control": "no-cache",
        "Content-Length": "305",
        "Content-Type": "application/json; charset=utf-8",
        "Date": "Fri, 08 Apr 2022 06:25:16 GMT",
        "Expires": "-1",
        "Pragma": "no-cache",
        "Strict-Transport-Security": "max-age=31536000; includeSubDomains",
        "X-Content-Type-Options": "nosniff",
        "x-ms-correlation-request-id": "cfb6ddb6-7992-44bc-b7f4-d9aa5858c473",
        "x-ms-ratelimit-remaining-subscription-writes": "1195",
        "x-ms-request-id": "cfb6ddb6-7992-44bc-b7f4-d9aa5858c473",
        "x-ms-routing-request-id": "SOUTHEASTASIA:20220408T062517Z:cfb6ddb6-7992-44bc-b7f4-d9aa5858c473"
      },
      "ResponseBody": {
        "id": "/subscriptions/db1ab6f0-4769-4b27-930e-01e2ef9c123c/resourceGroups/testRg-5-2253/providers/Microsoft.Resources/deploymentScripts/deployScript-D-5070/providers/Microsoft.Resources/tags/default",
        "name": "default",
        "type": "Microsoft.Resources/tags",
        "properties": {
          "tags": {
            "TagKey-7378": "TagValue-8990"
          }
        }
      }
    },
    {
      "RequestUri": "https://management.azure.com/subscriptions/db1ab6f0-4769-4b27-930e-01e2ef9c123c/resourcegroups/testRg-5-2253/providers/Microsoft.Resources/deploymentScripts/deployScript-D-5070?api-version=2020-10-01",
      "RequestMethod": "GET",
      "RequestHeaders": {
        "Accept": "application/json",
        "Authorization": "Sanitized",
        "traceparent": "00-f9fff62c64eea54f95444290e780bede-1ec6faebd30e1049-00",
        "User-Agent": "azsdk-net-ResourceManager.Resources/1.1.0-alpha.20220408.1 (.NET Core 3.1.0; Microsoft Windows 10.0.22000)",
        "x-ms-client-request-id": "a52d9f85c1de9a82dc84d386c93a45c4",
        "x-ms-return-client-request-id": "true"
      },
      "RequestBody": null,
      "StatusCode": 200,
      "ResponseHeaders": {
        "Cache-Control": "no-cache",
        "Content-Length": "2150",
        "Content-Type": "application/json; charset=utf-8",
        "Date": "Fri, 08 Apr 2022 06:25:17 GMT",
        "Expires": "-1",
        "Pragma": "no-cache",
        "Server": "Microsoft-HTTPAPI/2.0",
        "Strict-Transport-Security": "max-age=31536000; includeSubDomains",
        "X-Content-Type-Options": "nosniff",
        "x-ms-client-request-id": "a52d9f85c1de9a82dc84d386c93a45c4",
        "x-ms-correlation-request-id": "b82bcd5b-ed3c-4990-aa14-4a9df9ebae04",
        "x-ms-ratelimit-remaining-subscription-reads": "11984",
        "x-ms-request-id": "89b8ea65-71bd-40d4-a7ce-0d93f24ab4f7",
        "x-ms-routing-request-id": "SOUTHEASTASIA:20220408T062517Z:b82bcd5b-ed3c-4990-aa14-4a9df9ebae04"
      },
      "ResponseBody": {
        "kind": "AzurePowerShell",
        "identity": {
          "type": "userAssigned",
          "tenantId": "72f988bf-86f1-41af-91ab-2d7cd011db47",
          "userAssignedIdentities": {
            "/subscriptions/db1ab6f0-4769-4b27-930e-01e2ef9c123c/resourceGroups/rg-for-DeployScript/providers/Microsoft.ManagedIdentity/userAssignedIdentities/test-user-assigned-msi": {
              "principalId": "be5ab340-4985-4e3c-9dbb-e509bb99f222",
              "clientId": "ba0d2dd4-ada7-411c-a0f7-7ab863908246"
            }
          }
        },
        "location": "westus2",
        "tags": {
          "TagKey-7378": "TagValue-8990"
        },
        "properties": {
          "provisioningState": "Succeeded",
          "azPowerShellVersion": "2.7.0",
          "scriptContent": "param([string] $helloWorld) Write-Output $helloWorld; $DeploymentScriptOutputs[\u0027output\u0027] = $helloWorld",
          "arguments": "\u0027Hello World\u0027",
          "retentionInterval": "P1DT2H",
          "timeout": "P1D",
          "containerSettings": {},
          "status": {
            "containerInstanceId": "/subscriptions/db1ab6f0-4769-4b27-930e-01e2ef9c123c/resourceGroups/testRg-5-2253/providers/Microsoft.ContainerInstance/containerGroups/qbhfhzyrwrl2cazscripts",
            "storageAccountId": "/subscriptions/db1ab6f0-4769-4b27-930e-01e2ef9c123c/resourceGroups/testRg-5-2253/providers/Microsoft.Storage/storageAccounts/qbhfhzyrwrl2cazscripts",
            "startTime": "2022-04-08T06:23:34.6471151Z",
            "endTime": "2022-04-08T06:24:44.3606643Z",
            "expirationTime": "2022-04-09T08:24:44.3606643Z"
          },
          "outputs": {
            "output": "Hello World"
          },
          "cleanupPreference": "Always"
        },
        "systemData": {
          "createdBy": "8e6d47e0-7969-4fde-a62c-4fea4f165e98",
          "createdByType": "Application",
          "createdAt": "2022-04-08T06:23:30.0551495Z",
          "lastModifiedBy": "8e6d47e0-7969-4fde-a62c-4fea4f165e98",
          "lastModifiedByType": "Application",
          "lastModifiedAt": "2022-04-08T06:25:15.2751725Z"
        },
        "id": "/subscriptions/db1ab6f0-4769-4b27-930e-01e2ef9c123c/resourceGroups/testRg-5-2253/providers/Microsoft.Resources/deploymentScripts/deployScript-D-5070",
        "type": "Microsoft.Resources/deploymentScripts",
        "name": "deployScript-D-5070"
      }
    },
    {
      "RequestUri": "https://management.azure.com/subscriptions/db1ab6f0-4769-4b27-930e-01e2ef9c123c/resourceGroups/testRg-5-2253/providers/Microsoft.Resources/deploymentScripts/deployScript-D-5070/providers/Microsoft.Resources/tags/default?api-version=2021-04-01",
      "RequestMethod": "GET",
      "RequestHeaders": {
        "Accept": "application/json",
        "Authorization": "Sanitized",
        "traceparent": "00-1451bdd8754cea478bb530e4fe7f5f51-1468e4f306ce4746-00",
        "User-Agent": "azsdk-net-ResourceManager/1.0.0 (.NET Core 3.1.0; Microsoft Windows 10.0.22000)",
        "x-ms-client-request-id": "4cc45804eff9e1257bcbbe9771be7a87",
        "x-ms-return-client-request-id": "true"
      },
      "RequestBody": null,
      "StatusCode": 200,
      "ResponseHeaders": {
        "Cache-Control": "no-cache",
        "Content-Length": "305",
        "Content-Type": "application/json; charset=utf-8",
        "Date": "Fri, 08 Apr 2022 06:25:17 GMT",
        "Expires": "-1",
        "Pragma": "no-cache",
        "Strict-Transport-Security": "max-age=31536000; includeSubDomains",
        "X-Content-Type-Options": "nosniff",
        "x-ms-correlation-request-id": "60630869-5365-4b24-a076-46976499a5b4",
        "x-ms-ratelimit-remaining-subscription-reads": "11983",
        "x-ms-request-id": "60630869-5365-4b24-a076-46976499a5b4",
        "x-ms-routing-request-id": "SOUTHEASTASIA:20220408T062518Z:60630869-5365-4b24-a076-46976499a5b4"
      },
      "ResponseBody": {
        "id": "/subscriptions/db1ab6f0-4769-4b27-930e-01e2ef9c123c/resourceGroups/testRg-5-2253/providers/Microsoft.Resources/deploymentScripts/deployScript-D-5070/providers/Microsoft.Resources/tags/default",
        "name": "default",
        "type": "Microsoft.Resources/tags",
        "properties": {
          "tags": {
            "TagKey-7378": "TagValue-8990"
          }
        }
      }
    },
    {
      "RequestUri": "https://management.azure.com/subscriptions/db1ab6f0-4769-4b27-930e-01e2ef9c123c/resourceGroups/testRg-5-2253/providers/Microsoft.Resources/deploymentScripts/deployScript-D-5070/providers/Microsoft.Resources/tags/default?api-version=2021-04-01",
      "RequestMethod": "PUT",
      "RequestHeaders": {
        "Accept": "application/json",
        "Authorization": "Sanitized",
        "Content-Length": "26",
        "Content-Type": "application/json",
        "traceparent": "00-1451bdd8754cea478bb530e4fe7f5f51-39e51ff11c0c4148-00",
        "User-Agent": "azsdk-net-ResourceManager/1.0.0 (.NET Core 3.1.0; Microsoft Windows 10.0.22000)",
        "x-ms-client-request-id": "2a34b914823149bcb5a7a21502aee511",
        "x-ms-return-client-request-id": "true"
      },
      "RequestBody": {
        "properties": {
          "tags": {}
        }
      },
      "StatusCode": 200,
      "ResponseHeaders": {
        "Cache-Control": "no-cache",
        "Content-Length": "276",
        "Content-Type": "application/json; charset=utf-8",
        "Date": "Fri, 08 Apr 2022 06:25:20 GMT",
        "Expires": "-1",
        "Pragma": "no-cache",
        "Strict-Transport-Security": "max-age=31536000; includeSubDomains",
        "X-Content-Type-Options": "nosniff",
        "x-ms-correlation-request-id": "93119702-6a01-45af-b026-d64800cbcaf4",
        "x-ms-ratelimit-remaining-subscription-writes": "1194",
        "x-ms-request-id": "93119702-6a01-45af-b026-d64800cbcaf4",
        "x-ms-routing-request-id": "SOUTHEASTASIA:20220408T062521Z:93119702-6a01-45af-b026-d64800cbcaf4"
      },
      "ResponseBody": {
        "id": "/subscriptions/db1ab6f0-4769-4b27-930e-01e2ef9c123c/resourceGroups/testRg-5-2253/providers/Microsoft.Resources/deploymentScripts/deployScript-D-5070/providers/Microsoft.Resources/tags/default",
        "name": "default",
        "type": "Microsoft.Resources/tags",
        "properties": {
          "tags": {}
        }
      }
    },
    {
      "RequestUri": "https://management.azure.com/subscriptions/db1ab6f0-4769-4b27-930e-01e2ef9c123c/resourcegroups/testRg-5-2253/providers/Microsoft.Resources/deploymentScripts/deployScript-D-5070?api-version=2020-10-01",
      "RequestMethod": "GET",
      "RequestHeaders": {
        "Accept": "application/json",
        "Authorization": "Sanitized",
        "traceparent": "00-1451bdd8754cea478bb530e4fe7f5f51-4e2bb6b34fa10d40-00",
        "User-Agent": "azsdk-net-ResourceManager.Resources/1.1.0-alpha.20220408.1 (.NET Core 3.1.0; Microsoft Windows 10.0.22000)",
        "x-ms-client-request-id": "a4d9eb7a96cc95187a4c291303ea291e",
        "x-ms-return-client-request-id": "true"
      },
      "RequestBody": null,
      "StatusCode": 200,
      "ResponseHeaders": {
        "Cache-Control": "no-cache",
        "Content-Length": "2110",
        "Content-Type": "application/json; charset=utf-8",
        "Date": "Fri, 08 Apr 2022 06:25:20 GMT",
        "Expires": "-1",
        "Pragma": "no-cache",
        "Server": "Microsoft-HTTPAPI/2.0",
        "Strict-Transport-Security": "max-age=31536000; includeSubDomains",
        "X-Content-Type-Options": "nosniff",
        "x-ms-client-request-id": "a4d9eb7a96cc95187a4c291303ea291e",
        "x-ms-correlation-request-id": "0fe25adb-70d0-446b-a260-a6825434716b",
        "x-ms-ratelimit-remaining-subscription-reads": "11982",
        "x-ms-request-id": "f8ca84e9-cdcd-4a23-8e5e-4cf9505bb770",
        "x-ms-routing-request-id": "SOUTHEASTASIA:20220408T062521Z:0fe25adb-70d0-446b-a260-a6825434716b"
      },
      "ResponseBody": {
        "kind": "AzurePowerShell",
        "identity": {
          "type": "userAssigned",
          "tenantId": "72f988bf-86f1-41af-91ab-2d7cd011db47",
          "userAssignedIdentities": {
            "/subscriptions/db1ab6f0-4769-4b27-930e-01e2ef9c123c/resourceGroups/rg-for-DeployScript/providers/Microsoft.ManagedIdentity/userAssignedIdentities/test-user-assigned-msi": {
              "principalId": "be5ab340-4985-4e3c-9dbb-e509bb99f222",
              "clientId": "ba0d2dd4-ada7-411c-a0f7-7ab863908246"
            }
          }
        },
        "location": "westus2",
        "tags": {},
        "properties": {
          "provisioningState": "Succeeded",
          "azPowerShellVersion": "2.7.0",
          "scriptContent": "param([string] $helloWorld) Write-Output $helloWorld; $DeploymentScriptOutputs[\u0027output\u0027] = $helloWorld",
          "arguments": "\u0027Hello World\u0027",
          "retentionInterval": "P1DT2H",
          "timeout": "P1D",
          "containerSettings": {},
          "status": {
            "containerInstanceId": "/subscriptions/db1ab6f0-4769-4b27-930e-01e2ef9c123c/resourceGroups/testRg-5-2253/providers/Microsoft.ContainerInstance/containerGroups/qbhfhzyrwrl2cazscripts",
            "storageAccountId": "/subscriptions/db1ab6f0-4769-4b27-930e-01e2ef9c123c/resourceGroups/testRg-5-2253/providers/Microsoft.Storage/storageAccounts/qbhfhzyrwrl2cazscripts",
            "startTime": "2022-04-08T06:23:34.6471151Z",
            "endTime": "2022-04-08T06:24:44.3606643Z",
            "expirationTime": "2022-04-09T08:24:44.3606643Z"
          },
          "outputs": {
            "output": "Hello World"
          },
          "cleanupPreference": "Always"
        },
        "systemData": {
          "createdBy": "8e6d47e0-7969-4fde-a62c-4fea4f165e98",
          "createdByType": "Application",
          "createdAt": "2022-04-08T06:23:30.0551495Z",
          "lastModifiedBy": "8e6d47e0-7969-4fde-a62c-4fea4f165e98",
          "lastModifiedByType": "Application",
          "lastModifiedAt": "2022-04-08T06:25:19.1971227Z"
        },
        "id": "/subscriptions/db1ab6f0-4769-4b27-930e-01e2ef9c123c/resourceGroups/testRg-5-2253/providers/Microsoft.Resources/deploymentScripts/deployScript-D-5070",
        "type": "Microsoft.Resources/deploymentScripts",
        "name": "deployScript-D-5070"
      }
    }
  ],
  "Variables": {
    "RandomSeed": "1008066892",
    "RESOURCE_MANAGER_URL": null,
    "SUBSCRIPTION_ID": "db1ab6f0-4769-4b27-930e-01e2ef9c123c"
  }
}
