{
  "Entries": [
    {
      "RequestUri": "/subscriptions/1c638cf4-608f-4ee6-b680-c329e824c3a8/resourcegroups/rgcomv2be28164d26d2f2b?api-version=2016-02-01",
      "EncodedRequestUri": "L3N1YnNjcmlwdGlvbnMvMWM2MzhjZjQtNjA4Zi00ZWU2LWI2ODAtYzMyOWU4MjRjM2E4L3Jlc291cmNlZ3JvdXBzL3JnY29tdjJiZTI4MTY0ZDI2ZDJmMmI/YXBpLXZlcnNpb249MjAxNi0wMi0wMQ==",
      "RequestMethod": "PUT",
      "RequestBody": "{\r\n  \"location\": \"westcentralus\"\r\n}",
      "RequestHeaders": {
        "Content-Type": [
          "application/json; charset=utf-8"
        ],
        "Content-Length": [
          "35"
        ],
        "x-ms-client-request-id": [
          "17897210-bef4-4280-977d-af47f446f50f"
        ],
        "accept-language": [
          "en-US"
        ],
        "User-Agent": [
          "FxVersion/4.6.24410.01",
          "Microsoft.Azure.Management.ResourceManager.Fluent.ResourceManagementClient/1.0.0"
        ]
      },
      "ResponseBody": "{\r\n  \"id\": \"/subscriptions/1c638cf4-608f-4ee6-b680-c329e824c3a8/resourceGroups/rgcomv2be28164d26d2f2b\",\r\n  \"name\": \"rgcomv2be28164d26d2f2b\",\r\n  \"location\": \"westcentralus\",\r\n  \"properties\": {\r\n    \"provisioningState\": \"Succeeded\"\r\n  }\r\n}",
      "ResponseHeaders": {
        "Content-Length": [
          "204"
        ],
        "Content-Type": [
          "application/json; charset=utf-8"
        ],
        "Expires": [
          "-1"
        ],
        "Cache-Control": [
          "no-cache"
        ],
        "Date": [
          "Tue, 11 Apr 2017 19:49:01 GMT"
        ],
        "Pragma": [
          "no-cache"
        ],
        "x-ms-ratelimit-remaining-subscription-writes": [
          "1199"
        ],
        "x-ms-request-id": [
          "b273c92d-05a2-4354-a9b8-3a30776afc9d"
        ],
        "x-ms-correlation-request-id": [
          "b273c92d-05a2-4354-a9b8-3a30776afc9d"
        ],
        "x-ms-routing-request-id": [
          "WESTUS2:20170411T194902Z:b273c92d-05a2-4354-a9b8-3a30776afc9d"
        ],
        "Strict-Transport-Security": [
          "max-age=31536000; includeSubDomains"
        ]
      },
      "StatusCode": 201
    },
    {
      "RequestUri": "/subscriptions/1c638cf4-608f-4ee6-b680-c329e824c3a8/resourcegroups/rgcomv2be28164d26d2f2b?api-version=2016-02-01",
      "EncodedRequestUri": "L3N1YnNjcmlwdGlvbnMvMWM2MzhjZjQtNjA4Zi00ZWU2LWI2ODAtYzMyOWU4MjRjM2E4L3Jlc291cmNlZ3JvdXBzL3JnY29tdjJiZTI4MTY0ZDI2ZDJmMmI/YXBpLXZlcnNpb249MjAxNi0wMi0wMQ==",
      "RequestMethod": "PUT",
      "RequestBody": "{\r\n  \"location\": \"westcentralus\"\r\n}",
      "RequestHeaders": {
        "Content-Type": [
          "application/json; charset=utf-8"
        ],
        "Content-Length": [
          "35"
        ],
        "x-ms-client-request-id": [
          "263ee59c-3a3c-4e13-9bc2-db7016859a4b"
        ],
        "accept-language": [
          "en-US"
        ],
        "User-Agent": [
          "FxVersion/4.6.24410.01",
          "Microsoft.Azure.Management.ResourceManager.Fluent.ResourceManagementClient/1.0.0"
        ]
      },
      "ResponseBody": "{\r\n  \"id\": \"/subscriptions/1c638cf4-608f-4ee6-b680-c329e824c3a8/resourceGroups/rgcomv2be28164d26d2f2b\",\r\n  \"name\": \"rgcomv2be28164d26d2f2b\",\r\n  \"location\": \"westcentralus\",\r\n  \"properties\": {\r\n    \"provisioningState\": \"Succeeded\"\r\n  }\r\n}",
      "ResponseHeaders": {
        "Content-Type": [
          "application/json; charset=utf-8"
        ],
        "Expires": [
          "-1"
        ],
        "Cache-Control": [
          "no-cache"
        ],
        "Date": [
          "Tue, 11 Apr 2017 19:49:33 GMT"
        ],
        "Pragma": [
          "no-cache"
        ],
        "Transfer-Encoding": [
          "chunked"
        ],
        "Vary": [
          "Accept-Encoding"
        ],
        "x-ms-ratelimit-remaining-subscription-writes": [
          "1197"
        ],
        "x-ms-request-id": [
          "b68be899-993d-4e78-844a-9de7c6b247a3"
        ],
        "x-ms-correlation-request-id": [
          "b68be899-993d-4e78-844a-9de7c6b247a3"
        ],
        "x-ms-routing-request-id": [
          "WESTUS2:20170411T194933Z:b68be899-993d-4e78-844a-9de7c6b247a3"
        ],
        "Strict-Transport-Security": [
          "max-age=31536000; includeSubDomains"
        ]
      },
      "StatusCode": 200
    },
    {
      "RequestUri": "/subscriptions/1c638cf4-608f-4ee6-b680-c329e824c3a8/resourceGroups/rgcomv2be28164d26d2f2b/providers/Microsoft.Compute/disks/dsk-f3958901328006b28?api-version=2016-04-30-preview",
      "EncodedRequestUri": "L3N1YnNjcmlwdGlvbnMvMWM2MzhjZjQtNjA4Zi00ZWU2LWI2ODAtYzMyOWU4MjRjM2E4L3Jlc291cmNlR3JvdXBzL3JnY29tdjJiZTI4MTY0ZDI2ZDJmMmIvcHJvdmlkZXJzL01pY3Jvc29mdC5Db21wdXRlL2Rpc2tzL2Rzay1mMzk1ODkwMTMyODAwNmIyOD9hcGktdmVyc2lvbj0yMDE2LTA0LTMwLXByZXZpZXc=",
      "RequestMethod": "PUT",
      "RequestBody": "{\r\n  \"properties\": {\r\n    \"creationData\": {\r\n      \"createOption\": \"Empty\"\r\n    },\r\n    \"diskSizeGB\": 50\r\n  },\r\n  \"location\": \"westcentralus\",\r\n  \"tags\": {}\r\n}",
      "RequestHeaders": {
        "Content-Type": [
          "application/json; charset=utf-8"
        ],
        "Content-Length": [
          "159"
        ],
        "x-ms-client-request-id": [
          "eceb8c28-afcb-489b-97b1-acb713ee1221"
        ],
        "accept-language": [
          "en-US"
        ],
        "User-Agent": [
          "FxVersion/4.6.24410.01",
          "Microsoft.Azure.Management.Compute.Fluent.ComputeManagementClient/1.0.0"
        ]
      },
      "ResponseBody": "{\r\n  \"properties\": {\r\n    \"creationData\": {\r\n      \"createOption\": \"Empty\"\r\n    },\r\n    \"diskSizeGB\": 50,\r\n    \"provisioningState\": \"Updating\",\r\n    \"isArmResource\": true\r\n  },\r\n  \"location\": \"westcentralus\",\r\n  \"tags\": {}\r\n}",
      "ResponseHeaders": {
        "Content-Length": [
          "225"
        ],
        "Content-Type": [
          "application/json; charset=utf-8"
        ],
        "Expires": [
          "-1"
        ],
        "Cache-Control": [
          "no-cache"
        ],
        "Date": [
          "Tue, 11 Apr 2017 19:49:02 GMT"
        ],
        "Pragma": [
          "no-cache"
        ],
        "Location": [
          "https://management.azure.com/subscriptions/1c638cf4-608f-4ee6-b680-c329e824c3a8/providers/Microsoft.Compute/locations/westcentralus/DiskOperations/1cfa0e1d-94d7-4073-9cd7-2be47624f3cb?monitor=true&api-version=2016-04-30-preview"
        ],
        "Server": [
          "Microsoft-HTTPAPI/2.0",
          "Microsoft-HTTPAPI/2.0"
        ],
        "Azure-AsyncOperation": [
          "https://management.azure.com/subscriptions/1c638cf4-608f-4ee6-b680-c329e824c3a8/providers/Microsoft.Compute/locations/westcentralus/DiskOperations/1cfa0e1d-94d7-4073-9cd7-2be47624f3cb?api-version=2016-04-30-preview"
        ],
        "Strict-Transport-Security": [
          "max-age=31536000; includeSubDomains"
        ],
        "x-ms-served-by": [
          "4880eb97-9883-4875-bc0f-d976655c6469_131219904714663549"
        ],
        "x-ms-request-id": [
          "1cfa0e1d-94d7-4073-9cd7-2be47624f3cb"
        ],
        "x-ms-ratelimit-remaining-subscription-writes": [
          "1198"
        ],
        "x-ms-correlation-request-id": [
          "9b2d7389-e7fc-45f5-a984-d3db6eecb161"
        ],
        "x-ms-routing-request-id": [
          "WESTUS2:20170411T194902Z:9b2d7389-e7fc-45f5-a984-d3db6eecb161"
        ]
      },
      "StatusCode": 202
    },
    {
      "RequestUri": "/subscriptions/1c638cf4-608f-4ee6-b680-c329e824c3a8/providers/Microsoft.Compute/locations/westcentralus/DiskOperations/1cfa0e1d-94d7-4073-9cd7-2be47624f3cb?api-version=2016-04-30-preview",
      "EncodedRequestUri": "L3N1YnNjcmlwdGlvbnMvMWM2MzhjZjQtNjA4Zi00ZWU2LWI2ODAtYzMyOWU4MjRjM2E4L3Byb3ZpZGVycy9NaWNyb3NvZnQuQ29tcHV0ZS9sb2NhdGlvbnMvd2VzdGNlbnRyYWx1cy9EaXNrT3BlcmF0aW9ucy8xY2ZhMGUxZC05NGQ3LTQwNzMtOWNkNy0yYmU0NzYyNGYzY2I/YXBpLXZlcnNpb249MjAxNi0wNC0zMC1wcmV2aWV3",
      "RequestMethod": "GET",
      "RequestBody": "",
      "RequestHeaders": {
        "User-Agent": [
          "FxVersion/4.6.24410.01",
          "Microsoft.Azure.Management.Compute.Fluent.ComputeManagementClient/1.0.0"
        ]
      },
      "ResponseBody": "{\r\n  \"startTime\": \"2017-04-11T12:49:04.6044341-07:00\",\r\n  \"endTime\": \"2017-04-11T12:49:04.807563-07:00\",\r\n  \"status\": \"Succeeded\",\r\n  \"properties\": {\r\n    \"output\": {\r\n      \"properties\": {\r\n        \"accountType\": \"Standard_LRS\",\r\n        \"creationData\": {\r\n          \"createOption\": \"Empty\"\r\n        },\r\n        \"diskSizeGB\": 50,\r\n        \"timeCreated\": \"2017-04-11T12:49:04.6200604-07:00\",\r\n        \"provisioningState\": \"Succeeded\",\r\n        \"diskState\": \"Unattached\"\r\n      },\r\n      \"type\": \"Microsoft.Compute/disks\",\r\n      \"location\": \"westcentralus\",\r\n      \"tags\": {},\r\n      \"id\": \"/subscriptions/1c638cf4-608f-4ee6-b680-c329e824c3a8/resourceGroups/rgcomv2be28164d26d2f2b/providers/Microsoft.Compute/disks/dsk-f3958901328006b28\",\r\n      \"name\": \"dsk-f3958901328006b28\"\r\n    }\r\n  },\r\n  \"name\": \"1cfa0e1d-94d7-4073-9cd7-2be47624f3cb\"\r\n}",
      "ResponseHeaders": {
        "Content-Type": [
          "application/json; charset=utf-8"
        ],
        "Expires": [
          "-1"
        ],
        "Cache-Control": [
          "no-cache"
        ],
        "Date": [
          "Tue, 11 Apr 2017 19:49:32 GMT"
        ],
        "Pragma": [
          "no-cache"
        ],
        "Transfer-Encoding": [
          "chunked"
        ],
        "Server": [
          "Microsoft-HTTPAPI/2.0",
          "Microsoft-HTTPAPI/2.0"
        ],
        "Vary": [
          "Accept-Encoding"
        ],
        "Strict-Transport-Security": [
          "max-age=31536000; includeSubDomains"
        ],
        "x-ms-served-by": [
          "4880eb97-9883-4875-bc0f-d976655c6469_131219904714663549"
        ],
        "x-ms-request-id": [
          "21a30b37-9994-4889-a3aa-8ee11d6915a8"
        ],
        "x-ms-ratelimit-remaining-subscription-reads": [
          "14983"
        ],
        "x-ms-correlation-request-id": [
          "53cb5769-97a8-450f-bce4-a4440296a8dc"
        ],
        "x-ms-routing-request-id": [
          "WESTUS2:20170411T194933Z:53cb5769-97a8-450f-bce4-a4440296a8dc"
        ]
      },
      "StatusCode": 200
    },
    {
      "RequestUri": "/subscriptions/1c638cf4-608f-4ee6-b680-c329e824c3a8/resourceGroups/rgcomv2be28164d26d2f2b/providers/Microsoft.Compute/disks/dsk-f3958901328006b28?api-version=2016-04-30-preview",
      "EncodedRequestUri": "L3N1YnNjcmlwdGlvbnMvMWM2MzhjZjQtNjA4Zi00ZWU2LWI2ODAtYzMyOWU4MjRjM2E4L3Jlc291cmNlR3JvdXBzL3JnY29tdjJiZTI4MTY0ZDI2ZDJmMmIvcHJvdmlkZXJzL01pY3Jvc29mdC5Db21wdXRlL2Rpc2tzL2Rzay1mMzk1ODkwMTMyODAwNmIyOD9hcGktdmVyc2lvbj0yMDE2LTA0LTMwLXByZXZpZXc=",
      "RequestMethod": "GET",
      "RequestBody": "",
      "RequestHeaders": {
        "User-Agent": [
          "FxVersion/4.6.24410.01",
          "Microsoft.Azure.Management.Compute.Fluent.ComputeManagementClient/1.0.0"
        ]
      },
      "ResponseBody": "{\r\n  \"properties\": {\r\n    \"accountType\": \"Standard_LRS\",\r\n    \"creationData\": {\r\n      \"createOption\": \"Empty\"\r\n    },\r\n    \"diskSizeGB\": 50,\r\n    \"timeCreated\": \"2017-04-11T12:49:04.6200604-07:00\",\r\n    \"provisioningState\": \"Succeeded\",\r\n    \"diskState\": \"Unattached\"\r\n  },\r\n  \"type\": \"Microsoft.Compute/disks\",\r\n  \"location\": \"westcentralus\",\r\n  \"tags\": {},\r\n  \"id\": \"/subscriptions/1c638cf4-608f-4ee6-b680-c329e824c3a8/resourceGroups/rgcomv2be28164d26d2f2b/providers/Microsoft.Compute/disks/dsk-f3958901328006b28\",\r\n  \"name\": \"dsk-f3958901328006b28\"\r\n}",
      "ResponseHeaders": {
        "Content-Type": [
          "application/json; charset=utf-8"
        ],
        "Expires": [
          "-1"
        ],
        "Cache-Control": [
          "no-cache"
        ],
        "Date": [
          "Tue, 11 Apr 2017 19:49:32 GMT"
        ],
        "Pragma": [
          "no-cache"
        ],
        "Transfer-Encoding": [
          "chunked"
        ],
        "Server": [
          "Microsoft-HTTPAPI/2.0",
          "Microsoft-HTTPAPI/2.0"
        ],
        "Vary": [
          "Accept-Encoding"
        ],
        "Strict-Transport-Security": [
          "max-age=31536000; includeSubDomains"
        ],
        "x-ms-served-by": [
          "4880eb97-9883-4875-bc0f-d976655c6469_131219904714663549"
        ],
        "x-ms-request-id": [
          "208b46dc-2c6b-4dd8-ad01-1cd5aec81985"
        ],
        "x-ms-ratelimit-remaining-subscription-reads": [
          "14982"
        ],
        "x-ms-correlation-request-id": [
          "fed1fe31-0310-4900-a88e-e0413f3db940"
        ],
        "x-ms-routing-request-id": [
          "WESTUS2:20170411T194933Z:fed1fe31-0310-4900-a88e-e0413f3db940"
        ]
      },
      "StatusCode": 200
    },
    {
      "RequestUri": "/subscriptions/1c638cf4-608f-4ee6-b680-c329e824c3a8/resourceGroups/rgcomv2be28164d26d2f2b/providers/Microsoft.Compute/disks/dsk-6c89576046cdd10f3?api-version=2016-04-30-preview",
      "EncodedRequestUri": "L3N1YnNjcmlwdGlvbnMvMWM2MzhjZjQtNjA4Zi00ZWU2LWI2ODAtYzMyOWU4MjRjM2E4L3Jlc291cmNlR3JvdXBzL3JnY29tdjJiZTI4MTY0ZDI2ZDJmMmIvcHJvdmlkZXJzL01pY3Jvc29mdC5Db21wdXRlL2Rpc2tzL2Rzay02Yzg5NTc2MDQ2Y2RkMTBmMz9hcGktdmVyc2lvbj0yMDE2LTA0LTMwLXByZXZpZXc=",
      "RequestMethod": "PUT",
      "RequestBody": "{\r\n  \"properties\": {\r\n    \"creationData\": {\r\n      \"createOption\": \"Empty\"\r\n    },\r\n    \"diskSizeGB\": 100\r\n  },\r\n  \"location\": \"westcentralus\",\r\n  \"tags\": {}\r\n}",
      "RequestHeaders": {
        "Content-Type": [
          "application/json; charset=utf-8"
        ],
        "Content-Length": [
          "160"
        ],
        "x-ms-client-request-id": [
          "c198a034-a592-4486-880b-4dc659b6275f"
        ],
        "accept-language": [
          "en-US"
        ],
        "User-Agent": [
          "FxVersion/4.6.24410.01",
          "Microsoft.Azure.Management.Compute.Fluent.ComputeManagementClient/1.0.0"
        ]
      },
      "ResponseBody": "{\r\n  \"properties\": {\r\n    \"creationData\": {\r\n      \"createOption\": \"Empty\"\r\n    },\r\n    \"diskSizeGB\": 100,\r\n    \"provisioningState\": \"Updating\",\r\n    \"isArmResource\": true\r\n  },\r\n  \"location\": \"westcentralus\",\r\n  \"tags\": {}\r\n}",
      "ResponseHeaders": {
        "Content-Length": [
          "226"
        ],
        "Content-Type": [
          "application/json; charset=utf-8"
        ],
        "Expires": [
          "-1"
        ],
        "Cache-Control": [
          "no-cache"
        ],
        "Date": [
          "Tue, 11 Apr 2017 19:49:33 GMT"
        ],
        "Pragma": [
          "no-cache"
        ],
        "Location": [
          "https://management.azure.com/subscriptions/1c638cf4-608f-4ee6-b680-c329e824c3a8/providers/Microsoft.Compute/locations/westcentralus/DiskOperations/f298f48a-86f8-4870-90ec-b422be21e5d6?monitor=true&api-version=2016-04-30-preview"
        ],
        "Server": [
          "Microsoft-HTTPAPI/2.0",
          "Microsoft-HTTPAPI/2.0"
        ],
        "Azure-AsyncOperation": [
          "https://management.azure.com/subscriptions/1c638cf4-608f-4ee6-b680-c329e824c3a8/providers/Microsoft.Compute/locations/westcentralus/DiskOperations/f298f48a-86f8-4870-90ec-b422be21e5d6?api-version=2016-04-30-preview"
        ],
        "Strict-Transport-Security": [
          "max-age=31536000; includeSubDomains"
        ],
        "x-ms-served-by": [
          "4880eb97-9883-4875-bc0f-d976655c6469_131219904714663549"
        ],
        "x-ms-request-id": [
          "f298f48a-86f8-4870-90ec-b422be21e5d6"
        ],
        "x-ms-ratelimit-remaining-subscription-writes": [
          "1199"
        ],
        "x-ms-correlation-request-id": [
          "8c9e8b37-5bd3-4050-a4f5-970dc6089836"
        ],
        "x-ms-routing-request-id": [
          "WESTUS2:20170411T194933Z:8c9e8b37-5bd3-4050-a4f5-970dc6089836"
        ]
      },
      "StatusCode": 202
    },
    {
      "RequestUri": "/subscriptions/1c638cf4-608f-4ee6-b680-c329e824c3a8/resourceGroups/rgcomv2be28164d26d2f2b/providers/Microsoft.Network/virtualNetworks/vnetc000315669ca?api-version=2016-12-01",
      "EncodedRequestUri": "L3N1YnNjcmlwdGlvbnMvMWM2MzhjZjQtNjA4Zi00ZWU2LWI2ODAtYzMyOWU4MjRjM2E4L3Jlc291cmNlR3JvdXBzL3JnY29tdjJiZTI4MTY0ZDI2ZDJmMmIvcHJvdmlkZXJzL01pY3Jvc29mdC5OZXR3b3JrL3ZpcnR1YWxOZXR3b3Jrcy92bmV0YzAwMDMxNTY2OWNhP2FwaS12ZXJzaW9uPTIwMTYtMTItMDE=",
      "RequestMethod": "PUT",
      "RequestBody": "{\r\n  \"properties\": {\r\n    \"addressSpace\": {\r\n      \"addressPrefixes\": [\r\n        \"10.0.0.0/28\"\r\n      ]\r\n    },\r\n    \"dhcpOptions\": {\r\n      \"dnsServers\": []\r\n    },\r\n    \"subnets\": [\r\n      {\r\n        \"properties\": {\r\n          \"addressPrefix\": \"10.0.0.0/28\"\r\n        },\r\n        \"name\": \"subnet1\"\r\n      }\r\n    ]\r\n  },\r\n  \"location\": \"westcentralus\",\r\n  \"tags\": {}\r\n}",
      "RequestHeaders": {
        "Content-Type": [
          "application/json; charset=utf-8"
        ],
        "Content-Length": [
          "369"
        ],
        "x-ms-client-request-id": [
          "bbcb1541-6eee-4435-9a23-03a0114b0757"
        ],
        "accept-language": [
          "en-US"
        ],
        "User-Agent": [
          "FxVersion/4.6.24410.01",
          "Microsoft.Azure.Management.Network.Fluent.NetworkManagementClient/1.0.0"
        ]
      },
      "ResponseBody": "{\r\n  \"name\": \"vnetc000315669ca\",\r\n  \"id\": \"/subscriptions/1c638cf4-608f-4ee6-b680-c329e824c3a8/resourceGroups/rgcomv2be28164d26d2f2b/providers/Microsoft.Network/virtualNetworks/vnetc000315669ca\",\r\n  \"etag\": \"W/\\\"117ffad4-2243-4eb6-8341-e1d96ee1b7f6\\\"\",\r\n  \"type\": \"Microsoft.Network/virtualNetworks\",\r\n  \"location\": \"westcentralus\",\r\n  \"tags\": {},\r\n  \"properties\": {\r\n    \"provisioningState\": \"Updating\",\r\n    \"resourceGuid\": \"f85f242e-234a-456c-a5b9-346ba50f061d\",\r\n    \"addressSpace\": {\r\n      \"addressPrefixes\": [\r\n        \"10.0.0.0/28\"\r\n      ]\r\n    },\r\n    \"dhcpOptions\": {\r\n      \"dnsServers\": []\r\n    },\r\n    \"subnets\": [\r\n      {\r\n        \"name\": \"subnet1\",\r\n        \"id\": \"/subscriptions/1c638cf4-608f-4ee6-b680-c329e824c3a8/resourceGroups/rgcomv2be28164d26d2f2b/providers/Microsoft.Network/virtualNetworks/vnetc000315669ca/subnets/subnet1\",\r\n        \"etag\": \"W/\\\"117ffad4-2243-4eb6-8341-e1d96ee1b7f6\\\"\",\r\n        \"properties\": {\r\n          \"provisioningState\": \"Updating\",\r\n          \"addressPrefix\": \"10.0.0.0/28\"\r\n        }\r\n      }\r\n    ],\r\n    \"virtualNetworkPeerings\": []\r\n  }\r\n}",
      "ResponseHeaders": {
        "Content-Length": [
          "1094"
        ],
        "Content-Type": [
          "application/json; charset=utf-8"
        ],
        "Expires": [
          "-1"
        ],
        "Cache-Control": [
          "no-cache"
        ],
        "Date": [
          "Tue, 11 Apr 2017 19:49:33 GMT"
        ],
        "Pragma": [
          "no-cache"
        ],
        "Retry-After": [
          "3"
        ],
        "Server": [
          "Microsoft-HTTPAPI/2.0",
          "Microsoft-HTTPAPI/2.0"
        ],
        "x-ms-request-id": [
          "775835f7-42c3-4b1b-b75a-957bc3ce18c5"
        ],
        "Azure-AsyncOperation": [
          "https://management.azure.com/subscriptions/1c638cf4-608f-4ee6-b680-c329e824c3a8/providers/Microsoft.Network/locations/westcentralus/operations/775835f7-42c3-4b1b-b75a-957bc3ce18c5?api-version=2016-12-01"
        ],
        "Strict-Transport-Security": [
          "max-age=31536000; includeSubDomains"
        ],
        "x-ms-ratelimit-remaining-subscription-writes": [
          "1196"
        ],
        "x-ms-correlation-request-id": [
          "09a802f9-5a81-4890-9791-e2ab67666d73"
        ],
        "x-ms-routing-request-id": [
          "WESTUS2:20170411T194934Z:09a802f9-5a81-4890-9791-e2ab67666d73"
        ]
      },
      "StatusCode": 201
    },
    {
      "RequestUri": "/subscriptions/1c638cf4-608f-4ee6-b680-c329e824c3a8/providers/Microsoft.Compute/locations/westcentralus/DiskOperations/f298f48a-86f8-4870-90ec-b422be21e5d6?api-version=2016-04-30-preview",
      "EncodedRequestUri": "L3N1YnNjcmlwdGlvbnMvMWM2MzhjZjQtNjA4Zi00ZWU2LWI2ODAtYzMyOWU4MjRjM2E4L3Byb3ZpZGVycy9NaWNyb3NvZnQuQ29tcHV0ZS9sb2NhdGlvbnMvd2VzdGNlbnRyYWx1cy9EaXNrT3BlcmF0aW9ucy9mMjk4ZjQ4YS04NmY4LTQ4NzAtOTBlYy1iNDIyYmUyMWU1ZDY/YXBpLXZlcnNpb249MjAxNi0wNC0zMC1wcmV2aWV3",
      "RequestMethod": "GET",
      "RequestBody": "",
      "RequestHeaders": {
        "User-Agent": [
          "FxVersion/4.6.24410.01",
          "Microsoft.Azure.Management.Compute.Fluent.ComputeManagementClient/1.0.0"
        ]
      },
      "ResponseBody": "{\r\n  \"startTime\": \"2017-04-11T12:49:35.8222934-07:00\",\r\n  \"endTime\": \"2017-04-11T12:49:35.9785774-07:00\",\r\n  \"status\": \"Succeeded\",\r\n  \"properties\": {\r\n    \"output\": {\r\n      \"properties\": {\r\n        \"accountType\": \"Standard_LRS\",\r\n        \"creationData\": {\r\n          \"createOption\": \"Empty\"\r\n        },\r\n        \"diskSizeGB\": 100,\r\n        \"timeCreated\": \"2017-04-11T12:49:35.8222934-07:00\",\r\n        \"provisioningState\": \"Succeeded\",\r\n        \"diskState\": \"Unattached\"\r\n      },\r\n      \"type\": \"Microsoft.Compute/disks\",\r\n      \"location\": \"westcentralus\",\r\n      \"tags\": {},\r\n      \"id\": \"/subscriptions/1c638cf4-608f-4ee6-b680-c329e824c3a8/resourceGroups/rgcomv2be28164d26d2f2b/providers/Microsoft.Compute/disks/dsk-6c89576046cdd10f3\",\r\n      \"name\": \"dsk-6c89576046cdd10f3\"\r\n    }\r\n  },\r\n  \"name\": \"f298f48a-86f8-4870-90ec-b422be21e5d6\"\r\n}",
      "ResponseHeaders": {
        "Content-Type": [
          "application/json; charset=utf-8"
        ],
        "Expires": [
          "-1"
        ],
        "Cache-Control": [
          "no-cache"
        ],
        "Date": [
          "Tue, 11 Apr 2017 19:50:03 GMT"
        ],
        "Pragma": [
          "no-cache"
        ],
        "Transfer-Encoding": [
          "chunked"
        ],
        "Server": [
          "Microsoft-HTTPAPI/2.0",
          "Microsoft-HTTPAPI/2.0"
        ],
        "Vary": [
          "Accept-Encoding"
        ],
        "Strict-Transport-Security": [
          "max-age=31536000; includeSubDomains"
        ],
        "x-ms-served-by": [
          "4880eb97-9883-4875-bc0f-d976655c6469_131219904714663549"
        ],
        "x-ms-request-id": [
          "7ee70347-171a-42c8-b7cb-a2095c9d4312"
        ],
        "x-ms-ratelimit-remaining-subscription-reads": [
          "14985"
        ],
        "x-ms-correlation-request-id": [
          "284b4b4e-48c5-43d8-88f0-07a9631d12f4"
        ],
        "x-ms-routing-request-id": [
          "WESTUS2:20170411T195004Z:284b4b4e-48c5-43d8-88f0-07a9631d12f4"
        ]
      },
      "StatusCode": 200
    },
    {
      "RequestUri": "/subscriptions/1c638cf4-608f-4ee6-b680-c329e824c3a8/providers/Microsoft.Network/locations/westcentralus/operations/775835f7-42c3-4b1b-b75a-957bc3ce18c5?api-version=2016-12-01",
      "EncodedRequestUri": "L3N1YnNjcmlwdGlvbnMvMWM2MzhjZjQtNjA4Zi00ZWU2LWI2ODAtYzMyOWU4MjRjM2E4L3Byb3ZpZGVycy9NaWNyb3NvZnQuTmV0d29yay9sb2NhdGlvbnMvd2VzdGNlbnRyYWx1cy9vcGVyYXRpb25zLzc3NTgzNWY3LTQyYzMtNGIxYi1iNzVhLTk1N2JjM2NlMThjNT9hcGktdmVyc2lvbj0yMDE2LTEyLTAx",
      "RequestMethod": "GET",
      "RequestBody": "",
      "RequestHeaders": {
        "User-Agent": [
          "FxVersion/4.6.24410.01",
          "Microsoft.Azure.Management.Network.Fluent.NetworkManagementClient/1.0.0"
        ]
      },
      "ResponseBody": "{\r\n  \"status\": \"Succeeded\"\r\n}",
      "ResponseHeaders": {
        "Content-Type": [
          "application/json; charset=utf-8"
        ],
        "Expires": [
          "-1"
        ],
        "Cache-Control": [
          "no-cache"
        ],
        "Date": [
          "Tue, 11 Apr 2017 19:50:03 GMT"
        ],
        "Pragma": [
          "no-cache"
        ],
        "Transfer-Encoding": [
          "chunked"
        ],
        "Server": [
          "Microsoft-HTTPAPI/2.0",
          "Microsoft-HTTPAPI/2.0"
        ],
        "Vary": [
          "Accept-Encoding"
        ],
        "x-ms-request-id": [
          "a21d4b6e-baa1-45b4-90f8-d9c15d8a77cb"
        ],
        "Strict-Transport-Security": [
          "max-age=31536000; includeSubDomains"
        ],
        "x-ms-ratelimit-remaining-subscription-reads": [
          "14981"
        ],
        "x-ms-correlation-request-id": [
          "336879d8-95a3-4fff-a3be-24e8e477fea4"
        ],
        "x-ms-routing-request-id": [
          "WESTUS2:20170411T195004Z:336879d8-95a3-4fff-a3be-24e8e477fea4"
        ]
      },
      "StatusCode": 200
    },
    {
      "RequestUri": "/subscriptions/1c638cf4-608f-4ee6-b680-c329e824c3a8/resourceGroups/rgcomv2be28164d26d2f2b/providers/Microsoft.Compute/disks/dsk-6c89576046cdd10f3?api-version=2016-04-30-preview",
      "EncodedRequestUri": "L3N1YnNjcmlwdGlvbnMvMWM2MzhjZjQtNjA4Zi00ZWU2LWI2ODAtYzMyOWU4MjRjM2E4L3Jlc291cmNlR3JvdXBzL3JnY29tdjJiZTI4MTY0ZDI2ZDJmMmIvcHJvdmlkZXJzL01pY3Jvc29mdC5Db21wdXRlL2Rpc2tzL2Rzay02Yzg5NTc2MDQ2Y2RkMTBmMz9hcGktdmVyc2lvbj0yMDE2LTA0LTMwLXByZXZpZXc=",
      "RequestMethod": "GET",
      "RequestBody": "",
      "RequestHeaders": {
        "User-Agent": [
          "FxVersion/4.6.24410.01",
          "Microsoft.Azure.Management.Compute.Fluent.ComputeManagementClient/1.0.0"
        ]
      },
      "ResponseBody": "{\r\n  \"properties\": {\r\n    \"accountType\": \"Standard_LRS\",\r\n    \"creationData\": {\r\n      \"createOption\": \"Empty\"\r\n    },\r\n    \"diskSizeGB\": 100,\r\n    \"timeCreated\": \"2017-04-11T12:49:35.8222934-07:00\",\r\n    \"provisioningState\": \"Succeeded\",\r\n    \"diskState\": \"Unattached\"\r\n  },\r\n  \"type\": \"Microsoft.Compute/disks\",\r\n  \"location\": \"westcentralus\",\r\n  \"tags\": {},\r\n  \"id\": \"/subscriptions/1c638cf4-608f-4ee6-b680-c329e824c3a8/resourceGroups/rgcomv2be28164d26d2f2b/providers/Microsoft.Compute/disks/dsk-6c89576046cdd10f3\",\r\n  \"name\": \"dsk-6c89576046cdd10f3\"\r\n}",
      "ResponseHeaders": {
        "Content-Type": [
          "application/json; charset=utf-8"
        ],
        "Expires": [
          "-1"
        ],
        "Cache-Control": [
          "no-cache"
        ],
        "Date": [
          "Tue, 11 Apr 2017 19:50:03 GMT"
        ],
        "Pragma": [
          "no-cache"
        ],
        "Transfer-Encoding": [
          "chunked"
        ],
        "Server": [
          "Microsoft-HTTPAPI/2.0",
          "Microsoft-HTTPAPI/2.0"
        ],
        "Vary": [
          "Accept-Encoding"
        ],
        "Strict-Transport-Security": [
          "max-age=31536000; includeSubDomains"
        ],
        "x-ms-served-by": [
          "4880eb97-9883-4875-bc0f-d976655c6469_131219904714663549"
        ],
        "x-ms-request-id": [
          "39f06c51-e0d7-4a72-a941-550a42bc02ef"
        ],
        "x-ms-ratelimit-remaining-subscription-reads": [
          "14984"
        ],
        "x-ms-correlation-request-id": [
          "8699881e-417f-4d07-a5b2-0c3c17d1ea6e"
        ],
        "x-ms-routing-request-id": [
          "WESTUS2:20170411T195004Z:8699881e-417f-4d07-a5b2-0c3c17d1ea6e"
        ]
      },
      "StatusCode": 200
    },
    {
      "RequestUri": "/subscriptions/1c638cf4-608f-4ee6-b680-c329e824c3a8/resourceGroups/rgcomv2be28164d26d2f2b/providers/Microsoft.Network/virtualNetworks/vnetc000315669ca?api-version=2016-12-01",
      "EncodedRequestUri": "L3N1YnNjcmlwdGlvbnMvMWM2MzhjZjQtNjA4Zi00ZWU2LWI2ODAtYzMyOWU4MjRjM2E4L3Jlc291cmNlR3JvdXBzL3JnY29tdjJiZTI4MTY0ZDI2ZDJmMmIvcHJvdmlkZXJzL01pY3Jvc29mdC5OZXR3b3JrL3ZpcnR1YWxOZXR3b3Jrcy92bmV0YzAwMDMxNTY2OWNhP2FwaS12ZXJzaW9uPTIwMTYtMTItMDE=",
      "RequestMethod": "GET",
      "RequestBody": "",
      "RequestHeaders": {
        "User-Agent": [
          "FxVersion/4.6.24410.01",
          "Microsoft.Azure.Management.Network.Fluent.NetworkManagementClient/1.0.0"
        ]
      },
      "ResponseBody": "{\r\n  \"name\": \"vnetc000315669ca\",\r\n  \"id\": \"/subscriptions/1c638cf4-608f-4ee6-b680-c329e824c3a8/resourceGroups/rgcomv2be28164d26d2f2b/providers/Microsoft.Network/virtualNetworks/vnetc000315669ca\",\r\n  \"etag\": \"W/\\\"042ed391-ad7b-4035-af9d-24390c3a64ba\\\"\",\r\n  \"type\": \"Microsoft.Network/virtualNetworks\",\r\n  \"location\": \"westcentralus\",\r\n  \"tags\": {},\r\n  \"properties\": {\r\n    \"provisioningState\": \"Succeeded\",\r\n    \"resourceGuid\": \"f85f242e-234a-456c-a5b9-346ba50f061d\",\r\n    \"addressSpace\": {\r\n      \"addressPrefixes\": [\r\n        \"10.0.0.0/28\"\r\n      ]\r\n    },\r\n    \"dhcpOptions\": {\r\n      \"dnsServers\": []\r\n    },\r\n    \"subnets\": [\r\n      {\r\n        \"name\": \"subnet1\",\r\n        \"id\": \"/subscriptions/1c638cf4-608f-4ee6-b680-c329e824c3a8/resourceGroups/rgcomv2be28164d26d2f2b/providers/Microsoft.Network/virtualNetworks/vnetc000315669ca/subnets/subnet1\",\r\n        \"etag\": \"W/\\\"042ed391-ad7b-4035-af9d-24390c3a64ba\\\"\",\r\n        \"properties\": {\r\n          \"provisioningState\": \"Succeeded\",\r\n          \"addressPrefix\": \"10.0.0.0/28\"\r\n        }\r\n      }\r\n    ],\r\n    \"virtualNetworkPeerings\": []\r\n  }\r\n}",
      "ResponseHeaders": {
        "Content-Type": [
          "application/json; charset=utf-8"
        ],
        "Expires": [
          "-1"
        ],
        "Cache-Control": [
          "no-cache"
        ],
        "Date": [
          "Tue, 11 Apr 2017 19:50:03 GMT"
        ],
        "Pragma": [
          "no-cache"
        ],
        "Transfer-Encoding": [
          "chunked"
        ],
        "ETag": [
          "W/\"042ed391-ad7b-4035-af9d-24390c3a64ba\""
        ],
        "Server": [
          "Microsoft-HTTPAPI/2.0",
          "Microsoft-HTTPAPI/2.0"
        ],
        "Vary": [
          "Accept-Encoding"
        ],
        "x-ms-request-id": [
          "830a1391-3916-45ad-998d-97498cf76ef9"
        ],
        "Strict-Transport-Security": [
          "max-age=31536000; includeSubDomains"
        ],
        "x-ms-ratelimit-remaining-subscription-reads": [
          "14980"
        ],
        "x-ms-correlation-request-id": [
          "94e654ef-0bca-498d-b786-d4ac01f22feb"
        ],
        "x-ms-routing-request-id": [
          "WESTUS2:20170411T195004Z:94e654ef-0bca-498d-b786-d4ac01f22feb"
        ]
      },
      "StatusCode": 200
    },
    {
      "RequestUri": "/subscriptions/1c638cf4-608f-4ee6-b680-c329e824c3a8/resourceGroups/rgcomv2be28164d26d2f2b/providers/Microsoft.Network/virtualNetworks/vnetc000315669ca?api-version=2016-12-01",
      "EncodedRequestUri": "L3N1YnNjcmlwdGlvbnMvMWM2MzhjZjQtNjA4Zi00ZWU2LWI2ODAtYzMyOWU4MjRjM2E4L3Jlc291cmNlR3JvdXBzL3JnY29tdjJiZTI4MTY0ZDI2ZDJmMmIvcHJvdmlkZXJzL01pY3Jvc29mdC5OZXR3b3JrL3ZpcnR1YWxOZXR3b3Jrcy92bmV0YzAwMDMxNTY2OWNhP2FwaS12ZXJzaW9uPTIwMTYtMTItMDE=",
      "RequestMethod": "GET",
      "RequestBody": "",
      "RequestHeaders": {
        "x-ms-client-request-id": [
          "150d6e20-c468-490d-887c-d4e2fb07cf62"
        ],
        "accept-language": [
          "en-US"
        ],
        "User-Agent": [
          "FxVersion/4.6.24410.01",
          "Microsoft.Azure.Management.Network.Fluent.NetworkManagementClient/1.0.0"
        ]
      },
      "ResponseBody": "{\r\n  \"name\": \"vnetc000315669ca\",\r\n  \"id\": \"/subscriptions/1c638cf4-608f-4ee6-b680-c329e824c3a8/resourceGroups/rgcomv2be28164d26d2f2b/providers/Microsoft.Network/virtualNetworks/vnetc000315669ca\",\r\n  \"etag\": \"W/\\\"7de35a4c-8edf-4c35-a7b3-b8b542c965c6\\\"\",\r\n  \"type\": \"Microsoft.Network/virtualNetworks\",\r\n  \"location\": \"westcentralus\",\r\n  \"tags\": {},\r\n  \"properties\": {\r\n    \"provisioningState\": \"Succeeded\",\r\n    \"resourceGuid\": \"f85f242e-234a-456c-a5b9-346ba50f061d\",\r\n    \"addressSpace\": {\r\n      \"addressPrefixes\": [\r\n        \"10.0.0.0/28\"\r\n      ]\r\n    },\r\n    \"dhcpOptions\": {\r\n      \"dnsServers\": []\r\n    },\r\n    \"subnets\": [\r\n      {\r\n        \"name\": \"subnet1\",\r\n        \"id\": \"/subscriptions/1c638cf4-608f-4ee6-b680-c329e824c3a8/resourceGroups/rgcomv2be28164d26d2f2b/providers/Microsoft.Network/virtualNetworks/vnetc000315669ca/subnets/subnet1\",\r\n        \"etag\": \"W/\\\"7de35a4c-8edf-4c35-a7b3-b8b542c965c6\\\"\",\r\n        \"properties\": {\r\n          \"provisioningState\": \"Succeeded\",\r\n          \"addressPrefix\": \"10.0.0.0/28\",\r\n          \"ipConfigurations\": [\r\n            {\r\n              \"id\": \"/subscriptions/1c638cf4-608f-4ee6-b680-c329e824c3a8/resourceGroups/rgcomv2be28164d26d2f2b/providers/Microsoft.Network/networkInterfaces/nic4315580dbe4/ipConfigurations/primary\"\r\n            }\r\n          ]\r\n        }\r\n      }\r\n    ],\r\n    \"virtualNetworkPeerings\": []\r\n  }\r\n}",
      "ResponseHeaders": {
        "Content-Type": [
          "application/json; charset=utf-8"
        ],
        "Expires": [
          "-1"
        ],
        "Cache-Control": [
          "no-cache"
        ],
        "Date": [
          "Tue, 11 Apr 2017 19:52:36 GMT"
        ],
        "Pragma": [
          "no-cache"
        ],
        "Transfer-Encoding": [
          "chunked"
        ],
        "ETag": [
          "W/\"7de35a4c-8edf-4c35-a7b3-b8b542c965c6\""
        ],
        "Server": [
          "Microsoft-HTTPAPI/2.0",
          "Microsoft-HTTPAPI/2.0"
        ],
        "Vary": [
          "Accept-Encoding"
        ],
        "x-ms-request-id": [
          "cc93aa75-e163-4662-936b-24eaf9c18815"
        ],
        "Strict-Transport-Security": [
          "max-age=31536000; includeSubDomains"
        ],
        "x-ms-ratelimit-remaining-subscription-reads": [
          "14971"
        ],
        "x-ms-correlation-request-id": [
          "cd532092-41cb-4550-a3d0-d2cc06a8f233"
        ],
        "x-ms-routing-request-id": [
          "WESTUS2:20170411T195237Z:cd532092-41cb-4550-a3d0-d2cc06a8f233"
        ]
      },
      "StatusCode": 200
    },
    {
      "RequestUri": "/subscriptions/1c638cf4-608f-4ee6-b680-c329e824c3a8/resourceGroups/rgcomv2be28164d26d2f2b/providers/Microsoft.Network/networkInterfaces/nic4315580dbe4?api-version=2016-12-01",
      "EncodedRequestUri": "L3N1YnNjcmlwdGlvbnMvMWM2MzhjZjQtNjA4Zi00ZWU2LWI2ODAtYzMyOWU4MjRjM2E4L3Jlc291cmNlR3JvdXBzL3JnY29tdjJiZTI4MTY0ZDI2ZDJmMmIvcHJvdmlkZXJzL01pY3Jvc29mdC5OZXR3b3JrL25ldHdvcmtJbnRlcmZhY2VzL25pYzQzMTU1ODBkYmU0P2FwaS12ZXJzaW9uPTIwMTYtMTItMDE=",
      "RequestMethod": "PUT",
      "RequestBody": "{\r\n  \"properties\": {\r\n    \"ipConfigurations\": [\r\n      {\r\n        \"properties\": {\r\n          \"privateIPAllocationMethod\": \"Dynamic\",\r\n          \"subnet\": {\r\n            \"id\": \"/subscriptions/1c638cf4-608f-4ee6-b680-c329e824c3a8/resourceGroups/rgcomv2be28164d26d2f2b/providers/Microsoft.Network/virtualNetworks/vnetc000315669ca/subnets/subnet1\"\r\n          }\r\n        },\r\n        \"name\": \"primary\"\r\n      }\r\n    ],\r\n    \"dnsSettings\": {}\r\n  },\r\n  \"location\": \"westcentralus\",\r\n  \"tags\": {}\r\n}",
      "RequestHeaders": {
        "Content-Type": [
          "application/json; charset=utf-8"
        ],
        "Content-Length": [
          "490"
        ],
        "x-ms-client-request-id": [
          "b0ceb444-64c9-4142-b38d-4e403cede9a8"
        ],
        "accept-language": [
          "en-US"
        ],
        "User-Agent": [
          "FxVersion/4.6.24410.01",
          "Microsoft.Azure.Management.Network.Fluent.NetworkManagementClient/1.0.0"
        ]
      },
      "ResponseBody": "{\r\n  \"name\": \"nic4315580dbe4\",\r\n  \"id\": \"/subscriptions/1c638cf4-608f-4ee6-b680-c329e824c3a8/resourceGroups/rgcomv2be28164d26d2f2b/providers/Microsoft.Network/networkInterfaces/nic4315580dbe4\",\r\n  \"etag\": \"W/\\\"1f814385-04e3-4daa-8ce1-634d4878d124\\\"\",\r\n  \"location\": \"westcentralus\",\r\n  \"tags\": {},\r\n  \"properties\": {\r\n    \"provisioningState\": \"Succeeded\",\r\n    \"resourceGuid\": \"a9e02de9-1cb3-4f77-8e00-18110139e22b\",\r\n    \"ipConfigurations\": [\r\n      {\r\n        \"name\": \"primary\",\r\n        \"id\": \"/subscriptions/1c638cf4-608f-4ee6-b680-c329e824c3a8/resourceGroups/rgcomv2be28164d26d2f2b/providers/Microsoft.Network/networkInterfaces/nic4315580dbe4/ipConfigurations/primary\",\r\n        \"etag\": \"W/\\\"1f814385-04e3-4daa-8ce1-634d4878d124\\\"\",\r\n        \"properties\": {\r\n          \"provisioningState\": \"Succeeded\",\r\n          \"privateIPAddress\": \"10.0.0.4\",\r\n          \"privateIPAllocationMethod\": \"Dynamic\",\r\n          \"subnet\": {\r\n            \"id\": \"/subscriptions/1c638cf4-608f-4ee6-b680-c329e824c3a8/resourceGroups/rgcomv2be28164d26d2f2b/providers/Microsoft.Network/virtualNetworks/vnetc000315669ca/subnets/subnet1\"\r\n          },\r\n          \"primary\": true,\r\n          \"privateIPAddressVersion\": \"IPv4\"\r\n        }\r\n      }\r\n    ],\r\n    \"dnsSettings\": {\r\n      \"dnsServers\": [],\r\n      \"appliedDnsServers\": [],\r\n      \"internalDomainNameSuffix\": \"fysf54ckenweljnzgrv0kdygdf.yx.internal.cloudapp.net\"\r\n    },\r\n    \"enableAcceleratedNetworking\": false,\r\n    \"enableIPForwarding\": false\r\n  },\r\n  \"type\": \"Microsoft.Network/networkInterfaces\"\r\n}",
      "ResponseHeaders": {
        "Content-Length": [
          "1537"
        ],
        "Content-Type": [
          "application/json; charset=utf-8"
        ],
        "Expires": [
          "-1"
        ],
        "Cache-Control": [
          "no-cache"
        ],
        "Date": [
          "Tue, 11 Apr 2017 19:50:04 GMT"
        ],
        "Pragma": [
          "no-cache"
        ],
        "Server": [
          "Microsoft-HTTPAPI/2.0",
          "Microsoft-HTTPAPI/2.0"
        ],
        "x-ms-request-id": [
          "6bd50570-672f-4ee2-85bc-9ea1e3a1e4ae"
        ],
        "Azure-AsyncOperation": [
          "https://management.azure.com/subscriptions/1c638cf4-608f-4ee6-b680-c329e824c3a8/providers/Microsoft.Network/locations/westcentralus/operations/6bd50570-672f-4ee2-85bc-9ea1e3a1e4ae?api-version=2016-12-01"
        ],
        "Strict-Transport-Security": [
          "max-age=31536000; includeSubDomains"
        ],
        "x-ms-ratelimit-remaining-subscription-writes": [
          "1198"
        ],
        "x-ms-correlation-request-id": [
          "d640fc14-e335-462c-9776-9fee2540cea4"
        ],
        "x-ms-routing-request-id": [
          "WESTUS2:20170411T195005Z:d640fc14-e335-462c-9776-9fee2540cea4"
        ]
      },
      "StatusCode": 201
    },
    {
      "RequestUri": "/subscriptions/1c638cf4-608f-4ee6-b680-c329e824c3a8/resourceGroups/rgcomv2be28164d26d2f2b/providers/Microsoft.Network/networkInterfaces/nic4315580dbe4?api-version=2016-12-01",
      "EncodedRequestUri": "L3N1YnNjcmlwdGlvbnMvMWM2MzhjZjQtNjA4Zi00ZWU2LWI2ODAtYzMyOWU4MjRjM2E4L3Jlc291cmNlR3JvdXBzL3JnY29tdjJiZTI4MTY0ZDI2ZDJmMmIvcHJvdmlkZXJzL01pY3Jvc29mdC5OZXR3b3JrL25ldHdvcmtJbnRlcmZhY2VzL25pYzQzMTU1ODBkYmU0P2FwaS12ZXJzaW9uPTIwMTYtMTItMDE=",
      "RequestMethod": "GET",
      "RequestBody": "",
      "RequestHeaders": {
        "User-Agent": [
          "FxVersion/4.6.24410.01",
          "Microsoft.Azure.Management.Network.Fluent.NetworkManagementClient/1.0.0"
        ]
      },
      "ResponseBody": "{\r\n  \"name\": \"nic4315580dbe4\",\r\n  \"id\": \"/subscriptions/1c638cf4-608f-4ee6-b680-c329e824c3a8/resourceGroups/rgcomv2be28164d26d2f2b/providers/Microsoft.Network/networkInterfaces/nic4315580dbe4\",\r\n  \"etag\": \"W/\\\"1f814385-04e3-4daa-8ce1-634d4878d124\\\"\",\r\n  \"location\": \"westcentralus\",\r\n  \"tags\": {},\r\n  \"properties\": {\r\n    \"provisioningState\": \"Succeeded\",\r\n    \"resourceGuid\": \"a9e02de9-1cb3-4f77-8e00-18110139e22b\",\r\n    \"ipConfigurations\": [\r\n      {\r\n        \"name\": \"primary\",\r\n        \"id\": \"/subscriptions/1c638cf4-608f-4ee6-b680-c329e824c3a8/resourceGroups/rgcomv2be28164d26d2f2b/providers/Microsoft.Network/networkInterfaces/nic4315580dbe4/ipConfigurations/primary\",\r\n        \"etag\": \"W/\\\"1f814385-04e3-4daa-8ce1-634d4878d124\\\"\",\r\n        \"properties\": {\r\n          \"provisioningState\": \"Succeeded\",\r\n          \"privateIPAddress\": \"10.0.0.4\",\r\n          \"privateIPAllocationMethod\": \"Dynamic\",\r\n          \"subnet\": {\r\n            \"id\": \"/subscriptions/1c638cf4-608f-4ee6-b680-c329e824c3a8/resourceGroups/rgcomv2be28164d26d2f2b/providers/Microsoft.Network/virtualNetworks/vnetc000315669ca/subnets/subnet1\"\r\n          },\r\n          \"primary\": true,\r\n          \"privateIPAddressVersion\": \"IPv4\"\r\n        }\r\n      }\r\n    ],\r\n    \"dnsSettings\": {\r\n      \"dnsServers\": [],\r\n      \"appliedDnsServers\": [],\r\n      \"internalDomainNameSuffix\": \"fysf54ckenweljnzgrv0kdygdf.yx.internal.cloudapp.net\"\r\n    },\r\n    \"enableAcceleratedNetworking\": false,\r\n    \"enableIPForwarding\": false\r\n  },\r\n  \"type\": \"Microsoft.Network/networkInterfaces\"\r\n}",
      "ResponseHeaders": {
        "Content-Type": [
          "application/json; charset=utf-8"
        ],
        "Expires": [
          "-1"
        ],
        "Cache-Control": [
          "no-cache"
        ],
        "Date": [
          "Tue, 11 Apr 2017 19:50:04 GMT"
        ],
        "Pragma": [
          "no-cache"
        ],
        "Transfer-Encoding": [
          "chunked"
        ],
        "ETag": [
          "W/\"1f814385-04e3-4daa-8ce1-634d4878d124\""
        ],
        "Server": [
          "Microsoft-HTTPAPI/2.0",
          "Microsoft-HTTPAPI/2.0"
        ],
        "Vary": [
          "Accept-Encoding"
        ],
        "x-ms-request-id": [
          "b183fed4-280c-4f8c-8503-2091c600698d"
        ],
        "Strict-Transport-Security": [
          "max-age=31536000; includeSubDomains"
        ],
        "x-ms-ratelimit-remaining-subscription-reads": [
          "14979"
        ],
        "x-ms-correlation-request-id": [
          "1fb18b67-fbad-4ff1-bad5-1a4771889519"
        ],
        "x-ms-routing-request-id": [
          "WESTUS2:20170411T195005Z:1fb18b67-fbad-4ff1-bad5-1a4771889519"
        ]
      },
      "StatusCode": 200
    },
    {
      "RequestUri": "/subscriptions/1c638cf4-608f-4ee6-b680-c329e824c3a8/resourceGroups/rgcomv2be28164d26d2f2b/providers/Microsoft.Network/networkInterfaces/nic4315580dbe4?api-version=2016-12-01",
      "EncodedRequestUri": "L3N1YnNjcmlwdGlvbnMvMWM2MzhjZjQtNjA4Zi00ZWU2LWI2ODAtYzMyOWU4MjRjM2E4L3Jlc291cmNlR3JvdXBzL3JnY29tdjJiZTI4MTY0ZDI2ZDJmMmIvcHJvdmlkZXJzL01pY3Jvc29mdC5OZXR3b3JrL25ldHdvcmtJbnRlcmZhY2VzL25pYzQzMTU1ODBkYmU0P2FwaS12ZXJzaW9uPTIwMTYtMTItMDE=",
      "RequestMethod": "GET",
      "RequestBody": "",
      "RequestHeaders": {
        "x-ms-client-request-id": [
          "c3b6ef6f-dcfa-47d3-94a1-bb0795614af4"
        ],
        "accept-language": [
          "en-US"
        ],
        "User-Agent": [
          "FxVersion/4.6.24410.01",
          "Microsoft.Azure.Management.Network.Fluent.NetworkManagementClient/1.0.0"
        ]
      },
      "ResponseBody": "{\r\n  \"name\": \"nic4315580dbe4\",\r\n  \"id\": \"/subscriptions/1c638cf4-608f-4ee6-b680-c329e824c3a8/resourceGroups/rgcomv2be28164d26d2f2b/providers/Microsoft.Network/networkInterfaces/nic4315580dbe4\",\r\n  \"etag\": \"W/\\\"b79def0a-4116-4cef-b23f-1ba8b6546e32\\\"\",\r\n  \"location\": \"westcentralus\",\r\n  \"tags\": {},\r\n  \"properties\": {\r\n    \"provisioningState\": \"Succeeded\",\r\n    \"resourceGuid\": \"a9e02de9-1cb3-4f77-8e00-18110139e22b\",\r\n    \"ipConfigurations\": [\r\n      {\r\n        \"name\": \"primary\",\r\n        \"id\": \"/subscriptions/1c638cf4-608f-4ee6-b680-c329e824c3a8/resourceGroups/rgcomv2be28164d26d2f2b/providers/Microsoft.Network/networkInterfaces/nic4315580dbe4/ipConfigurations/primary\",\r\n        \"etag\": \"W/\\\"b79def0a-4116-4cef-b23f-1ba8b6546e32\\\"\",\r\n        \"properties\": {\r\n          \"provisioningState\": \"Succeeded\",\r\n          \"privateIPAddress\": \"10.0.0.4\",\r\n          \"privateIPAllocationMethod\": \"Dynamic\",\r\n          \"subnet\": {\r\n            \"id\": \"/subscriptions/1c638cf4-608f-4ee6-b680-c329e824c3a8/resourceGroups/rgcomv2be28164d26d2f2b/providers/Microsoft.Network/virtualNetworks/vnetc000315669ca/subnets/subnet1\"\r\n          },\r\n          \"primary\": true,\r\n          \"privateIPAddressVersion\": \"IPv4\"\r\n        }\r\n      }\r\n    ],\r\n    \"dnsSettings\": {\r\n      \"dnsServers\": [],\r\n      \"appliedDnsServers\": [],\r\n      \"internalDomainNameSuffix\": \"fysf54ckenweljnzgrv0kdygdf.yx.internal.cloudapp.net\"\r\n    },\r\n    \"macAddress\": \"00-0D-3A-F8-37-5E\",\r\n    \"enableAcceleratedNetworking\": false,\r\n    \"enableIPForwarding\": false,\r\n    \"primary\": true,\r\n    \"virtualMachine\": {\r\n      \"id\": \"/subscriptions/1c638cf4-608f-4ee6-b680-c329e824c3a8/resourceGroups/rgcomv2be28164d26d2f2b/providers/Microsoft.Compute/virtualMachines/wvm024038843412ace94\"\r\n    }\r\n  },\r\n  \"type\": \"Microsoft.Network/networkInterfaces\"\r\n}",
      "ResponseHeaders": {
        "Content-Type": [
          "application/json; charset=utf-8"
        ],
        "Expires": [
          "-1"
        ],
        "Cache-Control": [
          "no-cache"
        ],
        "Date": [
          "Tue, 11 Apr 2017 19:52:36 GMT"
        ],
        "Pragma": [
          "no-cache"
        ],
        "Transfer-Encoding": [
          "chunked"
        ],
        "ETag": [
          "W/\"b79def0a-4116-4cef-b23f-1ba8b6546e32\""
        ],
        "Server": [
          "Microsoft-HTTPAPI/2.0",
          "Microsoft-HTTPAPI/2.0"
        ],
        "Vary": [
          "Accept-Encoding"
        ],
        "x-ms-request-id": [
          "242bcfbf-06af-46f6-a896-b448e744d342"
        ],
        "Strict-Transport-Security": [
          "max-age=31536000; includeSubDomains"
        ],
        "x-ms-ratelimit-remaining-subscription-reads": [
          "14972"
        ],
        "x-ms-correlation-request-id": [
          "258053c8-1bd4-4b27-ac59-53d95d9ede4c"
        ],
        "x-ms-routing-request-id": [
          "WESTUS2:20170411T195237Z:258053c8-1bd4-4b27-ac59-53d95d9ede4c"
        ]
      },
      "StatusCode": 200
    },
    {
      "RequestUri": "/subscriptions/1c638cf4-608f-4ee6-b680-c329e824c3a8/resourceGroups/rgcomv2be28164d26d2f2b/providers/Microsoft.Compute/virtualMachines/wvm024038843412ace94?api-version=2016-04-30-preview",
      "EncodedRequestUri": "L3N1YnNjcmlwdGlvbnMvMWM2MzhjZjQtNjA4Zi00ZWU2LWI2ODAtYzMyOWU4MjRjM2E4L3Jlc291cmNlR3JvdXBzL3JnY29tdjJiZTI4MTY0ZDI2ZDJmMmIvcHJvdmlkZXJzL01pY3Jvc29mdC5Db21wdXRlL3ZpcnR1YWxNYWNoaW5lcy93dm0wMjQwMzg4NDM0MTJhY2U5ND9hcGktdmVyc2lvbj0yMDE2LTA0LTMwLXByZXZpZXc=",
      "RequestMethod": "PUT",
      "RequestBody": "{\r\n  \"properties\": {\r\n    \"hardwareProfile\": {\r\n      \"vmSize\": \"Standard_D3_v2\"\r\n    },\r\n    \"storageProfile\": {\r\n      \"imageReference\": {\r\n        \"publisher\": \"MicrosoftWindowsServer\",\r\n        \"offer\": \"WindowsServer\",\r\n        \"sku\": \"2012-R2-Datacenter\",\r\n        \"version\": \"latest\"\r\n      },\r\n      \"osDisk\": {\r\n        \"caching\": \"ReadWrite\",\r\n        \"createOption\": \"fromImage\",\r\n        \"managedDisk\": {\r\n          \"storageAccountType\": \"Standard_LRS\"\r\n        }\r\n      },\r\n      \"dataDisks\": [\r\n        {\r\n          \"lun\": 0,\r\n          \"caching\": \"ReadWrite\",\r\n          \"createOption\": \"attach\",\r\n          \"managedDisk\": {\r\n            \"id\": \"/subscriptions/1c638cf4-608f-4ee6-b680-c329e824c3a8/resourceGroups/rgcomv2be28164d26d2f2b/providers/Microsoft.Compute/disks/dsk-6c89576046cdd10f3\"\r\n          }\r\n        },\r\n        {\r\n          \"lun\": 1,\r\n          \"caching\": \"ReadWrite\",\r\n          \"createOption\": \"attach\",\r\n          \"managedDisk\": {\r\n            \"id\": \"/subscriptions/1c638cf4-608f-4ee6-b680-c329e824c3a8/resourceGroups/rgcomv2be28164d26d2f2b/providers/Microsoft.Compute/disks/dsk-f3958901328006b28\"\r\n          }\r\n        },\r\n        {\r\n          \"lun\": 2,\r\n          \"caching\": \"ReadWrite\",\r\n          \"createOption\": \"empty\",\r\n          \"diskSizeGB\": 10,\r\n          \"managedDisk\": {\r\n            \"storageAccountType\": \"Standard_LRS\"\r\n          }\r\n        }\r\n      ]\r\n    },\r\n    \"osProfile\": {\r\n      \"computerName\": \"vm2ff6843534\",\r\n      \"adminUsername\": \"tirekicker\",\r\n      \"adminPassword\": \"12NewPA$$w0rd!\",\r\n      \"windowsConfiguration\": {\r\n        \"provisionVMAgent\": true,\r\n        \"enableAutomaticUpdates\": true\r\n      }\r\n    },\r\n    \"networkProfile\": {\r\n      \"networkInterfaces\": [\r\n        {\r\n          \"properties\": {\r\n            \"primary\": true\r\n          },\r\n          \"id\": \"/subscriptions/1c638cf4-608f-4ee6-b680-c329e824c3a8/resourceGroups/rgcomv2be28164d26d2f2b/providers/Microsoft.Network/networkInterfaces/nic4315580dbe4\"\r\n        }\r\n      ]\r\n    }\r\n  },\r\n  \"location\": \"westcentralus\",\r\n  \"tags\": {}\r\n}",
      "RequestHeaders": {
        "Content-Type": [
          "application/json; charset=utf-8"
        ],
        "Content-Length": [
          "2058"
        ],
        "x-ms-client-request-id": [
          "f5666029-aa12-4e45-b512-a82745b1af32"
        ],
        "accept-language": [
          "en-US"
        ],
        "User-Agent": [
          "FxVersion/4.6.24410.01",
          "Microsoft.Azure.Management.Compute.Fluent.ComputeManagementClient/1.0.0"
        ]
      },
      "ResponseBody": "{\r\n  \"properties\": {\r\n    \"vmId\": \"bb6b86f5-6fe3-4593-ba19-08857a2d070f\",\r\n    \"hardwareProfile\": {\r\n      \"vmSize\": \"Standard_D3_v2\"\r\n    },\r\n    \"storageProfile\": {\r\n      \"imageReference\": {\r\n        \"publisher\": \"MicrosoftWindowsServer\",\r\n        \"offer\": \"WindowsServer\",\r\n        \"sku\": \"2012-R2-Datacenter\",\r\n        \"version\": \"latest\"\r\n      },\r\n      \"osDisk\": {\r\n        \"osType\": \"Windows\",\r\n        \"createOption\": \"FromImage\",\r\n        \"caching\": \"ReadWrite\",\r\n        \"managedDisk\": {\r\n          \"storageAccountType\": \"Standard_LRS\"\r\n        }\r\n      },\r\n      \"dataDisks\": [\r\n        {\r\n          \"lun\": 0,\r\n          \"name\": \"dsk-6c89576046cdd10f3\",\r\n          \"createOption\": \"Attach\",\r\n          \"caching\": \"ReadWrite\",\r\n          \"managedDisk\": {\r\n            \"storageAccountType\": \"Standard_LRS\",\r\n            \"id\": \"/subscriptions/1c638cf4-608f-4ee6-b680-c329e824c3a8/resourceGroups/rgcomv2be28164d26d2f2b/providers/Microsoft.Compute/disks/dsk-6c89576046cdd10f3\"\r\n          },\r\n          \"diskSizeGB\": 100\r\n        },\r\n        {\r\n          \"lun\": 1,\r\n          \"name\": \"dsk-f3958901328006b28\",\r\n          \"createOption\": \"Attach\",\r\n          \"caching\": \"ReadWrite\",\r\n          \"managedDisk\": {\r\n            \"storageAccountType\": \"Standard_LRS\",\r\n            \"id\": \"/subscriptions/1c638cf4-608f-4ee6-b680-c329e824c3a8/resourceGroups/rgcomv2be28164d26d2f2b/providers/Microsoft.Compute/disks/dsk-f3958901328006b28\"\r\n          },\r\n          \"diskSizeGB\": 50\r\n        },\r\n        {\r\n          \"lun\": 2,\r\n          \"createOption\": \"Empty\",\r\n          \"caching\": \"ReadWrite\",\r\n          \"managedDisk\": {\r\n            \"storageAccountType\": \"Standard_LRS\"\r\n          },\r\n          \"diskSizeGB\": 10\r\n        }\r\n      ]\r\n    },\r\n    \"osProfile\": {\r\n      \"computerName\": \"vm2ff6843534\",\r\n      \"adminUsername\": \"tirekicker\",\r\n      \"windowsConfiguration\": {\r\n        \"provisionVMAgent\": true,\r\n        \"enableAutomaticUpdates\": true\r\n      },\r\n      \"secrets\": []\r\n    },\r\n    \"networkProfile\": {\r\n      \"networkInterfaces\": [\r\n        {\r\n          \"id\": \"/subscriptions/1c638cf4-608f-4ee6-b680-c329e824c3a8/resourceGroups/rgcomv2be28164d26d2f2b/providers/Microsoft.Network/networkInterfaces/nic4315580dbe4\",\r\n          \"properties\": {\r\n            \"primary\": true\r\n          }\r\n        }\r\n      ]\r\n    },\r\n    \"provisioningState\": \"Creating\"\r\n  },\r\n  \"type\": \"Microsoft.Compute/virtualMachines\",\r\n  \"location\": \"westcentralus\",\r\n  \"tags\": {},\r\n  \"id\": \"/subscriptions/1c638cf4-608f-4ee6-b680-c329e824c3a8/resourceGroups/rgcomv2be28164d26d2f2b/providers/Microsoft.Compute/virtualMachines/wvm024038843412ace94\",\r\n  \"name\": \"wvm024038843412ace94\"\r\n}",
      "ResponseHeaders": {
        "Content-Length": [
          "2562"
        ],
        "Content-Type": [
          "application/json; charset=utf-8"
        ],
        "Expires": [
          "-1"
        ],
        "Cache-Control": [
          "no-cache"
        ],
        "Date": [
          "Tue, 11 Apr 2017 19:50:05 GMT"
        ],
        "Pragma": [
          "no-cache"
        ],
        "Server": [
          "Microsoft-HTTPAPI/2.0",
          "Microsoft-HTTPAPI/2.0"
        ],
        "Azure-AsyncOperation": [
          "https://management.azure.com/subscriptions/1c638cf4-608f-4ee6-b680-c329e824c3a8/providers/Microsoft.Compute/locations/westcentralus/operations/284e5ea6-24f0-408f-980a-1a3b2d01686f?api-version=2016-04-30-preview"
        ],
        "Strict-Transport-Security": [
          "max-age=31536000; includeSubDomains"
        ],
        "x-ms-served-by": [
          "b9a85f54-0d59-4290-8cc5-8d8b300978bb_131139682228523734"
        ],
        "x-ms-request-id": [
          "284e5ea6-24f0-408f-980a-1a3b2d01686f"
        ],
        "x-ms-ratelimit-remaining-subscription-writes": [
          "1197"
        ],
        "x-ms-correlation-request-id": [
          "3199780e-774b-49c2-86d5-87d4eb71e9f5"
        ],
        "x-ms-routing-request-id": [
          "WESTUS2:20170411T195005Z:3199780e-774b-49c2-86d5-87d4eb71e9f5"
        ]
      },
      "StatusCode": 201
    },
    {
      "RequestUri": "/subscriptions/1c638cf4-608f-4ee6-b680-c329e824c3a8/resourceGroups/rgcomv2be28164d26d2f2b/providers/Microsoft.Compute/virtualMachines/wvm024038843412ace94?api-version=2016-04-30-preview",
      "EncodedRequestUri": "L3N1YnNjcmlwdGlvbnMvMWM2MzhjZjQtNjA4Zi00ZWU2LWI2ODAtYzMyOWU4MjRjM2E4L3Jlc291cmNlR3JvdXBzL3JnY29tdjJiZTI4MTY0ZDI2ZDJmMmIvcHJvdmlkZXJzL01pY3Jvc29mdC5Db21wdXRlL3ZpcnR1YWxNYWNoaW5lcy93dm0wMjQwMzg4NDM0MTJhY2U5ND9hcGktdmVyc2lvbj0yMDE2LTA0LTMwLXByZXZpZXc=",
      "RequestMethod": "PUT",
      "RequestBody": "{\r\n  \"properties\": {\r\n    \"hardwareProfile\": {\r\n      \"vmSize\": \"Standard_D3_v2\"\r\n    },\r\n    \"storageProfile\": {\r\n      \"imageReference\": {\r\n        \"publisher\": \"MicrosoftWindowsServer\",\r\n        \"offer\": \"WindowsServer\",\r\n        \"sku\": \"2012-R2-Datacenter\",\r\n        \"version\": \"latest\"\r\n      },\r\n      \"osDisk\": {\r\n        \"osType\": \"Windows\",\r\n        \"name\": \"wvm024038843412ace94_OsDisk_1_51be9f3d300342a1b4795d94592e431c\",\r\n        \"caching\": \"ReadWrite\",\r\n        \"createOption\": \"fromImage\",\r\n        \"diskSizeGB\": 128,\r\n        \"managedDisk\": {\r\n          \"storageAccountType\": \"Standard_LRS\",\r\n          \"id\": \"/subscriptions/1c638cf4-608f-4ee6-b680-c329e824c3a8/resourceGroups/rgcomv2be28164d26d2f2b/providers/Microsoft.Compute/disks/wvm024038843412ace94_OsDisk_1_51be9f3d300342a1b4795d94592e431c\"\r\n        }\r\n      },\r\n      \"dataDisks\": [\r\n        {\r\n          \"lun\": 0,\r\n          \"name\": \"dsk-6c89576046cdd10f3\",\r\n          \"caching\": \"ReadWrite\",\r\n          \"createOption\": \"attach\",\r\n          \"diskSizeGB\": 100,\r\n          \"managedDisk\": {\r\n            \"storageAccountType\": \"Standard_LRS\",\r\n            \"id\": \"/subscriptions/1c638cf4-608f-4ee6-b680-c329e824c3a8/resourceGroups/rgcomv2be28164d26d2f2b/providers/Microsoft.Compute/disks/dsk-6c89576046cdd10f3\"\r\n          }\r\n        },\r\n        {\r\n          \"lun\": 1,\r\n          \"name\": \"dsk-f3958901328006b28\",\r\n          \"caching\": \"ReadWrite\",\r\n          \"createOption\": \"attach\",\r\n          \"diskSizeGB\": 50,\r\n          \"managedDisk\": {\r\n            \"storageAccountType\": \"Standard_LRS\",\r\n            \"id\": \"/subscriptions/1c638cf4-608f-4ee6-b680-c329e824c3a8/resourceGroups/rgcomv2be28164d26d2f2b/providers/Microsoft.Compute/disks/dsk-f3958901328006b28\"\r\n          }\r\n        },\r\n        {\r\n          \"lun\": 2,\r\n          \"name\": \"wvm024038843412ace94_disk4_58ab71d8b9e24c829b40d209f4f164cf\",\r\n          \"caching\": \"ReadWrite\",\r\n          \"createOption\": \"empty\",\r\n          \"diskSizeGB\": 10,\r\n          \"managedDisk\": {\r\n            \"storageAccountType\": \"Standard_LRS\",\r\n            \"id\": \"/subscriptions/1c638cf4-608f-4ee6-b680-c329e824c3a8/resourceGroups/rgcomv2be28164d26d2f2b/providers/Microsoft.Compute/disks/wvm024038843412ace94_disk4_58ab71d8b9e24c829b40d209f4f164cf\"\r\n          }\r\n        },\r\n        {\r\n          \"lun\": 3,\r\n          \"caching\": \"ReadWrite\",\r\n          \"createOption\": \"empty\",\r\n          \"diskSizeGB\": 200,\r\n          \"managedDisk\": {\r\n            \"storageAccountType\": \"Standard_LRS\"\r\n          }\r\n        }\r\n      ]\r\n    },\r\n    \"osProfile\": {\r\n      \"computerName\": \"vm2ff6843534\",\r\n      \"adminUsername\": \"tirekicker\",\r\n      \"windowsConfiguration\": {\r\n        \"provisionVMAgent\": true,\r\n        \"enableAutomaticUpdates\": true\r\n      },\r\n      \"secrets\": []\r\n    },\r\n    \"networkProfile\": {\r\n      \"networkInterfaces\": [\r\n        {\r\n          \"properties\": {\r\n            \"primary\": true\r\n          },\r\n          \"id\": \"/subscriptions/1c638cf4-608f-4ee6-b680-c329e824c3a8/resourceGroups/rgcomv2be28164d26d2f2b/providers/Microsoft.Network/networkInterfaces/nic4315580dbe4\"\r\n        }\r\n      ]\r\n    }\r\n  },\r\n  \"id\": \"/subscriptions/1c638cf4-608f-4ee6-b680-c329e824c3a8/resourceGroups/rgcomv2be28164d26d2f2b/providers/Microsoft.Compute/virtualMachines/wvm024038843412ace94\",\r\n  \"location\": \"westcentralus\",\r\n  \"tags\": {}\r\n}",
      "RequestHeaders": {
        "Content-Type": [
          "application/json; charset=utf-8"
        ],
        "Content-Length": [
          "3326"
        ],
        "x-ms-client-request-id": [
          "12c8ae37-6ca7-4656-a060-58c848150165"
        ],
        "accept-language": [
          "en-US"
        ],
        "User-Agent": [
          "FxVersion/4.6.24410.01",
          "Microsoft.Azure.Management.Compute.Fluent.ComputeManagementClient/1.0.0"
        ]
      },
      "ResponseBody": "{\r\n  \"properties\": {\r\n    \"vmId\": \"bb6b86f5-6fe3-4593-ba19-08857a2d070f\",\r\n    \"hardwareProfile\": {\r\n      \"vmSize\": \"Standard_D3_v2\"\r\n    },\r\n    \"storageProfile\": {\r\n      \"imageReference\": {\r\n        \"publisher\": \"MicrosoftWindowsServer\",\r\n        \"offer\": \"WindowsServer\",\r\n        \"sku\": \"2012-R2-Datacenter\",\r\n        \"version\": \"latest\"\r\n      },\r\n      \"osDisk\": {\r\n        \"osType\": \"Windows\",\r\n        \"name\": \"wvm024038843412ace94_OsDisk_1_51be9f3d300342a1b4795d94592e431c\",\r\n        \"createOption\": \"FromImage\",\r\n        \"caching\": \"ReadWrite\",\r\n        \"managedDisk\": {\r\n          \"storageAccountType\": \"Standard_LRS\",\r\n          \"id\": \"/subscriptions/1c638cf4-608f-4ee6-b680-c329e824c3a8/resourceGroups/rgcomv2be28164d26d2f2b/providers/Microsoft.Compute/disks/wvm024038843412ace94_OsDisk_1_51be9f3d300342a1b4795d94592e431c\"\r\n        },\r\n        \"diskSizeGB\": 128\r\n      },\r\n      \"dataDisks\": [\r\n        {\r\n          \"lun\": 0,\r\n          \"name\": \"dsk-6c89576046cdd10f3\",\r\n          \"createOption\": \"Attach\",\r\n          \"caching\": \"ReadWrite\",\r\n          \"managedDisk\": {\r\n            \"storageAccountType\": \"Standard_LRS\",\r\n            \"id\": \"/subscriptions/1c638cf4-608f-4ee6-b680-c329e824c3a8/resourceGroups/rgcomv2be28164d26d2f2b/providers/Microsoft.Compute/disks/dsk-6c89576046cdd10f3\"\r\n          },\r\n          \"diskSizeGB\": 100\r\n        },\r\n        {\r\n          \"lun\": 1,\r\n          \"name\": \"dsk-f3958901328006b28\",\r\n          \"createOption\": \"Attach\",\r\n          \"caching\": \"ReadWrite\",\r\n          \"managedDisk\": {\r\n            \"storageAccountType\": \"Standard_LRS\",\r\n            \"id\": \"/subscriptions/1c638cf4-608f-4ee6-b680-c329e824c3a8/resourceGroups/rgcomv2be28164d26d2f2b/providers/Microsoft.Compute/disks/dsk-f3958901328006b28\"\r\n          },\r\n          \"diskSizeGB\": 50\r\n        },\r\n        {\r\n          \"lun\": 2,\r\n          \"name\": \"wvm024038843412ace94_disk4_58ab71d8b9e24c829b40d209f4f164cf\",\r\n          \"createOption\": \"Empty\",\r\n          \"caching\": \"ReadWrite\",\r\n          \"managedDisk\": {\r\n            \"storageAccountType\": \"Standard_LRS\",\r\n            \"id\": \"/subscriptions/1c638cf4-608f-4ee6-b680-c329e824c3a8/resourceGroups/rgcomv2be28164d26d2f2b/providers/Microsoft.Compute/disks/wvm024038843412ace94_disk4_58ab71d8b9e24c829b40d209f4f164cf\"\r\n          },\r\n          \"diskSizeGB\": 10\r\n        },\r\n        {\r\n          \"lun\": 3,\r\n          \"createOption\": \"Empty\",\r\n          \"caching\": \"ReadWrite\",\r\n          \"managedDisk\": {\r\n            \"storageAccountType\": \"Standard_LRS\"\r\n          },\r\n          \"diskSizeGB\": 200\r\n        }\r\n      ]\r\n    },\r\n    \"osProfile\": {\r\n      \"computerName\": \"vm2ff6843534\",\r\n      \"adminUsername\": \"tirekicker\",\r\n      \"windowsConfiguration\": {\r\n        \"provisionVMAgent\": true,\r\n        \"enableAutomaticUpdates\": true\r\n      },\r\n      \"secrets\": []\r\n    },\r\n    \"networkProfile\": {\r\n      \"networkInterfaces\": [\r\n        {\r\n          \"id\": \"/subscriptions/1c638cf4-608f-4ee6-b680-c329e824c3a8/resourceGroups/rgcomv2be28164d26d2f2b/providers/Microsoft.Network/networkInterfaces/nic4315580dbe4\",\r\n          \"properties\": {\r\n            \"primary\": true\r\n          }\r\n        }\r\n      ]\r\n    },\r\n    \"provisioningState\": \"Updating\"\r\n  },\r\n  \"type\": \"Microsoft.Compute/virtualMachines\",\r\n  \"location\": \"westcentralus\",\r\n  \"tags\": {},\r\n  \"id\": \"/subscriptions/1c638cf4-608f-4ee6-b680-c329e824c3a8/resourceGroups/rgcomv2be28164d26d2f2b/providers/Microsoft.Compute/virtualMachines/wvm024038843412ace94\",\r\n  \"name\": \"wvm024038843412ace94\"\r\n}",
      "ResponseHeaders": {
        "Content-Type": [
          "application/json; charset=utf-8"
        ],
        "Expires": [
          "-1"
        ],
        "Cache-Control": [
          "no-cache"
        ],
        "Date": [
          "Tue, 11 Apr 2017 19:54:40 GMT"
        ],
        "Pragma": [
          "no-cache"
        ],
        "Transfer-Encoding": [
          "chunked"
        ],
        "Server": [
          "Microsoft-HTTPAPI/2.0",
          "Microsoft-HTTPAPI/2.0"
        ],
        "Vary": [
          "Accept-Encoding"
        ],
        "Azure-AsyncOperation": [
          "https://management.azure.com/subscriptions/1c638cf4-608f-4ee6-b680-c329e824c3a8/providers/Microsoft.Compute/locations/westcentralus/operations/3724bf36-6183-494e-a38f-38e813310f21?api-version=2016-04-30-preview"
        ],
        "Strict-Transport-Security": [
          "max-age=31536000; includeSubDomains"
        ],
        "x-ms-served-by": [
          "b9a85f54-0d59-4290-8cc5-8d8b300978bb_131139682228523734"
        ],
        "x-ms-request-id": [
          "3724bf36-6183-494e-a38f-38e813310f21"
        ],
        "x-ms-ratelimit-remaining-subscription-writes": [
          "1192"
        ],
        "x-ms-correlation-request-id": [
          "379cea6c-13ea-45ce-8be7-9e7b996cece9"
        ],
        "x-ms-routing-request-id": [
          "WESTUS2:20170411T195440Z:379cea6c-13ea-45ce-8be7-9e7b996cece9"
        ]
      },
      "StatusCode": 200
    },
    {
      "RequestUri": "/subscriptions/1c638cf4-608f-4ee6-b680-c329e824c3a8/providers/Microsoft.Compute/locations/westcentralus/operations/284e5ea6-24f0-408f-980a-1a3b2d01686f?api-version=2016-04-30-preview",
      "EncodedRequestUri": "L3N1YnNjcmlwdGlvbnMvMWM2MzhjZjQtNjA4Zi00ZWU2LWI2ODAtYzMyOWU4MjRjM2E4L3Byb3ZpZGVycy9NaWNyb3NvZnQuQ29tcHV0ZS9sb2NhdGlvbnMvd2VzdGNlbnRyYWx1cy9vcGVyYXRpb25zLzI4NGU1ZWE2LTI0ZjAtNDA4Zi05ODBhLTFhM2IyZDAxNjg2Zj9hcGktdmVyc2lvbj0yMDE2LTA0LTMwLXByZXZpZXc=",
      "RequestMethod": "GET",
      "RequestBody": "",
      "RequestHeaders": {
        "User-Agent": [
          "FxVersion/4.6.24410.01",
          "Microsoft.Azure.Management.Compute.Fluent.ComputeManagementClient/1.0.0"
        ]
      },
      "ResponseBody": "{\r\n  \"startTime\": \"2017-04-11T12:50:05.7518735-07:00\",\r\n  \"status\": \"InProgress\",\r\n  \"name\": \"284e5ea6-24f0-408f-980a-1a3b2d01686f\"\r\n}",
      "ResponseHeaders": {
        "Content-Type": [
          "application/json; charset=utf-8"
        ],
        "Expires": [
          "-1"
        ],
        "Cache-Control": [
          "no-cache"
        ],
        "Date": [
          "Tue, 11 Apr 2017 19:50:35 GMT"
        ],
        "Pragma": [
          "no-cache"
        ],
        "Transfer-Encoding": [
          "chunked"
        ],
        "Server": [
          "Microsoft-HTTPAPI/2.0",
          "Microsoft-HTTPAPI/2.0"
        ],
        "Vary": [
          "Accept-Encoding"
        ],
        "Strict-Transport-Security": [
          "max-age=31536000; includeSubDomains"
        ],
        "x-ms-served-by": [
          "b9a85f54-0d59-4290-8cc5-8d8b300978bb_131139682228523734"
        ],
        "x-ms-request-id": [
          "17385055-c24a-486a-81d6-66ecaecb9efa"
        ],
        "x-ms-ratelimit-remaining-subscription-reads": [
          "14978"
        ],
        "x-ms-correlation-request-id": [
          "65a6c263-9210-4d85-b521-75cdabf58d61"
        ],
        "x-ms-routing-request-id": [
          "WESTUS2:20170411T195036Z:65a6c263-9210-4d85-b521-75cdabf58d61"
        ]
      },
      "StatusCode": 200
    },
    {
      "RequestUri": "/subscriptions/1c638cf4-608f-4ee6-b680-c329e824c3a8/providers/Microsoft.Compute/locations/westcentralus/operations/284e5ea6-24f0-408f-980a-1a3b2d01686f?api-version=2016-04-30-preview",
      "EncodedRequestUri": "L3N1YnNjcmlwdGlvbnMvMWM2MzhjZjQtNjA4Zi00ZWU2LWI2ODAtYzMyOWU4MjRjM2E4L3Byb3ZpZGVycy9NaWNyb3NvZnQuQ29tcHV0ZS9sb2NhdGlvbnMvd2VzdGNlbnRyYWx1cy9vcGVyYXRpb25zLzI4NGU1ZWE2LTI0ZjAtNDA4Zi05ODBhLTFhM2IyZDAxNjg2Zj9hcGktdmVyc2lvbj0yMDE2LTA0LTMwLXByZXZpZXc=",
      "RequestMethod": "GET",
      "RequestBody": "",
      "RequestHeaders": {
        "User-Agent": [
          "FxVersion/4.6.24410.01",
          "Microsoft.Azure.Management.Compute.Fluent.ComputeManagementClient/1.0.0"
        ]
      },
      "ResponseBody": "{\r\n  \"startTime\": \"2017-04-11T12:50:05.7518735-07:00\",\r\n  \"status\": \"InProgress\",\r\n  \"name\": \"284e5ea6-24f0-408f-980a-1a3b2d01686f\"\r\n}",
      "ResponseHeaders": {
        "Content-Type": [
          "application/json; charset=utf-8"
        ],
        "Expires": [
          "-1"
        ],
        "Cache-Control": [
          "no-cache"
        ],
        "Date": [
          "Tue, 11 Apr 2017 19:51:06 GMT"
        ],
        "Pragma": [
          "no-cache"
        ],
        "Transfer-Encoding": [
          "chunked"
        ],
        "Server": [
          "Microsoft-HTTPAPI/2.0",
          "Microsoft-HTTPAPI/2.0"
        ],
        "Vary": [
          "Accept-Encoding"
        ],
        "Strict-Transport-Security": [
          "max-age=31536000; includeSubDomains"
        ],
        "x-ms-served-by": [
          "b9a85f54-0d59-4290-8cc5-8d8b300978bb_131139682228523734"
        ],
        "x-ms-request-id": [
          "79622c94-2bd0-4a10-a500-7c94380c8d64"
        ],
        "x-ms-ratelimit-remaining-subscription-reads": [
          "14977"
        ],
        "x-ms-correlation-request-id": [
          "f8b9fe86-f471-4f22-a1a0-00c1789c52d1"
        ],
        "x-ms-routing-request-id": [
          "WESTUS2:20170411T195106Z:f8b9fe86-f471-4f22-a1a0-00c1789c52d1"
        ]
      },
      "StatusCode": 200
    },
    {
      "RequestUri": "/subscriptions/1c638cf4-608f-4ee6-b680-c329e824c3a8/providers/Microsoft.Compute/locations/westcentralus/operations/284e5ea6-24f0-408f-980a-1a3b2d01686f?api-version=2016-04-30-preview",
      "EncodedRequestUri": "L3N1YnNjcmlwdGlvbnMvMWM2MzhjZjQtNjA4Zi00ZWU2LWI2ODAtYzMyOWU4MjRjM2E4L3Byb3ZpZGVycy9NaWNyb3NvZnQuQ29tcHV0ZS9sb2NhdGlvbnMvd2VzdGNlbnRyYWx1cy9vcGVyYXRpb25zLzI4NGU1ZWE2LTI0ZjAtNDA4Zi05ODBhLTFhM2IyZDAxNjg2Zj9hcGktdmVyc2lvbj0yMDE2LTA0LTMwLXByZXZpZXc=",
      "RequestMethod": "GET",
      "RequestBody": "",
      "RequestHeaders": {
        "User-Agent": [
          "FxVersion/4.6.24410.01",
          "Microsoft.Azure.Management.Compute.Fluent.ComputeManagementClient/1.0.0"
        ]
      },
      "ResponseBody": "{\r\n  \"startTime\": \"2017-04-11T12:50:05.7518735-07:00\",\r\n  \"status\": \"InProgress\",\r\n  \"name\": \"284e5ea6-24f0-408f-980a-1a3b2d01686f\"\r\n}",
      "ResponseHeaders": {
        "Content-Type": [
          "application/json; charset=utf-8"
        ],
        "Expires": [
          "-1"
        ],
        "Cache-Control": [
          "no-cache"
        ],
        "Date": [
          "Tue, 11 Apr 2017 19:51:36 GMT"
        ],
        "Pragma": [
          "no-cache"
        ],
        "Transfer-Encoding": [
          "chunked"
        ],
        "Server": [
          "Microsoft-HTTPAPI/2.0",
          "Microsoft-HTTPAPI/2.0"
        ],
        "Vary": [
          "Accept-Encoding"
        ],
        "Strict-Transport-Security": [
          "max-age=31536000; includeSubDomains"
        ],
        "x-ms-served-by": [
          "b9a85f54-0d59-4290-8cc5-8d8b300978bb_131139682228523734"
        ],
        "x-ms-request-id": [
          "38690795-a80e-4572-ae76-b4806b4064d8"
        ],
        "x-ms-ratelimit-remaining-subscription-reads": [
          "14976"
        ],
        "x-ms-correlation-request-id": [
          "8f875199-b740-4605-a5be-ad73d6f58910"
        ],
        "x-ms-routing-request-id": [
          "WESTUS2:20170411T195136Z:8f875199-b740-4605-a5be-ad73d6f58910"
        ]
      },
      "StatusCode": 200
    },
    {
      "RequestUri": "/subscriptions/1c638cf4-608f-4ee6-b680-c329e824c3a8/providers/Microsoft.Compute/locations/westcentralus/operations/284e5ea6-24f0-408f-980a-1a3b2d01686f?api-version=2016-04-30-preview",
      "EncodedRequestUri": "L3N1YnNjcmlwdGlvbnMvMWM2MzhjZjQtNjA4Zi00ZWU2LWI2ODAtYzMyOWU4MjRjM2E4L3Byb3ZpZGVycy9NaWNyb3NvZnQuQ29tcHV0ZS9sb2NhdGlvbnMvd2VzdGNlbnRyYWx1cy9vcGVyYXRpb25zLzI4NGU1ZWE2LTI0ZjAtNDA4Zi05ODBhLTFhM2IyZDAxNjg2Zj9hcGktdmVyc2lvbj0yMDE2LTA0LTMwLXByZXZpZXc=",
      "RequestMethod": "GET",
      "RequestBody": "",
      "RequestHeaders": {
        "User-Agent": [
          "FxVersion/4.6.24410.01",
          "Microsoft.Azure.Management.Compute.Fluent.ComputeManagementClient/1.0.0"
        ]
      },
      "ResponseBody": "{\r\n  \"startTime\": \"2017-04-11T12:50:05.7518735-07:00\",\r\n  \"status\": \"InProgress\",\r\n  \"name\": \"284e5ea6-24f0-408f-980a-1a3b2d01686f\"\r\n}",
      "ResponseHeaders": {
        "Content-Type": [
          "application/json; charset=utf-8"
        ],
        "Expires": [
          "-1"
        ],
        "Cache-Control": [
          "no-cache"
        ],
        "Date": [
          "Tue, 11 Apr 2017 19:52:05 GMT"
        ],
        "Pragma": [
          "no-cache"
        ],
        "Transfer-Encoding": [
          "chunked"
        ],
        "Server": [
          "Microsoft-HTTPAPI/2.0",
          "Microsoft-HTTPAPI/2.0"
        ],
        "Vary": [
          "Accept-Encoding"
        ],
        "Strict-Transport-Security": [
          "max-age=31536000; includeSubDomains"
        ],
        "x-ms-served-by": [
          "b9a85f54-0d59-4290-8cc5-8d8b300978bb_131139682228523734"
        ],
        "x-ms-request-id": [
          "3078e498-3ee1-4c4f-8428-c2a9e0f1f875"
        ],
        "x-ms-ratelimit-remaining-subscription-reads": [
          "14975"
        ],
        "x-ms-correlation-request-id": [
          "3014dccc-5986-42a6-a429-596fc1da59e5"
        ],
        "x-ms-routing-request-id": [
          "WESTUS2:20170411T195206Z:3014dccc-5986-42a6-a429-596fc1da59e5"
        ]
      },
      "StatusCode": 200
    },
    {
      "RequestUri": "/subscriptions/1c638cf4-608f-4ee6-b680-c329e824c3a8/providers/Microsoft.Compute/locations/westcentralus/operations/284e5ea6-24f0-408f-980a-1a3b2d01686f?api-version=2016-04-30-preview",
      "EncodedRequestUri": "L3N1YnNjcmlwdGlvbnMvMWM2MzhjZjQtNjA4Zi00ZWU2LWI2ODAtYzMyOWU4MjRjM2E4L3Byb3ZpZGVycy9NaWNyb3NvZnQuQ29tcHV0ZS9sb2NhdGlvbnMvd2VzdGNlbnRyYWx1cy9vcGVyYXRpb25zLzI4NGU1ZWE2LTI0ZjAtNDA4Zi05ODBhLTFhM2IyZDAxNjg2Zj9hcGktdmVyc2lvbj0yMDE2LTA0LTMwLXByZXZpZXc=",
      "RequestMethod": "GET",
      "RequestBody": "",
      "RequestHeaders": {
        "User-Agent": [
          "FxVersion/4.6.24410.01",
          "Microsoft.Azure.Management.Compute.Fluent.ComputeManagementClient/1.0.0"
        ]
      },
      "ResponseBody": "{\r\n  \"startTime\": \"2017-04-11T12:50:05.7518735-07:00\",\r\n  \"endTime\": \"2017-04-11T12:52:25.8457155-07:00\",\r\n  \"status\": \"Succeeded\",\r\n  \"name\": \"284e5ea6-24f0-408f-980a-1a3b2d01686f\"\r\n}",
      "ResponseHeaders": {
        "Content-Type": [
          "application/json; charset=utf-8"
        ],
        "Expires": [
          "-1"
        ],
        "Cache-Control": [
          "no-cache"
        ],
        "Date": [
          "Tue, 11 Apr 2017 19:52:35 GMT"
        ],
        "Pragma": [
          "no-cache"
        ],
        "Transfer-Encoding": [
          "chunked"
        ],
        "Server": [
          "Microsoft-HTTPAPI/2.0",
          "Microsoft-HTTPAPI/2.0"
        ],
        "Vary": [
          "Accept-Encoding"
        ],
        "Strict-Transport-Security": [
          "max-age=31536000; includeSubDomains"
        ],
        "x-ms-served-by": [
          "b9a85f54-0d59-4290-8cc5-8d8b300978bb_131139682228523734"
        ],
        "x-ms-request-id": [
          "8f8d6baa-f9e3-4d53-b7b8-f53640d08adf"
        ],
        "x-ms-ratelimit-remaining-subscription-reads": [
          "14974"
        ],
        "x-ms-correlation-request-id": [
          "38f97383-c92f-48e1-928c-a2756854ce2c"
        ],
        "x-ms-routing-request-id": [
          "WESTUS2:20170411T195236Z:38f97383-c92f-48e1-928c-a2756854ce2c"
        ]
      },
      "StatusCode": 200
    },
    {
      "RequestUri": "/subscriptions/1c638cf4-608f-4ee6-b680-c329e824c3a8/resourceGroups/rgcomv2be28164d26d2f2b/providers/Microsoft.Compute/virtualMachines/wvm024038843412ace94?api-version=2016-04-30-preview",
      "EncodedRequestUri": "L3N1YnNjcmlwdGlvbnMvMWM2MzhjZjQtNjA4Zi00ZWU2LWI2ODAtYzMyOWU4MjRjM2E4L3Jlc291cmNlR3JvdXBzL3JnY29tdjJiZTI4MTY0ZDI2ZDJmMmIvcHJvdmlkZXJzL01pY3Jvc29mdC5Db21wdXRlL3ZpcnR1YWxNYWNoaW5lcy93dm0wMjQwMzg4NDM0MTJhY2U5ND9hcGktdmVyc2lvbj0yMDE2LTA0LTMwLXByZXZpZXc=",
      "RequestMethod": "GET",
      "RequestBody": "",
      "RequestHeaders": {
        "User-Agent": [
          "FxVersion/4.6.24410.01",
          "Microsoft.Azure.Management.Compute.Fluent.ComputeManagementClient/1.0.0"
        ]
      },
      "ResponseBody": "{\r\n  \"properties\": {\r\n    \"vmId\": \"bb6b86f5-6fe3-4593-ba19-08857a2d070f\",\r\n    \"hardwareProfile\": {\r\n      \"vmSize\": \"Standard_D3_v2\"\r\n    },\r\n    \"storageProfile\": {\r\n      \"imageReference\": {\r\n        \"publisher\": \"MicrosoftWindowsServer\",\r\n        \"offer\": \"WindowsServer\",\r\n        \"sku\": \"2012-R2-Datacenter\",\r\n        \"version\": \"latest\"\r\n      },\r\n      \"osDisk\": {\r\n        \"osType\": \"Windows\",\r\n        \"name\": \"wvm024038843412ace94_OsDisk_1_51be9f3d300342a1b4795d94592e431c\",\r\n        \"createOption\": \"FromImage\",\r\n        \"caching\": \"ReadWrite\",\r\n        \"managedDisk\": {\r\n          \"storageAccountType\": \"Standard_LRS\",\r\n          \"id\": \"/subscriptions/1c638cf4-608f-4ee6-b680-c329e824c3a8/resourceGroups/rgcomv2be28164d26d2f2b/providers/Microsoft.Compute/disks/wvm024038843412ace94_OsDisk_1_51be9f3d300342a1b4795d94592e431c\"\r\n        },\r\n        \"diskSizeGB\": 128\r\n      },\r\n      \"dataDisks\": [\r\n        {\r\n          \"lun\": 0,\r\n          \"name\": \"dsk-6c89576046cdd10f3\",\r\n          \"createOption\": \"Attach\",\r\n          \"caching\": \"ReadWrite\",\r\n          \"managedDisk\": {\r\n            \"storageAccountType\": \"Standard_LRS\",\r\n            \"id\": \"/subscriptions/1c638cf4-608f-4ee6-b680-c329e824c3a8/resourceGroups/rgcomv2be28164d26d2f2b/providers/Microsoft.Compute/disks/dsk-6c89576046cdd10f3\"\r\n          },\r\n          \"diskSizeGB\": 100\r\n        },\r\n        {\r\n          \"lun\": 1,\r\n          \"name\": \"dsk-f3958901328006b28\",\r\n          \"createOption\": \"Attach\",\r\n          \"caching\": \"ReadWrite\",\r\n          \"managedDisk\": {\r\n            \"storageAccountType\": \"Standard_LRS\",\r\n            \"id\": \"/subscriptions/1c638cf4-608f-4ee6-b680-c329e824c3a8/resourceGroups/rgcomv2be28164d26d2f2b/providers/Microsoft.Compute/disks/dsk-f3958901328006b28\"\r\n          },\r\n          \"diskSizeGB\": 50\r\n        },\r\n        {\r\n          \"lun\": 2,\r\n          \"name\": \"wvm024038843412ace94_disk4_58ab71d8b9e24c829b40d209f4f164cf\",\r\n          \"createOption\": \"Empty\",\r\n          \"caching\": \"ReadWrite\",\r\n          \"managedDisk\": {\r\n            \"storageAccountType\": \"Standard_LRS\",\r\n            \"id\": \"/subscriptions/1c638cf4-608f-4ee6-b680-c329e824c3a8/resourceGroups/rgcomv2be28164d26d2f2b/providers/Microsoft.Compute/disks/wvm024038843412ace94_disk4_58ab71d8b9e24c829b40d209f4f164cf\"\r\n          },\r\n          \"diskSizeGB\": 10\r\n        }\r\n      ]\r\n    },\r\n    \"osProfile\": {\r\n      \"computerName\": \"vm2ff6843534\",\r\n      \"adminUsername\": \"tirekicker\",\r\n      \"windowsConfiguration\": {\r\n        \"provisionVMAgent\": true,\r\n        \"enableAutomaticUpdates\": true\r\n      },\r\n      \"secrets\": []\r\n    },\r\n    \"networkProfile\": {\r\n      \"networkInterfaces\": [\r\n        {\r\n          \"id\": \"/subscriptions/1c638cf4-608f-4ee6-b680-c329e824c3a8/resourceGroups/rgcomv2be28164d26d2f2b/providers/Microsoft.Network/networkInterfaces/nic4315580dbe4\",\r\n          \"properties\": {\r\n            \"primary\": true\r\n          }\r\n        }\r\n      ]\r\n    },\r\n    \"provisioningState\": \"Succeeded\"\r\n  },\r\n  \"type\": \"Microsoft.Compute/virtualMachines\",\r\n  \"location\": \"westcentralus\",\r\n  \"tags\": {},\r\n  \"id\": \"/subscriptions/1c638cf4-608f-4ee6-b680-c329e824c3a8/resourceGroups/rgcomv2be28164d26d2f2b/providers/Microsoft.Compute/virtualMachines/wvm024038843412ace94\",\r\n  \"name\": \"wvm024038843412ace94\"\r\n}",
      "ResponseHeaders": {
        "Content-Type": [
          "application/json; charset=utf-8"
        ],
        "Expires": [
          "-1"
        ],
        "Cache-Control": [
          "no-cache"
        ],
        "Date": [
          "Tue, 11 Apr 2017 19:52:36 GMT"
        ],
        "Pragma": [
          "no-cache"
        ],
        "Transfer-Encoding": [
          "chunked"
        ],
        "Server": [
          "Microsoft-HTTPAPI/2.0",
          "Microsoft-HTTPAPI/2.0"
        ],
        "Vary": [
          "Accept-Encoding"
        ],
        "Strict-Transport-Security": [
          "max-age=31536000; includeSubDomains"
        ],
        "x-ms-served-by": [
          "b9a85f54-0d59-4290-8cc5-8d8b300978bb_131139682228523734"
        ],
        "x-ms-request-id": [
          "071a13ab-80d9-46fc-9302-f55bfe65570d"
        ],
        "x-ms-ratelimit-remaining-subscription-reads": [
          "14973"
        ],
        "x-ms-correlation-request-id": [
          "9a14f511-4ffc-4f86-b4be-10ff4001398f"
        ],
        "x-ms-routing-request-id": [
          "WESTUS2:20170411T195236Z:9a14f511-4ffc-4f86-b4be-10ff4001398f"
        ]
      },
      "StatusCode": 200
    },
    {
      "RequestUri": "/subscriptions/1c638cf4-608f-4ee6-b680-c329e824c3a8/resourceGroups/rgcomv2be28164d26d2f2b/providers/Microsoft.Compute/virtualMachines/wvm024038843412ace94?api-version=2016-04-30-preview",
      "EncodedRequestUri": "L3N1YnNjcmlwdGlvbnMvMWM2MzhjZjQtNjA4Zi00ZWU2LWI2ODAtYzMyOWU4MjRjM2E4L3Jlc291cmNlR3JvdXBzL3JnY29tdjJiZTI4MTY0ZDI2ZDJmMmIvcHJvdmlkZXJzL01pY3Jvc29mdC5Db21wdXRlL3ZpcnR1YWxNYWNoaW5lcy93dm0wMjQwMzg4NDM0MTJhY2U5ND9hcGktdmVyc2lvbj0yMDE2LTA0LTMwLXByZXZpZXc=",
      "RequestMethod": "GET",
      "RequestBody": "",
      "RequestHeaders": {
        "User-Agent": [
          "FxVersion/4.6.24410.01",
          "Microsoft.Azure.Management.Compute.Fluent.ComputeManagementClient/1.0.0"
        ]
      },
      "ResponseBody": "{\r\n  \"properties\": {\r\n    \"vmId\": \"bb6b86f5-6fe3-4593-ba19-08857a2d070f\",\r\n    \"hardwareProfile\": {\r\n      \"vmSize\": \"Standard_D3_v2\"\r\n    },\r\n    \"storageProfile\": {\r\n      \"imageReference\": {\r\n        \"publisher\": \"MicrosoftWindowsServer\",\r\n        \"offer\": \"WindowsServer\",\r\n        \"sku\": \"2012-R2-Datacenter\",\r\n        \"version\": \"latest\"\r\n      },\r\n      \"osDisk\": {\r\n        \"osType\": \"Windows\",\r\n        \"name\": \"wvm024038843412ace94_OsDisk_1_51be9f3d300342a1b4795d94592e431c\",\r\n        \"createOption\": \"FromImage\",\r\n        \"caching\": \"ReadWrite\",\r\n        \"managedDisk\": {\r\n          \"storageAccountType\": \"Standard_LRS\",\r\n          \"id\": \"/subscriptions/1c638cf4-608f-4ee6-b680-c329e824c3a8/resourceGroups/rgcomv2be28164d26d2f2b/providers/Microsoft.Compute/disks/wvm024038843412ace94_OsDisk_1_51be9f3d300342a1b4795d94592e431c\"\r\n        },\r\n        \"diskSizeGB\": 128\r\n      },\r\n      \"dataDisks\": [\r\n        {\r\n          \"lun\": 0,\r\n          \"name\": \"dsk-6c89576046cdd10f3\",\r\n          \"createOption\": \"Attach\",\r\n          \"caching\": \"ReadWrite\",\r\n          \"managedDisk\": {\r\n            \"storageAccountType\": \"Standard_LRS\",\r\n            \"id\": \"/subscriptions/1c638cf4-608f-4ee6-b680-c329e824c3a8/resourceGroups/rgcomv2be28164d26d2f2b/providers/Microsoft.Compute/disks/dsk-6c89576046cdd10f3\"\r\n          },\r\n          \"diskSizeGB\": 100\r\n        },\r\n        {\r\n          \"lun\": 1,\r\n          \"name\": \"dsk-f3958901328006b28\",\r\n          \"createOption\": \"Attach\",\r\n          \"caching\": \"ReadWrite\",\r\n          \"managedDisk\": {\r\n            \"storageAccountType\": \"Standard_LRS\",\r\n            \"id\": \"/subscriptions/1c638cf4-608f-4ee6-b680-c329e824c3a8/resourceGroups/rgcomv2be28164d26d2f2b/providers/Microsoft.Compute/disks/dsk-f3958901328006b28\"\r\n          },\r\n          \"diskSizeGB\": 50\r\n        },\r\n        {\r\n          \"lun\": 2,\r\n          \"name\": \"wvm024038843412ace94_disk4_58ab71d8b9e24c829b40d209f4f164cf\",\r\n          \"createOption\": \"Empty\",\r\n          \"caching\": \"ReadWrite\",\r\n          \"managedDisk\": {\r\n            \"storageAccountType\": \"Standard_LRS\",\r\n            \"id\": \"/subscriptions/1c638cf4-608f-4ee6-b680-c329e824c3a8/resourceGroups/rgcomv2be28164d26d2f2b/providers/Microsoft.Compute/disks/wvm024038843412ace94_disk4_58ab71d8b9e24c829b40d209f4f164cf\"\r\n          },\r\n          \"diskSizeGB\": 10\r\n        },\r\n        {\r\n          \"lun\": 3,\r\n          \"name\": \"wvm024038843412ace94_disk5_025641727ace4898bd6ab0359163c6ff\",\r\n          \"createOption\": \"Empty\",\r\n          \"caching\": \"ReadWrite\",\r\n          \"managedDisk\": {\r\n            \"storageAccountType\": \"Standard_LRS\",\r\n            \"id\": \"/subscriptions/1c638cf4-608f-4ee6-b680-c329e824c3a8/resourceGroups/rgcomv2be28164d26d2f2b/providers/Microsoft.Compute/disks/wvm024038843412ace94_disk5_025641727ace4898bd6ab0359163c6ff\"\r\n          },\r\n          \"diskSizeGB\": 200\r\n        }\r\n      ]\r\n    },\r\n    \"osProfile\": {\r\n      \"computerName\": \"vm2ff6843534\",\r\n      \"adminUsername\": \"tirekicker\",\r\n      \"windowsConfiguration\": {\r\n        \"provisionVMAgent\": true,\r\n        \"enableAutomaticUpdates\": true\r\n      },\r\n      \"secrets\": []\r\n    },\r\n    \"networkProfile\": {\r\n      \"networkInterfaces\": [\r\n        {\r\n          \"id\": \"/subscriptions/1c638cf4-608f-4ee6-b680-c329e824c3a8/resourceGroups/rgcomv2be28164d26d2f2b/providers/Microsoft.Network/networkInterfaces/nic4315580dbe4\",\r\n          \"properties\": {\r\n            \"primary\": true\r\n          }\r\n        }\r\n      ]\r\n    },\r\n    \"provisioningState\": \"Succeeded\"\r\n  },\r\n  \"type\": \"Microsoft.Compute/virtualMachines\",\r\n  \"location\": \"westcentralus\",\r\n  \"tags\": {},\r\n  \"id\": \"/subscriptions/1c638cf4-608f-4ee6-b680-c329e824c3a8/resourceGroups/rgcomv2be28164d26d2f2b/providers/Microsoft.Compute/virtualMachines/wvm024038843412ace94\",\r\n  \"name\": \"wvm024038843412ace94\"\r\n}",
      "ResponseHeaders": {
        "Content-Type": [
          "application/json; charset=utf-8"
        ],
        "Expires": [
          "-1"
        ],
        "Cache-Control": [
          "no-cache"
        ],
        "Date": [
          "Tue, 11 Apr 2017 19:55:39 GMT"
        ],
        "Pragma": [
          "no-cache"
        ],
        "Transfer-Encoding": [
          "chunked"
        ],
        "Server": [
          "Microsoft-HTTPAPI/2.0",
          "Microsoft-HTTPAPI/2.0"
        ],
        "Vary": [
          "Accept-Encoding"
        ],
        "Strict-Transport-Security": [
          "max-age=31536000; includeSubDomains"
        ],
        "x-ms-served-by": [
          "b9a85f54-0d59-4290-8cc5-8d8b300978bb_131139682228523734"
        ],
        "x-ms-request-id": [
          "d2bedf75-f0a8-4dca-98e8-66017c2d5a57"
        ],
        "x-ms-ratelimit-remaining-subscription-reads": [
          "14965"
        ],
        "x-ms-correlation-request-id": [
          "b9a3041c-7476-428f-9a41-12c90761c036"
        ],
        "x-ms-routing-request-id": [
          "WESTUS2:20170411T195540Z:b9a3041c-7476-428f-9a41-12c90761c036"
        ]
      },
      "StatusCode": 200
    },
    {
      "RequestUri": "/subscriptions/1c638cf4-608f-4ee6-b680-c329e824c3a8/resourceGroups/rgcomv2be28164d26d2f2b/providers/Microsoft.Network/networkInterfaces/nic8670467b601?api-version=2016-12-01",
      "EncodedRequestUri": "L3N1YnNjcmlwdGlvbnMvMWM2MzhjZjQtNjA4Zi00ZWU2LWI2ODAtYzMyOWU4MjRjM2E4L3Jlc291cmNlR3JvdXBzL3JnY29tdjJiZTI4MTY0ZDI2ZDJmMmIvcHJvdmlkZXJzL01pY3Jvc29mdC5OZXR3b3JrL25ldHdvcmtJbnRlcmZhY2VzL25pYzg2NzA0NjdiNjAxP2FwaS12ZXJzaW9uPTIwMTYtMTItMDE=",
      "RequestMethod": "PUT",
      "RequestBody": "{\r\n  \"properties\": {\r\n    \"ipConfigurations\": [\r\n      {\r\n        \"properties\": {\r\n          \"privateIPAllocationMethod\": \"Dynamic\",\r\n          \"subnet\": {\r\n            \"id\": \"/subscriptions/1c638cf4-608f-4ee6-b680-c329e824c3a8/resourceGroups/rgcomv2be28164d26d2f2b/providers/Microsoft.Network/virtualNetworks/vnetc000315669ca/subnets/subnet1\"\r\n          }\r\n        },\r\n        \"name\": \"primary\"\r\n      }\r\n    ],\r\n    \"dnsSettings\": {}\r\n  },\r\n  \"location\": \"westcentralus\",\r\n  \"tags\": {}\r\n}",
      "RequestHeaders": {
        "Content-Type": [
          "application/json; charset=utf-8"
        ],
        "Content-Length": [
          "490"
        ],
        "x-ms-client-request-id": [
          "1fd3f8dc-2347-49de-a727-3a0ce735eb1d"
        ],
        "accept-language": [
          "en-US"
        ],
        "User-Agent": [
          "FxVersion/4.6.24410.01",
          "Microsoft.Azure.Management.Network.Fluent.NetworkManagementClient/1.0.0"
        ]
      },
      "ResponseBody": "{\r\n  \"name\": \"nic8670467b601\",\r\n  \"id\": \"/subscriptions/1c638cf4-608f-4ee6-b680-c329e824c3a8/resourceGroups/rgcomv2be28164d26d2f2b/providers/Microsoft.Network/networkInterfaces/nic8670467b601\",\r\n  \"etag\": \"W/\\\"6797fdb2-2a89-4617-8c6d-ce400520b055\\\"\",\r\n  \"location\": \"westcentralus\",\r\n  \"tags\": {},\r\n  \"properties\": {\r\n    \"provisioningState\": \"Succeeded\",\r\n    \"resourceGuid\": \"644dd200-d6b0-4989-b00e-3a1878b1bff5\",\r\n    \"ipConfigurations\": [\r\n      {\r\n        \"name\": \"primary\",\r\n        \"id\": \"/subscriptions/1c638cf4-608f-4ee6-b680-c329e824c3a8/resourceGroups/rgcomv2be28164d26d2f2b/providers/Microsoft.Network/networkInterfaces/nic8670467b601/ipConfigurations/primary\",\r\n        \"etag\": \"W/\\\"6797fdb2-2a89-4617-8c6d-ce400520b055\\\"\",\r\n        \"properties\": {\r\n          \"provisioningState\": \"Succeeded\",\r\n          \"privateIPAddress\": \"10.0.0.5\",\r\n          \"privateIPAllocationMethod\": \"Dynamic\",\r\n          \"subnet\": {\r\n            \"id\": \"/subscriptions/1c638cf4-608f-4ee6-b680-c329e824c3a8/resourceGroups/rgcomv2be28164d26d2f2b/providers/Microsoft.Network/virtualNetworks/vnetc000315669ca/subnets/subnet1\"\r\n          },\r\n          \"primary\": true,\r\n          \"privateIPAddressVersion\": \"IPv4\"\r\n        }\r\n      }\r\n    ],\r\n    \"dnsSettings\": {\r\n      \"dnsServers\": [],\r\n      \"appliedDnsServers\": [],\r\n      \"internalDomainNameSuffix\": \"fysf54ckenweljnzgrv0kdygdf.yx.internal.cloudapp.net\"\r\n    },\r\n    \"enableAcceleratedNetworking\": false,\r\n    \"enableIPForwarding\": false\r\n  },\r\n  \"type\": \"Microsoft.Network/networkInterfaces\"\r\n}",
      "ResponseHeaders": {
        "Content-Length": [
          "1537"
        ],
        "Content-Type": [
          "application/json; charset=utf-8"
        ],
        "Expires": [
          "-1"
        ],
        "Cache-Control": [
          "no-cache"
        ],
        "Date": [
          "Tue, 11 Apr 2017 19:52:37 GMT"
        ],
        "Pragma": [
          "no-cache"
        ],
        "Server": [
          "Microsoft-HTTPAPI/2.0",
          "Microsoft-HTTPAPI/2.0"
        ],
        "x-ms-request-id": [
          "3495d02a-853d-4cc3-a524-25000c5a0ab8"
        ],
        "Azure-AsyncOperation": [
          "https://management.azure.com/subscriptions/1c638cf4-608f-4ee6-b680-c329e824c3a8/providers/Microsoft.Network/locations/westcentralus/operations/3495d02a-853d-4cc3-a524-25000c5a0ab8?api-version=2016-12-01"
        ],
        "Strict-Transport-Security": [
          "max-age=31536000; includeSubDomains"
        ],
        "x-ms-ratelimit-remaining-subscription-writes": [
          "1195"
        ],
        "x-ms-correlation-request-id": [
          "70e4100a-a575-413e-ad79-d5deb03fce3f"
        ],
        "x-ms-routing-request-id": [
          "WESTUS2:20170411T195238Z:70e4100a-a575-413e-ad79-d5deb03fce3f"
        ]
      },
      "StatusCode": 201
    },
    {
      "RequestUri": "/subscriptions/1c638cf4-608f-4ee6-b680-c329e824c3a8/resourceGroups/rgcomv2be28164d26d2f2b/providers/Microsoft.Network/networkInterfaces/nic8670467b601?api-version=2016-12-01",
      "EncodedRequestUri": "L3N1YnNjcmlwdGlvbnMvMWM2MzhjZjQtNjA4Zi00ZWU2LWI2ODAtYzMyOWU4MjRjM2E4L3Jlc291cmNlR3JvdXBzL3JnY29tdjJiZTI4MTY0ZDI2ZDJmMmIvcHJvdmlkZXJzL01pY3Jvc29mdC5OZXR3b3JrL25ldHdvcmtJbnRlcmZhY2VzL25pYzg2NzA0NjdiNjAxP2FwaS12ZXJzaW9uPTIwMTYtMTItMDE=",
      "RequestMethod": "GET",
      "RequestBody": "",
      "RequestHeaders": {
        "User-Agent": [
          "FxVersion/4.6.24410.01",
          "Microsoft.Azure.Management.Network.Fluent.NetworkManagementClient/1.0.0"
        ]
      },
      "ResponseBody": "{\r\n  \"name\": \"nic8670467b601\",\r\n  \"id\": \"/subscriptions/1c638cf4-608f-4ee6-b680-c329e824c3a8/resourceGroups/rgcomv2be28164d26d2f2b/providers/Microsoft.Network/networkInterfaces/nic8670467b601\",\r\n  \"etag\": \"W/\\\"6797fdb2-2a89-4617-8c6d-ce400520b055\\\"\",\r\n  \"location\": \"westcentralus\",\r\n  \"tags\": {},\r\n  \"properties\": {\r\n    \"provisioningState\": \"Succeeded\",\r\n    \"resourceGuid\": \"644dd200-d6b0-4989-b00e-3a1878b1bff5\",\r\n    \"ipConfigurations\": [\r\n      {\r\n        \"name\": \"primary\",\r\n        \"id\": \"/subscriptions/1c638cf4-608f-4ee6-b680-c329e824c3a8/resourceGroups/rgcomv2be28164d26d2f2b/providers/Microsoft.Network/networkInterfaces/nic8670467b601/ipConfigurations/primary\",\r\n        \"etag\": \"W/\\\"6797fdb2-2a89-4617-8c6d-ce400520b055\\\"\",\r\n        \"properties\": {\r\n          \"provisioningState\": \"Succeeded\",\r\n          \"privateIPAddress\": \"10.0.0.5\",\r\n          \"privateIPAllocationMethod\": \"Dynamic\",\r\n          \"subnet\": {\r\n            \"id\": \"/subscriptions/1c638cf4-608f-4ee6-b680-c329e824c3a8/resourceGroups/rgcomv2be28164d26d2f2b/providers/Microsoft.Network/virtualNetworks/vnetc000315669ca/subnets/subnet1\"\r\n          },\r\n          \"primary\": true,\r\n          \"privateIPAddressVersion\": \"IPv4\"\r\n        }\r\n      }\r\n    ],\r\n    \"dnsSettings\": {\r\n      \"dnsServers\": [],\r\n      \"appliedDnsServers\": [],\r\n      \"internalDomainNameSuffix\": \"fysf54ckenweljnzgrv0kdygdf.yx.internal.cloudapp.net\"\r\n    },\r\n    \"enableAcceleratedNetworking\": false,\r\n    \"enableIPForwarding\": false\r\n  },\r\n  \"type\": \"Microsoft.Network/networkInterfaces\"\r\n}",
      "ResponseHeaders": {
        "Content-Type": [
          "application/json; charset=utf-8"
        ],
        "Expires": [
          "-1"
        ],
        "Cache-Control": [
          "no-cache"
        ],
        "Date": [
          "Tue, 11 Apr 2017 19:52:37 GMT"
        ],
        "Pragma": [
          "no-cache"
        ],
        "Transfer-Encoding": [
          "chunked"
        ],
        "ETag": [
          "W/\"6797fdb2-2a89-4617-8c6d-ce400520b055\""
        ],
        "Server": [
          "Microsoft-HTTPAPI/2.0",
          "Microsoft-HTTPAPI/2.0"
        ],
        "Vary": [
          "Accept-Encoding"
        ],
        "x-ms-request-id": [
          "6a11f1b9-abb9-44ee-a5b5-31c845902b12"
        ],
        "Strict-Transport-Security": [
          "max-age=31536000; includeSubDomains"
        ],
        "x-ms-ratelimit-remaining-subscription-reads": [
          "14970"
        ],
        "x-ms-correlation-request-id": [
          "6dd8a432-9a90-4bb7-a8d3-c8341bad0fa3"
        ],
        "x-ms-routing-request-id": [
          "WESTUS2:20170411T195238Z:6dd8a432-9a90-4bb7-a8d3-c8341bad0fa3"
        ]
      },
      "StatusCode": 200
    },
    {
      "RequestUri": "/subscriptions/1c638cf4-608f-4ee6-b680-c329e824c3a8/resourceGroups/rgcomv2be28164d26d2f2b/providers/Microsoft.Compute/virtualMachines/lvmfaa27967616d4cf5c?api-version=2016-04-30-preview",
      "EncodedRequestUri": "L3N1YnNjcmlwdGlvbnMvMWM2MzhjZjQtNjA4Zi00ZWU2LWI2ODAtYzMyOWU4MjRjM2E4L3Jlc291cmNlR3JvdXBzL3JnY29tdjJiZTI4MTY0ZDI2ZDJmMmIvcHJvdmlkZXJzL01pY3Jvc29mdC5Db21wdXRlL3ZpcnR1YWxNYWNoaW5lcy9sdm1mYWEyNzk2NzYxNmQ0Y2Y1Yz9hcGktdmVyc2lvbj0yMDE2LTA0LTMwLXByZXZpZXc=",
      "RequestMethod": "PUT",
      "RequestBody": "{\r\n  \"properties\": {\r\n    \"hardwareProfile\": {\r\n      \"vmSize\": \"Standard_D3_v2\"\r\n    },\r\n    \"storageProfile\": {\r\n      \"imageReference\": {\r\n        \"publisher\": \"Canonical\",\r\n        \"offer\": \"UbuntuServer\",\r\n        \"sku\": \"16.04.0-LTS\",\r\n        \"version\": \"latest\"\r\n      },\r\n      \"osDisk\": {\r\n        \"caching\": \"ReadWrite\",\r\n        \"createOption\": \"fromImage\",\r\n        \"managedDisk\": {\r\n          \"storageAccountType\": \"Standard_LRS\"\r\n        }\r\n      }\r\n    },\r\n    \"osProfile\": {\r\n      \"computerName\": \"vm8c2061179e\",\r\n      \"adminUsername\": \"tirekicker\",\r\n      \"adminPassword\": \"12NewPA$$w0rd!\",\r\n      \"linuxConfiguration\": {\r\n        \"disablePasswordAuthentication\": false\r\n      }\r\n    },\r\n    \"networkProfile\": {\r\n      \"networkInterfaces\": [\r\n        {\r\n          \"properties\": {\r\n            \"primary\": true\r\n          },\r\n          \"id\": \"/subscriptions/1c638cf4-608f-4ee6-b680-c329e824c3a8/resourceGroups/rgcomv2be28164d26d2f2b/providers/Microsoft.Network/networkInterfaces/nic8670467b601\"\r\n        }\r\n      ]\r\n    }\r\n  },\r\n  \"location\": \"westcentralus\",\r\n  \"tags\": {}\r\n}",
      "RequestHeaders": {
        "Content-Type": [
          "application/json; charset=utf-8"
        ],
        "Content-Length": [
          "1094"
        ],
        "x-ms-client-request-id": [
          "6e523e22-7692-4aad-beea-63b4c201fab0"
        ],
        "accept-language": [
          "en-US"
        ],
        "User-Agent": [
          "FxVersion/4.6.24410.01",
          "Microsoft.Azure.Management.Compute.Fluent.ComputeManagementClient/1.0.0"
        ]
      },
      "ResponseBody": "{\r\n  \"properties\": {\r\n    \"vmId\": \"f40d99c7-e660-4b2f-9de5-513bc0434cdd\",\r\n    \"hardwareProfile\": {\r\n      \"vmSize\": \"Standard_D3_v2\"\r\n    },\r\n    \"storageProfile\": {\r\n      \"imageReference\": {\r\n        \"publisher\": \"Canonical\",\r\n        \"offer\": \"UbuntuServer\",\r\n        \"sku\": \"16.04.0-LTS\",\r\n        \"version\": \"latest\"\r\n      },\r\n      \"osDisk\": {\r\n        \"osType\": \"Linux\",\r\n        \"createOption\": \"FromImage\",\r\n        \"caching\": \"ReadWrite\",\r\n        \"managedDisk\": {\r\n          \"storageAccountType\": \"Standard_LRS\"\r\n        }\r\n      },\r\n      \"dataDisks\": []\r\n    },\r\n    \"osProfile\": {\r\n      \"computerName\": \"vm8c2061179e\",\r\n      \"adminUsername\": \"tirekicker\",\r\n      \"linuxConfiguration\": {\r\n        \"disablePasswordAuthentication\": false\r\n      },\r\n      \"secrets\": []\r\n    },\r\n    \"networkProfile\": {\r\n      \"networkInterfaces\": [\r\n        {\r\n          \"id\": \"/subscriptions/1c638cf4-608f-4ee6-b680-c329e824c3a8/resourceGroups/rgcomv2be28164d26d2f2b/providers/Microsoft.Network/networkInterfaces/nic8670467b601\",\r\n          \"properties\": {\r\n            \"primary\": true\r\n          }\r\n        }\r\n      ]\r\n    },\r\n    \"provisioningState\": \"Creating\"\r\n  },\r\n  \"type\": \"Microsoft.Compute/virtualMachines\",\r\n  \"location\": \"westcentralus\",\r\n  \"tags\": {},\r\n  \"id\": \"/subscriptions/1c638cf4-608f-4ee6-b680-c329e824c3a8/resourceGroups/rgcomv2be28164d26d2f2b/providers/Microsoft.Compute/virtualMachines/lvmfaa27967616d4cf5c\",\r\n  \"name\": \"lvmfaa27967616d4cf5c\"\r\n}",
      "ResponseHeaders": {
        "Content-Length": [
          "1371"
        ],
        "Content-Type": [
          "application/json; charset=utf-8"
        ],
        "Expires": [
          "-1"
        ],
        "Cache-Control": [
          "no-cache"
        ],
        "Date": [
          "Tue, 11 Apr 2017 19:52:37 GMT"
        ],
        "Pragma": [
          "no-cache"
        ],
        "Server": [
          "Microsoft-HTTPAPI/2.0",
          "Microsoft-HTTPAPI/2.0"
        ],
        "Azure-AsyncOperation": [
          "https://management.azure.com/subscriptions/1c638cf4-608f-4ee6-b680-c329e824c3a8/providers/Microsoft.Compute/locations/westcentralus/operations/9431bc1e-1f3b-4cfd-bfd6-249e8b06fed1?api-version=2016-04-30-preview"
        ],
        "Strict-Transport-Security": [
          "max-age=31536000; includeSubDomains"
        ],
        "x-ms-served-by": [
          "b9a85f54-0d59-4290-8cc5-8d8b300978bb_131139682228523734"
        ],
        "x-ms-request-id": [
          "9431bc1e-1f3b-4cfd-bfd6-249e8b06fed1"
        ],
        "x-ms-ratelimit-remaining-subscription-writes": [
          "1194"
        ],
        "x-ms-correlation-request-id": [
          "4b50e135-0b2f-497c-83b4-765b7fdd3106"
        ],
        "x-ms-routing-request-id": [
          "WESTUS2:20170411T195238Z:4b50e135-0b2f-497c-83b4-765b7fdd3106"
        ]
      },
      "StatusCode": 201
    },
    {
      "RequestUri": "/subscriptions/1c638cf4-608f-4ee6-b680-c329e824c3a8/resourceGroups/rgcomv2be28164d26d2f2b/providers/Microsoft.Compute/virtualMachines/lvmfaa27967616d4cf5c?api-version=2016-04-30-preview",
      "EncodedRequestUri": "L3N1YnNjcmlwdGlvbnMvMWM2MzhjZjQtNjA4Zi00ZWU2LWI2ODAtYzMyOWU4MjRjM2E4L3Jlc291cmNlR3JvdXBzL3JnY29tdjJiZTI4MTY0ZDI2ZDJmMmIvcHJvdmlkZXJzL01pY3Jvc29mdC5Db21wdXRlL3ZpcnR1YWxNYWNoaW5lcy9sdm1mYWEyNzk2NzYxNmQ0Y2Y1Yz9hcGktdmVyc2lvbj0yMDE2LTA0LTMwLXByZXZpZXc=",
      "RequestMethod": "PUT",
      "RequestBody": "{\r\n  \"properties\": {\r\n    \"hardwareProfile\": {\r\n      \"vmSize\": \"Standard_D3_v2\"\r\n    },\r\n    \"storageProfile\": {\r\n      \"imageReference\": {\r\n        \"publisher\": \"Canonical\",\r\n        \"offer\": \"UbuntuServer\",\r\n        \"sku\": \"16.04.0-LTS\",\r\n        \"version\": \"latest\"\r\n      },\r\n      \"osDisk\": {\r\n        \"osType\": \"Linux\",\r\n        \"name\": \"lvmfaa27967616d4cf5c_OsDisk_1_50bdf91495d54480a04818ab873ccfc6\",\r\n        \"caching\": \"ReadWrite\",\r\n        \"createOption\": \"fromImage\",\r\n        \"diskSizeGB\": 30,\r\n        \"managedDisk\": {\r\n          \"storageAccountType\": \"Standard_LRS\",\r\n          \"id\": \"/subscriptions/1c638cf4-608f-4ee6-b680-c329e824c3a8/resourceGroups/rgcomv2be28164d26d2f2b/providers/Microsoft.Compute/disks/lvmfaa27967616d4cf5c_OsDisk_1_50bdf91495d54480a04818ab873ccfc6\"\r\n        }\r\n      },\r\n      \"dataDisks\": []\r\n    },\r\n    \"osProfile\": {\r\n      \"computerName\": \"vm8c2061179e\",\r\n      \"adminUsername\": \"tirekicker\",\r\n      \"linuxConfiguration\": {\r\n        \"disablePasswordAuthentication\": false\r\n      },\r\n      \"secrets\": []\r\n    },\r\n    \"networkProfile\": {\r\n      \"networkInterfaces\": [\r\n        {\r\n          \"properties\": {\r\n            \"primary\": true\r\n          },\r\n          \"id\": \"/subscriptions/1c638cf4-608f-4ee6-b680-c329e824c3a8/resourceGroups/rgcomv2be28164d26d2f2b/providers/Microsoft.Network/networkInterfaces/nic8670467b601\"\r\n        }\r\n      ]\r\n    }\r\n  },\r\n  \"id\": \"/subscriptions/1c638cf4-608f-4ee6-b680-c329e824c3a8/resourceGroups/rgcomv2be28164d26d2f2b/providers/Microsoft.Compute/virtualMachines/lvmfaa27967616d4cf5c\",\r\n  \"location\": \"westcentralus\",\r\n  \"tags\": {\r\n    \"who-rocks-on-linux\": \"java\",\r\n    \"where\": \"on azure\"\r\n  }\r\n}",
      "RequestHeaders": {
        "Content-Type": [
          "application/json; charset=utf-8"
        ],
        "Content-Length": [
          "1674"
        ],
        "x-ms-client-request-id": [
          "8001afd8-c0d2-4931-9ce4-d7bf739eb4af"
        ],
        "accept-language": [
          "en-US"
        ],
        "User-Agent": [
          "FxVersion/4.6.24410.01",
          "Microsoft.Azure.Management.Compute.Fluent.ComputeManagementClient/1.0.0"
        ]
      },
      "ResponseBody": "{\r\n  \"properties\": {\r\n    \"vmId\": \"f40d99c7-e660-4b2f-9de5-513bc0434cdd\",\r\n    \"hardwareProfile\": {\r\n      \"vmSize\": \"Standard_D3_v2\"\r\n    },\r\n    \"storageProfile\": {\r\n      \"imageReference\": {\r\n        \"publisher\": \"Canonical\",\r\n        \"offer\": \"UbuntuServer\",\r\n        \"sku\": \"16.04.0-LTS\",\r\n        \"version\": \"latest\"\r\n      },\r\n      \"osDisk\": {\r\n        \"osType\": \"Linux\",\r\n        \"name\": \"lvmfaa27967616d4cf5c_OsDisk_1_50bdf91495d54480a04818ab873ccfc6\",\r\n        \"createOption\": \"FromImage\",\r\n        \"caching\": \"ReadWrite\",\r\n        \"managedDisk\": {\r\n          \"storageAccountType\": \"Standard_LRS\",\r\n          \"id\": \"/subscriptions/1c638cf4-608f-4ee6-b680-c329e824c3a8/resourceGroups/rgcomv2be28164d26d2f2b/providers/Microsoft.Compute/disks/lvmfaa27967616d4cf5c_OsDisk_1_50bdf91495d54480a04818ab873ccfc6\"\r\n        },\r\n        \"diskSizeGB\": 30\r\n      },\r\n      \"dataDisks\": []\r\n    },\r\n    \"osProfile\": {\r\n      \"computerName\": \"vm8c2061179e\",\r\n      \"adminUsername\": \"tirekicker\",\r\n      \"linuxConfiguration\": {\r\n        \"disablePasswordAuthentication\": false\r\n      },\r\n      \"secrets\": []\r\n    },\r\n    \"networkProfile\": {\r\n      \"networkInterfaces\": [\r\n        {\r\n          \"id\": \"/subscriptions/1c638cf4-608f-4ee6-b680-c329e824c3a8/resourceGroups/rgcomv2be28164d26d2f2b/providers/Microsoft.Network/networkInterfaces/nic8670467b601\",\r\n          \"properties\": {\r\n            \"primary\": true\r\n          }\r\n        }\r\n      ]\r\n    },\r\n    \"provisioningState\": \"Updating\"\r\n  },\r\n  \"type\": \"Microsoft.Compute/virtualMachines\",\r\n  \"location\": \"westcentralus\",\r\n  \"tags\": {\r\n    \"who-rocks-on-linux\": \"java\",\r\n    \"where\": \"on azure\"\r\n  },\r\n  \"id\": \"/subscriptions/1c638cf4-608f-4ee6-b680-c329e824c3a8/resourceGroups/rgcomv2be28164d26d2f2b/providers/Microsoft.Compute/virtualMachines/lvmfaa27967616d4cf5c\",\r\n  \"name\": \"lvmfaa27967616d4cf5c\"\r\n}",
      "ResponseHeaders": {
        "Content-Type": [
          "application/json; charset=utf-8"
        ],
        "Expires": [
          "-1"
        ],
        "Cache-Control": [
          "no-cache"
        ],
        "Date": [
          "Tue, 11 Apr 2017 19:54:08 GMT"
        ],
        "Pragma": [
          "no-cache"
        ],
        "Transfer-Encoding": [
          "chunked"
        ],
        "Server": [
          "Microsoft-HTTPAPI/2.0",
          "Microsoft-HTTPAPI/2.0"
        ],
        "Vary": [
          "Accept-Encoding"
        ],
        "Azure-AsyncOperation": [
          "https://management.azure.com/subscriptions/1c638cf4-608f-4ee6-b680-c329e824c3a8/providers/Microsoft.Compute/locations/westcentralus/operations/cf291459-d692-493b-9616-9f4802786b21?api-version=2016-04-30-preview"
        ],
        "Strict-Transport-Security": [
          "max-age=31536000; includeSubDomains"
        ],
        "x-ms-served-by": [
          "b9a85f54-0d59-4290-8cc5-8d8b300978bb_131139682228523734"
        ],
        "x-ms-request-id": [
          "cf291459-d692-493b-9616-9f4802786b21"
        ],
        "x-ms-ratelimit-remaining-subscription-writes": [
          "1193"
        ],
        "x-ms-correlation-request-id": [
          "2cc07062-6f97-4571-99bf-e2bfe08a9e9a"
        ],
        "x-ms-routing-request-id": [
          "WESTUS2:20170411T195409Z:2cc07062-6f97-4571-99bf-e2bfe08a9e9a"
        ]
      },
      "StatusCode": 200
    },
    {
      "RequestUri": "/subscriptions/1c638cf4-608f-4ee6-b680-c329e824c3a8/providers/Microsoft.Compute/locations/westcentralus/operations/9431bc1e-1f3b-4cfd-bfd6-249e8b06fed1?api-version=2016-04-30-preview",
      "EncodedRequestUri": "L3N1YnNjcmlwdGlvbnMvMWM2MzhjZjQtNjA4Zi00ZWU2LWI2ODAtYzMyOWU4MjRjM2E4L3Byb3ZpZGVycy9NaWNyb3NvZnQuQ29tcHV0ZS9sb2NhdGlvbnMvd2VzdGNlbnRyYWx1cy9vcGVyYXRpb25zLzk0MzFiYzFlLTFmM2ItNGNmZC1iZmQ2LTI0OWU4YjA2ZmVkMT9hcGktdmVyc2lvbj0yMDE2LTA0LTMwLXByZXZpZXc=",
      "RequestMethod": "GET",
      "RequestBody": "",
      "RequestHeaders": {
        "User-Agent": [
          "FxVersion/4.6.24410.01",
          "Microsoft.Azure.Management.Compute.Fluent.ComputeManagementClient/1.0.0"
        ]
      },
      "ResponseBody": "{\r\n  \"startTime\": \"2017-04-11T12:52:38.4394691-07:00\",\r\n  \"status\": \"InProgress\",\r\n  \"name\": \"9431bc1e-1f3b-4cfd-bfd6-249e8b06fed1\"\r\n}",
      "ResponseHeaders": {
        "Content-Type": [
          "application/json; charset=utf-8"
        ],
        "Expires": [
          "-1"
        ],
        "Cache-Control": [
          "no-cache"
        ],
        "Date": [
          "Tue, 11 Apr 2017 19:53:08 GMT"
        ],
        "Pragma": [
          "no-cache"
        ],
        "Transfer-Encoding": [
          "chunked"
        ],
        "Server": [
          "Microsoft-HTTPAPI/2.0",
          "Microsoft-HTTPAPI/2.0"
        ],
        "Vary": [
          "Accept-Encoding"
        ],
        "Strict-Transport-Security": [
          "max-age=31536000; includeSubDomains"
        ],
        "x-ms-served-by": [
          "b9a85f54-0d59-4290-8cc5-8d8b300978bb_131139682228523734"
        ],
        "x-ms-request-id": [
          "a8aadff9-5f89-44e1-a0ad-c406033f7038"
        ],
        "x-ms-ratelimit-remaining-subscription-reads": [
          "14969"
        ],
        "x-ms-correlation-request-id": [
          "18effb9a-4a83-4987-b0b4-d43acc64e640"
        ],
        "x-ms-routing-request-id": [
          "WESTUS2:20170411T195308Z:18effb9a-4a83-4987-b0b4-d43acc64e640"
        ]
      },
      "StatusCode": 200
    },
    {
      "RequestUri": "/subscriptions/1c638cf4-608f-4ee6-b680-c329e824c3a8/providers/Microsoft.Compute/locations/westcentralus/operations/9431bc1e-1f3b-4cfd-bfd6-249e8b06fed1?api-version=2016-04-30-preview",
      "EncodedRequestUri": "L3N1YnNjcmlwdGlvbnMvMWM2MzhjZjQtNjA4Zi00ZWU2LWI2ODAtYzMyOWU4MjRjM2E4L3Byb3ZpZGVycy9NaWNyb3NvZnQuQ29tcHV0ZS9sb2NhdGlvbnMvd2VzdGNlbnRyYWx1cy9vcGVyYXRpb25zLzk0MzFiYzFlLTFmM2ItNGNmZC1iZmQ2LTI0OWU4YjA2ZmVkMT9hcGktdmVyc2lvbj0yMDE2LTA0LTMwLXByZXZpZXc=",
      "RequestMethod": "GET",
      "RequestBody": "",
      "RequestHeaders": {
        "User-Agent": [
          "FxVersion/4.6.24410.01",
          "Microsoft.Azure.Management.Compute.Fluent.ComputeManagementClient/1.0.0"
        ]
      },
      "ResponseBody": "{\r\n  \"startTime\": \"2017-04-11T12:52:38.4394691-07:00\",\r\n  \"status\": \"InProgress\",\r\n  \"name\": \"9431bc1e-1f3b-4cfd-bfd6-249e8b06fed1\"\r\n}",
      "ResponseHeaders": {
        "Content-Type": [
          "application/json; charset=utf-8"
        ],
        "Expires": [
          "-1"
        ],
        "Cache-Control": [
          "no-cache"
        ],
        "Date": [
          "Tue, 11 Apr 2017 19:53:38 GMT"
        ],
        "Pragma": [
          "no-cache"
        ],
        "Transfer-Encoding": [
          "chunked"
        ],
        "Server": [
          "Microsoft-HTTPAPI/2.0",
          "Microsoft-HTTPAPI/2.0"
        ],
        "Vary": [
          "Accept-Encoding"
        ],
        "Strict-Transport-Security": [
          "max-age=31536000; includeSubDomains"
        ],
        "x-ms-served-by": [
          "b9a85f54-0d59-4290-8cc5-8d8b300978bb_131139682228523734"
        ],
        "x-ms-request-id": [
          "b884300a-f34c-4087-a743-b98cd384f8a4"
        ],
        "x-ms-ratelimit-remaining-subscription-reads": [
          "14968"
        ],
        "x-ms-correlation-request-id": [
          "3803d653-f9b2-430e-b0e0-07624b9407ca"
        ],
        "x-ms-routing-request-id": [
          "WESTUS2:20170411T195338Z:3803d653-f9b2-430e-b0e0-07624b9407ca"
        ]
      },
      "StatusCode": 200
    },
    {
      "RequestUri": "/subscriptions/1c638cf4-608f-4ee6-b680-c329e824c3a8/providers/Microsoft.Compute/locations/westcentralus/operations/9431bc1e-1f3b-4cfd-bfd6-249e8b06fed1?api-version=2016-04-30-preview",
      "EncodedRequestUri": "L3N1YnNjcmlwdGlvbnMvMWM2MzhjZjQtNjA4Zi00ZWU2LWI2ODAtYzMyOWU4MjRjM2E4L3Byb3ZpZGVycy9NaWNyb3NvZnQuQ29tcHV0ZS9sb2NhdGlvbnMvd2VzdGNlbnRyYWx1cy9vcGVyYXRpb25zLzk0MzFiYzFlLTFmM2ItNGNmZC1iZmQ2LTI0OWU4YjA2ZmVkMT9hcGktdmVyc2lvbj0yMDE2LTA0LTMwLXByZXZpZXc=",
      "RequestMethod": "GET",
      "RequestBody": "",
      "RequestHeaders": {
        "User-Agent": [
          "FxVersion/4.6.24410.01",
          "Microsoft.Azure.Management.Compute.Fluent.ComputeManagementClient/1.0.0"
        ]
      },
      "ResponseBody": "{\r\n  \"startTime\": \"2017-04-11T12:52:38.4394691-07:00\",\r\n  \"endTime\": \"2017-04-11T12:54:01.8770428-07:00\",\r\n  \"status\": \"Succeeded\",\r\n  \"name\": \"9431bc1e-1f3b-4cfd-bfd6-249e8b06fed1\"\r\n}",
      "ResponseHeaders": {
        "Content-Type": [
          "application/json; charset=utf-8"
        ],
        "Expires": [
          "-1"
        ],
        "Cache-Control": [
          "no-cache"
        ],
        "Date": [
          "Tue, 11 Apr 2017 19:54:08 GMT"
        ],
        "Pragma": [
          "no-cache"
        ],
        "Transfer-Encoding": [
          "chunked"
        ],
        "Server": [
          "Microsoft-HTTPAPI/2.0",
          "Microsoft-HTTPAPI/2.0"
        ],
        "Vary": [
          "Accept-Encoding"
        ],
        "Strict-Transport-Security": [
          "max-age=31536000; includeSubDomains"
        ],
        "x-ms-served-by": [
          "b9a85f54-0d59-4290-8cc5-8d8b300978bb_131139682228523734"
        ],
        "x-ms-request-id": [
          "79b7d7a2-7d20-4744-8497-2efc6656fee9"
        ],
        "x-ms-ratelimit-remaining-subscription-reads": [
          "14967"
        ],
        "x-ms-correlation-request-id": [
          "ffb65e21-baed-43b8-91dc-e949115c97df"
        ],
        "x-ms-routing-request-id": [
          "WESTUS2:20170411T195408Z:ffb65e21-baed-43b8-91dc-e949115c97df"
        ]
      },
      "StatusCode": 200
    },
    {
      "RequestUri": "/subscriptions/1c638cf4-608f-4ee6-b680-c329e824c3a8/resourceGroups/rgcomv2be28164d26d2f2b/providers/Microsoft.Compute/virtualMachines/lvmfaa27967616d4cf5c?api-version=2016-04-30-preview",
      "EncodedRequestUri": "L3N1YnNjcmlwdGlvbnMvMWM2MzhjZjQtNjA4Zi00ZWU2LWI2ODAtYzMyOWU4MjRjM2E4L3Jlc291cmNlR3JvdXBzL3JnY29tdjJiZTI4MTY0ZDI2ZDJmMmIvcHJvdmlkZXJzL01pY3Jvc29mdC5Db21wdXRlL3ZpcnR1YWxNYWNoaW5lcy9sdm1mYWEyNzk2NzYxNmQ0Y2Y1Yz9hcGktdmVyc2lvbj0yMDE2LTA0LTMwLXByZXZpZXc=",
      "RequestMethod": "GET",
      "RequestBody": "",
      "RequestHeaders": {
        "User-Agent": [
          "FxVersion/4.6.24410.01",
          "Microsoft.Azure.Management.Compute.Fluent.ComputeManagementClient/1.0.0"
        ]
      },
      "ResponseBody": "{\r\n  \"properties\": {\r\n    \"vmId\": \"f40d99c7-e660-4b2f-9de5-513bc0434cdd\",\r\n    \"hardwareProfile\": {\r\n      \"vmSize\": \"Standard_D3_v2\"\r\n    },\r\n    \"storageProfile\": {\r\n      \"imageReference\": {\r\n        \"publisher\": \"Canonical\",\r\n        \"offer\": \"UbuntuServer\",\r\n        \"sku\": \"16.04.0-LTS\",\r\n        \"version\": \"latest\"\r\n      },\r\n      \"osDisk\": {\r\n        \"osType\": \"Linux\",\r\n        \"name\": \"lvmfaa27967616d4cf5c_OsDisk_1_50bdf91495d54480a04818ab873ccfc6\",\r\n        \"createOption\": \"FromImage\",\r\n        \"caching\": \"ReadWrite\",\r\n        \"managedDisk\": {\r\n          \"storageAccountType\": \"Standard_LRS\",\r\n          \"id\": \"/subscriptions/1c638cf4-608f-4ee6-b680-c329e824c3a8/resourceGroups/rgcomv2be28164d26d2f2b/providers/Microsoft.Compute/disks/lvmfaa27967616d4cf5c_OsDisk_1_50bdf91495d54480a04818ab873ccfc6\"\r\n        },\r\n        \"diskSizeGB\": 30\r\n      },\r\n      \"dataDisks\": []\r\n    },\r\n    \"osProfile\": {\r\n      \"computerName\": \"vm8c2061179e\",\r\n      \"adminUsername\": \"tirekicker\",\r\n      \"linuxConfiguration\": {\r\n        \"disablePasswordAuthentication\": false\r\n      },\r\n      \"secrets\": []\r\n    },\r\n    \"networkProfile\": {\r\n      \"networkInterfaces\": [\r\n        {\r\n          \"id\": \"/subscriptions/1c638cf4-608f-4ee6-b680-c329e824c3a8/resourceGroups/rgcomv2be28164d26d2f2b/providers/Microsoft.Network/networkInterfaces/nic8670467b601\",\r\n          \"properties\": {\r\n            \"primary\": true\r\n          }\r\n        }\r\n      ]\r\n    },\r\n    \"provisioningState\": \"Succeeded\"\r\n  },\r\n  \"type\": \"Microsoft.Compute/virtualMachines\",\r\n  \"location\": \"westcentralus\",\r\n  \"tags\": {},\r\n  \"id\": \"/subscriptions/1c638cf4-608f-4ee6-b680-c329e824c3a8/resourceGroups/rgcomv2be28164d26d2f2b/providers/Microsoft.Compute/virtualMachines/lvmfaa27967616d4cf5c\",\r\n  \"name\": \"lvmfaa27967616d4cf5c\"\r\n}",
      "ResponseHeaders": {
        "Content-Type": [
          "application/json; charset=utf-8"
        ],
        "Expires": [
          "-1"
        ],
        "Cache-Control": [
          "no-cache"
        ],
        "Date": [
          "Tue, 11 Apr 2017 19:54:08 GMT"
        ],
        "Pragma": [
          "no-cache"
        ],
        "Transfer-Encoding": [
          "chunked"
        ],
        "Server": [
          "Microsoft-HTTPAPI/2.0",
          "Microsoft-HTTPAPI/2.0"
        ],
        "Vary": [
          "Accept-Encoding"
        ],
        "Strict-Transport-Security": [
          "max-age=31536000; includeSubDomains"
        ],
        "x-ms-served-by": [
          "b9a85f54-0d59-4290-8cc5-8d8b300978bb_131139682228523734"
        ],
        "x-ms-request-id": [
          "d2206f28-e6b2-4f1a-8fe1-731c07dc2b51"
        ],
        "x-ms-ratelimit-remaining-subscription-reads": [
          "14966"
        ],
        "x-ms-correlation-request-id": [
          "1e1b1484-c97b-4348-9ebe-1fca126d23c4"
        ],
        "x-ms-routing-request-id": [
          "WESTUS2:20170411T195408Z:1e1b1484-c97b-4348-9ebe-1fca126d23c4"
        ]
      },
      "StatusCode": 200
    },
    {
      "RequestUri": "/subscriptions/1c638cf4-608f-4ee6-b680-c329e824c3a8/resourceGroups/rgcomv2be28164d26d2f2b/providers/Microsoft.Compute/virtualMachines/lvmfaa27967616d4cf5c?api-version=2016-04-30-preview",
      "EncodedRequestUri": "L3N1YnNjcmlwdGlvbnMvMWM2MzhjZjQtNjA4Zi00ZWU2LWI2ODAtYzMyOWU4MjRjM2E4L3Jlc291cmNlR3JvdXBzL3JnY29tdjJiZTI4MTY0ZDI2ZDJmMmIvcHJvdmlkZXJzL01pY3Jvc29mdC5Db21wdXRlL3ZpcnR1YWxNYWNoaW5lcy9sdm1mYWEyNzk2NzYxNmQ0Y2Y1Yz9hcGktdmVyc2lvbj0yMDE2LTA0LTMwLXByZXZpZXc=",
      "RequestMethod": "GET",
      "RequestBody": "",
      "RequestHeaders": {
        "User-Agent": [
          "FxVersion/4.6.24410.01",
          "Microsoft.Azure.Management.Compute.Fluent.ComputeManagementClient/1.0.0"
        ]
      },
      "ResponseBody": "{\r\n  \"properties\": {\r\n    \"vmId\": \"f40d99c7-e660-4b2f-9de5-513bc0434cdd\",\r\n    \"hardwareProfile\": {\r\n      \"vmSize\": \"Standard_D3_v2\"\r\n    },\r\n    \"storageProfile\": {\r\n      \"imageReference\": {\r\n        \"publisher\": \"Canonical\",\r\n        \"offer\": \"UbuntuServer\",\r\n        \"sku\": \"16.04.0-LTS\",\r\n        \"version\": \"latest\"\r\n      },\r\n      \"osDisk\": {\r\n        \"osType\": \"Linux\",\r\n        \"name\": \"lvmfaa27967616d4cf5c_OsDisk_1_50bdf91495d54480a04818ab873ccfc6\",\r\n        \"createOption\": \"FromImage\",\r\n        \"caching\": \"ReadWrite\",\r\n        \"managedDisk\": {\r\n          \"storageAccountType\": \"Standard_LRS\",\r\n          \"id\": \"/subscriptions/1c638cf4-608f-4ee6-b680-c329e824c3a8/resourceGroups/rgcomv2be28164d26d2f2b/providers/Microsoft.Compute/disks/lvmfaa27967616d4cf5c_OsDisk_1_50bdf91495d54480a04818ab873ccfc6\"\r\n        },\r\n        \"diskSizeGB\": 30\r\n      },\r\n      \"dataDisks\": []\r\n    },\r\n    \"osProfile\": {\r\n      \"computerName\": \"vm8c2061179e\",\r\n      \"adminUsername\": \"tirekicker\",\r\n      \"linuxConfiguration\": {\r\n        \"disablePasswordAuthentication\": false\r\n      },\r\n      \"secrets\": []\r\n    },\r\n    \"networkProfile\": {\r\n      \"networkInterfaces\": [\r\n        {\r\n          \"id\": \"/subscriptions/1c638cf4-608f-4ee6-b680-c329e824c3a8/resourceGroups/rgcomv2be28164d26d2f2b/providers/Microsoft.Network/networkInterfaces/nic8670467b601\",\r\n          \"properties\": {\r\n            \"primary\": true\r\n          }\r\n        }\r\n      ]\r\n    },\r\n    \"provisioningState\": \"Succeeded\"\r\n  },\r\n  \"type\": \"Microsoft.Compute/virtualMachines\",\r\n  \"location\": \"westcentralus\",\r\n  \"tags\": {\r\n    \"who-rocks-on-linux\": \"java\",\r\n    \"where\": \"on azure\"\r\n  },\r\n  \"id\": \"/subscriptions/1c638cf4-608f-4ee6-b680-c329e824c3a8/resourceGroups/rgcomv2be28164d26d2f2b/providers/Microsoft.Compute/virtualMachines/lvmfaa27967616d4cf5c\",\r\n  \"name\": \"lvmfaa27967616d4cf5c\"\r\n}",
      "ResponseHeaders": {
        "Content-Type": [
          "application/json; charset=utf-8"
        ],
        "Expires": [
          "-1"
        ],
        "Cache-Control": [
          "no-cache"
        ],
        "Date": [
          "Tue, 11 Apr 2017 19:54:39 GMT"
        ],
        "Pragma": [
          "no-cache"
        ],
        "Transfer-Encoding": [
          "chunked"
        ],
        "Server": [
          "Microsoft-HTTPAPI/2.0",
          "Microsoft-HTTPAPI/2.0"
        ],
        "Vary": [
          "Accept-Encoding"
        ],
        "Strict-Transport-Security": [
          "max-age=31536000; includeSubDomains"
        ],
        "x-ms-served-by": [
          "b9a85f54-0d59-4290-8cc5-8d8b300978bb_131139682228523734"
        ],
        "x-ms-request-id": [
          "567a70a0-0225-4a6f-9022-b710895e56ab"
        ],
        "x-ms-ratelimit-remaining-subscription-reads": [
          "14964"
        ],
        "x-ms-correlation-request-id": [
          "2bc9f072-69b7-4c68-bc2e-fdd985cbffb4"
        ],
        "x-ms-routing-request-id": [
          "WESTUS2:20170411T195439Z:2bc9f072-69b7-4c68-bc2e-fdd985cbffb4"
        ]
      },
      "StatusCode": 200
    },
    {
      "RequestUri": "/subscriptions/1c638cf4-608f-4ee6-b680-c329e824c3a8/providers/Microsoft.Compute/locations/westcentralus/operations/cf291459-d692-493b-9616-9f4802786b21?api-version=2016-04-30-preview",
      "EncodedRequestUri": "L3N1YnNjcmlwdGlvbnMvMWM2MzhjZjQtNjA4Zi00ZWU2LWI2ODAtYzMyOWU4MjRjM2E4L3Byb3ZpZGVycy9NaWNyb3NvZnQuQ29tcHV0ZS9sb2NhdGlvbnMvd2VzdGNlbnRyYWx1cy9vcGVyYXRpb25zL2NmMjkxNDU5LWQ2OTItNDkzYi05NjE2LTlmNDgwMjc4NmIyMT9hcGktdmVyc2lvbj0yMDE2LTA0LTMwLXByZXZpZXc=",
      "RequestMethod": "GET",
      "RequestBody": "",
      "RequestHeaders": {
        "User-Agent": [
          "FxVersion/4.6.24410.01",
          "Microsoft.Azure.Management.Compute.Fluent.ComputeManagementClient/1.0.0"
        ]
      },
      "ResponseBody": "{\r\n  \"startTime\": \"2017-04-11T12:54:09.3614535-07:00\",\r\n  \"endTime\": \"2017-04-11T12:54:09.4708313-07:00\",\r\n  \"status\": \"Succeeded\",\r\n  \"name\": \"cf291459-d692-493b-9616-9f4802786b21\"\r\n}",
      "ResponseHeaders": {
        "Content-Type": [
          "application/json; charset=utf-8"
        ],
        "Expires": [
          "-1"
        ],
        "Cache-Control": [
          "no-cache"
        ],
        "Date": [
          "Tue, 11 Apr 2017 19:54:39 GMT"
        ],
        "Pragma": [
          "no-cache"
        ],
        "Transfer-Encoding": [
          "chunked"
        ],
        "Server": [
          "Microsoft-HTTPAPI/2.0",
          "Microsoft-HTTPAPI/2.0"
        ],
        "Vary": [
          "Accept-Encoding"
        ],
        "Strict-Transport-Security": [
          "max-age=31536000; includeSubDomains"
        ],
        "x-ms-served-by": [
          "b9a85f54-0d59-4290-8cc5-8d8b300978bb_131139682228523734"
        ],
        "x-ms-request-id": [
          "1f113649-ea19-46df-b224-61df4f3800b3"
        ],
        "x-ms-ratelimit-remaining-subscription-reads": [
          "14965"
        ],
        "x-ms-correlation-request-id": [
          "11aa8612-3287-4fd0-98e2-362d5173456b"
        ],
        "x-ms-routing-request-id": [
          "WESTUS2:20170411T195439Z:11aa8612-3287-4fd0-98e2-362d5173456b"
        ]
      },
      "StatusCode": 200
    },
    {
      "RequestUri": "/subscriptions/1c638cf4-608f-4ee6-b680-c329e824c3a8/providers/Microsoft.Compute/locations/westcentralus/operations/3724bf36-6183-494e-a38f-38e813310f21?api-version=2016-04-30-preview",
      "EncodedRequestUri": "L3N1YnNjcmlwdGlvbnMvMWM2MzhjZjQtNjA4Zi00ZWU2LWI2ODAtYzMyOWU4MjRjM2E4L3Byb3ZpZGVycy9NaWNyb3NvZnQuQ29tcHV0ZS9sb2NhdGlvbnMvd2VzdGNlbnRyYWx1cy9vcGVyYXRpb25zLzM3MjRiZjM2LTYxODMtNDk0ZS1hMzhmLTM4ZTgxMzMxMGYyMT9hcGktdmVyc2lvbj0yMDE2LTA0LTMwLXByZXZpZXc=",
      "RequestMethod": "GET",
      "RequestBody": "",
      "RequestHeaders": {
        "User-Agent": [
          "FxVersion/4.6.24410.01",
          "Microsoft.Azure.Management.Compute.Fluent.ComputeManagementClient/1.0.0"
        ]
      },
      "ResponseBody": "{\r\n  \"startTime\": \"2017-04-11T12:54:40.06454-07:00\",\r\n  \"status\": \"InProgress\",\r\n  \"name\": \"3724bf36-6183-494e-a38f-38e813310f21\"\r\n}",
      "ResponseHeaders": {
        "Content-Type": [
          "application/json; charset=utf-8"
        ],
        "Expires": [
          "-1"
        ],
        "Cache-Control": [
          "no-cache"
        ],
        "Date": [
          "Tue, 11 Apr 2017 19:55:09 GMT"
        ],
        "Pragma": [
          "no-cache"
        ],
        "Transfer-Encoding": [
          "chunked"
        ],
        "Server": [
          "Microsoft-HTTPAPI/2.0",
          "Microsoft-HTTPAPI/2.0"
        ],
        "Vary": [
          "Accept-Encoding"
        ],
        "Strict-Transport-Security": [
          "max-age=31536000; includeSubDomains"
        ],
        "x-ms-served-by": [
          "b9a85f54-0d59-4290-8cc5-8d8b300978bb_131139682228523734"
        ],
        "x-ms-request-id": [
          "698e3b2a-bb8b-4ab7-9797-b95f0a58250a"
        ],
        "x-ms-ratelimit-remaining-subscription-reads": [
          "14967"
        ],
        "x-ms-correlation-request-id": [
          "011cedc8-1ac9-4393-bbd8-8a44e00d1594"
        ],
        "x-ms-routing-request-id": [
          "WESTUS2:20170411T195510Z:011cedc8-1ac9-4393-bbd8-8a44e00d1594"
        ]
      },
      "StatusCode": 200
    },
    {
      "RequestUri": "/subscriptions/1c638cf4-608f-4ee6-b680-c329e824c3a8/providers/Microsoft.Compute/locations/westcentralus/operations/3724bf36-6183-494e-a38f-38e813310f21?api-version=2016-04-30-preview",
      "EncodedRequestUri": "L3N1YnNjcmlwdGlvbnMvMWM2MzhjZjQtNjA4Zi00ZWU2LWI2ODAtYzMyOWU4MjRjM2E4L3Byb3ZpZGVycy9NaWNyb3NvZnQuQ29tcHV0ZS9sb2NhdGlvbnMvd2VzdGNlbnRyYWx1cy9vcGVyYXRpb25zLzM3MjRiZjM2LTYxODMtNDk0ZS1hMzhmLTM4ZTgxMzMxMGYyMT9hcGktdmVyc2lvbj0yMDE2LTA0LTMwLXByZXZpZXc=",
      "RequestMethod": "GET",
      "RequestBody": "",
      "RequestHeaders": {
        "User-Agent": [
          "FxVersion/4.6.24410.01",
          "Microsoft.Azure.Management.Compute.Fluent.ComputeManagementClient/1.0.0"
        ]
      },
      "ResponseBody": "{\r\n  \"startTime\": \"2017-04-11T12:54:40.06454-07:00\",\r\n  \"endTime\": \"2017-04-11T12:55:32.8458365-07:00\",\r\n  \"status\": \"Succeeded\",\r\n  \"name\": \"3724bf36-6183-494e-a38f-38e813310f21\"\r\n}",
      "ResponseHeaders": {
        "Content-Type": [
          "application/json; charset=utf-8"
        ],
        "Expires": [
          "-1"
        ],
        "Cache-Control": [
          "no-cache"
        ],
        "Date": [
          "Tue, 11 Apr 2017 19:55:39 GMT"
        ],
        "Pragma": [
          "no-cache"
        ],
        "Transfer-Encoding": [
          "chunked"
        ],
        "Server": [
          "Microsoft-HTTPAPI/2.0",
          "Microsoft-HTTPAPI/2.0"
        ],
        "Vary": [
          "Accept-Encoding"
        ],
        "Strict-Transport-Security": [
          "max-age=31536000; includeSubDomains"
        ],
        "x-ms-served-by": [
          "b9a85f54-0d59-4290-8cc5-8d8b300978bb_131139682228523734"
        ],
        "x-ms-request-id": [
          "bea3f7c4-0861-4c33-a20d-9c9aee5ee101"
        ],
        "x-ms-ratelimit-remaining-subscription-reads": [
          "14966"
        ],
        "x-ms-correlation-request-id": [
          "e2af8e4a-84e1-450f-9e14-b6f7cd446861"
        ],
        "x-ms-routing-request-id": [
          "WESTUS2:20170411T195540Z:e2af8e4a-84e1-450f-9e14-b6f7cd446861"
        ]
      },
      "StatusCode": 200
    },
    {
      "RequestUri": "/subscriptions/1c638cf4-608f-4ee6-b680-c329e824c3a8/resourceGroups/rgcomv2be28164d26d2f2b/providers/Microsoft.Compute/virtualMachines?api-version=2016-04-30-preview",
      "EncodedRequestUri": "L3N1YnNjcmlwdGlvbnMvMWM2MzhjZjQtNjA4Zi00ZWU2LWI2ODAtYzMyOWU4MjRjM2E4L3Jlc291cmNlR3JvdXBzL3JnY29tdjJiZTI4MTY0ZDI2ZDJmMmIvcHJvdmlkZXJzL01pY3Jvc29mdC5Db21wdXRlL3ZpcnR1YWxNYWNoaW5lcz9hcGktdmVyc2lvbj0yMDE2LTA0LTMwLXByZXZpZXc=",
      "RequestMethod": "GET",
      "RequestBody": "",
      "RequestHeaders": {
        "x-ms-client-request-id": [
          "91c1db71-44ed-4ba6-9445-925357d78c93"
        ],
        "accept-language": [
          "en-US"
        ],
        "User-Agent": [
          "FxVersion/4.6.24410.01",
          "Microsoft.Azure.Management.Compute.Fluent.ComputeManagementClient/1.0.0"
        ]
      },
      "ResponseBody": "{\r\n  \"value\": [\r\n    {\r\n      \"properties\": {\r\n        \"vmId\": \"f40d99c7-e660-4b2f-9de5-513bc0434cdd\",\r\n        \"hardwareProfile\": {\r\n          \"vmSize\": \"Standard_D3_v2\"\r\n        },\r\n        \"storageProfile\": {\r\n          \"imageReference\": {\r\n            \"publisher\": \"Canonical\",\r\n            \"offer\": \"UbuntuServer\",\r\n            \"sku\": \"16.04.0-LTS\",\r\n            \"version\": \"latest\"\r\n          },\r\n          \"osDisk\": {\r\n            \"osType\": \"Linux\",\r\n            \"name\": \"lvmfaa27967616d4cf5c_OsDisk_1_50bdf91495d54480a04818ab873ccfc6\",\r\n            \"createOption\": \"FromImage\",\r\n            \"caching\": \"ReadWrite\",\r\n            \"managedDisk\": {\r\n              \"storageAccountType\": \"Standard_LRS\",\r\n              \"id\": \"/subscriptions/1c638cf4-608f-4ee6-b680-c329e824c3a8/resourceGroups/rgcomv2be28164d26d2f2b/providers/Microsoft.Compute/disks/lvmfaa27967616d4cf5c_OsDisk_1_50bdf91495d54480a04818ab873ccfc6\"\r\n            },\r\n            \"diskSizeGB\": 30\r\n          },\r\n          \"dataDisks\": []\r\n        },\r\n        \"osProfile\": {\r\n          \"computerName\": \"vm8c2061179e\",\r\n          \"adminUsername\": \"tirekicker\",\r\n          \"linuxConfiguration\": {\r\n            \"disablePasswordAuthentication\": false\r\n          },\r\n          \"secrets\": []\r\n        },\r\n        \"networkProfile\": {\r\n          \"networkInterfaces\": [\r\n            {\r\n              \"id\": \"/subscriptions/1c638cf4-608f-4ee6-b680-c329e824c3a8/resourceGroups/rgcomv2be28164d26d2f2b/providers/Microsoft.Network/networkInterfaces/nic8670467b601\",\r\n              \"properties\": {\r\n                \"primary\": true\r\n              }\r\n            }\r\n          ]\r\n        },\r\n        \"provisioningState\": \"Succeeded\"\r\n      },\r\n      \"type\": \"Microsoft.Compute/virtualMachines\",\r\n      \"location\": \"westcentralus\",\r\n      \"tags\": {\r\n        \"who-rocks-on-linux\": \"java\",\r\n        \"where\": \"on azure\"\r\n      },\r\n      \"id\": \"/subscriptions/1c638cf4-608f-4ee6-b680-c329e824c3a8/resourceGroups/rgcomv2be28164d26d2f2b/providers/Microsoft.Compute/virtualMachines/lvmfaa27967616d4cf5c\",\r\n      \"name\": \"lvmfaa27967616d4cf5c\"\r\n    },\r\n    {\r\n      \"properties\": {\r\n        \"vmId\": \"bb6b86f5-6fe3-4593-ba19-08857a2d070f\",\r\n        \"hardwareProfile\": {\r\n          \"vmSize\": \"Standard_D3_v2\"\r\n        },\r\n        \"storageProfile\": {\r\n          \"imageReference\": {\r\n            \"publisher\": \"MicrosoftWindowsServer\",\r\n            \"offer\": \"WindowsServer\",\r\n            \"sku\": \"2012-R2-Datacenter\",\r\n            \"version\": \"latest\"\r\n          },\r\n          \"osDisk\": {\r\n            \"osType\": \"Windows\",\r\n            \"name\": \"wvm024038843412ace94_OsDisk_1_51be9f3d300342a1b4795d94592e431c\",\r\n            \"createOption\": \"FromImage\",\r\n            \"caching\": \"ReadWrite\",\r\n            \"managedDisk\": {\r\n              \"storageAccountType\": \"Standard_LRS\",\r\n              \"id\": \"/subscriptions/1c638cf4-608f-4ee6-b680-c329e824c3a8/resourceGroups/rgcomv2be28164d26d2f2b/providers/Microsoft.Compute/disks/wvm024038843412ace94_OsDisk_1_51be9f3d300342a1b4795d94592e431c\"\r\n            },\r\n            \"diskSizeGB\": 128\r\n          },\r\n          \"dataDisks\": [\r\n            {\r\n              \"lun\": 0,\r\n              \"name\": \"dsk-6c89576046cdd10f3\",\r\n              \"createOption\": \"Attach\",\r\n              \"caching\": \"ReadWrite\",\r\n              \"managedDisk\": {\r\n                \"storageAccountType\": \"Standard_LRS\",\r\n                \"id\": \"/subscriptions/1c638cf4-608f-4ee6-b680-c329e824c3a8/resourceGroups/rgcomv2be28164d26d2f2b/providers/Microsoft.Compute/disks/dsk-6c89576046cdd10f3\"\r\n              },\r\n              \"diskSizeGB\": 100\r\n            },\r\n            {\r\n              \"lun\": 1,\r\n              \"name\": \"dsk-f3958901328006b28\",\r\n              \"createOption\": \"Attach\",\r\n              \"caching\": \"ReadWrite\",\r\n              \"managedDisk\": {\r\n                \"storageAccountType\": \"Standard_LRS\",\r\n                \"id\": \"/subscriptions/1c638cf4-608f-4ee6-b680-c329e824c3a8/resourceGroups/rgcomv2be28164d26d2f2b/providers/Microsoft.Compute/disks/dsk-f3958901328006b28\"\r\n              },\r\n              \"diskSizeGB\": 50\r\n            },\r\n            {\r\n              \"lun\": 2,\r\n              \"name\": \"wvm024038843412ace94_disk4_58ab71d8b9e24c829b40d209f4f164cf\",\r\n              \"createOption\": \"Empty\",\r\n              \"caching\": \"ReadWrite\",\r\n              \"managedDisk\": {\r\n                \"storageAccountType\": \"Standard_LRS\",\r\n                \"id\": \"/subscriptions/1c638cf4-608f-4ee6-b680-c329e824c3a8/resourceGroups/rgcomv2be28164d26d2f2b/providers/Microsoft.Compute/disks/wvm024038843412ace94_disk4_58ab71d8b9e24c829b40d209f4f164cf\"\r\n              },\r\n              \"diskSizeGB\": 10\r\n            },\r\n            {\r\n              \"lun\": 3,\r\n              \"name\": \"wvm024038843412ace94_disk5_025641727ace4898bd6ab0359163c6ff\",\r\n              \"createOption\": \"Empty\",\r\n              \"caching\": \"ReadWrite\",\r\n              \"managedDisk\": {\r\n                \"storageAccountType\": \"Standard_LRS\",\r\n                \"id\": \"/subscriptions/1c638cf4-608f-4ee6-b680-c329e824c3a8/resourceGroups/rgcomv2be28164d26d2f2b/providers/Microsoft.Compute/disks/wvm024038843412ace94_disk5_025641727ace4898bd6ab0359163c6ff\"\r\n              },\r\n              \"diskSizeGB\": 200\r\n            }\r\n          ]\r\n        },\r\n        \"osProfile\": {\r\n          \"computerName\": \"vm2ff6843534\",\r\n          \"adminUsername\": \"tirekicker\",\r\n          \"windowsConfiguration\": {\r\n            \"provisionVMAgent\": true,\r\n            \"enableAutomaticUpdates\": true\r\n          },\r\n          \"secrets\": []\r\n        },\r\n        \"networkProfile\": {\r\n          \"networkInterfaces\": [\r\n            {\r\n              \"id\": \"/subscriptions/1c638cf4-608f-4ee6-b680-c329e824c3a8/resourceGroups/rgcomv2be28164d26d2f2b/providers/Microsoft.Network/networkInterfaces/nic4315580dbe4\",\r\n              \"properties\": {\r\n                \"primary\": true\r\n              }\r\n            }\r\n          ]\r\n        },\r\n        \"provisioningState\": \"Succeeded\"\r\n      },\r\n      \"type\": \"Microsoft.Compute/virtualMachines\",\r\n      \"location\": \"westcentralus\",\r\n      \"tags\": {},\r\n      \"id\": \"/subscriptions/1c638cf4-608f-4ee6-b680-c329e824c3a8/resourceGroups/rgcomv2be28164d26d2f2b/providers/Microsoft.Compute/virtualMachines/wvm024038843412ace94\",\r\n      \"name\": \"wvm024038843412ace94\"\r\n    }\r\n  ]\r\n}",
      "ResponseHeaders": {
        "Content-Type": [
          "application/json; charset=utf-8"
        ],
        "Expires": [
          "-1"
        ],
        "Cache-Control": [
          "no-cache"
        ],
        "Date": [
          "Tue, 11 Apr 2017 19:55:39 GMT"
        ],
        "Pragma": [
          "no-cache"
        ],
        "Transfer-Encoding": [
          "chunked"
        ],
        "Server": [
          "Microsoft-HTTPAPI/2.0",
          "Microsoft-HTTPAPI/2.0"
        ],
        "Vary": [
          "Accept-Encoding"
        ],
        "Strict-Transport-Security": [
          "max-age=31536000; includeSubDomains"
        ],
        "x-ms-served-by": [
          "b9a85f54-0d59-4290-8cc5-8d8b300978bb_131139682228523734"
        ],
        "x-ms-request-id": [
          "bcd178be-f14f-4bdc-bd71-3cb0f0713d81"
        ],
        "x-ms-ratelimit-remaining-subscription-reads": [
          "14964"
        ],
        "x-ms-correlation-request-id": [
          "0b7e970c-79ff-4ef4-9d6c-abb27f2f36e8"
        ],
        "x-ms-routing-request-id": [
          "WESTUS2:20170411T195540Z:0b7e970c-79ff-4ef4-9d6c-abb27f2f36e8"
        ]
      },
      "StatusCode": 200
    },
    {
      "RequestUri": "/subscriptions/1c638cf4-608f-4ee6-b680-c329e824c3a8/resourceGroups/rgcomv2be28164d26d2f2b/providers/Microsoft.Compute/virtualMachines/wvm024038843412ace94?api-version=2016-04-30-preview",
      "EncodedRequestUri": "L3N1YnNjcmlwdGlvbnMvMWM2MzhjZjQtNjA4Zi00ZWU2LWI2ODAtYzMyOWU4MjRjM2E4L3Jlc291cmNlR3JvdXBzL3JnY29tdjJiZTI4MTY0ZDI2ZDJmMmIvcHJvdmlkZXJzL01pY3Jvc29mdC5Db21wdXRlL3ZpcnR1YWxNYWNoaW5lcy93dm0wMjQwMzg4NDM0MTJhY2U5ND9hcGktdmVyc2lvbj0yMDE2LTA0LTMwLXByZXZpZXc=",
      "RequestMethod": "DELETE",
      "RequestBody": "",
      "RequestHeaders": {
        "x-ms-client-request-id": [
          "4f7b0ab2-df7b-4ddd-a8e7-f80c67b14c3b"
        ],
        "accept-language": [
          "en-US"
        ],
        "User-Agent": [
          "FxVersion/4.6.24410.01",
          "Microsoft.Azure.Management.Compute.Fluent.ComputeManagementClient/1.0.0"
        ]
      },
      "ResponseBody": "",
      "ResponseHeaders": {
        "Content-Length": [
          "0"
        ],
        "Expires": [
          "-1"
        ],
        "Cache-Control": [
          "no-cache"
        ],
        "Date": [
          "Tue, 11 Apr 2017 19:55:40 GMT"
        ],
        "Pragma": [
          "no-cache"
        ],
        "Location": [
          "https://management.azure.com/subscriptions/1c638cf4-608f-4ee6-b680-c329e824c3a8/providers/Microsoft.Compute/locations/westcentralus/operations/024470f5-674d-4a5d-a020-61ab5ceb2d53?monitor=true&api-version=2016-04-30-preview"
        ],
        "Server": [
          "Microsoft-HTTPAPI/2.0",
          "Microsoft-HTTPAPI/2.0"
        ],
        "Azure-AsyncOperation": [
          "https://management.azure.com/subscriptions/1c638cf4-608f-4ee6-b680-c329e824c3a8/providers/Microsoft.Compute/locations/westcentralus/operations/024470f5-674d-4a5d-a020-61ab5ceb2d53?api-version=2016-04-30-preview"
        ],
        "Strict-Transport-Security": [
          "max-age=31536000; includeSubDomains"
        ],
        "x-ms-served-by": [
          "b9a85f54-0d59-4290-8cc5-8d8b300978bb_131139682228523734"
        ],
        "x-ms-request-id": [
          "024470f5-674d-4a5d-a020-61ab5ceb2d53"
        ],
        "x-ms-ratelimit-remaining-subscription-writes": [
          "1191"
        ],
        "x-ms-correlation-request-id": [
          "0a8f6bcf-9efb-4664-a46b-6e0324ee3364"
        ],
        "x-ms-routing-request-id": [
          "WESTUS2:20170411T195540Z:0a8f6bcf-9efb-4664-a46b-6e0324ee3364"
        ]
      },
      "StatusCode": 202
    },
    {
      "RequestUri": "/subscriptions/1c638cf4-608f-4ee6-b680-c329e824c3a8/providers/Microsoft.Compute/locations/westcentralus/operations/024470f5-674d-4a5d-a020-61ab5ceb2d53?api-version=2016-04-30-preview",
      "EncodedRequestUri": "L3N1YnNjcmlwdGlvbnMvMWM2MzhjZjQtNjA4Zi00ZWU2LWI2ODAtYzMyOWU4MjRjM2E4L3Byb3ZpZGVycy9NaWNyb3NvZnQuQ29tcHV0ZS9sb2NhdGlvbnMvd2VzdGNlbnRyYWx1cy9vcGVyYXRpb25zLzAyNDQ3MGY1LTY3NGQtNGE1ZC1hMDIwLTYxYWI1Y2ViMmQ1Mz9hcGktdmVyc2lvbj0yMDE2LTA0LTMwLXByZXZpZXc=",
      "RequestMethod": "GET",
      "RequestBody": "",
      "RequestHeaders": {
        "User-Agent": [
          "FxVersion/4.6.24410.01",
          "Microsoft.Azure.Management.Compute.Fluent.ComputeManagementClient/1.0.0"
        ]
      },
      "ResponseBody": "{\r\n  \"startTime\": \"2017-04-11T12:55:40.8458686-07:00\",\r\n  \"status\": \"InProgress\",\r\n  \"name\": \"024470f5-674d-4a5d-a020-61ab5ceb2d53\"\r\n}",
      "ResponseHeaders": {
        "Content-Type": [
          "application/json; charset=utf-8"
        ],
        "Expires": [
          "-1"
        ],
        "Cache-Control": [
          "no-cache"
        ],
        "Date": [
          "Tue, 11 Apr 2017 19:56:10 GMT"
        ],
        "Pragma": [
          "no-cache"
        ],
        "Transfer-Encoding": [
          "chunked"
        ],
        "Server": [
          "Microsoft-HTTPAPI/2.0",
          "Microsoft-HTTPAPI/2.0"
        ],
        "Vary": [
          "Accept-Encoding"
        ],
        "Strict-Transport-Security": [
          "max-age=31536000; includeSubDomains"
        ],
        "x-ms-served-by": [
          "b9a85f54-0d59-4290-8cc5-8d8b300978bb_131139682228523734"
        ],
        "x-ms-request-id": [
          "634cafae-0502-4948-a81e-e48e37768596"
        ],
        "x-ms-ratelimit-remaining-subscription-reads": [
          "14963"
        ],
        "x-ms-correlation-request-id": [
          "21a7e902-b8d1-41e1-a7a7-a2752721da93"
        ],
        "x-ms-routing-request-id": [
          "WESTUS2:20170411T195610Z:21a7e902-b8d1-41e1-a7a7-a2752721da93"
        ]
      },
      "StatusCode": 200
    },
    {
      "RequestUri": "/subscriptions/1c638cf4-608f-4ee6-b680-c329e824c3a8/providers/Microsoft.Compute/locations/westcentralus/operations/024470f5-674d-4a5d-a020-61ab5ceb2d53?api-version=2016-04-30-preview",
      "EncodedRequestUri": "L3N1YnNjcmlwdGlvbnMvMWM2MzhjZjQtNjA4Zi00ZWU2LWI2ODAtYzMyOWU4MjRjM2E4L3Byb3ZpZGVycy9NaWNyb3NvZnQuQ29tcHV0ZS9sb2NhdGlvbnMvd2VzdGNlbnRyYWx1cy9vcGVyYXRpb25zLzAyNDQ3MGY1LTY3NGQtNGE1ZC1hMDIwLTYxYWI1Y2ViMmQ1Mz9hcGktdmVyc2lvbj0yMDE2LTA0LTMwLXByZXZpZXc=",
      "RequestMethod": "GET",
      "RequestBody": "",
      "RequestHeaders": {
        "User-Agent": [
          "FxVersion/4.6.24410.01",
          "Microsoft.Azure.Management.Compute.Fluent.ComputeManagementClient/1.0.0"
        ]
      },
      "ResponseBody": "{\r\n  \"startTime\": \"2017-04-11T12:55:40.8458686-07:00\",\r\n  \"status\": \"InProgress\",\r\n  \"name\": \"024470f5-674d-4a5d-a020-61ab5ceb2d53\"\r\n}",
      "ResponseHeaders": {
        "Content-Type": [
          "application/json; charset=utf-8"
        ],
        "Expires": [
          "-1"
        ],
        "Cache-Control": [
          "no-cache"
        ],
        "Date": [
          "Tue, 11 Apr 2017 19:56:40 GMT"
        ],
        "Pragma": [
          "no-cache"
        ],
        "Transfer-Encoding": [
          "chunked"
        ],
        "Server": [
          "Microsoft-HTTPAPI/2.0",
          "Microsoft-HTTPAPI/2.0"
        ],
        "Vary": [
          "Accept-Encoding"
        ],
        "Strict-Transport-Security": [
          "max-age=31536000; includeSubDomains"
        ],
        "x-ms-served-by": [
          "b9a85f54-0d59-4290-8cc5-8d8b300978bb_131139682228523734"
        ],
        "x-ms-request-id": [
          "d5be5a13-917d-4ddb-ade7-b2dcd114cd58"
        ],
        "x-ms-ratelimit-remaining-subscription-reads": [
          "14962"
        ],
        "x-ms-correlation-request-id": [
          "283e1afa-d17a-43f4-8f07-b258ebf5af74"
        ],
        "x-ms-routing-request-id": [
          "WESTUS2:20170411T195641Z:283e1afa-d17a-43f4-8f07-b258ebf5af74"
        ]
      },
      "StatusCode": 200
    },
    {
      "RequestUri": "/subscriptions/1c638cf4-608f-4ee6-b680-c329e824c3a8/providers/Microsoft.Compute/locations/westcentralus/operations/024470f5-674d-4a5d-a020-61ab5ceb2d53?api-version=2016-04-30-preview",
      "EncodedRequestUri": "L3N1YnNjcmlwdGlvbnMvMWM2MzhjZjQtNjA4Zi00ZWU2LWI2ODAtYzMyOWU4MjRjM2E4L3Byb3ZpZGVycy9NaWNyb3NvZnQuQ29tcHV0ZS9sb2NhdGlvbnMvd2VzdGNlbnRyYWx1cy9vcGVyYXRpb25zLzAyNDQ3MGY1LTY3NGQtNGE1ZC1hMDIwLTYxYWI1Y2ViMmQ1Mz9hcGktdmVyc2lvbj0yMDE2LTA0LTMwLXByZXZpZXc=",
      "RequestMethod": "GET",
      "RequestBody": "",
      "RequestHeaders": {
        "User-Agent": [
          "FxVersion/4.6.24410.01",
          "Microsoft.Azure.Management.Compute.Fluent.ComputeManagementClient/1.0.0"
        ]
      },
      "ResponseBody": "{\r\n  \"startTime\": \"2017-04-11T12:55:40.8458686-07:00\",\r\n  \"status\": \"InProgress\",\r\n  \"name\": \"024470f5-674d-4a5d-a020-61ab5ceb2d53\"\r\n}",
      "ResponseHeaders": {
        "Content-Type": [
          "application/json; charset=utf-8"
        ],
        "Expires": [
          "-1"
        ],
        "Cache-Control": [
          "no-cache"
        ],
        "Date": [
          "Tue, 11 Apr 2017 19:57:10 GMT"
        ],
        "Pragma": [
          "no-cache"
        ],
        "Transfer-Encoding": [
          "chunked"
        ],
        "Server": [
          "Microsoft-HTTPAPI/2.0",
          "Microsoft-HTTPAPI/2.0"
        ],
        "Vary": [
          "Accept-Encoding"
        ],
        "Strict-Transport-Security": [
          "max-age=31536000; includeSubDomains"
        ],
        "x-ms-served-by": [
          "b9a85f54-0d59-4290-8cc5-8d8b300978bb_131139682228523734"
        ],
        "x-ms-request-id": [
          "d60bc07d-ac16-4f5e-adf5-65c56be5e358"
        ],
        "x-ms-ratelimit-remaining-subscription-reads": [
          "14961"
        ],
        "x-ms-correlation-request-id": [
          "ed1b94f5-f4eb-40c2-9b5b-39fe680e624a"
        ],
        "x-ms-routing-request-id": [
          "WESTUS2:20170411T195711Z:ed1b94f5-f4eb-40c2-9b5b-39fe680e624a"
        ]
      },
      "StatusCode": 200
    },
    {
      "RequestUri": "/subscriptions/1c638cf4-608f-4ee6-b680-c329e824c3a8/providers/Microsoft.Compute/locations/westcentralus/operations/024470f5-674d-4a5d-a020-61ab5ceb2d53?api-version=2016-04-30-preview",
      "EncodedRequestUri": "L3N1YnNjcmlwdGlvbnMvMWM2MzhjZjQtNjA4Zi00ZWU2LWI2ODAtYzMyOWU4MjRjM2E4L3Byb3ZpZGVycy9NaWNyb3NvZnQuQ29tcHV0ZS9sb2NhdGlvbnMvd2VzdGNlbnRyYWx1cy9vcGVyYXRpb25zLzAyNDQ3MGY1LTY3NGQtNGE1ZC1hMDIwLTYxYWI1Y2ViMmQ1Mz9hcGktdmVyc2lvbj0yMDE2LTA0LTMwLXByZXZpZXc=",
      "RequestMethod": "GET",
      "RequestBody": "",
      "RequestHeaders": {
        "User-Agent": [
          "FxVersion/4.6.24410.01",
          "Microsoft.Azure.Management.Compute.Fluent.ComputeManagementClient/1.0.0"
        ]
      },
      "ResponseBody": "{\r\n  \"startTime\": \"2017-04-11T12:55:40.8458686-07:00\",\r\n  \"status\": \"InProgress\",\r\n  \"name\": \"024470f5-674d-4a5d-a020-61ab5ceb2d53\"\r\n}",
      "ResponseHeaders": {
        "Content-Type": [
          "application/json; charset=utf-8"
        ],
        "Expires": [
          "-1"
        ],
        "Cache-Control": [
          "no-cache"
        ],
        "Date": [
          "Tue, 11 Apr 2017 19:57:41 GMT"
        ],
        "Pragma": [
          "no-cache"
        ],
        "Transfer-Encoding": [
          "chunked"
        ],
        "Server": [
          "Microsoft-HTTPAPI/2.0",
          "Microsoft-HTTPAPI/2.0"
        ],
        "Vary": [
          "Accept-Encoding"
        ],
        "Strict-Transport-Security": [
          "max-age=31536000; includeSubDomains"
        ],
        "x-ms-served-by": [
          "b9a85f54-0d59-4290-8cc5-8d8b300978bb_131139682228523734"
        ],
        "x-ms-request-id": [
          "41350508-4c17-480b-9825-4cc2fecbdf8c"
        ],
        "x-ms-ratelimit-remaining-subscription-reads": [
          "14960"
        ],
        "x-ms-correlation-request-id": [
          "5bae2603-f391-4432-ac43-dd16bb919d82"
        ],
        "x-ms-routing-request-id": [
          "WESTUS2:20170411T195741Z:5bae2603-f391-4432-ac43-dd16bb919d82"
        ]
      },
      "StatusCode": 200
    },
    {
      "RequestUri": "/subscriptions/1c638cf4-608f-4ee6-b680-c329e824c3a8/providers/Microsoft.Compute/locations/westcentralus/operations/024470f5-674d-4a5d-a020-61ab5ceb2d53?api-version=2016-04-30-preview",
      "EncodedRequestUri": "L3N1YnNjcmlwdGlvbnMvMWM2MzhjZjQtNjA4Zi00ZWU2LWI2ODAtYzMyOWU4MjRjM2E4L3Byb3ZpZGVycy9NaWNyb3NvZnQuQ29tcHV0ZS9sb2NhdGlvbnMvd2VzdGNlbnRyYWx1cy9vcGVyYXRpb25zLzAyNDQ3MGY1LTY3NGQtNGE1ZC1hMDIwLTYxYWI1Y2ViMmQ1Mz9hcGktdmVyc2lvbj0yMDE2LTA0LTMwLXByZXZpZXc=",
      "RequestMethod": "GET",
      "RequestBody": "",
      "RequestHeaders": {
        "User-Agent": [
          "FxVersion/4.6.24410.01",
          "Microsoft.Azure.Management.Compute.Fluent.ComputeManagementClient/1.0.0"
        ]
      },
      "ResponseBody": "{\r\n  \"startTime\": \"2017-04-11T12:55:40.8458686-07:00\",\r\n  \"endTime\": \"2017-04-11T12:57:48.9865187-07:00\",\r\n  \"status\": \"Succeeded\",\r\n  \"name\": \"024470f5-674d-4a5d-a020-61ab5ceb2d53\"\r\n}",
      "ResponseHeaders": {
        "Content-Type": [
          "application/json; charset=utf-8"
        ],
        "Expires": [
          "-1"
        ],
        "Cache-Control": [
          "no-cache"
        ],
        "Date": [
          "Tue, 11 Apr 2017 19:58:11 GMT"
        ],
        "Pragma": [
          "no-cache"
        ],
        "Transfer-Encoding": [
          "chunked"
        ],
        "Server": [
          "Microsoft-HTTPAPI/2.0",
          "Microsoft-HTTPAPI/2.0"
        ],
        "Vary": [
          "Accept-Encoding"
        ],
        "Strict-Transport-Security": [
          "max-age=31536000; includeSubDomains"
        ],
        "x-ms-served-by": [
          "b9a85f54-0d59-4290-8cc5-8d8b300978bb_131139682228523734"
        ],
        "x-ms-request-id": [
          "f293cd9c-6fb4-4091-9d34-aae80ae1c6dc"
        ],
        "x-ms-ratelimit-remaining-subscription-reads": [
          "14959"
        ],
        "x-ms-correlation-request-id": [
          "5459ca15-ba7d-4e5a-9b7d-0e39514dead4"
        ],
        "x-ms-routing-request-id": [
          "WESTUS2:20170411T195811Z:5459ca15-ba7d-4e5a-9b7d-0e39514dead4"
        ]
      },
      "StatusCode": 200
    },
    {
      "RequestUri": "/subscriptions/1c638cf4-608f-4ee6-b680-c329e824c3a8/resourcegroups/rgcomv2be28164d26d2f2b?api-version=2016-02-01",
      "EncodedRequestUri": "L3N1YnNjcmlwdGlvbnMvMWM2MzhjZjQtNjA4Zi00ZWU2LWI2ODAtYzMyOWU4MjRjM2E4L3Jlc291cmNlZ3JvdXBzL3JnY29tdjJiZTI4MTY0ZDI2ZDJmMmI/YXBpLXZlcnNpb249MjAxNi0wMi0wMQ==",
      "RequestMethod": "DELETE",
      "RequestBody": "",
      "RequestHeaders": {
        "x-ms-client-request-id": [
          "148a65aa-df3b-4555-9694-8491075a9128"
        ],
        "accept-language": [
          "en-US"
        ],
        "User-Agent": [
          "FxVersion/4.6.24410.01",
          "Microsoft.Azure.Management.ResourceManager.Fluent.ResourceManagementClient/1.0.0"
        ]
      },
      "ResponseBody": "",
      "ResponseHeaders": {
        "Content-Length": [
          "0"
        ],
        "Expires": [
          "-1"
        ],
        "Cache-Control": [
          "no-cache"
        ],
        "Date": [
          "Tue, 11 Apr 2017 19:58:11 GMT"
        ],
        "Pragma": [
          "no-cache"
        ],
        "Location": [
          "https://management.azure.com/subscriptions/1c638cf4-608f-4ee6-b680-c329e824c3a8/operationresults/eyJqb2JJZCI6IlJFU09VUkNFR1JPVVBERUxFVElPTkpPQi1SR0NPTVYyQkUyODE2NEQyNkQyRjJCLVdFU1RDRU5UUkFMVVMiLCJqb2JMb2NhdGlvbiI6Indlc3RjZW50cmFsdXMifQ?api-version=2016-02-01"
        ],
        "Retry-After": [
          "15"
        ],
        "x-ms-ratelimit-remaining-subscription-writes": [
          "1190"
        ],
        "x-ms-request-id": [
          "34bd2331-783b-447f-9519-c94f37f75e8c"
        ],
        "x-ms-correlation-request-id": [
          "34bd2331-783b-447f-9519-c94f37f75e8c"
        ],
        "x-ms-routing-request-id": [
          "WESTUS2:20170411T195812Z:34bd2331-783b-447f-9519-c94f37f75e8c"
        ],
        "Strict-Transport-Security": [
          "max-age=31536000; includeSubDomains"
        ]
      },
      "StatusCode": 202
    },
    {
      "RequestUri": "/subscriptions/1c638cf4-608f-4ee6-b680-c329e824c3a8/operationresults/eyJqb2JJZCI6IlJFU09VUkNFR1JPVVBERUxFVElPTkpPQi1SR0NPTVYyQkUyODE2NEQyNkQyRjJCLVdFU1RDRU5UUkFMVVMiLCJqb2JMb2NhdGlvbiI6Indlc3RjZW50cmFsdXMifQ?api-version=2016-02-01",
      "EncodedRequestUri": "L3N1YnNjcmlwdGlvbnMvMWM2MzhjZjQtNjA4Zi00ZWU2LWI2ODAtYzMyOWU4MjRjM2E4L29wZXJhdGlvbnJlc3VsdHMvZXlKcWIySkpaQ0k2SWxKRlUwOVZVa05GUjFKUFZWQkVSVXhGVkVsUFRrcFBRaTFTUjBOUFRWWXlRa1V5T0RFMk5FUXlOa1F5UmpKQ0xWZEZVMVJEUlU1VVVrRk1WVk1pTENKcWIySk1iMk5oZEdsdmJpSTZJbmRsYzNSalpXNTBjbUZzZFhNaWZRP2FwaS12ZXJzaW9uPTIwMTYtMDItMDE=",
      "RequestMethod": "GET",
      "RequestBody": "",
      "RequestHeaders": {
        "User-Agent": [
          "FxVersion/4.6.24410.01",
          "Microsoft.Azure.Management.ResourceManager.Fluent.ResourceManagementClient/1.0.0"
        ]
      },
      "ResponseBody": "",
      "ResponseHeaders": {
        "Content-Length": [
          "0"
        ],
        "Expires": [
          "-1"
        ],
        "Cache-Control": [
          "no-cache"
        ],
        "Date": [
          "Tue, 11 Apr 2017 19:58:41 GMT"
        ],
        "Pragma": [
          "no-cache"
        ],
        "Location": [
          "https://management.azure.com/subscriptions/1c638cf4-608f-4ee6-b680-c329e824c3a8/operationresults/eyJqb2JJZCI6IlJFU09VUkNFR1JPVVBERUxFVElPTkpPQi1SR0NPTVYyQkUyODE2NEQyNkQyRjJCLVdFU1RDRU5UUkFMVVMiLCJqb2JMb2NhdGlvbiI6Indlc3RjZW50cmFsdXMifQ?api-version=2016-02-01"
        ],
        "Retry-After": [
          "15"
        ],
        "x-ms-ratelimit-remaining-subscription-reads": [
          "14957"
        ],
        "x-ms-request-id": [
          "50015ac9-f8bb-434f-abe8-3a47992df48a"
        ],
        "x-ms-correlation-request-id": [
          "50015ac9-f8bb-434f-abe8-3a47992df48a"
        ],
        "x-ms-routing-request-id": [
          "WESTUS2:20170411T195842Z:50015ac9-f8bb-434f-abe8-3a47992df48a"
        ],
        "Strict-Transport-Security": [
          "max-age=31536000; includeSubDomains"
        ]
      },
      "StatusCode": 202
    },
    {
      "RequestUri": "/subscriptions/1c638cf4-608f-4ee6-b680-c329e824c3a8/operationresults/eyJqb2JJZCI6IlJFU09VUkNFR1JPVVBERUxFVElPTkpPQi1SR0NPTVYyQkUyODE2NEQyNkQyRjJCLVdFU1RDRU5UUkFMVVMiLCJqb2JMb2NhdGlvbiI6Indlc3RjZW50cmFsdXMifQ?api-version=2016-02-01",
      "EncodedRequestUri": "L3N1YnNjcmlwdGlvbnMvMWM2MzhjZjQtNjA4Zi00ZWU2LWI2ODAtYzMyOWU4MjRjM2E4L29wZXJhdGlvbnJlc3VsdHMvZXlKcWIySkpaQ0k2SWxKRlUwOVZVa05GUjFKUFZWQkVSVXhGVkVsUFRrcFBRaTFTUjBOUFRWWXlRa1V5T0RFMk5FUXlOa1F5UmpKQ0xWZEZVMVJEUlU1VVVrRk1WVk1pTENKcWIySk1iMk5oZEdsdmJpSTZJbmRsYzNSalpXNTBjbUZzZFhNaWZRP2FwaS12ZXJzaW9uPTIwMTYtMDItMDE=",
      "RequestMethod": "GET",
      "RequestBody": "",
      "RequestHeaders": {
        "User-Agent": [
          "FxVersion/4.6.24410.01",
          "Microsoft.Azure.Management.ResourceManager.Fluent.ResourceManagementClient/1.0.0"
        ]
      },
      "ResponseBody": "",
      "ResponseHeaders": {
        "Content-Length": [
          "0"
        ],
        "Expires": [
          "-1"
        ],
        "Cache-Control": [
          "no-cache"
        ],
        "Date": [
          "Tue, 11 Apr 2017 19:59:11 GMT"
        ],
        "Pragma": [
          "no-cache"
        ],
        "Location": [
          "https://management.azure.com/subscriptions/1c638cf4-608f-4ee6-b680-c329e824c3a8/operationresults/eyJqb2JJZCI6IlJFU09VUkNFR1JPVVBERUxFVElPTkpPQi1SR0NPTVYyQkUyODE2NEQyNkQyRjJCLVdFU1RDRU5UUkFMVVMiLCJqb2JMb2NhdGlvbiI6Indlc3RjZW50cmFsdXMifQ?api-version=2016-02-01"
        ],
        "Retry-After": [
          "15"
        ],
        "x-ms-ratelimit-remaining-subscription-reads": [
          "14956"
        ],
        "x-ms-request-id": [
          "60c8b0ed-6602-4b7d-bd59-bcd9ea5f1313"
        ],
        "x-ms-correlation-request-id": [
          "60c8b0ed-6602-4b7d-bd59-bcd9ea5f1313"
        ],
        "x-ms-routing-request-id": [
          "WESTUS2:20170411T195912Z:60c8b0ed-6602-4b7d-bd59-bcd9ea5f1313"
        ],
        "Strict-Transport-Security": [
          "max-age=31536000; includeSubDomains"
        ]
      },
      "StatusCode": 202
    },
    {
      "RequestUri": "/subscriptions/1c638cf4-608f-4ee6-b680-c329e824c3a8/operationresults/eyJqb2JJZCI6IlJFU09VUkNFR1JPVVBERUxFVElPTkpPQi1SR0NPTVYyQkUyODE2NEQyNkQyRjJCLVdFU1RDRU5UUkFMVVMiLCJqb2JMb2NhdGlvbiI6Indlc3RjZW50cmFsdXMifQ?api-version=2016-02-01",
      "EncodedRequestUri": "L3N1YnNjcmlwdGlvbnMvMWM2MzhjZjQtNjA4Zi00ZWU2LWI2ODAtYzMyOWU4MjRjM2E4L29wZXJhdGlvbnJlc3VsdHMvZXlKcWIySkpaQ0k2SWxKRlUwOVZVa05GUjFKUFZWQkVSVXhGVkVsUFRrcFBRaTFTUjBOUFRWWXlRa1V5T0RFMk5FUXlOa1F5UmpKQ0xWZEZVMVJEUlU1VVVrRk1WVk1pTENKcWIySk1iMk5oZEdsdmJpSTZJbmRsYzNSalpXNTBjbUZzZFhNaWZRP2FwaS12ZXJzaW9uPTIwMTYtMDItMDE=",
      "RequestMethod": "GET",
      "RequestBody": "",
      "RequestHeaders": {
        "User-Agent": [
          "FxVersion/4.6.24410.01",
          "Microsoft.Azure.Management.ResourceManager.Fluent.ResourceManagementClient/1.0.0"
        ]
      },
      "ResponseBody": "",
      "ResponseHeaders": {
        "Content-Length": [
          "0"
        ],
        "Expires": [
          "-1"
        ],
        "Cache-Control": [
          "no-cache"
        ],
        "Date": [
          "Tue, 11 Apr 2017 19:59:41 GMT"
        ],
        "Pragma": [
          "no-cache"
        ],
        "Location": [
          "https://management.azure.com/subscriptions/1c638cf4-608f-4ee6-b680-c329e824c3a8/operationresults/eyJqb2JJZCI6IlJFU09VUkNFR1JPVVBERUxFVElPTkpPQi1SR0NPTVYyQkUyODE2NEQyNkQyRjJCLVdFU1RDRU5UUkFMVVMiLCJqb2JMb2NhdGlvbiI6Indlc3RjZW50cmFsdXMifQ?api-version=2016-02-01"
        ],
        "Retry-After": [
          "15"
        ],
        "x-ms-ratelimit-remaining-subscription-reads": [
          "14954"
        ],
        "x-ms-request-id": [
          "aec60758-3535-4850-a6ee-2a10cf0c3aa8"
        ],
        "x-ms-correlation-request-id": [
          "aec60758-3535-4850-a6ee-2a10cf0c3aa8"
        ],
        "x-ms-routing-request-id": [
          "WESTUS2:20170411T195942Z:aec60758-3535-4850-a6ee-2a10cf0c3aa8"
        ],
        "Strict-Transport-Security": [
          "max-age=31536000; includeSubDomains"
        ]
      },
      "StatusCode": 202
    },
    {
      "RequestUri": "/subscriptions/1c638cf4-608f-4ee6-b680-c329e824c3a8/operationresults/eyJqb2JJZCI6IlJFU09VUkNFR1JPVVBERUxFVElPTkpPQi1SR0NPTVYyQkUyODE2NEQyNkQyRjJCLVdFU1RDRU5UUkFMVVMiLCJqb2JMb2NhdGlvbiI6Indlc3RjZW50cmFsdXMifQ?api-version=2016-02-01",
      "EncodedRequestUri": "L3N1YnNjcmlwdGlvbnMvMWM2MzhjZjQtNjA4Zi00ZWU2LWI2ODAtYzMyOWU4MjRjM2E4L29wZXJhdGlvbnJlc3VsdHMvZXlKcWIySkpaQ0k2SWxKRlUwOVZVa05GUjFKUFZWQkVSVXhGVkVsUFRrcFBRaTFTUjBOUFRWWXlRa1V5T0RFMk5FUXlOa1F5UmpKQ0xWZEZVMVJEUlU1VVVrRk1WVk1pTENKcWIySk1iMk5oZEdsdmJpSTZJbmRsYzNSalpXNTBjbUZzZFhNaWZRP2FwaS12ZXJzaW9uPTIwMTYtMDItMDE=",
      "RequestMethod": "GET",
      "RequestBody": "",
      "RequestHeaders": {
        "User-Agent": [
          "FxVersion/4.6.24410.01",
          "Microsoft.Azure.Management.ResourceManager.Fluent.ResourceManagementClient/1.0.0"
        ]
      },
      "ResponseBody": "",
      "ResponseHeaders": {
        "Content-Length": [
          "0"
        ],
        "Expires": [
          "-1"
        ],
        "Cache-Control": [
          "no-cache"
        ],
        "Date": [
          "Tue, 11 Apr 2017 20:00:11 GMT"
        ],
        "Pragma": [
          "no-cache"
        ],
        "Location": [
          "https://management.azure.com/subscriptions/1c638cf4-608f-4ee6-b680-c329e824c3a8/operationresults/eyJqb2JJZCI6IlJFU09VUkNFR1JPVVBERUxFVElPTkpPQi1SR0NPTVYyQkUyODE2NEQyNkQyRjJCLVdFU1RDRU5UUkFMVVMiLCJqb2JMb2NhdGlvbiI6Indlc3RjZW50cmFsdXMifQ?api-version=2016-02-01"
        ],
        "Retry-After": [
          "15"
        ],
        "x-ms-ratelimit-remaining-subscription-reads": [
          "14954"
        ],
        "x-ms-request-id": [
          "5d081062-5232-4a94-934b-26c66cfdf524"
        ],
        "x-ms-correlation-request-id": [
          "5d081062-5232-4a94-934b-26c66cfdf524"
        ],
        "x-ms-routing-request-id": [
          "WESTUS2:20170411T200012Z:5d081062-5232-4a94-934b-26c66cfdf524"
        ],
        "Strict-Transport-Security": [
          "max-age=31536000; includeSubDomains"
        ]
      },
      "StatusCode": 202
    },
    {
      "RequestUri": "/subscriptions/1c638cf4-608f-4ee6-b680-c329e824c3a8/operationresults/eyJqb2JJZCI6IlJFU09VUkNFR1JPVVBERUxFVElPTkpPQi1SR0NPTVYyQkUyODE2NEQyNkQyRjJCLVdFU1RDRU5UUkFMVVMiLCJqb2JMb2NhdGlvbiI6Indlc3RjZW50cmFsdXMifQ?api-version=2016-02-01",
      "EncodedRequestUri": "L3N1YnNjcmlwdGlvbnMvMWM2MzhjZjQtNjA4Zi00ZWU2LWI2ODAtYzMyOWU4MjRjM2E4L29wZXJhdGlvbnJlc3VsdHMvZXlKcWIySkpaQ0k2SWxKRlUwOVZVa05GUjFKUFZWQkVSVXhGVkVsUFRrcFBRaTFTUjBOUFRWWXlRa1V5T0RFMk5FUXlOa1F5UmpKQ0xWZEZVMVJEUlU1VVVrRk1WVk1pTENKcWIySk1iMk5oZEdsdmJpSTZJbmRsYzNSalpXNTBjbUZzZFhNaWZRP2FwaS12ZXJzaW9uPTIwMTYtMDItMDE=",
      "RequestMethod": "GET",
      "RequestBody": "",
      "RequestHeaders": {
        "User-Agent": [
          "FxVersion/4.6.24410.01",
          "Microsoft.Azure.Management.ResourceManager.Fluent.ResourceManagementClient/1.0.0"
        ]
      },
      "ResponseBody": "",
      "ResponseHeaders": {
        "Content-Length": [
          "0"
        ],
        "Expires": [
          "-1"
        ],
        "Cache-Control": [
          "no-cache"
        ],
        "Date": [
          "Tue, 11 Apr 2017 20:00:42 GMT"
        ],
        "Pragma": [
          "no-cache"
        ],
        "Location": [
          "https://management.azure.com/subscriptions/1c638cf4-608f-4ee6-b680-c329e824c3a8/operationresults/eyJqb2JJZCI6IlJFU09VUkNFR1JPVVBERUxFVElPTkpPQi1SR0NPTVYyQkUyODE2NEQyNkQyRjJCLVdFU1RDRU5UUkFMVVMiLCJqb2JMb2NhdGlvbiI6Indlc3RjZW50cmFsdXMifQ?api-version=2016-02-01"
        ],
        "Retry-After": [
          "15"
        ],
        "x-ms-ratelimit-remaining-subscription-reads": [
          "14953"
        ],
        "x-ms-request-id": [
          "c9c17290-f8b3-461e-8a93-977a3446598c"
        ],
        "x-ms-correlation-request-id": [
          "c9c17290-f8b3-461e-8a93-977a3446598c"
        ],
        "x-ms-routing-request-id": [
          "WESTUS2:20170411T200042Z:c9c17290-f8b3-461e-8a93-977a3446598c"
        ],
        "Strict-Transport-Security": [
          "max-age=31536000; includeSubDomains"
        ]
      },
      "StatusCode": 202
    },
    {
      "RequestUri": "/subscriptions/1c638cf4-608f-4ee6-b680-c329e824c3a8/operationresults/eyJqb2JJZCI6IlJFU09VUkNFR1JPVVBERUxFVElPTkpPQi1SR0NPTVYyQkUyODE2NEQyNkQyRjJCLVdFU1RDRU5UUkFMVVMiLCJqb2JMb2NhdGlvbiI6Indlc3RjZW50cmFsdXMifQ?api-version=2016-02-01",
      "EncodedRequestUri": "L3N1YnNjcmlwdGlvbnMvMWM2MzhjZjQtNjA4Zi00ZWU2LWI2ODAtYzMyOWU4MjRjM2E4L29wZXJhdGlvbnJlc3VsdHMvZXlKcWIySkpaQ0k2SWxKRlUwOVZVa05GUjFKUFZWQkVSVXhGVkVsUFRrcFBRaTFTUjBOUFRWWXlRa1V5T0RFMk5FUXlOa1F5UmpKQ0xWZEZVMVJEUlU1VVVrRk1WVk1pTENKcWIySk1iMk5oZEdsdmJpSTZJbmRsYzNSalpXNTBjbUZzZFhNaWZRP2FwaS12ZXJzaW9uPTIwMTYtMDItMDE=",
      "RequestMethod": "GET",
      "RequestBody": "",
      "RequestHeaders": {
        "User-Agent": [
          "FxVersion/4.6.24410.01",
          "Microsoft.Azure.Management.ResourceManager.Fluent.ResourceManagementClient/1.0.0"
        ]
      },
      "ResponseBody": "",
      "ResponseHeaders": {
        "Content-Length": [
          "0"
        ],
        "Expires": [
          "-1"
        ],
        "Cache-Control": [
          "no-cache"
        ],
        "Date": [
          "Tue, 11 Apr 2017 20:01:12 GMT"
        ],
        "Pragma": [
          "no-cache"
        ],
        "Location": [
          "https://management.azure.com/subscriptions/1c638cf4-608f-4ee6-b680-c329e824c3a8/operationresults/eyJqb2JJZCI6IlJFU09VUkNFR1JPVVBERUxFVElPTkpPQi1SR0NPTVYyQkUyODE2NEQyNkQyRjJCLVdFU1RDRU5UUkFMVVMiLCJqb2JMb2NhdGlvbiI6Indlc3RjZW50cmFsdXMifQ?api-version=2016-02-01"
        ],
        "Retry-After": [
          "15"
        ],
        "x-ms-ratelimit-remaining-subscription-reads": [
          "14952"
        ],
        "x-ms-request-id": [
          "3013287a-450d-460a-926a-4d46914d1796"
        ],
        "x-ms-correlation-request-id": [
          "3013287a-450d-460a-926a-4d46914d1796"
        ],
        "x-ms-routing-request-id": [
          "WESTUS2:20170411T200112Z:3013287a-450d-460a-926a-4d46914d1796"
        ],
        "Strict-Transport-Security": [
          "max-age=31536000; includeSubDomains"
        ]
      },
      "StatusCode": 202
    },
    {
      "RequestUri": "/subscriptions/1c638cf4-608f-4ee6-b680-c329e824c3a8/operationresults/eyJqb2JJZCI6IlJFU09VUkNFR1JPVVBERUxFVElPTkpPQi1SR0NPTVYyQkUyODE2NEQyNkQyRjJCLVdFU1RDRU5UUkFMVVMiLCJqb2JMb2NhdGlvbiI6Indlc3RjZW50cmFsdXMifQ?api-version=2016-02-01",
      "EncodedRequestUri": "L3N1YnNjcmlwdGlvbnMvMWM2MzhjZjQtNjA4Zi00ZWU2LWI2ODAtYzMyOWU4MjRjM2E4L29wZXJhdGlvbnJlc3VsdHMvZXlKcWIySkpaQ0k2SWxKRlUwOVZVa05GUjFKUFZWQkVSVXhGVkVsUFRrcFBRaTFTUjBOUFRWWXlRa1V5T0RFMk5FUXlOa1F5UmpKQ0xWZEZVMVJEUlU1VVVrRk1WVk1pTENKcWIySk1iMk5oZEdsdmJpSTZJbmRsYzNSalpXNTBjbUZzZFhNaWZRP2FwaS12ZXJzaW9uPTIwMTYtMDItMDE=",
      "RequestMethod": "GET",
      "RequestBody": "",
      "RequestHeaders": {
        "User-Agent": [
          "FxVersion/4.6.24410.01",
          "Microsoft.Azure.Management.ResourceManager.Fluent.ResourceManagementClient/1.0.0"
        ]
      },
      "ResponseBody": "",
      "ResponseHeaders": {
        "Content-Length": [
          "0"
        ],
        "Expires": [
          "-1"
        ],
        "Cache-Control": [
          "no-cache"
        ],
        "Date": [
          "Tue, 11 Apr 2017 20:01:42 GMT"
        ],
        "Pragma": [
          "no-cache"
        ],
        "Location": [
          "https://management.azure.com/subscriptions/1c638cf4-608f-4ee6-b680-c329e824c3a8/operationresults/eyJqb2JJZCI6IlJFU09VUkNFR1JPVVBERUxFVElPTkpPQi1SR0NPTVYyQkUyODE2NEQyNkQyRjJCLVdFU1RDRU5UUkFMVVMiLCJqb2JMb2NhdGlvbiI6Indlc3RjZW50cmFsdXMifQ?api-version=2016-02-01"
        ],
        "Retry-After": [
          "15"
        ],
        "x-ms-ratelimit-remaining-subscription-reads": [
          "14950"
        ],
        "x-ms-request-id": [
          "3625d81d-c0da-4479-b9be-620aa218a505"
        ],
        "x-ms-correlation-request-id": [
          "3625d81d-c0da-4479-b9be-620aa218a505"
        ],
        "x-ms-routing-request-id": [
          "WESTUS2:20170411T200142Z:3625d81d-c0da-4479-b9be-620aa218a505"
        ],
        "Strict-Transport-Security": [
          "max-age=31536000; includeSubDomains"
        ]
      },
      "StatusCode": 202
    },
    {
      "RequestUri": "/subscriptions/1c638cf4-608f-4ee6-b680-c329e824c3a8/operationresults/eyJqb2JJZCI6IlJFU09VUkNFR1JPVVBERUxFVElPTkpPQi1SR0NPTVYyQkUyODE2NEQyNkQyRjJCLVdFU1RDRU5UUkFMVVMiLCJqb2JMb2NhdGlvbiI6Indlc3RjZW50cmFsdXMifQ?api-version=2016-02-01",
      "EncodedRequestUri": "L3N1YnNjcmlwdGlvbnMvMWM2MzhjZjQtNjA4Zi00ZWU2LWI2ODAtYzMyOWU4MjRjM2E4L29wZXJhdGlvbnJlc3VsdHMvZXlKcWIySkpaQ0k2SWxKRlUwOVZVa05GUjFKUFZWQkVSVXhGVkVsUFRrcFBRaTFTUjBOUFRWWXlRa1V5T0RFMk5FUXlOa1F5UmpKQ0xWZEZVMVJEUlU1VVVrRk1WVk1pTENKcWIySk1iMk5oZEdsdmJpSTZJbmRsYzNSalpXNTBjbUZzZFhNaWZRP2FwaS12ZXJzaW9uPTIwMTYtMDItMDE=",
      "RequestMethod": "GET",
      "RequestBody": "",
      "RequestHeaders": {
        "User-Agent": [
          "FxVersion/4.6.24410.01",
          "Microsoft.Azure.Management.ResourceManager.Fluent.ResourceManagementClient/1.0.0"
        ]
      },
      "ResponseBody": "",
      "ResponseHeaders": {
        "Content-Length": [
          "0"
        ],
        "Expires": [
          "-1"
        ],
        "Cache-Control": [
          "no-cache"
        ],
        "Date": [
          "Tue, 11 Apr 2017 20:02:12 GMT"
        ],
        "Pragma": [
          "no-cache"
        ],
        "Location": [
          "https://management.azure.com/subscriptions/1c638cf4-608f-4ee6-b680-c329e824c3a8/operationresults/eyJqb2JJZCI6IlJFU09VUkNFR1JPVVBERUxFVElPTkpPQi1SR0NPTVYyQkUyODE2NEQyNkQyRjJCLVdFU1RDRU5UUkFMVVMiLCJqb2JMb2NhdGlvbiI6Indlc3RjZW50cmFsdXMifQ?api-version=2016-02-01"
        ],
        "Retry-After": [
          "15"
        ],
        "x-ms-ratelimit-remaining-subscription-reads": [
          "14949"
        ],
        "x-ms-request-id": [
          "b7e69228-4f10-464c-91ba-05711a4e870b"
        ],
        "x-ms-correlation-request-id": [
          "b7e69228-4f10-464c-91ba-05711a4e870b"
        ],
        "x-ms-routing-request-id": [
          "WESTUS2:20170411T200212Z:b7e69228-4f10-464c-91ba-05711a4e870b"
        ],
        "Strict-Transport-Security": [
          "max-age=31536000; includeSubDomains"
        ]
      },
      "StatusCode": 202
    },
    {
      "RequestUri": "/subscriptions/1c638cf4-608f-4ee6-b680-c329e824c3a8/operationresults/eyJqb2JJZCI6IlJFU09VUkNFR1JPVVBERUxFVElPTkpPQi1SR0NPTVYyQkUyODE2NEQyNkQyRjJCLVdFU1RDRU5UUkFMVVMiLCJqb2JMb2NhdGlvbiI6Indlc3RjZW50cmFsdXMifQ?api-version=2016-02-01",
      "EncodedRequestUri": "L3N1YnNjcmlwdGlvbnMvMWM2MzhjZjQtNjA4Zi00ZWU2LWI2ODAtYzMyOWU4MjRjM2E4L29wZXJhdGlvbnJlc3VsdHMvZXlKcWIySkpaQ0k2SWxKRlUwOVZVa05GUjFKUFZWQkVSVXhGVkVsUFRrcFBRaTFTUjBOUFRWWXlRa1V5T0RFMk5FUXlOa1F5UmpKQ0xWZEZVMVJEUlU1VVVrRk1WVk1pTENKcWIySk1iMk5oZEdsdmJpSTZJbmRsYzNSalpXNTBjbUZzZFhNaWZRP2FwaS12ZXJzaW9uPTIwMTYtMDItMDE=",
      "RequestMethod": "GET",
      "RequestBody": "",
      "RequestHeaders": {
        "User-Agent": [
          "FxVersion/4.6.24410.01",
          "Microsoft.Azure.Management.ResourceManager.Fluent.ResourceManagementClient/1.0.0"
        ]
      },
      "ResponseBody": "",
      "ResponseHeaders": {
        "Content-Length": [
          "0"
        ],
        "Expires": [
          "-1"
        ],
        "Cache-Control": [
          "no-cache"
        ],
        "Date": [
          "Tue, 11 Apr 2017 20:02:42 GMT"
        ],
        "Pragma": [
          "no-cache"
        ],
        "Location": [
          "https://management.azure.com/subscriptions/1c638cf4-608f-4ee6-b680-c329e824c3a8/operationresults/eyJqb2JJZCI6IlJFU09VUkNFR1JPVVBERUxFVElPTkpPQi1SR0NPTVYyQkUyODE2NEQyNkQyRjJCLVdFU1RDRU5UUkFMVVMiLCJqb2JMb2NhdGlvbiI6Indlc3RjZW50cmFsdXMifQ?api-version=2016-02-01"
        ],
        "Retry-After": [
          "15"
        ],
        "x-ms-ratelimit-remaining-subscription-reads": [
          "14948"
        ],
        "x-ms-request-id": [
          "474fb3fb-b436-49e0-be43-8609fd866383"
        ],
        "x-ms-correlation-request-id": [
          "474fb3fb-b436-49e0-be43-8609fd866383"
        ],
        "x-ms-routing-request-id": [
          "WESTUS2:20170411T200243Z:474fb3fb-b436-49e0-be43-8609fd866383"
        ],
        "Strict-Transport-Security": [
          "max-age=31536000; includeSubDomains"
        ]
      },
      "StatusCode": 202
    },
    {
      "RequestUri": "/subscriptions/1c638cf4-608f-4ee6-b680-c329e824c3a8/operationresults/eyJqb2JJZCI6IlJFU09VUkNFR1JPVVBERUxFVElPTkpPQi1SR0NPTVYyQkUyODE2NEQyNkQyRjJCLVdFU1RDRU5UUkFMVVMiLCJqb2JMb2NhdGlvbiI6Indlc3RjZW50cmFsdXMifQ?api-version=2016-02-01",
      "EncodedRequestUri": "L3N1YnNjcmlwdGlvbnMvMWM2MzhjZjQtNjA4Zi00ZWU2LWI2ODAtYzMyOWU4MjRjM2E4L29wZXJhdGlvbnJlc3VsdHMvZXlKcWIySkpaQ0k2SWxKRlUwOVZVa05GUjFKUFZWQkVSVXhGVkVsUFRrcFBRaTFTUjBOUFRWWXlRa1V5T0RFMk5FUXlOa1F5UmpKQ0xWZEZVMVJEUlU1VVVrRk1WVk1pTENKcWIySk1iMk5oZEdsdmJpSTZJbmRsYzNSalpXNTBjbUZzZFhNaWZRP2FwaS12ZXJzaW9uPTIwMTYtMDItMDE=",
      "RequestMethod": "GET",
      "RequestBody": "",
      "RequestHeaders": {
        "User-Agent": [
          "FxVersion/4.6.24410.01",
          "Microsoft.Azure.Management.ResourceManager.Fluent.ResourceManagementClient/1.0.0"
        ]
      },
      "ResponseBody": "",
      "ResponseHeaders": {
        "Content-Length": [
          "0"
        ],
        "Expires": [
          "-1"
        ],
        "Cache-Control": [
          "no-cache"
        ],
        "Date": [
          "Tue, 11 Apr 2017 20:03:12 GMT"
        ],
        "Pragma": [
          "no-cache"
        ],
        "Location": [
          "https://management.azure.com/subscriptions/1c638cf4-608f-4ee6-b680-c329e824c3a8/operationresults/eyJqb2JJZCI6IlJFU09VUkNFR1JPVVBERUxFVElPTkpPQi1SR0NPTVYyQkUyODE2NEQyNkQyRjJCLVdFU1RDRU5UUkFMVVMiLCJqb2JMb2NhdGlvbiI6Indlc3RjZW50cmFsdXMifQ?api-version=2016-02-01"
        ],
        "Retry-After": [
          "15"
        ],
        "x-ms-ratelimit-remaining-subscription-reads": [
          "14947"
        ],
        "x-ms-request-id": [
          "df5e2cab-177f-4ade-b961-6d47b84d9af6"
        ],
        "x-ms-correlation-request-id": [
          "df5e2cab-177f-4ade-b961-6d47b84d9af6"
        ],
        "x-ms-routing-request-id": [
          "WESTUS2:20170411T200313Z:df5e2cab-177f-4ade-b961-6d47b84d9af6"
        ],
        "Strict-Transport-Security": [
          "max-age=31536000; includeSubDomains"
        ]
      },
      "StatusCode": 202
    },
    {
      "RequestUri": "/subscriptions/1c638cf4-608f-4ee6-b680-c329e824c3a8/operationresults/eyJqb2JJZCI6IlJFU09VUkNFR1JPVVBERUxFVElPTkpPQi1SR0NPTVYyQkUyODE2NEQyNkQyRjJCLVdFU1RDRU5UUkFMVVMiLCJqb2JMb2NhdGlvbiI6Indlc3RjZW50cmFsdXMifQ?api-version=2016-02-01",
      "EncodedRequestUri": "L3N1YnNjcmlwdGlvbnMvMWM2MzhjZjQtNjA4Zi00ZWU2LWI2ODAtYzMyOWU4MjRjM2E4L29wZXJhdGlvbnJlc3VsdHMvZXlKcWIySkpaQ0k2SWxKRlUwOVZVa05GUjFKUFZWQkVSVXhGVkVsUFRrcFBRaTFTUjBOUFRWWXlRa1V5T0RFMk5FUXlOa1F5UmpKQ0xWZEZVMVJEUlU1VVVrRk1WVk1pTENKcWIySk1iMk5oZEdsdmJpSTZJbmRsYzNSalpXNTBjbUZzZFhNaWZRP2FwaS12ZXJzaW9uPTIwMTYtMDItMDE=",
      "RequestMethod": "GET",
      "RequestBody": "",
      "RequestHeaders": {
        "User-Agent": [
          "FxVersion/4.6.24410.01",
          "Microsoft.Azure.Management.ResourceManager.Fluent.ResourceManagementClient/1.0.0"
        ]
      },
      "ResponseBody": "",
      "ResponseHeaders": {
        "Content-Length": [
          "0"
        ],
        "Expires": [
          "-1"
        ],
        "Cache-Control": [
          "no-cache"
        ],
        "Date": [
          "Tue, 11 Apr 2017 20:03:42 GMT"
        ],
        "Pragma": [
          "no-cache"
        ],
        "Location": [
          "https://management.azure.com/subscriptions/1c638cf4-608f-4ee6-b680-c329e824c3a8/operationresults/eyJqb2JJZCI6IlJFU09VUkNFR1JPVVBERUxFVElPTkpPQi1SR0NPTVYyQkUyODE2NEQyNkQyRjJCLVdFU1RDRU5UUkFMVVMiLCJqb2JMb2NhdGlvbiI6Indlc3RjZW50cmFsdXMifQ?api-version=2016-02-01"
        ],
        "Retry-After": [
          "15"
        ],
        "x-ms-ratelimit-remaining-subscription-reads": [
          "14946"
        ],
        "x-ms-request-id": [
          "fb9e7b44-7cd6-46fb-b1de-b3c69ec92497"
        ],
        "x-ms-correlation-request-id": [
          "fb9e7b44-7cd6-46fb-b1de-b3c69ec92497"
        ],
        "x-ms-routing-request-id": [
          "WESTUS2:20170411T200343Z:fb9e7b44-7cd6-46fb-b1de-b3c69ec92497"
        ],
        "Strict-Transport-Security": [
          "max-age=31536000; includeSubDomains"
        ]
      },
      "StatusCode": 202
    },
    {
      "RequestUri": "/subscriptions/1c638cf4-608f-4ee6-b680-c329e824c3a8/operationresults/eyJqb2JJZCI6IlJFU09VUkNFR1JPVVBERUxFVElPTkpPQi1SR0NPTVYyQkUyODE2NEQyNkQyRjJCLVdFU1RDRU5UUkFMVVMiLCJqb2JMb2NhdGlvbiI6Indlc3RjZW50cmFsdXMifQ?api-version=2016-02-01",
      "EncodedRequestUri": "L3N1YnNjcmlwdGlvbnMvMWM2MzhjZjQtNjA4Zi00ZWU2LWI2ODAtYzMyOWU4MjRjM2E4L29wZXJhdGlvbnJlc3VsdHMvZXlKcWIySkpaQ0k2SWxKRlUwOVZVa05GUjFKUFZWQkVSVXhGVkVsUFRrcFBRaTFTUjBOUFRWWXlRa1V5T0RFMk5FUXlOa1F5UmpKQ0xWZEZVMVJEUlU1VVVrRk1WVk1pTENKcWIySk1iMk5oZEdsdmJpSTZJbmRsYzNSalpXNTBjbUZzZFhNaWZRP2FwaS12ZXJzaW9uPTIwMTYtMDItMDE=",
      "RequestMethod": "GET",
      "RequestBody": "",
      "RequestHeaders": {
        "User-Agent": [
          "FxVersion/4.6.24410.01",
          "Microsoft.Azure.Management.ResourceManager.Fluent.ResourceManagementClient/1.0.0"
        ]
      },
      "ResponseBody": "",
      "ResponseHeaders": {
        "Content-Length": [
          "0"
        ],
        "Expires": [
          "-1"
        ],
        "Cache-Control": [
          "no-cache"
        ],
        "Date": [
          "Tue, 11 Apr 2017 20:04:12 GMT"
        ],
        "Pragma": [
          "no-cache"
        ],
        "Location": [
          "https://management.azure.com/subscriptions/1c638cf4-608f-4ee6-b680-c329e824c3a8/operationresults/eyJqb2JJZCI6IlJFU09VUkNFR1JPVVBERUxFVElPTkpPQi1SR0NPTVYyQkUyODE2NEQyNkQyRjJCLVdFU1RDRU5UUkFMVVMiLCJqb2JMb2NhdGlvbiI6Indlc3RjZW50cmFsdXMifQ?api-version=2016-02-01"
        ],
        "Retry-After": [
          "15"
        ],
        "x-ms-ratelimit-remaining-subscription-reads": [
          "14945"
        ],
        "x-ms-request-id": [
          "8460854a-d20d-4141-a406-b78573d786c1"
        ],
        "x-ms-correlation-request-id": [
          "8460854a-d20d-4141-a406-b78573d786c1"
        ],
        "x-ms-routing-request-id": [
          "WESTUS2:20170411T200413Z:8460854a-d20d-4141-a406-b78573d786c1"
        ],
        "Strict-Transport-Security": [
          "max-age=31536000; includeSubDomains"
        ]
      },
      "StatusCode": 202
    },
    {
      "RequestUri": "/subscriptions/1c638cf4-608f-4ee6-b680-c329e824c3a8/operationresults/eyJqb2JJZCI6IlJFU09VUkNFR1JPVVBERUxFVElPTkpPQi1SR0NPTVYyQkUyODE2NEQyNkQyRjJCLVdFU1RDRU5UUkFMVVMiLCJqb2JMb2NhdGlvbiI6Indlc3RjZW50cmFsdXMifQ?api-version=2016-02-01",
      "EncodedRequestUri": "L3N1YnNjcmlwdGlvbnMvMWM2MzhjZjQtNjA4Zi00ZWU2LWI2ODAtYzMyOWU4MjRjM2E4L29wZXJhdGlvbnJlc3VsdHMvZXlKcWIySkpaQ0k2SWxKRlUwOVZVa05GUjFKUFZWQkVSVXhGVkVsUFRrcFBRaTFTUjBOUFRWWXlRa1V5T0RFMk5FUXlOa1F5UmpKQ0xWZEZVMVJEUlU1VVVrRk1WVk1pTENKcWIySk1iMk5oZEdsdmJpSTZJbmRsYzNSalpXNTBjbUZzZFhNaWZRP2FwaS12ZXJzaW9uPTIwMTYtMDItMDE=",
      "RequestMethod": "GET",
      "RequestBody": "",
      "RequestHeaders": {
        "User-Agent": [
          "FxVersion/4.6.24410.01",
          "Microsoft.Azure.Management.ResourceManager.Fluent.ResourceManagementClient/1.0.0"
        ]
      },
      "ResponseBody": "",
      "ResponseHeaders": {
        "Content-Length": [
          "0"
        ],
        "Expires": [
          "-1"
        ],
        "Cache-Control": [
          "no-cache"
        ],
        "Date": [
          "Tue, 11 Apr 2017 20:04:43 GMT"
        ],
        "Pragma": [
          "no-cache"
        ],
        "x-ms-ratelimit-remaining-subscription-reads": [
          "14944"
        ],
        "x-ms-request-id": [
          "d87472f4-da67-4ee0-9ef4-683442e4bfda"
        ],
        "x-ms-correlation-request-id": [
          "d87472f4-da67-4ee0-9ef4-683442e4bfda"
        ],
        "x-ms-routing-request-id": [
          "WESTUS2:20170411T200443Z:d87472f4-da67-4ee0-9ef4-683442e4bfda"
        ],
        "Strict-Transport-Security": [
          "max-age=31536000; includeSubDomains"
        ]
      },
      "StatusCode": 200
    }
  ],
  "Names": {
    "ManageVirtualMachineAsyncTest": [
      "wvm024038843412ace94",
      "lvmfaa27967616d4cf5c",
      "rgcomv2be28164d26d2f2b",
      "dsk-6c89576046cdd10f3",
      "dsk-f3958901328006b28",
      "nic4315580dbe4",
      "vnetc000315669ca",
      "vm2ff6843534",
      "nic8670467b601",
      "vm8c2061179e"
    ]
  },
  "Variables": {
    "ServicePrincipal": "c49b355d-adab-44ef-9141-54401c159b5e",
    "AADTenant": "72f988bf-86f1-41af-91ab-2d7cd011db47",
    "SubscriptionId": "1c638cf4-608f-4ee6-b680-c329e824c3a8"
  }
}