{
  "Entries": [
    {
      "RequestUri": "/subscriptions/0296790d-427c-48ca-b204-8b729bbd8670/resourcegroups/crptestar7111?api-version=2017-05-10",
      "EncodedRequestUri": "L3N1YnNjcmlwdGlvbnMvMDI5Njc5MGQtNDI3Yy00OGNhLWIyMDQtOGI3MjliYmQ4NjcwL3Jlc291cmNlZ3JvdXBzL2NycHRlc3RhcjcxMTE/YXBpLXZlcnNpb249MjAxNy0wNS0xMA==",
      "RequestMethod": "PUT",
      "RequestBody": "{\r\n  \"location\": \"eastus2euap\",\r\n  \"tags\": {\r\n    \"crptestar7111\": \"2020-11-30 11:04:33Z\"\r\n  }\r\n}",
      "RequestHeaders": {
        "x-ms-client-request-id": [
          "822327f8-c24a-4c1d-a7a9-f013ff930d1c"
        ],
        "Accept-Language": [
          "en-US"
        ],
        "User-Agent": [
          "FxVersion/4.6.29321.03",
          "OSName/Windows",
          "OSVersion/Microsoft.Windows.10.0.19042.",
          "Microsoft.Azure.Management.ResourceManager.ResourceManagementClient/1.6.0.0"
        ],
        "Content-Type": [
          "application/json; charset=utf-8"
        ],
        "Content-Length": [
          "97"
        ]
      },
      "ResponseHeaders": {
        "Cache-Control": [
          "no-cache"
        ],
        "Pragma": [
          "no-cache"
        ],
        "x-ms-ratelimit-remaining-subscription-writes": [
          "1196"
        ],
        "x-ms-request-id": [
          "d091d9d0-2355-48db-846b-75284691d743"
        ],
        "x-ms-correlation-request-id": [
          "d091d9d0-2355-48db-846b-75284691d743"
        ],
        "x-ms-routing-request-id": [
          "WESTINDIA:20201130T110435Z:d091d9d0-2355-48db-846b-75284691d743"
        ],
        "Strict-Transport-Security": [
          "max-age=31536000; includeSubDomains"
        ],
        "X-Content-Type-Options": [
          "nosniff"
        ],
        "Date": [
          "Mon, 30 Nov 2020 11:04:34 GMT"
        ],
        "Content-Length": [
          "232"
        ],
        "Content-Type": [
          "application/json; charset=utf-8"
        ],
        "Expires": [
          "-1"
        ]
      },
      "ResponseBody": "{\r\n  \"id\": \"/subscriptions/0296790d-427c-48ca-b204-8b729bbd8670/resourceGroups/crptestar7111\",\r\n  \"name\": \"crptestar7111\",\r\n  \"location\": \"eastus2euap\",\r\n  \"tags\": {\r\n    \"crptestar7111\": \"2020-11-30 11:04:33Z\"\r\n  },\r\n  \"properties\": {\r\n    \"provisioningState\": \"Succeeded\"\r\n  }\r\n}",
      "StatusCode": 201
    },
    {
      "RequestUri": "/subscriptions/0296790d-427c-48ca-b204-8b729bbd8670/resourcegroups/crptestar7111?api-version=2017-05-10",
      "EncodedRequestUri": "L3N1YnNjcmlwdGlvbnMvMDI5Njc5MGQtNDI3Yy00OGNhLWIyMDQtOGI3MjliYmQ4NjcwL3Jlc291cmNlZ3JvdXBzL2NycHRlc3RhcjcxMTE/YXBpLXZlcnNpb249MjAxNy0wNS0xMA==",
      "RequestMethod": "PUT",
      "RequestBody": "{\r\n  \"location\": \"eastus2euap\",\r\n  \"tags\": {\r\n    \"crptestar7111\": \"2020-11-30 11:04:52Z\"\r\n  }\r\n}",
      "RequestHeaders": {
        "x-ms-client-request-id": [
          "11f37076-35eb-4ec8-99eb-bd7d3871f4da"
        ],
        "Accept-Language": [
          "en-US"
        ],
        "User-Agent": [
          "FxVersion/4.6.29321.03",
          "OSName/Windows",
          "OSVersion/Microsoft.Windows.10.0.19042.",
          "Microsoft.Azure.Management.ResourceManager.ResourceManagementClient/1.6.0.0"
        ],
        "Content-Type": [
          "application/json; charset=utf-8"
        ],
        "Content-Length": [
          "97"
        ]
      },
      "ResponseHeaders": {
        "Cache-Control": [
          "no-cache"
        ],
        "Pragma": [
          "no-cache"
        ],
        "x-ms-ratelimit-remaining-subscription-writes": [
          "1195"
        ],
        "x-ms-request-id": [
          "93e60824-1018-43ed-a3ef-cf1c530ee272"
        ],
        "x-ms-correlation-request-id": [
          "93e60824-1018-43ed-a3ef-cf1c530ee272"
        ],
        "x-ms-routing-request-id": [
          "WESTINDIA:20201130T110454Z:93e60824-1018-43ed-a3ef-cf1c530ee272"
        ],
        "Strict-Transport-Security": [
          "max-age=31536000; includeSubDomains"
        ],
        "X-Content-Type-Options": [
          "nosniff"
        ],
        "Date": [
          "Mon, 30 Nov 2020 11:04:54 GMT"
        ],
        "Content-Length": [
          "232"
        ],
        "Content-Type": [
          "application/json; charset=utf-8"
        ],
        "Expires": [
          "-1"
        ]
      },
      "ResponseBody": "{\r\n  \"id\": \"/subscriptions/0296790d-427c-48ca-b204-8b729bbd8670/resourceGroups/crptestar7111\",\r\n  \"name\": \"crptestar7111\",\r\n  \"location\": \"eastus2euap\",\r\n  \"tags\": {\r\n    \"crptestar7111\": \"2020-11-30 11:04:52Z\"\r\n  },\r\n  \"properties\": {\r\n    \"provisioningState\": \"Succeeded\"\r\n  }\r\n}",
      "StatusCode": 200
    },
    {
      "RequestUri": "/subscriptions/0296790d-427c-48ca-b204-8b729bbd8670/resourcegroups/crptestar7111?api-version=2017-05-10",
      "EncodedRequestUri": "L3N1YnNjcmlwdGlvbnMvMDI5Njc5MGQtNDI3Yy00OGNhLWIyMDQtOGI3MjliYmQ4NjcwL3Jlc291cmNlZ3JvdXBzL2NycHRlc3RhcjcxMTE/YXBpLXZlcnNpb249MjAxNy0wNS0xMA==",
      "RequestMethod": "PUT",
      "RequestBody": "{\r\n  \"location\": \"eastus2euap\"\r\n}",
      "RequestHeaders": {
        "x-ms-client-request-id": [
          "8ecb68bd-478a-49ca-9b50-647fc18c9988"
        ],
        "Accept-Language": [
          "en-US"
        ],
        "User-Agent": [
          "FxVersion/4.6.29321.03",
          "OSName/Windows",
          "OSVersion/Microsoft.Windows.10.0.19042.",
          "Microsoft.Azure.Management.ResourceManager.ResourceManagementClient/1.6.0.0"
        ],
        "Content-Type": [
          "application/json; charset=utf-8"
        ],
        "Content-Length": [
          "33"
        ]
      },
      "ResponseHeaders": {
        "Cache-Control": [
          "no-cache"
        ],
        "Pragma": [
          "no-cache"
        ],
        "x-ms-ratelimit-remaining-subscription-writes": [
          "1194"
        ],
        "x-ms-request-id": [
          "4e7cea29-62f2-4643-b7fa-0fac17204d2b"
        ],
        "x-ms-correlation-request-id": [
          "4e7cea29-62f2-4643-b7fa-0fac17204d2b"
        ],
        "x-ms-routing-request-id": [
          "WESTINDIA:20201130T110549Z:4e7cea29-62f2-4643-b7fa-0fac17204d2b"
        ],
        "Strict-Transport-Security": [
          "max-age=31536000; includeSubDomains"
        ],
        "X-Content-Type-Options": [
          "nosniff"
        ],
        "Date": [
          "Mon, 30 Nov 2020 11:05:49 GMT"
        ],
        "Content-Length": [
          "184"
        ],
        "Content-Type": [
          "application/json; charset=utf-8"
        ],
        "Expires": [
          "-1"
        ]
      },
      "ResponseBody": "{\r\n  \"id\": \"/subscriptions/0296790d-427c-48ca-b204-8b729bbd8670/resourceGroups/crptestar7111\",\r\n  \"name\": \"crptestar7111\",\r\n  \"location\": \"eastus2euap\",\r\n  \"properties\": {\r\n    \"provisioningState\": \"Succeeded\"\r\n  }\r\n}",
      "StatusCode": 200
    },
    {
      "RequestUri": "/subscriptions/0296790d-427c-48ca-b204-8b729bbd8670/resourcegroups/crptestar7111?api-version=2017-05-10",
      "EncodedRequestUri": "L3N1YnNjcmlwdGlvbnMvMDI5Njc5MGQtNDI3Yy00OGNhLWIyMDQtOGI3MjliYmQ4NjcwL3Jlc291cmNlZ3JvdXBzL2NycHRlc3RhcjcxMTE/YXBpLXZlcnNpb249MjAxNy0wNS0xMA==",
      "RequestMethod": "PUT",
      "RequestBody": "{\r\n  \"location\": \"eastus2euap\",\r\n  \"tags\": {\r\n    \"crptestar7111\": \"2020-11-30 11:12:34Z\"\r\n  }\r\n}",
      "RequestHeaders": {
        "x-ms-client-request-id": [
          "1898f3e8-1f96-4a02-87df-f2bc78c9cc9e"
        ],
        "Accept-Language": [
          "en-US"
        ],
        "User-Agent": [
          "FxVersion/4.6.29321.03",
          "OSName/Windows",
          "OSVersion/Microsoft.Windows.10.0.19042.",
          "Microsoft.Azure.Management.ResourceManager.ResourceManagementClient/1.6.0.0"
        ],
        "Content-Type": [
          "application/json; charset=utf-8"
        ],
        "Content-Length": [
          "97"
        ]
      },
      "ResponseHeaders": {
        "Cache-Control": [
          "no-cache"
        ],
        "Pragma": [
          "no-cache"
        ],
        "x-ms-ratelimit-remaining-subscription-writes": [
          "1193"
        ],
        "x-ms-request-id": [
          "8cd6ab47-3ea5-4d98-b071-b59e952363a3"
        ],
        "x-ms-correlation-request-id": [
          "8cd6ab47-3ea5-4d98-b071-b59e952363a3"
        ],
        "x-ms-routing-request-id": [
          "WESTINDIA:20201130T111236Z:8cd6ab47-3ea5-4d98-b071-b59e952363a3"
        ],
        "Strict-Transport-Security": [
          "max-age=31536000; includeSubDomains"
        ],
        "X-Content-Type-Options": [
          "nosniff"
        ],
        "Date": [
          "Mon, 30 Nov 2020 11:12:36 GMT"
        ],
        "Content-Length": [
          "232"
        ],
        "Content-Type": [
          "application/json; charset=utf-8"
        ],
        "Expires": [
          "-1"
        ]
      },
      "ResponseBody": "{\r\n  \"id\": \"/subscriptions/0296790d-427c-48ca-b204-8b729bbd8670/resourceGroups/crptestar7111\",\r\n  \"name\": \"crptestar7111\",\r\n  \"location\": \"eastus2euap\",\r\n  \"tags\": {\r\n    \"crptestar7111\": \"2020-11-30 11:12:34Z\"\r\n  },\r\n  \"properties\": {\r\n    \"provisioningState\": \"Succeeded\"\r\n  }\r\n}",
      "StatusCode": 200
    },
    {
      "RequestUri": "/subscriptions/0296790d-427c-48ca-b204-8b729bbd8670/resourceGroups/crptestar7111/providers/Microsoft.Network/virtualNetworks/csvnet2556?api-version=2019-09-01",
      "EncodedRequestUri": "L3N1YnNjcmlwdGlvbnMvMDI5Njc5MGQtNDI3Yy00OGNhLWIyMDQtOGI3MjliYmQ4NjcwL3Jlc291cmNlR3JvdXBzL2NycHRlc3RhcjcxMTEvcHJvdmlkZXJzL01pY3Jvc29mdC5OZXR3b3JrL3ZpcnR1YWxOZXR3b3Jrcy9jc3ZuZXQyNTU2P2FwaS12ZXJzaW9uPTIwMTktMDktMDE=",
      "RequestMethod": "PUT",
      "RequestBody": "{\r\n  \"properties\": {\r\n    \"addressSpace\": {\r\n      \"addressPrefixes\": [\r\n        \"10.0.0.0/16\"\r\n      ]\r\n    },\r\n    \"subnets\": [\r\n      {\r\n        \"properties\": {\r\n          \"addressPrefix\": \"10.0.0.0/24\"\r\n        },\r\n        \"name\": \"subnet9464\"\r\n      }\r\n    ]\r\n  },\r\n  \"location\": \"eastus2euap\"\r\n}",
      "RequestHeaders": {
        "x-ms-client-request-id": [
          "4d9b5261-f3f7-45a4-91bc-61e473860a16"
        ],
        "Accept-Language": [
          "en-US"
        ],
        "User-Agent": [
          "FxVersion/4.6.29321.03",
          "OSName/Windows",
          "OSVersion/Microsoft.Windows.10.0.19042.",
          "Microsoft.Azure.Management.Network.NetworkManagementClient/19.17.1.0"
        ],
        "Content-Type": [
          "application/json; charset=utf-8"
        ],
        "Content-Length": [
          "301"
        ]
      },
      "ResponseHeaders": {
        "Cache-Control": [
          "no-cache"
        ],
        "Pragma": [
          "no-cache"
        ],
        "Retry-After": [
          "3"
        ],
        "x-ms-request-id": [
          "8b267e25-afce-4f9d-8550-59a3fd8d736f"
        ],
        "Azure-AsyncOperation": [
          "https://management.azure.com/subscriptions/0296790d-427c-48ca-b204-8b729bbd8670/providers/Microsoft.Network/locations/eastus2euap/operations/8b267e25-afce-4f9d-8550-59a3fd8d736f?api-version=2019-09-01"
        ],
        "x-ms-correlation-request-id": [
          "1e5731a1-297b-4039-8e3f-9334adcaaa9c"
        ],
        "Azure-AsyncNotification": [
          "Enabled"
        ],
        "x-ms-arm-service-request-id": [
          "8900c9cd-e8fe-43dd-a4de-0dcb29288387"
        ],
        "Strict-Transport-Security": [
          "max-age=31536000; includeSubDomains"
        ],
        "Server": [
          "Microsoft-HTTPAPI/2.0",
          "Microsoft-HTTPAPI/2.0"
        ],
        "x-ms-ratelimit-remaining-subscription-writes": [
          "1197"
        ],
        "x-ms-routing-request-id": [
          "WESTINDIA:20201130T110442Z:1e5731a1-297b-4039-8e3f-9334adcaaa9c"
        ],
        "X-Content-Type-Options": [
          "nosniff"
        ],
        "Date": [
          "Mon, 30 Nov 2020 11:04:41 GMT"
        ],
        "Content-Length": [
          "1270"
        ],
        "Content-Type": [
          "application/json; charset=utf-8"
        ],
        "Expires": [
          "-1"
        ]
      },
      "ResponseBody": "{\r\n  \"name\": \"csvnet2556\",\r\n  \"id\": \"/subscriptions/0296790d-427c-48ca-b204-8b729bbd8670/resourceGroups/crptestar7111/providers/Microsoft.Network/virtualNetworks/csvnet2556\",\r\n  \"etag\": \"W/\\\"6490b25d-bf54-4f73-9fa3-2d3cbc661906\\\"\",\r\n  \"type\": \"Microsoft.Network/virtualNetworks\",\r\n  \"location\": \"eastus2euap\",\r\n  \"properties\": {\r\n    \"provisioningState\": \"Updating\",\r\n    \"resourceGuid\": \"aec2def4-0eef-446a-8a34-fcbfa4a022b6\",\r\n    \"addressSpace\": {\r\n      \"addressPrefixes\": [\r\n        \"10.0.0.0/16\"\r\n      ]\r\n    },\r\n    \"subnets\": [\r\n      {\r\n        \"name\": \"subnet9464\",\r\n        \"id\": \"/subscriptions/0296790d-427c-48ca-b204-8b729bbd8670/resourceGroups/crptestar7111/providers/Microsoft.Network/virtualNetworks/csvnet2556/subnets/subnet9464\",\r\n        \"etag\": \"W/\\\"6490b25d-bf54-4f73-9fa3-2d3cbc661906\\\"\",\r\n        \"properties\": {\r\n          \"provisioningState\": \"Updating\",\r\n          \"addressPrefix\": \"10.0.0.0/24\",\r\n          \"delegations\": [],\r\n          \"privateEndpointNetworkPolicies\": \"Enabled\",\r\n          \"privateLinkServiceNetworkPolicies\": \"Enabled\"\r\n        },\r\n        \"type\": \"Microsoft.Network/virtualNetworks/subnets\"\r\n      }\r\n    ],\r\n    \"virtualNetworkPeerings\": [],\r\n    \"enableDdosProtection\": false,\r\n    \"enableVmProtection\": false\r\n  }\r\n}",
      "StatusCode": 201
    },
    {
      "RequestUri": "/subscriptions/0296790d-427c-48ca-b204-8b729bbd8670/providers/Microsoft.Network/locations/eastus2euap/operations/8b267e25-afce-4f9d-8550-59a3fd8d736f?api-version=2019-09-01",
      "EncodedRequestUri": "L3N1YnNjcmlwdGlvbnMvMDI5Njc5MGQtNDI3Yy00OGNhLWIyMDQtOGI3MjliYmQ4NjcwL3Byb3ZpZGVycy9NaWNyb3NvZnQuTmV0d29yay9sb2NhdGlvbnMvZWFzdHVzMmV1YXAvb3BlcmF0aW9ucy84YjI2N2UyNS1hZmNlLTRmOWQtODU1MC01OWEzZmQ4ZDczNmY/YXBpLXZlcnNpb249MjAxOS0wOS0wMQ==",
      "RequestMethod": "GET",
      "RequestBody": "",
      "RequestHeaders": {
        "User-Agent": [
          "FxVersion/4.6.29321.03",
          "OSName/Windows",
          "OSVersion/Microsoft.Windows.10.0.19042.",
          "Microsoft.Azure.Management.Network.NetworkManagementClient/19.17.1.0"
        ]
      },
      "ResponseHeaders": {
        "Cache-Control": [
          "no-cache"
        ],
        "Pragma": [
          "no-cache"
        ],
        "x-ms-request-id": [
          "8fb28ef7-c3f5-4fb5-8450-7fcb85583ea9"
        ],
        "x-ms-correlation-request-id": [
          "9c0d1f24-ffae-401a-bbe4-b096a9bb0a73"
        ],
        "x-ms-arm-service-request-id": [
          "d4a4654c-6996-42df-a5e2-db0336102ea1"
        ],
        "Strict-Transport-Security": [
          "max-age=31536000; includeSubDomains"
        ],
        "Server": [
          "Microsoft-HTTPAPI/2.0",
          "Microsoft-HTTPAPI/2.0"
        ],
        "x-ms-ratelimit-remaining-subscription-reads": [
          "11995"
        ],
        "x-ms-routing-request-id": [
          "WESTINDIA:20201130T110445Z:9c0d1f24-ffae-401a-bbe4-b096a9bb0a73"
        ],
        "X-Content-Type-Options": [
          "nosniff"
        ],
        "Date": [
          "Mon, 30 Nov 2020 11:04:45 GMT"
        ],
        "Content-Length": [
          "29"
        ],
        "Content-Type": [
          "application/json; charset=utf-8"
        ],
        "Expires": [
          "-1"
        ]
      },
      "ResponseBody": "{\r\n  \"status\": \"Succeeded\"\r\n}",
      "StatusCode": 200
    },
    {
      "RequestUri": "/subscriptions/0296790d-427c-48ca-b204-8b729bbd8670/resourceGroups/crptestar7111/providers/Microsoft.Network/virtualNetworks/csvnet2556?api-version=2019-09-01",
      "EncodedRequestUri": "L3N1YnNjcmlwdGlvbnMvMDI5Njc5MGQtNDI3Yy00OGNhLWIyMDQtOGI3MjliYmQ4NjcwL3Jlc291cmNlR3JvdXBzL2NycHRlc3RhcjcxMTEvcHJvdmlkZXJzL01pY3Jvc29mdC5OZXR3b3JrL3ZpcnR1YWxOZXR3b3Jrcy9jc3ZuZXQyNTU2P2FwaS12ZXJzaW9uPTIwMTktMDktMDE=",
      "RequestMethod": "GET",
      "RequestBody": "",
      "RequestHeaders": {
        "User-Agent": [
          "FxVersion/4.6.29321.03",
          "OSName/Windows",
          "OSVersion/Microsoft.Windows.10.0.19042.",
          "Microsoft.Azure.Management.Network.NetworkManagementClient/19.17.1.0"
        ]
      },
      "ResponseHeaders": {
        "Cache-Control": [
          "no-cache"
        ],
        "Pragma": [
          "no-cache"
        ],
        "ETag": [
          "W/\"58d7ac14-c145-469f-99a1-e521b807de6b\""
        ],
        "x-ms-request-id": [
          "edefb5a7-e04c-41c7-877f-0731ed815de6"
        ],
        "x-ms-correlation-request-id": [
          "5781911a-3e13-499e-9c11-8ca85212dc95"
        ],
        "x-ms-arm-service-request-id": [
          "4cae465e-bec5-4734-b225-5df936b6d781"
        ],
        "Strict-Transport-Security": [
          "max-age=31536000; includeSubDomains"
        ],
        "Server": [
          "Microsoft-HTTPAPI/2.0",
          "Microsoft-HTTPAPI/2.0"
        ],
        "x-ms-ratelimit-remaining-subscription-reads": [
          "11994"
        ],
        "x-ms-routing-request-id": [
          "WESTINDIA:20201130T110446Z:5781911a-3e13-499e-9c11-8ca85212dc95"
        ],
        "X-Content-Type-Options": [
          "nosniff"
        ],
        "Date": [
          "Mon, 30 Nov 2020 11:04:45 GMT"
        ],
        "Content-Length": [
          "1272"
        ],
        "Content-Type": [
          "application/json; charset=utf-8"
        ],
        "Expires": [
          "-1"
        ]
      },
      "ResponseBody": "{\r\n  \"name\": \"csvnet2556\",\r\n  \"id\": \"/subscriptions/0296790d-427c-48ca-b204-8b729bbd8670/resourceGroups/crptestar7111/providers/Microsoft.Network/virtualNetworks/csvnet2556\",\r\n  \"etag\": \"W/\\\"58d7ac14-c145-469f-99a1-e521b807de6b\\\"\",\r\n  \"type\": \"Microsoft.Network/virtualNetworks\",\r\n  \"location\": \"eastus2euap\",\r\n  \"properties\": {\r\n    \"provisioningState\": \"Succeeded\",\r\n    \"resourceGuid\": \"aec2def4-0eef-446a-8a34-fcbfa4a022b6\",\r\n    \"addressSpace\": {\r\n      \"addressPrefixes\": [\r\n        \"10.0.0.0/16\"\r\n      ]\r\n    },\r\n    \"subnets\": [\r\n      {\r\n        \"name\": \"subnet9464\",\r\n        \"id\": \"/subscriptions/0296790d-427c-48ca-b204-8b729bbd8670/resourceGroups/crptestar7111/providers/Microsoft.Network/virtualNetworks/csvnet2556/subnets/subnet9464\",\r\n        \"etag\": \"W/\\\"58d7ac14-c145-469f-99a1-e521b807de6b\\\"\",\r\n        \"properties\": {\r\n          \"provisioningState\": \"Succeeded\",\r\n          \"addressPrefix\": \"10.0.0.0/24\",\r\n          \"delegations\": [],\r\n          \"privateEndpointNetworkPolicies\": \"Enabled\",\r\n          \"privateLinkServiceNetworkPolicies\": \"Enabled\"\r\n        },\r\n        \"type\": \"Microsoft.Network/virtualNetworks/subnets\"\r\n      }\r\n    ],\r\n    \"virtualNetworkPeerings\": [],\r\n    \"enableDdosProtection\": false,\r\n    \"enableVmProtection\": false\r\n  }\r\n}",
      "StatusCode": 200
    },
    {
      "RequestUri": "/subscriptions/0296790d-427c-48ca-b204-8b729bbd8670/resourceGroups/crptestar7111/providers/Microsoft.Network/publicIPAddresses/cspip1227?api-version=2019-09-01",
      "EncodedRequestUri": "L3N1YnNjcmlwdGlvbnMvMDI5Njc5MGQtNDI3Yy00OGNhLWIyMDQtOGI3MjliYmQ4NjcwL3Jlc291cmNlR3JvdXBzL2NycHRlc3RhcjcxMTEvcHJvdmlkZXJzL01pY3Jvc29mdC5OZXR3b3JrL3B1YmxpY0lQQWRkcmVzc2VzL2NzcGlwMTIyNz9hcGktdmVyc2lvbj0yMDE5LTA5LTAx",
      "RequestMethod": "PUT",
      "RequestBody": "{\r\n  \"properties\": {\r\n    \"publicIPAllocationMethod\": \"Dynamic\",\r\n    \"dnsSettings\": {\r\n      \"domainNameLabel\": \"dns871\"\r\n    }\r\n  },\r\n  \"location\": \"eastus2euap\"\r\n}",
      "RequestHeaders": {
        "x-ms-client-request-id": [
          "8f17168a-a1da-4734-9e7e-d2bd5045702a"
        ],
        "Accept-Language": [
          "en-US"
        ],
        "User-Agent": [
          "FxVersion/4.6.29321.03",
          "OSName/Windows",
          "OSVersion/Microsoft.Windows.10.0.19042.",
          "Microsoft.Azure.Management.Network.NetworkManagementClient/19.17.1.0"
        ],
        "Content-Type": [
          "application/json; charset=utf-8"
        ],
        "Content-Length": [
          "166"
        ]
      },
      "ResponseHeaders": {
        "Cache-Control": [
          "no-cache"
        ],
        "Pragma": [
          "no-cache"
        ],
        "Retry-After": [
          "1"
        ],
        "x-ms-request-id": [
          "b7511519-8bdc-42f3-9a2f-c6d3209ce477"
        ],
        "Azure-AsyncOperation": [
          "https://management.azure.com/subscriptions/0296790d-427c-48ca-b204-8b729bbd8670/providers/Microsoft.Network/locations/eastus2euap/operations/b7511519-8bdc-42f3-9a2f-c6d3209ce477?api-version=2019-09-01"
        ],
        "x-ms-correlation-request-id": [
          "4fbc9661-14a9-41ac-8b97-66c97e7f8d08"
        ],
        "Azure-AsyncNotification": [
          "Enabled"
        ],
        "x-ms-arm-service-request-id": [
          "a4196007-1c8f-4c93-9f17-4472bb7fda13"
        ],
        "Strict-Transport-Security": [
          "max-age=31536000; includeSubDomains"
        ],
        "Server": [
          "Microsoft-HTTPAPI/2.0",
          "Microsoft-HTTPAPI/2.0"
        ],
        "x-ms-ratelimit-remaining-subscription-writes": [
          "1196"
        ],
        "x-ms-routing-request-id": [
          "WESTINDIA:20201130T110451Z:4fbc9661-14a9-41ac-8b97-66c97e7f8d08"
        ],
        "X-Content-Type-Options": [
          "nosniff"
        ],
        "Date": [
          "Mon, 30 Nov 2020 11:04:50 GMT"
        ],
        "Content-Length": [
          "730"
        ],
        "Content-Type": [
          "application/json; charset=utf-8"
        ],
        "Expires": [
          "-1"
        ]
      },
      "ResponseBody": "{\r\n  \"name\": \"cspip1227\",\r\n  \"id\": \"/subscriptions/0296790d-427c-48ca-b204-8b729bbd8670/resourceGroups/crptestar7111/providers/Microsoft.Network/publicIPAddresses/cspip1227\",\r\n  \"etag\": \"W/\\\"6b5fd477-c39b-480e-b108-efc2832d684b\\\"\",\r\n  \"location\": \"eastus2euap\",\r\n  \"properties\": {\r\n    \"provisioningState\": \"Updating\",\r\n    \"resourceGuid\": \"cac8f50f-e6f8-4611-9eba-ad11e8eee576\",\r\n    \"publicIPAddressVersion\": \"IPv4\",\r\n    \"publicIPAllocationMethod\": \"Dynamic\",\r\n    \"idleTimeoutInMinutes\": 4,\r\n    \"dnsSettings\": {\r\n      \"domainNameLabel\": \"dns871\",\r\n      \"fqdn\": \"dns871.eastus2euap.cloudapp.azure.com\"\r\n    },\r\n    \"ipTags\": []\r\n  },\r\n  \"type\": \"Microsoft.Network/publicIPAddresses\",\r\n  \"sku\": {\r\n    \"name\": \"Basic\"\r\n  }\r\n}",
      "StatusCode": 201
    },
    {
      "RequestUri": "/subscriptions/0296790d-427c-48ca-b204-8b729bbd8670/providers/Microsoft.Network/locations/eastus2euap/operations/b7511519-8bdc-42f3-9a2f-c6d3209ce477?api-version=2019-09-01",
      "EncodedRequestUri": "L3N1YnNjcmlwdGlvbnMvMDI5Njc5MGQtNDI3Yy00OGNhLWIyMDQtOGI3MjliYmQ4NjcwL3Byb3ZpZGVycy9NaWNyb3NvZnQuTmV0d29yay9sb2NhdGlvbnMvZWFzdHVzMmV1YXAvb3BlcmF0aW9ucy9iNzUxMTUxOS04YmRjLTQyZjMtOWEyZi1jNmQzMjA5Y2U0Nzc/YXBpLXZlcnNpb249MjAxOS0wOS0wMQ==",
      "RequestMethod": "GET",
      "RequestBody": "",
      "RequestHeaders": {
        "User-Agent": [
          "FxVersion/4.6.29321.03",
          "OSName/Windows",
          "OSVersion/Microsoft.Windows.10.0.19042.",
          "Microsoft.Azure.Management.Network.NetworkManagementClient/19.17.1.0"
        ]
      },
      "ResponseHeaders": {
        "Cache-Control": [
          "no-cache"
        ],
        "Pragma": [
          "no-cache"
        ],
        "x-ms-request-id": [
          "d6d7f627-21ae-4a67-a7a1-6d9ddf10938b"
        ],
        "x-ms-correlation-request-id": [
          "a8d7ef59-fe64-4af8-b468-8168a86e8322"
        ],
        "x-ms-arm-service-request-id": [
          "7677ad79-f48e-4475-8ea6-b3e0706adc40"
        ],
        "Strict-Transport-Security": [
          "max-age=31536000; includeSubDomains"
        ],
        "Server": [
          "Microsoft-HTTPAPI/2.0",
          "Microsoft-HTTPAPI/2.0"
        ],
        "x-ms-ratelimit-remaining-subscription-reads": [
          "11993"
        ],
        "x-ms-routing-request-id": [
          "WESTINDIA:20201130T110452Z:a8d7ef59-fe64-4af8-b468-8168a86e8322"
        ],
        "X-Content-Type-Options": [
          "nosniff"
        ],
        "Date": [
          "Mon, 30 Nov 2020 11:04:51 GMT"
        ],
        "Content-Length": [
          "29"
        ],
        "Content-Type": [
          "application/json; charset=utf-8"
        ],
        "Expires": [
          "-1"
        ]
      },
      "ResponseBody": "{\r\n  \"status\": \"Succeeded\"\r\n}",
      "StatusCode": 200
    },
    {
      "RequestUri": "/subscriptions/0296790d-427c-48ca-b204-8b729bbd8670/resourceGroups/crptestar7111/providers/Microsoft.Network/publicIPAddresses/cspip1227?api-version=2019-09-01",
      "EncodedRequestUri": "L3N1YnNjcmlwdGlvbnMvMDI5Njc5MGQtNDI3Yy00OGNhLWIyMDQtOGI3MjliYmQ4NjcwL3Jlc291cmNlR3JvdXBzL2NycHRlc3RhcjcxMTEvcHJvdmlkZXJzL01pY3Jvc29mdC5OZXR3b3JrL3B1YmxpY0lQQWRkcmVzc2VzL2NzcGlwMTIyNz9hcGktdmVyc2lvbj0yMDE5LTA5LTAx",
      "RequestMethod": "GET",
      "RequestBody": "",
      "RequestHeaders": {
        "User-Agent": [
          "FxVersion/4.6.29321.03",
          "OSName/Windows",
          "OSVersion/Microsoft.Windows.10.0.19042.",
          "Microsoft.Azure.Management.Network.NetworkManagementClient/19.17.1.0"
        ]
      },
      "ResponseHeaders": {
        "Cache-Control": [
          "no-cache"
        ],
        "Pragma": [
          "no-cache"
        ],
        "ETag": [
          "W/\"220ccf2c-841c-44bc-8e7b-2e3770df8614\""
        ],
        "x-ms-request-id": [
          "b536e4b1-80a8-429e-9e26-03501d19aca3"
        ],
        "x-ms-correlation-request-id": [
          "e3142345-5afb-47d1-b619-98c636d195ed"
        ],
        "x-ms-arm-service-request-id": [
          "74fa895f-ce92-4e69-bdfe-98c1aaa02248"
        ],
        "Strict-Transport-Security": [
          "max-age=31536000; includeSubDomains"
        ],
        "Server": [
          "Microsoft-HTTPAPI/2.0",
          "Microsoft-HTTPAPI/2.0"
        ],
        "x-ms-ratelimit-remaining-subscription-reads": [
          "11992"
        ],
        "x-ms-routing-request-id": [
          "WESTINDIA:20201130T110452Z:e3142345-5afb-47d1-b619-98c636d195ed"
        ],
        "X-Content-Type-Options": [
          "nosniff"
        ],
        "Date": [
          "Mon, 30 Nov 2020 11:04:51 GMT"
        ],
        "Content-Length": [
          "731"
        ],
        "Content-Type": [
          "application/json; charset=utf-8"
        ],
        "Expires": [
          "-1"
        ]
      },
      "ResponseBody": "{\r\n  \"name\": \"cspip1227\",\r\n  \"id\": \"/subscriptions/0296790d-427c-48ca-b204-8b729bbd8670/resourceGroups/crptestar7111/providers/Microsoft.Network/publicIPAddresses/cspip1227\",\r\n  \"etag\": \"W/\\\"220ccf2c-841c-44bc-8e7b-2e3770df8614\\\"\",\r\n  \"location\": \"eastus2euap\",\r\n  \"properties\": {\r\n    \"provisioningState\": \"Succeeded\",\r\n    \"resourceGuid\": \"cac8f50f-e6f8-4611-9eba-ad11e8eee576\",\r\n    \"publicIPAddressVersion\": \"IPv4\",\r\n    \"publicIPAllocationMethod\": \"Dynamic\",\r\n    \"idleTimeoutInMinutes\": 4,\r\n    \"dnsSettings\": {\r\n      \"domainNameLabel\": \"dns871\",\r\n      \"fqdn\": \"dns871.eastus2euap.cloudapp.azure.com\"\r\n    },\r\n    \"ipTags\": []\r\n  },\r\n  \"type\": \"Microsoft.Network/publicIPAddresses\",\r\n  \"sku\": {\r\n    \"name\": \"Basic\"\r\n  }\r\n}",
      "StatusCode": 200
    },
    {
      "RequestUri": "/subscriptions/0296790d-427c-48ca-b204-8b729bbd8670/resourceGroups/crptestar7111/providers/Microsoft.Storage/storageAccounts/saforcspkg1575?api-version=2015-06-15",
      "EncodedRequestUri": "L3N1YnNjcmlwdGlvbnMvMDI5Njc5MGQtNDI3Yy00OGNhLWIyMDQtOGI3MjliYmQ4NjcwL3Jlc291cmNlR3JvdXBzL2NycHRlc3RhcjcxMTEvcHJvdmlkZXJzL01pY3Jvc29mdC5TdG9yYWdlL3N0b3JhZ2VBY2NvdW50cy9zYWZvcmNzcGtnMTU3NT9hcGktdmVyc2lvbj0yMDE1LTA2LTE1",
      "RequestMethod": "PUT",
      "RequestBody": "{\r\n  \"location\": \"eastus2euap\",\r\n  \"properties\": {\r\n    \"accountType\": \"Standard_GRS\"\r\n  }\r\n}",
      "RequestHeaders": {
        "x-ms-client-request-id": [
          "a5ac705a-410d-4527-8a4d-955fc99c697a"
        ],
        "Accept-Language": [
          "en-US"
        ],
        "User-Agent": [
          "FxVersion/4.6.29321.03",
          "OSName/Windows",
          "OSVersion/Microsoft.Windows.10.0.19042.",
          "Microsoft.Azure.Management.Storage.StorageManagementClient/4.0.0.0"
        ],
        "Content-Type": [
          "application/json; charset=utf-8"
        ],
        "Content-Length": [
          "93"
        ]
      },
      "ResponseHeaders": {
        "Cache-Control": [
          "no-cache"
        ],
        "Pragma": [
          "no-cache"
        ],
        "Location": [
          "https://management.azure.com/subscriptions/0296790d-427c-48ca-b204-8b729bbd8670/providers/Microsoft.Storage/locations/eastus2euap/asyncoperations/5c5b5f7f-74ad-4925-b608-8a42ee3f18a6?monitor=true&api-version=2015-06-15"
        ],
        "Retry-After": [
          "17"
        ],
        "x-ms-request-id": [
          "5c5b5f7f-74ad-4925-b608-8a42ee3f18a6"
        ],
        "Strict-Transport-Security": [
          "max-age=31536000; includeSubDomains"
        ],
        "Server": [
          "Microsoft-Azure-Storage-Resource-Provider/1.0,Microsoft-HTTPAPI/2.0 Microsoft-HTTPAPI/2.0"
        ],
        "x-ms-ratelimit-remaining-subscription-writes": [
          "1198"
        ],
        "x-ms-correlation-request-id": [
          "c9fb5961-cbcd-4ab9-83bf-c4605f3a066c"
        ],
        "x-ms-routing-request-id": [
          "WESTINDIA:20201130T110502Z:c9fb5961-cbcd-4ab9-83bf-c4605f3a066c"
        ],
        "X-Content-Type-Options": [
          "nosniff"
        ],
        "Date": [
          "Mon, 30 Nov 2020 11:05:02 GMT"
        ],
        "Content-Type": [
          "text/plain; charset=utf-8"
        ],
        "Expires": [
          "-1"
        ],
        "Content-Length": [
          "0"
        ]
      },
      "ResponseBody": "",
      "StatusCode": 202
    },
    {
      "RequestUri": "/subscriptions/0296790d-427c-48ca-b204-8b729bbd8670/providers/Microsoft.Storage/locations/eastus2euap/asyncoperations/5c5b5f7f-74ad-4925-b608-8a42ee3f18a6?monitor=true&api-version=2015-06-15",
      "EncodedRequestUri": "L3N1YnNjcmlwdGlvbnMvMDI5Njc5MGQtNDI3Yy00OGNhLWIyMDQtOGI3MjliYmQ4NjcwL3Byb3ZpZGVycy9NaWNyb3NvZnQuU3RvcmFnZS9sb2NhdGlvbnMvZWFzdHVzMmV1YXAvYXN5bmNvcGVyYXRpb25zLzVjNWI1ZjdmLTc0YWQtNDkyNS1iNjA4LThhNDJlZTNmMThhNj9tb25pdG9yPXRydWUmYXBpLXZlcnNpb249MjAxNS0wNi0xNQ==",
      "RequestMethod": "GET",
      "RequestBody": "",
      "RequestHeaders": {
        "User-Agent": [
          "FxVersion/4.6.29321.03",
          "OSName/Windows",
          "OSVersion/Microsoft.Windows.10.0.19042.",
          "Microsoft.Azure.Management.Storage.StorageManagementClient/4.0.0.0"
        ]
      },
      "ResponseHeaders": {
        "Cache-Control": [
          "no-cache"
        ],
        "Pragma": [
          "no-cache"
        ],
        "x-ms-request-id": [
          "39f7959e-e94c-413e-a1f4-8a013237e8f3"
        ],
        "Strict-Transport-Security": [
          "max-age=31536000; includeSubDomains"
        ],
        "Server": [
          "Microsoft-Azure-Storage-Resource-Provider/1.0,Microsoft-HTTPAPI/2.0 Microsoft-HTTPAPI/2.0"
        ],
        "x-ms-ratelimit-remaining-subscription-reads": [
          "11957"
        ],
        "x-ms-correlation-request-id": [
          "66c9a373-2bfc-4743-967a-7378efdaef50"
        ],
        "x-ms-routing-request-id": [
          "WESTINDIA:20201130T110519Z:66c9a373-2bfc-4743-967a-7378efdaef50"
        ],
        "X-Content-Type-Options": [
          "nosniff"
        ],
        "Date": [
          "Mon, 30 Nov 2020 11:05:19 GMT"
        ],
        "Content-Length": [
          "93"
        ],
        "Content-Type": [
          "application/json"
        ],
        "Expires": [
          "-1"
        ]
      },
      "ResponseBody": "{\r\n  \"location\": \"eastus2euap\",\r\n  \"properties\": {\r\n    \"accountType\": \"Standard_GRS\"\r\n  }\r\n}",
      "StatusCode": 200
    },
    {
      "RequestUri": "/subscriptions/0296790d-427c-48ca-b204-8b729bbd8670/resourceGroups/crptestar7111/providers/Microsoft.Storage/storageAccounts?api-version=2015-06-15",
      "EncodedRequestUri": "L3N1YnNjcmlwdGlvbnMvMDI5Njc5MGQtNDI3Yy00OGNhLWIyMDQtOGI3MjliYmQ4NjcwL3Jlc291cmNlR3JvdXBzL2NycHRlc3RhcjcxMTEvcHJvdmlkZXJzL01pY3Jvc29mdC5TdG9yYWdlL3N0b3JhZ2VBY2NvdW50cz9hcGktdmVyc2lvbj0yMDE1LTA2LTE1",
      "RequestMethod": "GET",
      "RequestBody": "",
      "RequestHeaders": {
        "x-ms-client-request-id": [
          "3905d92e-de42-41d6-a4de-0bb79376e41f"
        ],
        "Accept-Language": [
          "en-US"
        ],
        "User-Agent": [
          "FxVersion/4.6.29321.03",
          "OSName/Windows",
          "OSVersion/Microsoft.Windows.10.0.19042.",
          "Microsoft.Azure.Management.Storage.StorageManagementClient/4.0.0.0"
        ]
      },
      "ResponseHeaders": {
        "Cache-Control": [
          "no-cache"
        ],
        "Pragma": [
          "no-cache"
        ],
        "x-ms-request-id": [
          "fdf69670-0287-4cbd-a9eb-4753ee1929b5"
        ],
        "Strict-Transport-Security": [
          "max-age=31536000; includeSubDomains"
        ],
        "Server": [
          "Microsoft-Azure-Storage-Resource-Provider/1.0,Microsoft-HTTPAPI/2.0 Microsoft-HTTPAPI/2.0"
        ],
        "x-ms-ratelimit-remaining-subscription-reads": [
          "11956"
        ],
        "x-ms-correlation-request-id": [
          "3fd31e55-81df-46cf-af62-20af49ae23e3"
        ],
        "x-ms-routing-request-id": [
          "WESTINDIA:20201130T110530Z:3fd31e55-81df-46cf-af62-20af49ae23e3"
        ],
        "X-Content-Type-Options": [
          "nosniff"
        ],
        "Date": [
          "Mon, 30 Nov 2020 11:05:29 GMT"
        ],
        "Content-Length": [
          "759"
        ],
        "Content-Type": [
          "application/json"
        ],
        "Expires": [
          "-1"
        ]
      },
      "ResponseBody": "{\r\n  \"value\": [\r\n    {\r\n      \"id\": \"/subscriptions/0296790d-427c-48ca-b204-8b729bbd8670/resourceGroups/crptestar7111/providers/Microsoft.Storage/storageAccounts/saforcspkg1575\",\r\n      \"name\": \"saforcspkg1575\",\r\n      \"type\": \"Microsoft.Storage/storageAccounts\",\r\n      \"location\": \"eastus2euap\",\r\n      \"tags\": {},\r\n      \"properties\": {\r\n        \"accountType\": \"Standard_GRS\",\r\n        \"provisioningState\": \"Succeeded\",\r\n        \"creationTime\": \"2020-11-30T11:05:02.0870276Z\",\r\n        \"primaryEndpoints\": {\r\n          \"blob\": \"https://saforcspkg1575.blob.core.windows.net/\",\r\n          \"queue\": \"https://saforcspkg1575.queue.core.windows.net/\",\r\n          \"table\": \"https://saforcspkg1575.table.core.windows.net/\",\r\n          \"file\": \"https://saforcspkg1575.file.core.windows.net/\"\r\n        },\r\n        \"primaryLocation\": \"eastus2euap\",\r\n        \"statusOfPrimary\": \"available\",\r\n        \"secondaryLocation\": \"centraluseuap\",\r\n        \"statusOfSecondary\": \"available\"\r\n      }\r\n    }\r\n  ]\r\n}",
      "StatusCode": 200
    },
    {
      "RequestUri": "/subscriptions/0296790d-427c-48ca-b204-8b729bbd8670/resourceGroups/crptestar7111/providers/Microsoft.Storage/storageAccounts?api-version=2015-06-15",
      "EncodedRequestUri": "L3N1YnNjcmlwdGlvbnMvMDI5Njc5MGQtNDI3Yy00OGNhLWIyMDQtOGI3MjliYmQ4NjcwL3Jlc291cmNlR3JvdXBzL2NycHRlc3RhcjcxMTEvcHJvdmlkZXJzL01pY3Jvc29mdC5TdG9yYWdlL3N0b3JhZ2VBY2NvdW50cz9hcGktdmVyc2lvbj0yMDE1LTA2LTE1",
      "RequestMethod": "GET",
      "RequestBody": "",
      "RequestHeaders": {
        "x-ms-client-request-id": [
          "f425237a-5bb6-47f6-845f-f2a61f80e1a3"
        ],
        "Accept-Language": [
          "en-US"
        ],
        "User-Agent": [
          "FxVersion/4.6.29321.03",
          "OSName/Windows",
          "OSVersion/Microsoft.Windows.10.0.19042.",
          "Microsoft.Azure.Management.Storage.StorageManagementClient/4.0.0.0"
        ]
      },
      "ResponseHeaders": {
        "Cache-Control": [
          "no-cache"
        ],
        "Pragma": [
          "no-cache"
        ],
        "x-ms-request-id": [
          "355ac80a-f192-485f-b85f-ed41cd2bb71c"
        ],
        "Strict-Transport-Security": [
          "max-age=31536000; includeSubDomains"
        ],
        "Server": [
          "Microsoft-Azure-Storage-Resource-Provider/1.0,Microsoft-HTTPAPI/2.0 Microsoft-HTTPAPI/2.0"
        ],
        "x-ms-ratelimit-remaining-subscription-reads": [
          "11995"
        ],
        "x-ms-correlation-request-id": [
          "258a44ff-70ca-4859-a79e-3367c0a2797d"
        ],
        "x-ms-routing-request-id": [
          "WESTINDIA:20201130T111310Z:258a44ff-70ca-4859-a79e-3367c0a2797d"
        ],
        "X-Content-Type-Options": [
          "nosniff"
        ],
        "Date": [
          "Mon, 30 Nov 2020 11:13:09 GMT"
        ],
        "Content-Length": [
          "1507"
        ],
        "Content-Type": [
          "application/json"
        ],
        "Expires": [
          "-1"
        ]
      },
      "ResponseBody": "{\r\n  \"value\": [\r\n    {\r\n      \"id\": \"/subscriptions/0296790d-427c-48ca-b204-8b729bbd8670/resourceGroups/crptestar7111/providers/Microsoft.Storage/storageAccounts/saforcspkg1575\",\r\n      \"name\": \"saforcspkg1575\",\r\n      \"type\": \"Microsoft.Storage/storageAccounts\",\r\n      \"location\": \"eastus2euap\",\r\n      \"tags\": {},\r\n      \"properties\": {\r\n        \"accountType\": \"Standard_GRS\",\r\n        \"provisioningState\": \"Succeeded\",\r\n        \"creationTime\": \"2020-11-30T11:05:02.0870276Z\",\r\n        \"primaryEndpoints\": {\r\n          \"blob\": \"https://saforcspkg1575.blob.core.windows.net/\",\r\n          \"queue\": \"https://saforcspkg1575.queue.core.windows.net/\",\r\n          \"table\": \"https://saforcspkg1575.table.core.windows.net/\",\r\n          \"file\": \"https://saforcspkg1575.file.core.windows.net/\"\r\n        },\r\n        \"primaryLocation\": \"eastus2euap\",\r\n        \"statusOfPrimary\": \"available\",\r\n        \"secondaryLocation\": \"centraluseuap\",\r\n        \"statusOfSecondary\": \"available\"\r\n      }\r\n    },\r\n    {\r\n      \"id\": \"/subscriptions/0296790d-427c-48ca-b204-8b729bbd8670/resourceGroups/crptestar7111/providers/Microsoft.Storage/storageAccounts/saforcspkg4339\",\r\n      \"name\": \"saforcspkg4339\",\r\n      \"type\": \"Microsoft.Storage/storageAccounts\",\r\n      \"location\": \"eastus2euap\",\r\n      \"tags\": {},\r\n      \"properties\": {\r\n        \"accountType\": \"Standard_GRS\",\r\n        \"provisioningState\": \"Succeeded\",\r\n        \"creationTime\": \"2020-11-30T11:12:42.2280163Z\",\r\n        \"primaryEndpoints\": {\r\n          \"blob\": \"https://saforcspkg4339.blob.core.windows.net/\",\r\n          \"queue\": \"https://saforcspkg4339.queue.core.windows.net/\",\r\n          \"table\": \"https://saforcspkg4339.table.core.windows.net/\",\r\n          \"file\": \"https://saforcspkg4339.file.core.windows.net/\"\r\n        },\r\n        \"primaryLocation\": \"eastus2euap\",\r\n        \"statusOfPrimary\": \"available\",\r\n        \"secondaryLocation\": \"centraluseuap\",\r\n        \"statusOfSecondary\": \"available\"\r\n      }\r\n    }\r\n  ]\r\n}",
      "StatusCode": 200
    },
    {
      "RequestUri": "/subscriptions/0296790d-427c-48ca-b204-8b729bbd8670/resourceGroups/crptestar7111/providers/Microsoft.Storage/storageAccounts/saforcspkg1575?api-version=2015-06-15",
      "EncodedRequestUri": "L3N1YnNjcmlwdGlvbnMvMDI5Njc5MGQtNDI3Yy00OGNhLWIyMDQtOGI3MjliYmQ4NjcwL3Jlc291cmNlR3JvdXBzL2NycHRlc3RhcjcxMTEvcHJvdmlkZXJzL01pY3Jvc29mdC5TdG9yYWdlL3N0b3JhZ2VBY2NvdW50cy9zYWZvcmNzcGtnMTU3NT9hcGktdmVyc2lvbj0yMDE1LTA2LTE1",
      "RequestMethod": "GET",
      "RequestBody": "",
      "RequestHeaders": {
        "x-ms-client-request-id": [
          "c9d49a0c-870f-496d-9ab6-2f50c9aab80a"
        ],
        "Accept-Language": [
          "en-US"
        ],
        "User-Agent": [
          "FxVersion/4.6.29321.03",
          "OSName/Windows",
          "OSVersion/Microsoft.Windows.10.0.19042.",
          "Microsoft.Azure.Management.Storage.StorageManagementClient/4.0.0.0"
        ]
      },
      "ResponseHeaders": {
        "Cache-Control": [
          "no-cache"
        ],
        "Pragma": [
          "no-cache"
        ],
        "x-ms-request-id": [
          "ed44afc5-5e71-4f40-a041-4eeb86e22363"
        ],
        "Strict-Transport-Security": [
          "max-age=31536000; includeSubDomains"
        ],
        "Server": [
          "Microsoft-Azure-Storage-Resource-Provider/1.0,Microsoft-HTTPAPI/2.0 Microsoft-HTTPAPI/2.0"
        ],
        "x-ms-ratelimit-remaining-subscription-reads": [
          "11955"
        ],
        "x-ms-correlation-request-id": [
          "56238de3-8c78-4bfe-b4bf-78ca45c4519e"
        ],
        "x-ms-routing-request-id": [
          "WESTINDIA:20201130T110530Z:56238de3-8c78-4bfe-b4bf-78ca45c4519e"
        ],
        "X-Content-Type-Options": [
          "nosniff"
        ],
        "Date": [
          "Mon, 30 Nov 2020 11:05:30 GMT"
        ],
        "Content-Length": [
          "747"
        ],
        "Content-Type": [
          "application/json"
        ],
        "Expires": [
          "-1"
        ]
      },
      "ResponseBody": "{\r\n  \"id\": \"/subscriptions/0296790d-427c-48ca-b204-8b729bbd8670/resourceGroups/crptestar7111/providers/Microsoft.Storage/storageAccounts/saforcspkg1575\",\r\n  \"name\": \"saforcspkg1575\",\r\n  \"type\": \"Microsoft.Storage/storageAccounts\",\r\n  \"location\": \"eastus2euap\",\r\n  \"tags\": {},\r\n  \"properties\": {\r\n    \"accountType\": \"Standard_GRS\",\r\n    \"provisioningState\": \"Succeeded\",\r\n    \"creationTime\": \"2020-11-30T11:05:02.0870276Z\",\r\n    \"primaryEndpoints\": {\r\n      \"blob\": \"https://saforcspkg1575.blob.core.windows.net/\",\r\n      \"queue\": \"https://saforcspkg1575.queue.core.windows.net/\",\r\n      \"table\": \"https://saforcspkg1575.table.core.windows.net/\",\r\n      \"file\": \"https://saforcspkg1575.file.core.windows.net/\"\r\n    },\r\n    \"primaryLocation\": \"eastus2euap\",\r\n    \"statusOfPrimary\": \"available\",\r\n    \"secondaryLocation\": \"centraluseuap\",\r\n    \"statusOfSecondary\": \"available\"\r\n  }\r\n}",
      "StatusCode": 200
    },
    {
      "RequestUri": "/subscriptions/0296790d-427c-48ca-b204-8b729bbd8670/resourceGroups/crptestar7111/providers/Microsoft.Storage/storageAccounts/saforcspkg1575/listKeys?api-version=2015-06-15",
      "EncodedRequestUri": "L3N1YnNjcmlwdGlvbnMvMDI5Njc5MGQtNDI3Yy00OGNhLWIyMDQtOGI3MjliYmQ4NjcwL3Jlc291cmNlR3JvdXBzL2NycHRlc3RhcjcxMTEvcHJvdmlkZXJzL01pY3Jvc29mdC5TdG9yYWdlL3N0b3JhZ2VBY2NvdW50cy9zYWZvcmNzcGtnMTU3NS9saXN0S2V5cz9hcGktdmVyc2lvbj0yMDE1LTA2LTE1",
      "RequestMethod": "POST",
      "RequestBody": "",
      "RequestHeaders": {
        "x-ms-client-request-id": [
          "cb40e26c-c1b5-4a3f-bc75-9b527bc8fdc9"
        ],
        "Accept-Language": [
          "en-US"
        ],
        "User-Agent": [
          "FxVersion/4.6.29321.03",
          "OSName/Windows",
          "OSVersion/Microsoft.Windows.10.0.19042.",
          "Microsoft.Azure.Management.Storage.StorageManagementClient/4.0.0.0"
        ]
      },
      "ResponseHeaders": {
        "Cache-Control": [
          "no-cache"
        ],
        "Pragma": [
          "no-cache"
        ],
        "x-ms-request-id": [
          "963a1525-c035-442a-aa81-6f5a2d53df1f"
        ],
        "Strict-Transport-Security": [
          "max-age=31536000; includeSubDomains"
        ],
        "Server": [
          "Microsoft-Azure-Storage-Resource-Provider/1.0,Microsoft-HTTPAPI/2.0 Microsoft-HTTPAPI/2.0"
        ],
        "x-ms-ratelimit-remaining-subscription-resource-requests": [
          "11999"
        ],
        "x-ms-correlation-request-id": [
          "605c7511-32aa-4edb-9327-6c4e1f1cec09"
        ],
        "x-ms-routing-request-id": [
          "WESTINDIA:20201130T110530Z:605c7511-32aa-4edb-9327-6c4e1f1cec09"
        ],
        "X-Content-Type-Options": [
          "nosniff"
        ],
        "Date": [
          "Mon, 30 Nov 2020 11:05:30 GMT"
        ],
        "Content-Length": [
          "197"
        ],
        "Content-Type": [
          "application/json"
        ],
        "Expires": [
          "-1"
        ]
      },
      "ResponseBody": "{\r\n  \"key1\": \"a/GRL751R0oUCtN9KuQsYpMIUKxWKIOxeOsH8v1F3cEIPae4XzzrfSZaf2h6Ce/EWaW6WrKLPITTYujQhR+Qxg==\",\r\n  \"key2\": \"DAxQEcOeSgPYEmC72+noaX5cibpZjLXZmyNPwycDCbXcbVCrWBM3cPgATOb6TcKNnm2GxCpN4nCPPf4/8XLX9Q==\"\r\n}",
      "StatusCode": 200
    },
    {
      "RequestUri": "/subscriptions/0296790d-427c-48ca-b204-8b729bbd8670/resourceGroups/crptestar7111/providers/Microsoft.Compute/cloudServices/cs6953?api-version=2020-10-01-preview",
      "EncodedRequestUri": "L3N1YnNjcmlwdGlvbnMvMDI5Njc5MGQtNDI3Yy00OGNhLWIyMDQtOGI3MjliYmQ4NjcwL3Jlc291cmNlR3JvdXBzL2NycHRlc3RhcjcxMTEvcHJvdmlkZXJzL01pY3Jvc29mdC5Db21wdXRlL2Nsb3VkU2VydmljZXMvY3M2OTUzP2FwaS12ZXJzaW9uPTIwMjAtMTAtMDEtcHJldmlldw==",
      "RequestMethod": "PUT",
      "RequestBody": "{\r\n  \"location\": \"eastus2euap\",\r\n  \"properties\": {\r\n    \"packageUrl\": \"https://saforcspkg1575.blob.core.windows.net/sascontainer/TestCloudServiceMultiRole_WorkerRole1(Standard_D2_v2)(1)_WorkerRole2(Standard_D1_v2)(1)_WebRole1(Standard_A2_v2)(2).cspkg?sv=2017-04-17&sr=b&sig=5hNYZAgXOK2juZFG0ZMDH5RNf4ZghAaBnaRh90Y2dUE%3D&st=2020-11-29T11%3A05%3A48Z&se=2020-12-02T11%3A05%3A48Z&sp=rw\",\r\n    \"configuration\": \"<?xml version=\\\"1.0\\\" encoding=\\\"utf-16\\\"?>\\r\\n<ServiceConfiguration xmlns:xsi=\\\"http://www.w3.org/2001/XMLSchema-instance\\\" xmlns:xsd=\\\"http://www.w3.org/2001/XMLSchema\\\" serviceName=\\\"TestCloudServiceMultiRole\\\" osFamily=\\\"5\\\" osVersion=\\\"*\\\" schemaVersion=\\\"2015-04.2.6\\\" xmlns=\\\"http://schemas.microsoft.com/ServiceHosting/2008/10/ServiceConfiguration\\\">\\r\\n  <Role name=\\\"WorkerRole1\\\">\\r\\n    <Instances count=\\\"1\\\" />\\r\\n    <ConfigurationSettings>\\r\\n      <Setting name=\\\"Microsoft.WindowsAzure.Plugins.Diagnostics.ConnectionString\\\" value=\\\"UseDevelopmentStorage=true\\\" />\\r\\n    </ConfigurationSettings>\\r\\n  </Role>\\r\\n  <Role name=\\\"WorkerRole2\\\">\\r\\n    <Instances count=\\\"1\\\" />\\r\\n    <ConfigurationSettings>\\r\\n      <Setting name=\\\"Microsoft.WindowsAzure.Plugins.Diagnostics.ConnectionString\\\" value=\\\"UseDevelopmentStorage=true\\\" />\\r\\n    </ConfigurationSettings>\\r\\n  </Role>\\r\\n  <Role name=\\\"WebRole1\\\">\\r\\n    <Instances count=\\\"2\\\" />\\r\\n    <ConfigurationSettings>\\r\\n      <Setting name=\\\"Microsoft.WindowsAzure.Plugins.Diagnostics.ConnectionString\\\" value=\\\"UseDevelopmentStorage=true\\\" />\\r\\n    </ConfigurationSettings>\\r\\n  </Role>\\r\\n  <NetworkConfiguration>\\r\\n    <VirtualNetworkSite name=\\\"csvnet2556\\\" />\\r\\n    <AddressAssignments>\\r\\n      <InstanceAddress roleName=\\\"WorkerRole1\\\">\\r\\n        <Subnets>\\r\\n          <Subnet name=\\\"subnet9464\\\" />\\r\\n        </Subnets>\\r\\n      </InstanceAddress>\\r\\n      <InstanceAddress roleName=\\\"WorkerRole2\\\">\\r\\n        <Subnets>\\r\\n          <Subnet name=\\\"subnet9464\\\" />\\r\\n        </Subnets>\\r\\n      </InstanceAddress>\\r\\n      <InstanceAddress roleName=\\\"WebRole1\\\">\\r\\n        <Subnets>\\r\\n          <Subnet name=\\\"subnet9464\\\" />\\r\\n        </Subnets>\\r\\n      </InstanceAddress>\\r\\n    </AddressAssignments>\\r\\n  </NetworkConfiguration>\\r\\n</ServiceConfiguration>\",\r\n    \"roleProfile\": {\r\n      \"roles\": [\r\n        {\r\n          \"name\": \"WorkerRole1\",\r\n          \"sku\": {\r\n            \"name\": \"Standard_D2_v2\",\r\n            \"tier\": \"Standard\",\r\n            \"capacity\": 1\r\n          }\r\n        },\r\n        {\r\n          \"name\": \"WorkerRole2\",\r\n          \"sku\": {\r\n            \"name\": \"Standard_D1_v2\",\r\n            \"tier\": \"Standard\",\r\n            \"capacity\": 1\r\n          }\r\n        },\r\n        {\r\n          \"name\": \"WebRole1\",\r\n          \"sku\": {\r\n            \"name\": \"Standard_A2_v2\",\r\n            \"tier\": \"Standard\",\r\n            \"capacity\": 2\r\n          }\r\n        }\r\n      ]\r\n    },\r\n    \"networkProfile\": {\r\n      \"loadBalancerConfigurations\": [\r\n        {\r\n          \"name\": \"lb2185\",\r\n          \"properties\": {\r\n            \"frontendIPConfigurations\": [\r\n              {\r\n                \"name\": \"lbfe765\",\r\n                \"properties\": {\r\n                  \"publicIPAddress\": {\r\n                    \"id\": \"/subscriptions/0296790d-427c-48ca-b204-8b729bbd8670/resourceGroups/crptestar7111/providers/Microsoft.Network/publicIPAddresses/cspip1227\"\r\n                  }\r\n                }\r\n              }\r\n            ]\r\n          }\r\n        }\r\n      ]\r\n    }\r\n  }\r\n}",
      "RequestHeaders": {
        "x-ms-client-request-id": [
          "9c62ce9d-861a-407f-bf52-5e20e303b32e"
        ],
        "Accept-Language": [
          "en-US"
        ],
        "User-Agent": [
          "FxVersion/4.6.29321.03",
          "OSName/Windows",
          "OSVersion/Microsoft.Windows.10.0.19042.",
          "Microsoft.Azure.Management.Compute.ComputeManagementClient/42.0.0.0"
        ],
        "Content-Type": [
          "application/json; charset=utf-8"
        ],
        "Content-Length": [
          "3467"
        ]
      },
      "ResponseHeaders": {
        "Cache-Control": [
          "no-cache"
        ],
        "Pragma": [
          "no-cache"
        ],
        "Azure-AsyncOperation": [
          "https://management.azure.com/subscriptions/0296790d-427c-48ca-b204-8b729bbd8670/providers/Microsoft.Compute/locations/eastus2euap/CsOperations/d40b2056-8b43-4ce7-ab34-09e96bef67d3?api-version=2020-10-01-preview"
        ],
        "Strict-Transport-Security": [
          "max-age=31536000; includeSubDomains"
        ],
        "x-ms-request-id": [
          "d40b2056-8b43-4ce7-ab34-09e96bef67d3"
        ],
        "Server": [
          "Microsoft-HTTPAPI/2.0,Microsoft-HTTPAPI/2.0 Microsoft-HTTPAPI/2.0 Microsoft-HTTPAPI/2.0"
        ],
        "x-ms-ratelimit-remaining-subscription-writes": [
          "1198"
        ],
        "x-ms-correlation-request-id": [
          "dbd4199a-4868-49c3-a4bc-3f2fb5c190be"
        ],
        "x-ms-routing-request-id": [
          "WESTINDIA:20201130T110559Z:dbd4199a-4868-49c3-a4bc-3f2fb5c190be"
        ],
        "X-Content-Type-Options": [
          "nosniff"
        ],
        "Date": [
          "Mon, 30 Nov 2020 11:05:58 GMT"
        ],
        "Content-Length": [
          "3252"
        ],
        "Content-Type": [
          "application/json; charset=utf-8"
        ],
        "Expires": [
          "-1"
        ]
      },
      "ResponseBody": "{\r\n  \"name\": \"cs6953\",\r\n  \"id\": \"/subscriptions/0296790d-427c-48ca-b204-8b729bbd8670/resourceGroups/CRPTESTAR7111/providers/Microsoft.Compute/cloudServices/cs6953\",\r\n  \"type\": \"Microsoft.Compute/cloudServices\",\r\n  \"location\": \"eastus2euap\",\r\n  \"properties\": {\r\n    \"configuration\": \"<?xml version=\\\"1.0\\\" encoding=\\\"utf-16\\\"?>\\r\\n<ServiceConfiguration xmlns:xsi=\\\"http://www.w3.org/2001/XMLSchema-instance\\\" xmlns:xsd=\\\"http://www.w3.org/2001/XMLSchema\\\" serviceName=\\\"TestCloudServiceMultiRole\\\" osFamily=\\\"5\\\" osVersion=\\\"*\\\" schemaVersion=\\\"2015-04.2.6\\\" xmlns=\\\"http://schemas.microsoft.com/ServiceHosting/2008/10/ServiceConfiguration\\\">\\r\\n  <Role name=\\\"WorkerRole1\\\">\\r\\n    <Instances count=\\\"1\\\" />\\r\\n    <ConfigurationSettings>\\r\\n      <Setting name=\\\"Microsoft.WindowsAzure.Plugins.Diagnostics.ConnectionString\\\" value=\\\"UseDevelopmentStorage=true\\\" />\\r\\n    </ConfigurationSettings>\\r\\n  </Role>\\r\\n  <Role name=\\\"WorkerRole2\\\">\\r\\n    <Instances count=\\\"1\\\" />\\r\\n    <ConfigurationSettings>\\r\\n      <Setting name=\\\"Microsoft.WindowsAzure.Plugins.Diagnostics.ConnectionString\\\" value=\\\"UseDevelopmentStorage=true\\\" />\\r\\n    </ConfigurationSettings>\\r\\n  </Role>\\r\\n  <Role name=\\\"WebRole1\\\">\\r\\n    <Instances count=\\\"2\\\" />\\r\\n    <ConfigurationSettings>\\r\\n      <Setting name=\\\"Microsoft.WindowsAzure.Plugins.Diagnostics.ConnectionString\\\" value=\\\"UseDevelopmentStorage=true\\\" />\\r\\n    </ConfigurationSettings>\\r\\n  </Role>\\r\\n  <NetworkConfiguration>\\r\\n    <VirtualNetworkSite name=\\\"csvnet2556\\\" />\\r\\n    <AddressAssignments>\\r\\n      <InstanceAddress roleName=\\\"WorkerRole1\\\">\\r\\n        <Subnets>\\r\\n          <Subnet name=\\\"subnet9464\\\" />\\r\\n        </Subnets>\\r\\n      </InstanceAddress>\\r\\n      <InstanceAddress roleName=\\\"WorkerRole2\\\">\\r\\n        <Subnets>\\r\\n          <Subnet name=\\\"subnet9464\\\" />\\r\\n        </Subnets>\\r\\n      </InstanceAddress>\\r\\n      <InstanceAddress roleName=\\\"WebRole1\\\">\\r\\n        <Subnets>\\r\\n          <Subnet name=\\\"subnet9464\\\" />\\r\\n        </Subnets>\\r\\n      </InstanceAddress>\\r\\n    </AddressAssignments>\\r\\n  </NetworkConfiguration>\\r\\n</ServiceConfiguration>\",\r\n    \"upgradeMode\": \"Auto\",\r\n    \"roleProfile\": {\r\n      \"roles\": [\r\n        {\r\n          \"name\": \"WorkerRole1\",\r\n          \"sku\": {\r\n            \"name\": \"Standard_D2_v2\",\r\n            \"tier\": \"Standard\",\r\n            \"capacity\": 1\r\n          }\r\n        },\r\n        {\r\n          \"name\": \"WorkerRole2\",\r\n          \"sku\": {\r\n            \"name\": \"Standard_D1_v2\",\r\n            \"tier\": \"Standard\",\r\n            \"capacity\": 1\r\n          }\r\n        },\r\n        {\r\n          \"name\": \"WebRole1\",\r\n          \"sku\": {\r\n            \"name\": \"Standard_A2_v2\",\r\n            \"tier\": \"Standard\",\r\n            \"capacity\": 2\r\n          }\r\n        }\r\n      ]\r\n    },\r\n    \"osProfile\": {\r\n      \"secrets\": []\r\n    },\r\n    \"networkProfile\": {\r\n      \"loadBalancerConfigurations\": [\r\n        {\r\n          \"name\": \"lb2185\",\r\n          \"properties\": {\r\n            \"frontendIpConfigurations\": [\r\n              {\r\n                \"name\": \"lbfe765\",\r\n                \"properties\": {\r\n                  \"publicIPAddress\": {\r\n                    \"id\": \"/subscriptions/0296790d-427c-48ca-b204-8b729bbd8670/resourceGroups/crptestar7111/providers/Microsoft.Network/publicIPAddresses/cspip1227\"\r\n                  }\r\n                }\r\n              }\r\n            ]\r\n          }\r\n        }\r\n      ]\r\n    },\r\n    \"provisioningState\": \"Creating\",\r\n    \"uniqueId\": \"8d7f8a6d-d6ed-4acb-abed-d6e0f3a2ea22\"\r\n  }\r\n}",
      "StatusCode": 201
    },
    {
      "RequestUri": "/subscriptions/0296790d-427c-48ca-b204-8b729bbd8670/resourceGroups/crptestar7111/providers/Microsoft.Compute/cloudServices/cs6953?api-version=2020-10-01-preview",
      "EncodedRequestUri": "L3N1YnNjcmlwdGlvbnMvMDI5Njc5MGQtNDI3Yy00OGNhLWIyMDQtOGI3MjliYmQ4NjcwL3Jlc291cmNlR3JvdXBzL2NycHRlc3RhcjcxMTEvcHJvdmlkZXJzL01pY3Jvc29mdC5Db21wdXRlL2Nsb3VkU2VydmljZXMvY3M2OTUzP2FwaS12ZXJzaW9uPTIwMjAtMTAtMDEtcHJldmlldw==",
      "RequestMethod": "PUT",
      "RequestBody": "{\r\n  \"location\": \"eastus2euap\",\r\n  \"properties\": {\r\n    \"packageUrl\": \"https://saforcspkg4339.blob.core.windows.net/sascontainer/TestCloudServiceMultiRole_WorkerRole2(Standard_D2_v2)(1)_WebRole1(Standard_A2_v2)(1).cspkg?sv=2017-04-17&sr=b&sig=AS0PYrXDoINcMIeJBfOkfkHcGPlbumMmIHFgs8ZH14M%3D&st=2020-11-29T11%3A13%3A26Z&se=2020-12-02T11%3A13%3A26Z&sp=rw\",\r\n    \"configuration\": \"<?xml version=\\\"1.0\\\" encoding=\\\"utf-16\\\"?>\\r\\n<ServiceConfiguration xmlns:xsi=\\\"http://www.w3.org/2001/XMLSchema-instance\\\" xmlns:xsd=\\\"http://www.w3.org/2001/XMLSchema\\\" serviceName=\\\"TestCloudServiceMultiRole\\\" osFamily=\\\"5\\\" osVersion=\\\"*\\\" schemaVersion=\\\"2015-04.2.6\\\" xmlns=\\\"http://schemas.microsoft.com/ServiceHosting/2008/10/ServiceConfiguration\\\">\\r\\n  <Role name=\\\"WorkerRole2\\\">\\r\\n    <Instances count=\\\"1\\\" />\\r\\n    <ConfigurationSettings>\\r\\n      <Setting name=\\\"Microsoft.WindowsAzure.Plugins.Diagnostics.ConnectionString\\\" value=\\\"UseDevelopmentStorage=true\\\" />\\r\\n    </ConfigurationSettings>\\r\\n  </Role>\\r\\n  <Role name=\\\"WebRole1\\\">\\r\\n    <Instances count=\\\"1\\\" />\\r\\n    <ConfigurationSettings>\\r\\n      <Setting name=\\\"Microsoft.WindowsAzure.Plugins.Diagnostics.ConnectionString\\\" value=\\\"UseDevelopmentStorage=true\\\" />\\r\\n    </ConfigurationSettings>\\r\\n  </Role>\\r\\n  <NetworkConfiguration>\\r\\n    <VirtualNetworkSite name=\\\"csvnet2556\\\" />\\r\\n    <AddressAssignments>\\r\\n      <InstanceAddress roleName=\\\"WorkerRole2\\\">\\r\\n        <Subnets>\\r\\n          <Subnet name=\\\"subnet9464\\\" />\\r\\n        </Subnets>\\r\\n      </InstanceAddress>\\r\\n      <InstanceAddress roleName=\\\"WebRole1\\\">\\r\\n        <Subnets>\\r\\n          <Subnet name=\\\"subnet9464\\\" />\\r\\n        </Subnets>\\r\\n      </InstanceAddress>\\r\\n    </AddressAssignments>\\r\\n  </NetworkConfiguration>\\r\\n</ServiceConfiguration>\",\r\n    \"roleProfile\": {\r\n      \"roles\": [\r\n        {\r\n          \"name\": \"WorkerRole2\",\r\n          \"sku\": {\r\n            \"name\": \"Standard_D2_v2\",\r\n            \"tier\": \"Standard\",\r\n            \"capacity\": 1\r\n          }\r\n        },\r\n        {\r\n          \"name\": \"WebRole1\",\r\n          \"sku\": {\r\n            \"name\": \"Standard_A2_v2\",\r\n            \"tier\": \"Standard\",\r\n            \"capacity\": 1\r\n          }\r\n        }\r\n      ]\r\n    },\r\n    \"networkProfile\": {\r\n      \"loadBalancerConfigurations\": [\r\n        {\r\n          \"name\": \"lb2185\",\r\n          \"properties\": {\r\n            \"frontendIPConfigurations\": [\r\n              {\r\n                \"name\": \"lbfe765\",\r\n                \"properties\": {\r\n                  \"publicIPAddress\": {\r\n                    \"id\": \"/subscriptions/0296790d-427c-48ca-b204-8b729bbd8670/resourceGroups/crptestar7111/providers/Microsoft.Network/publicIPAddresses/cspip1227\"\r\n                  }\r\n                }\r\n              }\r\n            ]\r\n          }\r\n        }\r\n      ]\r\n    },\r\n    \"extensionProfile\": {\r\n      \"extensions\": [\r\n        {\r\n          \"name\": \"RDPExtension\",\r\n          \"properties\": {\r\n            \"publisher\": \"Microsoft.Windows.Azure.Extensions\",\r\n            \"type\": \"RDP\",\r\n            \"typeHandlerVersion\": \"1.2.1\",\r\n            \"autoUpgradeMinorVersion\": true,\r\n            \"settings\": \"<PublicConfig><UserName>adminRdpTest</UserName><Expiration>2021-10-27T23:59:59</Expiration></PublicConfig>\",\r\n            \"protectedSettings\": \"<PrivateConfig><Password>VsmrdpTest!</Password></PrivateConfig>\"\r\n          }\r\n        }\r\n      ]\r\n    }\r\n  }\r\n}",
      "RequestHeaders": {
        "x-ms-client-request-id": [
          "6afeed37-5740-49ee-9d86-9b32a779698e"
        ],
        "Accept-Language": [
          "en-US"
        ],
        "User-Agent": [
          "FxVersion/4.6.29321.03",
          "OSName/Windows",
          "OSVersion/Microsoft.Windows.10.0.19042.",
          "Microsoft.Azure.Management.Compute.ComputeManagementClient/42.0.0.0"
        ],
        "Content-Type": [
          "application/json; charset=utf-8"
        ],
        "Content-Length": [
          "3392"
        ]
      },
      "ResponseHeaders": {
        "Cache-Control": [
          "no-cache"
        ],
        "Pragma": [
          "no-cache"
        ],
        "Azure-AsyncOperation": [
          "https://management.azure.com/subscriptions/0296790d-427c-48ca-b204-8b729bbd8670/providers/Microsoft.Compute/locations/eastus2euap/CsOperations/02a21c1b-d119-4c95-a7ea-2961d9a8ba72?api-version=2020-10-01-preview"
        ],
        "Strict-Transport-Security": [
          "max-age=31536000; includeSubDomains"
        ],
        "x-ms-request-id": [
          "02a21c1b-d119-4c95-a7ea-2961d9a8ba72"
        ],
        "Server": [
          "Microsoft-HTTPAPI/2.0,Microsoft-HTTPAPI/2.0 Microsoft-HTTPAPI/2.0 Microsoft-HTTPAPI/2.0"
        ],
        "x-ms-ratelimit-remaining-subscription-writes": [
          "1197"
        ],
        "x-ms-correlation-request-id": [
          "51735e46-ae85-4fcc-beae-74551bf9645f"
        ],
        "x-ms-routing-request-id": [
          "WESTINDIA:20201130T111328Z:51735e46-ae85-4fcc-beae-74551bf9645f"
        ],
        "X-Content-Type-Options": [
          "nosniff"
        ],
        "Date": [
          "Mon, 30 Nov 2020 11:13:28 GMT"
        ],
        "Content-Length": [
          "3221"
        ],
        "Content-Type": [
          "application/json; charset=utf-8"
        ],
        "Expires": [
          "-1"
        ]
      },
      "ResponseBody": "{\r\n  \"name\": \"cs6953\",\r\n  \"id\": \"/subscriptions/0296790d-427c-48ca-b204-8b729bbd8670/resourceGroups/CRPTESTAR7111/providers/Microsoft.Compute/cloudServices/cs6953\",\r\n  \"type\": \"Microsoft.Compute/cloudServices\",\r\n  \"location\": \"eastus2euap\",\r\n  \"properties\": {\r\n    \"configuration\": \"<?xml version=\\\"1.0\\\" encoding=\\\"utf-16\\\"?>\\r\\n<ServiceConfiguration xmlns:xsi=\\\"http://www.w3.org/2001/XMLSchema-instance\\\" xmlns:xsd=\\\"http://www.w3.org/2001/XMLSchema\\\" serviceName=\\\"TestCloudServiceMultiRole\\\" osFamily=\\\"5\\\" osVersion=\\\"*\\\" schemaVersion=\\\"2015-04.2.6\\\" xmlns=\\\"http://schemas.microsoft.com/ServiceHosting/2008/10/ServiceConfiguration\\\">\\r\\n  <Role name=\\\"WorkerRole2\\\">\\r\\n    <Instances count=\\\"1\\\" />\\r\\n    <ConfigurationSettings>\\r\\n      <Setting name=\\\"Microsoft.WindowsAzure.Plugins.Diagnostics.ConnectionString\\\" value=\\\"UseDevelopmentStorage=true\\\" />\\r\\n    </ConfigurationSettings>\\r\\n  </Role>\\r\\n  <Role name=\\\"WebRole1\\\">\\r\\n    <Instances count=\\\"1\\\" />\\r\\n    <ConfigurationSettings>\\r\\n      <Setting name=\\\"Microsoft.WindowsAzure.Plugins.Diagnostics.ConnectionString\\\" value=\\\"UseDevelopmentStorage=true\\\" />\\r\\n    </ConfigurationSettings>\\r\\n  </Role>\\r\\n  <NetworkConfiguration>\\r\\n    <VirtualNetworkSite name=\\\"csvnet2556\\\" />\\r\\n    <AddressAssignments>\\r\\n      <InstanceAddress roleName=\\\"WorkerRole2\\\">\\r\\n        <Subnets>\\r\\n          <Subnet name=\\\"subnet9464\\\" />\\r\\n        </Subnets>\\r\\n      </InstanceAddress>\\r\\n      <InstanceAddress roleName=\\\"WebRole1\\\">\\r\\n        <Subnets>\\r\\n          <Subnet name=\\\"subnet9464\\\" />\\r\\n        </Subnets>\\r\\n      </InstanceAddress>\\r\\n    </AddressAssignments>\\r\\n  </NetworkConfiguration>\\r\\n</ServiceConfiguration>\",\r\n    \"upgradeMode\": \"Auto\",\r\n    \"roleProfile\": {\r\n      \"roles\": [\r\n        {\r\n          \"name\": \"WebRole1\",\r\n          \"sku\": {\r\n            \"name\": \"Standard_A2_v2\",\r\n            \"tier\": \"Standard\",\r\n            \"capacity\": 1\r\n          }\r\n        },\r\n        {\r\n          \"name\": \"WorkerRole2\",\r\n          \"sku\": {\r\n            \"name\": \"Standard_D2_v2\",\r\n            \"tier\": \"Standard\",\r\n            \"capacity\": 1\r\n          }\r\n        }\r\n      ]\r\n    },\r\n    \"osProfile\": {\r\n      \"secrets\": []\r\n    },\r\n    \"networkProfile\": {\r\n      \"loadBalancerConfigurations\": [\r\n        {\r\n          \"name\": \"lb2185\",\r\n          \"properties\": {\r\n            \"frontendIpConfigurations\": [\r\n              {\r\n                \"name\": \"lbfe765\",\r\n                \"properties\": {\r\n                  \"publicIPAddress\": {\r\n                    \"id\": \"/subscriptions/0296790d-427c-48ca-b204-8b729bbd8670/resourceGroups/crptestar7111/providers/Microsoft.Network/publicIPAddresses/cspip1227\"\r\n                  }\r\n                }\r\n              }\r\n            ]\r\n          }\r\n        }\r\n      ]\r\n    },\r\n    \"extensionProfile\": {\r\n      \"extensions\": [\r\n        {\r\n          \"name\": \"RDPExtension\",\r\n          \"properties\": {\r\n            \"autoUpgradeMinorVersion\": true,\r\n            \"provisioningState\": \"Updating\",\r\n            \"rolesAppliedTo\": [\r\n              \"*\"\r\n            ],\r\n            \"publisher\": \"Microsoft.Windows.Azure.Extensions\",\r\n            \"type\": \"RDP\",\r\n            \"typeHandlerVersion\": \"1.2.1\",\r\n            \"settings\": \"<PublicConfig><UserName>adminRdpTest</UserName><Expiration>2021-10-27T23:59:59</Expiration></PublicConfig>\"\r\n          }\r\n        }\r\n      ]\r\n    },\r\n    \"provisioningState\": \"Updating\",\r\n    \"uniqueId\": \"8d7f8a6d-d6ed-4acb-abed-d6e0f3a2ea22\"\r\n  }\r\n}",
      "StatusCode": 200
    },
    {
      "RequestUri": "/subscriptions/0296790d-427c-48ca-b204-8b729bbd8670/providers/Microsoft.Compute/locations/eastus2euap/CsOperations/d40b2056-8b43-4ce7-ab34-09e96bef67d3?api-version=2020-10-01-preview",
      "EncodedRequestUri": "L3N1YnNjcmlwdGlvbnMvMDI5Njc5MGQtNDI3Yy00OGNhLWIyMDQtOGI3MjliYmQ4NjcwL3Byb3ZpZGVycy9NaWNyb3NvZnQuQ29tcHV0ZS9sb2NhdGlvbnMvZWFzdHVzMmV1YXAvQ3NPcGVyYXRpb25zL2Q0MGIyMDU2LThiNDMtNGNlNy1hYjM0LTA5ZTk2YmVmNjdkMz9hcGktdmVyc2lvbj0yMDIwLTEwLTAxLXByZXZpZXc=",
      "RequestMethod": "GET",
      "RequestBody": "",
      "RequestHeaders": {
        "User-Agent": [
          "FxVersion/4.6.29321.03",
          "OSName/Windows",
          "OSVersion/Microsoft.Windows.10.0.19042.",
          "Microsoft.Azure.Management.Compute.ComputeManagementClient/42.0.0.0"
        ]
      },
      "ResponseHeaders": {
        "Cache-Control": [
          "no-cache"
        ],
        "Pragma": [
          "no-cache"
        ],
        "Strict-Transport-Security": [
          "max-age=31536000; includeSubDomains"
        ],
        "x-ms-served-by": [
          "d0ba83bc-edc5-4e6f-9f44-ffdf483a2aae_132510055604810811"
        ],
        "x-ms-request-id": [
          "e32fff6a-794f-4519-887f-67f24fcf5cfd"
        ],
        "Server": [
          "Microsoft-HTTPAPI/2.0",
          "Microsoft-HTTPAPI/2.0"
        ],
        "x-ms-ratelimit-remaining-subscription-reads": [
          "11996"
        ],
        "x-ms-correlation-request-id": [
          "855f66e1-1982-4217-9c30-edc3e74dca27"
        ],
        "x-ms-routing-request-id": [
          "WESTINDIA:20201130T110630Z:855f66e1-1982-4217-9c30-edc3e74dca27"
        ],
        "X-Content-Type-Options": [
          "nosniff"
        ],
        "Date": [
          "Mon, 30 Nov 2020 11:06:30 GMT"
        ],
        "Content-Length": [
          "134"
        ],
        "Content-Type": [
          "application/json; charset=utf-8"
        ],
        "Expires": [
          "-1"
        ]
      },
      "ResponseBody": "{\r\n  \"startTime\": \"2020-11-30T16:35:57.1320616+05:30\",\r\n  \"status\": \"InProgress\",\r\n  \"name\": \"d40b2056-8b43-4ce7-ab34-09e96bef67d3\"\r\n}",
      "StatusCode": 200
    },
    {
      "RequestUri": "/subscriptions/0296790d-427c-48ca-b204-8b729bbd8670/providers/Microsoft.Compute/locations/eastus2euap/CsOperations/d40b2056-8b43-4ce7-ab34-09e96bef67d3?api-version=2020-10-01-preview",
      "EncodedRequestUri": "L3N1YnNjcmlwdGlvbnMvMDI5Njc5MGQtNDI3Yy00OGNhLWIyMDQtOGI3MjliYmQ4NjcwL3Byb3ZpZGVycy9NaWNyb3NvZnQuQ29tcHV0ZS9sb2NhdGlvbnMvZWFzdHVzMmV1YXAvQ3NPcGVyYXRpb25zL2Q0MGIyMDU2LThiNDMtNGNlNy1hYjM0LTA5ZTk2YmVmNjdkMz9hcGktdmVyc2lvbj0yMDIwLTEwLTAxLXByZXZpZXc=",
      "RequestMethod": "GET",
      "RequestBody": "",
      "RequestHeaders": {
        "User-Agent": [
          "FxVersion/4.6.29321.03",
          "OSName/Windows",
          "OSVersion/Microsoft.Windows.10.0.19042.",
          "Microsoft.Azure.Management.Compute.ComputeManagementClient/42.0.0.0"
        ]
      },
      "ResponseHeaders": {
        "Cache-Control": [
          "no-cache"
        ],
        "Pragma": [
          "no-cache"
        ],
        "Strict-Transport-Security": [
          "max-age=31536000; includeSubDomains"
        ],
        "x-ms-served-by": [
          "d0ba83bc-edc5-4e6f-9f44-ffdf483a2aae_132510055604810811"
        ],
        "x-ms-request-id": [
          "2f86fa53-2b83-4de0-a9c2-f096dd4c1fa7"
        ],
        "Server": [
          "Microsoft-HTTPAPI/2.0",
          "Microsoft-HTTPAPI/2.0"
        ],
        "x-ms-ratelimit-remaining-subscription-reads": [
          "11995"
        ],
        "x-ms-correlation-request-id": [
          "3bf88465-02d8-4c0c-a4d7-c518d102422b"
        ],
        "x-ms-routing-request-id": [
          "WESTINDIA:20201130T110700Z:3bf88465-02d8-4c0c-a4d7-c518d102422b"
        ],
        "X-Content-Type-Options": [
          "nosniff"
        ],
        "Date": [
          "Mon, 30 Nov 2020 11:07:00 GMT"
        ],
        "Content-Length": [
          "134"
        ],
        "Content-Type": [
          "application/json; charset=utf-8"
        ],
        "Expires": [
          "-1"
        ]
      },
      "ResponseBody": "{\r\n  \"startTime\": \"2020-11-30T16:35:57.1320616+05:30\",\r\n  \"status\": \"InProgress\",\r\n  \"name\": \"d40b2056-8b43-4ce7-ab34-09e96bef67d3\"\r\n}",
      "StatusCode": 200
    },
    {
      "RequestUri": "/subscriptions/0296790d-427c-48ca-b204-8b729bbd8670/providers/Microsoft.Compute/locations/eastus2euap/CsOperations/d40b2056-8b43-4ce7-ab34-09e96bef67d3?api-version=2020-10-01-preview",
      "EncodedRequestUri": "L3N1YnNjcmlwdGlvbnMvMDI5Njc5MGQtNDI3Yy00OGNhLWIyMDQtOGI3MjliYmQ4NjcwL3Byb3ZpZGVycy9NaWNyb3NvZnQuQ29tcHV0ZS9sb2NhdGlvbnMvZWFzdHVzMmV1YXAvQ3NPcGVyYXRpb25zL2Q0MGIyMDU2LThiNDMtNGNlNy1hYjM0LTA5ZTk2YmVmNjdkMz9hcGktdmVyc2lvbj0yMDIwLTEwLTAxLXByZXZpZXc=",
      "RequestMethod": "GET",
      "RequestBody": "",
      "RequestHeaders": {
        "User-Agent": [
          "FxVersion/4.6.29321.03",
          "OSName/Windows",
          "OSVersion/Microsoft.Windows.10.0.19042.",
          "Microsoft.Azure.Management.Compute.ComputeManagementClient/42.0.0.0"
        ]
      },
      "ResponseHeaders": {
        "Cache-Control": [
          "no-cache"
        ],
        "Pragma": [
          "no-cache"
        ],
        "Strict-Transport-Security": [
          "max-age=31536000; includeSubDomains"
        ],
        "x-ms-served-by": [
          "d0ba83bc-edc5-4e6f-9f44-ffdf483a2aae_132510055604810811"
        ],
        "x-ms-request-id": [
          "b83629eb-42b2-49f7-ac5e-7f679e909b74"
        ],
        "Server": [
          "Microsoft-HTTPAPI/2.0",
          "Microsoft-HTTPAPI/2.0"
        ],
        "x-ms-ratelimit-remaining-subscription-reads": [
          "11994"
        ],
        "x-ms-correlation-request-id": [
          "7751b5cb-32e3-41b5-a368-4056986586ac"
        ],
        "x-ms-routing-request-id": [
          "WESTINDIA:20201130T110731Z:7751b5cb-32e3-41b5-a368-4056986586ac"
        ],
        "X-Content-Type-Options": [
          "nosniff"
        ],
        "Date": [
          "Mon, 30 Nov 2020 11:07:30 GMT"
        ],
        "Content-Length": [
          "134"
        ],
        "Content-Type": [
          "application/json; charset=utf-8"
        ],
        "Expires": [
          "-1"
        ]
      },
      "ResponseBody": "{\r\n  \"startTime\": \"2020-11-30T16:35:57.1320616+05:30\",\r\n  \"status\": \"InProgress\",\r\n  \"name\": \"d40b2056-8b43-4ce7-ab34-09e96bef67d3\"\r\n}",
      "StatusCode": 200
    },
    {
      "RequestUri": "/subscriptions/0296790d-427c-48ca-b204-8b729bbd8670/providers/Microsoft.Compute/locations/eastus2euap/CsOperations/d40b2056-8b43-4ce7-ab34-09e96bef67d3?api-version=2020-10-01-preview",
      "EncodedRequestUri": "L3N1YnNjcmlwdGlvbnMvMDI5Njc5MGQtNDI3Yy00OGNhLWIyMDQtOGI3MjliYmQ4NjcwL3Byb3ZpZGVycy9NaWNyb3NvZnQuQ29tcHV0ZS9sb2NhdGlvbnMvZWFzdHVzMmV1YXAvQ3NPcGVyYXRpb25zL2Q0MGIyMDU2LThiNDMtNGNlNy1hYjM0LTA5ZTk2YmVmNjdkMz9hcGktdmVyc2lvbj0yMDIwLTEwLTAxLXByZXZpZXc=",
      "RequestMethod": "GET",
      "RequestBody": "",
      "RequestHeaders": {
        "User-Agent": [
          "FxVersion/4.6.29321.03",
          "OSName/Windows",
          "OSVersion/Microsoft.Windows.10.0.19042.",
          "Microsoft.Azure.Management.Compute.ComputeManagementClient/42.0.0.0"
        ]
      },
      "ResponseHeaders": {
        "Cache-Control": [
          "no-cache"
        ],
        "Pragma": [
          "no-cache"
        ],
        "Strict-Transport-Security": [
          "max-age=31536000; includeSubDomains"
        ],
        "x-ms-served-by": [
          "d0ba83bc-edc5-4e6f-9f44-ffdf483a2aae_132510055604810811"
        ],
        "x-ms-request-id": [
          "04b3a230-29e8-4ea3-8341-6eacc0f53941"
        ],
        "Server": [
          "Microsoft-HTTPAPI/2.0",
          "Microsoft-HTTPAPI/2.0"
        ],
        "x-ms-ratelimit-remaining-subscription-reads": [
          "11993"
        ],
        "x-ms-correlation-request-id": [
          "79dafe91-3e3f-4795-a47e-3e11f4e88da6"
        ],
        "x-ms-routing-request-id": [
          "WESTINDIA:20201130T110801Z:79dafe91-3e3f-4795-a47e-3e11f4e88da6"
        ],
        "X-Content-Type-Options": [
          "nosniff"
        ],
        "Date": [
          "Mon, 30 Nov 2020 11:08:00 GMT"
        ],
        "Content-Length": [
          "134"
        ],
        "Content-Type": [
          "application/json; charset=utf-8"
        ],
        "Expires": [
          "-1"
        ]
      },
      "ResponseBody": "{\r\n  \"startTime\": \"2020-11-30T16:35:57.1320616+05:30\",\r\n  \"status\": \"InProgress\",\r\n  \"name\": \"d40b2056-8b43-4ce7-ab34-09e96bef67d3\"\r\n}",
      "StatusCode": 200
    },
    {
      "RequestUri": "/subscriptions/0296790d-427c-48ca-b204-8b729bbd8670/providers/Microsoft.Compute/locations/eastus2euap/CsOperations/d40b2056-8b43-4ce7-ab34-09e96bef67d3?api-version=2020-10-01-preview",
      "EncodedRequestUri": "L3N1YnNjcmlwdGlvbnMvMDI5Njc5MGQtNDI3Yy00OGNhLWIyMDQtOGI3MjliYmQ4NjcwL3Byb3ZpZGVycy9NaWNyb3NvZnQuQ29tcHV0ZS9sb2NhdGlvbnMvZWFzdHVzMmV1YXAvQ3NPcGVyYXRpb25zL2Q0MGIyMDU2LThiNDMtNGNlNy1hYjM0LTA5ZTk2YmVmNjdkMz9hcGktdmVyc2lvbj0yMDIwLTEwLTAxLXByZXZpZXc=",
      "RequestMethod": "GET",
      "RequestBody": "",
      "RequestHeaders": {
        "User-Agent": [
          "FxVersion/4.6.29321.03",
          "OSName/Windows",
          "OSVersion/Microsoft.Windows.10.0.19042.",
          "Microsoft.Azure.Management.Compute.ComputeManagementClient/42.0.0.0"
        ]
      },
      "ResponseHeaders": {
        "Cache-Control": [
          "no-cache"
        ],
        "Pragma": [
          "no-cache"
        ],
        "Strict-Transport-Security": [
          "max-age=31536000; includeSubDomains"
        ],
        "x-ms-served-by": [
          "d0ba83bc-edc5-4e6f-9f44-ffdf483a2aae_132510055604810811"
        ],
        "x-ms-request-id": [
          "efd3ed92-5525-47f2-974f-fdb01cbb56dd"
        ],
        "Server": [
          "Microsoft-HTTPAPI/2.0",
          "Microsoft-HTTPAPI/2.0"
        ],
        "x-ms-ratelimit-remaining-subscription-reads": [
          "11992"
        ],
        "x-ms-correlation-request-id": [
          "0d7557d3-7bb5-4b8f-b347-e423e032aa47"
        ],
        "x-ms-routing-request-id": [
          "WESTINDIA:20201130T110831Z:0d7557d3-7bb5-4b8f-b347-e423e032aa47"
        ],
        "X-Content-Type-Options": [
          "nosniff"
        ],
        "Date": [
          "Mon, 30 Nov 2020 11:08:30 GMT"
        ],
        "Content-Length": [
          "134"
        ],
        "Content-Type": [
          "application/json; charset=utf-8"
        ],
        "Expires": [
          "-1"
        ]
      },
      "ResponseBody": "{\r\n  \"startTime\": \"2020-11-30T16:35:57.1320616+05:30\",\r\n  \"status\": \"InProgress\",\r\n  \"name\": \"d40b2056-8b43-4ce7-ab34-09e96bef67d3\"\r\n}",
      "StatusCode": 200
    },
    {
      "RequestUri": "/subscriptions/0296790d-427c-48ca-b204-8b729bbd8670/providers/Microsoft.Compute/locations/eastus2euap/CsOperations/d40b2056-8b43-4ce7-ab34-09e96bef67d3?api-version=2020-10-01-preview",
      "EncodedRequestUri": "L3N1YnNjcmlwdGlvbnMvMDI5Njc5MGQtNDI3Yy00OGNhLWIyMDQtOGI3MjliYmQ4NjcwL3Byb3ZpZGVycy9NaWNyb3NvZnQuQ29tcHV0ZS9sb2NhdGlvbnMvZWFzdHVzMmV1YXAvQ3NPcGVyYXRpb25zL2Q0MGIyMDU2LThiNDMtNGNlNy1hYjM0LTA5ZTk2YmVmNjdkMz9hcGktdmVyc2lvbj0yMDIwLTEwLTAxLXByZXZpZXc=",
      "RequestMethod": "GET",
      "RequestBody": "",
      "RequestHeaders": {
        "User-Agent": [
          "FxVersion/4.6.29321.03",
          "OSName/Windows",
          "OSVersion/Microsoft.Windows.10.0.19042.",
          "Microsoft.Azure.Management.Compute.ComputeManagementClient/42.0.0.0"
        ]
      },
      "ResponseHeaders": {
        "Cache-Control": [
          "no-cache"
        ],
        "Pragma": [
          "no-cache"
        ],
        "Strict-Transport-Security": [
          "max-age=31536000; includeSubDomains"
        ],
        "x-ms-served-by": [
          "d0ba83bc-edc5-4e6f-9f44-ffdf483a2aae_132510055604810811"
        ],
        "x-ms-request-id": [
          "21f95cd0-4b9b-4aa3-80aa-83b8e097a6f9"
        ],
        "Server": [
          "Microsoft-HTTPAPI/2.0",
          "Microsoft-HTTPAPI/2.0"
        ],
        "x-ms-ratelimit-remaining-subscription-reads": [
          "11991"
        ],
        "x-ms-correlation-request-id": [
          "c6a53998-0001-4cc5-abdc-d67d5840682c"
        ],
        "x-ms-routing-request-id": [
          "WESTINDIA:20201130T110901Z:c6a53998-0001-4cc5-abdc-d67d5840682c"
        ],
        "X-Content-Type-Options": [
          "nosniff"
        ],
        "Date": [
          "Mon, 30 Nov 2020 11:09:01 GMT"
        ],
        "Content-Length": [
          "134"
        ],
        "Content-Type": [
          "application/json; charset=utf-8"
        ],
        "Expires": [
          "-1"
        ]
      },
      "ResponseBody": "{\r\n  \"startTime\": \"2020-11-30T16:35:57.1320616+05:30\",\r\n  \"status\": \"InProgress\",\r\n  \"name\": \"d40b2056-8b43-4ce7-ab34-09e96bef67d3\"\r\n}",
      "StatusCode": 200
    },
    {
      "RequestUri": "/subscriptions/0296790d-427c-48ca-b204-8b729bbd8670/providers/Microsoft.Compute/locations/eastus2euap/CsOperations/d40b2056-8b43-4ce7-ab34-09e96bef67d3?api-version=2020-10-01-preview",
      "EncodedRequestUri": "L3N1YnNjcmlwdGlvbnMvMDI5Njc5MGQtNDI3Yy00OGNhLWIyMDQtOGI3MjliYmQ4NjcwL3Byb3ZpZGVycy9NaWNyb3NvZnQuQ29tcHV0ZS9sb2NhdGlvbnMvZWFzdHVzMmV1YXAvQ3NPcGVyYXRpb25zL2Q0MGIyMDU2LThiNDMtNGNlNy1hYjM0LTA5ZTk2YmVmNjdkMz9hcGktdmVyc2lvbj0yMDIwLTEwLTAxLXByZXZpZXc=",
      "RequestMethod": "GET",
      "RequestBody": "",
      "RequestHeaders": {
        "User-Agent": [
          "FxVersion/4.6.29321.03",
          "OSName/Windows",
          "OSVersion/Microsoft.Windows.10.0.19042.",
          "Microsoft.Azure.Management.Compute.ComputeManagementClient/42.0.0.0"
        ]
      },
      "ResponseHeaders": {
        "Cache-Control": [
          "no-cache"
        ],
        "Pragma": [
          "no-cache"
        ],
        "Strict-Transport-Security": [
          "max-age=31536000; includeSubDomains"
        ],
        "x-ms-served-by": [
          "d0ba83bc-edc5-4e6f-9f44-ffdf483a2aae_132510055604810811"
        ],
        "x-ms-request-id": [
          "a772a061-23e8-48e5-bc43-dc38bfdded7c"
        ],
        "Server": [
          "Microsoft-HTTPAPI/2.0",
          "Microsoft-HTTPAPI/2.0"
        ],
        "x-ms-ratelimit-remaining-subscription-reads": [
          "11990"
        ],
        "x-ms-correlation-request-id": [
          "92709e24-27aa-4619-966a-6693cb39e5f1"
        ],
        "x-ms-routing-request-id": [
          "WESTINDIA:20201130T110932Z:92709e24-27aa-4619-966a-6693cb39e5f1"
        ],
        "X-Content-Type-Options": [
          "nosniff"
        ],
        "Date": [
          "Mon, 30 Nov 2020 11:09:31 GMT"
        ],
        "Content-Length": [
          "134"
        ],
        "Content-Type": [
          "application/json; charset=utf-8"
        ],
        "Expires": [
          "-1"
        ]
      },
      "ResponseBody": "{\r\n  \"startTime\": \"2020-11-30T16:35:57.1320616+05:30\",\r\n  \"status\": \"InProgress\",\r\n  \"name\": \"d40b2056-8b43-4ce7-ab34-09e96bef67d3\"\r\n}",
      "StatusCode": 200
    },
    {
      "RequestUri": "/subscriptions/0296790d-427c-48ca-b204-8b729bbd8670/providers/Microsoft.Compute/locations/eastus2euap/CsOperations/d40b2056-8b43-4ce7-ab34-09e96bef67d3?api-version=2020-10-01-preview",
      "EncodedRequestUri": "L3N1YnNjcmlwdGlvbnMvMDI5Njc5MGQtNDI3Yy00OGNhLWIyMDQtOGI3MjliYmQ4NjcwL3Byb3ZpZGVycy9NaWNyb3NvZnQuQ29tcHV0ZS9sb2NhdGlvbnMvZWFzdHVzMmV1YXAvQ3NPcGVyYXRpb25zL2Q0MGIyMDU2LThiNDMtNGNlNy1hYjM0LTA5ZTk2YmVmNjdkMz9hcGktdmVyc2lvbj0yMDIwLTEwLTAxLXByZXZpZXc=",
      "RequestMethod": "GET",
      "RequestBody": "",
      "RequestHeaders": {
        "User-Agent": [
          "FxVersion/4.6.29321.03",
          "OSName/Windows",
          "OSVersion/Microsoft.Windows.10.0.19042.",
          "Microsoft.Azure.Management.Compute.ComputeManagementClient/42.0.0.0"
        ]
      },
      "ResponseHeaders": {
        "Cache-Control": [
          "no-cache"
        ],
        "Pragma": [
          "no-cache"
        ],
        "Strict-Transport-Security": [
          "max-age=31536000; includeSubDomains"
        ],
        "x-ms-served-by": [
          "d0ba83bc-edc5-4e6f-9f44-ffdf483a2aae_132510055604810811"
        ],
        "x-ms-request-id": [
          "58d0089b-d0c7-4565-b7d7-a1c70c03e893"
        ],
        "Server": [
          "Microsoft-HTTPAPI/2.0",
          "Microsoft-HTTPAPI/2.0"
        ],
        "x-ms-ratelimit-remaining-subscription-reads": [
          "11989"
        ],
        "x-ms-correlation-request-id": [
          "56b9dfa3-4e4d-4e71-882e-d049ee2c95ce"
        ],
        "x-ms-routing-request-id": [
          "WESTINDIA:20201130T111002Z:56b9dfa3-4e4d-4e71-882e-d049ee2c95ce"
        ],
        "X-Content-Type-Options": [
          "nosniff"
        ],
        "Date": [
          "Mon, 30 Nov 2020 11:10:02 GMT"
        ],
        "Content-Length": [
          "134"
        ],
        "Content-Type": [
          "application/json; charset=utf-8"
        ],
        "Expires": [
          "-1"
        ]
      },
      "ResponseBody": "{\r\n  \"startTime\": \"2020-11-30T16:35:57.1320616+05:30\",\r\n  \"status\": \"InProgress\",\r\n  \"name\": \"d40b2056-8b43-4ce7-ab34-09e96bef67d3\"\r\n}",
      "StatusCode": 200
    },
    {
      "RequestUri": "/subscriptions/0296790d-427c-48ca-b204-8b729bbd8670/providers/Microsoft.Compute/locations/eastus2euap/CsOperations/d40b2056-8b43-4ce7-ab34-09e96bef67d3?api-version=2020-10-01-preview",
      "EncodedRequestUri": "L3N1YnNjcmlwdGlvbnMvMDI5Njc5MGQtNDI3Yy00OGNhLWIyMDQtOGI3MjliYmQ4NjcwL3Byb3ZpZGVycy9NaWNyb3NvZnQuQ29tcHV0ZS9sb2NhdGlvbnMvZWFzdHVzMmV1YXAvQ3NPcGVyYXRpb25zL2Q0MGIyMDU2LThiNDMtNGNlNy1hYjM0LTA5ZTk2YmVmNjdkMz9hcGktdmVyc2lvbj0yMDIwLTEwLTAxLXByZXZpZXc=",
      "RequestMethod": "GET",
      "RequestBody": "",
      "RequestHeaders": {
        "User-Agent": [
          "FxVersion/4.6.29321.03",
          "OSName/Windows",
          "OSVersion/Microsoft.Windows.10.0.19042.",
          "Microsoft.Azure.Management.Compute.ComputeManagementClient/42.0.0.0"
        ]
      },
      "ResponseHeaders": {
        "Cache-Control": [
          "no-cache"
        ],
        "Pragma": [
          "no-cache"
        ],
        "Strict-Transport-Security": [
          "max-age=31536000; includeSubDomains"
        ],
        "x-ms-served-by": [
          "d0ba83bc-edc5-4e6f-9f44-ffdf483a2aae_132510055604810811"
        ],
        "x-ms-request-id": [
          "ed343b71-646f-4425-97c0-e9ac450f75cd"
        ],
        "Server": [
          "Microsoft-HTTPAPI/2.0",
          "Microsoft-HTTPAPI/2.0"
        ],
        "x-ms-ratelimit-remaining-subscription-reads": [
          "11988"
        ],
        "x-ms-correlation-request-id": [
          "851a0429-5772-4b9a-b499-6c5c1d02587c"
        ],
        "x-ms-routing-request-id": [
          "WESTINDIA:20201130T111032Z:851a0429-5772-4b9a-b499-6c5c1d02587c"
        ],
        "X-Content-Type-Options": [
          "nosniff"
        ],
        "Date": [
          "Mon, 30 Nov 2020 11:10:32 GMT"
        ],
        "Content-Length": [
          "134"
        ],
        "Content-Type": [
          "application/json; charset=utf-8"
        ],
        "Expires": [
          "-1"
        ]
      },
      "ResponseBody": "{\r\n  \"startTime\": \"2020-11-30T16:35:57.1320616+05:30\",\r\n  \"status\": \"InProgress\",\r\n  \"name\": \"d40b2056-8b43-4ce7-ab34-09e96bef67d3\"\r\n}",
      "StatusCode": 200
    },
    {
      "RequestUri": "/subscriptions/0296790d-427c-48ca-b204-8b729bbd8670/providers/Microsoft.Compute/locations/eastus2euap/CsOperations/d40b2056-8b43-4ce7-ab34-09e96bef67d3?api-version=2020-10-01-preview",
      "EncodedRequestUri": "L3N1YnNjcmlwdGlvbnMvMDI5Njc5MGQtNDI3Yy00OGNhLWIyMDQtOGI3MjliYmQ4NjcwL3Byb3ZpZGVycy9NaWNyb3NvZnQuQ29tcHV0ZS9sb2NhdGlvbnMvZWFzdHVzMmV1YXAvQ3NPcGVyYXRpb25zL2Q0MGIyMDU2LThiNDMtNGNlNy1hYjM0LTA5ZTk2YmVmNjdkMz9hcGktdmVyc2lvbj0yMDIwLTEwLTAxLXByZXZpZXc=",
      "RequestMethod": "GET",
      "RequestBody": "",
      "RequestHeaders": {
        "User-Agent": [
          "FxVersion/4.6.29321.03",
          "OSName/Windows",
          "OSVersion/Microsoft.Windows.10.0.19042.",
          "Microsoft.Azure.Management.Compute.ComputeManagementClient/42.0.0.0"
        ]
      },
      "ResponseHeaders": {
        "Cache-Control": [
          "no-cache"
        ],
        "Pragma": [
          "no-cache"
        ],
        "Strict-Transport-Security": [
          "max-age=31536000; includeSubDomains"
        ],
        "x-ms-served-by": [
          "d0ba83bc-edc5-4e6f-9f44-ffdf483a2aae_132510055604810811"
        ],
        "x-ms-request-id": [
          "03212ae2-50fc-4587-ba79-56b83411d61d"
        ],
        "x-ms-ratelimit-remaining-subscription-reads": [
          "11987"
        ],
        "Server": [
          "Microsoft-HTTPAPI/2.0",
          "Microsoft-HTTPAPI/2.0"
        ],
        "x-ms-correlation-request-id": [
          "9684f168-6e84-40ad-b14e-d9857a643fd7"
        ],
        "x-ms-routing-request-id": [
          "WESTINDIA:20201130T111102Z:9684f168-6e84-40ad-b14e-d9857a643fd7"
        ],
        "X-Content-Type-Options": [
          "nosniff"
        ],
        "Date": [
          "Mon, 30 Nov 2020 11:11:02 GMT"
        ],
        "Content-Length": [
          "134"
        ],
        "Content-Type": [
          "application/json; charset=utf-8"
        ],
        "Expires": [
          "-1"
        ]
      },
      "ResponseBody": "{\r\n  \"startTime\": \"2020-11-30T16:35:57.1320616+05:30\",\r\n  \"status\": \"InProgress\",\r\n  \"name\": \"d40b2056-8b43-4ce7-ab34-09e96bef67d3\"\r\n}",
      "StatusCode": 200
    },
    {
      "RequestUri": "/subscriptions/0296790d-427c-48ca-b204-8b729bbd8670/providers/Microsoft.Compute/locations/eastus2euap/CsOperations/d40b2056-8b43-4ce7-ab34-09e96bef67d3?api-version=2020-10-01-preview",
      "EncodedRequestUri": "L3N1YnNjcmlwdGlvbnMvMDI5Njc5MGQtNDI3Yy00OGNhLWIyMDQtOGI3MjliYmQ4NjcwL3Byb3ZpZGVycy9NaWNyb3NvZnQuQ29tcHV0ZS9sb2NhdGlvbnMvZWFzdHVzMmV1YXAvQ3NPcGVyYXRpb25zL2Q0MGIyMDU2LThiNDMtNGNlNy1hYjM0LTA5ZTk2YmVmNjdkMz9hcGktdmVyc2lvbj0yMDIwLTEwLTAxLXByZXZpZXc=",
      "RequestMethod": "GET",
      "RequestBody": "",
      "RequestHeaders": {
        "User-Agent": [
          "FxVersion/4.6.29321.03",
          "OSName/Windows",
          "OSVersion/Microsoft.Windows.10.0.19042.",
          "Microsoft.Azure.Management.Compute.ComputeManagementClient/42.0.0.0"
        ]
      },
      "ResponseHeaders": {
        "Cache-Control": [
          "no-cache"
        ],
        "Pragma": [
          "no-cache"
        ],
        "Strict-Transport-Security": [
          "max-age=31536000; includeSubDomains"
        ],
        "x-ms-served-by": [
          "d0ba83bc-edc5-4e6f-9f44-ffdf483a2aae_132510055604810811"
        ],
        "x-ms-request-id": [
          "0415e392-9cae-4c84-8734-32fe20e34a13"
        ],
        "Server": [
          "Microsoft-HTTPAPI/2.0",
          "Microsoft-HTTPAPI/2.0"
        ],
        "x-ms-ratelimit-remaining-subscription-reads": [
          "11986"
        ],
        "x-ms-correlation-request-id": [
          "2757cdbe-75c0-489c-949a-716d9e221f69"
        ],
        "x-ms-routing-request-id": [
          "WESTINDIA:20201130T111133Z:2757cdbe-75c0-489c-949a-716d9e221f69"
        ],
        "X-Content-Type-Options": [
          "nosniff"
        ],
        "Date": [
          "Mon, 30 Nov 2020 11:11:33 GMT"
        ],
        "Content-Length": [
          "134"
        ],
        "Content-Type": [
          "application/json; charset=utf-8"
        ],
        "Expires": [
          "-1"
        ]
      },
      "ResponseBody": "{\r\n  \"startTime\": \"2020-11-30T16:35:57.1320616+05:30\",\r\n  \"status\": \"InProgress\",\r\n  \"name\": \"d40b2056-8b43-4ce7-ab34-09e96bef67d3\"\r\n}",
      "StatusCode": 200
    },
    {
      "RequestUri": "/subscriptions/0296790d-427c-48ca-b204-8b729bbd8670/providers/Microsoft.Compute/locations/eastus2euap/CsOperations/d40b2056-8b43-4ce7-ab34-09e96bef67d3?api-version=2020-10-01-preview",
      "EncodedRequestUri": "L3N1YnNjcmlwdGlvbnMvMDI5Njc5MGQtNDI3Yy00OGNhLWIyMDQtOGI3MjliYmQ4NjcwL3Byb3ZpZGVycy9NaWNyb3NvZnQuQ29tcHV0ZS9sb2NhdGlvbnMvZWFzdHVzMmV1YXAvQ3NPcGVyYXRpb25zL2Q0MGIyMDU2LThiNDMtNGNlNy1hYjM0LTA5ZTk2YmVmNjdkMz9hcGktdmVyc2lvbj0yMDIwLTEwLTAxLXByZXZpZXc=",
      "RequestMethod": "GET",
      "RequestBody": "",
      "RequestHeaders": {
        "User-Agent": [
          "FxVersion/4.6.29321.03",
          "OSName/Windows",
          "OSVersion/Microsoft.Windows.10.0.19042.",
          "Microsoft.Azure.Management.Compute.ComputeManagementClient/42.0.0.0"
        ]
      },
      "ResponseHeaders": {
        "Cache-Control": [
          "no-cache"
        ],
        "Pragma": [
          "no-cache"
        ],
        "Strict-Transport-Security": [
          "max-age=31536000; includeSubDomains"
        ],
        "x-ms-served-by": [
          "d0ba83bc-edc5-4e6f-9f44-ffdf483a2aae_132510055604810811"
        ],
        "x-ms-request-id": [
          "a62930be-9d98-47c4-9a9b-737f315025f7"
        ],
        "Server": [
          "Microsoft-HTTPAPI/2.0",
          "Microsoft-HTTPAPI/2.0"
        ],
        "x-ms-ratelimit-remaining-subscription-reads": [
          "11985"
        ],
        "x-ms-correlation-request-id": [
          "d4ed5490-d6df-4a36-981f-db946e59e5e2"
        ],
        "x-ms-routing-request-id": [
          "WESTINDIA:20201130T111204Z:d4ed5490-d6df-4a36-981f-db946e59e5e2"
        ],
        "X-Content-Type-Options": [
          "nosniff"
        ],
        "Date": [
          "Mon, 30 Nov 2020 11:12:03 GMT"
        ],
        "Content-Length": [
          "134"
        ],
        "Content-Type": [
          "application/json; charset=utf-8"
        ],
        "Expires": [
          "-1"
        ]
      },
      "ResponseBody": "{\r\n  \"startTime\": \"2020-11-30T16:35:57.1320616+05:30\",\r\n  \"status\": \"InProgress\",\r\n  \"name\": \"d40b2056-8b43-4ce7-ab34-09e96bef67d3\"\r\n}",
      "StatusCode": 200
    },
    {
      "RequestUri": "/subscriptions/0296790d-427c-48ca-b204-8b729bbd8670/providers/Microsoft.Compute/locations/eastus2euap/CsOperations/d40b2056-8b43-4ce7-ab34-09e96bef67d3?api-version=2020-10-01-preview",
      "EncodedRequestUri": "L3N1YnNjcmlwdGlvbnMvMDI5Njc5MGQtNDI3Yy00OGNhLWIyMDQtOGI3MjliYmQ4NjcwL3Byb3ZpZGVycy9NaWNyb3NvZnQuQ29tcHV0ZS9sb2NhdGlvbnMvZWFzdHVzMmV1YXAvQ3NPcGVyYXRpb25zL2Q0MGIyMDU2LThiNDMtNGNlNy1hYjM0LTA5ZTk2YmVmNjdkMz9hcGktdmVyc2lvbj0yMDIwLTEwLTAxLXByZXZpZXc=",
      "RequestMethod": "GET",
      "RequestBody": "",
      "RequestHeaders": {
        "User-Agent": [
          "FxVersion/4.6.29321.03",
          "OSName/Windows",
          "OSVersion/Microsoft.Windows.10.0.19042.",
          "Microsoft.Azure.Management.Compute.ComputeManagementClient/42.0.0.0"
        ]
      },
      "ResponseHeaders": {
        "Cache-Control": [
          "no-cache"
        ],
        "Pragma": [
          "no-cache"
        ],
        "Strict-Transport-Security": [
          "max-age=31536000; includeSubDomains"
        ],
        "x-ms-served-by": [
          "d0ba83bc-edc5-4e6f-9f44-ffdf483a2aae_132510055604810811"
        ],
        "x-ms-request-id": [
          "55f94627-fccd-45ab-b1fd-3bfccb63ff16"
        ],
        "Server": [
          "Microsoft-HTTPAPI/2.0",
          "Microsoft-HTTPAPI/2.0"
        ],
        "x-ms-ratelimit-remaining-subscription-reads": [
          "11984"
        ],
        "x-ms-correlation-request-id": [
          "d1c6e3de-5ec9-444c-bec4-0519b38aed9c"
        ],
        "x-ms-routing-request-id": [
          "WESTINDIA:20201130T111234Z:d1c6e3de-5ec9-444c-bec4-0519b38aed9c"
        ],
        "X-Content-Type-Options": [
          "nosniff"
        ],
        "Date": [
          "Mon, 30 Nov 2020 11:12:33 GMT"
        ],
        "Content-Length": [
          "184"
        ],
        "Content-Type": [
          "application/json; charset=utf-8"
        ],
        "Expires": [
          "-1"
        ]
      },
      "ResponseBody": "{\r\n  \"startTime\": \"2020-11-30T16:35:57.1320616+05:30\",\r\n  \"endTime\": \"2020-11-30T16:42:20.4826422+05:30\",\r\n  \"status\": \"Succeeded\",\r\n  \"name\": \"d40b2056-8b43-4ce7-ab34-09e96bef67d3\"\r\n}",
      "StatusCode": 200
    },
    {
      "RequestUri": "/subscriptions/0296790d-427c-48ca-b204-8b729bbd8670/resourceGroups/crptestar7111/providers/Microsoft.Compute/cloudServices/cs6953?api-version=2020-10-01-preview",
      "EncodedRequestUri": "L3N1YnNjcmlwdGlvbnMvMDI5Njc5MGQtNDI3Yy00OGNhLWIyMDQtOGI3MjliYmQ4NjcwL3Jlc291cmNlR3JvdXBzL2NycHRlc3RhcjcxMTEvcHJvdmlkZXJzL01pY3Jvc29mdC5Db21wdXRlL2Nsb3VkU2VydmljZXMvY3M2OTUzP2FwaS12ZXJzaW9uPTIwMjAtMTAtMDEtcHJldmlldw==",
      "RequestMethod": "GET",
      "RequestBody": "",
      "RequestHeaders": {
        "User-Agent": [
          "FxVersion/4.6.29321.03",
          "OSName/Windows",
          "OSVersion/Microsoft.Windows.10.0.19042.",
          "Microsoft.Azure.Management.Compute.ComputeManagementClient/42.0.0.0"
        ]
      },
      "ResponseHeaders": {
        "Cache-Control": [
          "no-cache"
        ],
        "Pragma": [
          "no-cache"
        ],
        "Strict-Transport-Security": [
          "max-age=31536000; includeSubDomains"
        ],
        "x-ms-request-id": [
          "9b5ab0a5-9f0f-4d47-9ce7-77a7456c57be"
        ],
        "Server": [
          "Microsoft-HTTPAPI/2.0,Microsoft-HTTPAPI/2.0 Microsoft-HTTPAPI/2.0 Microsoft-HTTPAPI/2.0"
        ],
        "x-ms-ratelimit-remaining-subscription-reads": [
          "11983"
        ],
        "x-ms-correlation-request-id": [
          "b5c5eecf-42fd-4e8f-a583-5cfb5af1a97a"
        ],
        "x-ms-routing-request-id": [
          "WESTINDIA:20201130T111234Z:b5c5eecf-42fd-4e8f-a583-5cfb5af1a97a"
        ],
        "X-Content-Type-Options": [
          "nosniff"
        ],
        "Date": [
          "Mon, 30 Nov 2020 11:12:33 GMT"
        ],
        "Content-Length": [
          "3253"
        ],
        "Content-Type": [
          "application/json; charset=utf-8"
        ],
        "Expires": [
          "-1"
        ]
      },
      "ResponseBody": "{\r\n  \"name\": \"cs6953\",\r\n  \"id\": \"/subscriptions/0296790d-427c-48ca-b204-8b729bbd8670/resourceGroups/CRPTESTAR7111/providers/Microsoft.Compute/cloudServices/cs6953\",\r\n  \"type\": \"Microsoft.Compute/cloudServices\",\r\n  \"location\": \"eastus2euap\",\r\n  \"properties\": {\r\n    \"configuration\": \"<?xml version=\\\"1.0\\\" encoding=\\\"utf-16\\\"?>\\r\\n<ServiceConfiguration xmlns:xsi=\\\"http://www.w3.org/2001/XMLSchema-instance\\\" xmlns:xsd=\\\"http://www.w3.org/2001/XMLSchema\\\" serviceName=\\\"TestCloudServiceMultiRole\\\" osFamily=\\\"5\\\" osVersion=\\\"*\\\" schemaVersion=\\\"2015-04.2.6\\\" xmlns=\\\"http://schemas.microsoft.com/ServiceHosting/2008/10/ServiceConfiguration\\\">\\r\\n  <Role name=\\\"WorkerRole1\\\">\\r\\n    <Instances count=\\\"1\\\" />\\r\\n    <ConfigurationSettings>\\r\\n      <Setting name=\\\"Microsoft.WindowsAzure.Plugins.Diagnostics.ConnectionString\\\" value=\\\"UseDevelopmentStorage=true\\\" />\\r\\n    </ConfigurationSettings>\\r\\n  </Role>\\r\\n  <Role name=\\\"WorkerRole2\\\">\\r\\n    <Instances count=\\\"1\\\" />\\r\\n    <ConfigurationSettings>\\r\\n      <Setting name=\\\"Microsoft.WindowsAzure.Plugins.Diagnostics.ConnectionString\\\" value=\\\"UseDevelopmentStorage=true\\\" />\\r\\n    </ConfigurationSettings>\\r\\n  </Role>\\r\\n  <Role name=\\\"WebRole1\\\">\\r\\n    <Instances count=\\\"2\\\" />\\r\\n    <ConfigurationSettings>\\r\\n      <Setting name=\\\"Microsoft.WindowsAzure.Plugins.Diagnostics.ConnectionString\\\" value=\\\"UseDevelopmentStorage=true\\\" />\\r\\n    </ConfigurationSettings>\\r\\n  </Role>\\r\\n  <NetworkConfiguration>\\r\\n    <VirtualNetworkSite name=\\\"csvnet2556\\\" />\\r\\n    <AddressAssignments>\\r\\n      <InstanceAddress roleName=\\\"WorkerRole1\\\">\\r\\n        <Subnets>\\r\\n          <Subnet name=\\\"subnet9464\\\" />\\r\\n        </Subnets>\\r\\n      </InstanceAddress>\\r\\n      <InstanceAddress roleName=\\\"WorkerRole2\\\">\\r\\n        <Subnets>\\r\\n          <Subnet name=\\\"subnet9464\\\" />\\r\\n        </Subnets>\\r\\n      </InstanceAddress>\\r\\n      <InstanceAddress roleName=\\\"WebRole1\\\">\\r\\n        <Subnets>\\r\\n          <Subnet name=\\\"subnet9464\\\" />\\r\\n        </Subnets>\\r\\n      </InstanceAddress>\\r\\n    </AddressAssignments>\\r\\n  </NetworkConfiguration>\\r\\n</ServiceConfiguration>\",\r\n    \"upgradeMode\": \"Auto\",\r\n    \"roleProfile\": {\r\n      \"roles\": [\r\n        {\r\n          \"name\": \"WebRole1\",\r\n          \"sku\": {\r\n            \"name\": \"Standard_A2_v2\",\r\n            \"tier\": \"Standard\",\r\n            \"capacity\": 2\r\n          }\r\n        },\r\n        {\r\n          \"name\": \"WorkerRole1\",\r\n          \"sku\": {\r\n            \"name\": \"Standard_D2_v2\",\r\n            \"tier\": \"Standard\",\r\n            \"capacity\": 1\r\n          }\r\n        },\r\n        {\r\n          \"name\": \"WorkerRole2\",\r\n          \"sku\": {\r\n            \"name\": \"Standard_D1_v2\",\r\n            \"tier\": \"Standard\",\r\n            \"capacity\": 1\r\n          }\r\n        }\r\n      ]\r\n    },\r\n    \"osProfile\": {\r\n      \"secrets\": []\r\n    },\r\n    \"networkProfile\": {\r\n      \"loadBalancerConfigurations\": [\r\n        {\r\n          \"name\": \"lb2185\",\r\n          \"properties\": {\r\n            \"frontendIpConfigurations\": [\r\n              {\r\n                \"name\": \"lbfe765\",\r\n                \"properties\": {\r\n                  \"publicIPAddress\": {\r\n                    \"id\": \"/subscriptions/0296790d-427c-48ca-b204-8b729bbd8670/resourceGroups/crptestar7111/providers/Microsoft.Network/publicIPAddresses/cspip1227\"\r\n                  }\r\n                }\r\n              }\r\n            ]\r\n          }\r\n        }\r\n      ]\r\n    },\r\n    \"provisioningState\": \"Succeeded\",\r\n    \"uniqueId\": \"8d7f8a6d-d6ed-4acb-abed-d6e0f3a2ea22\"\r\n  }\r\n}",
      "StatusCode": 200
    },
    {
      "RequestUri": "/subscriptions/0296790d-427c-48ca-b204-8b729bbd8670/resourceGroups/crptestar7111/providers/Microsoft.Compute/cloudServices/cs6953?api-version=2020-10-01-preview",
      "EncodedRequestUri": "L3N1YnNjcmlwdGlvbnMvMDI5Njc5MGQtNDI3Yy00OGNhLWIyMDQtOGI3MjliYmQ4NjcwL3Jlc291cmNlR3JvdXBzL2NycHRlc3RhcjcxMTEvcHJvdmlkZXJzL01pY3Jvc29mdC5Db21wdXRlL2Nsb3VkU2VydmljZXMvY3M2OTUzP2FwaS12ZXJzaW9uPTIwMjAtMTAtMDEtcHJldmlldw==",
      "RequestMethod": "GET",
      "RequestBody": "",
      "RequestHeaders": {
        "x-ms-client-request-id": [
          "d9325081-f772-413d-9971-2932306e8929"
        ],
        "Accept-Language": [
          "en-US"
        ],
        "User-Agent": [
          "FxVersion/4.6.29321.03",
          "OSName/Windows",
          "OSVersion/Microsoft.Windows.10.0.19042.",
          "Microsoft.Azure.Management.Compute.ComputeManagementClient/42.0.0.0"
        ]
      },
      "ResponseHeaders": {
        "Cache-Control": [
          "no-cache"
        ],
        "Pragma": [
          "no-cache"
        ],
        "Strict-Transport-Security": [
          "max-age=31536000; includeSubDomains"
        ],
        "x-ms-request-id": [
          "b29b0acc-bbf8-4e8b-9860-c69475e8925f"
        ],
        "Server": [
          "Microsoft-HTTPAPI/2.0,Microsoft-HTTPAPI/2.0 Microsoft-HTTPAPI/2.0 Microsoft-HTTPAPI/2.0"
        ],
        "x-ms-ratelimit-remaining-subscription-reads": [
          "11982"
        ],
        "x-ms-correlation-request-id": [
          "5228603a-6a6e-4d64-a572-438f633672f5"
        ],
        "x-ms-routing-request-id": [
          "WESTINDIA:20201130T111234Z:5228603a-6a6e-4d64-a572-438f633672f5"
        ],
        "X-Content-Type-Options": [
          "nosniff"
        ],
        "Date": [
          "Mon, 30 Nov 2020 11:12:34 GMT"
        ],
        "Content-Length": [
          "3253"
        ],
        "Content-Type": [
          "application/json; charset=utf-8"
        ],
        "Expires": [
          "-1"
        ]
      },
      "ResponseBody": "{\r\n  \"name\": \"cs6953\",\r\n  \"id\": \"/subscriptions/0296790d-427c-48ca-b204-8b729bbd8670/resourceGroups/CRPTESTAR7111/providers/Microsoft.Compute/cloudServices/cs6953\",\r\n  \"type\": \"Microsoft.Compute/cloudServices\",\r\n  \"location\": \"eastus2euap\",\r\n  \"properties\": {\r\n    \"configuration\": \"<?xml version=\\\"1.0\\\" encoding=\\\"utf-16\\\"?>\\r\\n<ServiceConfiguration xmlns:xsi=\\\"http://www.w3.org/2001/XMLSchema-instance\\\" xmlns:xsd=\\\"http://www.w3.org/2001/XMLSchema\\\" serviceName=\\\"TestCloudServiceMultiRole\\\" osFamily=\\\"5\\\" osVersion=\\\"*\\\" schemaVersion=\\\"2015-04.2.6\\\" xmlns=\\\"http://schemas.microsoft.com/ServiceHosting/2008/10/ServiceConfiguration\\\">\\r\\n  <Role name=\\\"WorkerRole1\\\">\\r\\n    <Instances count=\\\"1\\\" />\\r\\n    <ConfigurationSettings>\\r\\n      <Setting name=\\\"Microsoft.WindowsAzure.Plugins.Diagnostics.ConnectionString\\\" value=\\\"UseDevelopmentStorage=true\\\" />\\r\\n    </ConfigurationSettings>\\r\\n  </Role>\\r\\n  <Role name=\\\"WorkerRole2\\\">\\r\\n    <Instances count=\\\"1\\\" />\\r\\n    <ConfigurationSettings>\\r\\n      <Setting name=\\\"Microsoft.WindowsAzure.Plugins.Diagnostics.ConnectionString\\\" value=\\\"UseDevelopmentStorage=true\\\" />\\r\\n    </ConfigurationSettings>\\r\\n  </Role>\\r\\n  <Role name=\\\"WebRole1\\\">\\r\\n    <Instances count=\\\"2\\\" />\\r\\n    <ConfigurationSettings>\\r\\n      <Setting name=\\\"Microsoft.WindowsAzure.Plugins.Diagnostics.ConnectionString\\\" value=\\\"UseDevelopmentStorage=true\\\" />\\r\\n    </ConfigurationSettings>\\r\\n  </Role>\\r\\n  <NetworkConfiguration>\\r\\n    <VirtualNetworkSite name=\\\"csvnet2556\\\" />\\r\\n    <AddressAssignments>\\r\\n      <InstanceAddress roleName=\\\"WorkerRole1\\\">\\r\\n        <Subnets>\\r\\n          <Subnet name=\\\"subnet9464\\\" />\\r\\n        </Subnets>\\r\\n      </InstanceAddress>\\r\\n      <InstanceAddress roleName=\\\"WorkerRole2\\\">\\r\\n        <Subnets>\\r\\n          <Subnet name=\\\"subnet9464\\\" />\\r\\n        </Subnets>\\r\\n      </InstanceAddress>\\r\\n      <InstanceAddress roleName=\\\"WebRole1\\\">\\r\\n        <Subnets>\\r\\n          <Subnet name=\\\"subnet9464\\\" />\\r\\n        </Subnets>\\r\\n      </InstanceAddress>\\r\\n    </AddressAssignments>\\r\\n  </NetworkConfiguration>\\r\\n</ServiceConfiguration>\",\r\n    \"upgradeMode\": \"Auto\",\r\n    \"roleProfile\": {\r\n      \"roles\": [\r\n        {\r\n          \"name\": \"WebRole1\",\r\n          \"sku\": {\r\n            \"name\": \"Standard_A2_v2\",\r\n            \"tier\": \"Standard\",\r\n            \"capacity\": 2\r\n          }\r\n        },\r\n        {\r\n          \"name\": \"WorkerRole1\",\r\n          \"sku\": {\r\n            \"name\": \"Standard_D2_v2\",\r\n            \"tier\": \"Standard\",\r\n            \"capacity\": 1\r\n          }\r\n        },\r\n        {\r\n          \"name\": \"WorkerRole2\",\r\n          \"sku\": {\r\n            \"name\": \"Standard_D1_v2\",\r\n            \"tier\": \"Standard\",\r\n            \"capacity\": 1\r\n          }\r\n        }\r\n      ]\r\n    },\r\n    \"osProfile\": {\r\n      \"secrets\": []\r\n    },\r\n    \"networkProfile\": {\r\n      \"loadBalancerConfigurations\": [\r\n        {\r\n          \"name\": \"lb2185\",\r\n          \"properties\": {\r\n            \"frontendIpConfigurations\": [\r\n              {\r\n                \"name\": \"lbfe765\",\r\n                \"properties\": {\r\n                  \"publicIPAddress\": {\r\n                    \"id\": \"/subscriptions/0296790d-427c-48ca-b204-8b729bbd8670/resourceGroups/crptestar7111/providers/Microsoft.Network/publicIPAddresses/cspip1227\"\r\n                  }\r\n                }\r\n              }\r\n            ]\r\n          }\r\n        }\r\n      ]\r\n    },\r\n    \"provisioningState\": \"Succeeded\",\r\n    \"uniqueId\": \"8d7f8a6d-d6ed-4acb-abed-d6e0f3a2ea22\"\r\n  }\r\n}",
      "StatusCode": 200
    },
    {
      "RequestUri": "/subscriptions/0296790d-427c-48ca-b204-8b729bbd8670/resourceGroups/crptestar7111/providers/Microsoft.Compute/cloudServices/cs6953?api-version=2020-10-01-preview",
      "EncodedRequestUri": "L3N1YnNjcmlwdGlvbnMvMDI5Njc5MGQtNDI3Yy00OGNhLWIyMDQtOGI3MjliYmQ4NjcwL3Jlc291cmNlR3JvdXBzL2NycHRlc3RhcjcxMTEvcHJvdmlkZXJzL01pY3Jvc29mdC5Db21wdXRlL2Nsb3VkU2VydmljZXMvY3M2OTUzP2FwaS12ZXJzaW9uPTIwMjAtMTAtMDEtcHJldmlldw==",
      "RequestMethod": "GET",
      "RequestBody": "",
      "RequestHeaders": {
        "User-Agent": [
          "FxVersion/4.6.29321.03",
          "OSName/Windows",
          "OSVersion/Microsoft.Windows.10.0.19042.",
          "Microsoft.Azure.Management.Compute.ComputeManagementClient/42.0.0.0"
        ]
      },
      "ResponseHeaders": {
        "Cache-Control": [
          "no-cache"
        ],
        "Pragma": [
          "no-cache"
        ],
        "Strict-Transport-Security": [
          "max-age=31536000; includeSubDomains"
        ],
        "x-ms-request-id": [
          "eeccb425-651d-496f-a851-516ec4a25ca6"
        ],
        "Server": [
          "Microsoft-HTTPAPI/2.0,Microsoft-HTTPAPI/2.0 Microsoft-HTTPAPI/2.0 Microsoft-HTTPAPI/2.0"
        ],
        "x-ms-ratelimit-remaining-subscription-reads": [
          "11964"
        ],
        "x-ms-correlation-request-id": [
          "02d52c8d-0fc4-4617-a717-6f8a6dd5030f"
        ],
        "x-ms-routing-request-id": [
          "WESTINDIA:20201130T112204Z:02d52c8d-0fc4-4617-a717-6f8a6dd5030f"
        ],
        "X-Content-Type-Options": [
          "nosniff"
        ],
        "Date": [
          "Mon, 30 Nov 2020 11:22:03 GMT"
        ],
        "Content-Length": [
          "3223"
        ],
        "Content-Type": [
          "application/json; charset=utf-8"
        ],
        "Expires": [
          "-1"
        ]
      },
      "ResponseBody": "{\r\n  \"name\": \"cs6953\",\r\n  \"id\": \"/subscriptions/0296790d-427c-48ca-b204-8b729bbd8670/resourceGroups/CRPTESTAR7111/providers/Microsoft.Compute/cloudServices/cs6953\",\r\n  \"type\": \"Microsoft.Compute/cloudServices\",\r\n  \"location\": \"eastus2euap\",\r\n  \"properties\": {\r\n    \"configuration\": \"<?xml version=\\\"1.0\\\" encoding=\\\"utf-16\\\"?>\\r\\n<ServiceConfiguration xmlns:xsi=\\\"http://www.w3.org/2001/XMLSchema-instance\\\" xmlns:xsd=\\\"http://www.w3.org/2001/XMLSchema\\\" serviceName=\\\"TestCloudServiceMultiRole\\\" osFamily=\\\"5\\\" osVersion=\\\"*\\\" schemaVersion=\\\"2015-04.2.6\\\" xmlns=\\\"http://schemas.microsoft.com/ServiceHosting/2008/10/ServiceConfiguration\\\">\\r\\n  <Role name=\\\"WorkerRole2\\\">\\r\\n    <Instances count=\\\"1\\\" />\\r\\n    <ConfigurationSettings>\\r\\n      <Setting name=\\\"Microsoft.WindowsAzure.Plugins.Diagnostics.ConnectionString\\\" value=\\\"UseDevelopmentStorage=true\\\" />\\r\\n    </ConfigurationSettings>\\r\\n  </Role>\\r\\n  <Role name=\\\"WebRole1\\\">\\r\\n    <Instances count=\\\"1\\\" />\\r\\n    <ConfigurationSettings>\\r\\n      <Setting name=\\\"Microsoft.WindowsAzure.Plugins.Diagnostics.ConnectionString\\\" value=\\\"UseDevelopmentStorage=true\\\" />\\r\\n    </ConfigurationSettings>\\r\\n  </Role>\\r\\n  <NetworkConfiguration>\\r\\n    <VirtualNetworkSite name=\\\"csvnet2556\\\" />\\r\\n    <AddressAssignments>\\r\\n      <InstanceAddress roleName=\\\"WorkerRole2\\\">\\r\\n        <Subnets>\\r\\n          <Subnet name=\\\"subnet9464\\\" />\\r\\n        </Subnets>\\r\\n      </InstanceAddress>\\r\\n      <InstanceAddress roleName=\\\"WebRole1\\\">\\r\\n        <Subnets>\\r\\n          <Subnet name=\\\"subnet9464\\\" />\\r\\n        </Subnets>\\r\\n      </InstanceAddress>\\r\\n    </AddressAssignments>\\r\\n  </NetworkConfiguration>\\r\\n</ServiceConfiguration>\",\r\n    \"upgradeMode\": \"Auto\",\r\n    \"roleProfile\": {\r\n      \"roles\": [\r\n        {\r\n          \"name\": \"WebRole1\",\r\n          \"sku\": {\r\n            \"name\": \"Standard_A2_v2\",\r\n            \"tier\": \"Standard\",\r\n            \"capacity\": 1\r\n          }\r\n        },\r\n        {\r\n          \"name\": \"WorkerRole2\",\r\n          \"sku\": {\r\n            \"name\": \"Standard_D2_v2\",\r\n            \"tier\": \"Standard\",\r\n            \"capacity\": 1\r\n          }\r\n        }\r\n      ]\r\n    },\r\n    \"osProfile\": {\r\n      \"secrets\": []\r\n    },\r\n    \"networkProfile\": {\r\n      \"loadBalancerConfigurations\": [\r\n        {\r\n          \"name\": \"lb2185\",\r\n          \"properties\": {\r\n            \"frontendIpConfigurations\": [\r\n              {\r\n                \"name\": \"lbfe765\",\r\n                \"properties\": {\r\n                  \"publicIPAddress\": {\r\n                    \"id\": \"/subscriptions/0296790d-427c-48ca-b204-8b729bbd8670/resourceGroups/crptestar7111/providers/Microsoft.Network/publicIPAddresses/cspip1227\"\r\n                  }\r\n                }\r\n              }\r\n            ]\r\n          }\r\n        }\r\n      ]\r\n    },\r\n    \"extensionProfile\": {\r\n      \"extensions\": [\r\n        {\r\n          \"name\": \"RDPExtension\",\r\n          \"properties\": {\r\n            \"autoUpgradeMinorVersion\": true,\r\n            \"provisioningState\": \"Succeeded\",\r\n            \"rolesAppliedTo\": [\r\n              \"*\"\r\n            ],\r\n            \"publisher\": \"Microsoft.Windows.Azure.Extensions\",\r\n            \"type\": \"RDP\",\r\n            \"typeHandlerVersion\": \"1.2.1\",\r\n            \"settings\": \"<PublicConfig><UserName>adminRdpTest</UserName><Expiration>2021-10-27T23:59:59</Expiration></PublicConfig>\"\r\n          }\r\n        }\r\n      ]\r\n    },\r\n    \"provisioningState\": \"Succeeded\",\r\n    \"uniqueId\": \"8d7f8a6d-d6ed-4acb-abed-d6e0f3a2ea22\"\r\n  }\r\n}",
      "StatusCode": 200
    },
    {
      "RequestUri": "/subscriptions/0296790d-427c-48ca-b204-8b729bbd8670/resourceGroups/crptestar7111/providers/Microsoft.Compute/cloudServices/cs6953?api-version=2020-10-01-preview",
      "EncodedRequestUri": "L3N1YnNjcmlwdGlvbnMvMDI5Njc5MGQtNDI3Yy00OGNhLWIyMDQtOGI3MjliYmQ4NjcwL3Jlc291cmNlR3JvdXBzL2NycHRlc3RhcjcxMTEvcHJvdmlkZXJzL01pY3Jvc29mdC5Db21wdXRlL2Nsb3VkU2VydmljZXMvY3M2OTUzP2FwaS12ZXJzaW9uPTIwMjAtMTAtMDEtcHJldmlldw==",
      "RequestMethod": "GET",
      "RequestBody": "",
      "RequestHeaders": {
        "x-ms-client-request-id": [
          "4d51b1f7-4b9b-4da3-bc86-830f3284cfaf"
        ],
        "Accept-Language": [
          "en-US"
        ],
        "User-Agent": [
          "FxVersion/4.6.29321.03",
          "OSName/Windows",
          "OSVersion/Microsoft.Windows.10.0.19042.",
          "Microsoft.Azure.Management.Compute.ComputeManagementClient/42.0.0.0"
        ]
      },
      "ResponseHeaders": {
        "Cache-Control": [
          "no-cache"
        ],
        "Pragma": [
          "no-cache"
        ],
        "Strict-Transport-Security": [
          "max-age=31536000; includeSubDomains"
        ],
        "x-ms-request-id": [
          "bbbcec55-a53e-43ae-8fcb-381bec7e4d32"
        ],
        "Server": [
          "Microsoft-HTTPAPI/2.0,Microsoft-HTTPAPI/2.0 Microsoft-HTTPAPI/2.0 Microsoft-HTTPAPI/2.0"
        ],
        "x-ms-ratelimit-remaining-subscription-reads": [
          "11963"
        ],
        "x-ms-correlation-request-id": [
          "70f29123-1679-482f-9978-2207d9e40e62"
        ],
        "x-ms-routing-request-id": [
          "WESTINDIA:20201130T112205Z:70f29123-1679-482f-9978-2207d9e40e62"
        ],
        "X-Content-Type-Options": [
          "nosniff"
        ],
        "Date": [
          "Mon, 30 Nov 2020 11:22:05 GMT"
        ],
        "Content-Length": [
          "3223"
        ],
        "Content-Type": [
          "application/json; charset=utf-8"
        ],
        "Expires": [
          "-1"
        ]
      },
      "ResponseBody": "{\r\n  \"name\": \"cs6953\",\r\n  \"id\": \"/subscriptions/0296790d-427c-48ca-b204-8b729bbd8670/resourceGroups/CRPTESTAR7111/providers/Microsoft.Compute/cloudServices/cs6953\",\r\n  \"type\": \"Microsoft.Compute/cloudServices\",\r\n  \"location\": \"eastus2euap\",\r\n  \"properties\": {\r\n    \"configuration\": \"<?xml version=\\\"1.0\\\" encoding=\\\"utf-16\\\"?>\\r\\n<ServiceConfiguration xmlns:xsi=\\\"http://www.w3.org/2001/XMLSchema-instance\\\" xmlns:xsd=\\\"http://www.w3.org/2001/XMLSchema\\\" serviceName=\\\"TestCloudServiceMultiRole\\\" osFamily=\\\"5\\\" osVersion=\\\"*\\\" schemaVersion=\\\"2015-04.2.6\\\" xmlns=\\\"http://schemas.microsoft.com/ServiceHosting/2008/10/ServiceConfiguration\\\">\\r\\n  <Role name=\\\"WorkerRole2\\\">\\r\\n    <Instances count=\\\"1\\\" />\\r\\n    <ConfigurationSettings>\\r\\n      <Setting name=\\\"Microsoft.WindowsAzure.Plugins.Diagnostics.ConnectionString\\\" value=\\\"UseDevelopmentStorage=true\\\" />\\r\\n    </ConfigurationSettings>\\r\\n  </Role>\\r\\n  <Role name=\\\"WebRole1\\\">\\r\\n    <Instances count=\\\"1\\\" />\\r\\n    <ConfigurationSettings>\\r\\n      <Setting name=\\\"Microsoft.WindowsAzure.Plugins.Diagnostics.ConnectionString\\\" value=\\\"UseDevelopmentStorage=true\\\" />\\r\\n    </ConfigurationSettings>\\r\\n  </Role>\\r\\n  <NetworkConfiguration>\\r\\n    <VirtualNetworkSite name=\\\"csvnet2556\\\" />\\r\\n    <AddressAssignments>\\r\\n      <InstanceAddress roleName=\\\"WorkerRole2\\\">\\r\\n        <Subnets>\\r\\n          <Subnet name=\\\"subnet9464\\\" />\\r\\n        </Subnets>\\r\\n      </InstanceAddress>\\r\\n      <InstanceAddress roleName=\\\"WebRole1\\\">\\r\\n        <Subnets>\\r\\n          <Subnet name=\\\"subnet9464\\\" />\\r\\n        </Subnets>\\r\\n      </InstanceAddress>\\r\\n    </AddressAssignments>\\r\\n  </NetworkConfiguration>\\r\\n</ServiceConfiguration>\",\r\n    \"upgradeMode\": \"Auto\",\r\n    \"roleProfile\": {\r\n      \"roles\": [\r\n        {\r\n          \"name\": \"WebRole1\",\r\n          \"sku\": {\r\n            \"name\": \"Standard_A2_v2\",\r\n            \"tier\": \"Standard\",\r\n            \"capacity\": 1\r\n          }\r\n        },\r\n        {\r\n          \"name\": \"WorkerRole2\",\r\n          \"sku\": {\r\n            \"name\": \"Standard_D2_v2\",\r\n            \"tier\": \"Standard\",\r\n            \"capacity\": 1\r\n          }\r\n        }\r\n      ]\r\n    },\r\n    \"osProfile\": {\r\n      \"secrets\": []\r\n    },\r\n    \"networkProfile\": {\r\n      \"loadBalancerConfigurations\": [\r\n        {\r\n          \"name\": \"lb2185\",\r\n          \"properties\": {\r\n            \"frontendIpConfigurations\": [\r\n              {\r\n                \"name\": \"lbfe765\",\r\n                \"properties\": {\r\n                  \"publicIPAddress\": {\r\n                    \"id\": \"/subscriptions/0296790d-427c-48ca-b204-8b729bbd8670/resourceGroups/crptestar7111/providers/Microsoft.Network/publicIPAddresses/cspip1227\"\r\n                  }\r\n                }\r\n              }\r\n            ]\r\n          }\r\n        }\r\n      ]\r\n    },\r\n    \"extensionProfile\": {\r\n      \"extensions\": [\r\n        {\r\n          \"name\": \"RDPExtension\",\r\n          \"properties\": {\r\n            \"autoUpgradeMinorVersion\": true,\r\n            \"provisioningState\": \"Succeeded\",\r\n            \"rolesAppliedTo\": [\r\n              \"*\"\r\n            ],\r\n            \"publisher\": \"Microsoft.Windows.Azure.Extensions\",\r\n            \"type\": \"RDP\",\r\n            \"typeHandlerVersion\": \"1.2.1\",\r\n            \"settings\": \"<PublicConfig><UserName>adminRdpTest</UserName><Expiration>2021-10-27T23:59:59</Expiration></PublicConfig>\"\r\n          }\r\n        }\r\n      ]\r\n    },\r\n    \"provisioningState\": \"Succeeded\",\r\n    \"uniqueId\": \"8d7f8a6d-d6ed-4acb-abed-d6e0f3a2ea22\"\r\n  }\r\n}",
      "StatusCode": 200
    },
    {
      "RequestUri": "/subscriptions/0296790d-427c-48ca-b204-8b729bbd8670/resourceGroups/crptestar7111/providers/Microsoft.Storage/storageAccounts/saforcspkg4339?api-version=2015-06-15",
      "EncodedRequestUri": "L3N1YnNjcmlwdGlvbnMvMDI5Njc5MGQtNDI3Yy00OGNhLWIyMDQtOGI3MjliYmQ4NjcwL3Jlc291cmNlR3JvdXBzL2NycHRlc3RhcjcxMTEvcHJvdmlkZXJzL01pY3Jvc29mdC5TdG9yYWdlL3N0b3JhZ2VBY2NvdW50cy9zYWZvcmNzcGtnNDMzOT9hcGktdmVyc2lvbj0yMDE1LTA2LTE1",
      "RequestMethod": "PUT",
      "RequestBody": "{\r\n  \"location\": \"eastus2euap\",\r\n  \"properties\": {\r\n    \"accountType\": \"Standard_GRS\"\r\n  }\r\n}",
      "RequestHeaders": {
        "x-ms-client-request-id": [
          "28d58787-38de-4f21-b7c2-fd3b108df39f"
        ],
        "Accept-Language": [
          "en-US"
        ],
        "User-Agent": [
          "FxVersion/4.6.29321.03",
          "OSName/Windows",
          "OSVersion/Microsoft.Windows.10.0.19042.",
          "Microsoft.Azure.Management.Storage.StorageManagementClient/4.0.0.0"
        ],
        "Content-Type": [
          "application/json; charset=utf-8"
        ],
        "Content-Length": [
          "93"
        ]
      },
      "ResponseHeaders": {
        "Cache-Control": [
          "no-cache"
        ],
        "Pragma": [
          "no-cache"
        ],
        "Location": [
          "https://management.azure.com/subscriptions/0296790d-427c-48ca-b204-8b729bbd8670/providers/Microsoft.Storage/locations/eastus2euap/asyncoperations/179ffb1c-3f96-4eb0-bf8a-8396c80d0104?monitor=true&api-version=2015-06-15"
        ],
        "Retry-After": [
          "17"
        ],
        "x-ms-request-id": [
          "179ffb1c-3f96-4eb0-bf8a-8396c80d0104"
        ],
        "Strict-Transport-Security": [
          "max-age=31536000; includeSubDomains"
        ],
        "Server": [
          "Microsoft-Azure-Storage-Resource-Provider/1.0,Microsoft-HTTPAPI/2.0 Microsoft-HTTPAPI/2.0"
        ],
        "x-ms-ratelimit-remaining-subscription-writes": [
          "1198"
        ],
        "x-ms-correlation-request-id": [
          "304567db-faa1-4fad-8eb6-b8c6588d6bd2"
        ],
        "x-ms-routing-request-id": [
          "WESTINDIA:20201130T111242Z:304567db-faa1-4fad-8eb6-b8c6588d6bd2"
        ],
        "X-Content-Type-Options": [
          "nosniff"
        ],
        "Date": [
          "Mon, 30 Nov 2020 11:12:42 GMT"
        ],
        "Content-Type": [
          "text/plain; charset=utf-8"
        ],
        "Expires": [
          "-1"
        ],
        "Content-Length": [
          "0"
        ]
      },
      "ResponseBody": "",
      "StatusCode": 202
    },
    {
      "RequestUri": "/subscriptions/0296790d-427c-48ca-b204-8b729bbd8670/providers/Microsoft.Storage/locations/eastus2euap/asyncoperations/179ffb1c-3f96-4eb0-bf8a-8396c80d0104?monitor=true&api-version=2015-06-15",
      "EncodedRequestUri": "L3N1YnNjcmlwdGlvbnMvMDI5Njc5MGQtNDI3Yy00OGNhLWIyMDQtOGI3MjliYmQ4NjcwL3Byb3ZpZGVycy9NaWNyb3NvZnQuU3RvcmFnZS9sb2NhdGlvbnMvZWFzdHVzMmV1YXAvYXN5bmNvcGVyYXRpb25zLzE3OWZmYjFjLTNmOTYtNGViMC1iZjhhLTgzOTZjODBkMDEwND9tb25pdG9yPXRydWUmYXBpLXZlcnNpb249MjAxNS0wNi0xNQ==",
      "RequestMethod": "GET",
      "RequestBody": "",
      "RequestHeaders": {
        "User-Agent": [
          "FxVersion/4.6.29321.03",
          "OSName/Windows",
          "OSVersion/Microsoft.Windows.10.0.19042.",
          "Microsoft.Azure.Management.Storage.StorageManagementClient/4.0.0.0"
        ]
      },
      "ResponseHeaders": {
        "Cache-Control": [
          "no-cache"
        ],
        "Pragma": [
          "no-cache"
        ],
        "x-ms-request-id": [
          "03987544-76f3-484b-84a6-3a523c5a7313"
        ],
        "Strict-Transport-Security": [
          "max-age=31536000; includeSubDomains"
        ],
        "Server": [
          "Microsoft-Azure-Storage-Resource-Provider/1.0,Microsoft-HTTPAPI/2.0 Microsoft-HTTPAPI/2.0"
        ],
        "x-ms-ratelimit-remaining-subscription-reads": [
          "11996"
        ],
        "x-ms-correlation-request-id": [
          "01f83d90-c36d-4e3a-961b-e3ce00ab75d2"
        ],
        "x-ms-routing-request-id": [
          "WESTINDIA:20201130T111300Z:01f83d90-c36d-4e3a-961b-e3ce00ab75d2"
        ],
        "X-Content-Type-Options": [
          "nosniff"
        ],
        "Date": [
          "Mon, 30 Nov 2020 11:12:59 GMT"
        ],
        "Content-Length": [
          "93"
        ],
        "Content-Type": [
          "application/json"
        ],
        "Expires": [
          "-1"
        ]
      },
      "ResponseBody": "{\r\n  \"location\": \"eastus2euap\",\r\n  \"properties\": {\r\n    \"accountType\": \"Standard_GRS\"\r\n  }\r\n}",
      "StatusCode": 200
    },
    {
      "RequestUri": "/subscriptions/0296790d-427c-48ca-b204-8b729bbd8670/resourceGroups/crptestar7111/providers/Microsoft.Storage/storageAccounts/saforcspkg4339?api-version=2015-06-15",
      "EncodedRequestUri": "L3N1YnNjcmlwdGlvbnMvMDI5Njc5MGQtNDI3Yy00OGNhLWIyMDQtOGI3MjliYmQ4NjcwL3Jlc291cmNlR3JvdXBzL2NycHRlc3RhcjcxMTEvcHJvdmlkZXJzL01pY3Jvc29mdC5TdG9yYWdlL3N0b3JhZ2VBY2NvdW50cy9zYWZvcmNzcGtnNDMzOT9hcGktdmVyc2lvbj0yMDE1LTA2LTE1",
      "RequestMethod": "GET",
      "RequestBody": "",
      "RequestHeaders": {
        "x-ms-client-request-id": [
          "af7a3416-5326-4f0a-b688-32c0ee3aaf56"
        ],
        "Accept-Language": [
          "en-US"
        ],
        "User-Agent": [
          "FxVersion/4.6.29321.03",
          "OSName/Windows",
          "OSVersion/Microsoft.Windows.10.0.19042.",
          "Microsoft.Azure.Management.Storage.StorageManagementClient/4.0.0.0"
        ]
      },
      "ResponseHeaders": {
        "Cache-Control": [
          "no-cache"
        ],
        "Pragma": [
          "no-cache"
        ],
        "x-ms-request-id": [
          "ef8466aa-d3ad-4c40-8072-df6db871f1a9"
        ],
        "Strict-Transport-Security": [
          "max-age=31536000; includeSubDomains"
        ],
        "Server": [
          "Microsoft-Azure-Storage-Resource-Provider/1.0,Microsoft-HTTPAPI/2.0 Microsoft-HTTPAPI/2.0"
        ],
        "x-ms-ratelimit-remaining-subscription-reads": [
          "11994"
        ],
        "x-ms-correlation-request-id": [
          "b0c903a4-f84d-458c-ab52-43170fb0743f"
        ],
        "x-ms-routing-request-id": [
          "WESTINDIA:20201130T111310Z:b0c903a4-f84d-458c-ab52-43170fb0743f"
        ],
        "X-Content-Type-Options": [
          "nosniff"
        ],
        "Date": [
          "Mon, 30 Nov 2020 11:13:09 GMT"
        ],
        "Content-Length": [
          "747"
        ],
        "Content-Type": [
          "application/json"
        ],
        "Expires": [
          "-1"
        ]
      },
      "ResponseBody": "{\r\n  \"id\": \"/subscriptions/0296790d-427c-48ca-b204-8b729bbd8670/resourceGroups/crptestar7111/providers/Microsoft.Storage/storageAccounts/saforcspkg4339\",\r\n  \"name\": \"saforcspkg4339\",\r\n  \"type\": \"Microsoft.Storage/storageAccounts\",\r\n  \"location\": \"eastus2euap\",\r\n  \"tags\": {},\r\n  \"properties\": {\r\n    \"accountType\": \"Standard_GRS\",\r\n    \"provisioningState\": \"Succeeded\",\r\n    \"creationTime\": \"2020-11-30T11:12:42.2280163Z\",\r\n    \"primaryEndpoints\": {\r\n      \"blob\": \"https://saforcspkg4339.blob.core.windows.net/\",\r\n      \"queue\": \"https://saforcspkg4339.queue.core.windows.net/\",\r\n      \"table\": \"https://saforcspkg4339.table.core.windows.net/\",\r\n      \"file\": \"https://saforcspkg4339.file.core.windows.net/\"\r\n    },\r\n    \"primaryLocation\": \"eastus2euap\",\r\n    \"statusOfPrimary\": \"available\",\r\n    \"secondaryLocation\": \"centraluseuap\",\r\n    \"statusOfSecondary\": \"available\"\r\n  }\r\n}",
      "StatusCode": 200
    },
    {
      "RequestUri": "/subscriptions/0296790d-427c-48ca-b204-8b729bbd8670/resourceGroups/crptestar7111/providers/Microsoft.Storage/storageAccounts/saforcspkg4339/listKeys?api-version=2015-06-15",
      "EncodedRequestUri": "L3N1YnNjcmlwdGlvbnMvMDI5Njc5MGQtNDI3Yy00OGNhLWIyMDQtOGI3MjliYmQ4NjcwL3Jlc291cmNlR3JvdXBzL2NycHRlc3RhcjcxMTEvcHJvdmlkZXJzL01pY3Jvc29mdC5TdG9yYWdlL3N0b3JhZ2VBY2NvdW50cy9zYWZvcmNzcGtnNDMzOS9saXN0S2V5cz9hcGktdmVyc2lvbj0yMDE1LTA2LTE1",
      "RequestMethod": "POST",
      "RequestBody": "",
      "RequestHeaders": {
        "x-ms-client-request-id": [
          "6726c02f-8262-46be-b592-4d4cdbb364da"
        ],
        "Accept-Language": [
          "en-US"
        ],
        "User-Agent": [
          "FxVersion/4.6.29321.03",
          "OSName/Windows",
          "OSVersion/Microsoft.Windows.10.0.19042.",
          "Microsoft.Azure.Management.Storage.StorageManagementClient/4.0.0.0"
        ]
      },
      "ResponseHeaders": {
        "Cache-Control": [
          "no-cache"
        ],
        "Pragma": [
          "no-cache"
        ],
        "x-ms-request-id": [
          "c65d5f1b-e3c3-473c-9acf-db3243974bf2"
        ],
        "Strict-Transport-Security": [
          "max-age=31536000; includeSubDomains"
        ],
        "Server": [
          "Microsoft-Azure-Storage-Resource-Provider/1.0,Microsoft-HTTPAPI/2.0 Microsoft-HTTPAPI/2.0"
        ],
        "x-ms-ratelimit-remaining-subscription-resource-requests": [
          "11998"
        ],
        "x-ms-correlation-request-id": [
          "ac227788-183f-4476-a577-7eb900933232"
        ],
        "x-ms-routing-request-id": [
          "WESTINDIA:20201130T111310Z:ac227788-183f-4476-a577-7eb900933232"
        ],
        "X-Content-Type-Options": [
          "nosniff"
        ],
        "Date": [
          "Mon, 30 Nov 2020 11:13:10 GMT"
        ],
        "Content-Length": [
          "197"
        ],
        "Content-Type": [
          "application/json"
        ],
        "Expires": [
          "-1"
        ]
      },
      "ResponseBody": "{\r\n  \"key1\": \"mC/7KpfybTXpOGsKEbu4n1hWmxeDmr18fs8uksERUkW96ivhm5iiM08EEbtmOrY4U87xsw78dE2BLLRytkZ6Yg==\",\r\n  \"key2\": \"ariys5M9u+BmfqbNEqmN+XjQ9GX0ZINZR3cdFVx1fxBVKja5SdKmiQNWdJIZshb48/+iKgObHkuVX0wmiIcsxA==\"\r\n}",
      "StatusCode": 200
    },
    {
      "RequestUri": "/subscriptions/0296790d-427c-48ca-b204-8b729bbd8670/providers/Microsoft.Compute/locations/eastus2euap/CsOperations/02a21c1b-d119-4c95-a7ea-2961d9a8ba72?api-version=2020-10-01-preview",
      "EncodedRequestUri": "L3N1YnNjcmlwdGlvbnMvMDI5Njc5MGQtNDI3Yy00OGNhLWIyMDQtOGI3MjliYmQ4NjcwL3Byb3ZpZGVycy9NaWNyb3NvZnQuQ29tcHV0ZS9sb2NhdGlvbnMvZWFzdHVzMmV1YXAvQ3NPcGVyYXRpb25zLzAyYTIxYzFiLWQxMTktNGM5NS1hN2VhLTI5NjFkOWE4YmE3Mj9hcGktdmVyc2lvbj0yMDIwLTEwLTAxLXByZXZpZXc=",
      "RequestMethod": "GET",
      "RequestBody": "",
      "RequestHeaders": {
        "User-Agent": [
          "FxVersion/4.6.29321.03",
          "OSName/Windows",
          "OSVersion/Microsoft.Windows.10.0.19042.",
          "Microsoft.Azure.Management.Compute.ComputeManagementClient/42.0.0.0"
        ]
      },
      "ResponseHeaders": {
        "Cache-Control": [
          "no-cache"
        ],
        "Pragma": [
          "no-cache"
        ],
        "Strict-Transport-Security": [
          "max-age=31536000; includeSubDomains"
        ],
        "x-ms-served-by": [
          "d0ba83bc-edc5-4e6f-9f44-ffdf483a2aae_132510055604810811"
        ],
        "x-ms-request-id": [
          "00ea3314-263f-4a30-a052-ac89564d1726"
        ],
        "Server": [
          "Microsoft-HTTPAPI/2.0",
          "Microsoft-HTTPAPI/2.0"
        ],
        "x-ms-ratelimit-remaining-subscription-reads": [
          "11981"
        ],
        "x-ms-correlation-request-id": [
          "cf6d5d65-563c-4405-afc6-857d0b86c2fa"
        ],
        "x-ms-routing-request-id": [
          "WESTINDIA:20201130T111359Z:cf6d5d65-563c-4405-afc6-857d0b86c2fa"
        ],
        "X-Content-Type-Options": [
          "nosniff"
        ],
        "Date": [
          "Mon, 30 Nov 2020 11:13:58 GMT"
        ],
        "Content-Length": [
          "134"
        ],
        "Content-Type": [
          "application/json; charset=utf-8"
        ],
        "Expires": [
          "-1"
        ]
      },
      "ResponseBody": "{\r\n  \"startTime\": \"2020-11-30T16:43:27.2795627+05:30\",\r\n  \"status\": \"InProgress\",\r\n  \"name\": \"02a21c1b-d119-4c95-a7ea-2961d9a8ba72\"\r\n}",
      "StatusCode": 200
    },
    {
      "RequestUri": "/subscriptions/0296790d-427c-48ca-b204-8b729bbd8670/providers/Microsoft.Compute/locations/eastus2euap/CsOperations/02a21c1b-d119-4c95-a7ea-2961d9a8ba72?api-version=2020-10-01-preview",
      "EncodedRequestUri": "L3N1YnNjcmlwdGlvbnMvMDI5Njc5MGQtNDI3Yy00OGNhLWIyMDQtOGI3MjliYmQ4NjcwL3Byb3ZpZGVycy9NaWNyb3NvZnQuQ29tcHV0ZS9sb2NhdGlvbnMvZWFzdHVzMmV1YXAvQ3NPcGVyYXRpb25zLzAyYTIxYzFiLWQxMTktNGM5NS1hN2VhLTI5NjFkOWE4YmE3Mj9hcGktdmVyc2lvbj0yMDIwLTEwLTAxLXByZXZpZXc=",
      "RequestMethod": "GET",
      "RequestBody": "",
      "RequestHeaders": {
        "User-Agent": [
          "FxVersion/4.6.29321.03",
          "OSName/Windows",
          "OSVersion/Microsoft.Windows.10.0.19042.",
          "Microsoft.Azure.Management.Compute.ComputeManagementClient/42.0.0.0"
        ]
      },
      "ResponseHeaders": {
        "Cache-Control": [
          "no-cache"
        ],
        "Pragma": [
          "no-cache"
        ],
        "Strict-Transport-Security": [
          "max-age=31536000; includeSubDomains"
        ],
        "x-ms-served-by": [
          "d0ba83bc-edc5-4e6f-9f44-ffdf483a2aae_132510055604810811"
        ],
        "x-ms-request-id": [
          "a3d0e74c-a5b5-4181-a3fb-96b0e9eeae86"
        ],
        "Server": [
          "Microsoft-HTTPAPI/2.0",
          "Microsoft-HTTPAPI/2.0"
        ],
        "x-ms-ratelimit-remaining-subscription-reads": [
          "11980"
        ],
        "x-ms-correlation-request-id": [
          "286b27ce-4048-4412-9970-d9ee574e4b6f"
        ],
        "x-ms-routing-request-id": [
          "WESTINDIA:20201130T111429Z:286b27ce-4048-4412-9970-d9ee574e4b6f"
        ],
        "X-Content-Type-Options": [
          "nosniff"
        ],
        "Date": [
          "Mon, 30 Nov 2020 11:14:29 GMT"
        ],
        "Content-Length": [
          "134"
        ],
        "Content-Type": [
          "application/json; charset=utf-8"
        ],
        "Expires": [
          "-1"
        ]
      },
      "ResponseBody": "{\r\n  \"startTime\": \"2020-11-30T16:43:27.2795627+05:30\",\r\n  \"status\": \"InProgress\",\r\n  \"name\": \"02a21c1b-d119-4c95-a7ea-2961d9a8ba72\"\r\n}",
      "StatusCode": 200
    },
    {
      "RequestUri": "/subscriptions/0296790d-427c-48ca-b204-8b729bbd8670/providers/Microsoft.Compute/locations/eastus2euap/CsOperations/02a21c1b-d119-4c95-a7ea-2961d9a8ba72?api-version=2020-10-01-preview",
      "EncodedRequestUri": "L3N1YnNjcmlwdGlvbnMvMDI5Njc5MGQtNDI3Yy00OGNhLWIyMDQtOGI3MjliYmQ4NjcwL3Byb3ZpZGVycy9NaWNyb3NvZnQuQ29tcHV0ZS9sb2NhdGlvbnMvZWFzdHVzMmV1YXAvQ3NPcGVyYXRpb25zLzAyYTIxYzFiLWQxMTktNGM5NS1hN2VhLTI5NjFkOWE4YmE3Mj9hcGktdmVyc2lvbj0yMDIwLTEwLTAxLXByZXZpZXc=",
      "RequestMethod": "GET",
      "RequestBody": "",
      "RequestHeaders": {
        "User-Agent": [
          "FxVersion/4.6.29321.03",
          "OSName/Windows",
          "OSVersion/Microsoft.Windows.10.0.19042.",
          "Microsoft.Azure.Management.Compute.ComputeManagementClient/42.0.0.0"
        ]
      },
      "ResponseHeaders": {
        "Cache-Control": [
          "no-cache"
        ],
        "Pragma": [
          "no-cache"
        ],
        "Strict-Transport-Security": [
          "max-age=31536000; includeSubDomains"
        ],
        "x-ms-served-by": [
          "d0ba83bc-edc5-4e6f-9f44-ffdf483a2aae_132510055604810811"
        ],
        "x-ms-request-id": [
          "3ecf6c4c-aad9-4ca4-80cf-da158db6c864"
        ],
        "Server": [
          "Microsoft-HTTPAPI/2.0",
          "Microsoft-HTTPAPI/2.0"
        ],
        "x-ms-ratelimit-remaining-subscription-reads": [
          "11979"
        ],
        "x-ms-correlation-request-id": [
          "76f2f662-6481-434c-a737-af7e4126c925"
        ],
        "x-ms-routing-request-id": [
          "WESTINDIA:20201130T111459Z:76f2f662-6481-434c-a737-af7e4126c925"
        ],
        "X-Content-Type-Options": [
          "nosniff"
        ],
        "Date": [
          "Mon, 30 Nov 2020 11:14:59 GMT"
        ],
        "Content-Length": [
          "134"
        ],
        "Content-Type": [
          "application/json; charset=utf-8"
        ],
        "Expires": [
          "-1"
        ]
      },
      "ResponseBody": "{\r\n  \"startTime\": \"2020-11-30T16:43:27.2795627+05:30\",\r\n  \"status\": \"InProgress\",\r\n  \"name\": \"02a21c1b-d119-4c95-a7ea-2961d9a8ba72\"\r\n}",
      "StatusCode": 200
    },
    {
      "RequestUri": "/subscriptions/0296790d-427c-48ca-b204-8b729bbd8670/providers/Microsoft.Compute/locations/eastus2euap/CsOperations/02a21c1b-d119-4c95-a7ea-2961d9a8ba72?api-version=2020-10-01-preview",
      "EncodedRequestUri": "L3N1YnNjcmlwdGlvbnMvMDI5Njc5MGQtNDI3Yy00OGNhLWIyMDQtOGI3MjliYmQ4NjcwL3Byb3ZpZGVycy9NaWNyb3NvZnQuQ29tcHV0ZS9sb2NhdGlvbnMvZWFzdHVzMmV1YXAvQ3NPcGVyYXRpb25zLzAyYTIxYzFiLWQxMTktNGM5NS1hN2VhLTI5NjFkOWE4YmE3Mj9hcGktdmVyc2lvbj0yMDIwLTEwLTAxLXByZXZpZXc=",
      "RequestMethod": "GET",
      "RequestBody": "",
      "RequestHeaders": {
        "User-Agent": [
          "FxVersion/4.6.29321.03",
          "OSName/Windows",
          "OSVersion/Microsoft.Windows.10.0.19042.",
          "Microsoft.Azure.Management.Compute.ComputeManagementClient/42.0.0.0"
        ]
      },
      "ResponseHeaders": {
        "Cache-Control": [
          "no-cache"
        ],
        "Pragma": [
          "no-cache"
        ],
        "Strict-Transport-Security": [
          "max-age=31536000; includeSubDomains"
        ],
        "x-ms-served-by": [
          "d0ba83bc-edc5-4e6f-9f44-ffdf483a2aae_132510055604810811"
        ],
        "x-ms-request-id": [
          "d8342409-8d4c-46b1-8d6f-fb34b6bc6890"
        ],
        "Server": [
          "Microsoft-HTTPAPI/2.0",
          "Microsoft-HTTPAPI/2.0"
        ],
        "x-ms-ratelimit-remaining-subscription-reads": [
          "11978"
        ],
        "x-ms-correlation-request-id": [
          "2fee6e54-9d69-4a9a-9a2d-a89ea03abbd2"
        ],
        "x-ms-routing-request-id": [
          "WESTINDIA:20201130T111529Z:2fee6e54-9d69-4a9a-9a2d-a89ea03abbd2"
        ],
        "X-Content-Type-Options": [
          "nosniff"
        ],
        "Date": [
          "Mon, 30 Nov 2020 11:15:29 GMT"
        ],
        "Content-Length": [
          "134"
        ],
        "Content-Type": [
          "application/json; charset=utf-8"
        ],
        "Expires": [
          "-1"
        ]
      },
      "ResponseBody": "{\r\n  \"startTime\": \"2020-11-30T16:43:27.2795627+05:30\",\r\n  \"status\": \"InProgress\",\r\n  \"name\": \"02a21c1b-d119-4c95-a7ea-2961d9a8ba72\"\r\n}",
      "StatusCode": 200
    },
    {
      "RequestUri": "/subscriptions/0296790d-427c-48ca-b204-8b729bbd8670/providers/Microsoft.Compute/locations/eastus2euap/CsOperations/02a21c1b-d119-4c95-a7ea-2961d9a8ba72?api-version=2020-10-01-preview",
      "EncodedRequestUri": "L3N1YnNjcmlwdGlvbnMvMDI5Njc5MGQtNDI3Yy00OGNhLWIyMDQtOGI3MjliYmQ4NjcwL3Byb3ZpZGVycy9NaWNyb3NvZnQuQ29tcHV0ZS9sb2NhdGlvbnMvZWFzdHVzMmV1YXAvQ3NPcGVyYXRpb25zLzAyYTIxYzFiLWQxMTktNGM5NS1hN2VhLTI5NjFkOWE4YmE3Mj9hcGktdmVyc2lvbj0yMDIwLTEwLTAxLXByZXZpZXc=",
      "RequestMethod": "GET",
      "RequestBody": "",
      "RequestHeaders": {
        "User-Agent": [
          "FxVersion/4.6.29321.03",
          "OSName/Windows",
          "OSVersion/Microsoft.Windows.10.0.19042.",
          "Microsoft.Azure.Management.Compute.ComputeManagementClient/42.0.0.0"
        ]
      },
      "ResponseHeaders": {
        "Cache-Control": [
          "no-cache"
        ],
        "Pragma": [
          "no-cache"
        ],
        "Strict-Transport-Security": [
          "max-age=31536000; includeSubDomains"
        ],
        "x-ms-served-by": [
          "d0ba83bc-edc5-4e6f-9f44-ffdf483a2aae_132510055604810811"
        ],
        "x-ms-request-id": [
          "04430fa0-5991-4eb3-ba36-1867bd8d4c98"
        ],
        "Server": [
          "Microsoft-HTTPAPI/2.0",
          "Microsoft-HTTPAPI/2.0"
        ],
        "x-ms-ratelimit-remaining-subscription-reads": [
          "11977"
        ],
        "x-ms-correlation-request-id": [
          "a459cd39-11e3-438a-9306-a45944096912"
        ],
        "x-ms-routing-request-id": [
          "WESTINDIA:20201130T111600Z:a459cd39-11e3-438a-9306-a45944096912"
        ],
        "X-Content-Type-Options": [
          "nosniff"
        ],
        "Date": [
          "Mon, 30 Nov 2020 11:16:00 GMT"
        ],
        "Content-Length": [
          "134"
        ],
        "Content-Type": [
          "application/json; charset=utf-8"
        ],
        "Expires": [
          "-1"
        ]
      },
      "ResponseBody": "{\r\n  \"startTime\": \"2020-11-30T16:43:27.2795627+05:30\",\r\n  \"status\": \"InProgress\",\r\n  \"name\": \"02a21c1b-d119-4c95-a7ea-2961d9a8ba72\"\r\n}",
      "StatusCode": 200
    },
    {
      "RequestUri": "/subscriptions/0296790d-427c-48ca-b204-8b729bbd8670/providers/Microsoft.Compute/locations/eastus2euap/CsOperations/02a21c1b-d119-4c95-a7ea-2961d9a8ba72?api-version=2020-10-01-preview",
      "EncodedRequestUri": "L3N1YnNjcmlwdGlvbnMvMDI5Njc5MGQtNDI3Yy00OGNhLWIyMDQtOGI3MjliYmQ4NjcwL3Byb3ZpZGVycy9NaWNyb3NvZnQuQ29tcHV0ZS9sb2NhdGlvbnMvZWFzdHVzMmV1YXAvQ3NPcGVyYXRpb25zLzAyYTIxYzFiLWQxMTktNGM5NS1hN2VhLTI5NjFkOWE4YmE3Mj9hcGktdmVyc2lvbj0yMDIwLTEwLTAxLXByZXZpZXc=",
      "RequestMethod": "GET",
      "RequestBody": "",
      "RequestHeaders": {
        "User-Agent": [
          "FxVersion/4.6.29321.03",
          "OSName/Windows",
          "OSVersion/Microsoft.Windows.10.0.19042.",
          "Microsoft.Azure.Management.Compute.ComputeManagementClient/42.0.0.0"
        ]
      },
      "ResponseHeaders": {
        "Cache-Control": [
          "no-cache"
        ],
        "Pragma": [
          "no-cache"
        ],
        "Strict-Transport-Security": [
          "max-age=31536000; includeSubDomains"
        ],
        "x-ms-served-by": [
          "d0ba83bc-edc5-4e6f-9f44-ffdf483a2aae_132510055604810811"
        ],
        "x-ms-request-id": [
          "24d0a252-cbcf-4e18-aed5-95b3780b422f"
        ],
        "Server": [
          "Microsoft-HTTPAPI/2.0",
          "Microsoft-HTTPAPI/2.0"
        ],
        "x-ms-ratelimit-remaining-subscription-reads": [
          "11976"
        ],
        "x-ms-correlation-request-id": [
          "2599c489-67e9-44a9-b146-b6e0db05a00a"
        ],
        "x-ms-routing-request-id": [
          "WESTINDIA:20201130T111630Z:2599c489-67e9-44a9-b146-b6e0db05a00a"
        ],
        "X-Content-Type-Options": [
          "nosniff"
        ],
        "Date": [
          "Mon, 30 Nov 2020 11:16:29 GMT"
        ],
        "Content-Length": [
          "134"
        ],
        "Content-Type": [
          "application/json; charset=utf-8"
        ],
        "Expires": [
          "-1"
        ]
      },
      "ResponseBody": "{\r\n  \"startTime\": \"2020-11-30T16:43:27.2795627+05:30\",\r\n  \"status\": \"InProgress\",\r\n  \"name\": \"02a21c1b-d119-4c95-a7ea-2961d9a8ba72\"\r\n}",
      "StatusCode": 200
    },
    {
      "RequestUri": "/subscriptions/0296790d-427c-48ca-b204-8b729bbd8670/providers/Microsoft.Compute/locations/eastus2euap/CsOperations/02a21c1b-d119-4c95-a7ea-2961d9a8ba72?api-version=2020-10-01-preview",
      "EncodedRequestUri": "L3N1YnNjcmlwdGlvbnMvMDI5Njc5MGQtNDI3Yy00OGNhLWIyMDQtOGI3MjliYmQ4NjcwL3Byb3ZpZGVycy9NaWNyb3NvZnQuQ29tcHV0ZS9sb2NhdGlvbnMvZWFzdHVzMmV1YXAvQ3NPcGVyYXRpb25zLzAyYTIxYzFiLWQxMTktNGM5NS1hN2VhLTI5NjFkOWE4YmE3Mj9hcGktdmVyc2lvbj0yMDIwLTEwLTAxLXByZXZpZXc=",
      "RequestMethod": "GET",
      "RequestBody": "",
      "RequestHeaders": {
        "User-Agent": [
          "FxVersion/4.6.29321.03",
          "OSName/Windows",
          "OSVersion/Microsoft.Windows.10.0.19042.",
          "Microsoft.Azure.Management.Compute.ComputeManagementClient/42.0.0.0"
        ]
      },
      "ResponseHeaders": {
        "Cache-Control": [
          "no-cache"
        ],
        "Pragma": [
          "no-cache"
        ],
        "Strict-Transport-Security": [
          "max-age=31536000; includeSubDomains"
        ],
        "x-ms-served-by": [
          "d0ba83bc-edc5-4e6f-9f44-ffdf483a2aae_132510055604810811"
        ],
        "x-ms-request-id": [
          "cad8e43c-eaed-4b6c-8d8a-336dd4b3ce08"
        ],
        "Server": [
          "Microsoft-HTTPAPI/2.0",
          "Microsoft-HTTPAPI/2.0"
        ],
        "x-ms-ratelimit-remaining-subscription-reads": [
          "11975"
        ],
        "x-ms-correlation-request-id": [
          "e9b1b5dc-c49c-41e0-9380-07569fc14d0c"
        ],
        "x-ms-routing-request-id": [
          "WESTINDIA:20201130T111700Z:e9b1b5dc-c49c-41e0-9380-07569fc14d0c"
        ],
        "X-Content-Type-Options": [
          "nosniff"
        ],
        "Date": [
          "Mon, 30 Nov 2020 11:16:59 GMT"
        ],
        "Content-Length": [
          "134"
        ],
        "Content-Type": [
          "application/json; charset=utf-8"
        ],
        "Expires": [
          "-1"
        ]
      },
      "ResponseBody": "{\r\n  \"startTime\": \"2020-11-30T16:43:27.2795627+05:30\",\r\n  \"status\": \"InProgress\",\r\n  \"name\": \"02a21c1b-d119-4c95-a7ea-2961d9a8ba72\"\r\n}",
      "StatusCode": 200
    },
    {
      "RequestUri": "/subscriptions/0296790d-427c-48ca-b204-8b729bbd8670/providers/Microsoft.Compute/locations/eastus2euap/CsOperations/02a21c1b-d119-4c95-a7ea-2961d9a8ba72?api-version=2020-10-01-preview",
      "EncodedRequestUri": "L3N1YnNjcmlwdGlvbnMvMDI5Njc5MGQtNDI3Yy00OGNhLWIyMDQtOGI3MjliYmQ4NjcwL3Byb3ZpZGVycy9NaWNyb3NvZnQuQ29tcHV0ZS9sb2NhdGlvbnMvZWFzdHVzMmV1YXAvQ3NPcGVyYXRpb25zLzAyYTIxYzFiLWQxMTktNGM5NS1hN2VhLTI5NjFkOWE4YmE3Mj9hcGktdmVyc2lvbj0yMDIwLTEwLTAxLXByZXZpZXc=",
      "RequestMethod": "GET",
      "RequestBody": "",
      "RequestHeaders": {
        "User-Agent": [
          "FxVersion/4.6.29321.03",
          "OSName/Windows",
          "OSVersion/Microsoft.Windows.10.0.19042.",
          "Microsoft.Azure.Management.Compute.ComputeManagementClient/42.0.0.0"
        ]
      },
      "ResponseHeaders": {
        "Cache-Control": [
          "no-cache"
        ],
        "Pragma": [
          "no-cache"
        ],
        "Strict-Transport-Security": [
          "max-age=31536000; includeSubDomains"
        ],
        "x-ms-served-by": [
          "d0ba83bc-edc5-4e6f-9f44-ffdf483a2aae_132510055604810811"
        ],
        "x-ms-request-id": [
          "5b168ee7-d86f-4e6a-a323-c907ebe1d75b"
        ],
        "Server": [
          "Microsoft-HTTPAPI/2.0",
          "Microsoft-HTTPAPI/2.0"
        ],
        "x-ms-ratelimit-remaining-subscription-reads": [
          "11974"
        ],
        "x-ms-correlation-request-id": [
          "ec8ee970-4ada-41d2-b91d-1081c9344c2f"
        ],
        "x-ms-routing-request-id": [
          "WESTINDIA:20201130T111730Z:ec8ee970-4ada-41d2-b91d-1081c9344c2f"
        ],
        "X-Content-Type-Options": [
          "nosniff"
        ],
        "Date": [
          "Mon, 30 Nov 2020 11:17:30 GMT"
        ],
        "Content-Length": [
          "134"
        ],
        "Content-Type": [
          "application/json; charset=utf-8"
        ],
        "Expires": [
          "-1"
        ]
      },
      "ResponseBody": "{\r\n  \"startTime\": \"2020-11-30T16:43:27.2795627+05:30\",\r\n  \"status\": \"InProgress\",\r\n  \"name\": \"02a21c1b-d119-4c95-a7ea-2961d9a8ba72\"\r\n}",
      "StatusCode": 200
    },
    {
      "RequestUri": "/subscriptions/0296790d-427c-48ca-b204-8b729bbd8670/providers/Microsoft.Compute/locations/eastus2euap/CsOperations/02a21c1b-d119-4c95-a7ea-2961d9a8ba72?api-version=2020-10-01-preview",
      "EncodedRequestUri": "L3N1YnNjcmlwdGlvbnMvMDI5Njc5MGQtNDI3Yy00OGNhLWIyMDQtOGI3MjliYmQ4NjcwL3Byb3ZpZGVycy9NaWNyb3NvZnQuQ29tcHV0ZS9sb2NhdGlvbnMvZWFzdHVzMmV1YXAvQ3NPcGVyYXRpb25zLzAyYTIxYzFiLWQxMTktNGM5NS1hN2VhLTI5NjFkOWE4YmE3Mj9hcGktdmVyc2lvbj0yMDIwLTEwLTAxLXByZXZpZXc=",
      "RequestMethod": "GET",
      "RequestBody": "",
      "RequestHeaders": {
        "User-Agent": [
          "FxVersion/4.6.29321.03",
          "OSName/Windows",
          "OSVersion/Microsoft.Windows.10.0.19042.",
          "Microsoft.Azure.Management.Compute.ComputeManagementClient/42.0.0.0"
        ]
      },
      "ResponseHeaders": {
        "Cache-Control": [
          "no-cache"
        ],
        "Pragma": [
          "no-cache"
        ],
        "Strict-Transport-Security": [
          "max-age=31536000; includeSubDomains"
        ],
        "x-ms-served-by": [
          "d0ba83bc-edc5-4e6f-9f44-ffdf483a2aae_132510055604810811"
        ],
        "x-ms-request-id": [
          "8ecd5bd3-7f5f-4134-8c7e-ecd0ec3a67b6"
        ],
        "Server": [
          "Microsoft-HTTPAPI/2.0",
          "Microsoft-HTTPAPI/2.0"
        ],
        "x-ms-ratelimit-remaining-subscription-reads": [
          "11973"
        ],
        "x-ms-correlation-request-id": [
          "984069a9-684a-49ce-b78a-21708118a58d"
        ],
        "x-ms-routing-request-id": [
          "WESTINDIA:20201130T111801Z:984069a9-684a-49ce-b78a-21708118a58d"
        ],
        "X-Content-Type-Options": [
          "nosniff"
        ],
        "Date": [
          "Mon, 30 Nov 2020 11:18:00 GMT"
        ],
        "Content-Length": [
          "134"
        ],
        "Content-Type": [
          "application/json; charset=utf-8"
        ],
        "Expires": [
          "-1"
        ]
      },
      "ResponseBody": "{\r\n  \"startTime\": \"2020-11-30T16:43:27.2795627+05:30\",\r\n  \"status\": \"InProgress\",\r\n  \"name\": \"02a21c1b-d119-4c95-a7ea-2961d9a8ba72\"\r\n}",
      "StatusCode": 200
    },
    {
      "RequestUri": "/subscriptions/0296790d-427c-48ca-b204-8b729bbd8670/providers/Microsoft.Compute/locations/eastus2euap/CsOperations/02a21c1b-d119-4c95-a7ea-2961d9a8ba72?api-version=2020-10-01-preview",
      "EncodedRequestUri": "L3N1YnNjcmlwdGlvbnMvMDI5Njc5MGQtNDI3Yy00OGNhLWIyMDQtOGI3MjliYmQ4NjcwL3Byb3ZpZGVycy9NaWNyb3NvZnQuQ29tcHV0ZS9sb2NhdGlvbnMvZWFzdHVzMmV1YXAvQ3NPcGVyYXRpb25zLzAyYTIxYzFiLWQxMTktNGM5NS1hN2VhLTI5NjFkOWE4YmE3Mj9hcGktdmVyc2lvbj0yMDIwLTEwLTAxLXByZXZpZXc=",
      "RequestMethod": "GET",
      "RequestBody": "",
      "RequestHeaders": {
        "User-Agent": [
          "FxVersion/4.6.29321.03",
          "OSName/Windows",
          "OSVersion/Microsoft.Windows.10.0.19042.",
          "Microsoft.Azure.Management.Compute.ComputeManagementClient/42.0.0.0"
        ]
      },
      "ResponseHeaders": {
        "Cache-Control": [
          "no-cache"
        ],
        "Pragma": [
          "no-cache"
        ],
        "Strict-Transport-Security": [
          "max-age=31536000; includeSubDomains"
        ],
        "x-ms-served-by": [
          "d0ba83bc-edc5-4e6f-9f44-ffdf483a2aae_132510055604810811"
        ],
        "x-ms-request-id": [
          "1dfe912a-9487-4bf7-9419-cfc618c248e7"
        ],
        "Server": [
          "Microsoft-HTTPAPI/2.0",
          "Microsoft-HTTPAPI/2.0"
        ],
        "x-ms-ratelimit-remaining-subscription-reads": [
          "11972"
        ],
        "x-ms-correlation-request-id": [
          "14d50dd4-6f31-4946-9523-463598f2cc42"
        ],
        "x-ms-routing-request-id": [
          "WESTINDIA:20201130T111831Z:14d50dd4-6f31-4946-9523-463598f2cc42"
        ],
        "X-Content-Type-Options": [
          "nosniff"
        ],
        "Date": [
          "Mon, 30 Nov 2020 11:18:31 GMT"
        ],
        "Content-Length": [
          "134"
        ],
        "Content-Type": [
          "application/json; charset=utf-8"
        ],
        "Expires": [
          "-1"
        ]
      },
      "ResponseBody": "{\r\n  \"startTime\": \"2020-11-30T16:43:27.2795627+05:30\",\r\n  \"status\": \"InProgress\",\r\n  \"name\": \"02a21c1b-d119-4c95-a7ea-2961d9a8ba72\"\r\n}",
      "StatusCode": 200
    },
    {
      "RequestUri": "/subscriptions/0296790d-427c-48ca-b204-8b729bbd8670/providers/Microsoft.Compute/locations/eastus2euap/CsOperations/02a21c1b-d119-4c95-a7ea-2961d9a8ba72?api-version=2020-10-01-preview",
      "EncodedRequestUri": "L3N1YnNjcmlwdGlvbnMvMDI5Njc5MGQtNDI3Yy00OGNhLWIyMDQtOGI3MjliYmQ4NjcwL3Byb3ZpZGVycy9NaWNyb3NvZnQuQ29tcHV0ZS9sb2NhdGlvbnMvZWFzdHVzMmV1YXAvQ3NPcGVyYXRpb25zLzAyYTIxYzFiLWQxMTktNGM5NS1hN2VhLTI5NjFkOWE4YmE3Mj9hcGktdmVyc2lvbj0yMDIwLTEwLTAxLXByZXZpZXc=",
      "RequestMethod": "GET",
      "RequestBody": "",
      "RequestHeaders": {
        "User-Agent": [
          "FxVersion/4.6.29321.03",
          "OSName/Windows",
          "OSVersion/Microsoft.Windows.10.0.19042.",
          "Microsoft.Azure.Management.Compute.ComputeManagementClient/42.0.0.0"
        ]
      },
      "ResponseHeaders": {
        "Cache-Control": [
          "no-cache"
        ],
        "Pragma": [
          "no-cache"
        ],
        "Strict-Transport-Security": [
          "max-age=31536000; includeSubDomains"
        ],
        "x-ms-served-by": [
          "d0ba83bc-edc5-4e6f-9f44-ffdf483a2aae_132510055604810811"
        ],
        "x-ms-request-id": [
          "517d6757-8c5d-4000-b838-47652987456c"
        ],
        "Server": [
          "Microsoft-HTTPAPI/2.0",
          "Microsoft-HTTPAPI/2.0"
        ],
        "x-ms-ratelimit-remaining-subscription-reads": [
          "11971"
        ],
        "x-ms-correlation-request-id": [
          "321e55fc-c69c-4926-8957-e021bc2ce541"
        ],
        "x-ms-routing-request-id": [
          "WESTINDIA:20201130T111901Z:321e55fc-c69c-4926-8957-e021bc2ce541"
        ],
        "X-Content-Type-Options": [
          "nosniff"
        ],
        "Date": [
          "Mon, 30 Nov 2020 11:19:01 GMT"
        ],
        "Content-Length": [
          "134"
        ],
        "Content-Type": [
          "application/json; charset=utf-8"
        ],
        "Expires": [
          "-1"
        ]
      },
      "ResponseBody": "{\r\n  \"startTime\": \"2020-11-30T16:43:27.2795627+05:30\",\r\n  \"status\": \"InProgress\",\r\n  \"name\": \"02a21c1b-d119-4c95-a7ea-2961d9a8ba72\"\r\n}",
      "StatusCode": 200
    },
    {
      "RequestUri": "/subscriptions/0296790d-427c-48ca-b204-8b729bbd8670/providers/Microsoft.Compute/locations/eastus2euap/CsOperations/02a21c1b-d119-4c95-a7ea-2961d9a8ba72?api-version=2020-10-01-preview",
      "EncodedRequestUri": "L3N1YnNjcmlwdGlvbnMvMDI5Njc5MGQtNDI3Yy00OGNhLWIyMDQtOGI3MjliYmQ4NjcwL3Byb3ZpZGVycy9NaWNyb3NvZnQuQ29tcHV0ZS9sb2NhdGlvbnMvZWFzdHVzMmV1YXAvQ3NPcGVyYXRpb25zLzAyYTIxYzFiLWQxMTktNGM5NS1hN2VhLTI5NjFkOWE4YmE3Mj9hcGktdmVyc2lvbj0yMDIwLTEwLTAxLXByZXZpZXc=",
      "RequestMethod": "GET",
      "RequestBody": "",
      "RequestHeaders": {
        "User-Agent": [
          "FxVersion/4.6.29321.03",
          "OSName/Windows",
          "OSVersion/Microsoft.Windows.10.0.19042.",
          "Microsoft.Azure.Management.Compute.ComputeManagementClient/42.0.0.0"
        ]
      },
      "ResponseHeaders": {
        "Cache-Control": [
          "no-cache"
        ],
        "Pragma": [
          "no-cache"
        ],
        "Strict-Transport-Security": [
          "max-age=31536000; includeSubDomains"
        ],
        "x-ms-served-by": [
          "d0ba83bc-edc5-4e6f-9f44-ffdf483a2aae_132510055604810811"
        ],
        "x-ms-request-id": [
          "eb95c2b0-10b1-43ec-825b-8a7c8fa39a80"
        ],
        "Server": [
          "Microsoft-HTTPAPI/2.0",
          "Microsoft-HTTPAPI/2.0"
        ],
        "x-ms-ratelimit-remaining-subscription-reads": [
          "11970"
        ],
        "x-ms-correlation-request-id": [
          "f4184248-46a1-427c-9390-89dabe266bb7"
        ],
        "x-ms-routing-request-id": [
          "WESTINDIA:20201130T111932Z:f4184248-46a1-427c-9390-89dabe266bb7"
        ],
        "X-Content-Type-Options": [
          "nosniff"
        ],
        "Date": [
          "Mon, 30 Nov 2020 11:19:31 GMT"
        ],
        "Content-Length": [
          "134"
        ],
        "Content-Type": [
          "application/json; charset=utf-8"
        ],
        "Expires": [
          "-1"
        ]
      },
      "ResponseBody": "{\r\n  \"startTime\": \"2020-11-30T16:43:27.2795627+05:30\",\r\n  \"status\": \"InProgress\",\r\n  \"name\": \"02a21c1b-d119-4c95-a7ea-2961d9a8ba72\"\r\n}",
      "StatusCode": 200
    },
    {
      "RequestUri": "/subscriptions/0296790d-427c-48ca-b204-8b729bbd8670/providers/Microsoft.Compute/locations/eastus2euap/CsOperations/02a21c1b-d119-4c95-a7ea-2961d9a8ba72?api-version=2020-10-01-preview",
      "EncodedRequestUri": "L3N1YnNjcmlwdGlvbnMvMDI5Njc5MGQtNDI3Yy00OGNhLWIyMDQtOGI3MjliYmQ4NjcwL3Byb3ZpZGVycy9NaWNyb3NvZnQuQ29tcHV0ZS9sb2NhdGlvbnMvZWFzdHVzMmV1YXAvQ3NPcGVyYXRpb25zLzAyYTIxYzFiLWQxMTktNGM5NS1hN2VhLTI5NjFkOWE4YmE3Mj9hcGktdmVyc2lvbj0yMDIwLTEwLTAxLXByZXZpZXc=",
      "RequestMethod": "GET",
      "RequestBody": "",
      "RequestHeaders": {
        "User-Agent": [
          "FxVersion/4.6.29321.03",
          "OSName/Windows",
          "OSVersion/Microsoft.Windows.10.0.19042.",
          "Microsoft.Azure.Management.Compute.ComputeManagementClient/42.0.0.0"
        ]
      },
      "ResponseHeaders": {
        "Cache-Control": [
          "no-cache"
        ],
        "Pragma": [
          "no-cache"
        ],
        "Strict-Transport-Security": [
          "max-age=31536000; includeSubDomains"
        ],
        "x-ms-served-by": [
          "d0ba83bc-edc5-4e6f-9f44-ffdf483a2aae_132510055604810811"
        ],
        "x-ms-request-id": [
          "a4d4fac0-5fe3-43ee-aaa5-70ba98968ed3"
        ],
        "x-ms-ratelimit-remaining-subscription-reads": [
          "11969"
        ],
        "Server": [
          "Microsoft-HTTPAPI/2.0",
          "Microsoft-HTTPAPI/2.0"
        ],
        "x-ms-correlation-request-id": [
          "47658a00-53ee-488d-9058-48fad858e242"
        ],
        "x-ms-routing-request-id": [
          "WESTINDIA:20201130T112002Z:47658a00-53ee-488d-9058-48fad858e242"
        ],
        "X-Content-Type-Options": [
          "nosniff"
        ],
        "Date": [
          "Mon, 30 Nov 2020 11:20:01 GMT"
        ],
        "Content-Length": [
          "134"
        ],
        "Content-Type": [
          "application/json; charset=utf-8"
        ],
        "Expires": [
          "-1"
        ]
      },
      "ResponseBody": "{\r\n  \"startTime\": \"2020-11-30T16:43:27.2795627+05:30\",\r\n  \"status\": \"InProgress\",\r\n  \"name\": \"02a21c1b-d119-4c95-a7ea-2961d9a8ba72\"\r\n}",
      "StatusCode": 200
    },
    {
      "RequestUri": "/subscriptions/0296790d-427c-48ca-b204-8b729bbd8670/providers/Microsoft.Compute/locations/eastus2euap/CsOperations/02a21c1b-d119-4c95-a7ea-2961d9a8ba72?api-version=2020-10-01-preview",
      "EncodedRequestUri": "L3N1YnNjcmlwdGlvbnMvMDI5Njc5MGQtNDI3Yy00OGNhLWIyMDQtOGI3MjliYmQ4NjcwL3Byb3ZpZGVycy9NaWNyb3NvZnQuQ29tcHV0ZS9sb2NhdGlvbnMvZWFzdHVzMmV1YXAvQ3NPcGVyYXRpb25zLzAyYTIxYzFiLWQxMTktNGM5NS1hN2VhLTI5NjFkOWE4YmE3Mj9hcGktdmVyc2lvbj0yMDIwLTEwLTAxLXByZXZpZXc=",
      "RequestMethod": "GET",
      "RequestBody": "",
      "RequestHeaders": {
        "User-Agent": [
          "FxVersion/4.6.29321.03",
          "OSName/Windows",
          "OSVersion/Microsoft.Windows.10.0.19042.",
          "Microsoft.Azure.Management.Compute.ComputeManagementClient/42.0.0.0"
        ]
      },
      "ResponseHeaders": {
        "Cache-Control": [
          "no-cache"
        ],
        "Pragma": [
          "no-cache"
        ],
        "Strict-Transport-Security": [
          "max-age=31536000; includeSubDomains"
        ],
        "x-ms-served-by": [
          "d0ba83bc-edc5-4e6f-9f44-ffdf483a2aae_132510055604810811"
        ],
        "x-ms-request-id": [
          "71ff2db9-d175-4f85-a4a3-28b84e0a0331"
        ],
        "Server": [
          "Microsoft-HTTPAPI/2.0",
          "Microsoft-HTTPAPI/2.0"
        ],
        "x-ms-ratelimit-remaining-subscription-reads": [
          "11968"
        ],
        "x-ms-correlation-request-id": [
          "f3f76f73-9401-43f7-9267-30d5f05cc2ce"
        ],
        "x-ms-routing-request-id": [
          "WESTINDIA:20201130T112033Z:f3f76f73-9401-43f7-9267-30d5f05cc2ce"
        ],
        "X-Content-Type-Options": [
          "nosniff"
        ],
        "Date": [
          "Mon, 30 Nov 2020 11:20:32 GMT"
        ],
        "Content-Length": [
          "134"
        ],
        "Content-Type": [
          "application/json; charset=utf-8"
        ],
        "Expires": [
          "-1"
        ]
      },
      "ResponseBody": "{\r\n  \"startTime\": \"2020-11-30T16:43:27.2795627+05:30\",\r\n  \"status\": \"InProgress\",\r\n  \"name\": \"02a21c1b-d119-4c95-a7ea-2961d9a8ba72\"\r\n}",
      "StatusCode": 200
    },
    {
      "RequestUri": "/subscriptions/0296790d-427c-48ca-b204-8b729bbd8670/providers/Microsoft.Compute/locations/eastus2euap/CsOperations/02a21c1b-d119-4c95-a7ea-2961d9a8ba72?api-version=2020-10-01-preview",
      "EncodedRequestUri": "L3N1YnNjcmlwdGlvbnMvMDI5Njc5MGQtNDI3Yy00OGNhLWIyMDQtOGI3MjliYmQ4NjcwL3Byb3ZpZGVycy9NaWNyb3NvZnQuQ29tcHV0ZS9sb2NhdGlvbnMvZWFzdHVzMmV1YXAvQ3NPcGVyYXRpb25zLzAyYTIxYzFiLWQxMTktNGM5NS1hN2VhLTI5NjFkOWE4YmE3Mj9hcGktdmVyc2lvbj0yMDIwLTEwLTAxLXByZXZpZXc=",
      "RequestMethod": "GET",
      "RequestBody": "",
      "RequestHeaders": {
        "User-Agent": [
          "FxVersion/4.6.29321.03",
          "OSName/Windows",
          "OSVersion/Microsoft.Windows.10.0.19042.",
          "Microsoft.Azure.Management.Compute.ComputeManagementClient/42.0.0.0"
        ]
      },
      "ResponseHeaders": {
        "Cache-Control": [
          "no-cache"
        ],
        "Pragma": [
          "no-cache"
        ],
        "Strict-Transport-Security": [
          "max-age=31536000; includeSubDomains"
        ],
        "x-ms-served-by": [
          "d0ba83bc-edc5-4e6f-9f44-ffdf483a2aae_132510055604810811"
        ],
        "x-ms-request-id": [
          "469d1d8d-ef0d-4322-b3b0-cf3b4f1eeea8"
        ],
        "Server": [
          "Microsoft-HTTPAPI/2.0",
          "Microsoft-HTTPAPI/2.0"
        ],
        "x-ms-ratelimit-remaining-subscription-reads": [
          "11967"
        ],
        "x-ms-correlation-request-id": [
          "8f51969f-08f2-4bf4-8a8b-04ecf5fbf916"
        ],
        "x-ms-routing-request-id": [
          "WESTINDIA:20201130T112103Z:8f51969f-08f2-4bf4-8a8b-04ecf5fbf916"
        ],
        "X-Content-Type-Options": [
          "nosniff"
        ],
        "Date": [
          "Mon, 30 Nov 2020 11:21:03 GMT"
        ],
        "Content-Length": [
          "134"
        ],
        "Content-Type": [
          "application/json; charset=utf-8"
        ],
        "Expires": [
          "-1"
        ]
      },
      "ResponseBody": "{\r\n  \"startTime\": \"2020-11-30T16:43:27.2795627+05:30\",\r\n  \"status\": \"InProgress\",\r\n  \"name\": \"02a21c1b-d119-4c95-a7ea-2961d9a8ba72\"\r\n}",
      "StatusCode": 200
    },
    {
      "RequestUri": "/subscriptions/0296790d-427c-48ca-b204-8b729bbd8670/providers/Microsoft.Compute/locations/eastus2euap/CsOperations/02a21c1b-d119-4c95-a7ea-2961d9a8ba72?api-version=2020-10-01-preview",
      "EncodedRequestUri": "L3N1YnNjcmlwdGlvbnMvMDI5Njc5MGQtNDI3Yy00OGNhLWIyMDQtOGI3MjliYmQ4NjcwL3Byb3ZpZGVycy9NaWNyb3NvZnQuQ29tcHV0ZS9sb2NhdGlvbnMvZWFzdHVzMmV1YXAvQ3NPcGVyYXRpb25zLzAyYTIxYzFiLWQxMTktNGM5NS1hN2VhLTI5NjFkOWE4YmE3Mj9hcGktdmVyc2lvbj0yMDIwLTEwLTAxLXByZXZpZXc=",
      "RequestMethod": "GET",
      "RequestBody": "",
      "RequestHeaders": {
        "User-Agent": [
          "FxVersion/4.6.29321.03",
          "OSName/Windows",
          "OSVersion/Microsoft.Windows.10.0.19042.",
          "Microsoft.Azure.Management.Compute.ComputeManagementClient/42.0.0.0"
        ]
      },
      "ResponseHeaders": {
        "Cache-Control": [
          "no-cache"
        ],
        "Pragma": [
          "no-cache"
        ],
        "Strict-Transport-Security": [
          "max-age=31536000; includeSubDomains"
        ],
        "x-ms-served-by": [
          "d0ba83bc-edc5-4e6f-9f44-ffdf483a2aae_132510055604810811"
        ],
        "x-ms-request-id": [
          "accc47c6-57c9-4951-b949-5419b5444495"
        ],
        "Server": [
          "Microsoft-HTTPAPI/2.0",
          "Microsoft-HTTPAPI/2.0"
        ],
        "x-ms-ratelimit-remaining-subscription-reads": [
          "11966"
        ],
        "x-ms-correlation-request-id": [
          "27d4733b-ebf5-4e4e-8814-82d9d7b3fd4c"
        ],
        "x-ms-routing-request-id": [
          "WESTINDIA:20201130T112133Z:27d4733b-ebf5-4e4e-8814-82d9d7b3fd4c"
        ],
        "X-Content-Type-Options": [
          "nosniff"
        ],
        "Date": [
          "Mon, 30 Nov 2020 11:21:33 GMT"
        ],
        "Content-Length": [
          "134"
        ],
        "Content-Type": [
          "application/json; charset=utf-8"
        ],
        "Expires": [
          "-1"
        ]
      },
      "ResponseBody": "{\r\n  \"startTime\": \"2020-11-30T16:43:27.2795627+05:30\",\r\n  \"status\": \"InProgress\",\r\n  \"name\": \"02a21c1b-d119-4c95-a7ea-2961d9a8ba72\"\r\n}",
      "StatusCode": 200
    },
    {
      "RequestUri": "/subscriptions/0296790d-427c-48ca-b204-8b729bbd8670/providers/Microsoft.Compute/locations/eastus2euap/CsOperations/02a21c1b-d119-4c95-a7ea-2961d9a8ba72?api-version=2020-10-01-preview",
      "EncodedRequestUri": "L3N1YnNjcmlwdGlvbnMvMDI5Njc5MGQtNDI3Yy00OGNhLWIyMDQtOGI3MjliYmQ4NjcwL3Byb3ZpZGVycy9NaWNyb3NvZnQuQ29tcHV0ZS9sb2NhdGlvbnMvZWFzdHVzMmV1YXAvQ3NPcGVyYXRpb25zLzAyYTIxYzFiLWQxMTktNGM5NS1hN2VhLTI5NjFkOWE4YmE3Mj9hcGktdmVyc2lvbj0yMDIwLTEwLTAxLXByZXZpZXc=",
      "RequestMethod": "GET",
      "RequestBody": "",
      "RequestHeaders": {
        "User-Agent": [
          "FxVersion/4.6.29321.03",
          "OSName/Windows",
          "OSVersion/Microsoft.Windows.10.0.19042.",
          "Microsoft.Azure.Management.Compute.ComputeManagementClient/42.0.0.0"
        ]
      },
      "ResponseHeaders": {
        "Cache-Control": [
          "no-cache"
        ],
        "Pragma": [
          "no-cache"
        ],
        "Strict-Transport-Security": [
          "max-age=31536000; includeSubDomains"
        ],
        "x-ms-served-by": [
          "d0ba83bc-edc5-4e6f-9f44-ffdf483a2aae_132510055604810811"
        ],
        "x-ms-request-id": [
          "3bf16873-a9ea-496d-9e54-0aa4804cedb0"
        ],
        "Server": [
          "Microsoft-HTTPAPI/2.0",
          "Microsoft-HTTPAPI/2.0"
        ],
        "x-ms-ratelimit-remaining-subscription-reads": [
          "11965"
        ],
        "x-ms-correlation-request-id": [
          "70674ca6-b37a-447b-bc82-9adb12d29c27"
        ],
        "x-ms-routing-request-id": [
          "WESTINDIA:20201130T112203Z:70674ca6-b37a-447b-bc82-9adb12d29c27"
        ],
        "X-Content-Type-Options": [
          "nosniff"
        ],
        "Date": [
          "Mon, 30 Nov 2020 11:22:03 GMT"
        ],
        "Content-Length": [
          "184"
        ],
        "Content-Type": [
          "application/json; charset=utf-8"
        ],
        "Expires": [
          "-1"
        ]
      },
      "ResponseBody": "{\r\n  \"startTime\": \"2020-11-30T16:43:27.2795627+05:30\",\r\n  \"endTime\": \"2020-11-30T16:51:46.7365528+05:30\",\r\n  \"status\": \"Succeeded\",\r\n  \"name\": \"02a21c1b-d119-4c95-a7ea-2961d9a8ba72\"\r\n}",
      "StatusCode": 200
    },
    {
      "RequestUri": "/subscriptions/0296790d-427c-48ca-b204-8b729bbd8670/resourceGroups/crptestar7111/providers/Microsoft.Compute/cloudServices/cs6953?api-version=2020-10-01-preview",
      "EncodedRequestUri": "L3N1YnNjcmlwdGlvbnMvMDI5Njc5MGQtNDI3Yy00OGNhLWIyMDQtOGI3MjliYmQ4NjcwL3Jlc291cmNlR3JvdXBzL2NycHRlc3RhcjcxMTEvcHJvdmlkZXJzL01pY3Jvc29mdC5Db21wdXRlL2Nsb3VkU2VydmljZXMvY3M2OTUzP2FwaS12ZXJzaW9uPTIwMjAtMTAtMDEtcHJldmlldw==",
      "RequestMethod": "DELETE",
      "RequestBody": "",
      "RequestHeaders": {
        "x-ms-client-request-id": [
          "274e4483-6cbd-4696-b5d5-c3c4d32f6e80"
        ],
        "Accept-Language": [
          "en-US"
        ],
        "User-Agent": [
          "FxVersion/4.6.29321.03",
          "OSName/Windows",
          "OSVersion/Microsoft.Windows.10.0.19042.",
          "Microsoft.Azure.Management.Compute.ComputeManagementClient/42.0.0.0"
        ]
      },
      "ResponseHeaders": {
        "Cache-Control": [
          "no-cache"
        ],
        "Pragma": [
          "no-cache"
        ],
        "Location": [
          "https://management.azure.com/subscriptions/0296790d-427c-48ca-b204-8b729bbd8670/providers/Microsoft.Compute/locations/eastus2euap/CsOperations/19053364-1dca-4949-8244-f00d21e5cdc0?monitor=true&api-version=2020-10-01-preview"
        ],
        "Azure-AsyncOperation": [
          "https://management.azure.com/subscriptions/0296790d-427c-48ca-b204-8b729bbd8670/providers/Microsoft.Compute/locations/eastus2euap/CsOperations/19053364-1dca-4949-8244-f00d21e5cdc0?api-version=2020-10-01-preview"
        ],
        "Strict-Transport-Security": [
          "max-age=31536000; includeSubDomains"
        ],
        "x-ms-request-id": [
          "19053364-1dca-4949-8244-f00d21e5cdc0"
        ],
        "Server": [
          "Microsoft-HTTPAPI/2.0,Microsoft-HTTPAPI/2.0 Microsoft-HTTPAPI/2.0 Microsoft-HTTPAPI/2.0"
        ],
        "x-ms-ratelimit-remaining-subscription-deletes": [
          "14997"
        ],
        "x-ms-correlation-request-id": [
          "881200e1-ecd3-47c4-a238-dbc97fe951c8"
        ],
        "x-ms-routing-request-id": [
          "WESTINDIA:20201130T112205Z:881200e1-ecd3-47c4-a238-dbc97fe951c8"
        ],
        "X-Content-Type-Options": [
          "nosniff"
        ],
        "Date": [
          "Mon, 30 Nov 2020 11:22:05 GMT"
        ],
        "Expires": [
          "-1"
        ],
        "Content-Length": [
          "0"
        ]
      },
      "ResponseBody": "",
      "StatusCode": 202
    },
    {
      "RequestUri": "/subscriptions/0296790d-427c-48ca-b204-8b729bbd8670/providers/Microsoft.Compute/locations/eastus2euap/CsOperations/19053364-1dca-4949-8244-f00d21e5cdc0?api-version=2020-10-01-preview",
      "EncodedRequestUri": "L3N1YnNjcmlwdGlvbnMvMDI5Njc5MGQtNDI3Yy00OGNhLWIyMDQtOGI3MjliYmQ4NjcwL3Byb3ZpZGVycy9NaWNyb3NvZnQuQ29tcHV0ZS9sb2NhdGlvbnMvZWFzdHVzMmV1YXAvQ3NPcGVyYXRpb25zLzE5MDUzMzY0LTFkY2EtNDk0OS04MjQ0LWYwMGQyMWU1Y2RjMD9hcGktdmVyc2lvbj0yMDIwLTEwLTAxLXByZXZpZXc=",
      "RequestMethod": "GET",
      "RequestBody": "",
      "RequestHeaders": {
        "User-Agent": [
          "FxVersion/4.6.29321.03",
          "OSName/Windows",
          "OSVersion/Microsoft.Windows.10.0.19042.",
          "Microsoft.Azure.Management.Compute.ComputeManagementClient/42.0.0.0"
        ]
      },
      "ResponseHeaders": {
        "Cache-Control": [
          "no-cache"
        ],
        "Pragma": [
          "no-cache"
        ],
        "Strict-Transport-Security": [
          "max-age=31536000; includeSubDomains"
        ],
        "x-ms-served-by": [
          "d0ba83bc-edc5-4e6f-9f44-ffdf483a2aae_132510055604810811"
        ],
        "x-ms-request-id": [
          "3bd1f911-2e32-4c69-9f67-883c21049b5c"
        ],
        "Server": [
          "Microsoft-HTTPAPI/2.0",
          "Microsoft-HTTPAPI/2.0"
        ],
        "x-ms-ratelimit-remaining-subscription-reads": [
          "11962"
        ],
        "x-ms-correlation-request-id": [
          "1e8be5d6-978e-48b4-8473-ebc14ffdcb72"
        ],
        "x-ms-routing-request-id": [
          "WESTINDIA:20201130T112236Z:1e8be5d6-978e-48b4-8473-ebc14ffdcb72"
        ],
        "X-Content-Type-Options": [
          "nosniff"
        ],
        "Date": [
          "Mon, 30 Nov 2020 11:22:35 GMT"
        ],
        "Content-Length": [
          "134"
        ],
        "Content-Type": [
          "application/json; charset=utf-8"
        ],
        "Expires": [
          "-1"
        ]
      },
      "ResponseBody": "{\r\n  \"startTime\": \"2020-11-30T16:52:05.7002572+05:30\",\r\n  \"status\": \"InProgress\",\r\n  \"name\": \"19053364-1dca-4949-8244-f00d21e5cdc0\"\r\n}",
      "StatusCode": 200
    },
    {
      "RequestUri": "/subscriptions/0296790d-427c-48ca-b204-8b729bbd8670/providers/Microsoft.Compute/locations/eastus2euap/CsOperations/19053364-1dca-4949-8244-f00d21e5cdc0?api-version=2020-10-01-preview",
      "EncodedRequestUri": "L3N1YnNjcmlwdGlvbnMvMDI5Njc5MGQtNDI3Yy00OGNhLWIyMDQtOGI3MjliYmQ4NjcwL3Byb3ZpZGVycy9NaWNyb3NvZnQuQ29tcHV0ZS9sb2NhdGlvbnMvZWFzdHVzMmV1YXAvQ3NPcGVyYXRpb25zLzE5MDUzMzY0LTFkY2EtNDk0OS04MjQ0LWYwMGQyMWU1Y2RjMD9hcGktdmVyc2lvbj0yMDIwLTEwLTAxLXByZXZpZXc=",
      "RequestMethod": "GET",
      "RequestBody": "",
      "RequestHeaders": {
        "User-Agent": [
          "FxVersion/4.6.29321.03",
          "OSName/Windows",
          "OSVersion/Microsoft.Windows.10.0.19042.",
          "Microsoft.Azure.Management.Compute.ComputeManagementClient/42.0.0.0"
        ]
      },
      "ResponseHeaders": {
        "Cache-Control": [
          "no-cache"
        ],
        "Pragma": [
          "no-cache"
        ],
        "Strict-Transport-Security": [
          "max-age=31536000; includeSubDomains"
        ],
        "x-ms-served-by": [
          "d0ba83bc-edc5-4e6f-9f44-ffdf483a2aae_132510055604810811"
        ],
        "x-ms-request-id": [
          "c3e99d4d-f5f8-4106-816c-8fb25a1d7924"
        ],
        "Server": [
          "Microsoft-HTTPAPI/2.0",
          "Microsoft-HTTPAPI/2.0"
        ],
        "x-ms-ratelimit-remaining-subscription-reads": [
          "11961"
        ],
        "x-ms-correlation-request-id": [
          "92cfa859-a564-4a81-af6c-0e22987c42a4"
        ],
        "x-ms-routing-request-id": [
          "WESTINDIA:20201130T112306Z:92cfa859-a564-4a81-af6c-0e22987c42a4"
        ],
        "X-Content-Type-Options": [
          "nosniff"
        ],
        "Date": [
          "Mon, 30 Nov 2020 11:23:05 GMT"
        ],
        "Content-Length": [
          "134"
        ],
        "Content-Type": [
          "application/json; charset=utf-8"
        ],
        "Expires": [
          "-1"
        ]
      },
      "ResponseBody": "{\r\n  \"startTime\": \"2020-11-30T16:52:05.7002572+05:30\",\r\n  \"status\": \"InProgress\",\r\n  \"name\": \"19053364-1dca-4949-8244-f00d21e5cdc0\"\r\n}",
      "StatusCode": 200
    },
    {
      "RequestUri": "/subscriptions/0296790d-427c-48ca-b204-8b729bbd8670/providers/Microsoft.Compute/locations/eastus2euap/CsOperations/19053364-1dca-4949-8244-f00d21e5cdc0?api-version=2020-10-01-preview",
      "EncodedRequestUri": "L3N1YnNjcmlwdGlvbnMvMDI5Njc5MGQtNDI3Yy00OGNhLWIyMDQtOGI3MjliYmQ4NjcwL3Byb3ZpZGVycy9NaWNyb3NvZnQuQ29tcHV0ZS9sb2NhdGlvbnMvZWFzdHVzMmV1YXAvQ3NPcGVyYXRpb25zLzE5MDUzMzY0LTFkY2EtNDk0OS04MjQ0LWYwMGQyMWU1Y2RjMD9hcGktdmVyc2lvbj0yMDIwLTEwLTAxLXByZXZpZXc=",
      "RequestMethod": "GET",
      "RequestBody": "",
      "RequestHeaders": {
        "User-Agent": [
          "FxVersion/4.6.29321.03",
          "OSName/Windows",
          "OSVersion/Microsoft.Windows.10.0.19042.",
          "Microsoft.Azure.Management.Compute.ComputeManagementClient/42.0.0.0"
        ]
      },
      "ResponseHeaders": {
        "Cache-Control": [
          "no-cache"
        ],
        "Pragma": [
          "no-cache"
        ],
        "Strict-Transport-Security": [
          "max-age=31536000; includeSubDomains"
        ],
        "x-ms-served-by": [
          "d0ba83bc-edc5-4e6f-9f44-ffdf483a2aae_132510055604810811"
        ],
        "x-ms-request-id": [
          "3cd4eacb-1613-4464-9815-77c24dcfd0eb"
        ],
        "Server": [
          "Microsoft-HTTPAPI/2.0",
          "Microsoft-HTTPAPI/2.0"
        ],
        "x-ms-ratelimit-remaining-subscription-reads": [
          "11960"
        ],
        "x-ms-correlation-request-id": [
          "232848cb-59e7-4c27-918d-329320275084"
        ],
        "x-ms-routing-request-id": [
          "WESTINDIA:20201130T112336Z:232848cb-59e7-4c27-918d-329320275084"
        ],
        "X-Content-Type-Options": [
          "nosniff"
        ],
        "Date": [
          "Mon, 30 Nov 2020 11:23:36 GMT"
        ],
        "Content-Length": [
          "134"
        ],
        "Content-Type": [
          "application/json; charset=utf-8"
        ],
        "Expires": [
          "-1"
        ]
      },
      "ResponseBody": "{\r\n  \"startTime\": \"2020-11-30T16:52:05.7002572+05:30\",\r\n  \"status\": \"InProgress\",\r\n  \"name\": \"19053364-1dca-4949-8244-f00d21e5cdc0\"\r\n}",
      "StatusCode": 200
    },
    {
      "RequestUri": "/subscriptions/0296790d-427c-48ca-b204-8b729bbd8670/providers/Microsoft.Compute/locations/eastus2euap/CsOperations/19053364-1dca-4949-8244-f00d21e5cdc0?api-version=2020-10-01-preview",
      "EncodedRequestUri": "L3N1YnNjcmlwdGlvbnMvMDI5Njc5MGQtNDI3Yy00OGNhLWIyMDQtOGI3MjliYmQ4NjcwL3Byb3ZpZGVycy9NaWNyb3NvZnQuQ29tcHV0ZS9sb2NhdGlvbnMvZWFzdHVzMmV1YXAvQ3NPcGVyYXRpb25zLzE5MDUzMzY0LTFkY2EtNDk0OS04MjQ0LWYwMGQyMWU1Y2RjMD9hcGktdmVyc2lvbj0yMDIwLTEwLTAxLXByZXZpZXc=",
      "RequestMethod": "GET",
      "RequestBody": "",
      "RequestHeaders": {
        "User-Agent": [
          "FxVersion/4.6.29321.03",
          "OSName/Windows",
          "OSVersion/Microsoft.Windows.10.0.19042.",
          "Microsoft.Azure.Management.Compute.ComputeManagementClient/42.0.0.0"
        ]
      },
      "ResponseHeaders": {
        "Cache-Control": [
          "no-cache"
        ],
        "Pragma": [
          "no-cache"
        ],
        "Strict-Transport-Security": [
          "max-age=31536000; includeSubDomains"
        ],
        "x-ms-served-by": [
          "d0ba83bc-edc5-4e6f-9f44-ffdf483a2aae_132510055604810811"
        ],
        "x-ms-request-id": [
          "fc65c9e1-8561-440b-84fa-4b9652f3867f"
        ],
        "Server": [
          "Microsoft-HTTPAPI/2.0",
          "Microsoft-HTTPAPI/2.0"
        ],
        "x-ms-ratelimit-remaining-subscription-reads": [
          "11959"
        ],
        "x-ms-correlation-request-id": [
          "03b3282f-3060-43b8-9899-ce5b2d220e48"
        ],
        "x-ms-routing-request-id": [
          "WESTINDIA:20201130T112406Z:03b3282f-3060-43b8-9899-ce5b2d220e48"
        ],
        "X-Content-Type-Options": [
          "nosniff"
        ],
        "Date": [
          "Mon, 30 Nov 2020 11:24:06 GMT"
        ],
        "Content-Length": [
          "184"
        ],
        "Content-Type": [
          "application/json; charset=utf-8"
        ],
        "Expires": [
          "-1"
        ]
      },
      "ResponseBody": "{\r\n  \"startTime\": \"2020-11-30T16:52:05.7002572+05:30\",\r\n  \"endTime\": \"2020-11-30T16:53:46.4442908+05:30\",\r\n  \"status\": \"Succeeded\",\r\n  \"name\": \"19053364-1dca-4949-8244-f00d21e5cdc0\"\r\n}",
      "StatusCode": 200
    },
    {
      "RequestUri": "/subscriptions/0296790d-427c-48ca-b204-8b729bbd8670/providers/Microsoft.Compute/locations/eastus2euap/CsOperations/19053364-1dca-4949-8244-f00d21e5cdc0?monitor=true&api-version=2020-10-01-preview",
      "EncodedRequestUri": "L3N1YnNjcmlwdGlvbnMvMDI5Njc5MGQtNDI3Yy00OGNhLWIyMDQtOGI3MjliYmQ4NjcwL3Byb3ZpZGVycy9NaWNyb3NvZnQuQ29tcHV0ZS9sb2NhdGlvbnMvZWFzdHVzMmV1YXAvQ3NPcGVyYXRpb25zLzE5MDUzMzY0LTFkY2EtNDk0OS04MjQ0LWYwMGQyMWU1Y2RjMD9tb25pdG9yPXRydWUmYXBpLXZlcnNpb249MjAyMC0xMC0wMS1wcmV2aWV3",
      "RequestMethod": "GET",
      "RequestBody": "",
      "RequestHeaders": {
        "User-Agent": [
          "FxVersion/4.6.29321.03",
          "OSName/Windows",
          "OSVersion/Microsoft.Windows.10.0.19042.",
          "Microsoft.Azure.Management.Compute.ComputeManagementClient/42.0.0.0"
        ]
      },
      "ResponseHeaders": {
        "Cache-Control": [
          "no-cache"
        ],
        "Pragma": [
          "no-cache"
        ],
        "Strict-Transport-Security": [
          "max-age=31536000; includeSubDomains"
        ],
        "x-ms-served-by": [
          "d0ba83bc-edc5-4e6f-9f44-ffdf483a2aae_132510055604810811"
        ],
        "x-ms-request-id": [
          "cd967cb1-40b4-4ea2-98a1-7812de99bad8"
        ],
        "Server": [
          "Microsoft-HTTPAPI/2.0",
          "Microsoft-HTTPAPI/2.0"
        ],
        "x-ms-ratelimit-remaining-subscription-reads": [
          "11958"
        ],
        "x-ms-correlation-request-id": [
          "26e46724-015b-4834-bc0e-6d965eba179e"
        ],
        "x-ms-routing-request-id": [
          "WESTINDIA:20201130T112407Z:26e46724-015b-4834-bc0e-6d965eba179e"
        ],
        "X-Content-Type-Options": [
          "nosniff"
        ],
        "Date": [
          "Mon, 30 Nov 2020 11:24:06 GMT"
        ],
        "Expires": [
          "-1"
        ],
        "Content-Length": [
          "0"
        ]
      },
      "ResponseBody": "",
      "StatusCode": 200
    },
    {
      "RequestUri": "/subscriptions/0296790d-427c-48ca-b204-8b729bbd8670/resourcegroups/crptestar7111?api-version=2017-05-10",
      "EncodedRequestUri": "L3N1YnNjcmlwdGlvbnMvMDI5Njc5MGQtNDI3Yy00OGNhLWIyMDQtOGI3MjliYmQ4NjcwL3Jlc291cmNlZ3JvdXBzL2NycHRlc3RhcjcxMTE/YXBpLXZlcnNpb249MjAxNy0wNS0xMA==",
      "RequestMethod": "DELETE",
      "RequestBody": "",
      "RequestHeaders": {
        "x-ms-client-request-id": [
          "9d238858-c251-4610-9be4-188e8b05ff7d"
        ],
        "Accept-Language": [
          "en-US"
        ],
        "User-Agent": [
          "FxVersion/4.6.29321.03",
          "OSName/Windows",
          "OSVersion/Microsoft.Windows.10.0.19042.",
          "Microsoft.Azure.Management.ResourceManager.ResourceManagementClient/1.6.0.0"
        ]
      },
      "ResponseHeaders": {
        "Cache-Control": [
          "no-cache"
        ],
        "Pragma": [
          "no-cache"
        ],
        "Location": [
          "https://management.azure.com/subscriptions/0296790d-427c-48ca-b204-8b729bbd8670/operationresults/eyJqb2JJZCI6IlJFU09VUkNFR1JPVVBERUxFVElPTkpPQi1DUlBURVNUQVI3MTExLUVBU1RVUzJFVUFQIiwiam9iTG9jYXRpb24iOiJlYXN0dXMyZXVhcCJ9?api-version=2017-05-10"
        ],
        "Retry-After": [
          "15"
        ],
        "x-ms-ratelimit-remaining-subscription-deletes": [
          "14999"
        ],
        "x-ms-request-id": [
          "dbfed364-a95f-4e9b-825b-b5cc95478f79"
        ],
        "x-ms-correlation-request-id": [
          "dbfed364-a95f-4e9b-825b-b5cc95478f79"
        ],
        "x-ms-routing-request-id": [
          "WESTINDIA:20201130T112411Z:dbfed364-a95f-4e9b-825b-b5cc95478f79"
        ],
        "Strict-Transport-Security": [
          "max-age=31536000; includeSubDomains"
        ],
        "X-Content-Type-Options": [
          "nosniff"
        ],
        "Date": [
          "Mon, 30 Nov 2020 11:24:11 GMT"
        ],
        "Expires": [
          "-1"
        ],
        "Content-Length": [
          "0"
        ]
      },
      "ResponseBody": "",
      "StatusCode": 202
    }
  ],
  "Names": {
    "TestCloudServiceUpdateOperations": [
      "crptestar7111",
      "cs6953",
      "cspip1227",
      "csvnet2556",
      "subnet9464",
      "dns871",
      "lb2185",
      "lbfe765"
    ],
    "CreateCspkgSasUrl": [
      "saforcspkg1575",
      "asforcspkg7643",
      "saforcspkg4339",
      "asforcspkg1169"
    ]
  },
  "Variables": {
    "SubscriptionId": "0296790d-427c-48ca-b204-8b729bbd8670"
  }
}