{
  "Entries": [
    {
      "RequestUri": "//customvision/v3.4-preview/training/projects/0901d86b-f227-43e0-9630-d172ccfd41e5/export",
      "EncodedRequestUri": "Ly9jdXN0b212aXNpb24vdjMuNC1wcmV2aWV3L3RyYWluaW5nL3Byb2plY3RzLzA5MDFkODZiLWYyMjctNDNlMC05NjMwLWQxNzJjY2ZkNDFlNS9leHBvcnQ=",
      "RequestMethod": "GET",
      "RequestBody": "",
      "RequestHeaders": {
        "Training-Key": [
          ""
        ],
        "User-Agent": [
          "FxVersion/4.6.29321.03",
          "OSName/Windows",
          "OSVersion/Microsoft.Windows.10.0.18363.",
          "Microsoft.Azure.CognitiveServices.Vision.CustomVision.Training.CustomVisionTrainingClient/2.0.0.0"
        ]
      },
      "ResponseHeaders": {
        "Request-Id": [
          "27778ce2-b427-4172-a2db-a5c6e8233b60"
        ],
        "apim-request-id": [
          "27778ce2-b427-4172-a2db-a5c6e8233b60"
        ],
        "Strict-Transport-Security": [
          "max-age=31536000; includeSubDomains; preload"
        ],
        "X-Content-Type-Options": [
          "nosniff"
        ],
        "Date": [
          "Fri, 06 Nov 2020 16:31:44 GMT"
        ],
        "Content-Length": [
          "325"
        ],
        "Content-Type": [
          "application/json; charset=utf-8"
        ]
      },
      "ResponseBody": "{\r\n  \"iterationCount\": 1,\r\n  \"imageCount\": 10,\r\n  \"tagCount\": 4,\r\n  \"regionCount\": 0,\r\n  \"estimatedImportTimeInMS\": 5081,\r\n  \"token\": \"https://irisprodeu2training.blob.core.windows.net/prjexp-0901d86bf22743e09630d172ccfd41e5/project-export-info?sv=2017-04-17&sr=b&sig=23gMpzxjAGu%2BwxgPv%2BMZokEgzDh0njho%2BiX2QOjeG7k%3D&se=2020-11-07T16%3A31%3A44Z&sp=r\"\r\n}",
      "StatusCode": 200
    },
    {
      "RequestUri": "//customvision/v3.4-preview/training/projects/import?token=https%3A%2F%2Firisprodeu2training.blob.core.windows.net%2Fprjexp-0901d86bf22743e09630d172ccfd41e5%2Fproject-export-info%3Fsv%3D2017-04-17%26sr%3Db%26sig%3D23gMpzxjAGu%252BwxgPv%252BMZokEgzDh0njho%252BiX2QOjeG7k%253D%26se%3D2020-11-07T16%253A31%253A44Z%26sp%3Dr",
      "EncodedRequestUri": "Ly9jdXN0b212aXNpb24vdjMuNC1wcmV2aWV3L3RyYWluaW5nL3Byb2plY3RzL2ltcG9ydD90b2tlbj1odHRwcyUzQSUyRiUyRmlyaXNwcm9kZXUydHJhaW5pbmcuYmxvYi5jb3JlLndpbmRvd3MubmV0JTJGcHJqZXhwLTA5MDFkODZiZjIyNzQzZTA5NjMwZDE3MmNjZmQ0MWU1JTJGcHJvamVjdC1leHBvcnQtaW5mbyUzRnN2JTNEMjAxNy0wNC0xNyUyNnNyJTNEYiUyNnNpZyUzRDIzZ01wenhqQUd1JTI1MkJ3eGdQdiUyNTJCTVpva0VnekRoMG5qaG8lMjUyQmlYMlFPamVHN2slMjUzRCUyNnNlJTNEMjAyMC0xMS0wN1QxNiUyNTNBMzElMjUzQTQ0WiUyNnNwJTNEcg==",
      "RequestMethod": "POST",
      "RequestBody": "",
      "RequestHeaders": {
        "Training-Key": [
          ""
        ],
        "User-Agent": [
          "FxVersion/4.6.29321.03",
          "OSName/Windows",
          "OSVersion/Microsoft.Windows.10.0.18363.",
          "Microsoft.Azure.CognitiveServices.Vision.CustomVision.Training.CustomVisionTrainingClient/2.0.0.0"
        ]
      },
      "ResponseHeaders": {
        "Request-Id": [
          "4dbb525d-c253-4e4b-8a7d-bd8d60ac72a5"
        ],
        "apim-request-id": [
          "4dbb525d-c253-4e4b-8a7d-bd8d60ac72a5"
        ],
        "Strict-Transport-Security": [
          "max-age=31536000; includeSubDomains; preload"
        ],
        "X-Content-Type-Options": [
          "nosniff"
        ],
        "Date": [
          "Fri, 06 Nov 2020 16:31:45 GMT"
        ],
        "Content-Length": [
          "611"
        ],
        "Content-Type": [
          "application/json; charset=utf-8"
        ]
      },
      "ResponseBody": "{\r\n  \"id\": \"8a5d08a0-7d70-499f-b92b-655752b5f4ff\",\r\n  \"name\": \"SDK UT: 4743f58e-08c9-4c9a-b2b5-9036f0daf00a (1)\",\r\n  \"description\": \"\",\r\n  \"settings\": {\r\n    \"domainId\": \"ee85a74c-405e-4adc-bb47-ffa8ca0c9f31\",\r\n    \"classificationType\": \"Multilabel\",\r\n    \"targetExportPlatforms\": [],\r\n    \"useNegativeSet\": true,\r\n    \"detectionParameters\": null,\r\n    \"imageProcessingSettings\": {\r\n      \"augmentationMethods\": {\r\n        \"rotation\": true,\r\n        \"scaling\": true,\r\n        \"translation\": true,\r\n        \"horizontal flip\": true,\r\n        \"equalize\": true,\r\n        \"solarize\": true,\r\n        \"padtosquare\": true\r\n      }\r\n    }\r\n  },\r\n  \"created\": \"2020-11-06T16:31:44.723Z\",\r\n  \"lastModified\": \"2020-11-06T16:31:44.723Z\",\r\n  \"thumbnailUri\": null,\r\n  \"drModeEnabled\": false,\r\n  \"status\": \"Importing\"\r\n}",
      "StatusCode": 200
    },
    {
      "RequestUri": "//customvision/v3.4-preview/training/projects/8a5d08a0-7d70-499f-b92b-655752b5f4ff",
      "EncodedRequestUri": "Ly9jdXN0b212aXNpb24vdjMuNC1wcmV2aWV3L3RyYWluaW5nL3Byb2plY3RzLzhhNWQwOGEwLTdkNzAtNDk5Zi1iOTJiLTY1NTc1MmI1ZjRmZg==",
      "RequestMethod": "GET",
      "RequestBody": "",
      "RequestHeaders": {
        "Training-Key": [
          ""
        ],
        "User-Agent": [
          "FxVersion/4.6.29321.03",
          "OSName/Windows",
          "OSVersion/Microsoft.Windows.10.0.18363.",
          "Microsoft.Azure.CognitiveServices.Vision.CustomVision.Training.CustomVisionTrainingClient/2.0.0.0"
        ]
      },
      "ResponseHeaders": {
        "Request-Id": [
          "92607851-2d02-4357-9ae6-7365f0e65372"
        ],
        "apim-request-id": [
          "92607851-2d02-4357-9ae6-7365f0e65372"
        ],
        "Strict-Transport-Security": [
          "max-age=31536000; includeSubDomains; preload"
        ],
        "X-Content-Type-Options": [
          "nosniff"
        ],
        "Date": [
          "Fri, 06 Nov 2020 16:32:05 GMT"
        ],
        "Content-Length": [
          "837"
        ],
        "Content-Type": [
          "application/json; charset=utf-8"
        ]
      },
      "ResponseBody": "{\r\n  \"id\": \"8a5d08a0-7d70-499f-b92b-655752b5f4ff\",\r\n  \"name\": \"SDK UT: 4743f58e-08c9-4c9a-b2b5-9036f0daf00a (1)\",\r\n  \"description\": \"\",\r\n  \"settings\": {\r\n    \"domainId\": \"ee85a74c-405e-4adc-bb47-ffa8ca0c9f31\",\r\n    \"classificationType\": \"Multilabel\",\r\n    \"targetExportPlatforms\": [],\r\n    \"useNegativeSet\": true,\r\n    \"detectionParameters\": null,\r\n    \"imageProcessingSettings\": {\r\n      \"augmentationMethods\": {\r\n        \"rotation\": true,\r\n        \"scaling\": true,\r\n        \"translation\": true,\r\n        \"horizontal flip\": true,\r\n        \"equalize\": true,\r\n        \"solarize\": true,\r\n        \"padtosquare\": true\r\n      }\r\n    }\r\n  },\r\n  \"created\": \"2020-11-06T16:31:44.723Z\",\r\n  \"lastModified\": \"2020-11-06T16:31:58.999Z\",\r\n  \"thumbnailUri\": \"https://irisprodeu2training.blob.core.windows.net/i-8a5d08a07d70499fb92b655752b5f4ff/t-dcaafb99cde144b7862e001562b5e291?sv=2017-04-17&sr=b&sig=u7Y%2FajkyXIcgx9vFE%2FkFJK9HKjFuBEfIuQW7arSia%2BY%3D&se=2020-11-07T16%3A32%3A05Z&sp=r\",\r\n  \"drModeEnabled\": false,\r\n  \"status\": \"Succeeded\"\r\n}",
      "StatusCode": 200
    },
    {
      "RequestUri": "//customvision/v3.4-preview/training/projects/8a5d08a0-7d70-499f-b92b-655752b5f4ff/images/tagged/count",
      "EncodedRequestUri": "Ly9jdXN0b212aXNpb24vdjMuNC1wcmV2aWV3L3RyYWluaW5nL3Byb2plY3RzLzhhNWQwOGEwLTdkNzAtNDk5Zi1iOTJiLTY1NTc1MmI1ZjRmZi9pbWFnZXMvdGFnZ2VkL2NvdW50",
      "RequestMethod": "GET",
      "RequestBody": "",
      "RequestHeaders": {
        "Training-Key": [
          ""
        ],
        "User-Agent": [
          "FxVersion/4.6.29321.03",
          "OSName/Windows",
          "OSVersion/Microsoft.Windows.10.0.18363.",
          "Microsoft.Azure.CognitiveServices.Vision.CustomVision.Training.CustomVisionTrainingClient/2.0.0.0"
        ]
      },
      "ResponseHeaders": {
        "Request-Id": [
          "3293de78-9ef0-409e-9e64-2b1d67942241"
        ],
        "apim-request-id": [
          "3293de78-9ef0-409e-9e64-2b1d67942241"
        ],
        "Strict-Transport-Security": [
          "max-age=31536000; includeSubDomains; preload"
        ],
        "X-Content-Type-Options": [
          "nosniff"
        ],
        "Date": [
          "Fri, 06 Nov 2020 16:32:05 GMT"
        ],
        "Content-Length": [
          "2"
        ],
        "Content-Type": [
          "application/json; charset=utf-8"
        ]
      },
      "ResponseBody": "10",
      "StatusCode": 200
    },
    {
      "RequestUri": "//customvision/v3.4-preview/training/projects/0901d86b-f227-43e0-9630-d172ccfd41e5/images/tagged/count",
      "EncodedRequestUri": "Ly9jdXN0b212aXNpb24vdjMuNC1wcmV2aWV3L3RyYWluaW5nL3Byb2plY3RzLzA5MDFkODZiLWYyMjctNDNlMC05NjMwLWQxNzJjY2ZkNDFlNS9pbWFnZXMvdGFnZ2VkL2NvdW50",
      "RequestMethod": "GET",
      "RequestBody": "",
      "RequestHeaders": {
        "Training-Key": [
          ""
        ],
        "User-Agent": [
          "FxVersion/4.6.29321.03",
          "OSName/Windows",
          "OSVersion/Microsoft.Windows.10.0.18363.",
          "Microsoft.Azure.CognitiveServices.Vision.CustomVision.Training.CustomVisionTrainingClient/2.0.0.0"
        ]
      },
      "ResponseHeaders": {
        "Request-Id": [
          "579468cf-1f00-4602-afc1-253ce98fd721"
        ],
        "apim-request-id": [
          "579468cf-1f00-4602-afc1-253ce98fd721"
        ],
        "Strict-Transport-Security": [
          "max-age=31536000; includeSubDomains; preload"
        ],
        "X-Content-Type-Options": [
          "nosniff"
        ],
        "Date": [
          "Fri, 06 Nov 2020 16:32:05 GMT"
        ],
        "Content-Length": [
          "2"
        ],
        "Content-Type": [
          "application/json; charset=utf-8"
        ]
      },
      "ResponseBody": "10",
      "StatusCode": 200
    },
    {
      "RequestUri": "//customvision/v3.4-preview/training/projects/8a5d08a0-7d70-499f-b92b-655752b5f4ff/tags",
      "EncodedRequestUri": "Ly9jdXN0b212aXNpb24vdjMuNC1wcmV2aWV3L3RyYWluaW5nL3Byb2plY3RzLzhhNWQwOGEwLTdkNzAtNDk5Zi1iOTJiLTY1NTc1MmI1ZjRmZi90YWdz",
      "RequestMethod": "GET",
      "RequestBody": "",
      "RequestHeaders": {
        "Training-Key": [
          ""
        ],
        "User-Agent": [
          "FxVersion/4.6.29321.03",
          "OSName/Windows",
          "OSVersion/Microsoft.Windows.10.0.18363.",
          "Microsoft.Azure.CognitiveServices.Vision.CustomVision.Training.CustomVisionTrainingClient/2.0.0.0"
        ]
      },
      "ResponseHeaders": {
        "Request-Id": [
          "97967419-dfeb-45ed-a4e4-5e42b7dc2f46"
        ],
        "apim-request-id": [
          "97967419-dfeb-45ed-a4e4-5e42b7dc2f46"
        ],
        "Strict-Transport-Security": [
          "max-age=31536000; includeSubDomains; preload"
        ],
        "X-Content-Type-Options": [
          "nosniff"
        ],
        "Date": [
          "Fri, 06 Nov 2020 16:32:05 GMT"
        ],
        "Content-Length": [
          "223"
        ],
        "Content-Type": [
          "application/json; charset=utf-8"
        ]
      },
      "ResponseBody": "[\r\n  {\r\n    \"id\": \"68fbb72d-2efd-4bc1-891d-511e16e31aca\",\r\n    \"name\": \"Tag2\",\r\n    \"description\": null,\r\n    \"type\": \"Regular\",\r\n    \"imageCount\": 5\r\n  },\r\n  {\r\n    \"id\": \"4020adbd-0199-4c57-9b3f-8d14bbbbb613\",\r\n    \"name\": \"Tag1\",\r\n    \"description\": null,\r\n    \"type\": \"Regular\",\r\n    \"imageCount\": 5\r\n  }\r\n]",
      "StatusCode": 200
    },
    {
      "RequestUri": "//customvision/v3.4-preview/training/projects/0901d86b-f227-43e0-9630-d172ccfd41e5/tags",
      "EncodedRequestUri": "Ly9jdXN0b212aXNpb24vdjMuNC1wcmV2aWV3L3RyYWluaW5nL3Byb2plY3RzLzA5MDFkODZiLWYyMjctNDNlMC05NjMwLWQxNzJjY2ZkNDFlNS90YWdz",
      "RequestMethod": "GET",
      "RequestBody": "",
      "RequestHeaders": {
        "Training-Key": [
          ""
        ],
        "User-Agent": [
          "FxVersion/4.6.29321.03",
          "OSName/Windows",
          "OSVersion/Microsoft.Windows.10.0.18363.",
          "Microsoft.Azure.CognitiveServices.Vision.CustomVision.Training.CustomVisionTrainingClient/2.0.0.0"
        ]
      },
      "ResponseHeaders": {
        "Request-Id": [
          "112fe4a1-00a8-415f-9e1b-14b088b7bfd0"
        ],
        "apim-request-id": [
          "112fe4a1-00a8-415f-9e1b-14b088b7bfd0"
        ],
        "Strict-Transport-Security": [
          "max-age=31536000; includeSubDomains; preload"
        ],
        "X-Content-Type-Options": [
          "nosniff"
        ],
        "Date": [
          "Fri, 06 Nov 2020 16:32:05 GMT"
        ],
        "Content-Length": [
          "223"
        ],
        "Content-Type": [
          "application/json; charset=utf-8"
        ]
      },
      "ResponseBody": "[\r\n  {\r\n    \"id\": \"6b33eec2-a102-4511-8c69-3f0652ecdcbf\",\r\n    \"name\": \"Tag1\",\r\n    \"description\": null,\r\n    \"type\": \"Regular\",\r\n    \"imageCount\": 5\r\n  },\r\n  {\r\n    \"id\": \"4cfbb08b-8ac2-494f-9f63-6056c8c2389a\",\r\n    \"name\": \"Tag2\",\r\n    \"description\": null,\r\n    \"type\": \"Regular\",\r\n    \"imageCount\": 5\r\n  }\r\n]",
      "StatusCode": 200
    },
    {
      "RequestUri": "//customvision/v3.4-preview/training/projects/8a5d08a0-7d70-499f-b92b-655752b5f4ff/iterations",
      "EncodedRequestUri": "Ly9jdXN0b212aXNpb24vdjMuNC1wcmV2aWV3L3RyYWluaW5nL3Byb2plY3RzLzhhNWQwOGEwLTdkNzAtNDk5Zi1iOTJiLTY1NTc1MmI1ZjRmZi9pdGVyYXRpb25z",
      "RequestMethod": "GET",
      "RequestBody": "",
      "RequestHeaders": {
        "Training-Key": [
          ""
        ],
        "User-Agent": [
          "FxVersion/4.6.29321.03",
          "OSName/Windows",
          "OSVersion/Microsoft.Windows.10.0.18363.",
          "Microsoft.Azure.CognitiveServices.Vision.CustomVision.Training.CustomVisionTrainingClient/2.0.0.0"
        ]
      },
      "ResponseHeaders": {
        "Request-Id": [
          "77ca5470-76df-4e7e-a649-c6c460f73826"
        ],
        "apim-request-id": [
          "77ca5470-76df-4e7e-a649-c6c460f73826"
        ],
        "Strict-Transport-Security": [
          "max-age=31536000; includeSubDomains; preload"
        ],
        "X-Content-Type-Options": [
          "nosniff"
        ],
        "Date": [
          "Fri, 06 Nov 2020 16:32:05 GMT"
        ],
        "Content-Length": [
          "565"
        ],
        "Content-Type": [
          "application/json; charset=utf-8"
        ]
      },
      "ResponseBody": "[\r\n  {\r\n    \"id\": \"077057b1-c28b-47a8-9848-937797962884\",\r\n    \"name\": \"Iteration 1\",\r\n    \"status\": \"Completed\",\r\n    \"created\": \"2020-11-06T16:31:44.74Z\",\r\n    \"lastModified\": \"2020-11-06T16:31:47.92Z\",\r\n    \"trainedAt\": \"2020-11-06T16:31:40.283Z\",\r\n    \"projectId\": \"8a5d08a0-7d70-499f-b92b-655752b5f4ff\",\r\n    \"exportable\": false,\r\n    \"exportableTo\": null,\r\n    \"domainId\": \"ee85a74c-405e-4adc-bb47-ffa8ca0c9f31\",\r\n    \"classificationType\": \"Multilabel\",\r\n    \"trainingType\": \"Regular\",\r\n    \"reservedBudgetInHours\": 0,\r\n    \"trainingTimeInMinutes\": 1,\r\n    \"publishName\": null,\r\n    \"originalPublishResourceId\": null,\r\n    \"customBaseModelInfo\": null,\r\n    \"trainingErrorDetails\": null\r\n  }\r\n]",
      "StatusCode": 200
    },
    {
      "RequestUri": "//customvision/v3.4-preview/training/projects/0901d86b-f227-43e0-9630-d172ccfd41e5/iterations",
      "EncodedRequestUri": "Ly9jdXN0b212aXNpb24vdjMuNC1wcmV2aWV3L3RyYWluaW5nL3Byb2plY3RzLzA5MDFkODZiLWYyMjctNDNlMC05NjMwLWQxNzJjY2ZkNDFlNS9pdGVyYXRpb25z",
      "RequestMethod": "GET",
      "RequestBody": "",
      "RequestHeaders": {
        "Training-Key": [
          ""
        ],
        "User-Agent": [
          "FxVersion/4.6.29321.03",
          "OSName/Windows",
          "OSVersion/Microsoft.Windows.10.0.18363.",
          "Microsoft.Azure.CognitiveServices.Vision.CustomVision.Training.CustomVisionTrainingClient/2.0.0.0"
        ]
      },
      "ResponseHeaders": {
        "Request-Id": [
          "5370e7f7-8561-48fd-8f78-c65b3602711e"
        ],
        "apim-request-id": [
          "5370e7f7-8561-48fd-8f78-c65b3602711e"
        ],
        "Strict-Transport-Security": [
          "max-age=31536000; includeSubDomains; preload"
        ],
        "X-Content-Type-Options": [
          "nosniff"
        ],
        "Date": [
          "Fri, 06 Nov 2020 16:32:05 GMT"
        ],
        "Content-Length": [
          "741"
        ],
        "Content-Type": [
          "application/json; charset=utf-8"
        ]
      },
      "ResponseBody": "[\r\n  {\r\n    \"id\": \"13a755a6-6caf-4843-a164-4167fd4cf8ce\",\r\n    \"name\": \"Iteration 1\",\r\n    \"status\": \"Completed\",\r\n    \"created\": \"2020-11-06T16:26:32.703Z\",\r\n    \"lastModified\": \"2020-11-06T16:31:40.721Z\",\r\n    \"trainedAt\": \"2020-11-06T16:31:40.282Z\",\r\n    \"projectId\": \"0901d86b-f227-43e0-9630-d172ccfd41e5\",\r\n    \"exportable\": false,\r\n    \"exportableTo\": null,\r\n    \"domainId\": \"ee85a74c-405e-4adc-bb47-ffa8ca0c9f31\",\r\n    \"classificationType\": \"Multilabel\",\r\n    \"trainingType\": \"Regular\",\r\n    \"reservedBudgetInHours\": 0,\r\n    \"trainingTimeInMinutes\": 1,\r\n    \"publishName\": \"Training UnitTest Iteration\",\r\n    \"originalPublishResourceId\": \"/subscriptions/{subscriptionId}/resourceGroups/{resourceGroupName}/providers/Microsoft.CognitiveServices/accounts/{predictionResourceProviderName}\",\r\n    \"customBaseModelInfo\": null,\r\n    \"trainingErrorDetails\": null\r\n  }\r\n]",
      "StatusCode": 200
    }
  ],
  "Names": {},
  "Variables": {}
}