{
  "Entries": [
    {
      "RequestUri": "https://algernon.table.core.windows.net/Tables?$format=application%2Fjson%3Bodata%3Dfullmetadata",
      "RequestMethod": "POST",
      "RequestHeaders": {
        "Authorization": "Sanitized",
        "Content-Length": "33",
        "Content-Type": "application/json; odata=nometadata",
        "DataServiceVersion": "3.0",
        "traceparent": "00-6b3ef9532e7ce540bc5817a8492bb044-75e2984c92d25340-00",
        "User-Agent": [
          "azsdk-net-Data.Tables/1.0.0-dev.20200701.1",
          "(.NET Core 4.6.28928.01; Microsoft Windows 10.0.19041 )"
        ],
        "x-ms-client-request-id": "d329302a0798d6acf0c2f6e4f4bf39fe",
        "x-ms-date": "Wed, 01 Jul 2020 18:25:37 GMT",
        "x-ms-return-client-request-id": "true",
        "x-ms-version": "2019-02-02"
      },
      "RequestBody": {
        "TableName": "testtable9unpfoi9"
      },
      "StatusCode": 201,
      "ResponseHeaders": {
        "Cache-Control": "no-cache",
        "Content-Type": "application/json; odata=fullmetadata; streaming=true; charset=utf-8",
        "Date": "Wed, 01 Jul 2020 18:25:35 GMT",
        "Location": "https://algernon.table.core.windows.net/Tables(\u0027testtable9unpfoi9\u0027)",
        "Server": [
          "Windows-Azure-Table/1.0",
          "Microsoft-HTTPAPI/2.0"
        ],
        "Transfer-Encoding": "chunked",
        "X-Content-Type-Options": "nosniff",
        "x-ms-client-request-id": "d329302a0798d6acf0c2f6e4f4bf39fe",
        "x-ms-request-id": "ebeb7cf2-e002-0081-56d5-4f3f37000000",
        "x-ms-version": "2019-02-02"
      },
      "ResponseBody": {
        "odata.metadata": "https://algernon.table.core.windows.net/$metadata#Tables/@Element",
        "odata.type": "algernon.Tables",
        "odata.id": "https://algernon.table.core.windows.net/Tables(\u0027testtable9unpfoi9\u0027)",
        "odata.editLink": "Tables(\u0027testtable9unpfoi9\u0027)",
        "TableName": "testtable9unpfoi9"
      }
    },
    {
      "RequestUri": "https://algernon.table.core.windows.net/testtable9unpfoi9?$format=application%2Fjson%3Bodata%3Dfullmetadata",
      "RequestMethod": "POST",
      "RequestHeaders": {
        "Authorization": "Sanitized",
        "Content-Length": "741",
        "Content-Type": "application/json; odata=nometadata",
        "DataServiceVersion": "3.0",
        "traceparent": "00-03f4686db84a354784f09c0ddaca5540-ca820abe04fec04b-00",
        "User-Agent": [
          "azsdk-net-Data.Tables/1.0.0-dev.20200701.1",
          "(.NET Core 4.6.28928.01; Microsoft Windows 10.0.19041 )"
        ],
        "x-ms-client-request-id": "91b9b2d249ebcd876c0c3bcb108a1cd2",
        "x-ms-date": "Wed, 01 Jul 2020 18:25:38 GMT",
        "x-ms-return-client-request-id": "true",
        "x-ms-version": "2019-02-02"
      },
      "RequestBody": {
        "StringTypeProperty": "This is table entity number 01",
        "DatetimeTypeProperty": "2020-01-01T01:02:00.0000000Z",
        "DatetimeTypeProperty@odata.type": "Edm.DateTime",
        "DatetimeOffsetTypeProperty": "2020-01-01T01:02:00.0000000Z",
        "DatetimeOffsetTypeProperty@odata.type": "Edm.DateTime",
        "GuidTypeProperty": "0d391d16-97f1-4b9a-be68-4cc871f90001",
        "GuidTypeProperty@odata.type": "Edm.Guid",
        "BinaryTypeProperty": "AQIDBAU=",
        "BinaryTypeProperty@odata.type": "Edm.Binary",
        "Int64TypeProperty": "1",
        "Int64TypeProperty@odata.type": "Edm.Int64",
        "DoubleTypeProperty": 1,
        "DoubleTypeProperty@odata.type": "Edm.Double",
        "IntTypeProperty": 1,
        "PartitionKey": "somPartition",
        "RowKey": "01",
        "Timestamp": "0001-01-01T00:00:00.0000000Z",
        "Timestamp@odata.type": "Edm.DateTime",
        "ETag": null
      },
      "StatusCode": 201,
      "ResponseHeaders": {
        "Cache-Control": "no-cache",
        "Content-Type": "application/json; odata=fullmetadata; streaming=true; charset=utf-8",
        "Date": "Wed, 01 Jul 2020 18:25:35 GMT",
        "ETag": "W/\u0022datetime\u00272020-07-01T18%3A25%3A36.1331937Z\u0027\u0022",
        "Location": "https://algernon.table.core.windows.net/testtable9unpfoi9(PartitionKey=\u0027somPartition\u0027,RowKey=\u002701\u0027)",
        "Server": [
          "Windows-Azure-Table/1.0",
          "Microsoft-HTTPAPI/2.0"
        ],
        "Transfer-Encoding": "chunked",
        "X-Content-Type-Options": "nosniff",
        "x-ms-client-request-id": "91b9b2d249ebcd876c0c3bcb108a1cd2",
        "x-ms-request-id": "ebeb7cf7-e002-0081-5ad5-4f3f37000000",
        "x-ms-version": "2019-02-02"
      },
      "ResponseBody": {
        "odata.metadata": "https://algernon.table.core.windows.net/$metadata#testtable9unpfoi9/@Element",
        "odata.type": "algernon.testtable9unpfoi9",
        "odata.id": "https://algernon.table.core.windows.net/testtable9unpfoi9(PartitionKey=\u0027somPartition\u0027,RowKey=\u002701\u0027)",
        "odata.etag": "W/\u0022datetime\u00272020-07-01T18%3A25%3A36.1331937Z\u0027\u0022",
        "odata.editLink": "testtable9unpfoi9(PartitionKey=\u0027somPartition\u0027,RowKey=\u002701\u0027)",
        "PartitionKey": "somPartition",
        "RowKey": "01",
        "Timestamp@odata.type": "Edm.DateTime",
        "Timestamp": "2020-07-01T18:25:36.1331937Z",
        "StringTypeProperty": "This is table entity number 01",
        "DatetimeTypeProperty@odata.type": "Edm.DateTime",
        "DatetimeTypeProperty": "2020-01-01T01:02:00Z",
        "DatetimeOffsetTypeProperty@odata.type": "Edm.DateTime",
        "DatetimeOffsetTypeProperty": "2020-01-01T01:02:00Z",
        "GuidTypeProperty@odata.type": "Edm.Guid",
        "GuidTypeProperty": "0d391d16-97f1-4b9a-be68-4cc871f90001",
        "BinaryTypeProperty@odata.type": "Edm.Binary",
        "BinaryTypeProperty": "AQIDBAU=",
        "Int64TypeProperty@odata.type": "Edm.Int64",
        "Int64TypeProperty": "1",
        "DoubleTypeProperty": 1.0,
        "IntTypeProperty": 1
      }
    },
    {
      "RequestUri": "https://algernon.table.core.windows.net/testtable9unpfoi9?$format=application%2Fjson%3Bodata%3Dfullmetadata",
      "RequestMethod": "POST",
      "RequestHeaders": {
        "Authorization": "Sanitized",
        "Content-Length": "741",
        "Content-Type": "application/json; odata=nometadata",
        "DataServiceVersion": "3.0",
        "traceparent": "00-be83a7933274a543bbc2c5f2fb193b93-67a5ca8a16c80043-00",
        "User-Agent": [
          "azsdk-net-Data.Tables/1.0.0-dev.20200701.1",
          "(.NET Core 4.6.28928.01; Microsoft Windows 10.0.19041 )"
        ],
        "x-ms-client-request-id": "ccc16b35afbe7bd0672fbadd516b055c",
        "x-ms-date": "Wed, 01 Jul 2020 18:25:38 GMT",
        "x-ms-return-client-request-id": "true",
        "x-ms-version": "2019-02-02"
      },
      "RequestBody": {
        "StringTypeProperty": "This is table entity number 02",
        "DatetimeTypeProperty": "2020-01-01T01:03:00.0000000Z",
        "DatetimeTypeProperty@odata.type": "Edm.DateTime",
        "DatetimeOffsetTypeProperty": "2020-01-01T01:03:00.0000000Z",
        "DatetimeOffsetTypeProperty@odata.type": "Edm.DateTime",
        "GuidTypeProperty": "0d391d16-97f1-4b9a-be68-4cc871f90002",
        "GuidTypeProperty@odata.type": "Edm.Guid",
        "BinaryTypeProperty": "AQIDBAU=",
        "BinaryTypeProperty@odata.type": "Edm.Binary",
        "Int64TypeProperty": "2",
        "Int64TypeProperty@odata.type": "Edm.Int64",
        "DoubleTypeProperty": 2,
        "DoubleTypeProperty@odata.type": "Edm.Double",
        "IntTypeProperty": 2,
        "PartitionKey": "somPartition",
        "RowKey": "02",
        "Timestamp": "0001-01-01T00:00:00.0000000Z",
        "Timestamp@odata.type": "Edm.DateTime",
        "ETag": null
      },
      "StatusCode": 201,
      "ResponseHeaders": {
        "Cache-Control": "no-cache",
        "Content-Type": "application/json; odata=fullmetadata; streaming=true; charset=utf-8",
        "Date": "Wed, 01 Jul 2020 18:25:35 GMT",
        "ETag": "W/\u0022datetime\u00272020-07-01T18%3A25%3A36.2082472Z\u0027\u0022",
        "Location": "https://algernon.table.core.windows.net/testtable9unpfoi9(PartitionKey=\u0027somPartition\u0027,RowKey=\u002702\u0027)",
        "Server": [
          "Windows-Azure-Table/1.0",
          "Microsoft-HTTPAPI/2.0"
        ],
        "Transfer-Encoding": "chunked",
        "X-Content-Type-Options": "nosniff",
        "x-ms-client-request-id": "ccc16b35afbe7bd0672fbadd516b055c",
        "x-ms-request-id": "ebeb7cfe-e002-0081-60d5-4f3f37000000",
        "x-ms-version": "2019-02-02"
      },
      "ResponseBody": {
        "odata.metadata": "https://algernon.table.core.windows.net/$metadata#testtable9unpfoi9/@Element",
        "odata.type": "algernon.testtable9unpfoi9",
        "odata.id": "https://algernon.table.core.windows.net/testtable9unpfoi9(PartitionKey=\u0027somPartition\u0027,RowKey=\u002702\u0027)",
        "odata.etag": "W/\u0022datetime\u00272020-07-01T18%3A25%3A36.2082472Z\u0027\u0022",
        "odata.editLink": "testtable9unpfoi9(PartitionKey=\u0027somPartition\u0027,RowKey=\u002702\u0027)",
        "PartitionKey": "somPartition",
        "RowKey": "02",
        "Timestamp@odata.type": "Edm.DateTime",
        "Timestamp": "2020-07-01T18:25:36.2082472Z",
        "StringTypeProperty": "This is table entity number 02",
        "DatetimeTypeProperty@odata.type": "Edm.DateTime",
        "DatetimeTypeProperty": "2020-01-01T01:03:00Z",
        "DatetimeOffsetTypeProperty@odata.type": "Edm.DateTime",
        "DatetimeOffsetTypeProperty": "2020-01-01T01:03:00Z",
        "GuidTypeProperty@odata.type": "Edm.Guid",
        "GuidTypeProperty": "0d391d16-97f1-4b9a-be68-4cc871f90002",
        "BinaryTypeProperty@odata.type": "Edm.Binary",
        "BinaryTypeProperty": "AQIDBAU=",
        "Int64TypeProperty@odata.type": "Edm.Int64",
        "Int64TypeProperty": "2",
        "DoubleTypeProperty": 2.0,
        "IntTypeProperty": 2
      }
    },
    {
      "RequestUri": "https://algernon.table.core.windows.net/testtable9unpfoi9?$format=application%2Fjson%3Bodata%3Dfullmetadata",
      "RequestMethod": "POST",
      "RequestHeaders": {
        "Authorization": "Sanitized",
        "Content-Length": "741",
        "Content-Type": "application/json; odata=nometadata",
        "DataServiceVersion": "3.0",
        "traceparent": "00-b1fbca848353694f8f768e4a8dcf8c3d-9c3a34f20118cc41-00",
        "User-Agent": [
          "azsdk-net-Data.Tables/1.0.0-dev.20200701.1",
          "(.NET Core 4.6.28928.01; Microsoft Windows 10.0.19041 )"
        ],
        "x-ms-client-request-id": "7ab33f87df47e04ba95c678ccbe0c666",
        "x-ms-date": "Wed, 01 Jul 2020 18:25:38 GMT",
        "x-ms-return-client-request-id": "true",
        "x-ms-version": "2019-02-02"
      },
      "RequestBody": {
        "StringTypeProperty": "This is table entity number 03",
        "DatetimeTypeProperty": "2020-01-01T01:04:00.0000000Z",
        "DatetimeTypeProperty@odata.type": "Edm.DateTime",
        "DatetimeOffsetTypeProperty": "2020-01-01T01:04:00.0000000Z",
        "DatetimeOffsetTypeProperty@odata.type": "Edm.DateTime",
        "GuidTypeProperty": "0d391d16-97f1-4b9a-be68-4cc871f90003",
        "GuidTypeProperty@odata.type": "Edm.Guid",
        "BinaryTypeProperty": "AQIDBAU=",
        "BinaryTypeProperty@odata.type": "Edm.Binary",
        "Int64TypeProperty": "3",
        "Int64TypeProperty@odata.type": "Edm.Int64",
        "DoubleTypeProperty": 3,
        "DoubleTypeProperty@odata.type": "Edm.Double",
        "IntTypeProperty": 3,
        "PartitionKey": "somPartition",
        "RowKey": "03",
        "Timestamp": "0001-01-01T00:00:00.0000000Z",
        "Timestamp@odata.type": "Edm.DateTime",
        "ETag": null
      },
      "StatusCode": 201,
      "ResponseHeaders": {
        "Cache-Control": "no-cache",
        "Content-Type": "application/json; odata=fullmetadata; streaming=true; charset=utf-8",
        "Date": "Wed, 01 Jul 2020 18:25:36 GMT",
        "ETag": "W/\u0022datetime\u00272020-07-01T18%3A25%3A36.2752955Z\u0027\u0022",
        "Location": "https://algernon.table.core.windows.net/testtable9unpfoi9(PartitionKey=\u0027somPartition\u0027,RowKey=\u002703\u0027)",
        "Server": [
          "Windows-Azure-Table/1.0",
          "Microsoft-HTTPAPI/2.0"
        ],
        "Transfer-Encoding": "chunked",
        "X-Content-Type-Options": "nosniff",
        "x-ms-client-request-id": "7ab33f87df47e04ba95c678ccbe0c666",
        "x-ms-request-id": "ebeb7d02-e002-0081-63d5-4f3f37000000",
        "x-ms-version": "2019-02-02"
      },
      "ResponseBody": {
        "odata.metadata": "https://algernon.table.core.windows.net/$metadata#testtable9unpfoi9/@Element",
        "odata.type": "algernon.testtable9unpfoi9",
        "odata.id": "https://algernon.table.core.windows.net/testtable9unpfoi9(PartitionKey=\u0027somPartition\u0027,RowKey=\u002703\u0027)",
        "odata.etag": "W/\u0022datetime\u00272020-07-01T18%3A25%3A36.2752955Z\u0027\u0022",
        "odata.editLink": "testtable9unpfoi9(PartitionKey=\u0027somPartition\u0027,RowKey=\u002703\u0027)",
        "PartitionKey": "somPartition",
        "RowKey": "03",
        "Timestamp@odata.type": "Edm.DateTime",
        "Timestamp": "2020-07-01T18:25:36.2752955Z",
        "StringTypeProperty": "This is table entity number 03",
        "DatetimeTypeProperty@odata.type": "Edm.DateTime",
        "DatetimeTypeProperty": "2020-01-01T01:04:00Z",
        "DatetimeOffsetTypeProperty@odata.type": "Edm.DateTime",
        "DatetimeOffsetTypeProperty": "2020-01-01T01:04:00Z",
        "GuidTypeProperty@odata.type": "Edm.Guid",
        "GuidTypeProperty": "0d391d16-97f1-4b9a-be68-4cc871f90003",
        "BinaryTypeProperty@odata.type": "Edm.Binary",
        "BinaryTypeProperty": "AQIDBAU=",
        "Int64TypeProperty@odata.type": "Edm.Int64",
        "Int64TypeProperty": "3",
        "DoubleTypeProperty": 3.0,
        "IntTypeProperty": 3
      }
    },
    {
      "RequestUri": "https://algernon.table.core.windows.net/testtable9unpfoi9?$format=application%2Fjson%3Bodata%3Dfullmetadata",
      "RequestMethod": "POST",
      "RequestHeaders": {
        "Authorization": "Sanitized",
        "Content-Length": "741",
        "Content-Type": "application/json; odata=nometadata",
        "DataServiceVersion": "3.0",
        "traceparent": "00-b057078ae58f7740be080a123ac8c696-4f544367efe3be4c-00",
        "User-Agent": [
          "azsdk-net-Data.Tables/1.0.0-dev.20200701.1",
          "(.NET Core 4.6.28928.01; Microsoft Windows 10.0.19041 )"
        ],
        "x-ms-client-request-id": "89af24a66dfe233fe13e29bc8fa97b00",
        "x-ms-date": "Wed, 01 Jul 2020 18:25:38 GMT",
        "x-ms-return-client-request-id": "true",
        "x-ms-version": "2019-02-02"
      },
      "RequestBody": {
        "StringTypeProperty": "This is table entity number 04",
        "DatetimeTypeProperty": "2020-01-01T01:05:00.0000000Z",
        "DatetimeTypeProperty@odata.type": "Edm.DateTime",
        "DatetimeOffsetTypeProperty": "2020-01-01T01:05:00.0000000Z",
        "DatetimeOffsetTypeProperty@odata.type": "Edm.DateTime",
        "GuidTypeProperty": "0d391d16-97f1-4b9a-be68-4cc871f90004",
        "GuidTypeProperty@odata.type": "Edm.Guid",
        "BinaryTypeProperty": "AQIDBAU=",
        "BinaryTypeProperty@odata.type": "Edm.Binary",
        "Int64TypeProperty": "4",
        "Int64TypeProperty@odata.type": "Edm.Int64",
        "DoubleTypeProperty": 4,
        "DoubleTypeProperty@odata.type": "Edm.Double",
        "IntTypeProperty": 4,
        "PartitionKey": "somPartition",
        "RowKey": "04",
        "Timestamp": "0001-01-01T00:00:00.0000000Z",
        "Timestamp@odata.type": "Edm.DateTime",
        "ETag": null
      },
      "StatusCode": 201,
      "ResponseHeaders": {
        "Cache-Control": "no-cache",
        "Content-Type": "application/json; odata=fullmetadata; streaming=true; charset=utf-8",
        "Date": "Wed, 01 Jul 2020 18:25:36 GMT",
        "ETag": "W/\u0022datetime\u00272020-07-01T18%3A25%3A36.3843718Z\u0027\u0022",
        "Location": "https://algernon.table.core.windows.net/testtable9unpfoi9(PartitionKey=\u0027somPartition\u0027,RowKey=\u002704\u0027)",
        "Server": [
          "Windows-Azure-Table/1.0",
          "Microsoft-HTTPAPI/2.0"
        ],
        "Transfer-Encoding": "chunked",
        "X-Content-Type-Options": "nosniff",
        "x-ms-client-request-id": "89af24a66dfe233fe13e29bc8fa97b00",
        "x-ms-request-id": "ebeb7d10-e002-0081-70d5-4f3f37000000",
        "x-ms-version": "2019-02-02"
      },
      "ResponseBody": {
        "odata.metadata": "https://algernon.table.core.windows.net/$metadata#testtable9unpfoi9/@Element",
        "odata.type": "algernon.testtable9unpfoi9",
        "odata.id": "https://algernon.table.core.windows.net/testtable9unpfoi9(PartitionKey=\u0027somPartition\u0027,RowKey=\u002704\u0027)",
        "odata.etag": "W/\u0022datetime\u00272020-07-01T18%3A25%3A36.3843718Z\u0027\u0022",
        "odata.editLink": "testtable9unpfoi9(PartitionKey=\u0027somPartition\u0027,RowKey=\u002704\u0027)",
        "PartitionKey": "somPartition",
        "RowKey": "04",
        "Timestamp@odata.type": "Edm.DateTime",
        "Timestamp": "2020-07-01T18:25:36.3843718Z",
        "StringTypeProperty": "This is table entity number 04",
        "DatetimeTypeProperty@odata.type": "Edm.DateTime",
        "DatetimeTypeProperty": "2020-01-01T01:05:00Z",
        "DatetimeOffsetTypeProperty@odata.type": "Edm.DateTime",
        "DatetimeOffsetTypeProperty": "2020-01-01T01:05:00Z",
        "GuidTypeProperty@odata.type": "Edm.Guid",
        "GuidTypeProperty": "0d391d16-97f1-4b9a-be68-4cc871f90004",
        "BinaryTypeProperty@odata.type": "Edm.Binary",
        "BinaryTypeProperty": "AQIDBAU=",
        "Int64TypeProperty@odata.type": "Edm.Int64",
        "Int64TypeProperty": "4",
        "DoubleTypeProperty": 4.0,
        "IntTypeProperty": 4
      }
    },
    {
      "RequestUri": "https://algernon.table.core.windows.net/testtable9unpfoi9?$format=application%2Fjson%3Bodata%3Dfullmetadata",
      "RequestMethod": "POST",
      "RequestHeaders": {
        "Authorization": "Sanitized",
        "Content-Length": "741",
        "Content-Type": "application/json; odata=nometadata",
        "DataServiceVersion": "3.0",
        "traceparent": "00-4f0f092369211c42bb00006d7c8fdf7a-1dd327a377633d40-00",
        "User-Agent": [
          "azsdk-net-Data.Tables/1.0.0-dev.20200701.1",
          "(.NET Core 4.6.28928.01; Microsoft Windows 10.0.19041 )"
        ],
        "x-ms-client-request-id": "d144df06a1d7568a20e022624744af87",
        "x-ms-date": "Wed, 01 Jul 2020 18:25:38 GMT",
        "x-ms-return-client-request-id": "true",
        "x-ms-version": "2019-02-02"
      },
      "RequestBody": {
        "StringTypeProperty": "This is table entity number 05",
        "DatetimeTypeProperty": "2020-01-01T01:06:00.0000000Z",
        "DatetimeTypeProperty@odata.type": "Edm.DateTime",
        "DatetimeOffsetTypeProperty": "2020-01-01T01:06:00.0000000Z",
        "DatetimeOffsetTypeProperty@odata.type": "Edm.DateTime",
        "GuidTypeProperty": "0d391d16-97f1-4b9a-be68-4cc871f90005",
        "GuidTypeProperty@odata.type": "Edm.Guid",
        "BinaryTypeProperty": "AQIDBAU=",
        "BinaryTypeProperty@odata.type": "Edm.Binary",
        "Int64TypeProperty": "5",
        "Int64TypeProperty@odata.type": "Edm.Int64",
        "DoubleTypeProperty": 5,
        "DoubleTypeProperty@odata.type": "Edm.Double",
        "IntTypeProperty": 5,
        "PartitionKey": "somPartition",
        "RowKey": "05",
        "Timestamp": "0001-01-01T00:00:00.0000000Z",
        "Timestamp@odata.type": "Edm.DateTime",
        "ETag": null
      },
      "StatusCode": 201,
      "ResponseHeaders": {
        "Cache-Control": "no-cache",
        "Content-Type": "application/json; odata=fullmetadata; streaming=true; charset=utf-8",
        "Date": "Wed, 01 Jul 2020 18:25:36 GMT",
        "ETag": "W/\u0022datetime\u00272020-07-01T18%3A25%3A36.4424134Z\u0027\u0022",
        "Location": "https://algernon.table.core.windows.net/testtable9unpfoi9(PartitionKey=\u0027somPartition\u0027,RowKey=\u002705\u0027)",
        "Server": [
          "Windows-Azure-Table/1.0",
          "Microsoft-HTTPAPI/2.0"
        ],
        "Transfer-Encoding": "chunked",
        "X-Content-Type-Options": "nosniff",
        "x-ms-client-request-id": "d144df06a1d7568a20e022624744af87",
        "x-ms-request-id": "ebeb7d14-e002-0081-74d5-4f3f37000000",
        "x-ms-version": "2019-02-02"
      },
      "ResponseBody": {
        "odata.metadata": "https://algernon.table.core.windows.net/$metadata#testtable9unpfoi9/@Element",
        "odata.type": "algernon.testtable9unpfoi9",
        "odata.id": "https://algernon.table.core.windows.net/testtable9unpfoi9(PartitionKey=\u0027somPartition\u0027,RowKey=\u002705\u0027)",
        "odata.etag": "W/\u0022datetime\u00272020-07-01T18%3A25%3A36.4424134Z\u0027\u0022",
        "odata.editLink": "testtable9unpfoi9(PartitionKey=\u0027somPartition\u0027,RowKey=\u002705\u0027)",
        "PartitionKey": "somPartition",
        "RowKey": "05",
        "Timestamp@odata.type": "Edm.DateTime",
        "Timestamp": "2020-07-01T18:25:36.4424134Z",
        "StringTypeProperty": "This is table entity number 05",
        "DatetimeTypeProperty@odata.type": "Edm.DateTime",
        "DatetimeTypeProperty": "2020-01-01T01:06:00Z",
        "DatetimeOffsetTypeProperty@odata.type": "Edm.DateTime",
        "DatetimeOffsetTypeProperty": "2020-01-01T01:06:00Z",
        "GuidTypeProperty@odata.type": "Edm.Guid",
        "GuidTypeProperty": "0d391d16-97f1-4b9a-be68-4cc871f90005",
        "BinaryTypeProperty@odata.type": "Edm.Binary",
        "BinaryTypeProperty": "AQIDBAU=",
        "Int64TypeProperty@odata.type": "Edm.Int64",
        "Int64TypeProperty": "5",
        "DoubleTypeProperty": 5.0,
        "IntTypeProperty": 5
      }
    },
    {
      "RequestUri": "https://algernon.table.core.windows.net/testtable9unpfoi9?$format=application%2Fjson%3Bodata%3Dfullmetadata",
      "RequestMethod": "POST",
      "RequestHeaders": {
        "Authorization": "Sanitized",
        "Content-Length": "741",
        "Content-Type": "application/json; odata=nometadata",
        "DataServiceVersion": "3.0",
        "traceparent": "00-e469103114fbd644961fada4cca2b8fe-3bbde7e6105b2745-00",
        "User-Agent": [
          "azsdk-net-Data.Tables/1.0.0-dev.20200701.1",
          "(.NET Core 4.6.28928.01; Microsoft Windows 10.0.19041 )"
        ],
        "x-ms-client-request-id": "2d3754687bbc195eff909909b58e5100",
        "x-ms-date": "Wed, 01 Jul 2020 18:25:38 GMT",
        "x-ms-return-client-request-id": "true",
        "x-ms-version": "2019-02-02"
      },
      "RequestBody": {
        "StringTypeProperty": "This is table entity number 06",
        "DatetimeTypeProperty": "2020-01-01T01:07:00.0000000Z",
        "DatetimeTypeProperty@odata.type": "Edm.DateTime",
        "DatetimeOffsetTypeProperty": "2020-01-01T01:07:00.0000000Z",
        "DatetimeOffsetTypeProperty@odata.type": "Edm.DateTime",
        "GuidTypeProperty": "0d391d16-97f1-4b9a-be68-4cc871f90006",
        "GuidTypeProperty@odata.type": "Edm.Guid",
        "BinaryTypeProperty": "AQIDBAU=",
        "BinaryTypeProperty@odata.type": "Edm.Binary",
        "Int64TypeProperty": "6",
        "Int64TypeProperty@odata.type": "Edm.Int64",
        "DoubleTypeProperty": 6,
        "DoubleTypeProperty@odata.type": "Edm.Double",
        "IntTypeProperty": 6,
        "PartitionKey": "somPartition",
        "RowKey": "06",
        "Timestamp": "0001-01-01T00:00:00.0000000Z",
        "Timestamp@odata.type": "Edm.DateTime",
        "ETag": null
      },
      "StatusCode": 201,
      "ResponseHeaders": {
        "Cache-Control": "no-cache",
        "Content-Type": "application/json; odata=fullmetadata; streaming=true; charset=utf-8",
        "Date": "Wed, 01 Jul 2020 18:25:36 GMT",
        "ETag": "W/\u0022datetime\u00272020-07-01T18%3A25%3A36.5284745Z\u0027\u0022",
        "Location": "https://algernon.table.core.windows.net/testtable9unpfoi9(PartitionKey=\u0027somPartition\u0027,RowKey=\u002706\u0027)",
        "Server": [
          "Windows-Azure-Table/1.0",
          "Microsoft-HTTPAPI/2.0"
        ],
        "Transfer-Encoding": "chunked",
        "X-Content-Type-Options": "nosniff",
        "x-ms-client-request-id": "2d3754687bbc195eff909909b58e5100",
        "x-ms-request-id": "ebeb7d19-e002-0081-79d5-4f3f37000000",
        "x-ms-version": "2019-02-02"
      },
      "ResponseBody": {
        "odata.metadata": "https://algernon.table.core.windows.net/$metadata#testtable9unpfoi9/@Element",
        "odata.type": "algernon.testtable9unpfoi9",
        "odata.id": "https://algernon.table.core.windows.net/testtable9unpfoi9(PartitionKey=\u0027somPartition\u0027,RowKey=\u002706\u0027)",
        "odata.etag": "W/\u0022datetime\u00272020-07-01T18%3A25%3A36.5284745Z\u0027\u0022",
        "odata.editLink": "testtable9unpfoi9(PartitionKey=\u0027somPartition\u0027,RowKey=\u002706\u0027)",
        "PartitionKey": "somPartition",
        "RowKey": "06",
        "Timestamp@odata.type": "Edm.DateTime",
        "Timestamp": "2020-07-01T18:25:36.5284745Z",
        "StringTypeProperty": "This is table entity number 06",
        "DatetimeTypeProperty@odata.type": "Edm.DateTime",
        "DatetimeTypeProperty": "2020-01-01T01:07:00Z",
        "DatetimeOffsetTypeProperty@odata.type": "Edm.DateTime",
        "DatetimeOffsetTypeProperty": "2020-01-01T01:07:00Z",
        "GuidTypeProperty@odata.type": "Edm.Guid",
        "GuidTypeProperty": "0d391d16-97f1-4b9a-be68-4cc871f90006",
        "BinaryTypeProperty@odata.type": "Edm.Binary",
        "BinaryTypeProperty": "AQIDBAU=",
        "Int64TypeProperty@odata.type": "Edm.Int64",
        "Int64TypeProperty": "6",
        "DoubleTypeProperty": 6.0,
        "IntTypeProperty": 6
      }
    },
    {
      "RequestUri": "https://algernon.table.core.windows.net/testtable9unpfoi9?$format=application%2Fjson%3Bodata%3Dfullmetadata",
      "RequestMethod": "POST",
      "RequestHeaders": {
        "Authorization": "Sanitized",
        "Content-Length": "741",
        "Content-Type": "application/json; odata=nometadata",
        "DataServiceVersion": "3.0",
        "traceparent": "00-f02ff7d29343b94698905334cb304ed5-c62f4165ecc45e4a-00",
        "User-Agent": [
          "azsdk-net-Data.Tables/1.0.0-dev.20200701.1",
          "(.NET Core 4.6.28928.01; Microsoft Windows 10.0.19041 )"
        ],
        "x-ms-client-request-id": "ec8566e1f49c048e9959691d4adddb9d",
        "x-ms-date": "Wed, 01 Jul 2020 18:25:38 GMT",
        "x-ms-return-client-request-id": "true",
        "x-ms-version": "2019-02-02"
      },
      "RequestBody": {
        "StringTypeProperty": "This is table entity number 07",
        "DatetimeTypeProperty": "2020-01-01T01:08:00.0000000Z",
        "DatetimeTypeProperty@odata.type": "Edm.DateTime",
        "DatetimeOffsetTypeProperty": "2020-01-01T01:08:00.0000000Z",
        "DatetimeOffsetTypeProperty@odata.type": "Edm.DateTime",
        "GuidTypeProperty": "0d391d16-97f1-4b9a-be68-4cc871f90007",
        "GuidTypeProperty@odata.type": "Edm.Guid",
        "BinaryTypeProperty": "AQIDBAU=",
        "BinaryTypeProperty@odata.type": "Edm.Binary",
        "Int64TypeProperty": "7",
        "Int64TypeProperty@odata.type": "Edm.Int64",
        "DoubleTypeProperty": 7,
        "DoubleTypeProperty@odata.type": "Edm.Double",
        "IntTypeProperty": 7,
        "PartitionKey": "somPartition",
        "RowKey": "07",
        "Timestamp": "0001-01-01T00:00:00.0000000Z",
        "Timestamp@odata.type": "Edm.DateTime",
        "ETag": null
      },
      "StatusCode": 201,
      "ResponseHeaders": {
        "Cache-Control": "no-cache",
        "Content-Type": "application/json; odata=fullmetadata; streaming=true; charset=utf-8",
        "Date": "Wed, 01 Jul 2020 18:25:36 GMT",
        "ETag": "W/\u0022datetime\u00272020-07-01T18%3A25%3A36.6175375Z\u0027\u0022",
        "Location": "https://algernon.table.core.windows.net/testtable9unpfoi9(PartitionKey=\u0027somPartition\u0027,RowKey=\u002707\u0027)",
        "Server": [
          "Windows-Azure-Table/1.0",
          "Microsoft-HTTPAPI/2.0"
        ],
        "Transfer-Encoding": "chunked",
        "X-Content-Type-Options": "nosniff",
        "x-ms-client-request-id": "ec8566e1f49c048e9959691d4adddb9d",
        "x-ms-request-id": "ebeb7d28-e002-0081-06d5-4f3f37000000",
        "x-ms-version": "2019-02-02"
      },
      "ResponseBody": {
        "odata.metadata": "https://algernon.table.core.windows.net/$metadata#testtable9unpfoi9/@Element",
        "odata.type": "algernon.testtable9unpfoi9",
        "odata.id": "https://algernon.table.core.windows.net/testtable9unpfoi9(PartitionKey=\u0027somPartition\u0027,RowKey=\u002707\u0027)",
        "odata.etag": "W/\u0022datetime\u00272020-07-01T18%3A25%3A36.6175375Z\u0027\u0022",
        "odata.editLink": "testtable9unpfoi9(PartitionKey=\u0027somPartition\u0027,RowKey=\u002707\u0027)",
        "PartitionKey": "somPartition",
        "RowKey": "07",
        "Timestamp@odata.type": "Edm.DateTime",
        "Timestamp": "2020-07-01T18:25:36.6175375Z",
        "StringTypeProperty": "This is table entity number 07",
        "DatetimeTypeProperty@odata.type": "Edm.DateTime",
        "DatetimeTypeProperty": "2020-01-01T01:08:00Z",
        "DatetimeOffsetTypeProperty@odata.type": "Edm.DateTime",
        "DatetimeOffsetTypeProperty": "2020-01-01T01:08:00Z",
        "GuidTypeProperty@odata.type": "Edm.Guid",
        "GuidTypeProperty": "0d391d16-97f1-4b9a-be68-4cc871f90007",
        "BinaryTypeProperty@odata.type": "Edm.Binary",
        "BinaryTypeProperty": "AQIDBAU=",
        "Int64TypeProperty@odata.type": "Edm.Int64",
        "Int64TypeProperty": "7",
        "DoubleTypeProperty": 7.0,
        "IntTypeProperty": 7
      }
    },
    {
      "RequestUri": "https://algernon.table.core.windows.net/testtable9unpfoi9?$format=application%2Fjson%3Bodata%3Dfullmetadata",
      "RequestMethod": "POST",
      "RequestHeaders": {
        "Authorization": "Sanitized",
        "Content-Length": "741",
        "Content-Type": "application/json; odata=nometadata",
        "DataServiceVersion": "3.0",
        "traceparent": "00-f436f39ec2a86341bb627823ddf1f7b9-300a377bf0f52042-00",
        "User-Agent": [
          "azsdk-net-Data.Tables/1.0.0-dev.20200701.1",
          "(.NET Core 4.6.28928.01; Microsoft Windows 10.0.19041 )"
        ],
        "x-ms-client-request-id": "3a53a28e4d718b43802bd1470881a091",
        "x-ms-date": "Wed, 01 Jul 2020 18:25:38 GMT",
        "x-ms-return-client-request-id": "true",
        "x-ms-version": "2019-02-02"
      },
      "RequestBody": {
        "StringTypeProperty": "This is table entity number 08",
        "DatetimeTypeProperty": "2020-01-01T01:09:00.0000000Z",
        "DatetimeTypeProperty@odata.type": "Edm.DateTime",
        "DatetimeOffsetTypeProperty": "2020-01-01T01:09:00.0000000Z",
        "DatetimeOffsetTypeProperty@odata.type": "Edm.DateTime",
        "GuidTypeProperty": "0d391d16-97f1-4b9a-be68-4cc871f90008",
        "GuidTypeProperty@odata.type": "Edm.Guid",
        "BinaryTypeProperty": "AQIDBAU=",
        "BinaryTypeProperty@odata.type": "Edm.Binary",
        "Int64TypeProperty": "8",
        "Int64TypeProperty@odata.type": "Edm.Int64",
        "DoubleTypeProperty": 8,
        "DoubleTypeProperty@odata.type": "Edm.Double",
        "IntTypeProperty": 8,
        "PartitionKey": "somPartition",
        "RowKey": "08",
        "Timestamp": "0001-01-01T00:00:00.0000000Z",
        "Timestamp@odata.type": "Edm.DateTime",
        "ETag": null
      },
      "StatusCode": 201,
      "ResponseHeaders": {
        "Cache-Control": "no-cache",
        "Content-Type": "application/json; odata=fullmetadata; streaming=true; charset=utf-8",
        "Date": "Wed, 01 Jul 2020 18:25:36 GMT",
        "ETag": "W/\u0022datetime\u00272020-07-01T18%3A25%3A36.6745778Z\u0027\u0022",
        "Location": "https://algernon.table.core.windows.net/testtable9unpfoi9(PartitionKey=\u0027somPartition\u0027,RowKey=\u002708\u0027)",
        "Server": [
          "Windows-Azure-Table/1.0",
          "Microsoft-HTTPAPI/2.0"
        ],
        "Transfer-Encoding": "chunked",
        "X-Content-Type-Options": "nosniff",
        "x-ms-client-request-id": "3a53a28e4d718b43802bd1470881a091",
        "x-ms-request-id": "ebeb7d32-e002-0081-0ed5-4f3f37000000",
        "x-ms-version": "2019-02-02"
      },
      "ResponseBody": {
        "odata.metadata": "https://algernon.table.core.windows.net/$metadata#testtable9unpfoi9/@Element",
        "odata.type": "algernon.testtable9unpfoi9",
        "odata.id": "https://algernon.table.core.windows.net/testtable9unpfoi9(PartitionKey=\u0027somPartition\u0027,RowKey=\u002708\u0027)",
        "odata.etag": "W/\u0022datetime\u00272020-07-01T18%3A25%3A36.6745778Z\u0027\u0022",
        "odata.editLink": "testtable9unpfoi9(PartitionKey=\u0027somPartition\u0027,RowKey=\u002708\u0027)",
        "PartitionKey": "somPartition",
        "RowKey": "08",
        "Timestamp@odata.type": "Edm.DateTime",
        "Timestamp": "2020-07-01T18:25:36.6745778Z",
        "StringTypeProperty": "This is table entity number 08",
        "DatetimeTypeProperty@odata.type": "Edm.DateTime",
        "DatetimeTypeProperty": "2020-01-01T01:09:00Z",
        "DatetimeOffsetTypeProperty@odata.type": "Edm.DateTime",
        "DatetimeOffsetTypeProperty": "2020-01-01T01:09:00Z",
        "GuidTypeProperty@odata.type": "Edm.Guid",
        "GuidTypeProperty": "0d391d16-97f1-4b9a-be68-4cc871f90008",
        "BinaryTypeProperty@odata.type": "Edm.Binary",
        "BinaryTypeProperty": "AQIDBAU=",
        "Int64TypeProperty@odata.type": "Edm.Int64",
        "Int64TypeProperty": "8",
        "DoubleTypeProperty": 8.0,
        "IntTypeProperty": 8
      }
    },
    {
      "RequestUri": "https://algernon.table.core.windows.net/testtable9unpfoi9?$format=application%2Fjson%3Bodata%3Dfullmetadata",
      "RequestMethod": "POST",
      "RequestHeaders": {
        "Authorization": "Sanitized",
        "Content-Length": "741",
        "Content-Type": "application/json; odata=nometadata",
        "DataServiceVersion": "3.0",
        "traceparent": "00-79835249b9199743bc720a7516723012-e97c3975ead9334c-00",
        "User-Agent": [
          "azsdk-net-Data.Tables/1.0.0-dev.20200701.1",
          "(.NET Core 4.6.28928.01; Microsoft Windows 10.0.19041 )"
        ],
        "x-ms-client-request-id": "e080228ec3bf73ebc53294631240cf22",
        "x-ms-date": "Wed, 01 Jul 2020 18:25:38 GMT",
        "x-ms-return-client-request-id": "true",
        "x-ms-version": "2019-02-02"
      },
      "RequestBody": {
        "StringTypeProperty": "This is table entity number 09",
        "DatetimeTypeProperty": "2020-01-01T01:10:00.0000000Z",
        "DatetimeTypeProperty@odata.type": "Edm.DateTime",
        "DatetimeOffsetTypeProperty": "2020-01-01T01:10:00.0000000Z",
        "DatetimeOffsetTypeProperty@odata.type": "Edm.DateTime",
        "GuidTypeProperty": "0d391d16-97f1-4b9a-be68-4cc871f90009",
        "GuidTypeProperty@odata.type": "Edm.Guid",
        "BinaryTypeProperty": "AQIDBAU=",
        "BinaryTypeProperty@odata.type": "Edm.Binary",
        "Int64TypeProperty": "9",
        "Int64TypeProperty@odata.type": "Edm.Int64",
        "DoubleTypeProperty": 9,
        "DoubleTypeProperty@odata.type": "Edm.Double",
        "IntTypeProperty": 9,
        "PartitionKey": "somPartition",
        "RowKey": "09",
        "Timestamp": "0001-01-01T00:00:00.0000000Z",
        "Timestamp@odata.type": "Edm.DateTime",
        "ETag": null
      },
      "StatusCode": 201,
      "ResponseHeaders": {
        "Cache-Control": "no-cache",
        "Content-Type": "application/json; odata=fullmetadata; streaming=true; charset=utf-8",
        "Date": "Wed, 01 Jul 2020 18:25:36 GMT",
        "ETag": "W/\u0022datetime\u00272020-07-01T18%3A25%3A36.732619Z\u0027\u0022",
        "Location": "https://algernon.table.core.windows.net/testtable9unpfoi9(PartitionKey=\u0027somPartition\u0027,RowKey=\u002709\u0027)",
        "Server": [
          "Windows-Azure-Table/1.0",
          "Microsoft-HTTPAPI/2.0"
        ],
        "Transfer-Encoding": "chunked",
        "X-Content-Type-Options": "nosniff",
        "x-ms-client-request-id": "e080228ec3bf73ebc53294631240cf22",
        "x-ms-request-id": "ebeb7d3d-e002-0081-17d5-4f3f37000000",
        "x-ms-version": "2019-02-02"
      },
      "ResponseBody": {
        "odata.metadata": "https://algernon.table.core.windows.net/$metadata#testtable9unpfoi9/@Element",
        "odata.type": "algernon.testtable9unpfoi9",
        "odata.id": "https://algernon.table.core.windows.net/testtable9unpfoi9(PartitionKey=\u0027somPartition\u0027,RowKey=\u002709\u0027)",
        "odata.etag": "W/\u0022datetime\u00272020-07-01T18%3A25%3A36.732619Z\u0027\u0022",
        "odata.editLink": "testtable9unpfoi9(PartitionKey=\u0027somPartition\u0027,RowKey=\u002709\u0027)",
        "PartitionKey": "somPartition",
        "RowKey": "09",
        "Timestamp@odata.type": "Edm.DateTime",
        "Timestamp": "2020-07-01T18:25:36.732619Z",
        "StringTypeProperty": "This is table entity number 09",
        "DatetimeTypeProperty@odata.type": "Edm.DateTime",
        "DatetimeTypeProperty": "2020-01-01T01:10:00Z",
        "DatetimeOffsetTypeProperty@odata.type": "Edm.DateTime",
        "DatetimeOffsetTypeProperty": "2020-01-01T01:10:00Z",
        "GuidTypeProperty@odata.type": "Edm.Guid",
        "GuidTypeProperty": "0d391d16-97f1-4b9a-be68-4cc871f90009",
        "BinaryTypeProperty@odata.type": "Edm.Binary",
        "BinaryTypeProperty": "AQIDBAU=",
        "Int64TypeProperty@odata.type": "Edm.Int64",
        "Int64TypeProperty": "9",
        "DoubleTypeProperty": 9.0,
        "IntTypeProperty": 9
      }
    },
    {
      "RequestUri": "https://algernon.table.core.windows.net/testtable9unpfoi9?$format=application%2Fjson%3Bodata%3Dfullmetadata",
      "RequestMethod": "POST",
      "RequestHeaders": {
        "Authorization": "Sanitized",
        "Content-Length": "744",
        "Content-Type": "application/json; odata=nometadata",
        "DataServiceVersion": "3.0",
        "traceparent": "00-8616b8eebc06b34cbcb49681e4f61de8-0b7847350de64941-00",
        "User-Agent": [
          "azsdk-net-Data.Tables/1.0.0-dev.20200701.1",
          "(.NET Core 4.6.28928.01; Microsoft Windows 10.0.19041 )"
        ],
        "x-ms-client-request-id": "137afcb4163b938e22fa6b712347fc17",
        "x-ms-date": "Wed, 01 Jul 2020 18:25:38 GMT",
        "x-ms-return-client-request-id": "true",
        "x-ms-version": "2019-02-02"
      },
      "RequestBody": {
        "StringTypeProperty": "This is table entity number 10",
        "DatetimeTypeProperty": "2020-01-01T01:11:00.0000000Z",
        "DatetimeTypeProperty@odata.type": "Edm.DateTime",
        "DatetimeOffsetTypeProperty": "2020-01-01T01:11:00.0000000Z",
        "DatetimeOffsetTypeProperty@odata.type": "Edm.DateTime",
        "GuidTypeProperty": "0d391d16-97f1-4b9a-be68-4cc871f90010",
        "GuidTypeProperty@odata.type": "Edm.Guid",
        "BinaryTypeProperty": "AQIDBAU=",
        "BinaryTypeProperty@odata.type": "Edm.Binary",
        "Int64TypeProperty": "10",
        "Int64TypeProperty@odata.type": "Edm.Int64",
        "DoubleTypeProperty": 10,
        "DoubleTypeProperty@odata.type": "Edm.Double",
        "IntTypeProperty": 10,
        "PartitionKey": "somPartition",
        "RowKey": "10",
        "Timestamp": "0001-01-01T00:00:00.0000000Z",
        "Timestamp@odata.type": "Edm.DateTime",
        "ETag": null
      },
      "StatusCode": 201,
      "ResponseHeaders": {
        "Cache-Control": "no-cache",
        "Content-Type": "application/json; odata=fullmetadata; streaming=true; charset=utf-8",
        "Date": "Wed, 01 Jul 2020 18:25:36 GMT",
        "ETag": "W/\u0022datetime\u00272020-07-01T18%3A25%3A36.7886592Z\u0027\u0022",
        "Location": "https://algernon.table.core.windows.net/testtable9unpfoi9(PartitionKey=\u0027somPartition\u0027,RowKey=\u002710\u0027)",
        "Server": [
          "Windows-Azure-Table/1.0",
          "Microsoft-HTTPAPI/2.0"
        ],
        "Transfer-Encoding": "chunked",
        "X-Content-Type-Options": "nosniff",
        "x-ms-client-request-id": "137afcb4163b938e22fa6b712347fc17",
        "x-ms-request-id": "ebeb7d48-e002-0081-20d5-4f3f37000000",
        "x-ms-version": "2019-02-02"
      },
      "ResponseBody": {
        "odata.metadata": "https://algernon.table.core.windows.net/$metadata#testtable9unpfoi9/@Element",
        "odata.type": "algernon.testtable9unpfoi9",
        "odata.id": "https://algernon.table.core.windows.net/testtable9unpfoi9(PartitionKey=\u0027somPartition\u0027,RowKey=\u002710\u0027)",
        "odata.etag": "W/\u0022datetime\u00272020-07-01T18%3A25%3A36.7886592Z\u0027\u0022",
        "odata.editLink": "testtable9unpfoi9(PartitionKey=\u0027somPartition\u0027,RowKey=\u002710\u0027)",
        "PartitionKey": "somPartition",
        "RowKey": "10",
        "Timestamp@odata.type": "Edm.DateTime",
        "Timestamp": "2020-07-01T18:25:36.7886592Z",
        "StringTypeProperty": "This is table entity number 10",
        "DatetimeTypeProperty@odata.type": "Edm.DateTime",
        "DatetimeTypeProperty": "2020-01-01T01:11:00Z",
        "DatetimeOffsetTypeProperty@odata.type": "Edm.DateTime",
        "DatetimeOffsetTypeProperty": "2020-01-01T01:11:00Z",
        "GuidTypeProperty@odata.type": "Edm.Guid",
        "GuidTypeProperty": "0d391d16-97f1-4b9a-be68-4cc871f90010",
        "BinaryTypeProperty@odata.type": "Edm.Binary",
        "BinaryTypeProperty": "AQIDBAU=",
        "Int64TypeProperty@odata.type": "Edm.Int64",
        "Int64TypeProperty": "10",
        "DoubleTypeProperty": 10.0,
        "IntTypeProperty": 10
      }
    },
    {
      "RequestUri": "https://algernon.table.core.windows.net/testtable9unpfoi9?$format=application%2Fjson%3Bodata%3Dfullmetadata",
      "RequestMethod": "POST",
      "RequestHeaders": {
        "Authorization": "Sanitized",
        "Content-Length": "744",
        "Content-Type": "application/json; odata=nometadata",
        "DataServiceVersion": "3.0",
        "traceparent": "00-0a14baed89c551498a5a86b44b789606-c493109c6049464d-00",
        "User-Agent": [
          "azsdk-net-Data.Tables/1.0.0-dev.20200701.1",
          "(.NET Core 4.6.28928.01; Microsoft Windows 10.0.19041 )"
        ],
        "x-ms-client-request-id": "278fd7b8fa5ccbddb7df753eb9e07840",
        "x-ms-date": "Wed, 01 Jul 2020 18:25:38 GMT",
        "x-ms-return-client-request-id": "true",
        "x-ms-version": "2019-02-02"
      },
      "RequestBody": {
        "StringTypeProperty": "This is table entity number 11",
        "DatetimeTypeProperty": "2020-01-01T01:12:00.0000000Z",
        "DatetimeTypeProperty@odata.type": "Edm.DateTime",
        "DatetimeOffsetTypeProperty": "2020-01-01T01:12:00.0000000Z",
        "DatetimeOffsetTypeProperty@odata.type": "Edm.DateTime",
        "GuidTypeProperty": "0d391d16-97f1-4b9a-be68-4cc871f90011",
        "GuidTypeProperty@odata.type": "Edm.Guid",
        "BinaryTypeProperty": "AQIDBAU=",
        "BinaryTypeProperty@odata.type": "Edm.Binary",
        "Int64TypeProperty": "11",
        "Int64TypeProperty@odata.type": "Edm.Int64",
        "DoubleTypeProperty": 11,
        "DoubleTypeProperty@odata.type": "Edm.Double",
        "IntTypeProperty": 11,
        "PartitionKey": "somPartition",
        "RowKey": "11",
        "Timestamp": "0001-01-01T00:00:00.0000000Z",
        "Timestamp@odata.type": "Edm.DateTime",
        "ETag": null
      },
      "StatusCode": 201,
      "ResponseHeaders": {
        "Cache-Control": "no-cache",
        "Content-Type": "application/json; odata=fullmetadata; streaming=true; charset=utf-8",
        "Date": "Wed, 01 Jul 2020 18:25:36 GMT",
        "ETag": "W/\u0022datetime\u00272020-07-01T18%3A25%3A36.8487023Z\u0027\u0022",
        "Location": "https://algernon.table.core.windows.net/testtable9unpfoi9(PartitionKey=\u0027somPartition\u0027,RowKey=\u002711\u0027)",
        "Server": [
          "Windows-Azure-Table/1.0",
          "Microsoft-HTTPAPI/2.0"
        ],
        "Transfer-Encoding": "chunked",
        "X-Content-Type-Options": "nosniff",
        "x-ms-client-request-id": "278fd7b8fa5ccbddb7df753eb9e07840",
        "x-ms-request-id": "ebeb7d4c-e002-0081-24d5-4f3f37000000",
        "x-ms-version": "2019-02-02"
      },
      "ResponseBody": {
        "odata.metadata": "https://algernon.table.core.windows.net/$metadata#testtable9unpfoi9/@Element",
        "odata.type": "algernon.testtable9unpfoi9",
        "odata.id": "https://algernon.table.core.windows.net/testtable9unpfoi9(PartitionKey=\u0027somPartition\u0027,RowKey=\u002711\u0027)",
        "odata.etag": "W/\u0022datetime\u00272020-07-01T18%3A25%3A36.8487023Z\u0027\u0022",
        "odata.editLink": "testtable9unpfoi9(PartitionKey=\u0027somPartition\u0027,RowKey=\u002711\u0027)",
        "PartitionKey": "somPartition",
        "RowKey": "11",
        "Timestamp@odata.type": "Edm.DateTime",
        "Timestamp": "2020-07-01T18:25:36.8487023Z",
        "StringTypeProperty": "This is table entity number 11",
        "DatetimeTypeProperty@odata.type": "Edm.DateTime",
        "DatetimeTypeProperty": "2020-01-01T01:12:00Z",
        "DatetimeOffsetTypeProperty@odata.type": "Edm.DateTime",
        "DatetimeOffsetTypeProperty": "2020-01-01T01:12:00Z",
        "GuidTypeProperty@odata.type": "Edm.Guid",
        "GuidTypeProperty": "0d391d16-97f1-4b9a-be68-4cc871f90011",
        "BinaryTypeProperty@odata.type": "Edm.Binary",
        "BinaryTypeProperty": "AQIDBAU=",
        "Int64TypeProperty@odata.type": "Edm.Int64",
        "Int64TypeProperty": "11",
        "DoubleTypeProperty": 11.0,
        "IntTypeProperty": 11
      }
    },
    {
      "RequestUri": "https://algernon.table.core.windows.net/testtable9unpfoi9?$format=application%2Fjson%3Bodata%3Dfullmetadata",
      "RequestMethod": "POST",
      "RequestHeaders": {
        "Authorization": "Sanitized",
        "Content-Length": "744",
        "Content-Type": "application/json; odata=nometadata",
        "DataServiceVersion": "3.0",
        "traceparent": "00-0766db92bc067d488aa2c0ae33e6d757-1b9e87a62eba884d-00",
        "User-Agent": [
          "azsdk-net-Data.Tables/1.0.0-dev.20200701.1",
          "(.NET Core 4.6.28928.01; Microsoft Windows 10.0.19041 )"
        ],
        "x-ms-client-request-id": "0c92ae5b8d06785694edbec55779507d",
        "x-ms-date": "Wed, 01 Jul 2020 18:25:38 GMT",
        "x-ms-return-client-request-id": "true",
        "x-ms-version": "2019-02-02"
      },
      "RequestBody": {
        "StringTypeProperty": "This is table entity number 12",
        "DatetimeTypeProperty": "2020-01-01T01:13:00.0000000Z",
        "DatetimeTypeProperty@odata.type": "Edm.DateTime",
        "DatetimeOffsetTypeProperty": "2020-01-01T01:13:00.0000000Z",
        "DatetimeOffsetTypeProperty@odata.type": "Edm.DateTime",
        "GuidTypeProperty": "0d391d16-97f1-4b9a-be68-4cc871f90012",
        "GuidTypeProperty@odata.type": "Edm.Guid",
        "BinaryTypeProperty": "AQIDBAU=",
        "BinaryTypeProperty@odata.type": "Edm.Binary",
        "Int64TypeProperty": "12",
        "Int64TypeProperty@odata.type": "Edm.Int64",
        "DoubleTypeProperty": 12,
        "DoubleTypeProperty@odata.type": "Edm.Double",
        "IntTypeProperty": 12,
        "PartitionKey": "somPartition",
        "RowKey": "12",
        "Timestamp": "0001-01-01T00:00:00.0000000Z",
        "Timestamp@odata.type": "Edm.DateTime",
        "ETag": null
      },
      "StatusCode": 201,
      "ResponseHeaders": {
        "Cache-Control": "no-cache",
        "Content-Type": "application/json; odata=fullmetadata; streaming=true; charset=utf-8",
        "Date": "Wed, 01 Jul 2020 18:25:36 GMT",
        "ETag": "W/\u0022datetime\u00272020-07-01T18%3A25%3A36.9057435Z\u0027\u0022",
        "Location": "https://algernon.table.core.windows.net/testtable9unpfoi9(PartitionKey=\u0027somPartition\u0027,RowKey=\u002712\u0027)",
        "Server": [
          "Windows-Azure-Table/1.0",
          "Microsoft-HTTPAPI/2.0"
        ],
        "Transfer-Encoding": "chunked",
        "X-Content-Type-Options": "nosniff",
        "x-ms-client-request-id": "0c92ae5b8d06785694edbec55779507d",
        "x-ms-request-id": "ebeb7d5a-e002-0081-2fd5-4f3f37000000",
        "x-ms-version": "2019-02-02"
      },
      "ResponseBody": {
        "odata.metadata": "https://algernon.table.core.windows.net/$metadata#testtable9unpfoi9/@Element",
        "odata.type": "algernon.testtable9unpfoi9",
        "odata.id": "https://algernon.table.core.windows.net/testtable9unpfoi9(PartitionKey=\u0027somPartition\u0027,RowKey=\u002712\u0027)",
        "odata.etag": "W/\u0022datetime\u00272020-07-01T18%3A25%3A36.9057435Z\u0027\u0022",
        "odata.editLink": "testtable9unpfoi9(PartitionKey=\u0027somPartition\u0027,RowKey=\u002712\u0027)",
        "PartitionKey": "somPartition",
        "RowKey": "12",
        "Timestamp@odata.type": "Edm.DateTime",
        "Timestamp": "2020-07-01T18:25:36.9057435Z",
        "StringTypeProperty": "This is table entity number 12",
        "DatetimeTypeProperty@odata.type": "Edm.DateTime",
        "DatetimeTypeProperty": "2020-01-01T01:13:00Z",
        "DatetimeOffsetTypeProperty@odata.type": "Edm.DateTime",
        "DatetimeOffsetTypeProperty": "2020-01-01T01:13:00Z",
        "GuidTypeProperty@odata.type": "Edm.Guid",
        "GuidTypeProperty": "0d391d16-97f1-4b9a-be68-4cc871f90012",
        "BinaryTypeProperty@odata.type": "Edm.Binary",
        "BinaryTypeProperty": "AQIDBAU=",
        "Int64TypeProperty@odata.type": "Edm.Int64",
        "Int64TypeProperty": "12",
        "DoubleTypeProperty": 12.0,
        "IntTypeProperty": 12
      }
    },
    {
      "RequestUri": "https://algernon.table.core.windows.net/testtable9unpfoi9?$format=application%2Fjson%3Bodata%3Dfullmetadata",
      "RequestMethod": "POST",
      "RequestHeaders": {
        "Authorization": "Sanitized",
        "Content-Length": "744",
        "Content-Type": "application/json; odata=nometadata",
        "DataServiceVersion": "3.0",
        "traceparent": "00-31208e09d3375e44b3aef93fd5382d8d-ce3606833041584f-00",
        "User-Agent": [
          "azsdk-net-Data.Tables/1.0.0-dev.20200701.1",
          "(.NET Core 4.6.28928.01; Microsoft Windows 10.0.19041 )"
        ],
        "x-ms-client-request-id": "3baa7c35a7b1bac61eae5b5ba14fda42",
        "x-ms-date": "Wed, 01 Jul 2020 18:25:38 GMT",
        "x-ms-return-client-request-id": "true",
        "x-ms-version": "2019-02-02"
      },
      "RequestBody": {
        "StringTypeProperty": "This is table entity number 13",
        "DatetimeTypeProperty": "2020-01-01T01:14:00.0000000Z",
        "DatetimeTypeProperty@odata.type": "Edm.DateTime",
        "DatetimeOffsetTypeProperty": "2020-01-01T01:14:00.0000000Z",
        "DatetimeOffsetTypeProperty@odata.type": "Edm.DateTime",
        "GuidTypeProperty": "0d391d16-97f1-4b9a-be68-4cc871f90013",
        "GuidTypeProperty@odata.type": "Edm.Guid",
        "BinaryTypeProperty": "AQIDBAU=",
        "BinaryTypeProperty@odata.type": "Edm.Binary",
        "Int64TypeProperty": "13",
        "Int64TypeProperty@odata.type": "Edm.Int64",
        "DoubleTypeProperty": 13,
        "DoubleTypeProperty@odata.type": "Edm.Double",
        "IntTypeProperty": 13,
        "PartitionKey": "somPartition",
        "RowKey": "13",
        "Timestamp": "0001-01-01T00:00:00.0000000Z",
        "Timestamp@odata.type": "Edm.DateTime",
        "ETag": null
      },
      "StatusCode": 201,
      "ResponseHeaders": {
        "Cache-Control": "no-cache",
        "Content-Type": "application/json; odata=fullmetadata; streaming=true; charset=utf-8",
        "Date": "Wed, 01 Jul 2020 18:25:36 GMT",
        "ETag": "W/\u0022datetime\u00272020-07-01T18%3A25%3A36.9617819Z\u0027\u0022",
        "Location": "https://algernon.table.core.windows.net/testtable9unpfoi9(PartitionKey=\u0027somPartition\u0027,RowKey=\u002713\u0027)",
        "Server": [
          "Windows-Azure-Table/1.0",
          "Microsoft-HTTPAPI/2.0"
        ],
        "Transfer-Encoding": "chunked",
        "X-Content-Type-Options": "nosniff",
        "x-ms-client-request-id": "3baa7c35a7b1bac61eae5b5ba14fda42",
        "x-ms-request-id": "ebeb7d61-e002-0081-36d5-4f3f37000000",
        "x-ms-version": "2019-02-02"
      },
      "ResponseBody": {
        "odata.metadata": "https://algernon.table.core.windows.net/$metadata#testtable9unpfoi9/@Element",
        "odata.type": "algernon.testtable9unpfoi9",
        "odata.id": "https://algernon.table.core.windows.net/testtable9unpfoi9(PartitionKey=\u0027somPartition\u0027,RowKey=\u002713\u0027)",
        "odata.etag": "W/\u0022datetime\u00272020-07-01T18%3A25%3A36.9617819Z\u0027\u0022",
        "odata.editLink": "testtable9unpfoi9(PartitionKey=\u0027somPartition\u0027,RowKey=\u002713\u0027)",
        "PartitionKey": "somPartition",
        "RowKey": "13",
        "Timestamp@odata.type": "Edm.DateTime",
        "Timestamp": "2020-07-01T18:25:36.9617819Z",
        "StringTypeProperty": "This is table entity number 13",
        "DatetimeTypeProperty@odata.type": "Edm.DateTime",
        "DatetimeTypeProperty": "2020-01-01T01:14:00Z",
        "DatetimeOffsetTypeProperty@odata.type": "Edm.DateTime",
        "DatetimeOffsetTypeProperty": "2020-01-01T01:14:00Z",
        "GuidTypeProperty@odata.type": "Edm.Guid",
        "GuidTypeProperty": "0d391d16-97f1-4b9a-be68-4cc871f90013",
        "BinaryTypeProperty@odata.type": "Edm.Binary",
        "BinaryTypeProperty": "AQIDBAU=",
        "Int64TypeProperty@odata.type": "Edm.Int64",
        "Int64TypeProperty": "13",
        "DoubleTypeProperty": 13.0,
        "IntTypeProperty": 13
      }
    },
    {
      "RequestUri": "https://algernon.table.core.windows.net/testtable9unpfoi9?$format=application%2Fjson%3Bodata%3Dfullmetadata",
      "RequestMethod": "POST",
      "RequestHeaders": {
        "Authorization": "Sanitized",
        "Content-Length": "744",
        "Content-Type": "application/json; odata=nometadata",
        "DataServiceVersion": "3.0",
        "traceparent": "00-88dc7a4769d13244a836e567b2662a10-22b88b8c866c974e-00",
        "User-Agent": [
          "azsdk-net-Data.Tables/1.0.0-dev.20200701.1",
          "(.NET Core 4.6.28928.01; Microsoft Windows 10.0.19041 )"
        ],
        "x-ms-client-request-id": "74152a82f0b52b108116936e3c18733d",
        "x-ms-date": "Wed, 01 Jul 2020 18:25:38 GMT",
        "x-ms-return-client-request-id": "true",
        "x-ms-version": "2019-02-02"
      },
      "RequestBody": {
        "StringTypeProperty": "This is table entity number 14",
        "DatetimeTypeProperty": "2020-01-01T01:15:00.0000000Z",
        "DatetimeTypeProperty@odata.type": "Edm.DateTime",
        "DatetimeOffsetTypeProperty": "2020-01-01T01:15:00.0000000Z",
        "DatetimeOffsetTypeProperty@odata.type": "Edm.DateTime",
        "GuidTypeProperty": "0d391d16-97f1-4b9a-be68-4cc871f90014",
        "GuidTypeProperty@odata.type": "Edm.Guid",
        "BinaryTypeProperty": "AQIDBAU=",
        "BinaryTypeProperty@odata.type": "Edm.Binary",
        "Int64TypeProperty": "14",
        "Int64TypeProperty@odata.type": "Edm.Int64",
        "DoubleTypeProperty": 14,
        "DoubleTypeProperty@odata.type": "Edm.Double",
        "IntTypeProperty": 14,
        "PartitionKey": "somPartition",
        "RowKey": "14",
        "Timestamp": "0001-01-01T00:00:00.0000000Z",
        "Timestamp@odata.type": "Edm.DateTime",
        "ETag": null
      },
      "StatusCode": 201,
      "ResponseHeaders": {
        "Cache-Control": "no-cache",
        "Content-Type": "application/json; odata=fullmetadata; streaming=true; charset=utf-8",
        "Date": "Wed, 01 Jul 2020 18:25:36 GMT",
        "ETag": "W/\u0022datetime\u00272020-07-01T18%3A25%3A37.021825Z\u0027\u0022",
        "Location": "https://algernon.table.core.windows.net/testtable9unpfoi9(PartitionKey=\u0027somPartition\u0027,RowKey=\u002714\u0027)",
        "Server": [
          "Windows-Azure-Table/1.0",
          "Microsoft-HTTPAPI/2.0"
        ],
        "Transfer-Encoding": "chunked",
        "X-Content-Type-Options": "nosniff",
        "x-ms-client-request-id": "74152a82f0b52b108116936e3c18733d",
        "x-ms-request-id": "ebeb7d67-e002-0081-3cd5-4f3f37000000",
        "x-ms-version": "2019-02-02"
      },
      "ResponseBody": {
        "odata.metadata": "https://algernon.table.core.windows.net/$metadata#testtable9unpfoi9/@Element",
        "odata.type": "algernon.testtable9unpfoi9",
        "odata.id": "https://algernon.table.core.windows.net/testtable9unpfoi9(PartitionKey=\u0027somPartition\u0027,RowKey=\u002714\u0027)",
        "odata.etag": "W/\u0022datetime\u00272020-07-01T18%3A25%3A37.021825Z\u0027\u0022",
        "odata.editLink": "testtable9unpfoi9(PartitionKey=\u0027somPartition\u0027,RowKey=\u002714\u0027)",
        "PartitionKey": "somPartition",
        "RowKey": "14",
        "Timestamp@odata.type": "Edm.DateTime",
        "Timestamp": "2020-07-01T18:25:37.021825Z",
        "StringTypeProperty": "This is table entity number 14",
        "DatetimeTypeProperty@odata.type": "Edm.DateTime",
        "DatetimeTypeProperty": "2020-01-01T01:15:00Z",
        "DatetimeOffsetTypeProperty@odata.type": "Edm.DateTime",
        "DatetimeOffsetTypeProperty": "2020-01-01T01:15:00Z",
        "GuidTypeProperty@odata.type": "Edm.Guid",
        "GuidTypeProperty": "0d391d16-97f1-4b9a-be68-4cc871f90014",
        "BinaryTypeProperty@odata.type": "Edm.Binary",
        "BinaryTypeProperty": "AQIDBAU=",
        "Int64TypeProperty@odata.type": "Edm.Int64",
        "Int64TypeProperty": "14",
        "DoubleTypeProperty": 14.0,
        "IntTypeProperty": 14
      }
    },
    {
      "RequestUri": "https://algernon.table.core.windows.net/testtable9unpfoi9?$format=application%2Fjson%3Bodata%3Dfullmetadata",
      "RequestMethod": "POST",
      "RequestHeaders": {
        "Authorization": "Sanitized",
        "Content-Length": "744",
        "Content-Type": "application/json; odata=nometadata",
        "DataServiceVersion": "3.0",
        "traceparent": "00-d3520985fe8778418ff57eaea095e048-6cf79556ec39f447-00",
        "User-Agent": [
          "azsdk-net-Data.Tables/1.0.0-dev.20200701.1",
          "(.NET Core 4.6.28928.01; Microsoft Windows 10.0.19041 )"
        ],
        "x-ms-client-request-id": "3c08f78f3c35b48fe8d8ed5831fbd644",
        "x-ms-date": "Wed, 01 Jul 2020 18:25:38 GMT",
        "x-ms-return-client-request-id": "true",
        "x-ms-version": "2019-02-02"
      },
      "RequestBody": {
        "StringTypeProperty": "This is table entity number 15",
        "DatetimeTypeProperty": "2020-01-01T01:16:00.0000000Z",
        "DatetimeTypeProperty@odata.type": "Edm.DateTime",
        "DatetimeOffsetTypeProperty": "2020-01-01T01:16:00.0000000Z",
        "DatetimeOffsetTypeProperty@odata.type": "Edm.DateTime",
        "GuidTypeProperty": "0d391d16-97f1-4b9a-be68-4cc871f90015",
        "GuidTypeProperty@odata.type": "Edm.Guid",
        "BinaryTypeProperty": "AQIDBAU=",
        "BinaryTypeProperty@odata.type": "Edm.Binary",
        "Int64TypeProperty": "15",
        "Int64TypeProperty@odata.type": "Edm.Int64",
        "DoubleTypeProperty": 15,
        "DoubleTypeProperty@odata.type": "Edm.Double",
        "IntTypeProperty": 15,
        "PartitionKey": "somPartition",
        "RowKey": "15",
        "Timestamp": "0001-01-01T00:00:00.0000000Z",
        "Timestamp@odata.type": "Edm.DateTime",
        "ETag": null
      },
      "StatusCode": 201,
      "ResponseHeaders": {
        "Cache-Control": "no-cache",
        "Content-Type": "application/json; odata=fullmetadata; streaming=true; charset=utf-8",
        "Date": "Wed, 01 Jul 2020 18:25:36 GMT",
        "ETag": "W/\u0022datetime\u00272020-07-01T18%3A25%3A37.0828685Z\u0027\u0022",
        "Location": "https://algernon.table.core.windows.net/testtable9unpfoi9(PartitionKey=\u0027somPartition\u0027,RowKey=\u002715\u0027)",
        "Server": [
          "Windows-Azure-Table/1.0",
          "Microsoft-HTTPAPI/2.0"
        ],
        "Transfer-Encoding": "chunked",
        "X-Content-Type-Options": "nosniff",
        "x-ms-client-request-id": "3c08f78f3c35b48fe8d8ed5831fbd644",
        "x-ms-request-id": "ebeb7d6c-e002-0081-41d5-4f3f37000000",
        "x-ms-version": "2019-02-02"
      },
      "ResponseBody": {
        "odata.metadata": "https://algernon.table.core.windows.net/$metadata#testtable9unpfoi9/@Element",
        "odata.type": "algernon.testtable9unpfoi9",
        "odata.id": "https://algernon.table.core.windows.net/testtable9unpfoi9(PartitionKey=\u0027somPartition\u0027,RowKey=\u002715\u0027)",
        "odata.etag": "W/\u0022datetime\u00272020-07-01T18%3A25%3A37.0828685Z\u0027\u0022",
        "odata.editLink": "testtable9unpfoi9(PartitionKey=\u0027somPartition\u0027,RowKey=\u002715\u0027)",
        "PartitionKey": "somPartition",
        "RowKey": "15",
        "Timestamp@odata.type": "Edm.DateTime",
        "Timestamp": "2020-07-01T18:25:37.0828685Z",
        "StringTypeProperty": "This is table entity number 15",
        "DatetimeTypeProperty@odata.type": "Edm.DateTime",
        "DatetimeTypeProperty": "2020-01-01T01:16:00Z",
        "DatetimeOffsetTypeProperty@odata.type": "Edm.DateTime",
        "DatetimeOffsetTypeProperty": "2020-01-01T01:16:00Z",
        "GuidTypeProperty@odata.type": "Edm.Guid",
        "GuidTypeProperty": "0d391d16-97f1-4b9a-be68-4cc871f90015",
        "BinaryTypeProperty@odata.type": "Edm.Binary",
        "BinaryTypeProperty": "AQIDBAU=",
        "Int64TypeProperty@odata.type": "Edm.Int64",
        "Int64TypeProperty": "15",
        "DoubleTypeProperty": 15.0,
        "IntTypeProperty": 15
      }
    },
    {
      "RequestUri": "https://algernon.table.core.windows.net/testtable9unpfoi9?$format=application%2Fjson%3Bodata%3Dfullmetadata",
      "RequestMethod": "POST",
      "RequestHeaders": {
        "Authorization": "Sanitized",
        "Content-Length": "744",
        "Content-Type": "application/json; odata=nometadata",
        "DataServiceVersion": "3.0",
        "traceparent": "00-4fa89fb96b10dd449d7a9e7b699e5124-011e147a135bc94a-00",
        "User-Agent": [
          "azsdk-net-Data.Tables/1.0.0-dev.20200701.1",
          "(.NET Core 4.6.28928.01; Microsoft Windows 10.0.19041 )"
        ],
        "x-ms-client-request-id": "2d437b12db6445c86b7fb99a13577d05",
        "x-ms-date": "Wed, 01 Jul 2020 18:25:39 GMT",
        "x-ms-return-client-request-id": "true",
        "x-ms-version": "2019-02-02"
      },
      "RequestBody": {
        "StringTypeProperty": "This is table entity number 16",
        "DatetimeTypeProperty": "2020-01-01T01:17:00.0000000Z",
        "DatetimeTypeProperty@odata.type": "Edm.DateTime",
        "DatetimeOffsetTypeProperty": "2020-01-01T01:17:00.0000000Z",
        "DatetimeOffsetTypeProperty@odata.type": "Edm.DateTime",
        "GuidTypeProperty": "0d391d16-97f1-4b9a-be68-4cc871f90016",
        "GuidTypeProperty@odata.type": "Edm.Guid",
        "BinaryTypeProperty": "AQIDBAU=",
        "BinaryTypeProperty@odata.type": "Edm.Binary",
        "Int64TypeProperty": "16",
        "Int64TypeProperty@odata.type": "Edm.Int64",
        "DoubleTypeProperty": 16,
        "DoubleTypeProperty@odata.type": "Edm.Double",
        "IntTypeProperty": 16,
        "PartitionKey": "somPartition",
        "RowKey": "16",
        "Timestamp": "0001-01-01T00:00:00.0000000Z",
        "Timestamp@odata.type": "Edm.DateTime",
        "ETag": null
      },
      "StatusCode": 201,
      "ResponseHeaders": {
        "Cache-Control": "no-cache",
        "Content-Type": "application/json; odata=fullmetadata; streaming=true; charset=utf-8",
        "Date": "Wed, 01 Jul 2020 18:25:36 GMT",
        "ETag": "W/\u0022datetime\u00272020-07-01T18%3A25%3A37.1349055Z\u0027\u0022",
        "Location": "https://algernon.table.core.windows.net/testtable9unpfoi9(PartitionKey=\u0027somPartition\u0027,RowKey=\u002716\u0027)",
        "Server": [
          "Windows-Azure-Table/1.0",
          "Microsoft-HTTPAPI/2.0"
        ],
        "Transfer-Encoding": "chunked",
        "X-Content-Type-Options": "nosniff",
        "x-ms-client-request-id": "2d437b12db6445c86b7fb99a13577d05",
        "x-ms-request-id": "ebeb7d72-e002-0081-45d5-4f3f37000000",
        "x-ms-version": "2019-02-02"
      },
      "ResponseBody": {
        "odata.metadata": "https://algernon.table.core.windows.net/$metadata#testtable9unpfoi9/@Element",
        "odata.type": "algernon.testtable9unpfoi9",
        "odata.id": "https://algernon.table.core.windows.net/testtable9unpfoi9(PartitionKey=\u0027somPartition\u0027,RowKey=\u002716\u0027)",
        "odata.etag": "W/\u0022datetime\u00272020-07-01T18%3A25%3A37.1349055Z\u0027\u0022",
        "odata.editLink": "testtable9unpfoi9(PartitionKey=\u0027somPartition\u0027,RowKey=\u002716\u0027)",
        "PartitionKey": "somPartition",
        "RowKey": "16",
        "Timestamp@odata.type": "Edm.DateTime",
        "Timestamp": "2020-07-01T18:25:37.1349055Z",
        "StringTypeProperty": "This is table entity number 16",
        "DatetimeTypeProperty@odata.type": "Edm.DateTime",
        "DatetimeTypeProperty": "2020-01-01T01:17:00Z",
        "DatetimeOffsetTypeProperty@odata.type": "Edm.DateTime",
        "DatetimeOffsetTypeProperty": "2020-01-01T01:17:00Z",
        "GuidTypeProperty@odata.type": "Edm.Guid",
        "GuidTypeProperty": "0d391d16-97f1-4b9a-be68-4cc871f90016",
        "BinaryTypeProperty@odata.type": "Edm.Binary",
        "BinaryTypeProperty": "AQIDBAU=",
        "Int64TypeProperty@odata.type": "Edm.Int64",
        "Int64TypeProperty": "16",
        "DoubleTypeProperty": 16.0,
        "IntTypeProperty": 16
      }
    },
    {
      "RequestUri": "https://algernon.table.core.windows.net/testtable9unpfoi9?$format=application%2Fjson%3Bodata%3Dfullmetadata",
      "RequestMethod": "POST",
      "RequestHeaders": {
        "Authorization": "Sanitized",
        "Content-Length": "744",
        "Content-Type": "application/json; odata=nometadata",
        "DataServiceVersion": "3.0",
        "traceparent": "00-0e9901e34d691e4882c449ee749dd909-67653f485c29b045-00",
        "User-Agent": [
          "azsdk-net-Data.Tables/1.0.0-dev.20200701.1",
          "(.NET Core 4.6.28928.01; Microsoft Windows 10.0.19041 )"
        ],
        "x-ms-client-request-id": "a9cb1d3b9d46450c9b608cdd02b8f986",
        "x-ms-date": "Wed, 01 Jul 2020 18:25:39 GMT",
        "x-ms-return-client-request-id": "true",
        "x-ms-version": "2019-02-02"
      },
      "RequestBody": {
        "StringTypeProperty": "This is table entity number 17",
        "DatetimeTypeProperty": "2020-01-01T01:18:00.0000000Z",
        "DatetimeTypeProperty@odata.type": "Edm.DateTime",
        "DatetimeOffsetTypeProperty": "2020-01-01T01:18:00.0000000Z",
        "DatetimeOffsetTypeProperty@odata.type": "Edm.DateTime",
        "GuidTypeProperty": "0d391d16-97f1-4b9a-be68-4cc871f90017",
        "GuidTypeProperty@odata.type": "Edm.Guid",
        "BinaryTypeProperty": "AQIDBAU=",
        "BinaryTypeProperty@odata.type": "Edm.Binary",
        "Int64TypeProperty": "17",
        "Int64TypeProperty@odata.type": "Edm.Int64",
        "DoubleTypeProperty": 17,
        "DoubleTypeProperty@odata.type": "Edm.Double",
        "IntTypeProperty": 17,
        "PartitionKey": "somPartition",
        "RowKey": "17",
        "Timestamp": "0001-01-01T00:00:00.0000000Z",
        "Timestamp@odata.type": "Edm.DateTime",
        "ETag": null
      },
      "StatusCode": 201,
      "ResponseHeaders": {
        "Cache-Control": "no-cache",
        "Content-Type": "application/json; odata=fullmetadata; streaming=true; charset=utf-8",
        "Date": "Wed, 01 Jul 2020 18:25:36 GMT",
        "ETag": "W/\u0022datetime\u00272020-07-01T18%3A25%3A37.1929462Z\u0027\u0022",
        "Location": "https://algernon.table.core.windows.net/testtable9unpfoi9(PartitionKey=\u0027somPartition\u0027,RowKey=\u002717\u0027)",
        "Server": [
          "Windows-Azure-Table/1.0",
          "Microsoft-HTTPAPI/2.0"
        ],
        "Transfer-Encoding": "chunked",
        "X-Content-Type-Options": "nosniff",
        "x-ms-client-request-id": "a9cb1d3b9d46450c9b608cdd02b8f986",
        "x-ms-request-id": "ebeb7d79-e002-0081-4cd5-4f3f37000000",
        "x-ms-version": "2019-02-02"
      },
      "ResponseBody": {
        "odata.metadata": "https://algernon.table.core.windows.net/$metadata#testtable9unpfoi9/@Element",
        "odata.type": "algernon.testtable9unpfoi9",
        "odata.id": "https://algernon.table.core.windows.net/testtable9unpfoi9(PartitionKey=\u0027somPartition\u0027,RowKey=\u002717\u0027)",
        "odata.etag": "W/\u0022datetime\u00272020-07-01T18%3A25%3A37.1929462Z\u0027\u0022",
        "odata.editLink": "testtable9unpfoi9(PartitionKey=\u0027somPartition\u0027,RowKey=\u002717\u0027)",
        "PartitionKey": "somPartition",
        "RowKey": "17",
        "Timestamp@odata.type": "Edm.DateTime",
        "Timestamp": "2020-07-01T18:25:37.1929462Z",
        "StringTypeProperty": "This is table entity number 17",
        "DatetimeTypeProperty@odata.type": "Edm.DateTime",
        "DatetimeTypeProperty": "2020-01-01T01:18:00Z",
        "DatetimeOffsetTypeProperty@odata.type": "Edm.DateTime",
        "DatetimeOffsetTypeProperty": "2020-01-01T01:18:00Z",
        "GuidTypeProperty@odata.type": "Edm.Guid",
        "GuidTypeProperty": "0d391d16-97f1-4b9a-be68-4cc871f90017",
        "BinaryTypeProperty@odata.type": "Edm.Binary",
        "BinaryTypeProperty": "AQIDBAU=",
        "Int64TypeProperty@odata.type": "Edm.Int64",
        "Int64TypeProperty": "17",
        "DoubleTypeProperty": 17.0,
        "IntTypeProperty": 17
      }
    },
    {
      "RequestUri": "https://algernon.table.core.windows.net/testtable9unpfoi9?$format=application%2Fjson%3Bodata%3Dfullmetadata",
      "RequestMethod": "POST",
      "RequestHeaders": {
        "Authorization": "Sanitized",
        "Content-Length": "744",
        "Content-Type": "application/json; odata=nometadata",
        "DataServiceVersion": "3.0",
        "traceparent": "00-fd588202f8ab524ba0a5f1edfaf60341-6479535a2259644c-00",
        "User-Agent": [
          "azsdk-net-Data.Tables/1.0.0-dev.20200701.1",
          "(.NET Core 4.6.28928.01; Microsoft Windows 10.0.19041 )"
        ],
        "x-ms-client-request-id": "c05c4f3f46d5b4d82fc3d1b583f4a190",
        "x-ms-date": "Wed, 01 Jul 2020 18:25:39 GMT",
        "x-ms-return-client-request-id": "true",
        "x-ms-version": "2019-02-02"
      },
      "RequestBody": {
        "StringTypeProperty": "This is table entity number 18",
        "DatetimeTypeProperty": "2020-01-01T01:19:00.0000000Z",
        "DatetimeTypeProperty@odata.type": "Edm.DateTime",
        "DatetimeOffsetTypeProperty": "2020-01-01T01:19:00.0000000Z",
        "DatetimeOffsetTypeProperty@odata.type": "Edm.DateTime",
        "GuidTypeProperty": "0d391d16-97f1-4b9a-be68-4cc871f90018",
        "GuidTypeProperty@odata.type": "Edm.Guid",
        "BinaryTypeProperty": "AQIDBAU=",
        "BinaryTypeProperty@odata.type": "Edm.Binary",
        "Int64TypeProperty": "18",
        "Int64TypeProperty@odata.type": "Edm.Int64",
        "DoubleTypeProperty": 18,
        "DoubleTypeProperty@odata.type": "Edm.Double",
        "IntTypeProperty": 18,
        "PartitionKey": "somPartition",
        "RowKey": "18",
        "Timestamp": "0001-01-01T00:00:00.0000000Z",
        "Timestamp@odata.type": "Edm.DateTime",
        "ETag": null
      },
      "StatusCode": 201,
      "ResponseHeaders": {
        "Cache-Control": "no-cache",
        "Content-Type": "application/json; odata=fullmetadata; streaming=true; charset=utf-8",
        "Date": "Wed, 01 Jul 2020 18:25:37 GMT",
        "ETag": "W/\u0022datetime\u00272020-07-01T18%3A25%3A37.2569917Z\u0027\u0022",
        "Location": "https://algernon.table.core.windows.net/testtable9unpfoi9(PartitionKey=\u0027somPartition\u0027,RowKey=\u002718\u0027)",
        "Server": [
          "Windows-Azure-Table/1.0",
          "Microsoft-HTTPAPI/2.0"
        ],
        "Transfer-Encoding": "chunked",
        "X-Content-Type-Options": "nosniff",
        "x-ms-client-request-id": "c05c4f3f46d5b4d82fc3d1b583f4a190",
        "x-ms-request-id": "ebeb7d7e-e002-0081-51d5-4f3f37000000",
        "x-ms-version": "2019-02-02"
      },
      "ResponseBody": {
        "odata.metadata": "https://algernon.table.core.windows.net/$metadata#testtable9unpfoi9/@Element",
        "odata.type": "algernon.testtable9unpfoi9",
        "odata.id": "https://algernon.table.core.windows.net/testtable9unpfoi9(PartitionKey=\u0027somPartition\u0027,RowKey=\u002718\u0027)",
        "odata.etag": "W/\u0022datetime\u00272020-07-01T18%3A25%3A37.2569917Z\u0027\u0022",
        "odata.editLink": "testtable9unpfoi9(PartitionKey=\u0027somPartition\u0027,RowKey=\u002718\u0027)",
        "PartitionKey": "somPartition",
        "RowKey": "18",
        "Timestamp@odata.type": "Edm.DateTime",
        "Timestamp": "2020-07-01T18:25:37.2569917Z",
        "StringTypeProperty": "This is table entity number 18",
        "DatetimeTypeProperty@odata.type": "Edm.DateTime",
        "DatetimeTypeProperty": "2020-01-01T01:19:00Z",
        "DatetimeOffsetTypeProperty@odata.type": "Edm.DateTime",
        "DatetimeOffsetTypeProperty": "2020-01-01T01:19:00Z",
        "GuidTypeProperty@odata.type": "Edm.Guid",
        "GuidTypeProperty": "0d391d16-97f1-4b9a-be68-4cc871f90018",
        "BinaryTypeProperty@odata.type": "Edm.Binary",
        "BinaryTypeProperty": "AQIDBAU=",
        "Int64TypeProperty@odata.type": "Edm.Int64",
        "Int64TypeProperty": "18",
        "DoubleTypeProperty": 18.0,
        "IntTypeProperty": 18
      }
    },
    {
      "RequestUri": "https://algernon.table.core.windows.net/testtable9unpfoi9?$format=application%2Fjson%3Bodata%3Dfullmetadata",
      "RequestMethod": "POST",
      "RequestHeaders": {
        "Authorization": "Sanitized",
        "Content-Length": "744",
        "Content-Type": "application/json; odata=nometadata",
        "DataServiceVersion": "3.0",
        "traceparent": "00-6c87c97ff45a6e45bdb8f2b632ed0216-ff5eff95c570864f-00",
        "User-Agent": [
          "azsdk-net-Data.Tables/1.0.0-dev.20200701.1",
          "(.NET Core 4.6.28928.01; Microsoft Windows 10.0.19041 )"
        ],
        "x-ms-client-request-id": "141de85a2d3075fd6efe91044eea42b2",
        "x-ms-date": "Wed, 01 Jul 2020 18:25:39 GMT",
        "x-ms-return-client-request-id": "true",
        "x-ms-version": "2019-02-02"
      },
      "RequestBody": {
        "StringTypeProperty": "This is table entity number 19",
        "DatetimeTypeProperty": "2020-01-01T01:20:00.0000000Z",
        "DatetimeTypeProperty@odata.type": "Edm.DateTime",
        "DatetimeOffsetTypeProperty": "2020-01-01T01:20:00.0000000Z",
        "DatetimeOffsetTypeProperty@odata.type": "Edm.DateTime",
        "GuidTypeProperty": "0d391d16-97f1-4b9a-be68-4cc871f90019",
        "GuidTypeProperty@odata.type": "Edm.Guid",
        "BinaryTypeProperty": "AQIDBAU=",
        "BinaryTypeProperty@odata.type": "Edm.Binary",
        "Int64TypeProperty": "19",
        "Int64TypeProperty@odata.type": "Edm.Int64",
        "DoubleTypeProperty": 19,
        "DoubleTypeProperty@odata.type": "Edm.Double",
        "IntTypeProperty": 19,
        "PartitionKey": "somPartition",
        "RowKey": "19",
        "Timestamp": "0001-01-01T00:00:00.0000000Z",
        "Timestamp@odata.type": "Edm.DateTime",
        "ETag": null
      },
      "StatusCode": 201,
      "ResponseHeaders": {
        "Cache-Control": "no-cache",
        "Content-Type": "application/json; odata=fullmetadata; streaming=true; charset=utf-8",
        "Date": "Wed, 01 Jul 2020 18:25:37 GMT",
        "ETag": "W/\u0022datetime\u00272020-07-01T18%3A25%3A37.3170348Z\u0027\u0022",
        "Location": "https://algernon.table.core.windows.net/testtable9unpfoi9(PartitionKey=\u0027somPartition\u0027,RowKey=\u002719\u0027)",
        "Server": [
          "Windows-Azure-Table/1.0",
          "Microsoft-HTTPAPI/2.0"
        ],
        "Transfer-Encoding": "chunked",
        "X-Content-Type-Options": "nosniff",
        "x-ms-client-request-id": "141de85a2d3075fd6efe91044eea42b2",
        "x-ms-request-id": "ebeb7d8b-e002-0081-5bd5-4f3f37000000",
        "x-ms-version": "2019-02-02"
      },
      "ResponseBody": {
        "odata.metadata": "https://algernon.table.core.windows.net/$metadata#testtable9unpfoi9/@Element",
        "odata.type": "algernon.testtable9unpfoi9",
        "odata.id": "https://algernon.table.core.windows.net/testtable9unpfoi9(PartitionKey=\u0027somPartition\u0027,RowKey=\u002719\u0027)",
        "odata.etag": "W/\u0022datetime\u00272020-07-01T18%3A25%3A37.3170348Z\u0027\u0022",
        "odata.editLink": "testtable9unpfoi9(PartitionKey=\u0027somPartition\u0027,RowKey=\u002719\u0027)",
        "PartitionKey": "somPartition",
        "RowKey": "19",
        "Timestamp@odata.type": "Edm.DateTime",
        "Timestamp": "2020-07-01T18:25:37.3170348Z",
        "StringTypeProperty": "This is table entity number 19",
        "DatetimeTypeProperty@odata.type": "Edm.DateTime",
        "DatetimeTypeProperty": "2020-01-01T01:20:00Z",
        "DatetimeOffsetTypeProperty@odata.type": "Edm.DateTime",
        "DatetimeOffsetTypeProperty": "2020-01-01T01:20:00Z",
        "GuidTypeProperty@odata.type": "Edm.Guid",
        "GuidTypeProperty": "0d391d16-97f1-4b9a-be68-4cc871f90019",
        "BinaryTypeProperty@odata.type": "Edm.Binary",
        "BinaryTypeProperty": "AQIDBAU=",
        "Int64TypeProperty@odata.type": "Edm.Int64",
        "Int64TypeProperty": "19",
        "DoubleTypeProperty": 19.0,
        "IntTypeProperty": 19
      }
    },
    {
      "RequestUri": "https://algernon.table.core.windows.net/testtable9unpfoi9?$format=application%2Fjson%3Bodata%3Dfullmetadata",
      "RequestMethod": "POST",
      "RequestHeaders": {
        "Authorization": "Sanitized",
        "Content-Length": "744",
        "Content-Type": "application/json; odata=nometadata",
        "DataServiceVersion": "3.0",
        "traceparent": "00-cf18d0f1dc5be043bc3ed046c0b5dabd-08d68ac72cf60141-00",
        "User-Agent": [
          "azsdk-net-Data.Tables/1.0.0-dev.20200701.1",
          "(.NET Core 4.6.28928.01; Microsoft Windows 10.0.19041 )"
        ],
        "x-ms-client-request-id": "c35a3386bcfbf43044167a83cc57c1a6",
        "x-ms-date": "Wed, 01 Jul 2020 18:25:39 GMT",
        "x-ms-return-client-request-id": "true",
        "x-ms-version": "2019-02-02"
      },
      "RequestBody": {
        "StringTypeProperty": "This is table entity number 20",
        "DatetimeTypeProperty": "2020-01-01T01:21:00.0000000Z",
        "DatetimeTypeProperty@odata.type": "Edm.DateTime",
        "DatetimeOffsetTypeProperty": "2020-01-01T01:21:00.0000000Z",
        "DatetimeOffsetTypeProperty@odata.type": "Edm.DateTime",
        "GuidTypeProperty": "0d391d16-97f1-4b9a-be68-4cc871f90020",
        "GuidTypeProperty@odata.type": "Edm.Guid",
        "BinaryTypeProperty": "AQIDBAU=",
        "BinaryTypeProperty@odata.type": "Edm.Binary",
        "Int64TypeProperty": "20",
        "Int64TypeProperty@odata.type": "Edm.Int64",
        "DoubleTypeProperty": 20,
        "DoubleTypeProperty@odata.type": "Edm.Double",
        "IntTypeProperty": 20,
        "PartitionKey": "somPartition",
        "RowKey": "20",
        "Timestamp": "0001-01-01T00:00:00.0000000Z",
        "Timestamp@odata.type": "Edm.DateTime",
        "ETag": null
      },
      "StatusCode": 201,
      "ResponseHeaders": {
        "Cache-Control": "no-cache",
        "Content-Type": "application/json; odata=fullmetadata; streaming=true; charset=utf-8",
        "Date": "Wed, 01 Jul 2020 18:25:37 GMT",
        "ETag": "W/\u0022datetime\u00272020-07-01T18%3A25%3A37.3700718Z\u0027\u0022",
        "Location": "https://algernon.table.core.windows.net/testtable9unpfoi9(PartitionKey=\u0027somPartition\u0027,RowKey=\u002720\u0027)",
        "Server": [
          "Windows-Azure-Table/1.0",
          "Microsoft-HTTPAPI/2.0"
        ],
        "Transfer-Encoding": "chunked",
        "X-Content-Type-Options": "nosniff",
        "x-ms-client-request-id": "c35a3386bcfbf43044167a83cc57c1a6",
        "x-ms-request-id": "ebeb7d93-e002-0081-62d5-4f3f37000000",
        "x-ms-version": "2019-02-02"
      },
      "ResponseBody": {
        "odata.metadata": "https://algernon.table.core.windows.net/$metadata#testtable9unpfoi9/@Element",
        "odata.type": "algernon.testtable9unpfoi9",
        "odata.id": "https://algernon.table.core.windows.net/testtable9unpfoi9(PartitionKey=\u0027somPartition\u0027,RowKey=\u002720\u0027)",
        "odata.etag": "W/\u0022datetime\u00272020-07-01T18%3A25%3A37.3700718Z\u0027\u0022",
        "odata.editLink": "testtable9unpfoi9(PartitionKey=\u0027somPartition\u0027,RowKey=\u002720\u0027)",
        "PartitionKey": "somPartition",
        "RowKey": "20",
        "Timestamp@odata.type": "Edm.DateTime",
        "Timestamp": "2020-07-01T18:25:37.3700718Z",
        "StringTypeProperty": "This is table entity number 20",
        "DatetimeTypeProperty@odata.type": "Edm.DateTime",
        "DatetimeTypeProperty": "2020-01-01T01:21:00Z",
        "DatetimeOffsetTypeProperty@odata.type": "Edm.DateTime",
        "DatetimeOffsetTypeProperty": "2020-01-01T01:21:00Z",
        "GuidTypeProperty@odata.type": "Edm.Guid",
        "GuidTypeProperty": "0d391d16-97f1-4b9a-be68-4cc871f90020",
        "BinaryTypeProperty@odata.type": "Edm.Binary",
        "BinaryTypeProperty": "AQIDBAU=",
        "Int64TypeProperty@odata.type": "Edm.Int64",
        "Int64TypeProperty": "20",
        "DoubleTypeProperty": 20.0,
        "IntTypeProperty": 20
      }
    },
    {
      "RequestUri": "https://algernon.table.core.windows.net/testtable9unpfoi9()?$format=application%2Fjson%3Bodata%3Dfullmetadata\u0026$top=5",
      "RequestMethod": "GET",
      "RequestHeaders": {
        "Authorization": "Sanitized",
        "DataServiceVersion": "3.0",
        "User-Agent": [
          "azsdk-net-Data.Tables/1.0.0-dev.20200701.1",
          "(.NET Core 4.6.28928.01; Microsoft Windows 10.0.19041 )"
        ],
        "x-ms-client-request-id": "1a82fbbee59b125652e652d7b5d46544",
        "x-ms-date": "Wed, 01 Jul 2020 18:25:39 GMT",
        "x-ms-return-client-request-id": "true",
        "x-ms-version": "2019-02-02"
      },
      "RequestBody": null,
      "StatusCode": 200,
      "ResponseHeaders": {
        "Cache-Control": "no-cache",
        "Content-Type": "application/json; odata=fullmetadata; streaming=true; charset=utf-8",
        "Date": "Wed, 01 Jul 2020 18:25:37 GMT",
        "Server": [
          "Windows-Azure-Table/1.0",
          "Microsoft-HTTPAPI/2.0"
        ],
        "Transfer-Encoding": "chunked",
        "X-Content-Type-Options": "nosniff",
        "x-ms-client-request-id": "1a82fbbee59b125652e652d7b5d46544",
        "x-ms-continuation-NextPartitionKey": "1!16!c29tUGFydGl0aW9u",
        "x-ms-continuation-NextRowKey": "1!4!MDY-",
        "x-ms-request-id": "ebeb7d98-e002-0081-66d5-4f3f37000000",
        "x-ms-version": "2019-02-02"
      },
      "ResponseBody": {
        "odata.metadata": "https://algernon.table.core.windows.net/$metadata#testtable9unpfoi9",
        "value": [
          {
            "odata.type": "algernon.testtable9unpfoi9",
            "odata.id": "https://algernon.table.core.windows.net/testtable9unpfoi9(PartitionKey=\u0027somPartition\u0027,RowKey=\u002701\u0027)",
            "odata.etag": "W/\u0022datetime\u00272020-07-01T18%3A25%3A36.1331937Z\u0027\u0022",
            "odata.editLink": "testtable9unpfoi9(PartitionKey=\u0027somPartition\u0027,RowKey=\u002701\u0027)",
            "PartitionKey": "somPartition",
            "RowKey": "01",
            "Timestamp@odata.type": "Edm.DateTime",
            "Timestamp": "2020-07-01T18:25:36.1331937Z",
            "StringTypeProperty": "This is table entity number 01",
            "DatetimeTypeProperty@odata.type": "Edm.DateTime",
            "DatetimeTypeProperty": "2020-01-01T01:02:00Z",
            "DatetimeOffsetTypeProperty@odata.type": "Edm.DateTime",
            "DatetimeOffsetTypeProperty": "2020-01-01T01:02:00Z",
            "GuidTypeProperty@odata.type": "Edm.Guid",
            "GuidTypeProperty": "0d391d16-97f1-4b9a-be68-4cc871f90001",
            "BinaryTypeProperty@odata.type": "Edm.Binary",
            "BinaryTypeProperty": "AQIDBAU=",
            "Int64TypeProperty@odata.type": "Edm.Int64",
            "Int64TypeProperty": "1",
            "DoubleTypeProperty": 1.0,
            "IntTypeProperty": 1
          },
          {
            "odata.type": "algernon.testtable9unpfoi9",
            "odata.id": "https://algernon.table.core.windows.net/testtable9unpfoi9(PartitionKey=\u0027somPartition\u0027,RowKey=\u002702\u0027)",
            "odata.etag": "W/\u0022datetime\u00272020-07-01T18%3A25%3A36.2082472Z\u0027\u0022",
            "odata.editLink": "testtable9unpfoi9(PartitionKey=\u0027somPartition\u0027,RowKey=\u002702\u0027)",
            "PartitionKey": "somPartition",
            "RowKey": "02",
            "Timestamp@odata.type": "Edm.DateTime",
            "Timestamp": "2020-07-01T18:25:36.2082472Z",
            "StringTypeProperty": "This is table entity number 02",
            "DatetimeTypeProperty@odata.type": "Edm.DateTime",
            "DatetimeTypeProperty": "2020-01-01T01:03:00Z",
            "DatetimeOffsetTypeProperty@odata.type": "Edm.DateTime",
            "DatetimeOffsetTypeProperty": "2020-01-01T01:03:00Z",
            "GuidTypeProperty@odata.type": "Edm.Guid",
            "GuidTypeProperty": "0d391d16-97f1-4b9a-be68-4cc871f90002",
            "BinaryTypeProperty@odata.type": "Edm.Binary",
            "BinaryTypeProperty": "AQIDBAU=",
            "Int64TypeProperty@odata.type": "Edm.Int64",
            "Int64TypeProperty": "2",
            "DoubleTypeProperty": 2.0,
            "IntTypeProperty": 2
          },
          {
            "odata.type": "algernon.testtable9unpfoi9",
            "odata.id": "https://algernon.table.core.windows.net/testtable9unpfoi9(PartitionKey=\u0027somPartition\u0027,RowKey=\u002703\u0027)",
            "odata.etag": "W/\u0022datetime\u00272020-07-01T18%3A25%3A36.2752955Z\u0027\u0022",
            "odata.editLink": "testtable9unpfoi9(PartitionKey=\u0027somPartition\u0027,RowKey=\u002703\u0027)",
            "PartitionKey": "somPartition",
            "RowKey": "03",
            "Timestamp@odata.type": "Edm.DateTime",
            "Timestamp": "2020-07-01T18:25:36.2752955Z",
            "StringTypeProperty": "This is table entity number 03",
            "DatetimeTypeProperty@odata.type": "Edm.DateTime",
            "DatetimeTypeProperty": "2020-01-01T01:04:00Z",
            "DatetimeOffsetTypeProperty@odata.type": "Edm.DateTime",
            "DatetimeOffsetTypeProperty": "2020-01-01T01:04:00Z",
            "GuidTypeProperty@odata.type": "Edm.Guid",
            "GuidTypeProperty": "0d391d16-97f1-4b9a-be68-4cc871f90003",
            "BinaryTypeProperty@odata.type": "Edm.Binary",
            "BinaryTypeProperty": "AQIDBAU=",
            "Int64TypeProperty@odata.type": "Edm.Int64",
            "Int64TypeProperty": "3",
            "DoubleTypeProperty": 3.0,
            "IntTypeProperty": 3
          },
          {
            "odata.type": "algernon.testtable9unpfoi9",
            "odata.id": "https://algernon.table.core.windows.net/testtable9unpfoi9(PartitionKey=\u0027somPartition\u0027,RowKey=\u002704\u0027)",
            "odata.etag": "W/\u0022datetime\u00272020-07-01T18%3A25%3A36.3843718Z\u0027\u0022",
            "odata.editLink": "testtable9unpfoi9(PartitionKey=\u0027somPartition\u0027,RowKey=\u002704\u0027)",
            "PartitionKey": "somPartition",
            "RowKey": "04",
            "Timestamp@odata.type": "Edm.DateTime",
            "Timestamp": "2020-07-01T18:25:36.3843718Z",
            "StringTypeProperty": "This is table entity number 04",
            "DatetimeTypeProperty@odata.type": "Edm.DateTime",
            "DatetimeTypeProperty": "2020-01-01T01:05:00Z",
            "DatetimeOffsetTypeProperty@odata.type": "Edm.DateTime",
            "DatetimeOffsetTypeProperty": "2020-01-01T01:05:00Z",
            "GuidTypeProperty@odata.type": "Edm.Guid",
            "GuidTypeProperty": "0d391d16-97f1-4b9a-be68-4cc871f90004",
            "BinaryTypeProperty@odata.type": "Edm.Binary",
            "BinaryTypeProperty": "AQIDBAU=",
            "Int64TypeProperty@odata.type": "Edm.Int64",
            "Int64TypeProperty": "4",
            "DoubleTypeProperty": 4.0,
            "IntTypeProperty": 4
          },
          {
            "odata.type": "algernon.testtable9unpfoi9",
            "odata.id": "https://algernon.table.core.windows.net/testtable9unpfoi9(PartitionKey=\u0027somPartition\u0027,RowKey=\u002705\u0027)",
            "odata.etag": "W/\u0022datetime\u00272020-07-01T18%3A25%3A36.4424134Z\u0027\u0022",
            "odata.editLink": "testtable9unpfoi9(PartitionKey=\u0027somPartition\u0027,RowKey=\u002705\u0027)",
            "PartitionKey": "somPartition",
            "RowKey": "05",
            "Timestamp@odata.type": "Edm.DateTime",
            "Timestamp": "2020-07-01T18:25:36.4424134Z",
            "StringTypeProperty": "This is table entity number 05",
            "DatetimeTypeProperty@odata.type": "Edm.DateTime",
            "DatetimeTypeProperty": "2020-01-01T01:06:00Z",
            "DatetimeOffsetTypeProperty@odata.type": "Edm.DateTime",
            "DatetimeOffsetTypeProperty": "2020-01-01T01:06:00Z",
            "GuidTypeProperty@odata.type": "Edm.Guid",
            "GuidTypeProperty": "0d391d16-97f1-4b9a-be68-4cc871f90005",
            "BinaryTypeProperty@odata.type": "Edm.Binary",
            "BinaryTypeProperty": "AQIDBAU=",
            "Int64TypeProperty@odata.type": "Edm.Int64",
            "Int64TypeProperty": "5",
            "DoubleTypeProperty": 5.0,
            "IntTypeProperty": 5
          }
        ]
      }
    },
    {
      "RequestUri": "https://algernon.table.core.windows.net/testtable9unpfoi9()?$format=application%2Fjson%3Bodata%3Dfullmetadata\u0026$top=5\u0026NextPartitionKey=1%2116%21c29tUGFydGl0aW9u\u0026NextRowKey=1%214%21MDY-",
      "RequestMethod": "GET",
      "RequestHeaders": {
        "Authorization": "Sanitized",
        "DataServiceVersion": "3.0",
        "User-Agent": [
          "azsdk-net-Data.Tables/1.0.0-dev.20200701.1",
          "(.NET Core 4.6.28928.01; Microsoft Windows 10.0.19041 )"
        ],
        "x-ms-client-request-id": "4f2f1e80dd9a9e95b828cf19b379a817",
        "x-ms-date": "Wed, 01 Jul 2020 18:25:39 GMT",
        "x-ms-return-client-request-id": "true",
        "x-ms-version": "2019-02-02"
      },
      "RequestBody": null,
      "StatusCode": 200,
      "ResponseHeaders": {
        "Cache-Control": "no-cache",
        "Content-Type": "application/json; odata=fullmetadata; streaming=true; charset=utf-8",
        "Date": "Wed, 01 Jul 2020 18:25:37 GMT",
        "Server": [
          "Windows-Azure-Table/1.0",
          "Microsoft-HTTPAPI/2.0"
        ],
        "Transfer-Encoding": "chunked",
        "X-Content-Type-Options": "nosniff",
        "x-ms-client-request-id": "4f2f1e80dd9a9e95b828cf19b379a817",
        "x-ms-continuation-NextPartitionKey": "1!16!c29tUGFydGl0aW9u",
        "x-ms-continuation-NextRowKey": "1!4!MTE-",
        "x-ms-request-id": "ebeb7d9e-e002-0081-6bd5-4f3f37000000",
        "x-ms-version": "2019-02-02"
      },
      "ResponseBody": {
        "odata.metadata": "https://algernon.table.core.windows.net/$metadata#testtable9unpfoi9",
        "value": [
          {
            "odata.type": "algernon.testtable9unpfoi9",
            "odata.id": "https://algernon.table.core.windows.net/testtable9unpfoi9(PartitionKey=\u0027somPartition\u0027,RowKey=\u002706\u0027)",
            "odata.etag": "W/\u0022datetime\u00272020-07-01T18%3A25%3A36.5284745Z\u0027\u0022",
            "odata.editLink": "testtable9unpfoi9(PartitionKey=\u0027somPartition\u0027,RowKey=\u002706\u0027)",
            "PartitionKey": "somPartition",
            "RowKey": "06",
            "Timestamp@odata.type": "Edm.DateTime",
            "Timestamp": "2020-07-01T18:25:36.5284745Z",
            "StringTypeProperty": "This is table entity number 06",
            "DatetimeTypeProperty@odata.type": "Edm.DateTime",
            "DatetimeTypeProperty": "2020-01-01T01:07:00Z",
            "DatetimeOffsetTypeProperty@odata.type": "Edm.DateTime",
            "DatetimeOffsetTypeProperty": "2020-01-01T01:07:00Z",
            "GuidTypeProperty@odata.type": "Edm.Guid",
            "GuidTypeProperty": "0d391d16-97f1-4b9a-be68-4cc871f90006",
            "BinaryTypeProperty@odata.type": "Edm.Binary",
            "BinaryTypeProperty": "AQIDBAU=",
            "Int64TypeProperty@odata.type": "Edm.Int64",
            "Int64TypeProperty": "6",
            "DoubleTypeProperty": 6.0,
            "IntTypeProperty": 6
          },
          {
            "odata.type": "algernon.testtable9unpfoi9",
            "odata.id": "https://algernon.table.core.windows.net/testtable9unpfoi9(PartitionKey=\u0027somPartition\u0027,RowKey=\u002707\u0027)",
            "odata.etag": "W/\u0022datetime\u00272020-07-01T18%3A25%3A36.6175375Z\u0027\u0022",
            "odata.editLink": "testtable9unpfoi9(PartitionKey=\u0027somPartition\u0027,RowKey=\u002707\u0027)",
            "PartitionKey": "somPartition",
            "RowKey": "07",
            "Timestamp@odata.type": "Edm.DateTime",
            "Timestamp": "2020-07-01T18:25:36.6175375Z",
            "StringTypeProperty": "This is table entity number 07",
            "DatetimeTypeProperty@odata.type": "Edm.DateTime",
            "DatetimeTypeProperty": "2020-01-01T01:08:00Z",
            "DatetimeOffsetTypeProperty@odata.type": "Edm.DateTime",
            "DatetimeOffsetTypeProperty": "2020-01-01T01:08:00Z",
            "GuidTypeProperty@odata.type": "Edm.Guid",
            "GuidTypeProperty": "0d391d16-97f1-4b9a-be68-4cc871f90007",
            "BinaryTypeProperty@odata.type": "Edm.Binary",
            "BinaryTypeProperty": "AQIDBAU=",
            "Int64TypeProperty@odata.type": "Edm.Int64",
            "Int64TypeProperty": "7",
            "DoubleTypeProperty": 7.0,
            "IntTypeProperty": 7
          },
          {
            "odata.type": "algernon.testtable9unpfoi9",
            "odata.id": "https://algernon.table.core.windows.net/testtable9unpfoi9(PartitionKey=\u0027somPartition\u0027,RowKey=\u002708\u0027)",
            "odata.etag": "W/\u0022datetime\u00272020-07-01T18%3A25%3A36.6745778Z\u0027\u0022",
            "odata.editLink": "testtable9unpfoi9(PartitionKey=\u0027somPartition\u0027,RowKey=\u002708\u0027)",
            "PartitionKey": "somPartition",
            "RowKey": "08",
            "Timestamp@odata.type": "Edm.DateTime",
            "Timestamp": "2020-07-01T18:25:36.6745778Z",
            "StringTypeProperty": "This is table entity number 08",
            "DatetimeTypeProperty@odata.type": "Edm.DateTime",
            "DatetimeTypeProperty": "2020-01-01T01:09:00Z",
            "DatetimeOffsetTypeProperty@odata.type": "Edm.DateTime",
            "DatetimeOffsetTypeProperty": "2020-01-01T01:09:00Z",
            "GuidTypeProperty@odata.type": "Edm.Guid",
            "GuidTypeProperty": "0d391d16-97f1-4b9a-be68-4cc871f90008",
            "BinaryTypeProperty@odata.type": "Edm.Binary",
            "BinaryTypeProperty": "AQIDBAU=",
            "Int64TypeProperty@odata.type": "Edm.Int64",
            "Int64TypeProperty": "8",
            "DoubleTypeProperty": 8.0,
            "IntTypeProperty": 8
          },
          {
            "odata.type": "algernon.testtable9unpfoi9",
            "odata.id": "https://algernon.table.core.windows.net/testtable9unpfoi9(PartitionKey=\u0027somPartition\u0027,RowKey=\u002709\u0027)",
            "odata.etag": "W/\u0022datetime\u00272020-07-01T18%3A25%3A36.732619Z\u0027\u0022",
            "odata.editLink": "testtable9unpfoi9(PartitionKey=\u0027somPartition\u0027,RowKey=\u002709\u0027)",
            "PartitionKey": "somPartition",
            "RowKey": "09",
            "Timestamp@odata.type": "Edm.DateTime",
            "Timestamp": "2020-07-01T18:25:36.732619Z",
            "StringTypeProperty": "This is table entity number 09",
            "DatetimeTypeProperty@odata.type": "Edm.DateTime",
            "DatetimeTypeProperty": "2020-01-01T01:10:00Z",
            "DatetimeOffsetTypeProperty@odata.type": "Edm.DateTime",
            "DatetimeOffsetTypeProperty": "2020-01-01T01:10:00Z",
            "GuidTypeProperty@odata.type": "Edm.Guid",
            "GuidTypeProperty": "0d391d16-97f1-4b9a-be68-4cc871f90009",
            "BinaryTypeProperty@odata.type": "Edm.Binary",
            "BinaryTypeProperty": "AQIDBAU=",
            "Int64TypeProperty@odata.type": "Edm.Int64",
            "Int64TypeProperty": "9",
            "DoubleTypeProperty": 9.0,
            "IntTypeProperty": 9
          },
          {
            "odata.type": "algernon.testtable9unpfoi9",
            "odata.id": "https://algernon.table.core.windows.net/testtable9unpfoi9(PartitionKey=\u0027somPartition\u0027,RowKey=\u002710\u0027)",
            "odata.etag": "W/\u0022datetime\u00272020-07-01T18%3A25%3A36.7886592Z\u0027\u0022",
            "odata.editLink": "testtable9unpfoi9(PartitionKey=\u0027somPartition\u0027,RowKey=\u002710\u0027)",
            "PartitionKey": "somPartition",
            "RowKey": "10",
            "Timestamp@odata.type": "Edm.DateTime",
            "Timestamp": "2020-07-01T18:25:36.7886592Z",
            "StringTypeProperty": "This is table entity number 10",
            "DatetimeTypeProperty@odata.type": "Edm.DateTime",
            "DatetimeTypeProperty": "2020-01-01T01:11:00Z",
            "DatetimeOffsetTypeProperty@odata.type": "Edm.DateTime",
            "DatetimeOffsetTypeProperty": "2020-01-01T01:11:00Z",
            "GuidTypeProperty@odata.type": "Edm.Guid",
            "GuidTypeProperty": "0d391d16-97f1-4b9a-be68-4cc871f90010",
            "BinaryTypeProperty@odata.type": "Edm.Binary",
            "BinaryTypeProperty": "AQIDBAU=",
            "Int64TypeProperty@odata.type": "Edm.Int64",
            "Int64TypeProperty": "10",
            "DoubleTypeProperty": 10.0,
            "IntTypeProperty": 10
          }
        ]
      }
    },
    {
      "RequestUri": "https://algernon.table.core.windows.net/testtable9unpfoi9()?$format=application%2Fjson%3Bodata%3Dfullmetadata\u0026$top=5\u0026NextPartitionKey=1%2116%21c29tUGFydGl0aW9u\u0026NextRowKey=1%214%21MTE-",
      "RequestMethod": "GET",
      "RequestHeaders": {
        "Authorization": "Sanitized",
        "DataServiceVersion": "3.0",
        "User-Agent": [
          "azsdk-net-Data.Tables/1.0.0-dev.20200701.1",
          "(.NET Core 4.6.28928.01; Microsoft Windows 10.0.19041 )"
        ],
        "x-ms-client-request-id": "5245ea3c2868a116dd4770146a583f70",
        "x-ms-date": "Wed, 01 Jul 2020 18:25:39 GMT",
        "x-ms-return-client-request-id": "true",
        "x-ms-version": "2019-02-02"
      },
      "RequestBody": null,
      "StatusCode": 200,
      "ResponseHeaders": {
        "Cache-Control": "no-cache",
        "Content-Type": "application/json; odata=fullmetadata; streaming=true; charset=utf-8",
        "Date": "Wed, 01 Jul 2020 18:25:37 GMT",
        "Server": [
          "Windows-Azure-Table/1.0",
          "Microsoft-HTTPAPI/2.0"
        ],
        "Transfer-Encoding": "chunked",
        "X-Content-Type-Options": "nosniff",
        "x-ms-client-request-id": "5245ea3c2868a116dd4770146a583f70",
        "x-ms-continuation-NextPartitionKey": "1!16!c29tUGFydGl0aW9u",
        "x-ms-continuation-NextRowKey": "1!4!MTY-",
        "x-ms-request-id": "ebeb7db1-e002-0081-7ad5-4f3f37000000",
        "x-ms-version": "2019-02-02"
      },
      "ResponseBody": {
        "odata.metadata": "https://algernon.table.core.windows.net/$metadata#testtable9unpfoi9",
        "value": [
          {
            "odata.type": "algernon.testtable9unpfoi9",
            "odata.id": "https://algernon.table.core.windows.net/testtable9unpfoi9(PartitionKey=\u0027somPartition\u0027,RowKey=\u002711\u0027)",
            "odata.etag": "W/\u0022datetime\u00272020-07-01T18%3A25%3A36.8487023Z\u0027\u0022",
            "odata.editLink": "testtable9unpfoi9(PartitionKey=\u0027somPartition\u0027,RowKey=\u002711\u0027)",
            "PartitionKey": "somPartition",
            "RowKey": "11",
            "Timestamp@odata.type": "Edm.DateTime",
            "Timestamp": "2020-07-01T18:25:36.8487023Z",
            "StringTypeProperty": "This is table entity number 11",
            "DatetimeTypeProperty@odata.type": "Edm.DateTime",
            "DatetimeTypeProperty": "2020-01-01T01:12:00Z",
            "DatetimeOffsetTypeProperty@odata.type": "Edm.DateTime",
            "DatetimeOffsetTypeProperty": "2020-01-01T01:12:00Z",
            "GuidTypeProperty@odata.type": "Edm.Guid",
            "GuidTypeProperty": "0d391d16-97f1-4b9a-be68-4cc871f90011",
            "BinaryTypeProperty@odata.type": "Edm.Binary",
            "BinaryTypeProperty": "AQIDBAU=",
            "Int64TypeProperty@odata.type": "Edm.Int64",
            "Int64TypeProperty": "11",
            "DoubleTypeProperty": 11.0,
            "IntTypeProperty": 11
          },
          {
            "odata.type": "algernon.testtable9unpfoi9",
            "odata.id": "https://algernon.table.core.windows.net/testtable9unpfoi9(PartitionKey=\u0027somPartition\u0027,RowKey=\u002712\u0027)",
            "odata.etag": "W/\u0022datetime\u00272020-07-01T18%3A25%3A36.9057435Z\u0027\u0022",
            "odata.editLink": "testtable9unpfoi9(PartitionKey=\u0027somPartition\u0027,RowKey=\u002712\u0027)",
            "PartitionKey": "somPartition",
            "RowKey": "12",
            "Timestamp@odata.type": "Edm.DateTime",
            "Timestamp": "2020-07-01T18:25:36.9057435Z",
            "StringTypeProperty": "This is table entity number 12",
            "DatetimeTypeProperty@odata.type": "Edm.DateTime",
            "DatetimeTypeProperty": "2020-01-01T01:13:00Z",
            "DatetimeOffsetTypeProperty@odata.type": "Edm.DateTime",
            "DatetimeOffsetTypeProperty": "2020-01-01T01:13:00Z",
            "GuidTypeProperty@odata.type": "Edm.Guid",
            "GuidTypeProperty": "0d391d16-97f1-4b9a-be68-4cc871f90012",
            "BinaryTypeProperty@odata.type": "Edm.Binary",
            "BinaryTypeProperty": "AQIDBAU=",
            "Int64TypeProperty@odata.type": "Edm.Int64",
            "Int64TypeProperty": "12",
            "DoubleTypeProperty": 12.0,
            "IntTypeProperty": 12
          },
          {
            "odata.type": "algernon.testtable9unpfoi9",
            "odata.id": "https://algernon.table.core.windows.net/testtable9unpfoi9(PartitionKey=\u0027somPartition\u0027,RowKey=\u002713\u0027)",
            "odata.etag": "W/\u0022datetime\u00272020-07-01T18%3A25%3A36.9617819Z\u0027\u0022",
            "odata.editLink": "testtable9unpfoi9(PartitionKey=\u0027somPartition\u0027,RowKey=\u002713\u0027)",
            "PartitionKey": "somPartition",
            "RowKey": "13",
            "Timestamp@odata.type": "Edm.DateTime",
            "Timestamp": "2020-07-01T18:25:36.9617819Z",
            "StringTypeProperty": "This is table entity number 13",
            "DatetimeTypeProperty@odata.type": "Edm.DateTime",
            "DatetimeTypeProperty": "2020-01-01T01:14:00Z",
            "DatetimeOffsetTypeProperty@odata.type": "Edm.DateTime",
            "DatetimeOffsetTypeProperty": "2020-01-01T01:14:00Z",
            "GuidTypeProperty@odata.type": "Edm.Guid",
            "GuidTypeProperty": "0d391d16-97f1-4b9a-be68-4cc871f90013",
            "BinaryTypeProperty@odata.type": "Edm.Binary",
            "BinaryTypeProperty": "AQIDBAU=",
            "Int64TypeProperty@odata.type": "Edm.Int64",
            "Int64TypeProperty": "13",
            "DoubleTypeProperty": 13.0,
            "IntTypeProperty": 13
          },
          {
            "odata.type": "algernon.testtable9unpfoi9",
            "odata.id": "https://algernon.table.core.windows.net/testtable9unpfoi9(PartitionKey=\u0027somPartition\u0027,RowKey=\u002714\u0027)",
            "odata.etag": "W/\u0022datetime\u00272020-07-01T18%3A25%3A37.021825Z\u0027\u0022",
            "odata.editLink": "testtable9unpfoi9(PartitionKey=\u0027somPartition\u0027,RowKey=\u002714\u0027)",
            "PartitionKey": "somPartition",
            "RowKey": "14",
            "Timestamp@odata.type": "Edm.DateTime",
            "Timestamp": "2020-07-01T18:25:37.021825Z",
            "StringTypeProperty": "This is table entity number 14",
            "DatetimeTypeProperty@odata.type": "Edm.DateTime",
            "DatetimeTypeProperty": "2020-01-01T01:15:00Z",
            "DatetimeOffsetTypeProperty@odata.type": "Edm.DateTime",
            "DatetimeOffsetTypeProperty": "2020-01-01T01:15:00Z",
            "GuidTypeProperty@odata.type": "Edm.Guid",
            "GuidTypeProperty": "0d391d16-97f1-4b9a-be68-4cc871f90014",
            "BinaryTypeProperty@odata.type": "Edm.Binary",
            "BinaryTypeProperty": "AQIDBAU=",
            "Int64TypeProperty@odata.type": "Edm.Int64",
            "Int64TypeProperty": "14",
            "DoubleTypeProperty": 14.0,
            "IntTypeProperty": 14
          },
          {
            "odata.type": "algernon.testtable9unpfoi9",
            "odata.id": "https://algernon.table.core.windows.net/testtable9unpfoi9(PartitionKey=\u0027somPartition\u0027,RowKey=\u002715\u0027)",
            "odata.etag": "W/\u0022datetime\u00272020-07-01T18%3A25%3A37.0828685Z\u0027\u0022",
            "odata.editLink": "testtable9unpfoi9(PartitionKey=\u0027somPartition\u0027,RowKey=\u002715\u0027)",
            "PartitionKey": "somPartition",
            "RowKey": "15",
            "Timestamp@odata.type": "Edm.DateTime",
            "Timestamp": "2020-07-01T18:25:37.0828685Z",
            "StringTypeProperty": "This is table entity number 15",
            "DatetimeTypeProperty@odata.type": "Edm.DateTime",
            "DatetimeTypeProperty": "2020-01-01T01:16:00Z",
            "DatetimeOffsetTypeProperty@odata.type": "Edm.DateTime",
            "DatetimeOffsetTypeProperty": "2020-01-01T01:16:00Z",
            "GuidTypeProperty@odata.type": "Edm.Guid",
            "GuidTypeProperty": "0d391d16-97f1-4b9a-be68-4cc871f90015",
            "BinaryTypeProperty@odata.type": "Edm.Binary",
            "BinaryTypeProperty": "AQIDBAU=",
            "Int64TypeProperty@odata.type": "Edm.Int64",
            "Int64TypeProperty": "15",
            "DoubleTypeProperty": 15.0,
            "IntTypeProperty": 15
          }
        ]
      }
    },
    {
      "RequestUri": "https://algernon.table.core.windows.net/testtable9unpfoi9()?$format=application%2Fjson%3Bodata%3Dfullmetadata\u0026$top=5\u0026NextPartitionKey=1%2116%21c29tUGFydGl0aW9u\u0026NextRowKey=1%214%21MTY-",
      "RequestMethod": "GET",
      "RequestHeaders": {
        "Authorization": "Sanitized",
        "DataServiceVersion": "3.0",
        "User-Agent": [
          "azsdk-net-Data.Tables/1.0.0-dev.20200701.1",
          "(.NET Core 4.6.28928.01; Microsoft Windows 10.0.19041 )"
        ],
        "x-ms-client-request-id": "ad0235b17227e00c66e46273153c5fd9",
        "x-ms-date": "Wed, 01 Jul 2020 18:25:39 GMT",
        "x-ms-return-client-request-id": "true",
        "x-ms-version": "2019-02-02"
      },
      "RequestBody": null,
      "StatusCode": 200,
      "ResponseHeaders": {
        "Cache-Control": "no-cache",
        "Content-Type": "application/json; odata=fullmetadata; streaming=true; charset=utf-8",
        "Date": "Wed, 01 Jul 2020 18:25:37 GMT",
        "Server": [
          "Windows-Azure-Table/1.0",
          "Microsoft-HTTPAPI/2.0"
        ],
        "Transfer-Encoding": "chunked",
        "X-Content-Type-Options": "nosniff",
        "x-ms-client-request-id": "ad0235b17227e00c66e46273153c5fd9",
        "x-ms-request-id": "ebeb7db6-e002-0081-7fd5-4f3f37000000",
        "x-ms-version": "2019-02-02"
      },
      "ResponseBody": {
        "odata.metadata": "https://algernon.table.core.windows.net/$metadata#testtable9unpfoi9",
        "value": [
          {
            "odata.type": "algernon.testtable9unpfoi9",
            "odata.id": "https://algernon.table.core.windows.net/testtable9unpfoi9(PartitionKey=\u0027somPartition\u0027,RowKey=\u002716\u0027)",
            "odata.etag": "W/\u0022datetime\u00272020-07-01T18%3A25%3A37.1349055Z\u0027\u0022",
            "odata.editLink": "testtable9unpfoi9(PartitionKey=\u0027somPartition\u0027,RowKey=\u002716\u0027)",
            "PartitionKey": "somPartition",
            "RowKey": "16",
            "Timestamp@odata.type": "Edm.DateTime",
            "Timestamp": "2020-07-01T18:25:37.1349055Z",
            "StringTypeProperty": "This is table entity number 16",
            "DatetimeTypeProperty@odata.type": "Edm.DateTime",
            "DatetimeTypeProperty": "2020-01-01T01:17:00Z",
            "DatetimeOffsetTypeProperty@odata.type": "Edm.DateTime",
            "DatetimeOffsetTypeProperty": "2020-01-01T01:17:00Z",
            "GuidTypeProperty@odata.type": "Edm.Guid",
            "GuidTypeProperty": "0d391d16-97f1-4b9a-be68-4cc871f90016",
            "BinaryTypeProperty@odata.type": "Edm.Binary",
            "BinaryTypeProperty": "AQIDBAU=",
            "Int64TypeProperty@odata.type": "Edm.Int64",
            "Int64TypeProperty": "16",
            "DoubleTypeProperty": 16.0,
            "IntTypeProperty": 16
          },
          {
            "odata.type": "algernon.testtable9unpfoi9",
            "odata.id": "https://algernon.table.core.windows.net/testtable9unpfoi9(PartitionKey=\u0027somPartition\u0027,RowKey=\u002717\u0027)",
            "odata.etag": "W/\u0022datetime\u00272020-07-01T18%3A25%3A37.1929462Z\u0027\u0022",
            "odata.editLink": "testtable9unpfoi9(PartitionKey=\u0027somPartition\u0027,RowKey=\u002717\u0027)",
            "PartitionKey": "somPartition",
            "RowKey": "17",
            "Timestamp@odata.type": "Edm.DateTime",
            "Timestamp": "2020-07-01T18:25:37.1929462Z",
            "StringTypeProperty": "This is table entity number 17",
            "DatetimeTypeProperty@odata.type": "Edm.DateTime",
            "DatetimeTypeProperty": "2020-01-01T01:18:00Z",
            "DatetimeOffsetTypeProperty@odata.type": "Edm.DateTime",
            "DatetimeOffsetTypeProperty": "2020-01-01T01:18:00Z",
            "GuidTypeProperty@odata.type": "Edm.Guid",
            "GuidTypeProperty": "0d391d16-97f1-4b9a-be68-4cc871f90017",
            "BinaryTypeProperty@odata.type": "Edm.Binary",
            "BinaryTypeProperty": "AQIDBAU=",
            "Int64TypeProperty@odata.type": "Edm.Int64",
            "Int64TypeProperty": "17",
            "DoubleTypeProperty": 17.0,
            "IntTypeProperty": 17
          },
          {
            "odata.type": "algernon.testtable9unpfoi9",
            "odata.id": "https://algernon.table.core.windows.net/testtable9unpfoi9(PartitionKey=\u0027somPartition\u0027,RowKey=\u002718\u0027)",
            "odata.etag": "W/\u0022datetime\u00272020-07-01T18%3A25%3A37.2569917Z\u0027\u0022",
            "odata.editLink": "testtable9unpfoi9(PartitionKey=\u0027somPartition\u0027,RowKey=\u002718\u0027)",
            "PartitionKey": "somPartition",
            "RowKey": "18",
            "Timestamp@odata.type": "Edm.DateTime",
            "Timestamp": "2020-07-01T18:25:37.2569917Z",
            "StringTypeProperty": "This is table entity number 18",
            "DatetimeTypeProperty@odata.type": "Edm.DateTime",
            "DatetimeTypeProperty": "2020-01-01T01:19:00Z",
            "DatetimeOffsetTypeProperty@odata.type": "Edm.DateTime",
            "DatetimeOffsetTypeProperty": "2020-01-01T01:19:00Z",
            "GuidTypeProperty@odata.type": "Edm.Guid",
            "GuidTypeProperty": "0d391d16-97f1-4b9a-be68-4cc871f90018",
            "BinaryTypeProperty@odata.type": "Edm.Binary",
            "BinaryTypeProperty": "AQIDBAU=",
            "Int64TypeProperty@odata.type": "Edm.Int64",
            "Int64TypeProperty": "18",
            "DoubleTypeProperty": 18.0,
            "IntTypeProperty": 18
          },
          {
            "odata.type": "algernon.testtable9unpfoi9",
            "odata.id": "https://algernon.table.core.windows.net/testtable9unpfoi9(PartitionKey=\u0027somPartition\u0027,RowKey=\u002719\u0027)",
            "odata.etag": "W/\u0022datetime\u00272020-07-01T18%3A25%3A37.3170348Z\u0027\u0022",
            "odata.editLink": "testtable9unpfoi9(PartitionKey=\u0027somPartition\u0027,RowKey=\u002719\u0027)",
            "PartitionKey": "somPartition",
            "RowKey": "19",
            "Timestamp@odata.type": "Edm.DateTime",
            "Timestamp": "2020-07-01T18:25:37.3170348Z",
            "StringTypeProperty": "This is table entity number 19",
            "DatetimeTypeProperty@odata.type": "Edm.DateTime",
            "DatetimeTypeProperty": "2020-01-01T01:20:00Z",
            "DatetimeOffsetTypeProperty@odata.type": "Edm.DateTime",
            "DatetimeOffsetTypeProperty": "2020-01-01T01:20:00Z",
            "GuidTypeProperty@odata.type": "Edm.Guid",
            "GuidTypeProperty": "0d391d16-97f1-4b9a-be68-4cc871f90019",
            "BinaryTypeProperty@odata.type": "Edm.Binary",
            "BinaryTypeProperty": "AQIDBAU=",
            "Int64TypeProperty@odata.type": "Edm.Int64",
            "Int64TypeProperty": "19",
            "DoubleTypeProperty": 19.0,
            "IntTypeProperty": 19
          },
          {
            "odata.type": "algernon.testtable9unpfoi9",
            "odata.id": "https://algernon.table.core.windows.net/testtable9unpfoi9(PartitionKey=\u0027somPartition\u0027,RowKey=\u002720\u0027)",
            "odata.etag": "W/\u0022datetime\u00272020-07-01T18%3A25%3A37.3700718Z\u0027\u0022",
            "odata.editLink": "testtable9unpfoi9(PartitionKey=\u0027somPartition\u0027,RowKey=\u002720\u0027)",
            "PartitionKey": "somPartition",
            "RowKey": "20",
            "Timestamp@odata.type": "Edm.DateTime",
            "Timestamp": "2020-07-01T18:25:37.3700718Z",
            "StringTypeProperty": "This is table entity number 20",
            "DatetimeTypeProperty@odata.type": "Edm.DateTime",
            "DatetimeTypeProperty": "2020-01-01T01:21:00Z",
            "DatetimeOffsetTypeProperty@odata.type": "Edm.DateTime",
            "DatetimeOffsetTypeProperty": "2020-01-01T01:21:00Z",
            "GuidTypeProperty@odata.type": "Edm.Guid",
            "GuidTypeProperty": "0d391d16-97f1-4b9a-be68-4cc871f90020",
            "BinaryTypeProperty@odata.type": "Edm.Binary",
            "BinaryTypeProperty": "AQIDBAU=",
            "Int64TypeProperty@odata.type": "Edm.Int64",
            "Int64TypeProperty": "20",
            "DoubleTypeProperty": 20.0,
            "IntTypeProperty": 20
          }
        ]
      }
    },
    {
      "RequestUri": "https://algernon.table.core.windows.net/Tables(\u0027testtable9unpfoi9\u0027)",
      "RequestMethod": "DELETE",
      "RequestHeaders": {
        "Accept": "application/json",
        "Authorization": "Sanitized",
        "traceparent": "00-6c679d6792dc004d913d635752169ae5-da346716c1e17b4b-00",
        "User-Agent": [
          "azsdk-net-Data.Tables/1.0.0-dev.20200701.1",
          "(.NET Core 4.6.28928.01; Microsoft Windows 10.0.19041 )"
        ],
        "x-ms-client-request-id": "cb9b3a3e128f57db078d71526d80335f",
        "x-ms-date": "Wed, 01 Jul 2020 18:25:39 GMT",
        "x-ms-return-client-request-id": "true",
        "x-ms-version": "2019-02-02"
      },
      "RequestBody": null,
      "StatusCode": 204,
      "ResponseHeaders": {
        "Cache-Control": "no-cache",
        "Content-Length": "0",
        "Date": "Wed, 01 Jul 2020 18:25:37 GMT",
        "Server": [
          "Windows-Azure-Table/1.0",
          "Microsoft-HTTPAPI/2.0"
        ],
        "X-Content-Type-Options": "nosniff",
        "x-ms-client-request-id": "cb9b3a3e128f57db078d71526d80335f",
        "x-ms-request-id": "ebeb7dc4-e002-0081-0bd5-4f3f37000000",
        "x-ms-version": "2019-02-02"
      },
      "ResponseBody": []
    }
  ],
  "Variables": {
    "RandomSeed": "672640197",
    "TABLES_PRIMARY_STORAGE_ACCOUNT_KEY": "",
    "TABLES_STORAGE_ACCOUNT_NAME": "algernon"
  }
}