{
  "Entries": [
    {
      "RequestUri": "https://algernon.table.core.windows.net/Tables?$format=application%2Fjson%3Bodata%3Dfullmetadata",
      "RequestMethod": "POST",
      "RequestHeaders": {
        "Authorization": "Sanitized",
        "Content-Length": "33",
        "Content-Type": "application/json; odata=nometadata",
        "DataServiceVersion": "3.0",
        "traceparent": "00-979a1d633c6dae4ab5e103d3d71dd408-bdcdb8f93cdc0d45-00",
        "User-Agent": [
          "azsdk-net-Data.Tables/1.0.0-dev.20200701.1",
          "(.NET Core 4.6.28928.01; Microsoft Windows 10.0.19041 )"
        ],
        "x-ms-client-request-id": "3349f3af44bb087b3b1afc93dd634038",
        "x-ms-date": "Wed, 01 Jul 2020 18:25:39 GMT",
        "x-ms-return-client-request-id": "true",
        "x-ms-version": "2019-02-02"
      },
      "RequestBody": {
        "TableName": "testtableh79i3e0t"
      },
      "StatusCode": 201,
      "ResponseHeaders": {
        "Cache-Control": "no-cache",
        "Content-Type": "application/json; odata=fullmetadata; streaming=true; charset=utf-8",
        "Date": "Wed, 01 Jul 2020 18:25:37 GMT",
        "Location": "https://algernon.table.core.windows.net/Tables(\u0027testtableh79i3e0t\u0027)",
        "Server": [
          "Windows-Azure-Table/1.0",
          "Microsoft-HTTPAPI/2.0"
        ],
        "Transfer-Encoding": "chunked",
        "X-Content-Type-Options": "nosniff",
        "x-ms-client-request-id": "3349f3af44bb087b3b1afc93dd634038",
        "x-ms-request-id": "ebeb7dcf-e002-0081-13d5-4f3f37000000",
        "x-ms-version": "2019-02-02"
      },
      "ResponseBody": {
        "odata.metadata": "https://algernon.table.core.windows.net/$metadata#Tables/@Element",
        "odata.type": "algernon.Tables",
        "odata.id": "https://algernon.table.core.windows.net/Tables(\u0027testtableh79i3e0t\u0027)",
        "odata.editLink": "Tables(\u0027testtableh79i3e0t\u0027)",
        "TableName": "testtableh79i3e0t"
      }
    },
    {
      "RequestUri": "https://algernon.table.core.windows.net/testtableh79i3e0t?$format=application%2Fjson%3Bodata%3Dfullmetadata",
      "RequestMethod": "POST",
      "RequestHeaders": {
        "Authorization": "Sanitized",
        "Content-Length": "614",
        "Content-Type": "application/json; odata=nometadata",
        "DataServiceVersion": "3.0",
        "traceparent": "00-3f6531f1d900e949896c13884bde75f1-477b90470ad46744-00",
        "User-Agent": [
          "azsdk-net-Data.Tables/1.0.0-dev.20200701.1",
          "(.NET Core 4.6.28928.01; Microsoft Windows 10.0.19041 )"
        ],
        "x-ms-client-request-id": "140b6914e95060bc90967e5c9e6e44d2",
        "x-ms-date": "Wed, 01 Jul 2020 18:25:39 GMT",
        "x-ms-return-client-request-id": "true",
        "x-ms-version": "2019-02-02"
      },
      "RequestBody": {
        "PartitionKey": "somPartition",
        "RowKey": "01",
        "SomeStringProperty": "This is table entity number 01",
        "SomeDateProperty": "2020-01-01T01:02:00.0000000Z",
        "SomeDateProperty@odata.type": "Edm.DateTime",
        "SomeGuidProperty": "0d391d16-97f1-4b9a-be68-4cc871f90001",
        "SomeGuidProperty@odata.type": "Edm.Guid",
        "SomeBinaryProperty": "AQIDBAU=",
        "SomeBinaryProperty@odata.type": "Edm.Binary",
        "SomeInt64Property": "1",
        "SomeInt64Property@odata.type": "Edm.Int64",
        "SomeDoubleProperty0": 1,
        "SomeDoubleProperty0@odata.type": "Edm.Double",
        "SomeDoubleProperty1": 1.1000000000000001,
        "SomeDoubleProperty1@odata.type": "Edm.Double",
        "SomeIntProperty": 1
      },
      "StatusCode": 201,
      "ResponseHeaders": {
        "Cache-Control": "no-cache",
        "Content-Type": "application/json; odata=fullmetadata; streaming=true; charset=utf-8",
        "Date": "Wed, 01 Jul 2020 18:25:37 GMT",
        "ETag": "W/\u0022datetime\u00272020-07-01T18%3A25%3A38.0575619Z\u0027\u0022",
        "Location": "https://algernon.table.core.windows.net/testtableh79i3e0t(PartitionKey=\u0027somPartition\u0027,RowKey=\u002701\u0027)",
        "Server": [
          "Windows-Azure-Table/1.0",
          "Microsoft-HTTPAPI/2.0"
        ],
        "Transfer-Encoding": "chunked",
        "X-Content-Type-Options": "nosniff",
        "x-ms-client-request-id": "140b6914e95060bc90967e5c9e6e44d2",
        "x-ms-request-id": "ebeb7dd1-e002-0081-14d5-4f3f37000000",
        "x-ms-version": "2019-02-02"
      },
      "ResponseBody": {
        "odata.metadata": "https://algernon.table.core.windows.net/$metadata#testtableh79i3e0t/@Element",
        "odata.type": "algernon.testtableh79i3e0t",
        "odata.id": "https://algernon.table.core.windows.net/testtableh79i3e0t(PartitionKey=\u0027somPartition\u0027,RowKey=\u002701\u0027)",
        "odata.etag": "W/\u0022datetime\u00272020-07-01T18%3A25%3A38.0575619Z\u0027\u0022",
        "odata.editLink": "testtableh79i3e0t(PartitionKey=\u0027somPartition\u0027,RowKey=\u002701\u0027)",
        "PartitionKey": "somPartition",
        "RowKey": "01",
        "Timestamp@odata.type": "Edm.DateTime",
        "Timestamp": "2020-07-01T18:25:38.0575619Z",
        "SomeStringProperty": "This is table entity number 01",
        "SomeDateProperty@odata.type": "Edm.DateTime",
        "SomeDateProperty": "2020-01-01T01:02:00Z",
        "SomeGuidProperty@odata.type": "Edm.Guid",
        "SomeGuidProperty": "0d391d16-97f1-4b9a-be68-4cc871f90001",
        "SomeBinaryProperty@odata.type": "Edm.Binary",
        "SomeBinaryProperty": "AQIDBAU=",
        "SomeInt64Property@odata.type": "Edm.Int64",
        "SomeInt64Property": "1",
        "SomeDoubleProperty0": 1.0,
        "SomeDoubleProperty1": 1.1,
        "SomeIntProperty": 1
      }
    },
    {
      "RequestUri": "https://algernon.table.core.windows.net/testtableh79i3e0t?$format=application%2Fjson%3Bodata%3Dfullmetadata",
      "RequestMethod": "POST",
      "RequestHeaders": {
        "Authorization": "Sanitized",
        "Content-Length": "614",
        "Content-Type": "application/json; odata=nometadata",
        "DataServiceVersion": "3.0",
        "traceparent": "00-38c775c6b45cc5419a33a79ced35a056-55717a2f70147340-00",
        "User-Agent": [
          "azsdk-net-Data.Tables/1.0.0-dev.20200701.1",
          "(.NET Core 4.6.28928.01; Microsoft Windows 10.0.19041 )"
        ],
        "x-ms-client-request-id": "cfdc3fbcfc190d86f2e3acdaa63ac0d1",
        "x-ms-date": "Wed, 01 Jul 2020 18:25:40 GMT",
        "x-ms-return-client-request-id": "true",
        "x-ms-version": "2019-02-02"
      },
      "RequestBody": {
        "PartitionKey": "somPartition",
        "RowKey": "02",
        "SomeStringProperty": "This is table entity number 02",
        "SomeDateProperty": "2020-01-01T01:03:00.0000000Z",
        "SomeDateProperty@odata.type": "Edm.DateTime",
        "SomeGuidProperty": "0d391d16-97f1-4b9a-be68-4cc871f90002",
        "SomeGuidProperty@odata.type": "Edm.Guid",
        "SomeBinaryProperty": "AQIDBAU=",
        "SomeBinaryProperty@odata.type": "Edm.Binary",
        "SomeInt64Property": "2",
        "SomeInt64Property@odata.type": "Edm.Int64",
        "SomeDoubleProperty0": 2,
        "SomeDoubleProperty0@odata.type": "Edm.Double",
        "SomeDoubleProperty1": 2.1000000000000001,
        "SomeDoubleProperty1@odata.type": "Edm.Double",
        "SomeIntProperty": 2
      },
      "StatusCode": 201,
      "ResponseHeaders": {
        "Cache-Control": "no-cache",
        "Content-Type": "application/json; odata=fullmetadata; streaming=true; charset=utf-8",
        "Date": "Wed, 01 Jul 2020 18:25:37 GMT",
        "ETag": "W/\u0022datetime\u00272020-07-01T18%3A25%3A38.1176049Z\u0027\u0022",
        "Location": "https://algernon.table.core.windows.net/testtableh79i3e0t(PartitionKey=\u0027somPartition\u0027,RowKey=\u002702\u0027)",
        "Server": [
          "Windows-Azure-Table/1.0",
          "Microsoft-HTTPAPI/2.0"
        ],
        "Transfer-Encoding": "chunked",
        "X-Content-Type-Options": "nosniff",
        "x-ms-client-request-id": "cfdc3fbcfc190d86f2e3acdaa63ac0d1",
        "x-ms-request-id": "ebeb7ddb-e002-0081-1ad5-4f3f37000000",
        "x-ms-version": "2019-02-02"
      },
      "ResponseBody": {
        "odata.metadata": "https://algernon.table.core.windows.net/$metadata#testtableh79i3e0t/@Element",
        "odata.type": "algernon.testtableh79i3e0t",
        "odata.id": "https://algernon.table.core.windows.net/testtableh79i3e0t(PartitionKey=\u0027somPartition\u0027,RowKey=\u002702\u0027)",
        "odata.etag": "W/\u0022datetime\u00272020-07-01T18%3A25%3A38.1176049Z\u0027\u0022",
        "odata.editLink": "testtableh79i3e0t(PartitionKey=\u0027somPartition\u0027,RowKey=\u002702\u0027)",
        "PartitionKey": "somPartition",
        "RowKey": "02",
        "Timestamp@odata.type": "Edm.DateTime",
        "Timestamp": "2020-07-01T18:25:38.1176049Z",
        "SomeStringProperty": "This is table entity number 02",
        "SomeDateProperty@odata.type": "Edm.DateTime",
        "SomeDateProperty": "2020-01-01T01:03:00Z",
        "SomeGuidProperty@odata.type": "Edm.Guid",
        "SomeGuidProperty": "0d391d16-97f1-4b9a-be68-4cc871f90002",
        "SomeBinaryProperty@odata.type": "Edm.Binary",
        "SomeBinaryProperty": "AQIDBAU=",
        "SomeInt64Property@odata.type": "Edm.Int64",
        "SomeInt64Property": "2",
        "SomeDoubleProperty0": 2.0,
        "SomeDoubleProperty1": 2.1,
        "SomeIntProperty": 2
      }
    },
    {
      "RequestUri": "https://algernon.table.core.windows.net/testtableh79i3e0t?$format=application%2Fjson%3Bodata%3Dfullmetadata",
      "RequestMethod": "POST",
      "RequestHeaders": {
        "Authorization": "Sanitized",
        "Content-Length": "614",
        "Content-Type": "application/json; odata=nometadata",
        "DataServiceVersion": "3.0",
        "traceparent": "00-74499bdcf8c0d943877526936a636e53-d28f3e6084c2e047-00",
        "User-Agent": [
          "azsdk-net-Data.Tables/1.0.0-dev.20200701.1",
          "(.NET Core 4.6.28928.01; Microsoft Windows 10.0.19041 )"
        ],
        "x-ms-client-request-id": "73a02688a336c6e536e9a325c51f69cc",
        "x-ms-date": "Wed, 01 Jul 2020 18:25:40 GMT",
        "x-ms-return-client-request-id": "true",
        "x-ms-version": "2019-02-02"
      },
      "RequestBody": {
        "PartitionKey": "somPartition",
        "RowKey": "03",
        "SomeStringProperty": "This is table entity number 03",
        "SomeDateProperty": "2020-01-01T01:04:00.0000000Z",
        "SomeDateProperty@odata.type": "Edm.DateTime",
        "SomeGuidProperty": "0d391d16-97f1-4b9a-be68-4cc871f90003",
        "SomeGuidProperty@odata.type": "Edm.Guid",
        "SomeBinaryProperty": "AQIDBAU=",
        "SomeBinaryProperty@odata.type": "Edm.Binary",
        "SomeInt64Property": "3",
        "SomeInt64Property@odata.type": "Edm.Int64",
        "SomeDoubleProperty0": 3,
        "SomeDoubleProperty0@odata.type": "Edm.Double",
        "SomeDoubleProperty1": 3.1000000000000001,
        "SomeDoubleProperty1@odata.type": "Edm.Double",
        "SomeIntProperty": 3
      },
      "StatusCode": 201,
      "ResponseHeaders": {
        "Cache-Control": "no-cache",
        "Content-Type": "application/json; odata=fullmetadata; streaming=true; charset=utf-8",
        "Date": "Wed, 01 Jul 2020 18:25:37 GMT",
        "ETag": "W/\u0022datetime\u00272020-07-01T18%3A25%3A38.2196772Z\u0027\u0022",
        "Location": "https://algernon.table.core.windows.net/testtableh79i3e0t(PartitionKey=\u0027somPartition\u0027,RowKey=\u002703\u0027)",
        "Server": [
          "Windows-Azure-Table/1.0",
          "Microsoft-HTTPAPI/2.0"
        ],
        "Transfer-Encoding": "chunked",
        "X-Content-Type-Options": "nosniff",
        "x-ms-client-request-id": "73a02688a336c6e536e9a325c51f69cc",
        "x-ms-request-id": "ebeb7dee-e002-0081-2dd5-4f3f37000000",
        "x-ms-version": "2019-02-02"
      },
      "ResponseBody": {
        "odata.metadata": "https://algernon.table.core.windows.net/$metadata#testtableh79i3e0t/@Element",
        "odata.type": "algernon.testtableh79i3e0t",
        "odata.id": "https://algernon.table.core.windows.net/testtableh79i3e0t(PartitionKey=\u0027somPartition\u0027,RowKey=\u002703\u0027)",
        "odata.etag": "W/\u0022datetime\u00272020-07-01T18%3A25%3A38.2196772Z\u0027\u0022",
        "odata.editLink": "testtableh79i3e0t(PartitionKey=\u0027somPartition\u0027,RowKey=\u002703\u0027)",
        "PartitionKey": "somPartition",
        "RowKey": "03",
        "Timestamp@odata.type": "Edm.DateTime",
        "Timestamp": "2020-07-01T18:25:38.2196772Z",
        "SomeStringProperty": "This is table entity number 03",
        "SomeDateProperty@odata.type": "Edm.DateTime",
        "SomeDateProperty": "2020-01-01T01:04:00Z",
        "SomeGuidProperty@odata.type": "Edm.Guid",
        "SomeGuidProperty": "0d391d16-97f1-4b9a-be68-4cc871f90003",
        "SomeBinaryProperty@odata.type": "Edm.Binary",
        "SomeBinaryProperty": "AQIDBAU=",
        "SomeInt64Property@odata.type": "Edm.Int64",
        "SomeInt64Property": "3",
        "SomeDoubleProperty0": 3.0,
        "SomeDoubleProperty1": 3.1,
        "SomeIntProperty": 3
      }
    },
    {
      "RequestUri": "https://algernon.table.core.windows.net/testtableh79i3e0t?$format=application%2Fjson%3Bodata%3Dfullmetadata",
      "RequestMethod": "POST",
      "RequestHeaders": {
        "Authorization": "Sanitized",
        "Content-Length": "614",
        "Content-Type": "application/json; odata=nometadata",
        "DataServiceVersion": "3.0",
        "traceparent": "00-2c2ad7d8230f9f4490a5bd4dade99f5d-7f81efc5fccd194c-00",
        "User-Agent": [
          "azsdk-net-Data.Tables/1.0.0-dev.20200701.1",
          "(.NET Core 4.6.28928.01; Microsoft Windows 10.0.19041 )"
        ],
        "x-ms-client-request-id": "9ed629d67187171fe3fd216c3de2b956",
        "x-ms-date": "Wed, 01 Jul 2020 18:25:40 GMT",
        "x-ms-return-client-request-id": "true",
        "x-ms-version": "2019-02-02"
      },
      "RequestBody": {
        "PartitionKey": "somPartition",
        "RowKey": "04",
        "SomeStringProperty": "This is table entity number 04",
        "SomeDateProperty": "2020-01-01T01:05:00.0000000Z",
        "SomeDateProperty@odata.type": "Edm.DateTime",
        "SomeGuidProperty": "0d391d16-97f1-4b9a-be68-4cc871f90004",
        "SomeGuidProperty@odata.type": "Edm.Guid",
        "SomeBinaryProperty": "AQIDBAU=",
        "SomeBinaryProperty@odata.type": "Edm.Binary",
        "SomeInt64Property": "4",
        "SomeInt64Property@odata.type": "Edm.Int64",
        "SomeDoubleProperty0": 4,
        "SomeDoubleProperty0@odata.type": "Edm.Double",
        "SomeDoubleProperty1": 4.0999999999999996,
        "SomeDoubleProperty1@odata.type": "Edm.Double",
        "SomeIntProperty": 4
      },
      "StatusCode": 201,
      "ResponseHeaders": {
        "Cache-Control": "no-cache",
        "Content-Type": "application/json; odata=fullmetadata; streaming=true; charset=utf-8",
        "Date": "Wed, 01 Jul 2020 18:25:38 GMT",
        "ETag": "W/\u0022datetime\u00272020-07-01T18%3A25%3A38.282723Z\u0027\u0022",
        "Location": "https://algernon.table.core.windows.net/testtableh79i3e0t(PartitionKey=\u0027somPartition\u0027,RowKey=\u002704\u0027)",
        "Server": [
          "Windows-Azure-Table/1.0",
          "Microsoft-HTTPAPI/2.0"
        ],
        "Transfer-Encoding": "chunked",
        "X-Content-Type-Options": "nosniff",
        "x-ms-client-request-id": "9ed629d67187171fe3fd216c3de2b956",
        "x-ms-request-id": "ebeb7df5-e002-0081-34d5-4f3f37000000",
        "x-ms-version": "2019-02-02"
      },
      "ResponseBody": {
        "odata.metadata": "https://algernon.table.core.windows.net/$metadata#testtableh79i3e0t/@Element",
        "odata.type": "algernon.testtableh79i3e0t",
        "odata.id": "https://algernon.table.core.windows.net/testtableh79i3e0t(PartitionKey=\u0027somPartition\u0027,RowKey=\u002704\u0027)",
        "odata.etag": "W/\u0022datetime\u00272020-07-01T18%3A25%3A38.282723Z\u0027\u0022",
        "odata.editLink": "testtableh79i3e0t(PartitionKey=\u0027somPartition\u0027,RowKey=\u002704\u0027)",
        "PartitionKey": "somPartition",
        "RowKey": "04",
        "Timestamp@odata.type": "Edm.DateTime",
        "Timestamp": "2020-07-01T18:25:38.282723Z",
        "SomeStringProperty": "This is table entity number 04",
        "SomeDateProperty@odata.type": "Edm.DateTime",
        "SomeDateProperty": "2020-01-01T01:05:00Z",
        "SomeGuidProperty@odata.type": "Edm.Guid",
        "SomeGuidProperty": "0d391d16-97f1-4b9a-be68-4cc871f90004",
        "SomeBinaryProperty@odata.type": "Edm.Binary",
        "SomeBinaryProperty": "AQIDBAU=",
        "SomeInt64Property@odata.type": "Edm.Int64",
        "SomeInt64Property": "4",
        "SomeDoubleProperty0": 4.0,
        "SomeDoubleProperty1": 4.1,
        "SomeIntProperty": 4
      }
    },
    {
      "RequestUri": "https://algernon.table.core.windows.net/testtableh79i3e0t?$format=application%2Fjson%3Bodata%3Dfullmetadata",
      "RequestMethod": "POST",
      "RequestHeaders": {
        "Authorization": "Sanitized",
        "Content-Length": "614",
        "Content-Type": "application/json; odata=nometadata",
        "DataServiceVersion": "3.0",
        "traceparent": "00-30c4527abd95554ca2f7c028e1be8e18-681f543a54d92d4a-00",
        "User-Agent": [
          "azsdk-net-Data.Tables/1.0.0-dev.20200701.1",
          "(.NET Core 4.6.28928.01; Microsoft Windows 10.0.19041 )"
        ],
        "x-ms-client-request-id": "78d3acd5d0cd189b59159830596048d3",
        "x-ms-date": "Wed, 01 Jul 2020 18:25:40 GMT",
        "x-ms-return-client-request-id": "true",
        "x-ms-version": "2019-02-02"
      },
      "RequestBody": {
        "PartitionKey": "somPartition",
        "RowKey": "05",
        "SomeStringProperty": "This is table entity number 05",
        "SomeDateProperty": "2020-01-01T01:06:00.0000000Z",
        "SomeDateProperty@odata.type": "Edm.DateTime",
        "SomeGuidProperty": "0d391d16-97f1-4b9a-be68-4cc871f90005",
        "SomeGuidProperty@odata.type": "Edm.Guid",
        "SomeBinaryProperty": "AQIDBAU=",
        "SomeBinaryProperty@odata.type": "Edm.Binary",
        "SomeInt64Property": "5",
        "SomeInt64Property@odata.type": "Edm.Int64",
        "SomeDoubleProperty0": 5,
        "SomeDoubleProperty0@odata.type": "Edm.Double",
        "SomeDoubleProperty1": 5.0999999999999996,
        "SomeDoubleProperty1@odata.type": "Edm.Double",
        "SomeIntProperty": 5
      },
      "StatusCode": 201,
      "ResponseHeaders": {
        "Cache-Control": "no-cache",
        "Content-Type": "application/json; odata=fullmetadata; streaming=true; charset=utf-8",
        "Date": "Wed, 01 Jul 2020 18:25:38 GMT",
        "ETag": "W/\u0022datetime\u00272020-07-01T18%3A25%3A38.4418364Z\u0027\u0022",
        "Location": "https://algernon.table.core.windows.net/testtableh79i3e0t(PartitionKey=\u0027somPartition\u0027,RowKey=\u002705\u0027)",
        "Server": [
          "Windows-Azure-Table/1.0",
          "Microsoft-HTTPAPI/2.0"
        ],
        "Transfer-Encoding": "chunked",
        "X-Content-Type-Options": "nosniff",
        "x-ms-client-request-id": "78d3acd5d0cd189b59159830596048d3",
        "x-ms-request-id": "ebeb7dfe-e002-0081-3bd5-4f3f37000000",
        "x-ms-version": "2019-02-02"
      },
      "ResponseBody": {
        "odata.metadata": "https://algernon.table.core.windows.net/$metadata#testtableh79i3e0t/@Element",
        "odata.type": "algernon.testtableh79i3e0t",
        "odata.id": "https://algernon.table.core.windows.net/testtableh79i3e0t(PartitionKey=\u0027somPartition\u0027,RowKey=\u002705\u0027)",
        "odata.etag": "W/\u0022datetime\u00272020-07-01T18%3A25%3A38.4418364Z\u0027\u0022",
        "odata.editLink": "testtableh79i3e0t(PartitionKey=\u0027somPartition\u0027,RowKey=\u002705\u0027)",
        "PartitionKey": "somPartition",
        "RowKey": "05",
        "Timestamp@odata.type": "Edm.DateTime",
        "Timestamp": "2020-07-01T18:25:38.4418364Z",
        "SomeStringProperty": "This is table entity number 05",
        "SomeDateProperty@odata.type": "Edm.DateTime",
        "SomeDateProperty": "2020-01-01T01:06:00Z",
        "SomeGuidProperty@odata.type": "Edm.Guid",
        "SomeGuidProperty": "0d391d16-97f1-4b9a-be68-4cc871f90005",
        "SomeBinaryProperty@odata.type": "Edm.Binary",
        "SomeBinaryProperty": "AQIDBAU=",
        "SomeInt64Property@odata.type": "Edm.Int64",
        "SomeInt64Property": "5",
        "SomeDoubleProperty0": 5.0,
        "SomeDoubleProperty1": 5.1,
        "SomeIntProperty": 5
      }
    },
    {
      "RequestUri": "https://algernon.table.core.windows.net/testtableh79i3e0t?$format=application%2Fjson%3Bodata%3Dfullmetadata",
      "RequestMethod": "POST",
      "RequestHeaders": {
        "Authorization": "Sanitized",
        "Content-Length": "614",
        "Content-Type": "application/json; odata=nometadata",
        "DataServiceVersion": "3.0",
        "traceparent": "00-43802c7d75f1c94db490f8996f25ecb6-4e886c9612d35148-00",
        "User-Agent": [
          "azsdk-net-Data.Tables/1.0.0-dev.20200701.1",
          "(.NET Core 4.6.28928.01; Microsoft Windows 10.0.19041 )"
        ],
        "x-ms-client-request-id": "7c04df792263174a07888f3881788954",
        "x-ms-date": "Wed, 01 Jul 2020 18:25:40 GMT",
        "x-ms-return-client-request-id": "true",
        "x-ms-version": "2019-02-02"
      },
      "RequestBody": {
        "PartitionKey": "somPartition",
        "RowKey": "06",
        "SomeStringProperty": "This is table entity number 06",
        "SomeDateProperty": "2020-01-01T01:07:00.0000000Z",
        "SomeDateProperty@odata.type": "Edm.DateTime",
        "SomeGuidProperty": "0d391d16-97f1-4b9a-be68-4cc871f90006",
        "SomeGuidProperty@odata.type": "Edm.Guid",
        "SomeBinaryProperty": "AQIDBAU=",
        "SomeBinaryProperty@odata.type": "Edm.Binary",
        "SomeInt64Property": "6",
        "SomeInt64Property@odata.type": "Edm.Int64",
        "SomeDoubleProperty0": 6,
        "SomeDoubleProperty0@odata.type": "Edm.Double",
        "SomeDoubleProperty1": 6.0999999999999996,
        "SomeDoubleProperty1@odata.type": "Edm.Double",
        "SomeIntProperty": 6
      },
      "StatusCode": 201,
      "ResponseHeaders": {
        "Cache-Control": "no-cache",
        "Content-Type": "application/json; odata=fullmetadata; streaming=true; charset=utf-8",
        "Date": "Wed, 01 Jul 2020 18:25:38 GMT",
        "ETag": "W/\u0022datetime\u00272020-07-01T18%3A25%3A38.5238952Z\u0027\u0022",
        "Location": "https://algernon.table.core.windows.net/testtableh79i3e0t(PartitionKey=\u0027somPartition\u0027,RowKey=\u002706\u0027)",
        "Server": [
          "Windows-Azure-Table/1.0",
          "Microsoft-HTTPAPI/2.0"
        ],
        "Transfer-Encoding": "chunked",
        "X-Content-Type-Options": "nosniff",
        "x-ms-client-request-id": "7c04df792263174a07888f3881788954",
        "x-ms-request-id": "ebeb7e00-e002-0081-3dd5-4f3f37000000",
        "x-ms-version": "2019-02-02"
      },
      "ResponseBody": {
        "odata.metadata": "https://algernon.table.core.windows.net/$metadata#testtableh79i3e0t/@Element",
        "odata.type": "algernon.testtableh79i3e0t",
        "odata.id": "https://algernon.table.core.windows.net/testtableh79i3e0t(PartitionKey=\u0027somPartition\u0027,RowKey=\u002706\u0027)",
        "odata.etag": "W/\u0022datetime\u00272020-07-01T18%3A25%3A38.5238952Z\u0027\u0022",
        "odata.editLink": "testtableh79i3e0t(PartitionKey=\u0027somPartition\u0027,RowKey=\u002706\u0027)",
        "PartitionKey": "somPartition",
        "RowKey": "06",
        "Timestamp@odata.type": "Edm.DateTime",
        "Timestamp": "2020-07-01T18:25:38.5238952Z",
        "SomeStringProperty": "This is table entity number 06",
        "SomeDateProperty@odata.type": "Edm.DateTime",
        "SomeDateProperty": "2020-01-01T01:07:00Z",
        "SomeGuidProperty@odata.type": "Edm.Guid",
        "SomeGuidProperty": "0d391d16-97f1-4b9a-be68-4cc871f90006",
        "SomeBinaryProperty@odata.type": "Edm.Binary",
        "SomeBinaryProperty": "AQIDBAU=",
        "SomeInt64Property@odata.type": "Edm.Int64",
        "SomeInt64Property": "6",
        "SomeDoubleProperty0": 6.0,
        "SomeDoubleProperty1": 6.1,
        "SomeIntProperty": 6
      }
    },
    {
      "RequestUri": "https://algernon.table.core.windows.net/testtableh79i3e0t?$format=application%2Fjson%3Bodata%3Dfullmetadata",
      "RequestMethod": "POST",
      "RequestHeaders": {
        "Authorization": "Sanitized",
        "Content-Length": "614",
        "Content-Type": "application/json; odata=nometadata",
        "DataServiceVersion": "3.0",
        "traceparent": "00-64c26753231a8841baedf239dbd267f6-aa7782f019cfd544-00",
        "User-Agent": [
          "azsdk-net-Data.Tables/1.0.0-dev.20200701.1",
          "(.NET Core 4.6.28928.01; Microsoft Windows 10.0.19041 )"
        ],
        "x-ms-client-request-id": "184f4d2ff14b05ff8dbd4471d9eebe82",
        "x-ms-date": "Wed, 01 Jul 2020 18:25:40 GMT",
        "x-ms-return-client-request-id": "true",
        "x-ms-version": "2019-02-02"
      },
      "RequestBody": {
        "PartitionKey": "somPartition",
        "RowKey": "07",
        "SomeStringProperty": "This is table entity number 07",
        "SomeDateProperty": "2020-01-01T01:08:00.0000000Z",
        "SomeDateProperty@odata.type": "Edm.DateTime",
        "SomeGuidProperty": "0d391d16-97f1-4b9a-be68-4cc871f90007",
        "SomeGuidProperty@odata.type": "Edm.Guid",
        "SomeBinaryProperty": "AQIDBAU=",
        "SomeBinaryProperty@odata.type": "Edm.Binary",
        "SomeInt64Property": "7",
        "SomeInt64Property@odata.type": "Edm.Int64",
        "SomeDoubleProperty0": 7,
        "SomeDoubleProperty0@odata.type": "Edm.Double",
        "SomeDoubleProperty1": 7.0999999999999996,
        "SomeDoubleProperty1@odata.type": "Edm.Double",
        "SomeIntProperty": 7
      },
      "StatusCode": 201,
      "ResponseHeaders": {
        "Cache-Control": "no-cache",
        "Content-Type": "application/json; odata=fullmetadata; streaming=true; charset=utf-8",
        "Date": "Wed, 01 Jul 2020 18:25:38 GMT",
        "ETag": "W/\u0022datetime\u00272020-07-01T18%3A25%3A38.6069554Z\u0027\u0022",
        "Location": "https://algernon.table.core.windows.net/testtableh79i3e0t(PartitionKey=\u0027somPartition\u0027,RowKey=\u002707\u0027)",
        "Server": [
          "Windows-Azure-Table/1.0",
          "Microsoft-HTTPAPI/2.0"
        ],
        "Transfer-Encoding": "chunked",
        "X-Content-Type-Options": "nosniff",
        "x-ms-client-request-id": "184f4d2ff14b05ff8dbd4471d9eebe82",
        "x-ms-request-id": "ebeb7e08-e002-0081-43d5-4f3f37000000",
        "x-ms-version": "2019-02-02"
      },
      "ResponseBody": {
        "odata.metadata": "https://algernon.table.core.windows.net/$metadata#testtableh79i3e0t/@Element",
        "odata.type": "algernon.testtableh79i3e0t",
        "odata.id": "https://algernon.table.core.windows.net/testtableh79i3e0t(PartitionKey=\u0027somPartition\u0027,RowKey=\u002707\u0027)",
        "odata.etag": "W/\u0022datetime\u00272020-07-01T18%3A25%3A38.6069554Z\u0027\u0022",
        "odata.editLink": "testtableh79i3e0t(PartitionKey=\u0027somPartition\u0027,RowKey=\u002707\u0027)",
        "PartitionKey": "somPartition",
        "RowKey": "07",
        "Timestamp@odata.type": "Edm.DateTime",
        "Timestamp": "2020-07-01T18:25:38.6069554Z",
        "SomeStringProperty": "This is table entity number 07",
        "SomeDateProperty@odata.type": "Edm.DateTime",
        "SomeDateProperty": "2020-01-01T01:08:00Z",
        "SomeGuidProperty@odata.type": "Edm.Guid",
        "SomeGuidProperty": "0d391d16-97f1-4b9a-be68-4cc871f90007",
        "SomeBinaryProperty@odata.type": "Edm.Binary",
        "SomeBinaryProperty": "AQIDBAU=",
        "SomeInt64Property@odata.type": "Edm.Int64",
        "SomeInt64Property": "7",
        "SomeDoubleProperty0": 7.0,
        "SomeDoubleProperty1": 7.1,
        "SomeIntProperty": 7
      }
    },
    {
      "RequestUri": "https://algernon.table.core.windows.net/testtableh79i3e0t?$format=application%2Fjson%3Bodata%3Dfullmetadata",
      "RequestMethod": "POST",
      "RequestHeaders": {
        "Authorization": "Sanitized",
        "Content-Length": "614",
        "Content-Type": "application/json; odata=nometadata",
        "DataServiceVersion": "3.0",
        "traceparent": "00-fd5a45f26517f34cbb855b66edf6b587-eaa21d19ef554e42-00",
        "User-Agent": [
          "azsdk-net-Data.Tables/1.0.0-dev.20200701.1",
          "(.NET Core 4.6.28928.01; Microsoft Windows 10.0.19041 )"
        ],
        "x-ms-client-request-id": "5df24eb53dddb3f262bb7145406397e1",
        "x-ms-date": "Wed, 01 Jul 2020 18:25:40 GMT",
        "x-ms-return-client-request-id": "true",
        "x-ms-version": "2019-02-02"
      },
      "RequestBody": {
        "PartitionKey": "somPartition",
        "RowKey": "08",
        "SomeStringProperty": "This is table entity number 08",
        "SomeDateProperty": "2020-01-01T01:09:00.0000000Z",
        "SomeDateProperty@odata.type": "Edm.DateTime",
        "SomeGuidProperty": "0d391d16-97f1-4b9a-be68-4cc871f90008",
        "SomeGuidProperty@odata.type": "Edm.Guid",
        "SomeBinaryProperty": "AQIDBAU=",
        "SomeBinaryProperty@odata.type": "Edm.Binary",
        "SomeInt64Property": "8",
        "SomeInt64Property@odata.type": "Edm.Int64",
        "SomeDoubleProperty0": 8,
        "SomeDoubleProperty0@odata.type": "Edm.Double",
        "SomeDoubleProperty1": 8.0999999999999996,
        "SomeDoubleProperty1@odata.type": "Edm.Double",
        "SomeIntProperty": 8
      },
      "StatusCode": 201,
      "ResponseHeaders": {
        "Cache-Control": "no-cache",
        "Content-Type": "application/json; odata=fullmetadata; streaming=true; charset=utf-8",
        "Date": "Wed, 01 Jul 2020 18:25:38 GMT",
        "ETag": "W/\u0022datetime\u00272020-07-01T18%3A25%3A38.664997Z\u0027\u0022",
        "Location": "https://algernon.table.core.windows.net/testtableh79i3e0t(PartitionKey=\u0027somPartition\u0027,RowKey=\u002708\u0027)",
        "Server": [
          "Windows-Azure-Table/1.0",
          "Microsoft-HTTPAPI/2.0"
        ],
        "Transfer-Encoding": "chunked",
        "X-Content-Type-Options": "nosniff",
        "x-ms-client-request-id": "5df24eb53dddb3f262bb7145406397e1",
        "x-ms-request-id": "ebeb7e09-e002-0081-44d5-4f3f37000000",
        "x-ms-version": "2019-02-02"
      },
      "ResponseBody": {
        "odata.metadata": "https://algernon.table.core.windows.net/$metadata#testtableh79i3e0t/@Element",
        "odata.type": "algernon.testtableh79i3e0t",
        "odata.id": "https://algernon.table.core.windows.net/testtableh79i3e0t(PartitionKey=\u0027somPartition\u0027,RowKey=\u002708\u0027)",
        "odata.etag": "W/\u0022datetime\u00272020-07-01T18%3A25%3A38.664997Z\u0027\u0022",
        "odata.editLink": "testtableh79i3e0t(PartitionKey=\u0027somPartition\u0027,RowKey=\u002708\u0027)",
        "PartitionKey": "somPartition",
        "RowKey": "08",
        "Timestamp@odata.type": "Edm.DateTime",
        "Timestamp": "2020-07-01T18:25:38.664997Z",
        "SomeStringProperty": "This is table entity number 08",
        "SomeDateProperty@odata.type": "Edm.DateTime",
        "SomeDateProperty": "2020-01-01T01:09:00Z",
        "SomeGuidProperty@odata.type": "Edm.Guid",
        "SomeGuidProperty": "0d391d16-97f1-4b9a-be68-4cc871f90008",
        "SomeBinaryProperty@odata.type": "Edm.Binary",
        "SomeBinaryProperty": "AQIDBAU=",
        "SomeInt64Property@odata.type": "Edm.Int64",
        "SomeInt64Property": "8",
        "SomeDoubleProperty0": 8.0,
        "SomeDoubleProperty1": 8.1,
        "SomeIntProperty": 8
      }
    },
    {
      "RequestUri": "https://algernon.table.core.windows.net/testtableh79i3e0t?$format=application%2Fjson%3Bodata%3Dfullmetadata",
      "RequestMethod": "POST",
      "RequestHeaders": {
        "Authorization": "Sanitized",
        "Content-Length": "614",
        "Content-Type": "application/json; odata=nometadata",
        "DataServiceVersion": "3.0",
        "traceparent": "00-6c0bc5eacebd2b449326e85de4d67948-8e6ae2a979b2aa4f-00",
        "User-Agent": [
          "azsdk-net-Data.Tables/1.0.0-dev.20200701.1",
          "(.NET Core 4.6.28928.01; Microsoft Windows 10.0.19041 )"
        ],
        "x-ms-client-request-id": "0c01438c2f118887e0feeea5ded83e18",
        "x-ms-date": "Wed, 01 Jul 2020 18:25:40 GMT",
        "x-ms-return-client-request-id": "true",
        "x-ms-version": "2019-02-02"
      },
      "RequestBody": {
        "PartitionKey": "somPartition",
        "RowKey": "09",
        "SomeStringProperty": "This is table entity number 09",
        "SomeDateProperty": "2020-01-01T01:10:00.0000000Z",
        "SomeDateProperty@odata.type": "Edm.DateTime",
        "SomeGuidProperty": "0d391d16-97f1-4b9a-be68-4cc871f90009",
        "SomeGuidProperty@odata.type": "Edm.Guid",
        "SomeBinaryProperty": "AQIDBAU=",
        "SomeBinaryProperty@odata.type": "Edm.Binary",
        "SomeInt64Property": "9",
        "SomeInt64Property@odata.type": "Edm.Int64",
        "SomeDoubleProperty0": 9,
        "SomeDoubleProperty0@odata.type": "Edm.Double",
        "SomeDoubleProperty1": 9.0999999999999996,
        "SomeDoubleProperty1@odata.type": "Edm.Double",
        "SomeIntProperty": 9
      },
      "StatusCode": 201,
      "ResponseHeaders": {
        "Cache-Control": "no-cache",
        "Content-Type": "application/json; odata=fullmetadata; streaming=true; charset=utf-8",
        "Date": "Wed, 01 Jul 2020 18:25:38 GMT",
        "ETag": "W/\u0022datetime\u00272020-07-01T18%3A25%3A38.7300425Z\u0027\u0022",
        "Location": "https://algernon.table.core.windows.net/testtableh79i3e0t(PartitionKey=\u0027somPartition\u0027,RowKey=\u002709\u0027)",
        "Server": [
          "Windows-Azure-Table/1.0",
          "Microsoft-HTTPAPI/2.0"
        ],
        "Transfer-Encoding": "chunked",
        "X-Content-Type-Options": "nosniff",
        "x-ms-client-request-id": "0c01438c2f118887e0feeea5ded83e18",
        "x-ms-request-id": "ebeb7e0e-e002-0081-48d5-4f3f37000000",
        "x-ms-version": "2019-02-02"
      },
      "ResponseBody": {
        "odata.metadata": "https://algernon.table.core.windows.net/$metadata#testtableh79i3e0t/@Element",
        "odata.type": "algernon.testtableh79i3e0t",
        "odata.id": "https://algernon.table.core.windows.net/testtableh79i3e0t(PartitionKey=\u0027somPartition\u0027,RowKey=\u002709\u0027)",
        "odata.etag": "W/\u0022datetime\u00272020-07-01T18%3A25%3A38.7300425Z\u0027\u0022",
        "odata.editLink": "testtableh79i3e0t(PartitionKey=\u0027somPartition\u0027,RowKey=\u002709\u0027)",
        "PartitionKey": "somPartition",
        "RowKey": "09",
        "Timestamp@odata.type": "Edm.DateTime",
        "Timestamp": "2020-07-01T18:25:38.7300425Z",
        "SomeStringProperty": "This is table entity number 09",
        "SomeDateProperty@odata.type": "Edm.DateTime",
        "SomeDateProperty": "2020-01-01T01:10:00Z",
        "SomeGuidProperty@odata.type": "Edm.Guid",
        "SomeGuidProperty": "0d391d16-97f1-4b9a-be68-4cc871f90009",
        "SomeBinaryProperty@odata.type": "Edm.Binary",
        "SomeBinaryProperty": "AQIDBAU=",
        "SomeInt64Property@odata.type": "Edm.Int64",
        "SomeInt64Property": "9",
        "SomeDoubleProperty0": 9.0,
        "SomeDoubleProperty1": 9.1,
        "SomeIntProperty": 9
      }
    },
    {
      "RequestUri": "https://algernon.table.core.windows.net/testtableh79i3e0t?$format=application%2Fjson%3Bodata%3Dfullmetadata",
      "RequestMethod": "POST",
      "RequestHeaders": {
        "Authorization": "Sanitized",
        "Content-Length": "603",
        "Content-Type": "application/json; odata=nometadata",
        "DataServiceVersion": "3.0",
        "traceparent": "00-928de0ca1081ff4ca7499bbe46645a66-8acaff74c0d81644-00",
        "User-Agent": [
          "azsdk-net-Data.Tables/1.0.0-dev.20200701.1",
          "(.NET Core 4.6.28928.01; Microsoft Windows 10.0.19041 )"
        ],
        "x-ms-client-request-id": "33820dca2b86f2765a9cb6907fb9c42a",
        "x-ms-date": "Wed, 01 Jul 2020 18:25:40 GMT",
        "x-ms-return-client-request-id": "true",
        "x-ms-version": "2019-02-02"
      },
      "RequestBody": {
        "PartitionKey": "somPartition",
        "RowKey": "10",
        "SomeStringProperty": "This is table entity number 10",
        "SomeDateProperty": "2020-01-01T01:11:00.0000000Z",
        "SomeDateProperty@odata.type": "Edm.DateTime",
        "SomeGuidProperty": "0d391d16-97f1-4b9a-be68-4cc871f90010",
        "SomeGuidProperty@odata.type": "Edm.Guid",
        "SomeBinaryProperty": "AQIDBAU=",
        "SomeBinaryProperty@odata.type": "Edm.Binary",
        "SomeInt64Property": "10",
        "SomeInt64Property@odata.type": "Edm.Int64",
        "SomeDoubleProperty0": 10,
        "SomeDoubleProperty0@odata.type": "Edm.Double",
        "SomeDoubleProperty1": 10.1,
        "SomeDoubleProperty1@odata.type": "Edm.Double",
        "SomeIntProperty": 10
      },
      "StatusCode": 201,
      "ResponseHeaders": {
        "Cache-Control": "no-cache",
        "Content-Type": "application/json; odata=fullmetadata; streaming=true; charset=utf-8",
        "Date": "Wed, 01 Jul 2020 18:25:38 GMT",
        "ETag": "W/\u0022datetime\u00272020-07-01T18%3A25%3A38.7870836Z\u0027\u0022",
        "Location": "https://algernon.table.core.windows.net/testtableh79i3e0t(PartitionKey=\u0027somPartition\u0027,RowKey=\u002710\u0027)",
        "Server": [
          "Windows-Azure-Table/1.0",
          "Microsoft-HTTPAPI/2.0"
        ],
        "Transfer-Encoding": "chunked",
        "X-Content-Type-Options": "nosniff",
        "x-ms-client-request-id": "33820dca2b86f2765a9cb6907fb9c42a",
        "x-ms-request-id": "ebeb7e13-e002-0081-4cd5-4f3f37000000",
        "x-ms-version": "2019-02-02"
      },
      "ResponseBody": {
        "odata.metadata": "https://algernon.table.core.windows.net/$metadata#testtableh79i3e0t/@Element",
        "odata.type": "algernon.testtableh79i3e0t",
        "odata.id": "https://algernon.table.core.windows.net/testtableh79i3e0t(PartitionKey=\u0027somPartition\u0027,RowKey=\u002710\u0027)",
        "odata.etag": "W/\u0022datetime\u00272020-07-01T18%3A25%3A38.7870836Z\u0027\u0022",
        "odata.editLink": "testtableh79i3e0t(PartitionKey=\u0027somPartition\u0027,RowKey=\u002710\u0027)",
        "PartitionKey": "somPartition",
        "RowKey": "10",
        "Timestamp@odata.type": "Edm.DateTime",
        "Timestamp": "2020-07-01T18:25:38.7870836Z",
        "SomeStringProperty": "This is table entity number 10",
        "SomeDateProperty@odata.type": "Edm.DateTime",
        "SomeDateProperty": "2020-01-01T01:11:00Z",
        "SomeGuidProperty@odata.type": "Edm.Guid",
        "SomeGuidProperty": "0d391d16-97f1-4b9a-be68-4cc871f90010",
        "SomeBinaryProperty@odata.type": "Edm.Binary",
        "SomeBinaryProperty": "AQIDBAU=",
        "SomeInt64Property@odata.type": "Edm.Int64",
        "SomeInt64Property": "10",
        "SomeDoubleProperty0": 10.0,
        "SomeDoubleProperty1": 10.1,
        "SomeIntProperty": 10
      }
    },
    {
      "RequestUri": "https://algernon.table.core.windows.net/testtableh79i3e0t?$format=application%2Fjson%3Bodata%3Dfullmetadata",
      "RequestMethod": "POST",
      "RequestHeaders": {
        "Authorization": "Sanitized",
        "Content-Length": "603",
        "Content-Type": "application/json; odata=nometadata",
        "DataServiceVersion": "3.0",
        "traceparent": "00-78e610b535f91b4f8350ec54e9a46d13-f75b98fc1aa9ce49-00",
        "User-Agent": [
          "azsdk-net-Data.Tables/1.0.0-dev.20200701.1",
          "(.NET Core 4.6.28928.01; Microsoft Windows 10.0.19041 )"
        ],
        "x-ms-client-request-id": "95e46226b1ed8670c7697cdf4e4dd589",
        "x-ms-date": "Wed, 01 Jul 2020 18:25:40 GMT",
        "x-ms-return-client-request-id": "true",
        "x-ms-version": "2019-02-02"
      },
      "RequestBody": {
        "PartitionKey": "somPartition",
        "RowKey": "11",
        "SomeStringProperty": "This is table entity number 11",
        "SomeDateProperty": "2020-01-01T01:12:00.0000000Z",
        "SomeDateProperty@odata.type": "Edm.DateTime",
        "SomeGuidProperty": "0d391d16-97f1-4b9a-be68-4cc871f90011",
        "SomeGuidProperty@odata.type": "Edm.Guid",
        "SomeBinaryProperty": "AQIDBAU=",
        "SomeBinaryProperty@odata.type": "Edm.Binary",
        "SomeInt64Property": "11",
        "SomeInt64Property@odata.type": "Edm.Int64",
        "SomeDoubleProperty0": 11,
        "SomeDoubleProperty0@odata.type": "Edm.Double",
        "SomeDoubleProperty1": 11.1,
        "SomeDoubleProperty1@odata.type": "Edm.Double",
        "SomeIntProperty": 11
      },
      "StatusCode": 201,
      "ResponseHeaders": {
        "Cache-Control": "no-cache",
        "Content-Type": "application/json; odata=fullmetadata; streaming=true; charset=utf-8",
        "Date": "Wed, 01 Jul 2020 18:25:38 GMT",
        "ETag": "W/\u0022datetime\u00272020-07-01T18%3A25%3A38.8421237Z\u0027\u0022",
        "Location": "https://algernon.table.core.windows.net/testtableh79i3e0t(PartitionKey=\u0027somPartition\u0027,RowKey=\u002711\u0027)",
        "Server": [
          "Windows-Azure-Table/1.0",
          "Microsoft-HTTPAPI/2.0"
        ],
        "Transfer-Encoding": "chunked",
        "X-Content-Type-Options": "nosniff",
        "x-ms-client-request-id": "95e46226b1ed8670c7697cdf4e4dd589",
        "x-ms-request-id": "ebeb7e1a-e002-0081-51d5-4f3f37000000",
        "x-ms-version": "2019-02-02"
      },
      "ResponseBody": {
        "odata.metadata": "https://algernon.table.core.windows.net/$metadata#testtableh79i3e0t/@Element",
        "odata.type": "algernon.testtableh79i3e0t",
        "odata.id": "https://algernon.table.core.windows.net/testtableh79i3e0t(PartitionKey=\u0027somPartition\u0027,RowKey=\u002711\u0027)",
        "odata.etag": "W/\u0022datetime\u00272020-07-01T18%3A25%3A38.8421237Z\u0027\u0022",
        "odata.editLink": "testtableh79i3e0t(PartitionKey=\u0027somPartition\u0027,RowKey=\u002711\u0027)",
        "PartitionKey": "somPartition",
        "RowKey": "11",
        "Timestamp@odata.type": "Edm.DateTime",
        "Timestamp": "2020-07-01T18:25:38.8421237Z",
        "SomeStringProperty": "This is table entity number 11",
        "SomeDateProperty@odata.type": "Edm.DateTime",
        "SomeDateProperty": "2020-01-01T01:12:00Z",
        "SomeGuidProperty@odata.type": "Edm.Guid",
        "SomeGuidProperty": "0d391d16-97f1-4b9a-be68-4cc871f90011",
        "SomeBinaryProperty@odata.type": "Edm.Binary",
        "SomeBinaryProperty": "AQIDBAU=",
        "SomeInt64Property@odata.type": "Edm.Int64",
        "SomeInt64Property": "11",
        "SomeDoubleProperty0": 11.0,
        "SomeDoubleProperty1": 11.1,
        "SomeIntProperty": 11
      }
    },
    {
      "RequestUri": "https://algernon.table.core.windows.net/testtableh79i3e0t?$format=application%2Fjson%3Bodata%3Dfullmetadata",
      "RequestMethod": "POST",
      "RequestHeaders": {
        "Authorization": "Sanitized",
        "Content-Length": "603",
        "Content-Type": "application/json; odata=nometadata",
        "DataServiceVersion": "3.0",
        "traceparent": "00-b412a342b0f35144ae666e30e015f869-7344ec1130da4642-00",
        "User-Agent": [
          "azsdk-net-Data.Tables/1.0.0-dev.20200701.1",
          "(.NET Core 4.6.28928.01; Microsoft Windows 10.0.19041 )"
        ],
        "x-ms-client-request-id": "337a587d64e0605bcc0fb27578f60926",
        "x-ms-date": "Wed, 01 Jul 2020 18:25:40 GMT",
        "x-ms-return-client-request-id": "true",
        "x-ms-version": "2019-02-02"
      },
      "RequestBody": {
        "PartitionKey": "somPartition",
        "RowKey": "12",
        "SomeStringProperty": "This is table entity number 12",
        "SomeDateProperty": "2020-01-01T01:13:00.0000000Z",
        "SomeDateProperty@odata.type": "Edm.DateTime",
        "SomeGuidProperty": "0d391d16-97f1-4b9a-be68-4cc871f90012",
        "SomeGuidProperty@odata.type": "Edm.Guid",
        "SomeBinaryProperty": "AQIDBAU=",
        "SomeBinaryProperty@odata.type": "Edm.Binary",
        "SomeInt64Property": "12",
        "SomeInt64Property@odata.type": "Edm.Int64",
        "SomeDoubleProperty0": 12,
        "SomeDoubleProperty0@odata.type": "Edm.Double",
        "SomeDoubleProperty1": 12.1,
        "SomeDoubleProperty1@odata.type": "Edm.Double",
        "SomeIntProperty": 12
      },
      "StatusCode": 201,
      "ResponseHeaders": {
        "Cache-Control": "no-cache",
        "Content-Type": "application/json; odata=fullmetadata; streaming=true; charset=utf-8",
        "Date": "Wed, 01 Jul 2020 18:25:38 GMT",
        "ETag": "W/\u0022datetime\u00272020-07-01T18%3A25%3A38.9111734Z\u0027\u0022",
        "Location": "https://algernon.table.core.windows.net/testtableh79i3e0t(PartitionKey=\u0027somPartition\u0027,RowKey=\u002712\u0027)",
        "Server": [
          "Windows-Azure-Table/1.0",
          "Microsoft-HTTPAPI/2.0"
        ],
        "Transfer-Encoding": "chunked",
        "X-Content-Type-Options": "nosniff",
        "x-ms-client-request-id": "337a587d64e0605bcc0fb27578f60926",
        "x-ms-request-id": "ebeb7e1d-e002-0081-54d5-4f3f37000000",
        "x-ms-version": "2019-02-02"
      },
      "ResponseBody": {
        "odata.metadata": "https://algernon.table.core.windows.net/$metadata#testtableh79i3e0t/@Element",
        "odata.type": "algernon.testtableh79i3e0t",
        "odata.id": "https://algernon.table.core.windows.net/testtableh79i3e0t(PartitionKey=\u0027somPartition\u0027,RowKey=\u002712\u0027)",
        "odata.etag": "W/\u0022datetime\u00272020-07-01T18%3A25%3A38.9111734Z\u0027\u0022",
        "odata.editLink": "testtableh79i3e0t(PartitionKey=\u0027somPartition\u0027,RowKey=\u002712\u0027)",
        "PartitionKey": "somPartition",
        "RowKey": "12",
        "Timestamp@odata.type": "Edm.DateTime",
        "Timestamp": "2020-07-01T18:25:38.9111734Z",
        "SomeStringProperty": "This is table entity number 12",
        "SomeDateProperty@odata.type": "Edm.DateTime",
        "SomeDateProperty": "2020-01-01T01:13:00Z",
        "SomeGuidProperty@odata.type": "Edm.Guid",
        "SomeGuidProperty": "0d391d16-97f1-4b9a-be68-4cc871f90012",
        "SomeBinaryProperty@odata.type": "Edm.Binary",
        "SomeBinaryProperty": "AQIDBAU=",
        "SomeInt64Property@odata.type": "Edm.Int64",
        "SomeInt64Property": "12",
        "SomeDoubleProperty0": 12.0,
        "SomeDoubleProperty1": 12.1,
        "SomeIntProperty": 12
      }
    },
    {
      "RequestUri": "https://algernon.table.core.windows.net/testtableh79i3e0t?$format=application%2Fjson%3Bodata%3Dfullmetadata",
      "RequestMethod": "POST",
      "RequestHeaders": {
        "Authorization": "Sanitized",
        "Content-Length": "603",
        "Content-Type": "application/json; odata=nometadata",
        "DataServiceVersion": "3.0",
        "traceparent": "00-7550dd35bcaff4428f0417ec77e325ff-a576c782e086c247-00",
        "User-Agent": [
          "azsdk-net-Data.Tables/1.0.0-dev.20200701.1",
          "(.NET Core 4.6.28928.01; Microsoft Windows 10.0.19041 )"
        ],
        "x-ms-client-request-id": "7b7ec43aa8f4182b9cfc6b1caf97a30c",
        "x-ms-date": "Wed, 01 Jul 2020 18:25:40 GMT",
        "x-ms-return-client-request-id": "true",
        "x-ms-version": "2019-02-02"
      },
      "RequestBody": {
        "PartitionKey": "somPartition",
        "RowKey": "13",
        "SomeStringProperty": "This is table entity number 13",
        "SomeDateProperty": "2020-01-01T01:14:00.0000000Z",
        "SomeDateProperty@odata.type": "Edm.DateTime",
        "SomeGuidProperty": "0d391d16-97f1-4b9a-be68-4cc871f90013",
        "SomeGuidProperty@odata.type": "Edm.Guid",
        "SomeBinaryProperty": "AQIDBAU=",
        "SomeBinaryProperty@odata.type": "Edm.Binary",
        "SomeInt64Property": "13",
        "SomeInt64Property@odata.type": "Edm.Int64",
        "SomeDoubleProperty0": 13,
        "SomeDoubleProperty0@odata.type": "Edm.Double",
        "SomeDoubleProperty1": 13.1,
        "SomeDoubleProperty1@odata.type": "Edm.Double",
        "SomeIntProperty": 13
      },
      "StatusCode": 201,
      "ResponseHeaders": {
        "Cache-Control": "no-cache",
        "Content-Type": "application/json; odata=fullmetadata; streaming=true; charset=utf-8",
        "Date": "Wed, 01 Jul 2020 18:25:38 GMT",
        "ETag": "W/\u0022datetime\u00272020-07-01T18%3A25%3A38.9662132Z\u0027\u0022",
        "Location": "https://algernon.table.core.windows.net/testtableh79i3e0t(PartitionKey=\u0027somPartition\u0027,RowKey=\u002713\u0027)",
        "Server": [
          "Windows-Azure-Table/1.0",
          "Microsoft-HTTPAPI/2.0"
        ],
        "Transfer-Encoding": "chunked",
        "X-Content-Type-Options": "nosniff",
        "x-ms-client-request-id": "7b7ec43aa8f4182b9cfc6b1caf97a30c",
        "x-ms-request-id": "ebeb7e21-e002-0081-58d5-4f3f37000000",
        "x-ms-version": "2019-02-02"
      },
      "ResponseBody": {
        "odata.metadata": "https://algernon.table.core.windows.net/$metadata#testtableh79i3e0t/@Element",
        "odata.type": "algernon.testtableh79i3e0t",
        "odata.id": "https://algernon.table.core.windows.net/testtableh79i3e0t(PartitionKey=\u0027somPartition\u0027,RowKey=\u002713\u0027)",
        "odata.etag": "W/\u0022datetime\u00272020-07-01T18%3A25%3A38.9662132Z\u0027\u0022",
        "odata.editLink": "testtableh79i3e0t(PartitionKey=\u0027somPartition\u0027,RowKey=\u002713\u0027)",
        "PartitionKey": "somPartition",
        "RowKey": "13",
        "Timestamp@odata.type": "Edm.DateTime",
        "Timestamp": "2020-07-01T18:25:38.9662132Z",
        "SomeStringProperty": "This is table entity number 13",
        "SomeDateProperty@odata.type": "Edm.DateTime",
        "SomeDateProperty": "2020-01-01T01:14:00Z",
        "SomeGuidProperty@odata.type": "Edm.Guid",
        "SomeGuidProperty": "0d391d16-97f1-4b9a-be68-4cc871f90013",
        "SomeBinaryProperty@odata.type": "Edm.Binary",
        "SomeBinaryProperty": "AQIDBAU=",
        "SomeInt64Property@odata.type": "Edm.Int64",
        "SomeInt64Property": "13",
        "SomeDoubleProperty0": 13.0,
        "SomeDoubleProperty1": 13.1,
        "SomeIntProperty": 13
      }
    },
    {
      "RequestUri": "https://algernon.table.core.windows.net/testtableh79i3e0t?$format=application%2Fjson%3Bodata%3Dfullmetadata",
      "RequestMethod": "POST",
      "RequestHeaders": {
        "Authorization": "Sanitized",
        "Content-Length": "603",
        "Content-Type": "application/json; odata=nometadata",
        "DataServiceVersion": "3.0",
        "traceparent": "00-4bd21fb8da90fb458fa3b2f8ae1ec1c5-900384ad8436134a-00",
        "User-Agent": [
          "azsdk-net-Data.Tables/1.0.0-dev.20200701.1",
          "(.NET Core 4.6.28928.01; Microsoft Windows 10.0.19041 )"
        ],
        "x-ms-client-request-id": "26122cc7913fc24a0783c9defffb0dd0",
        "x-ms-date": "Wed, 01 Jul 2020 18:25:40 GMT",
        "x-ms-return-client-request-id": "true",
        "x-ms-version": "2019-02-02"
      },
      "RequestBody": {
        "PartitionKey": "somPartition",
        "RowKey": "14",
        "SomeStringProperty": "This is table entity number 14",
        "SomeDateProperty": "2020-01-01T01:15:00.0000000Z",
        "SomeDateProperty@odata.type": "Edm.DateTime",
        "SomeGuidProperty": "0d391d16-97f1-4b9a-be68-4cc871f90014",
        "SomeGuidProperty@odata.type": "Edm.Guid",
        "SomeBinaryProperty": "AQIDBAU=",
        "SomeBinaryProperty@odata.type": "Edm.Binary",
        "SomeInt64Property": "14",
        "SomeInt64Property@odata.type": "Edm.Int64",
        "SomeDoubleProperty0": 14,
        "SomeDoubleProperty0@odata.type": "Edm.Double",
        "SomeDoubleProperty1": 14.1,
        "SomeDoubleProperty1@odata.type": "Edm.Double",
        "SomeIntProperty": 14
      },
      "StatusCode": 201,
      "ResponseHeaders": {
        "Cache-Control": "no-cache",
        "Content-Type": "application/json; odata=fullmetadata; streaming=true; charset=utf-8",
        "Date": "Wed, 01 Jul 2020 18:25:38 GMT",
        "ETag": "W/\u0022datetime\u00272020-07-01T18%3A25%3A39.024253Z\u0027\u0022",
        "Location": "https://algernon.table.core.windows.net/testtableh79i3e0t(PartitionKey=\u0027somPartition\u0027,RowKey=\u002714\u0027)",
        "Server": [
          "Windows-Azure-Table/1.0",
          "Microsoft-HTTPAPI/2.0"
        ],
        "Transfer-Encoding": "chunked",
        "X-Content-Type-Options": "nosniff",
        "x-ms-client-request-id": "26122cc7913fc24a0783c9defffb0dd0",
        "x-ms-request-id": "ebeb7e27-e002-0081-5dd5-4f3f37000000",
        "x-ms-version": "2019-02-02"
      },
      "ResponseBody": {
        "odata.metadata": "https://algernon.table.core.windows.net/$metadata#testtableh79i3e0t/@Element",
        "odata.type": "algernon.testtableh79i3e0t",
        "odata.id": "https://algernon.table.core.windows.net/testtableh79i3e0t(PartitionKey=\u0027somPartition\u0027,RowKey=\u002714\u0027)",
        "odata.etag": "W/\u0022datetime\u00272020-07-01T18%3A25%3A39.024253Z\u0027\u0022",
        "odata.editLink": "testtableh79i3e0t(PartitionKey=\u0027somPartition\u0027,RowKey=\u002714\u0027)",
        "PartitionKey": "somPartition",
        "RowKey": "14",
        "Timestamp@odata.type": "Edm.DateTime",
        "Timestamp": "2020-07-01T18:25:39.024253Z",
        "SomeStringProperty": "This is table entity number 14",
        "SomeDateProperty@odata.type": "Edm.DateTime",
        "SomeDateProperty": "2020-01-01T01:15:00Z",
        "SomeGuidProperty@odata.type": "Edm.Guid",
        "SomeGuidProperty": "0d391d16-97f1-4b9a-be68-4cc871f90014",
        "SomeBinaryProperty@odata.type": "Edm.Binary",
        "SomeBinaryProperty": "AQIDBAU=",
        "SomeInt64Property@odata.type": "Edm.Int64",
        "SomeInt64Property": "14",
        "SomeDoubleProperty0": 14.0,
        "SomeDoubleProperty1": 14.1,
        "SomeIntProperty": 14
      }
    },
    {
      "RequestUri": "https://algernon.table.core.windows.net/testtableh79i3e0t?$format=application%2Fjson%3Bodata%3Dfullmetadata",
      "RequestMethod": "POST",
      "RequestHeaders": {
        "Authorization": "Sanitized",
        "Content-Length": "603",
        "Content-Type": "application/json; odata=nometadata",
        "DataServiceVersion": "3.0",
        "traceparent": "00-1ab2059f7241314e983db208c57ecd59-da6f8ab2ab35f94b-00",
        "User-Agent": [
          "azsdk-net-Data.Tables/1.0.0-dev.20200701.1",
          "(.NET Core 4.6.28928.01; Microsoft Windows 10.0.19041 )"
        ],
        "x-ms-client-request-id": "8aa5556059cfd4952d6296e3f83eb134",
        "x-ms-date": "Wed, 01 Jul 2020 18:25:40 GMT",
        "x-ms-return-client-request-id": "true",
        "x-ms-version": "2019-02-02"
      },
      "RequestBody": {
        "PartitionKey": "somPartition",
        "RowKey": "15",
        "SomeStringProperty": "This is table entity number 15",
        "SomeDateProperty": "2020-01-01T01:16:00.0000000Z",
        "SomeDateProperty@odata.type": "Edm.DateTime",
        "SomeGuidProperty": "0d391d16-97f1-4b9a-be68-4cc871f90015",
        "SomeGuidProperty@odata.type": "Edm.Guid",
        "SomeBinaryProperty": "AQIDBAU=",
        "SomeBinaryProperty@odata.type": "Edm.Binary",
        "SomeInt64Property": "15",
        "SomeInt64Property@odata.type": "Edm.Int64",
        "SomeDoubleProperty0": 15,
        "SomeDoubleProperty0@odata.type": "Edm.Double",
        "SomeDoubleProperty1": 15.1,
        "SomeDoubleProperty1@odata.type": "Edm.Double",
        "SomeIntProperty": 15
      },
      "StatusCode": 201,
      "ResponseHeaders": {
        "Cache-Control": "no-cache",
        "Content-Type": "application/json; odata=fullmetadata; streaming=true; charset=utf-8",
        "Date": "Wed, 01 Jul 2020 18:25:38 GMT",
        "ETag": "W/\u0022datetime\u00272020-07-01T18%3A25%3A39.0913017Z\u0027\u0022",
        "Location": "https://algernon.table.core.windows.net/testtableh79i3e0t(PartitionKey=\u0027somPartition\u0027,RowKey=\u002715\u0027)",
        "Server": [
          "Windows-Azure-Table/1.0",
          "Microsoft-HTTPAPI/2.0"
        ],
        "Transfer-Encoding": "chunked",
        "X-Content-Type-Options": "nosniff",
        "x-ms-client-request-id": "8aa5556059cfd4952d6296e3f83eb134",
        "x-ms-request-id": "ebeb7e2e-e002-0081-64d5-4f3f37000000",
        "x-ms-version": "2019-02-02"
      },
      "ResponseBody": {
        "odata.metadata": "https://algernon.table.core.windows.net/$metadata#testtableh79i3e0t/@Element",
        "odata.type": "algernon.testtableh79i3e0t",
        "odata.id": "https://algernon.table.core.windows.net/testtableh79i3e0t(PartitionKey=\u0027somPartition\u0027,RowKey=\u002715\u0027)",
        "odata.etag": "W/\u0022datetime\u00272020-07-01T18%3A25%3A39.0913017Z\u0027\u0022",
        "odata.editLink": "testtableh79i3e0t(PartitionKey=\u0027somPartition\u0027,RowKey=\u002715\u0027)",
        "PartitionKey": "somPartition",
        "RowKey": "15",
        "Timestamp@odata.type": "Edm.DateTime",
        "Timestamp": "2020-07-01T18:25:39.0913017Z",
        "SomeStringProperty": "This is table entity number 15",
        "SomeDateProperty@odata.type": "Edm.DateTime",
        "SomeDateProperty": "2020-01-01T01:16:00Z",
        "SomeGuidProperty@odata.type": "Edm.Guid",
        "SomeGuidProperty": "0d391d16-97f1-4b9a-be68-4cc871f90015",
        "SomeBinaryProperty@odata.type": "Edm.Binary",
        "SomeBinaryProperty": "AQIDBAU=",
        "SomeInt64Property@odata.type": "Edm.Int64",
        "SomeInt64Property": "15",
        "SomeDoubleProperty0": 15.0,
        "SomeDoubleProperty1": 15.1,
        "SomeIntProperty": 15
      }
    },
    {
      "RequestUri": "https://algernon.table.core.windows.net/testtableh79i3e0t?$format=application%2Fjson%3Bodata%3Dfullmetadata",
      "RequestMethod": "POST",
      "RequestHeaders": {
        "Authorization": "Sanitized",
        "Content-Length": "617",
        "Content-Type": "application/json; odata=nometadata",
        "DataServiceVersion": "3.0",
        "traceparent": "00-4c84e84e142dc449a65fb82b2a7b69e0-3934df3e5d61ca41-00",
        "User-Agent": [
          "azsdk-net-Data.Tables/1.0.0-dev.20200701.1",
          "(.NET Core 4.6.28928.01; Microsoft Windows 10.0.19041 )"
        ],
        "x-ms-client-request-id": "4bada56be2e4a8e779bb7470de4d19a0",
        "x-ms-date": "Wed, 01 Jul 2020 18:25:41 GMT",
        "x-ms-return-client-request-id": "true",
        "x-ms-version": "2019-02-02"
      },
      "RequestBody": {
        "PartitionKey": "somPartition",
        "RowKey": "16",
        "SomeStringProperty": "This is table entity number 16",
        "SomeDateProperty": "2020-01-01T01:17:00.0000000Z",
        "SomeDateProperty@odata.type": "Edm.DateTime",
        "SomeGuidProperty": "0d391d16-97f1-4b9a-be68-4cc871f90016",
        "SomeGuidProperty@odata.type": "Edm.Guid",
        "SomeBinaryProperty": "AQIDBAU=",
        "SomeBinaryProperty@odata.type": "Edm.Binary",
        "SomeInt64Property": "16",
        "SomeInt64Property@odata.type": "Edm.Int64",
        "SomeDoubleProperty0": 16,
        "SomeDoubleProperty0@odata.type": "Edm.Double",
        "SomeDoubleProperty1": 16.100000000000001,
        "SomeDoubleProperty1@odata.type": "Edm.Double",
        "SomeIntProperty": 16
      },
      "StatusCode": 201,
      "ResponseHeaders": {
        "Cache-Control": "no-cache",
        "Content-Type": "application/json; odata=fullmetadata; streaming=true; charset=utf-8",
        "Date": "Wed, 01 Jul 2020 18:25:38 GMT",
        "ETag": "W/\u0022datetime\u00272020-07-01T18%3A25%3A39.1483416Z\u0027\u0022",
        "Location": "https://algernon.table.core.windows.net/testtableh79i3e0t(PartitionKey=\u0027somPartition\u0027,RowKey=\u002716\u0027)",
        "Server": [
          "Windows-Azure-Table/1.0",
          "Microsoft-HTTPAPI/2.0"
        ],
        "Transfer-Encoding": "chunked",
        "X-Content-Type-Options": "nosniff",
        "x-ms-client-request-id": "4bada56be2e4a8e779bb7470de4d19a0",
        "x-ms-request-id": "ebeb7e32-e002-0081-68d5-4f3f37000000",
        "x-ms-version": "2019-02-02"
      },
      "ResponseBody": {
        "odata.metadata": "https://algernon.table.core.windows.net/$metadata#testtableh79i3e0t/@Element",
        "odata.type": "algernon.testtableh79i3e0t",
        "odata.id": "https://algernon.table.core.windows.net/testtableh79i3e0t(PartitionKey=\u0027somPartition\u0027,RowKey=\u002716\u0027)",
        "odata.etag": "W/\u0022datetime\u00272020-07-01T18%3A25%3A39.1483416Z\u0027\u0022",
        "odata.editLink": "testtableh79i3e0t(PartitionKey=\u0027somPartition\u0027,RowKey=\u002716\u0027)",
        "PartitionKey": "somPartition",
        "RowKey": "16",
        "Timestamp@odata.type": "Edm.DateTime",
        "Timestamp": "2020-07-01T18:25:39.1483416Z",
        "SomeStringProperty": "This is table entity number 16",
        "SomeDateProperty@odata.type": "Edm.DateTime",
        "SomeDateProperty": "2020-01-01T01:17:00Z",
        "SomeGuidProperty@odata.type": "Edm.Guid",
        "SomeGuidProperty": "0d391d16-97f1-4b9a-be68-4cc871f90016",
        "SomeBinaryProperty@odata.type": "Edm.Binary",
        "SomeBinaryProperty": "AQIDBAU=",
        "SomeInt64Property@odata.type": "Edm.Int64",
        "SomeInt64Property": "16",
        "SomeDoubleProperty0": 16.0,
        "SomeDoubleProperty1": 16.1,
        "SomeIntProperty": 16
      }
    },
    {
      "RequestUri": "https://algernon.table.core.windows.net/testtableh79i3e0t?$format=application%2Fjson%3Bodata%3Dfullmetadata",
      "RequestMethod": "POST",
      "RequestHeaders": {
        "Authorization": "Sanitized",
        "Content-Length": "617",
        "Content-Type": "application/json; odata=nometadata",
        "DataServiceVersion": "3.0",
        "traceparent": "00-831ae1cd5d96a348b5cf9ad493d80c5d-7766bb732747b544-00",
        "User-Agent": [
          "azsdk-net-Data.Tables/1.0.0-dev.20200701.1",
          "(.NET Core 4.6.28928.01; Microsoft Windows 10.0.19041 )"
        ],
        "x-ms-client-request-id": "59bb9aee19f26d3d973df9dcfa66cac8",
        "x-ms-date": "Wed, 01 Jul 2020 18:25:41 GMT",
        "x-ms-return-client-request-id": "true",
        "x-ms-version": "2019-02-02"
      },
      "RequestBody": {
        "PartitionKey": "somPartition",
        "RowKey": "17",
        "SomeStringProperty": "This is table entity number 17",
        "SomeDateProperty": "2020-01-01T01:18:00.0000000Z",
        "SomeDateProperty@odata.type": "Edm.DateTime",
        "SomeGuidProperty": "0d391d16-97f1-4b9a-be68-4cc871f90017",
        "SomeGuidProperty@odata.type": "Edm.Guid",
        "SomeBinaryProperty": "AQIDBAU=",
        "SomeBinaryProperty@odata.type": "Edm.Binary",
        "SomeInt64Property": "17",
        "SomeInt64Property@odata.type": "Edm.Int64",
        "SomeDoubleProperty0": 17,
        "SomeDoubleProperty0@odata.type": "Edm.Double",
        "SomeDoubleProperty1": 17.100000000000001,
        "SomeDoubleProperty1@odata.type": "Edm.Double",
        "SomeIntProperty": 17
      },
      "StatusCode": 201,
      "ResponseHeaders": {
        "Cache-Control": "no-cache",
        "Content-Type": "application/json; odata=fullmetadata; streaming=true; charset=utf-8",
        "Date": "Wed, 01 Jul 2020 18:25:38 GMT",
        "ETag": "W/\u0022datetime\u00272020-07-01T18%3A25%3A39.202379Z\u0027\u0022",
        "Location": "https://algernon.table.core.windows.net/testtableh79i3e0t(PartitionKey=\u0027somPartition\u0027,RowKey=\u002717\u0027)",
        "Server": [
          "Windows-Azure-Table/1.0",
          "Microsoft-HTTPAPI/2.0"
        ],
        "Transfer-Encoding": "chunked",
        "X-Content-Type-Options": "nosniff",
        "x-ms-client-request-id": "59bb9aee19f26d3d973df9dcfa66cac8",
        "x-ms-request-id": "ebeb7e3a-e002-0081-6cd5-4f3f37000000",
        "x-ms-version": "2019-02-02"
      },
      "ResponseBody": {
        "odata.metadata": "https://algernon.table.core.windows.net/$metadata#testtableh79i3e0t/@Element",
        "odata.type": "algernon.testtableh79i3e0t",
        "odata.id": "https://algernon.table.core.windows.net/testtableh79i3e0t(PartitionKey=\u0027somPartition\u0027,RowKey=\u002717\u0027)",
        "odata.etag": "W/\u0022datetime\u00272020-07-01T18%3A25%3A39.202379Z\u0027\u0022",
        "odata.editLink": "testtableh79i3e0t(PartitionKey=\u0027somPartition\u0027,RowKey=\u002717\u0027)",
        "PartitionKey": "somPartition",
        "RowKey": "17",
        "Timestamp@odata.type": "Edm.DateTime",
        "Timestamp": "2020-07-01T18:25:39.202379Z",
        "SomeStringProperty": "This is table entity number 17",
        "SomeDateProperty@odata.type": "Edm.DateTime",
        "SomeDateProperty": "2020-01-01T01:18:00Z",
        "SomeGuidProperty@odata.type": "Edm.Guid",
        "SomeGuidProperty": "0d391d16-97f1-4b9a-be68-4cc871f90017",
        "SomeBinaryProperty@odata.type": "Edm.Binary",
        "SomeBinaryProperty": "AQIDBAU=",
        "SomeInt64Property@odata.type": "Edm.Int64",
        "SomeInt64Property": "17",
        "SomeDoubleProperty0": 17.0,
        "SomeDoubleProperty1": 17.1,
        "SomeIntProperty": 17
      }
    },
    {
      "RequestUri": "https://algernon.table.core.windows.net/testtableh79i3e0t?$format=application%2Fjson%3Bodata%3Dfullmetadata",
      "RequestMethod": "POST",
      "RequestHeaders": {
        "Authorization": "Sanitized",
        "Content-Length": "617",
        "Content-Type": "application/json; odata=nometadata",
        "DataServiceVersion": "3.0",
        "traceparent": "00-edc71ccfa7151044ab79f7788378e464-6c8e75fc5054e341-00",
        "User-Agent": [
          "azsdk-net-Data.Tables/1.0.0-dev.20200701.1",
          "(.NET Core 4.6.28928.01; Microsoft Windows 10.0.19041 )"
        ],
        "x-ms-client-request-id": "597295d2c14e7dec6dfc1013e525f6e0",
        "x-ms-date": "Wed, 01 Jul 2020 18:25:41 GMT",
        "x-ms-return-client-request-id": "true",
        "x-ms-version": "2019-02-02"
      },
      "RequestBody": {
        "PartitionKey": "somPartition",
        "RowKey": "18",
        "SomeStringProperty": "This is table entity number 18",
        "SomeDateProperty": "2020-01-01T01:19:00.0000000Z",
        "SomeDateProperty@odata.type": "Edm.DateTime",
        "SomeGuidProperty": "0d391d16-97f1-4b9a-be68-4cc871f90018",
        "SomeGuidProperty@odata.type": "Edm.Guid",
        "SomeBinaryProperty": "AQIDBAU=",
        "SomeBinaryProperty@odata.type": "Edm.Binary",
        "SomeInt64Property": "18",
        "SomeInt64Property@odata.type": "Edm.Int64",
        "SomeDoubleProperty0": 18,
        "SomeDoubleProperty0@odata.type": "Edm.Double",
        "SomeDoubleProperty1": 18.100000000000001,
        "SomeDoubleProperty1@odata.type": "Edm.Double",
        "SomeIntProperty": 18
      },
      "StatusCode": 201,
      "ResponseHeaders": {
        "Cache-Control": "no-cache",
        "Content-Type": "application/json; odata=fullmetadata; streaming=true; charset=utf-8",
        "Date": "Wed, 01 Jul 2020 18:25:39 GMT",
        "ETag": "W/\u0022datetime\u00272020-07-01T18%3A25%3A39.2654245Z\u0027\u0022",
        "Location": "https://algernon.table.core.windows.net/testtableh79i3e0t(PartitionKey=\u0027somPartition\u0027,RowKey=\u002718\u0027)",
        "Server": [
          "Windows-Azure-Table/1.0",
          "Microsoft-HTTPAPI/2.0"
        ],
        "Transfer-Encoding": "chunked",
        "X-Content-Type-Options": "nosniff",
        "x-ms-client-request-id": "597295d2c14e7dec6dfc1013e525f6e0",
        "x-ms-request-id": "ebeb7e3f-e002-0081-70d5-4f3f37000000",
        "x-ms-version": "2019-02-02"
      },
      "ResponseBody": {
        "odata.metadata": "https://algernon.table.core.windows.net/$metadata#testtableh79i3e0t/@Element",
        "odata.type": "algernon.testtableh79i3e0t",
        "odata.id": "https://algernon.table.core.windows.net/testtableh79i3e0t(PartitionKey=\u0027somPartition\u0027,RowKey=\u002718\u0027)",
        "odata.etag": "W/\u0022datetime\u00272020-07-01T18%3A25%3A39.2654245Z\u0027\u0022",
        "odata.editLink": "testtableh79i3e0t(PartitionKey=\u0027somPartition\u0027,RowKey=\u002718\u0027)",
        "PartitionKey": "somPartition",
        "RowKey": "18",
        "Timestamp@odata.type": "Edm.DateTime",
        "Timestamp": "2020-07-01T18:25:39.2654245Z",
        "SomeStringProperty": "This is table entity number 18",
        "SomeDateProperty@odata.type": "Edm.DateTime",
        "SomeDateProperty": "2020-01-01T01:19:00Z",
        "SomeGuidProperty@odata.type": "Edm.Guid",
        "SomeGuidProperty": "0d391d16-97f1-4b9a-be68-4cc871f90018",
        "SomeBinaryProperty@odata.type": "Edm.Binary",
        "SomeBinaryProperty": "AQIDBAU=",
        "SomeInt64Property@odata.type": "Edm.Int64",
        "SomeInt64Property": "18",
        "SomeDoubleProperty0": 18.0,
        "SomeDoubleProperty1": 18.1,
        "SomeIntProperty": 18
      }
    },
    {
      "RequestUri": "https://algernon.table.core.windows.net/testtableh79i3e0t?$format=application%2Fjson%3Bodata%3Dfullmetadata",
      "RequestMethod": "POST",
      "RequestHeaders": {
        "Authorization": "Sanitized",
        "Content-Length": "617",
        "Content-Type": "application/json; odata=nometadata",
        "DataServiceVersion": "3.0",
        "traceparent": "00-1f2c5ba42386cf4da2a653d6a08e0576-761cf6b97782ce4e-00",
        "User-Agent": [
          "azsdk-net-Data.Tables/1.0.0-dev.20200701.1",
          "(.NET Core 4.6.28928.01; Microsoft Windows 10.0.19041 )"
        ],
        "x-ms-client-request-id": "5ef5f548578352426840b4a6e90aae13",
        "x-ms-date": "Wed, 01 Jul 2020 18:25:41 GMT",
        "x-ms-return-client-request-id": "true",
        "x-ms-version": "2019-02-02"
      },
      "RequestBody": {
        "PartitionKey": "somPartition",
        "RowKey": "19",
        "SomeStringProperty": "This is table entity number 19",
        "SomeDateProperty": "2020-01-01T01:20:00.0000000Z",
        "SomeDateProperty@odata.type": "Edm.DateTime",
        "SomeGuidProperty": "0d391d16-97f1-4b9a-be68-4cc871f90019",
        "SomeGuidProperty@odata.type": "Edm.Guid",
        "SomeBinaryProperty": "AQIDBAU=",
        "SomeBinaryProperty@odata.type": "Edm.Binary",
        "SomeInt64Property": "19",
        "SomeInt64Property@odata.type": "Edm.Int64",
        "SomeDoubleProperty0": 19,
        "SomeDoubleProperty0@odata.type": "Edm.Double",
        "SomeDoubleProperty1": 19.100000000000001,
        "SomeDoubleProperty1@odata.type": "Edm.Double",
        "SomeIntProperty": 19
      },
      "StatusCode": 201,
      "ResponseHeaders": {
        "Cache-Control": "no-cache",
        "Content-Type": "application/json; odata=fullmetadata; streaming=true; charset=utf-8",
        "Date": "Wed, 01 Jul 2020 18:25:39 GMT",
        "ETag": "W/\u0022datetime\u00272020-07-01T18%3A25%3A39.3194628Z\u0027\u0022",
        "Location": "https://algernon.table.core.windows.net/testtableh79i3e0t(PartitionKey=\u0027somPartition\u0027,RowKey=\u002719\u0027)",
        "Server": [
          "Windows-Azure-Table/1.0",
          "Microsoft-HTTPAPI/2.0"
        ],
        "Transfer-Encoding": "chunked",
        "X-Content-Type-Options": "nosniff",
        "x-ms-client-request-id": "5ef5f548578352426840b4a6e90aae13",
        "x-ms-request-id": "ebeb7e44-e002-0081-74d5-4f3f37000000",
        "x-ms-version": "2019-02-02"
      },
      "ResponseBody": {
        "odata.metadata": "https://algernon.table.core.windows.net/$metadata#testtableh79i3e0t/@Element",
        "odata.type": "algernon.testtableh79i3e0t",
        "odata.id": "https://algernon.table.core.windows.net/testtableh79i3e0t(PartitionKey=\u0027somPartition\u0027,RowKey=\u002719\u0027)",
        "odata.etag": "W/\u0022datetime\u00272020-07-01T18%3A25%3A39.3194628Z\u0027\u0022",
        "odata.editLink": "testtableh79i3e0t(PartitionKey=\u0027somPartition\u0027,RowKey=\u002719\u0027)",
        "PartitionKey": "somPartition",
        "RowKey": "19",
        "Timestamp@odata.type": "Edm.DateTime",
        "Timestamp": "2020-07-01T18:25:39.3194628Z",
        "SomeStringProperty": "This is table entity number 19",
        "SomeDateProperty@odata.type": "Edm.DateTime",
        "SomeDateProperty": "2020-01-01T01:20:00Z",
        "SomeGuidProperty@odata.type": "Edm.Guid",
        "SomeGuidProperty": "0d391d16-97f1-4b9a-be68-4cc871f90019",
        "SomeBinaryProperty@odata.type": "Edm.Binary",
        "SomeBinaryProperty": "AQIDBAU=",
        "SomeInt64Property@odata.type": "Edm.Int64",
        "SomeInt64Property": "19",
        "SomeDoubleProperty0": 19.0,
        "SomeDoubleProperty1": 19.1,
        "SomeIntProperty": 19
      }
    },
    {
      "RequestUri": "https://algernon.table.core.windows.net/testtableh79i3e0t?$format=application%2Fjson%3Bodata%3Dfullmetadata",
      "RequestMethod": "POST",
      "RequestHeaders": {
        "Authorization": "Sanitized",
        "Content-Length": "617",
        "Content-Type": "application/json; odata=nometadata",
        "DataServiceVersion": "3.0",
        "traceparent": "00-04b819caa1899a458650ec22bdb8f952-4af329e749c1774e-00",
        "User-Agent": [
          "azsdk-net-Data.Tables/1.0.0-dev.20200701.1",
          "(.NET Core 4.6.28928.01; Microsoft Windows 10.0.19041 )"
        ],
        "x-ms-client-request-id": "499eabf1bfda2c52ad3eebf508298872",
        "x-ms-date": "Wed, 01 Jul 2020 18:25:41 GMT",
        "x-ms-return-client-request-id": "true",
        "x-ms-version": "2019-02-02"
      },
      "RequestBody": {
        "PartitionKey": "somPartition",
        "RowKey": "20",
        "SomeStringProperty": "This is table entity number 20",
        "SomeDateProperty": "2020-01-01T01:21:00.0000000Z",
        "SomeDateProperty@odata.type": "Edm.DateTime",
        "SomeGuidProperty": "0d391d16-97f1-4b9a-be68-4cc871f90020",
        "SomeGuidProperty@odata.type": "Edm.Guid",
        "SomeBinaryProperty": "AQIDBAU=",
        "SomeBinaryProperty@odata.type": "Edm.Binary",
        "SomeInt64Property": "20",
        "SomeInt64Property@odata.type": "Edm.Int64",
        "SomeDoubleProperty0": 20,
        "SomeDoubleProperty0@odata.type": "Edm.Double",
        "SomeDoubleProperty1": 20.100000000000001,
        "SomeDoubleProperty1@odata.type": "Edm.Double",
        "SomeIntProperty": 20
      },
      "StatusCode": 201,
      "ResponseHeaders": {
        "Cache-Control": "no-cache",
        "Content-Type": "application/json; odata=fullmetadata; streaming=true; charset=utf-8",
        "Date": "Wed, 01 Jul 2020 18:25:39 GMT",
        "ETag": "W/\u0022datetime\u00272020-07-01T18%3A25%3A39.3715007Z\u0027\u0022",
        "Location": "https://algernon.table.core.windows.net/testtableh79i3e0t(PartitionKey=\u0027somPartition\u0027,RowKey=\u002720\u0027)",
        "Server": [
          "Windows-Azure-Table/1.0",
          "Microsoft-HTTPAPI/2.0"
        ],
        "Transfer-Encoding": "chunked",
        "X-Content-Type-Options": "nosniff",
        "x-ms-client-request-id": "499eabf1bfda2c52ad3eebf508298872",
        "x-ms-request-id": "ebeb7e45-e002-0081-75d5-4f3f37000000",
        "x-ms-version": "2019-02-02"
      },
      "ResponseBody": {
        "odata.metadata": "https://algernon.table.core.windows.net/$metadata#testtableh79i3e0t/@Element",
        "odata.type": "algernon.testtableh79i3e0t",
        "odata.id": "https://algernon.table.core.windows.net/testtableh79i3e0t(PartitionKey=\u0027somPartition\u0027,RowKey=\u002720\u0027)",
        "odata.etag": "W/\u0022datetime\u00272020-07-01T18%3A25%3A39.3715007Z\u0027\u0022",
        "odata.editLink": "testtableh79i3e0t(PartitionKey=\u0027somPartition\u0027,RowKey=\u002720\u0027)",
        "PartitionKey": "somPartition",
        "RowKey": "20",
        "Timestamp@odata.type": "Edm.DateTime",
        "Timestamp": "2020-07-01T18:25:39.3715007Z",
        "SomeStringProperty": "This is table entity number 20",
        "SomeDateProperty@odata.type": "Edm.DateTime",
        "SomeDateProperty": "2020-01-01T01:21:00Z",
        "SomeGuidProperty@odata.type": "Edm.Guid",
        "SomeGuidProperty": "0d391d16-97f1-4b9a-be68-4cc871f90020",
        "SomeBinaryProperty@odata.type": "Edm.Binary",
        "SomeBinaryProperty": "AQIDBAU=",
        "SomeInt64Property@odata.type": "Edm.Int64",
        "SomeInt64Property": "20",
        "SomeDoubleProperty0": 20.0,
        "SomeDoubleProperty1": 20.1,
        "SomeIntProperty": 20
      }
    },
    {
      "RequestUri": "https://algernon.table.core.windows.net/testtableh79i3e0t()?$format=application%2Fjson%3Bodata%3Dfullmetadata",
      "RequestMethod": "GET",
      "RequestHeaders": {
        "Authorization": "Sanitized",
        "DataServiceVersion": "3.0",
        "User-Agent": [
          "azsdk-net-Data.Tables/1.0.0-dev.20200701.1",
          "(.NET Core 4.6.28928.01; Microsoft Windows 10.0.19041 )"
        ],
        "x-ms-client-request-id": "049418476c717a455220f00d0d469462",
        "x-ms-date": "Wed, 01 Jul 2020 18:25:41 GMT",
        "x-ms-return-client-request-id": "true",
        "x-ms-version": "2019-02-02"
      },
      "RequestBody": null,
      "StatusCode": 200,
      "ResponseHeaders": {
        "Cache-Control": "no-cache",
        "Content-Type": "application/json; odata=fullmetadata; streaming=true; charset=utf-8",
        "Date": "Wed, 01 Jul 2020 18:25:39 GMT",
        "Server": [
          "Windows-Azure-Table/1.0",
          "Microsoft-HTTPAPI/2.0"
        ],
        "Transfer-Encoding": "chunked",
        "X-Content-Type-Options": "nosniff",
        "x-ms-client-request-id": "049418476c717a455220f00d0d469462",
        "x-ms-request-id": "ebeb7e4a-e002-0081-79d5-4f3f37000000",
        "x-ms-version": "2019-02-02"
      },
      "ResponseBody": {
        "odata.metadata": "https://algernon.table.core.windows.net/$metadata#testtableh79i3e0t",
        "value": [
          {
            "odata.type": "algernon.testtableh79i3e0t",
            "odata.id": "https://algernon.table.core.windows.net/testtableh79i3e0t(PartitionKey=\u0027somPartition\u0027,RowKey=\u002701\u0027)",
            "odata.etag": "W/\u0022datetime\u00272020-07-01T18%3A25%3A38.0575619Z\u0027\u0022",
            "odata.editLink": "testtableh79i3e0t(PartitionKey=\u0027somPartition\u0027,RowKey=\u002701\u0027)",
            "PartitionKey": "somPartition",
            "RowKey": "01",
            "Timestamp@odata.type": "Edm.DateTime",
            "Timestamp": "2020-07-01T18:25:38.0575619Z",
            "SomeStringProperty": "This is table entity number 01",
            "SomeDateProperty@odata.type": "Edm.DateTime",
            "SomeDateProperty": "2020-01-01T01:02:00Z",
            "SomeGuidProperty@odata.type": "Edm.Guid",
            "SomeGuidProperty": "0d391d16-97f1-4b9a-be68-4cc871f90001",
            "SomeBinaryProperty@odata.type": "Edm.Binary",
            "SomeBinaryProperty": "AQIDBAU=",
            "SomeInt64Property@odata.type": "Edm.Int64",
            "SomeInt64Property": "1",
            "SomeDoubleProperty0": 1.0,
            "SomeDoubleProperty1": 1.1,
            "SomeIntProperty": 1
          },
          {
            "odata.type": "algernon.testtableh79i3e0t",
            "odata.id": "https://algernon.table.core.windows.net/testtableh79i3e0t(PartitionKey=\u0027somPartition\u0027,RowKey=\u002702\u0027)",
            "odata.etag": "W/\u0022datetime\u00272020-07-01T18%3A25%3A38.1176049Z\u0027\u0022",
            "odata.editLink": "testtableh79i3e0t(PartitionKey=\u0027somPartition\u0027,RowKey=\u002702\u0027)",
            "PartitionKey": "somPartition",
            "RowKey": "02",
            "Timestamp@odata.type": "Edm.DateTime",
            "Timestamp": "2020-07-01T18:25:38.1176049Z",
            "SomeStringProperty": "This is table entity number 02",
            "SomeDateProperty@odata.type": "Edm.DateTime",
            "SomeDateProperty": "2020-01-01T01:03:00Z",
            "SomeGuidProperty@odata.type": "Edm.Guid",
            "SomeGuidProperty": "0d391d16-97f1-4b9a-be68-4cc871f90002",
            "SomeBinaryProperty@odata.type": "Edm.Binary",
            "SomeBinaryProperty": "AQIDBAU=",
            "SomeInt64Property@odata.type": "Edm.Int64",
            "SomeInt64Property": "2",
            "SomeDoubleProperty0": 2.0,
            "SomeDoubleProperty1": 2.1,
            "SomeIntProperty": 2
          },
          {
            "odata.type": "algernon.testtableh79i3e0t",
            "odata.id": "https://algernon.table.core.windows.net/testtableh79i3e0t(PartitionKey=\u0027somPartition\u0027,RowKey=\u002703\u0027)",
            "odata.etag": "W/\u0022datetime\u00272020-07-01T18%3A25%3A38.2196772Z\u0027\u0022",
            "odata.editLink": "testtableh79i3e0t(PartitionKey=\u0027somPartition\u0027,RowKey=\u002703\u0027)",
            "PartitionKey": "somPartition",
            "RowKey": "03",
            "Timestamp@odata.type": "Edm.DateTime",
            "Timestamp": "2020-07-01T18:25:38.2196772Z",
            "SomeStringProperty": "This is table entity number 03",
            "SomeDateProperty@odata.type": "Edm.DateTime",
            "SomeDateProperty": "2020-01-01T01:04:00Z",
            "SomeGuidProperty@odata.type": "Edm.Guid",
            "SomeGuidProperty": "0d391d16-97f1-4b9a-be68-4cc871f90003",
            "SomeBinaryProperty@odata.type": "Edm.Binary",
            "SomeBinaryProperty": "AQIDBAU=",
            "SomeInt64Property@odata.type": "Edm.Int64",
            "SomeInt64Property": "3",
            "SomeDoubleProperty0": 3.0,
            "SomeDoubleProperty1": 3.1,
            "SomeIntProperty": 3
          },
          {
            "odata.type": "algernon.testtableh79i3e0t",
            "odata.id": "https://algernon.table.core.windows.net/testtableh79i3e0t(PartitionKey=\u0027somPartition\u0027,RowKey=\u002704\u0027)",
            "odata.etag": "W/\u0022datetime\u00272020-07-01T18%3A25%3A38.282723Z\u0027\u0022",
            "odata.editLink": "testtableh79i3e0t(PartitionKey=\u0027somPartition\u0027,RowKey=\u002704\u0027)",
            "PartitionKey": "somPartition",
            "RowKey": "04",
            "Timestamp@odata.type": "Edm.DateTime",
            "Timestamp": "2020-07-01T18:25:38.282723Z",
            "SomeStringProperty": "This is table entity number 04",
            "SomeDateProperty@odata.type": "Edm.DateTime",
            "SomeDateProperty": "2020-01-01T01:05:00Z",
            "SomeGuidProperty@odata.type": "Edm.Guid",
            "SomeGuidProperty": "0d391d16-97f1-4b9a-be68-4cc871f90004",
            "SomeBinaryProperty@odata.type": "Edm.Binary",
            "SomeBinaryProperty": "AQIDBAU=",
            "SomeInt64Property@odata.type": "Edm.Int64",
            "SomeInt64Property": "4",
            "SomeDoubleProperty0": 4.0,
            "SomeDoubleProperty1": 4.1,
            "SomeIntProperty": 4
          },
          {
            "odata.type": "algernon.testtableh79i3e0t",
            "odata.id": "https://algernon.table.core.windows.net/testtableh79i3e0t(PartitionKey=\u0027somPartition\u0027,RowKey=\u002705\u0027)",
            "odata.etag": "W/\u0022datetime\u00272020-07-01T18%3A25%3A38.4418364Z\u0027\u0022",
            "odata.editLink": "testtableh79i3e0t(PartitionKey=\u0027somPartition\u0027,RowKey=\u002705\u0027)",
            "PartitionKey": "somPartition",
            "RowKey": "05",
            "Timestamp@odata.type": "Edm.DateTime",
            "Timestamp": "2020-07-01T18:25:38.4418364Z",
            "SomeStringProperty": "This is table entity number 05",
            "SomeDateProperty@odata.type": "Edm.DateTime",
            "SomeDateProperty": "2020-01-01T01:06:00Z",
            "SomeGuidProperty@odata.type": "Edm.Guid",
            "SomeGuidProperty": "0d391d16-97f1-4b9a-be68-4cc871f90005",
            "SomeBinaryProperty@odata.type": "Edm.Binary",
            "SomeBinaryProperty": "AQIDBAU=",
            "SomeInt64Property@odata.type": "Edm.Int64",
            "SomeInt64Property": "5",
            "SomeDoubleProperty0": 5.0,
            "SomeDoubleProperty1": 5.1,
            "SomeIntProperty": 5
          },
          {
            "odata.type": "algernon.testtableh79i3e0t",
            "odata.id": "https://algernon.table.core.windows.net/testtableh79i3e0t(PartitionKey=\u0027somPartition\u0027,RowKey=\u002706\u0027)",
            "odata.etag": "W/\u0022datetime\u00272020-07-01T18%3A25%3A38.5238952Z\u0027\u0022",
            "odata.editLink": "testtableh79i3e0t(PartitionKey=\u0027somPartition\u0027,RowKey=\u002706\u0027)",
            "PartitionKey": "somPartition",
            "RowKey": "06",
            "Timestamp@odata.type": "Edm.DateTime",
            "Timestamp": "2020-07-01T18:25:38.5238952Z",
            "SomeStringProperty": "This is table entity number 06",
            "SomeDateProperty@odata.type": "Edm.DateTime",
            "SomeDateProperty": "2020-01-01T01:07:00Z",
            "SomeGuidProperty@odata.type": "Edm.Guid",
            "SomeGuidProperty": "0d391d16-97f1-4b9a-be68-4cc871f90006",
            "SomeBinaryProperty@odata.type": "Edm.Binary",
            "SomeBinaryProperty": "AQIDBAU=",
            "SomeInt64Property@odata.type": "Edm.Int64",
            "SomeInt64Property": "6",
            "SomeDoubleProperty0": 6.0,
            "SomeDoubleProperty1": 6.1,
            "SomeIntProperty": 6
          },
          {
            "odata.type": "algernon.testtableh79i3e0t",
            "odata.id": "https://algernon.table.core.windows.net/testtableh79i3e0t(PartitionKey=\u0027somPartition\u0027,RowKey=\u002707\u0027)",
            "odata.etag": "W/\u0022datetime\u00272020-07-01T18%3A25%3A38.6069554Z\u0027\u0022",
            "odata.editLink": "testtableh79i3e0t(PartitionKey=\u0027somPartition\u0027,RowKey=\u002707\u0027)",
            "PartitionKey": "somPartition",
            "RowKey": "07",
            "Timestamp@odata.type": "Edm.DateTime",
            "Timestamp": "2020-07-01T18:25:38.6069554Z",
            "SomeStringProperty": "This is table entity number 07",
            "SomeDateProperty@odata.type": "Edm.DateTime",
            "SomeDateProperty": "2020-01-01T01:08:00Z",
            "SomeGuidProperty@odata.type": "Edm.Guid",
            "SomeGuidProperty": "0d391d16-97f1-4b9a-be68-4cc871f90007",
            "SomeBinaryProperty@odata.type": "Edm.Binary",
            "SomeBinaryProperty": "AQIDBAU=",
            "SomeInt64Property@odata.type": "Edm.Int64",
            "SomeInt64Property": "7",
            "SomeDoubleProperty0": 7.0,
            "SomeDoubleProperty1": 7.1,
            "SomeIntProperty": 7
          },
          {
            "odata.type": "algernon.testtableh79i3e0t",
            "odata.id": "https://algernon.table.core.windows.net/testtableh79i3e0t(PartitionKey=\u0027somPartition\u0027,RowKey=\u002708\u0027)",
            "odata.etag": "W/\u0022datetime\u00272020-07-01T18%3A25%3A38.664997Z\u0027\u0022",
            "odata.editLink": "testtableh79i3e0t(PartitionKey=\u0027somPartition\u0027,RowKey=\u002708\u0027)",
            "PartitionKey": "somPartition",
            "RowKey": "08",
            "Timestamp@odata.type": "Edm.DateTime",
            "Timestamp": "2020-07-01T18:25:38.664997Z",
            "SomeStringProperty": "This is table entity number 08",
            "SomeDateProperty@odata.type": "Edm.DateTime",
            "SomeDateProperty": "2020-01-01T01:09:00Z",
            "SomeGuidProperty@odata.type": "Edm.Guid",
            "SomeGuidProperty": "0d391d16-97f1-4b9a-be68-4cc871f90008",
            "SomeBinaryProperty@odata.type": "Edm.Binary",
            "SomeBinaryProperty": "AQIDBAU=",
            "SomeInt64Property@odata.type": "Edm.Int64",
            "SomeInt64Property": "8",
            "SomeDoubleProperty0": 8.0,
            "SomeDoubleProperty1": 8.1,
            "SomeIntProperty": 8
          },
          {
            "odata.type": "algernon.testtableh79i3e0t",
            "odata.id": "https://algernon.table.core.windows.net/testtableh79i3e0t(PartitionKey=\u0027somPartition\u0027,RowKey=\u002709\u0027)",
            "odata.etag": "W/\u0022datetime\u00272020-07-01T18%3A25%3A38.7300425Z\u0027\u0022",
            "odata.editLink": "testtableh79i3e0t(PartitionKey=\u0027somPartition\u0027,RowKey=\u002709\u0027)",
            "PartitionKey": "somPartition",
            "RowKey": "09",
            "Timestamp@odata.type": "Edm.DateTime",
            "Timestamp": "2020-07-01T18:25:38.7300425Z",
            "SomeStringProperty": "This is table entity number 09",
            "SomeDateProperty@odata.type": "Edm.DateTime",
            "SomeDateProperty": "2020-01-01T01:10:00Z",
            "SomeGuidProperty@odata.type": "Edm.Guid",
            "SomeGuidProperty": "0d391d16-97f1-4b9a-be68-4cc871f90009",
            "SomeBinaryProperty@odata.type": "Edm.Binary",
            "SomeBinaryProperty": "AQIDBAU=",
            "SomeInt64Property@odata.type": "Edm.Int64",
            "SomeInt64Property": "9",
            "SomeDoubleProperty0": 9.0,
            "SomeDoubleProperty1": 9.1,
            "SomeIntProperty": 9
          },
          {
            "odata.type": "algernon.testtableh79i3e0t",
            "odata.id": "https://algernon.table.core.windows.net/testtableh79i3e0t(PartitionKey=\u0027somPartition\u0027,RowKey=\u002710\u0027)",
            "odata.etag": "W/\u0022datetime\u00272020-07-01T18%3A25%3A38.7870836Z\u0027\u0022",
            "odata.editLink": "testtableh79i3e0t(PartitionKey=\u0027somPartition\u0027,RowKey=\u002710\u0027)",
            "PartitionKey": "somPartition",
            "RowKey": "10",
            "Timestamp@odata.type": "Edm.DateTime",
            "Timestamp": "2020-07-01T18:25:38.7870836Z",
            "SomeStringProperty": "This is table entity number 10",
            "SomeDateProperty@odata.type": "Edm.DateTime",
            "SomeDateProperty": "2020-01-01T01:11:00Z",
            "SomeGuidProperty@odata.type": "Edm.Guid",
            "SomeGuidProperty": "0d391d16-97f1-4b9a-be68-4cc871f90010",
            "SomeBinaryProperty@odata.type": "Edm.Binary",
            "SomeBinaryProperty": "AQIDBAU=",
            "SomeInt64Property@odata.type": "Edm.Int64",
            "SomeInt64Property": "10",
            "SomeDoubleProperty0": 10.0,
            "SomeDoubleProperty1": 10.1,
            "SomeIntProperty": 10
          },
          {
            "odata.type": "algernon.testtableh79i3e0t",
            "odata.id": "https://algernon.table.core.windows.net/testtableh79i3e0t(PartitionKey=\u0027somPartition\u0027,RowKey=\u002711\u0027)",
            "odata.etag": "W/\u0022datetime\u00272020-07-01T18%3A25%3A38.8421237Z\u0027\u0022",
            "odata.editLink": "testtableh79i3e0t(PartitionKey=\u0027somPartition\u0027,RowKey=\u002711\u0027)",
            "PartitionKey": "somPartition",
            "RowKey": "11",
            "Timestamp@odata.type": "Edm.DateTime",
            "Timestamp": "2020-07-01T18:25:38.8421237Z",
            "SomeStringProperty": "This is table entity number 11",
            "SomeDateProperty@odata.type": "Edm.DateTime",
            "SomeDateProperty": "2020-01-01T01:12:00Z",
            "SomeGuidProperty@odata.type": "Edm.Guid",
            "SomeGuidProperty": "0d391d16-97f1-4b9a-be68-4cc871f90011",
            "SomeBinaryProperty@odata.type": "Edm.Binary",
            "SomeBinaryProperty": "AQIDBAU=",
            "SomeInt64Property@odata.type": "Edm.Int64",
            "SomeInt64Property": "11",
            "SomeDoubleProperty0": 11.0,
            "SomeDoubleProperty1": 11.1,
            "SomeIntProperty": 11
          },
          {
            "odata.type": "algernon.testtableh79i3e0t",
            "odata.id": "https://algernon.table.core.windows.net/testtableh79i3e0t(PartitionKey=\u0027somPartition\u0027,RowKey=\u002712\u0027)",
            "odata.etag": "W/\u0022datetime\u00272020-07-01T18%3A25%3A38.9111734Z\u0027\u0022",
            "odata.editLink": "testtableh79i3e0t(PartitionKey=\u0027somPartition\u0027,RowKey=\u002712\u0027)",
            "PartitionKey": "somPartition",
            "RowKey": "12",
            "Timestamp@odata.type": "Edm.DateTime",
            "Timestamp": "2020-07-01T18:25:38.9111734Z",
            "SomeStringProperty": "This is table entity number 12",
            "SomeDateProperty@odata.type": "Edm.DateTime",
            "SomeDateProperty": "2020-01-01T01:13:00Z",
            "SomeGuidProperty@odata.type": "Edm.Guid",
            "SomeGuidProperty": "0d391d16-97f1-4b9a-be68-4cc871f90012",
            "SomeBinaryProperty@odata.type": "Edm.Binary",
            "SomeBinaryProperty": "AQIDBAU=",
            "SomeInt64Property@odata.type": "Edm.Int64",
            "SomeInt64Property": "12",
            "SomeDoubleProperty0": 12.0,
            "SomeDoubleProperty1": 12.1,
            "SomeIntProperty": 12
          },
          {
            "odata.type": "algernon.testtableh79i3e0t",
            "odata.id": "https://algernon.table.core.windows.net/testtableh79i3e0t(PartitionKey=\u0027somPartition\u0027,RowKey=\u002713\u0027)",
            "odata.etag": "W/\u0022datetime\u00272020-07-01T18%3A25%3A38.9662132Z\u0027\u0022",
            "odata.editLink": "testtableh79i3e0t(PartitionKey=\u0027somPartition\u0027,RowKey=\u002713\u0027)",
            "PartitionKey": "somPartition",
            "RowKey": "13",
            "Timestamp@odata.type": "Edm.DateTime",
            "Timestamp": "2020-07-01T18:25:38.9662132Z",
            "SomeStringProperty": "This is table entity number 13",
            "SomeDateProperty@odata.type": "Edm.DateTime",
            "SomeDateProperty": "2020-01-01T01:14:00Z",
            "SomeGuidProperty@odata.type": "Edm.Guid",
            "SomeGuidProperty": "0d391d16-97f1-4b9a-be68-4cc871f90013",
            "SomeBinaryProperty@odata.type": "Edm.Binary",
            "SomeBinaryProperty": "AQIDBAU=",
            "SomeInt64Property@odata.type": "Edm.Int64",
            "SomeInt64Property": "13",
            "SomeDoubleProperty0": 13.0,
            "SomeDoubleProperty1": 13.1,
            "SomeIntProperty": 13
          },
          {
            "odata.type": "algernon.testtableh79i3e0t",
            "odata.id": "https://algernon.table.core.windows.net/testtableh79i3e0t(PartitionKey=\u0027somPartition\u0027,RowKey=\u002714\u0027)",
            "odata.etag": "W/\u0022datetime\u00272020-07-01T18%3A25%3A39.024253Z\u0027\u0022",
            "odata.editLink": "testtableh79i3e0t(PartitionKey=\u0027somPartition\u0027,RowKey=\u002714\u0027)",
            "PartitionKey": "somPartition",
            "RowKey": "14",
            "Timestamp@odata.type": "Edm.DateTime",
            "Timestamp": "2020-07-01T18:25:39.024253Z",
            "SomeStringProperty": "This is table entity number 14",
            "SomeDateProperty@odata.type": "Edm.DateTime",
            "SomeDateProperty": "2020-01-01T01:15:00Z",
            "SomeGuidProperty@odata.type": "Edm.Guid",
            "SomeGuidProperty": "0d391d16-97f1-4b9a-be68-4cc871f90014",
            "SomeBinaryProperty@odata.type": "Edm.Binary",
            "SomeBinaryProperty": "AQIDBAU=",
            "SomeInt64Property@odata.type": "Edm.Int64",
            "SomeInt64Property": "14",
            "SomeDoubleProperty0": 14.0,
            "SomeDoubleProperty1": 14.1,
            "SomeIntProperty": 14
          },
          {
            "odata.type": "algernon.testtableh79i3e0t",
            "odata.id": "https://algernon.table.core.windows.net/testtableh79i3e0t(PartitionKey=\u0027somPartition\u0027,RowKey=\u002715\u0027)",
            "odata.etag": "W/\u0022datetime\u00272020-07-01T18%3A25%3A39.0913017Z\u0027\u0022",
            "odata.editLink": "testtableh79i3e0t(PartitionKey=\u0027somPartition\u0027,RowKey=\u002715\u0027)",
            "PartitionKey": "somPartition",
            "RowKey": "15",
            "Timestamp@odata.type": "Edm.DateTime",
            "Timestamp": "2020-07-01T18:25:39.0913017Z",
            "SomeStringProperty": "This is table entity number 15",
            "SomeDateProperty@odata.type": "Edm.DateTime",
            "SomeDateProperty": "2020-01-01T01:16:00Z",
            "SomeGuidProperty@odata.type": "Edm.Guid",
            "SomeGuidProperty": "0d391d16-97f1-4b9a-be68-4cc871f90015",
            "SomeBinaryProperty@odata.type": "Edm.Binary",
            "SomeBinaryProperty": "AQIDBAU=",
            "SomeInt64Property@odata.type": "Edm.Int64",
            "SomeInt64Property": "15",
            "SomeDoubleProperty0": 15.0,
            "SomeDoubleProperty1": 15.1,
            "SomeIntProperty": 15
          },
          {
            "odata.type": "algernon.testtableh79i3e0t",
            "odata.id": "https://algernon.table.core.windows.net/testtableh79i3e0t(PartitionKey=\u0027somPartition\u0027,RowKey=\u002716\u0027)",
            "odata.etag": "W/\u0022datetime\u00272020-07-01T18%3A25%3A39.1483416Z\u0027\u0022",
            "odata.editLink": "testtableh79i3e0t(PartitionKey=\u0027somPartition\u0027,RowKey=\u002716\u0027)",
            "PartitionKey": "somPartition",
            "RowKey": "16",
            "Timestamp@odata.type": "Edm.DateTime",
            "Timestamp": "2020-07-01T18:25:39.1483416Z",
            "SomeStringProperty": "This is table entity number 16",
            "SomeDateProperty@odata.type": "Edm.DateTime",
            "SomeDateProperty": "2020-01-01T01:17:00Z",
            "SomeGuidProperty@odata.type": "Edm.Guid",
            "SomeGuidProperty": "0d391d16-97f1-4b9a-be68-4cc871f90016",
            "SomeBinaryProperty@odata.type": "Edm.Binary",
            "SomeBinaryProperty": "AQIDBAU=",
            "SomeInt64Property@odata.type": "Edm.Int64",
            "SomeInt64Property": "16",
            "SomeDoubleProperty0": 16.0,
            "SomeDoubleProperty1": 16.1,
            "SomeIntProperty": 16
          },
          {
            "odata.type": "algernon.testtableh79i3e0t",
            "odata.id": "https://algernon.table.core.windows.net/testtableh79i3e0t(PartitionKey=\u0027somPartition\u0027,RowKey=\u002717\u0027)",
            "odata.etag": "W/\u0022datetime\u00272020-07-01T18%3A25%3A39.202379Z\u0027\u0022",
            "odata.editLink": "testtableh79i3e0t(PartitionKey=\u0027somPartition\u0027,RowKey=\u002717\u0027)",
            "PartitionKey": "somPartition",
            "RowKey": "17",
            "Timestamp@odata.type": "Edm.DateTime",
            "Timestamp": "2020-07-01T18:25:39.202379Z",
            "SomeStringProperty": "This is table entity number 17",
            "SomeDateProperty@odata.type": "Edm.DateTime",
            "SomeDateProperty": "2020-01-01T01:18:00Z",
            "SomeGuidProperty@odata.type": "Edm.Guid",
            "SomeGuidProperty": "0d391d16-97f1-4b9a-be68-4cc871f90017",
            "SomeBinaryProperty@odata.type": "Edm.Binary",
            "SomeBinaryProperty": "AQIDBAU=",
            "SomeInt64Property@odata.type": "Edm.Int64",
            "SomeInt64Property": "17",
            "SomeDoubleProperty0": 17.0,
            "SomeDoubleProperty1": 17.1,
            "SomeIntProperty": 17
          },
          {
            "odata.type": "algernon.testtableh79i3e0t",
            "odata.id": "https://algernon.table.core.windows.net/testtableh79i3e0t(PartitionKey=\u0027somPartition\u0027,RowKey=\u002718\u0027)",
            "odata.etag": "W/\u0022datetime\u00272020-07-01T18%3A25%3A39.2654245Z\u0027\u0022",
            "odata.editLink": "testtableh79i3e0t(PartitionKey=\u0027somPartition\u0027,RowKey=\u002718\u0027)",
            "PartitionKey": "somPartition",
            "RowKey": "18",
            "Timestamp@odata.type": "Edm.DateTime",
            "Timestamp": "2020-07-01T18:25:39.2654245Z",
            "SomeStringProperty": "This is table entity number 18",
            "SomeDateProperty@odata.type": "Edm.DateTime",
            "SomeDateProperty": "2020-01-01T01:19:00Z",
            "SomeGuidProperty@odata.type": "Edm.Guid",
            "SomeGuidProperty": "0d391d16-97f1-4b9a-be68-4cc871f90018",
            "SomeBinaryProperty@odata.type": "Edm.Binary",
            "SomeBinaryProperty": "AQIDBAU=",
            "SomeInt64Property@odata.type": "Edm.Int64",
            "SomeInt64Property": "18",
            "SomeDoubleProperty0": 18.0,
            "SomeDoubleProperty1": 18.1,
            "SomeIntProperty": 18
          },
          {
            "odata.type": "algernon.testtableh79i3e0t",
            "odata.id": "https://algernon.table.core.windows.net/testtableh79i3e0t(PartitionKey=\u0027somPartition\u0027,RowKey=\u002719\u0027)",
            "odata.etag": "W/\u0022datetime\u00272020-07-01T18%3A25%3A39.3194628Z\u0027\u0022",
            "odata.editLink": "testtableh79i3e0t(PartitionKey=\u0027somPartition\u0027,RowKey=\u002719\u0027)",
            "PartitionKey": "somPartition",
            "RowKey": "19",
            "Timestamp@odata.type": "Edm.DateTime",
            "Timestamp": "2020-07-01T18:25:39.3194628Z",
            "SomeStringProperty": "This is table entity number 19",
            "SomeDateProperty@odata.type": "Edm.DateTime",
            "SomeDateProperty": "2020-01-01T01:20:00Z",
            "SomeGuidProperty@odata.type": "Edm.Guid",
            "SomeGuidProperty": "0d391d16-97f1-4b9a-be68-4cc871f90019",
            "SomeBinaryProperty@odata.type": "Edm.Binary",
            "SomeBinaryProperty": "AQIDBAU=",
            "SomeInt64Property@odata.type": "Edm.Int64",
            "SomeInt64Property": "19",
            "SomeDoubleProperty0": 19.0,
            "SomeDoubleProperty1": 19.1,
            "SomeIntProperty": 19
          },
          {
            "odata.type": "algernon.testtableh79i3e0t",
            "odata.id": "https://algernon.table.core.windows.net/testtableh79i3e0t(PartitionKey=\u0027somPartition\u0027,RowKey=\u002720\u0027)",
            "odata.etag": "W/\u0022datetime\u00272020-07-01T18%3A25%3A39.3715007Z\u0027\u0022",
            "odata.editLink": "testtableh79i3e0t(PartitionKey=\u0027somPartition\u0027,RowKey=\u002720\u0027)",
            "PartitionKey": "somPartition",
            "RowKey": "20",
            "Timestamp@odata.type": "Edm.DateTime",
            "Timestamp": "2020-07-01T18:25:39.3715007Z",
            "SomeStringProperty": "This is table entity number 20",
            "SomeDateProperty@odata.type": "Edm.DateTime",
            "SomeDateProperty": "2020-01-01T01:21:00Z",
            "SomeGuidProperty@odata.type": "Edm.Guid",
            "SomeGuidProperty": "0d391d16-97f1-4b9a-be68-4cc871f90020",
            "SomeBinaryProperty@odata.type": "Edm.Binary",
            "SomeBinaryProperty": "AQIDBAU=",
            "SomeInt64Property@odata.type": "Edm.Int64",
            "SomeInt64Property": "20",
            "SomeDoubleProperty0": 20.0,
            "SomeDoubleProperty1": 20.1,
            "SomeIntProperty": 20
          }
        ]
      }
    },
    {
      "RequestUri": "https://algernon.table.core.windows.net/Tables(\u0027testtableh79i3e0t\u0027)",
      "RequestMethod": "DELETE",
      "RequestHeaders": {
        "Accept": "application/json",
        "Authorization": "Sanitized",
        "traceparent": "00-dfe7796708684b479f96451106230a60-cdbeb4c74400b94d-00",
        "User-Agent": [
          "azsdk-net-Data.Tables/1.0.0-dev.20200701.1",
          "(.NET Core 4.6.28928.01; Microsoft Windows 10.0.19041 )"
        ],
        "x-ms-client-request-id": "3922fd4eac878806a3c8b0456c4c493f",
        "x-ms-date": "Wed, 01 Jul 2020 18:25:41 GMT",
        "x-ms-return-client-request-id": "true",
        "x-ms-version": "2019-02-02"
      },
      "RequestBody": null,
      "StatusCode": 204,
      "ResponseHeaders": {
        "Cache-Control": "no-cache",
        "Content-Length": "0",
        "Date": "Wed, 01 Jul 2020 18:25:39 GMT",
        "Server": [
          "Windows-Azure-Table/1.0",
          "Microsoft-HTTPAPI/2.0"
        ],
        "X-Content-Type-Options": "nosniff",
        "x-ms-client-request-id": "3922fd4eac878806a3c8b0456c4c493f",
        "x-ms-request-id": "ebeb7e55-e002-0081-02d5-4f3f37000000",
        "x-ms-version": "2019-02-02"
      },
      "ResponseBody": []
    }
  ],
  "Variables": {
    "RandomSeed": "1796062126",
    "TABLES_PRIMARY_STORAGE_ACCOUNT_KEY": "",
    "TABLES_STORAGE_ACCOUNT_NAME": "algernon"
  }
}