{
  "Entries": [
    {
      "RequestUri": "https://chrissscratch.table.core.windows.net/Tables?$format=application%2Fjson%3Bodata%3Dfullmetadata",
      "RequestMethod": "POST",
      "RequestHeaders": {
        "Authorization": "Sanitized",
        "Content-Length": "31",
        "Content-Type": "application/json; odata=nometadata",
        "DataServiceVersion": "3.0",
        "traceparent": "00-e3956356f8ee8c4f8c3fa7d115c239f0-32437c109b3c8845-00",
        "User-Agent": [
          "azsdk-net-Data.Tables/1.0.0-dev.20200504.1",
          "(.NET Core 4.6.28619.01; Microsoft Windows 10.0.18363 )"
        ],
        "x-ms-client-request-id": "82744ae19ce2cc54d6ec1140d64a79c1",
        "x-ms-date": "Mon, 04 May 2020 14:40:03 GMT",
        "x-ms-return-client-request-id": "true",
        "x-ms-version": "2019-02-02"
      },
      "RequestBody": {
        "TableName": "testtable105336"
      },
      "StatusCode": 201,
      "ResponseHeaders": {
        "Cache-Control": "no-cache",
        "Content-Type": "application/json; odata=fullmetadata; streaming=true; charset=utf-8",
        "Date": "Mon, 04 May 2020 14:40:03 GMT",
        "Location": "https://chrissscratch.table.core.windows.net/Tables(\u0027testtable105336\u0027)",
        "Server": [
          "Windows-Azure-Table/1.0",
          "Microsoft-HTTPAPI/2.0"
        ],
        "Transfer-Encoding": "chunked",
        "X-Content-Type-Options": "nosniff",
        "x-ms-client-request-id": "82744ae19ce2cc54d6ec1140d64a79c1",
        "x-ms-request-id": "1c4fb340-8002-0018-3721-22e97d000000",
        "x-ms-version": "2019-02-02"
      },
      "ResponseBody": {
        "odata.metadata": "https://chrissscratch.table.core.windows.net/$metadata#Tables/@Element",
        "odata.type": "chrissscratch.Tables",
        "odata.id": "https://chrissscratch.table.core.windows.net/Tables(\u0027testtable105336\u0027)",
        "odata.editLink": "Tables(\u0027testtable105336\u0027)",
        "TableName": "testtable105336"
      }
    },
    {
      "RequestUri": "https://chrissscratch.table.core.windows.net/testtable105336(PartitionKey=\u0027somPartition\u0027,RowKey=\u00271\u0027)?$format=application%2Fjson%3Bodata%3Dfullmetadata",
      "RequestMethod": "PUT",
      "RequestHeaders": {
        "Authorization": "Sanitized",
        "Content-Length": "88",
        "Content-Type": "application/json; odata=nometadata",
        "DataServiceVersion": "3.0",
        "traceparent": "00-944aeb1b6e0e7b4c8a63f4913150f033-826730388bf53c4f-00",
        "User-Agent": [
          "azsdk-net-Data.Tables/1.0.0-dev.20200504.1",
          "(.NET Core 4.6.28619.01; Microsoft Windows 10.0.18363 )"
        ],
        "x-ms-client-request-id": "5382ec7eeca67813885a4892d1deb68b",
        "x-ms-date": "Mon, 04 May 2020 14:40:04 GMT",
        "x-ms-return-client-request-id": "true",
        "x-ms-version": "2019-02-02"
      },
      "RequestBody": {
        "PartitionKey": "somPartition",
        "RowKey": "1",
        "SomeStringProperty": "This is the original"
      },
      "StatusCode": 204,
      "ResponseHeaders": {
        "Cache-Control": "no-cache",
        "Content-Length": "0",
        "Date": "Mon, 04 May 2020 14:40:03 GMT",
        "ETag": "W/\u0022datetime\u00272020-05-04T14%3A40%3A04.0231221Z\u0027\u0022",
        "Server": [
          "Windows-Azure-Table/1.0",
          "Microsoft-HTTPAPI/2.0"
        ],
        "X-Content-Type-Options": "nosniff",
        "x-ms-client-request-id": "5382ec7eeca67813885a4892d1deb68b",
        "x-ms-request-id": "1c4fb378-8002-0018-6c21-22e97d000000",
        "x-ms-version": "2019-02-02"
      },
      "ResponseBody": []
    },
    {
      "RequestUri": "https://chrissscratch.table.core.windows.net/testtable105336()?$format=application%2Fjson%3Bodata%3Dfullmetadata\u0026$filter=PartitionKey eq %27somPartition%27 and RowKey eq %271%27",
      "RequestMethod": "GET",
      "RequestHeaders": {
        "Authorization": "Sanitized",
        "DataServiceVersion": "3.0",
        "User-Agent": [
          "azsdk-net-Data.Tables/1.0.0-dev.20200504.1",
          "(.NET Core 4.6.28619.01; Microsoft Windows 10.0.18363 )"
        ],
        "x-ms-client-request-id": "ead5de6d5ed2d15240f7c09f256c658e",
        "x-ms-date": "Mon, 04 May 2020 14:40:04 GMT",
        "x-ms-return-client-request-id": "true",
        "x-ms-version": "2019-02-02"
      },
      "RequestBody": null,
      "StatusCode": 200,
      "ResponseHeaders": {
        "Cache-Control": "no-cache",
        "Content-Type": "application/json; odata=fullmetadata; streaming=true; charset=utf-8",
        "Date": "Mon, 04 May 2020 14:40:03 GMT",
        "Server": [
          "Windows-Azure-Table/1.0",
          "Microsoft-HTTPAPI/2.0"
        ],
        "Transfer-Encoding": "chunked",
        "X-Content-Type-Options": "nosniff",
        "x-ms-client-request-id": "ead5de6d5ed2d15240f7c09f256c658e",
        "x-ms-request-id": "1c4fb399-8002-0018-0d21-22e97d000000",
        "x-ms-version": "2019-02-02"
      },
      "ResponseBody": {
        "odata.metadata": "https://chrissscratch.table.core.windows.net/$metadata#testtable105336",
        "value": [
          {
            "odata.type": "chrissscratch.testtable105336",
            "odata.id": "https://chrissscratch.table.core.windows.net/testtable105336(PartitionKey=\u0027somPartition\u0027,RowKey=\u00271\u0027)",
            "odata.etag": "W/\u0022datetime\u00272020-05-04T14%3A40%3A04.0231221Z\u0027\u0022",
            "odata.editLink": "testtable105336(PartitionKey=\u0027somPartition\u0027,RowKey=\u00271\u0027)",
            "PartitionKey": "somPartition",
            "RowKey": "1",
            "Timestamp@odata.type": "Edm.DateTime",
            "Timestamp": "2020-05-04T14:40:04.0231221Z",
            "SomeStringProperty": "This is the original"
          }
        ]
      }
    },
    {
      "RequestUri": "https://chrissscratch.table.core.windows.net/testtable105336(PartitionKey=\u0027somPartition\u0027,RowKey=\u00271\u0027)?$format=application%2Fjson%3Bodata%3Dfullmetadata",
      "RequestMethod": "PUT",
      "RequestHeaders": {
        "Authorization": "Sanitized",
        "Content-Length": "530",
        "Content-Type": "application/json; odata=nometadata",
        "DataServiceVersion": "3.0",
        "traceparent": "00-6fa876d5cba58d4dac15f91c13d1c826-c6885d534d818c4b-00",
        "User-Agent": [
          "azsdk-net-Data.Tables/1.0.0-dev.20200504.1",
          "(.NET Core 4.6.28619.01; Microsoft Windows 10.0.18363 )"
        ],
        "x-ms-client-request-id": "135a2e64eaf25e3b60095a410b3a040e",
        "x-ms-date": "Mon, 04 May 2020 14:40:04 GMT",
        "x-ms-return-client-request-id": "true",
        "x-ms-version": "2019-02-02"
      },
      "RequestBody": {
        "odata.type": "chrissscratch.testtable105336",
        "odata.id": "https://chrissscratch.table.core.windows.net/testtable105336(PartitionKey=\u0027somPartition\u0027,RowKey=\u00271\u0027)",
        "odata.etag": "W/\u0022datetime\u00272020-05-04T14%3A40%3A04.0231221Z\u0027\u0022",
        "odata.editLink": "testtable105336(PartitionKey=\u0027somPartition\u0027,RowKey=\u00271\u0027)",
        "PartitionKey": "somPartition",
        "RowKey": "1",
        "Timestamp@odata.type": "Edm.DateTime",
        "Timestamp": "2020-05-04T14:40:04.0231221Z",
        "SomeStringProperty": "This is new and improved!"
      },
      "StatusCode": 204,
      "ResponseHeaders": {
        "Cache-Control": "no-cache",
        "Content-Length": "0",
        "Date": "Mon, 04 May 2020 14:40:03 GMT",
        "ETag": "W/\u0022datetime\u00272020-05-04T14%3A40%3A04.1772495Z\u0027\u0022",
        "Server": [
          "Windows-Azure-Table/1.0",
          "Microsoft-HTTPAPI/2.0"
        ],
        "X-Content-Type-Options": "nosniff",
        "x-ms-client-request-id": "135a2e64eaf25e3b60095a410b3a040e",
        "x-ms-request-id": "1c4fb3b4-8002-0018-2721-22e97d000000",
        "x-ms-version": "2019-02-02"
      },
      "ResponseBody": []
    },
    {
      "RequestUri": "https://chrissscratch.table.core.windows.net/testtable105336()?$format=application%2Fjson%3Bodata%3Dfullmetadata\u0026$filter=PartitionKey eq %27somPartition%27 and RowKey eq %271%27",
      "RequestMethod": "GET",
      "RequestHeaders": {
        "Authorization": "Sanitized",
        "DataServiceVersion": "3.0",
        "User-Agent": [
          "azsdk-net-Data.Tables/1.0.0-dev.20200504.1",
          "(.NET Core 4.6.28619.01; Microsoft Windows 10.0.18363 )"
        ],
        "x-ms-client-request-id": "6c68b55ad6a320d799b113ae2b73521c",
        "x-ms-date": "Mon, 04 May 2020 14:40:04 GMT",
        "x-ms-return-client-request-id": "true",
        "x-ms-version": "2019-02-02"
      },
      "RequestBody": null,
      "StatusCode": 200,
      "ResponseHeaders": {
        "Cache-Control": "no-cache",
        "Content-Type": "application/json; odata=fullmetadata; streaming=true; charset=utf-8",
        "Date": "Mon, 04 May 2020 14:40:03 GMT",
        "Server": [
          "Windows-Azure-Table/1.0",
          "Microsoft-HTTPAPI/2.0"
        ],
        "Transfer-Encoding": "chunked",
        "X-Content-Type-Options": "nosniff",
        "x-ms-client-request-id": "6c68b55ad6a320d799b113ae2b73521c",
        "x-ms-request-id": "1c4fb3c4-8002-0018-3621-22e97d000000",
        "x-ms-version": "2019-02-02"
      },
      "ResponseBody": {
        "odata.metadata": "https://chrissscratch.table.core.windows.net/$metadata#testtable105336",
        "value": [
          {
            "odata.type": "chrissscratch.testtable105336",
            "odata.id": "https://chrissscratch.table.core.windows.net/testtable105336(PartitionKey=\u0027somPartition\u0027,RowKey=\u00271\u0027)",
            "odata.etag": "W/\u0022datetime\u00272020-05-04T14%3A40%3A04.1772495Z\u0027\u0022",
            "odata.editLink": "testtable105336(PartitionKey=\u0027somPartition\u0027,RowKey=\u00271\u0027)",
            "PartitionKey": "somPartition",
            "RowKey": "1",
            "Timestamp@odata.type": "Edm.DateTime",
            "Timestamp": "2020-05-04T14:40:04.1772495Z",
            "SomeStringProperty": "This is new and improved!"
          }
        ]
      }
    },
    {
      "RequestUri": "https://chrissscratch.table.core.windows.net/Tables(\u0027testtable105336\u0027)",
      "RequestMethod": "DELETE",
      "RequestHeaders": {
        "Accept": "application/json",
        "Authorization": "Sanitized",
        "traceparent": "00-5c682e29f869a84a8697e5a50a46ce43-b99d14f47b41ef4e-00",
        "User-Agent": [
          "azsdk-net-Data.Tables/1.0.0-dev.20200504.1",
          "(.NET Core 4.6.28619.01; Microsoft Windows 10.0.18363 )"
        ],
        "x-ms-client-request-id": "a22dbaf5a3848398a2778ac80410c506",
        "x-ms-date": "Mon, 04 May 2020 14:40:04 GMT",
        "x-ms-return-client-request-id": "true",
        "x-ms-version": "2019-02-02"
      },
      "RequestBody": null,
      "StatusCode": 204,
      "ResponseHeaders": {
        "Cache-Control": "no-cache",
        "Content-Length": "0",
        "Date": "Mon, 04 May 2020 14:40:03 GMT",
        "Server": [
          "Windows-Azure-Table/1.0",
          "Microsoft-HTTPAPI/2.0"
        ],
        "X-Content-Type-Options": "nosniff",
        "x-ms-client-request-id": "a22dbaf5a3848398a2778ac80410c506",
        "x-ms-request-id": "1c4fb3e8-8002-0018-5421-22e97d000000",
        "x-ms-version": "2019-02-02"
      },
      "ResponseBody": []
    }
  ],
  "Variables": {
    "RandomSeed": "83020833",
    "TABLES_PRIMARY_STORAGE_ACCOUNT_KEY": "",
    "TABLES_STORAGE_ACCOUNT_NAME": "chrissscratch"
  }
}