{
  "Entries": [
    {
      "RequestUri": "https://management.azure.com/subscriptions/eee2cef4-bc47-4278-b4f8-cfc65f25dfd8?api-version=2021-01-01",
      "RequestMethod": "GET",
      "RequestHeaders": {
        "Accept": "application/json",
        "Authorization": "Sanitized",
        "traceparent": "00-74809312f6146ea4eb01c08aa697b4c9-0d51e611d91fa7c4-00",
        "User-Agent": "azsdk-net-ResourceManager/1.4.0 (.NET 7.0.3; Microsoft Windows 10.0.19045)",
        "x-ms-client-request-id": "a51e8a4b3dc1cef346b44c822b1ee4b8",
        "x-ms-return-client-request-id": "true"
      },
      "RequestBody": null,
      "StatusCode": 200,
      "ResponseHeaders": {
        "Cache-Control": "no-cache",
        "Content-Length": "396",
        "Content-Type": "application/json; charset=utf-8",
        "Date": "Thu, 09 Mar 2023 10:53:17 GMT",
        "Expires": "-1",
        "Pragma": "no-cache",
        "Strict-Transport-Security": "max-age=31536000; includeSubDomains",
        "X-Content-Type-Options": "nosniff",
        "x-ms-correlation-request-id": "c3046382-ef1f-455e-9cef-668c5aa7442c",
        "x-ms-ratelimit-remaining-subscription-reads": "11988",
        "x-ms-request-id": "c3046382-ef1f-455e-9cef-668c5aa7442c",
        "x-ms-routing-request-id": "EASTUS2EUAP:20230309T105317Z:c3046382-ef1f-455e-9cef-668c5aa7442c"
      },
      "ResponseBody": {
        "id": "/subscriptions/eee2cef4-bc47-4278-b4f8-cfc65f25dfd8",
        "authorizationSource": "RoleBased",
        "managedByTenants": [],
        "subscriptionId": "eee2cef4-bc47-4278-b4f8-cfc65f25dfd8",
        "tenantId": "72f988bf-86f1-41af-91ab-2d7cd011db47",
        "displayName": "MaintenanceTests",
        "state": "Enabled",
        "subscriptionPolicies": {
          "locationPlacementId": "Internal_2014-09-01",
          "quotaId": "Internal_2014-09-01",
          "spendingLimit": "Off"
        }
      }
    },
    {
      "RequestUri": "https://management.azure.com/subscriptions/eee2cef4-bc47-4278-b4f8-cfc65f25dfd8/resourcegroups/Maintenance-RG-1663?api-version=**",
      "RequestMethod": "PUT",
      "RequestHeaders": {
        "Accept": "application/json",
        "Authorization": "Sanitized",
        "Content-Length": "21",
        "Content-Type": "application/json",
        "traceparent": "00-bfc66d21d1c75fc2ab9b44ba2ad17d3d-be069b2d07664383-00",
        "User-Agent": "azsdk-net-ResourceManager/1.4.0 (.NET 7.0.3; Microsoft Windows 10.0.19045)",
        "x-ms-client-request-id": "d60d2d3001a3a396510b349e8fe9674d",
        "x-ms-return-client-request-id": "true"
      },
      "RequestBody": {
        "location": "eastus"
      },
      "StatusCode": 201,
      "ResponseHeaders": {
        "Cache-Control": "no-cache",
        "Content-Length": "235",
        "Content-Type": "application/json; charset=utf-8",
        "Date": "Thu, 09 Mar 2023 10:53:17 GMT",
        "Expires": "-1",
        "Pragma": "no-cache",
        "Strict-Transport-Security": "max-age=31536000; includeSubDomains",
        "X-Content-Type-Options": "nosniff",
        "x-ms-correlation-request-id": "662e5112-868d-49a6-915e-9613bfea4739",
        "x-ms-ratelimit-remaining-subscription-writes": "1195",
        "x-ms-request-id": "662e5112-868d-49a6-915e-9613bfea4739",
        "x-ms-routing-request-id": "EASTUS2EUAP:20230309T105318Z:662e5112-868d-49a6-915e-9613bfea4739"
      },
      "ResponseBody": {
        "id": "/subscriptions/eee2cef4-bc47-4278-b4f8-cfc65f25dfd8/resourceGroups/Maintenance-RG-1663",
        "name": "Maintenance-RG-1663",
        "type": "Microsoft.Resources/resourceGroups",
        "location": "eastus",
        "properties": {
          "provisioningState": "Succeeded"
        }
      }
    },
    {
      "RequestUri": "https://management.azure.com/subscriptions/eee2cef4-bc47-4278-b4f8-cfc65f25dfd8/resourcegroups/Maintenance-RG-1663/providers/Microsoft.Maintenance/maintenanceConfigurations/maintenance-config-3859?api-version=2023-04-01",
      "RequestMethod": "PUT",
      "RequestHeaders": {
        "Accept": "application/json",
        "Authorization": "Sanitized",
        "Content-Length": "303",
        "Content-Type": "application/json",
        "traceparent": "00-c63cb9c22fd096aa70adc4cafa80a474-c60738ff7af57971-00",
        "User-Agent": "azsdk-net-ResourceManager.Maintenance/1.2.0-alpha.20230309.1 (.NET 7.0.3; Microsoft Windows 10.0.19045)",
        "x-ms-client-request-id": "4e3713037dbb3a8057a95bc6a5156fe2",
        "x-ms-return-client-request-id": "true"
      },
      "RequestBody": {
        "tags": {},
        "location": "eastus",
        "properties": {
          "namespace": "Microsoft.Maintenance",
          "maintenanceScope": "Host",
          "visibility": "Custom",
          "maintenanceWindow": {
            "startDateTime": "2023-12-31 12:00",
            "expirationDateTime": "9999-12-31 12:00",
            "duration": "05:00:00",
            "timeZone": "Pacific Standard Time",
            "recurEvery": "Day"
          }
        }
      },
      "StatusCode": 200,
      "ResponseHeaders": {
        "Cache-Control": "no-cache",
        "Content-Length": "750",
        "Content-Type": "application/json; charset=utf-8",
        "Date": "Thu, 09 Mar 2023 10:53:18 GMT",
        "Expires": "-1",
        "Pragma": "no-cache",
        "Strict-Transport-Security": "max-age=31536000; includeSubDomains",
        "X-Content-Type-Options": "nosniff",
        "x-ms-correlation-request-id": "65f6a2af-bd2e-45f0-b3ce-e989673d6855",
        "x-ms-ratelimit-remaining-subscription-writes": "1194",
        "x-ms-request-id": "65f6a2af-bd2e-45f0-b3ce-e989673d6855",
        "x-ms-routing-request-id": "EASTUS2EUAP:20230309T105319Z:65f6a2af-bd2e-45f0-b3ce-e989673d6855"
      },
      "ResponseBody": {
        "location": "eastus",
        "tags": {},
        "properties": {
          "namespace": "Microsoft.Maintenance",
          "extensionProperties": {},
          "maintenanceScope": "Host",
          "maintenanceWindow": {
            "startDateTime": "2023-12-31 12:00",
            "expirationDateTime": "9999-12-31 12:00",
            "duration": "05:00",
            "timeZone": "Pacific Standard Time",
            "recurEvery": "Day"
          },
          "visibility": "Custom",
          "configurationType": "Regular"
        },
        "id": "/subscriptions/eee2cef4-bc47-4278-b4f8-cfc65f25dfd8/resourcegroups/Maintenance-RG-1663/providers/Microsoft.Maintenance/maintenanceConfigurations/maintenance-config-3859",
        "name": "maintenance-config-3859",
        "type": "Microsoft.Maintenance/maintenanceConfigurations"
      }
    },
    {
      "RequestUri": "https://management.azure.com/subscriptions/eee2cef4-bc47-4278-b4f8-cfc65f25dfd8/resourcegroups/Maintenance-RG-1663/providers/Microsoft.Maintenance/maintenanceConfigurations/maintenance-config-3859?api-version=2023-04-01",
      "RequestMethod": "GET",
      "RequestHeaders": {
        "Accept": "application/json",
        "Authorization": "Sanitized",
        "traceparent": "00-6e9f7d5f35bbec0596203b40051a584a-3fcda49d94ce993b-00",
        "User-Agent": "azsdk-net-ResourceManager.Maintenance/1.2.0-alpha.20230309.1 (.NET 7.0.3; Microsoft Windows 10.0.19045)",
        "x-ms-client-request-id": "2932a688a74f8888016f32bf30b6cae4",
        "x-ms-return-client-request-id": "true"
      },
      "RequestBody": null,
      "StatusCode": 200,
      "ResponseHeaders": {
        "Cache-Control": "no-cache",
        "Content-Length": "750",
        "Content-Type": "application/json; charset=utf-8",
        "Date": "Thu, 09 Mar 2023 10:53:19 GMT",
        "Expires": "-1",
        "Pragma": "no-cache",
        "Strict-Transport-Security": "max-age=31536000; includeSubDomains",
        "X-Content-Type-Options": "nosniff",
        "x-ms-correlation-request-id": "5fd2afd3-a4f5-4230-83cb-3e30adb875d3",
        "x-ms-ratelimit-remaining-subscription-reads": "11987",
        "x-ms-request-id": "5fd2afd3-a4f5-4230-83cb-3e30adb875d3",
        "x-ms-routing-request-id": "EASTUS2EUAP:20230309T105319Z:5fd2afd3-a4f5-4230-83cb-3e30adb875d3"
      },
      "ResponseBody": {
        "location": "eastus",
        "tags": {},
        "properties": {
          "namespace": "Microsoft.Maintenance",
          "extensionProperties": {},
          "maintenanceScope": "Host",
          "maintenanceWindow": {
            "startDateTime": "2023-12-31 12:00",
            "expirationDateTime": "9999-12-31 12:00",
            "duration": "05:00",
            "timeZone": "Pacific Standard Time",
            "recurEvery": "Day"
          },
          "visibility": "Custom",
          "configurationType": "Regular"
        },
        "id": "/subscriptions/eee2cef4-bc47-4278-b4f8-cfc65f25dfd8/resourcegroups/maintenance-rg-1663/providers/microsoft.maintenance/maintenanceconfigurations/maintenance-config-3859",
        "name": "maintenance-config-3859",
        "type": "Microsoft.Maintenance/maintenanceConfigurations"
      }
    },
    {
      "RequestUri": "https://management.azure.com/subscriptions/eee2cef4-bc47-4278-b4f8-cfc65f25dfd8/resourcegroups/Maintenance-RG-1663?api-version=**",
      "RequestMethod": "DELETE",
      "RequestHeaders": {
        "Accept": "application/json",
        "Authorization": "Sanitized",
        "traceparent": "00-8f57cd082343ceeb037b8fac74e7ab22-be64dd9a939c8a84-00",
        "User-Agent": "azsdk-net-ResourceManager/1.4.0 (.NET 7.0.3; Microsoft Windows 10.0.19045)",
        "x-ms-client-request-id": "d11a1735ea81b0748d9b4c573addacf5",
        "x-ms-return-client-request-id": "true"
      },
      "RequestBody": null,
      "StatusCode": 202,
      "ResponseHeaders": {
        "Cache-Control": "no-cache",
        "Content-Length": "0",
        "Date": "Thu, 09 Mar 2023 10:53:19 GMT",
        "Expires": "-1",
        "Location": "https://management.azure.com/subscriptions/eee2cef4-bc47-4278-b4f8-cfc65f25dfd8/operationresults/eyJqb2JJZCI6IlJFU09VUkNFR1JPVVBERUxFVElPTkpPQi1NQUlOVEVOQU5DRToyRFJHOjJEMTY2My1FQVNUVVMiLCJqb2JMb2NhdGlvbiI6ImVhc3R1cyJ9?api-version=2022-09-01",
        "Pragma": "no-cache",
        "Retry-After": "15",
        "Strict-Transport-Security": "max-age=31536000; includeSubDomains",
        "X-Content-Type-Options": "nosniff",
        "x-ms-correlation-request-id": "4b8a437c-7b20-43d0-bb1a-70eac9bb58f1",
        "x-ms-ratelimit-remaining-subscription-deletes": "14996",
        "x-ms-request-id": "4b8a437c-7b20-43d0-bb1a-70eac9bb58f1",
        "x-ms-routing-request-id": "EASTUS2EUAP:20230309T105320Z:4b8a437c-7b20-43d0-bb1a-70eac9bb58f1"
      },
      "ResponseBody": null
    },
    {
      "RequestUri": "https://management.azure.com/subscriptions/eee2cef4-bc47-4278-b4f8-cfc65f25dfd8/operationresults/eyJqb2JJZCI6IlJFU09VUkNFR1JPVVBERUxFVElPTkpPQi1NQUlOVEVOQU5DRToyRFJHOjJEMTY2My1FQVNUVVMiLCJqb2JMb2NhdGlvbiI6ImVhc3R1cyJ9?api-version=**",
      "RequestMethod": "GET",
      "RequestHeaders": {
        "Authorization": "Sanitized",
        "traceparent": "00-8f57cd082343ceeb037b8fac74e7ab22-0e62dc21b980c9bc-00",
        "User-Agent": "azsdk-net-ResourceManager/1.4.0 (.NET 7.0.3; Microsoft Windows 10.0.19045)",
        "x-ms-client-request-id": "8e9077de9efa9e6031829cb35b314d24",
        "x-ms-return-client-request-id": "true"
      },
      "RequestBody": null,
      "StatusCode": 202,
      "ResponseHeaders": {
        "Cache-Control": "no-cache",
        "Content-Length": "0",
        "Date": "Thu, 09 Mar 2023 10:53:19 GMT",
        "Expires": "-1",
        "Location": "https://management.azure.com/subscriptions/eee2cef4-bc47-4278-b4f8-cfc65f25dfd8/operationresults/eyJqb2JJZCI6IlJFU09VUkNFR1JPVVBERUxFVElPTkpPQi1NQUlOVEVOQU5DRToyRFJHOjJEMTY2My1FQVNUVVMiLCJqb2JMb2NhdGlvbiI6ImVhc3R1cyJ9?api-version=2022-09-01",
        "Pragma": "no-cache",
        "Retry-After": "15",
        "Strict-Transport-Security": "max-age=31536000; includeSubDomains",
        "X-Content-Type-Options": "nosniff",
        "x-ms-correlation-request-id": "2d2bf7d0-1669-41fc-b464-06c3a86449f5",
        "x-ms-ratelimit-remaining-subscription-reads": "11986",
        "x-ms-request-id": "2d2bf7d0-1669-41fc-b464-06c3a86449f5",
        "x-ms-routing-request-id": "EASTUS2EUAP:20230309T105320Z:2d2bf7d0-1669-41fc-b464-06c3a86449f5"
      },
      "ResponseBody": null
    },
    {
      "RequestUri": "https://management.azure.com/subscriptions/eee2cef4-bc47-4278-b4f8-cfc65f25dfd8/operationresults/eyJqb2JJZCI6IlJFU09VUkNFR1JPVVBERUxFVElPTkpPQi1NQUlOVEVOQU5DRToyRFJHOjJEMTY2My1FQVNUVVMiLCJqb2JMb2NhdGlvbiI6ImVhc3R1cyJ9?api-version=**",
      "RequestMethod": "GET",
      "RequestHeaders": {
        "Authorization": "Sanitized",
        "traceparent": "00-8f57cd082343ceeb037b8fac74e7ab22-2afd6b4b6665d026-00",
        "User-Agent": "azsdk-net-ResourceManager/1.4.0 (.NET 7.0.3; Microsoft Windows 10.0.19045)",
        "x-ms-client-request-id": "73fa3cc388af11ae52bf46d29d2865cc",
        "x-ms-return-client-request-id": "true"
      },
      "RequestBody": null,
      "StatusCode": 202,
      "ResponseHeaders": {
        "Cache-Control": "no-cache",
        "Content-Length": "0",
        "Date": "Thu, 09 Mar 2023 10:53:35 GMT",
        "Expires": "-1",
        "Location": "https://management.azure.com/subscriptions/eee2cef4-bc47-4278-b4f8-cfc65f25dfd8/operationresults/eyJqb2JJZCI6IlJFU09VUkNFR1JPVVBERUxFVElPTkpPQi1NQUlOVEVOQU5DRToyRFJHOjJEMTY2My1FQVNUVVMiLCJqb2JMb2NhdGlvbiI6ImVhc3R1cyJ9?api-version=2022-09-01",
        "Pragma": "no-cache",
        "Retry-After": "15",
        "Strict-Transport-Security": "max-age=31536000; includeSubDomains",
        "X-Content-Type-Options": "nosniff",
        "x-ms-correlation-request-id": "ee0271e1-ff5d-4f68-b6a5-9d3b739ed457",
        "x-ms-ratelimit-remaining-subscription-reads": "11985",
        "x-ms-request-id": "ee0271e1-ff5d-4f68-b6a5-9d3b739ed457",
        "x-ms-routing-request-id": "EASTUS2EUAP:20230309T105335Z:ee0271e1-ff5d-4f68-b6a5-9d3b739ed457"
      },
      "ResponseBody": null
    },
    {
      "RequestUri": "https://management.azure.com/subscriptions/eee2cef4-bc47-4278-b4f8-cfc65f25dfd8/operationresults/eyJqb2JJZCI6IlJFU09VUkNFR1JPVVBERUxFVElPTkpPQi1NQUlOVEVOQU5DRToyRFJHOjJEMTY2My1FQVNUVVMiLCJqb2JMb2NhdGlvbiI6ImVhc3R1cyJ9?api-version=**",
      "RequestMethod": "GET",
      "RequestHeaders": {
        "Authorization": "Sanitized",
        "traceparent": "00-8f57cd082343ceeb037b8fac74e7ab22-463e1ec1dde30c87-00",
        "User-Agent": "azsdk-net-ResourceManager/1.4.0 (.NET 7.0.3; Microsoft Windows 10.0.19045)",
        "x-ms-client-request-id": "c378ab911e4c25fb5b6810b387110059",
        "x-ms-return-client-request-id": "true"
      },
      "RequestBody": null,
      "StatusCode": 202,
      "ResponseHeaders": {
        "Cache-Control": "no-cache",
        "Content-Length": "0",
        "Date": "Thu, 09 Mar 2023 10:53:51 GMT",
        "Expires": "-1",
        "Location": "https://management.azure.com/subscriptions/eee2cef4-bc47-4278-b4f8-cfc65f25dfd8/operationresults/eyJqb2JJZCI6IlJFU09VUkNFR1JPVVBERUxFVElPTkpPQi1NQUlOVEVOQU5DRToyRFJHOjJEMTY2My1FQVNUVVMiLCJqb2JMb2NhdGlvbiI6ImVhc3R1cyJ9?api-version=2022-09-01",
        "Pragma": "no-cache",
        "Retry-After": "15",
        "Strict-Transport-Security": "max-age=31536000; includeSubDomains",
        "X-Content-Type-Options": "nosniff",
        "x-ms-correlation-request-id": "5ab928ea-e841-4621-afd3-220f08ae4cd4",
        "x-ms-ratelimit-remaining-subscription-reads": "11984",
        "x-ms-request-id": "5ab928ea-e841-4621-afd3-220f08ae4cd4",
        "x-ms-routing-request-id": "EASTUS2EUAP:20230309T105351Z:5ab928ea-e841-4621-afd3-220f08ae4cd4"
      },
      "ResponseBody": null
    },
    {
      "RequestUri": "https://management.azure.com/subscriptions/eee2cef4-bc47-4278-b4f8-cfc65f25dfd8/operationresults/eyJqb2JJZCI6IlJFU09VUkNFR1JPVVBERUxFVElPTkpPQi1NQUlOVEVOQU5DRToyRFJHOjJEMTY2My1FQVNUVVMiLCJqb2JMb2NhdGlvbiI6ImVhc3R1cyJ9?api-version=**",
      "RequestMethod": "GET",
      "RequestHeaders": {
        "Authorization": "Sanitized",
        "traceparent": "00-8f57cd082343ceeb037b8fac74e7ab22-c64f0df569a9f6ff-00",
        "User-Agent": "azsdk-net-ResourceManager/1.4.0 (.NET 7.0.3; Microsoft Windows 10.0.19045)",
        "x-ms-client-request-id": "0e88286196c656f1c87e3b3b588e0009",
        "x-ms-return-client-request-id": "true"
      },
      "RequestBody": null,
      "StatusCode": 202,
      "ResponseHeaders": {
        "Cache-Control": "no-cache",
        "Content-Length": "0",
        "Date": "Thu, 09 Mar 2023 10:54:05 GMT",
        "Expires": "-1",
        "Location": "https://management.azure.com/subscriptions/eee2cef4-bc47-4278-b4f8-cfc65f25dfd8/operationresults/eyJqb2JJZCI6IlJFU09VUkNFR1JPVVBERUxFVElPTkpPQi1NQUlOVEVOQU5DRToyRFJHOjJEMTY2My1FQVNUVVMiLCJqb2JMb2NhdGlvbiI6ImVhc3R1cyJ9?api-version=2022-09-01",
        "Pragma": "no-cache",
        "Retry-After": "15",
        "Strict-Transport-Security": "max-age=31536000; includeSubDomains",
        "X-Content-Type-Options": "nosniff",
        "x-ms-correlation-request-id": "c3244876-9dea-47cc-b059-883ed3fa2062",
        "x-ms-ratelimit-remaining-subscription-reads": "11983",
        "x-ms-request-id": "c3244876-9dea-47cc-b059-883ed3fa2062",
        "x-ms-routing-request-id": "EASTUS2EUAP:20230309T105406Z:c3244876-9dea-47cc-b059-883ed3fa2062"
      },
      "ResponseBody": null
    },
    {
      "RequestUri": "https://management.azure.com/subscriptions/eee2cef4-bc47-4278-b4f8-cfc65f25dfd8/operationresults/eyJqb2JJZCI6IlJFU09VUkNFR1JPVVBERUxFVElPTkpPQi1NQUlOVEVOQU5DRToyRFJHOjJEMTY2My1FQVNUVVMiLCJqb2JMb2NhdGlvbiI6ImVhc3R1cyJ9?api-version=**",
      "RequestMethod": "GET",
      "RequestHeaders": {
        "Authorization": "Sanitized",
        "traceparent": "00-8f57cd082343ceeb037b8fac74e7ab22-84ed5f94e10fe1a4-00",
        "User-Agent": "azsdk-net-ResourceManager/1.4.0 (.NET 7.0.3; Microsoft Windows 10.0.19045)",
        "x-ms-client-request-id": "af22d01d8ab8a5d740d5184677fb8a40",
        "x-ms-return-client-request-id": "true"
      },
      "RequestBody": null,
      "StatusCode": 202,
      "ResponseHeaders": {
        "Cache-Control": "no-cache",
        "Content-Length": "0",
        "Date": "Thu, 09 Mar 2023 10:54:21 GMT",
        "Expires": "-1",
        "Location": "https://management.azure.com/subscriptions/eee2cef4-bc47-4278-b4f8-cfc65f25dfd8/operationresults/eyJqb2JJZCI6IlJFU09VUkNFR1JPVVBERUxFVElPTkpPQi1NQUlOVEVOQU5DRToyRFJHOjJEMTY2My1FQVNUVVMiLCJqb2JMb2NhdGlvbiI6ImVhc3R1cyJ9?api-version=2022-09-01",
        "Pragma": "no-cache",
        "Retry-After": "15",
        "Strict-Transport-Security": "max-age=31536000; includeSubDomains",
        "X-Content-Type-Options": "nosniff",
        "x-ms-correlation-request-id": "15ffe28b-b7be-44e6-9245-cc193020014d",
        "x-ms-ratelimit-remaining-subscription-reads": "11982",
        "x-ms-request-id": "15ffe28b-b7be-44e6-9245-cc193020014d",
        "x-ms-routing-request-id": "EASTUS2EUAP:20230309T105421Z:15ffe28b-b7be-44e6-9245-cc193020014d"
      },
      "ResponseBody": null
    },
    {
      "RequestUri": "https://management.azure.com/subscriptions/eee2cef4-bc47-4278-b4f8-cfc65f25dfd8/operationresults/eyJqb2JJZCI6IlJFU09VUkNFR1JPVVBERUxFVElPTkpPQi1NQUlOVEVOQU5DRToyRFJHOjJEMTY2My1FQVNUVVMiLCJqb2JMb2NhdGlvbiI6ImVhc3R1cyJ9?api-version=**",
      "RequestMethod": "GET",
      "RequestHeaders": {
        "Authorization": "Sanitized",
        "traceparent": "00-8f57cd082343ceeb037b8fac74e7ab22-2801e26ef11bcc85-00",
        "User-Agent": "azsdk-net-ResourceManager/1.4.0 (.NET 7.0.3; Microsoft Windows 10.0.19045)",
        "x-ms-client-request-id": "7571edbe56a0fa05ba22facee2c0cdcc",
        "x-ms-return-client-request-id": "true"
      },
      "RequestBody": null,
      "StatusCode": 200,
      "ResponseHeaders": {
        "Cache-Control": "no-cache",
        "Content-Length": "0",
        "Date": "Thu, 09 Mar 2023 10:54:36 GMT",
        "Expires": "-1",
        "Pragma": "no-cache",
        "Strict-Transport-Security": "max-age=31536000; includeSubDomains",
        "X-Content-Type-Options": "nosniff",
        "x-ms-correlation-request-id": "7ac5f9e1-acd2-40f5-9f67-759dbcf66227",
        "x-ms-ratelimit-remaining-subscription-reads": "11981",
        "x-ms-request-id": "7ac5f9e1-acd2-40f5-9f67-759dbcf66227",
        "x-ms-routing-request-id": "EASTUS2EUAP:20230309T105436Z:7ac5f9e1-acd2-40f5-9f67-759dbcf66227"
      },
      "ResponseBody": null
    }
  ],
  "Variables": {
    "AZURE_AUTHORITY_HOST": "https://login.microsoftonline.com",
    "RandomSeed": "1525761790",
    "RESOURCE_MANAGER_URL": null,
    "SUBSCRIPTION_ID": "eee2cef4-bc47-4278-b4f8-cfc65f25dfd8"
  }
}
