{
  "Entries": [
    {
      "RequestUri": "/subscriptions/a6383be3-f0e8-4968-93d5-10f2625f5bb5/resourcegroups/mms-eus/providers/Microsoft.OperationalInsights/workspaces/TestLinkWS/linkedServices/Automation?api-version=2015-11-01-preview",
      "EncodedRequestUri": "L3N1YnNjcmlwdGlvbnMvYTYzODNiZTMtZjBlOC00OTY4LTkzZDUtMTBmMjYyNWY1YmI1L3Jlc291cmNlZ3JvdXBzL21tcy1ldXMvcHJvdmlkZXJzL01pY3Jvc29mdC5PcGVyYXRpb25hbEluc2lnaHRzL3dvcmtzcGFjZXMvVGVzdExpbmtXUy9saW5rZWRTZXJ2aWNlcy9BdXRvbWF0aW9uP2FwaS12ZXJzaW9uPTIwMTUtMTEtMDEtcHJldmlldw==",
      "RequestMethod": "PUT",
      "RequestBody": "{\r\n  \"properties\": {\r\n    \"resourceId\": \"/subscriptions/a6383be3-f0e8-4968-93d5-10f2625f5bb5/resourceGroups/mms-eus/providers/Microsoft.Automation/automationAccounts/TestAccount\"\r\n  }\r\n}",
      "RequestHeaders": {
        "Content-Type": [
          "application/json; charset=utf-8"
        ],
        "Content-Length": [
          "186"
        ],
        "x-ms-client-request-id": [
          "1fb29e2e-0a02-4580-9b03-81ff02be7042"
        ],
        "accept-language": [
          "en-US"
        ],
        "User-Agent": [
          "FxVersion/4.6.25211.01",
          "Microsoft.Azure.Management.OperationalInsights.OperationalInsightsManagementClient/0.18.0.0"
        ]
      },
      "ResponseBody": "{\r\n  \"properties\": {\r\n    \"resourceId\": \"/subscriptions/a6383be3-f0e8-4968-93d5-10f2625f5bb5/resourceGroups/mms-eus/providers/Microsoft.Automation/automationAccounts/TestAccount\"\r\n  },\r\n  \"id\": \"/subscriptions/a6383be3-f0e8-4968-93d5-10f2625f5bb5/resourcegroups/mms-eus/providers/microsoft.operationalinsights/workspaces/testlinkws/linkedservices/automation\",\r\n  \"name\": \"TestLinkWS/Automation\",\r\n  \"type\": \"Microsoft.OperationalInsights/workspaces/linkedServices\"\r\n}",
      "ResponseHeaders": {
        "Content-Type": [
          "application/json; charset=utf-8"
        ],
        "Expires": [
          "-1"
        ],
        "Cache-Control": [
          "no-cache"
        ],
        "Date": [
          "Mon, 02 Oct 2017 23:22:31 GMT"
        ],
        "Pragma": [
          "no-cache"
        ],
        "Transfer-Encoding": [
          "chunked"
        ],
        "Server": [
          "Microsoft-IIS/8.5",
          "Microsoft-IIS/8.5"
        ],
        "Vary": [
          "Accept-Encoding"
        ],
        "X-AMS-APIVersion": [
          "WebAPI1.0"
        ],
        "CacheControl": [
          "no-cache"
        ],
        "x-ms-request-id": [
          "63df4421-672d-4285-94c7-8e0782f3c983"
        ],
        "Strict-Transport-Security": [
          "max-age=31536000; includeSubDomains"
        ],
        "X-AspNet-Version": [
          "4.0.30319"
        ],
        "X-Powered-By": [
          "ASP.NET",
          "ASP.NET"
        ],
        "X-Content-Type-Options": [
          "nosniff"
        ],
        "x-ms-ratelimit-remaining-subscription-writes": [
          "1196"
        ],
        "x-ms-correlation-request-id": [
          "25ad0812-1159-4390-a22c-36a56e89b8a9"
        ],
        "x-ms-routing-request-id": [
          "WESTUS:20171002T232232Z:25ad0812-1159-4390-a22c-36a56e89b8a9"
        ]
      },
      "StatusCode": 200
    },
    {
      "RequestUri": "/subscriptions/a6383be3-f0e8-4968-93d5-10f2625f5bb5/resourcegroups/mms-eus/providers/Microsoft.OperationalInsights/workspaces/TestLinkWS/linkedServices/Automation?api-version=2015-11-01-preview",
      "EncodedRequestUri": "L3N1YnNjcmlwdGlvbnMvYTYzODNiZTMtZjBlOC00OTY4LTkzZDUtMTBmMjYyNWY1YmI1L3Jlc291cmNlZ3JvdXBzL21tcy1ldXMvcHJvdmlkZXJzL01pY3Jvc29mdC5PcGVyYXRpb25hbEluc2lnaHRzL3dvcmtzcGFjZXMvVGVzdExpbmtXUy9saW5rZWRTZXJ2aWNlcy9BdXRvbWF0aW9uP2FwaS12ZXJzaW9uPTIwMTUtMTEtMDEtcHJldmlldw==",
      "RequestMethod": "PUT",
      "RequestBody": "{\r\n  \"properties\": {\r\n    \"resourceId\": \"/subscriptions/a6383be3-f0e8-4968-93d5-10f2625f5bb5/resourceGroups/mms-eus/providers/Microsoft.Automation/automationAccounts/TestAccount2\"\r\n  }\r\n}",
      "RequestHeaders": {
        "Content-Type": [
          "application/json; charset=utf-8"
        ],
        "Content-Length": [
          "187"
        ],
        "x-ms-client-request-id": [
          "27708247-3522-4dc6-bce3-8434f6eb3a8d"
        ],
        "accept-language": [
          "en-US"
        ],
        "User-Agent": [
          "FxVersion/4.6.25211.01",
          "Microsoft.Azure.Management.OperationalInsights.OperationalInsightsManagementClient/0.18.0.0"
        ]
      },
      "ResponseBody": "{\r\n  \"properties\": {\r\n    \"resourceId\": \"/subscriptions/a6383be3-f0e8-4968-93d5-10f2625f5bb5/resourceGroups/mms-eus/providers/Microsoft.Automation/automationAccounts/TestAccount2\"\r\n  },\r\n  \"id\": \"/subscriptions/a6383be3-f0e8-4968-93d5-10f2625f5bb5/resourcegroups/mms-eus/providers/microsoft.operationalinsights/workspaces/testlinkws/linkedservices/automation\",\r\n  \"name\": \"TestLinkWS/Automation\",\r\n  \"type\": \"Microsoft.OperationalInsights/workspaces/linkedServices\"\r\n}",
      "ResponseHeaders": {
        "Content-Type": [
          "application/json; charset=utf-8"
        ],
        "Expires": [
          "-1"
        ],
        "Cache-Control": [
          "no-cache"
        ],
        "Date": [
          "Mon, 02 Oct 2017 23:22:33 GMT"
        ],
        "Pragma": [
          "no-cache"
        ],
        "Transfer-Encoding": [
          "chunked"
        ],
        "Server": [
          "Microsoft-IIS/8.5",
          "Microsoft-IIS/8.5"
        ],
        "Vary": [
          "Accept-Encoding"
        ],
        "X-AMS-APIVersion": [
          "WebAPI1.0"
        ],
        "CacheControl": [
          "no-cache"
        ],
        "x-ms-request-id": [
          "90a41a8a-9375-4069-8824-4f56820c0702"
        ],
        "Strict-Transport-Security": [
          "max-age=31536000; includeSubDomains"
        ],
        "X-AspNet-Version": [
          "4.0.30319"
        ],
        "X-Powered-By": [
          "ASP.NET",
          "ASP.NET"
        ],
        "X-Content-Type-Options": [
          "nosniff"
        ],
        "x-ms-ratelimit-remaining-subscription-writes": [
          "1196"
        ],
        "x-ms-correlation-request-id": [
          "f650d195-3ed6-4cd8-bc1a-dd3a1772668a"
        ],
        "x-ms-routing-request-id": [
          "WESTUS:20171002T232233Z:f650d195-3ed6-4cd8-bc1a-dd3a1772668a"
        ]
      },
      "StatusCode": 200
    },
    {
      "RequestUri": "/subscriptions/a6383be3-f0e8-4968-93d5-10f2625f5bb5/resourcegroups/mms-eus/providers/Microsoft.OperationalInsights/workspaces/TestLinkWS/linkedServices/Automation?api-version=2015-11-01-preview",
      "EncodedRequestUri": "L3N1YnNjcmlwdGlvbnMvYTYzODNiZTMtZjBlOC00OTY4LTkzZDUtMTBmMjYyNWY1YmI1L3Jlc291cmNlZ3JvdXBzL21tcy1ldXMvcHJvdmlkZXJzL01pY3Jvc29mdC5PcGVyYXRpb25hbEluc2lnaHRzL3dvcmtzcGFjZXMvVGVzdExpbmtXUy9saW5rZWRTZXJ2aWNlcy9BdXRvbWF0aW9uP2FwaS12ZXJzaW9uPTIwMTUtMTEtMDEtcHJldmlldw==",
      "RequestMethod": "GET",
      "RequestBody": "",
      "RequestHeaders": {
        "x-ms-client-request-id": [
          "47ace9a2-5fb4-49a7-a4da-6e10d138e2aa"
        ],
        "accept-language": [
          "en-US"
        ],
        "User-Agent": [
          "FxVersion/4.6.25211.01",
          "Microsoft.Azure.Management.OperationalInsights.OperationalInsightsManagementClient/0.18.0.0"
        ]
      },
      "ResponseBody": "{\r\n  \"properties\": {\r\n    \"resourceId\": \"/subscriptions/a6383be3-f0e8-4968-93d5-10f2625f5bb5/resourceGroups/mms-eus/providers/Microsoft.Automation/automationAccounts/TestAccount\"\r\n  },\r\n  \"id\": \"/subscriptions/a6383be3-f0e8-4968-93d5-10f2625f5bb5/resourcegroups/mms-eus/providers/microsoft.operationalinsights/workspaces/testlinkws/linkedservices/automation\",\r\n  \"name\": \"TestLinkWS/Automation\",\r\n  \"type\": \"Microsoft.OperationalInsights/workspaces/linkedServices\"\r\n}",
      "ResponseHeaders": {
        "Content-Type": [
          "application/json; charset=utf-8"
        ],
        "Expires": [
          "-1"
        ],
        "Cache-Control": [
          "no-cache"
        ],
        "Connection": [
          "close"
        ],
        "Date": [
          "Mon, 02 Oct 2017 23:22:31 GMT"
        ],
        "Pragma": [
          "no-cache"
        ],
        "Server": [
          "Microsoft-IIS/8.5",
          "Microsoft-IIS/8.5"
        ],
        "Vary": [
          "Accept-Encoding"
        ],
        "X-AMS-APIVersion": [
          "WebAPI1.0"
        ],
        "CacheControl": [
          "no-cache"
        ],
        "x-ms-request-id": [
          "a2ed17d6-ffd3-4bd5-8fcc-141b3974b3c4"
        ],
        "Strict-Transport-Security": [
          "max-age=31536000; includeSubDomains"
        ],
        "X-AspNet-Version": [
          "4.0.30319"
        ],
        "X-Powered-By": [
          "ASP.NET",
          "ASP.NET"
        ],
        "X-Content-Type-Options": [
          "nosniff"
        ],
        "x-ms-ratelimit-remaining-subscription-reads": [
          "14865"
        ],
        "x-ms-correlation-request-id": [
          "3feb745f-a080-4cb5-8f9c-16af50238d48"
        ],
        "x-ms-routing-request-id": [
          "WESTUS:20171002T232232Z:3feb745f-a080-4cb5-8f9c-16af50238d48"
        ]
      },
      "StatusCode": 200
    },
    {
      "RequestUri": "/subscriptions/a6383be3-f0e8-4968-93d5-10f2625f5bb5/resourcegroups/mms-eus/providers/Microsoft.OperationalInsights/workspaces/TestLinkWS/linkedServices?api-version=2015-11-01-preview",
      "EncodedRequestUri": "L3N1YnNjcmlwdGlvbnMvYTYzODNiZTMtZjBlOC00OTY4LTkzZDUtMTBmMjYyNWY1YmI1L3Jlc291cmNlZ3JvdXBzL21tcy1ldXMvcHJvdmlkZXJzL01pY3Jvc29mdC5PcGVyYXRpb25hbEluc2lnaHRzL3dvcmtzcGFjZXMvVGVzdExpbmtXUy9saW5rZWRTZXJ2aWNlcz9hcGktdmVyc2lvbj0yMDE1LTExLTAxLXByZXZpZXc=",
      "RequestMethod": "GET",
      "RequestBody": "",
      "RequestHeaders": {
        "x-ms-client-request-id": [
          "8c2e148d-6f76-49f3-a8a4-ce5b5892aa27"
        ],
        "accept-language": [
          "en-US"
        ],
        "User-Agent": [
          "FxVersion/4.6.25211.01",
          "Microsoft.Azure.Management.OperationalInsights.OperationalInsightsManagementClient/0.18.0.0"
        ]
      },
      "ResponseBody": "{\r\n  \"value\": [\r\n    {\r\n      \"properties\": {\r\n        \"resourceId\": \"/subscriptions/a6383be3-f0e8-4968-93d5-10f2625f5bb5/resourceGroups/mms-eus/providers/Microsoft.Automation/automationAccounts/TestAccount\"\r\n      },\r\n      \"id\": \"/subscriptions/a6383be3-f0e8-4968-93d5-10f2625f5bb5/resourcegroups/mms-eus/providers/microsoft.operationalinsights/workspaces/testlinkws/linkedservices/automation\",\r\n      \"name\": \"TestLinkWS/Automation\",\r\n      \"type\": \"Microsoft.OperationalInsights/workspaces/linkedServices\"\r\n    }\r\n  ]\r\n}",
      "ResponseHeaders": {
        "Content-Type": [
          "application/json; charset=utf-8"
        ],
        "Expires": [
          "-1"
        ],
        "Cache-Control": [
          "no-cache"
        ],
        "Date": [
          "Mon, 02 Oct 2017 23:22:32 GMT"
        ],
        "Pragma": [
          "no-cache"
        ],
        "Transfer-Encoding": [
          "chunked"
        ],
        "Server": [
          "Microsoft-IIS/8.5",
          "Microsoft-IIS/8.5"
        ],
        "Vary": [
          "Accept-Encoding"
        ],
        "X-AMS-APIVersion": [
          "WebAPI1.0"
        ],
        "CacheControl": [
          "no-cache"
        ],
        "x-ms-request-id": [
          "30cbe1bc-1bf9-411c-952d-b8b8383a41bd"
        ],
        "Strict-Transport-Security": [
          "max-age=31536000; includeSubDomains"
        ],
        "X-AspNet-Version": [
          "4.0.30319"
        ],
        "X-Powered-By": [
          "ASP.NET",
          "ASP.NET"
        ],
        "X-Content-Type-Options": [
          "nosniff"
        ],
        "x-ms-ratelimit-remaining-subscription-reads": [
          "14887"
        ],
        "x-ms-correlation-request-id": [
          "bf4de03c-adb0-4387-b256-6459da17b181"
        ],
        "x-ms-routing-request-id": [
          "WESTUS:20171002T232233Z:bf4de03c-adb0-4387-b256-6459da17b181"
        ]
      },
      "StatusCode": 200
    },
    {
      "RequestUri": "/subscriptions/a6383be3-f0e8-4968-93d5-10f2625f5bb5/resourcegroups/mms-eus/providers/Microsoft.OperationalInsights/workspaces/TestLinkWS/linkedServices/Automation?api-version=2015-11-01-preview",
      "EncodedRequestUri": "L3N1YnNjcmlwdGlvbnMvYTYzODNiZTMtZjBlOC00OTY4LTkzZDUtMTBmMjYyNWY1YmI1L3Jlc291cmNlZ3JvdXBzL21tcy1ldXMvcHJvdmlkZXJzL01pY3Jvc29mdC5PcGVyYXRpb25hbEluc2lnaHRzL3dvcmtzcGFjZXMvVGVzdExpbmtXUy9saW5rZWRTZXJ2aWNlcy9BdXRvbWF0aW9uP2FwaS12ZXJzaW9uPTIwMTUtMTEtMDEtcHJldmlldw==",
      "RequestMethod": "DELETE",
      "RequestBody": "",
      "RequestHeaders": {
        "x-ms-client-request-id": [
          "b08c0285-e980-48dc-88f7-ce1484486356"
        ],
        "accept-language": [
          "en-US"
        ],
        "User-Agent": [
          "FxVersion/4.6.25211.01",
          "Microsoft.Azure.Management.OperationalInsights.OperationalInsightsManagementClient/0.18.0.0"
        ]
      },
      "ResponseBody": "",
      "ResponseHeaders": {
        "Content-Length": [
          "0"
        ],
        "Expires": [
          "-1"
        ],
        "Cache-Control": [
          "no-cache"
        ],
        "Date": [
          "Mon, 02 Oct 2017 23:22:34 GMT"
        ],
        "Pragma": [
          "no-cache"
        ],
        "Server": [
          "Microsoft-IIS/8.5",
          "Microsoft-IIS/8.5"
        ],
        "X-AMS-APIVersion": [
          "WebAPI1.0"
        ],
        "CacheControl": [
          "no-cache"
        ],
        "x-ms-request-id": [
          "bed6120e-ccdf-4da2-8aac-2ba818254d8b"
        ],
        "Strict-Transport-Security": [
          "max-age=31536000; includeSubDomains"
        ],
        "X-AspNet-Version": [
          "4.0.30319"
        ],
        "X-Powered-By": [
          "ASP.NET",
          "ASP.NET"
        ],
        "X-Content-Type-Options": [
          "nosniff"
        ],
        "x-ms-ratelimit-remaining-subscription-writes": [
          "1195"
        ],
        "x-ms-correlation-request-id": [
          "e5e42ba6-4413-45d8-916c-b33ac85afa2f"
        ],
        "x-ms-routing-request-id": [
          "WESTUS:20171002T232234Z:e5e42ba6-4413-45d8-916c-b33ac85afa2f"
        ]
      },
      "StatusCode": 200
    }
  ],
  "Names": {},
  "Variables": {
    "SubscriptionId": ""
  }
}