{
  "Entries": [
    {
      "RequestUri": "https://management.azure.com/subscriptions/2c647056-bab2-4175-b172-493ff049eb29/resourcegroups/Sql-RG-368?api-version=2021-04-01",
      "RequestMethod": "GET",
      "RequestHeaders": {
        "Accept": "application/json",
        "Authorization": "Sanitized",
        "traceparent": "00-fdb5f46838d16bb15f1a1171277ee349-5910fc1ed0e3880f-00",
        "User-Agent": "azsdk-net-ResourceManager/1.3.2 (.NET 6.0.12; Microsoft Windows 10.0.22621)",
        "x-ms-client-request-id": "643ce316076629553c10fa72bb653af7",
        "x-ms-return-client-request-id": "true"
      },
      "RequestBody": null,
      "StatusCode": 200,
      "ResponseHeaders": {
        "Cache-Control": "no-cache",
        "Content-Length": "221",
        "Content-Type": "application/json; charset=utf-8",
        "Date": "Thu, 22 Dec 2022 05:39:57 GMT",
        "Expires": "-1",
        "Pragma": "no-cache",
        "Strict-Transport-Security": "max-age=31536000; includeSubDomains",
        "X-Content-Type-Options": "nosniff",
        "x-ms-correlation-request-id": "5b01924d-9edd-4057-a9b1-7ec33f3f9391",
        "x-ms-ratelimit-remaining-subscription-reads": "11998",
        "x-ms-request-id": "5b01924d-9edd-4057-a9b1-7ec33f3f9391",
        "x-ms-routing-request-id": "WESTCENTRALUS:20221222T053958Z:5b01924d-9edd-4057-a9b1-7ec33f3f9391"
      },
      "ResponseBody": {
        "id": "/subscriptions/2c647056-bab2-4175-b172-493ff049eb29/resourceGroups/Sql-RG-368",
        "name": "Sql-RG-368",
        "type": "Microsoft.Resources/resourceGroups",
        "location": "westeurope",
        "properties": {
          "provisioningState": "Succeeded"
        }
      }
    },
    {
      "RequestUri": "https://management.azure.com/subscriptions/2c647056-bab2-4175-b172-493ff049eb29/resourceGroups/Sql-RG-368/providers/Microsoft.Sql/servers/server-atp-test-3188?api-version=2021-02-01-preview",
      "RequestMethod": "PUT",
      "RequestHeaders": {
        "Accept": "application/json",
        "Authorization": "Sanitized",
        "Content-Length": "148",
        "Content-Type": "application/json",
        "traceparent": "00-4105e4a396e5df5d4edbde0f123612ea-5abc70858dd2c1dc-00",
        "User-Agent": "azsdk-net-ResourceManager.Sql/1.2.0-alpha.20221221.1 (.NET 6.0.12; Microsoft Windows 10.0.22621)",
        "x-ms-client-request-id": "0d1cd962a9ba703bdb6ec6c6377a07f2",
        "x-ms-return-client-request-id": "true"
      },
      "RequestBody": {
        "tags": {},
        "location": "westeurope",
        "properties": {
          "administratorLogin": "Admin-server-atp-test-3188",
          "administratorLoginPassword": "HvVJ%paVC@%GBKmi"
        }
      },
      "StatusCode": 202,
      "ResponseHeaders": {
        "Azure-AsyncOperation": "https://management.azure.com/subscriptions/2c647056-bab2-4175-b172-493ff049eb29/resourceGroups/Sql-RG-368/providers/Microsoft.Sql/locations/westeurope/serverAzureAsyncOperation/19ba31fd-401d-410a-8095-8d6075003287?api-version=2021-02-01-preview",
        "Cache-Control": "no-cache",
        "Content-Length": "74",
        "Content-Type": "application/json; charset=utf-8",
        "Date": "Thu, 22 Dec 2022 05:40:01 GMT",
        "Expires": "-1",
        "Location": "https://management.azure.com/subscriptions/2c647056-bab2-4175-b172-493ff049eb29/resourceGroups/Sql-RG-368/providers/Microsoft.Sql/locations/westeurope/serverOperationResults/19ba31fd-401d-410a-8095-8d6075003287?api-version=2021-02-01-preview",
        "Pragma": "no-cache",
        "Retry-After": "1",
        "Server": "Microsoft-HTTPAPI/2.0",
        "Strict-Transport-Security": "max-age=31536000; includeSubDomains",
        "X-Content-Type-Options": "nosniff",
        "x-ms-correlation-request-id": "64835368-2712-4624-b875-747c0bca85f2",
        "x-ms-ratelimit-remaining-subscription-writes": "1198",
        "x-ms-request-id": "19ba31fd-401d-410a-8095-8d6075003287",
        "x-ms-routing-request-id": "WESTCENTRALUS:20221222T054001Z:64835368-2712-4624-b875-747c0bca85f2"
      },
      "ResponseBody": {
        "operation": "UpsertLogicalServer",
        "startTime": "2022-12-22T05:40:01.813Z"
      }
    },
    {
      "RequestUri": "https://management.azure.com/subscriptions/2c647056-bab2-4175-b172-493ff049eb29/resourceGroups/Sql-RG-368/providers/Microsoft.Sql/locations/westeurope/serverAzureAsyncOperation/19ba31fd-401d-410a-8095-8d6075003287?api-version=2021-02-01-preview",
      "RequestMethod": "GET",
      "RequestHeaders": {
        "Authorization": "Sanitized",
        "traceparent": "00-4105e4a396e5df5d4edbde0f123612ea-b516872764ff1f62-00",
        "User-Agent": "azsdk-net-ResourceManager/1.3.2 (.NET 6.0.12; Microsoft Windows 10.0.22621)",
        "x-ms-client-request-id": "55c352640865932828f52be76276d980",
        "x-ms-return-client-request-id": "true"
      },
      "RequestBody": null,
      "StatusCode": 200,
      "ResponseHeaders": {
        "Cache-Control": "no-cache",
        "Content-Length": "108",
        "Content-Type": "application/json; charset=utf-8",
        "Date": "Thu, 22 Dec 2022 05:40:01 GMT",
        "Expires": "-1",
        "Pragma": "no-cache",
        "Retry-After": "1",
        "Server": "Microsoft-HTTPAPI/2.0",
        "Strict-Transport-Security": "max-age=31536000; includeSubDomains",
        "X-Content-Type-Options": "nosniff",
        "x-ms-correlation-request-id": "d352f972-4025-4c72-a90b-4977c9ef7d20",
        "x-ms-ratelimit-remaining-subscription-reads": "11997",
        "x-ms-request-id": "e741b5c8-1df9-4aea-bfb7-fd2304328a26",
        "x-ms-routing-request-id": "WESTCENTRALUS:20221222T054002Z:d352f972-4025-4c72-a90b-4977c9ef7d20"
      },
      "ResponseBody": {
        "name": "19ba31fd-401d-410a-8095-8d6075003287",
        "status": "InProgress",
        "startTime": "2022-12-22T05:40:01.813Z"
      }
    },
    {
      "RequestUri": "https://management.azure.com/subscriptions/2c647056-bab2-4175-b172-493ff049eb29/resourceGroups/Sql-RG-368/providers/Microsoft.Sql/locations/westeurope/serverAzureAsyncOperation/19ba31fd-401d-410a-8095-8d6075003287?api-version=2021-02-01-preview",
      "RequestMethod": "GET",
      "RequestHeaders": {
        "Authorization": "Sanitized",
        "traceparent": "00-4105e4a396e5df5d4edbde0f123612ea-9b3dcebd515ef0f2-00",
        "User-Agent": "azsdk-net-ResourceManager/1.3.2 (.NET 6.0.12; Microsoft Windows 10.0.22621)",
        "x-ms-client-request-id": "6d4ec96af13cdf33e219ac59acd9fa38",
        "x-ms-return-client-request-id": "true"
      },
      "RequestBody": null,
      "StatusCode": 200,
      "ResponseHeaders": {
        "Cache-Control": "no-cache",
        "Content-Length": "108",
        "Content-Type": "application/json; charset=utf-8",
        "Date": "Thu, 22 Dec 2022 05:40:02 GMT",
        "Expires": "-1",
        "Pragma": "no-cache",
        "Retry-After": "1",
        "Server": "Microsoft-HTTPAPI/2.0",
        "Strict-Transport-Security": "max-age=31536000; includeSubDomains",
        "X-Content-Type-Options": "nosniff",
        "x-ms-correlation-request-id": "24ced369-e12c-4320-b844-f185ae5f9606",
        "x-ms-ratelimit-remaining-subscription-reads": "11996",
        "x-ms-request-id": "f2cb0bb9-1ed5-43bd-9b2b-68dc089d7dcd",
        "x-ms-routing-request-id": "WESTCENTRALUS:20221222T054003Z:24ced369-e12c-4320-b844-f185ae5f9606"
      },
      "ResponseBody": {
        "name": "19ba31fd-401d-410a-8095-8d6075003287",
        "status": "InProgress",
        "startTime": "2022-12-22T05:40:01.813Z"
      }
    },
    {
      "RequestUri": "https://management.azure.com/subscriptions/2c647056-bab2-4175-b172-493ff049eb29/resourceGroups/Sql-RG-368/providers/Microsoft.Sql/locations/westeurope/serverAzureAsyncOperation/19ba31fd-401d-410a-8095-8d6075003287?api-version=2021-02-01-preview",
      "RequestMethod": "GET",
      "RequestHeaders": {
        "Authorization": "Sanitized",
        "traceparent": "00-4105e4a396e5df5d4edbde0f123612ea-b2d0bd190c2aad64-00",
        "User-Agent": "azsdk-net-ResourceManager/1.3.2 (.NET 6.0.12; Microsoft Windows 10.0.22621)",
        "x-ms-client-request-id": "e5613b0eb2b70e8ca4269573570fa0ea",
        "x-ms-return-client-request-id": "true"
      },
      "RequestBody": null,
      "StatusCode": 200,
      "ResponseHeaders": {
        "Cache-Control": "no-cache",
        "Content-Length": "108",
        "Content-Type": "application/json; charset=utf-8",
        "Date": "Thu, 22 Dec 2022 05:40:04 GMT",
        "Expires": "-1",
        "Pragma": "no-cache",
        "Retry-After": "1",
        "Server": "Microsoft-HTTPAPI/2.0",
        "Strict-Transport-Security": "max-age=31536000; includeSubDomains",
        "X-Content-Type-Options": "nosniff",
        "x-ms-correlation-request-id": "b9943b50-ffdb-47a5-bfbc-88cb593183c5",
        "x-ms-ratelimit-remaining-subscription-reads": "11995",
        "x-ms-request-id": "a52056a6-7c34-4cf4-a4c2-f57ccee306b6",
        "x-ms-routing-request-id": "WESTCENTRALUS:20221222T054004Z:b9943b50-ffdb-47a5-bfbc-88cb593183c5"
      },
      "ResponseBody": {
        "name": "19ba31fd-401d-410a-8095-8d6075003287",
        "status": "InProgress",
        "startTime": "2022-12-22T05:40:01.813Z"
      }
    },
    {
      "RequestUri": "https://management.azure.com/subscriptions/2c647056-bab2-4175-b172-493ff049eb29/resourceGroups/Sql-RG-368/providers/Microsoft.Sql/locations/westeurope/serverAzureAsyncOperation/19ba31fd-401d-410a-8095-8d6075003287?api-version=2021-02-01-preview",
      "RequestMethod": "GET",
      "RequestHeaders": {
        "Authorization": "Sanitized",
        "traceparent": "00-4105e4a396e5df5d4edbde0f123612ea-b9fea0291dd60d0e-00",
        "User-Agent": "azsdk-net-ResourceManager/1.3.2 (.NET 6.0.12; Microsoft Windows 10.0.22621)",
        "x-ms-client-request-id": "acf77c87f254724d1ee3724b5bcfe74e",
        "x-ms-return-client-request-id": "true"
      },
      "RequestBody": null,
      "StatusCode": 200,
      "ResponseHeaders": {
        "Cache-Control": "no-cache",
        "Content-Length": "108",
        "Content-Type": "application/json; charset=utf-8",
        "Date": "Thu, 22 Dec 2022 05:40:05 GMT",
        "Expires": "-1",
        "Pragma": "no-cache",
        "Retry-After": "1",
        "Server": "Microsoft-HTTPAPI/2.0",
        "Strict-Transport-Security": "max-age=31536000; includeSubDomains",
        "X-Content-Type-Options": "nosniff",
        "x-ms-correlation-request-id": "e86dbbd9-a09c-475a-94d7-9dc660c439da",
        "x-ms-ratelimit-remaining-subscription-reads": "11994",
        "x-ms-request-id": "6cd9b5af-3713-4f9b-bc15-7fde3e288b31",
        "x-ms-routing-request-id": "WESTCENTRALUS:20221222T054005Z:e86dbbd9-a09c-475a-94d7-9dc660c439da"
      },
      "ResponseBody": {
        "name": "19ba31fd-401d-410a-8095-8d6075003287",
        "status": "InProgress",
        "startTime": "2022-12-22T05:40:01.813Z"
      }
    },
    {
      "RequestUri": "https://management.azure.com/subscriptions/2c647056-bab2-4175-b172-493ff049eb29/resourceGroups/Sql-RG-368/providers/Microsoft.Sql/locations/westeurope/serverAzureAsyncOperation/19ba31fd-401d-410a-8095-8d6075003287?api-version=2021-02-01-preview",
      "RequestMethod": "GET",
      "RequestHeaders": {
        "Authorization": "Sanitized",
        "traceparent": "00-4105e4a396e5df5d4edbde0f123612ea-b5301260cc86aa7e-00",
        "User-Agent": "azsdk-net-ResourceManager/1.3.2 (.NET 6.0.12; Microsoft Windows 10.0.22621)",
        "x-ms-client-request-id": "26d8f2fbf414b8c93c40c8155cbf87d3",
        "x-ms-return-client-request-id": "true"
      },
      "RequestBody": null,
      "StatusCode": 200,
      "ResponseHeaders": {
        "Cache-Control": "no-cache",
        "Content-Length": "108",
        "Content-Type": "application/json; charset=utf-8",
        "Date": "Thu, 22 Dec 2022 05:40:07 GMT",
        "Expires": "-1",
        "Pragma": "no-cache",
        "Retry-After": "20",
        "Server": "Microsoft-HTTPAPI/2.0",
        "Strict-Transport-Security": "max-age=31536000; includeSubDomains",
        "X-Content-Type-Options": "nosniff",
        "x-ms-correlation-request-id": "c6e9651d-b5c8-4196-ab2e-f53e66564e85",
        "x-ms-ratelimit-remaining-subscription-reads": "11993",
        "x-ms-request-id": "b8c87bd6-3b55-47b5-a7f3-a533e96f59cf",
        "x-ms-routing-request-id": "WESTCENTRALUS:20221222T054007Z:c6e9651d-b5c8-4196-ab2e-f53e66564e85"
      },
      "ResponseBody": {
        "name": "19ba31fd-401d-410a-8095-8d6075003287",
        "status": "InProgress",
        "startTime": "2022-12-22T05:40:01.813Z"
      }
    },
    {
      "RequestUri": "https://management.azure.com/subscriptions/2c647056-bab2-4175-b172-493ff049eb29/resourceGroups/Sql-RG-368/providers/Microsoft.Sql/locations/westeurope/serverAzureAsyncOperation/19ba31fd-401d-410a-8095-8d6075003287?api-version=2021-02-01-preview",
      "RequestMethod": "GET",
      "RequestHeaders": {
        "Authorization": "Sanitized",
        "traceparent": "00-4105e4a396e5df5d4edbde0f123612ea-806fa742b8f839da-00",
        "User-Agent": "azsdk-net-ResourceManager/1.3.2 (.NET 6.0.12; Microsoft Windows 10.0.22621)",
        "x-ms-client-request-id": "2fd1c2794ee21be4eeeec6d33f40b2d5",
        "x-ms-return-client-request-id": "true"
      },
      "RequestBody": null,
      "StatusCode": 200,
      "ResponseHeaders": {
        "Cache-Control": "no-cache",
        "Content-Length": "108",
        "Content-Type": "application/json; charset=utf-8",
        "Date": "Thu, 22 Dec 2022 05:40:27 GMT",
        "Expires": "-1",
        "Pragma": "no-cache",
        "Retry-After": "20",
        "Server": "Microsoft-HTTPAPI/2.0",
        "Strict-Transport-Security": "max-age=31536000; includeSubDomains",
        "X-Content-Type-Options": "nosniff",
        "x-ms-correlation-request-id": "42dd1c54-fdbc-4ca5-8717-4df47b3531c0",
        "x-ms-ratelimit-remaining-subscription-reads": "11992",
        "x-ms-request-id": "4925c052-cf0f-45d8-b849-f6ebed488ad6",
        "x-ms-routing-request-id": "WESTCENTRALUS:20221222T054028Z:42dd1c54-fdbc-4ca5-8717-4df47b3531c0"
      },
      "ResponseBody": {
        "name": "19ba31fd-401d-410a-8095-8d6075003287",
        "status": "InProgress",
        "startTime": "2022-12-22T05:40:01.813Z"
      }
    },
    {
      "RequestUri": "https://management.azure.com/subscriptions/2c647056-bab2-4175-b172-493ff049eb29/resourceGroups/Sql-RG-368/providers/Microsoft.Sql/locations/westeurope/serverAzureAsyncOperation/19ba31fd-401d-410a-8095-8d6075003287?api-version=2021-02-01-preview",
      "RequestMethod": "GET",
      "RequestHeaders": {
        "Authorization": "Sanitized",
        "traceparent": "00-4105e4a396e5df5d4edbde0f123612ea-f7e1bef47448f436-00",
        "User-Agent": "azsdk-net-ResourceManager/1.3.2 (.NET 6.0.12; Microsoft Windows 10.0.22621)",
        "x-ms-client-request-id": "6478463f793792d5b33e6f132a37155e",
        "x-ms-return-client-request-id": "true"
      },
      "RequestBody": null,
      "StatusCode": 200,
      "ResponseHeaders": {
        "Cache-Control": "no-cache",
        "Content-Length": "108",
        "Content-Type": "application/json; charset=utf-8",
        "Date": "Thu, 22 Dec 2022 05:40:47 GMT",
        "Expires": "-1",
        "Pragma": "no-cache",
        "Retry-After": "20",
        "Server": "Microsoft-HTTPAPI/2.0",
        "Strict-Transport-Security": "max-age=31536000; includeSubDomains",
        "X-Content-Type-Options": "nosniff",
        "x-ms-correlation-request-id": "0734a0cd-4924-4fd8-a7b6-a3d230f75da5",
        "x-ms-ratelimit-remaining-subscription-reads": "11991",
        "x-ms-request-id": "27f200ec-f76f-4fdb-ab3d-cd300eb028cb",
        "x-ms-routing-request-id": "WESTCENTRALUS:20221222T054048Z:0734a0cd-4924-4fd8-a7b6-a3d230f75da5"
      },
      "ResponseBody": {
        "name": "19ba31fd-401d-410a-8095-8d6075003287",
        "status": "InProgress",
        "startTime": "2022-12-22T05:40:01.813Z"
      }
    },
    {
      "RequestUri": "https://management.azure.com/subscriptions/2c647056-bab2-4175-b172-493ff049eb29/resourceGroups/Sql-RG-368/providers/Microsoft.Sql/locations/westeurope/serverAzureAsyncOperation/19ba31fd-401d-410a-8095-8d6075003287?api-version=2021-02-01-preview",
      "RequestMethod": "GET",
      "RequestHeaders": {
        "Authorization": "Sanitized",
        "traceparent": "00-4105e4a396e5df5d4edbde0f123612ea-731b4d1e9f79869b-00",
        "User-Agent": "azsdk-net-ResourceManager/1.3.2 (.NET 6.0.12; Microsoft Windows 10.0.22621)",
        "x-ms-client-request-id": "99d29f5bb7fdac6c0dbd38252ef579fc",
        "x-ms-return-client-request-id": "true"
      },
      "RequestBody": null,
      "StatusCode": 200,
      "ResponseHeaders": {
        "Cache-Control": "no-cache",
        "Content-Length": "107",
        "Content-Type": "application/json; charset=utf-8",
        "Date": "Thu, 22 Dec 2022 05:41:07 GMT",
        "Expires": "-1",
        "Pragma": "no-cache",
        "Retry-After": "15",
        "Server": "Microsoft-HTTPAPI/2.0",
        "Strict-Transport-Security": "max-age=31536000; includeSubDomains",
        "X-Content-Type-Options": "nosniff",
        "x-ms-correlation-request-id": "48e3e1b5-8486-4381-9afa-c5ef07392607",
        "x-ms-ratelimit-remaining-subscription-reads": "11990",
        "x-ms-request-id": "aaa9b037-07fa-4fa8-b40c-cfee81f97ab8",
        "x-ms-routing-request-id": "WESTCENTRALUS:20221222T054108Z:48e3e1b5-8486-4381-9afa-c5ef07392607"
      },
      "ResponseBody": {
        "name": "19ba31fd-401d-410a-8095-8d6075003287",
        "status": "Succeeded",
        "startTime": "2022-12-22T05:40:01.813Z"
      }
    },
    {
      "RequestUri": "https://management.azure.com/subscriptions/2c647056-bab2-4175-b172-493ff049eb29/resourceGroups/Sql-RG-368/providers/Microsoft.Sql/servers/server-atp-test-3188?api-version=2021-02-01-preview",
      "RequestMethod": "GET",
      "RequestHeaders": {
        "Authorization": "Sanitized",
        "traceparent": "00-4105e4a396e5df5d4edbde0f123612ea-0cd97af59a29b418-00",
        "User-Agent": "azsdk-net-ResourceManager/1.3.2 (.NET 6.0.12; Microsoft Windows 10.0.22621)",
        "x-ms-client-request-id": "16d5f28e2247ff9cec3e7ca3ded1f0b6",
        "x-ms-return-client-request-id": "true"
      },
      "RequestBody": null,
      "StatusCode": 200,
      "ResponseHeaders": {
        "Cache-Control": "no-cache",
        "Content-Length": "525",
        "Content-Type": "application/json; charset=utf-8",
        "Date": "Thu, 22 Dec 2022 05:41:07 GMT",
        "Expires": "-1",
        "Pragma": "no-cache",
        "Server": "Microsoft-HTTPAPI/2.0",
        "Strict-Transport-Security": "max-age=31536000; includeSubDomains",
        "X-Content-Type-Options": "nosniff",
        "x-ms-correlation-request-id": "5cb50768-bf52-4c7d-b581-6b1ecb891b7d",
        "x-ms-ratelimit-remaining-subscription-reads": "11989",
        "x-ms-request-id": "e6cd71c9-3836-4748-91d4-e1e6a7f3c733",
        "x-ms-routing-request-id": "WESTCENTRALUS:20221222T054108Z:5cb50768-bf52-4c7d-b581-6b1ecb891b7d"
      },
      "ResponseBody": {
        "kind": "v12.0",
        "properties": {
          "administratorLogin": "Admin-server-atp-test-3188",
          "version": "12.0",
          "state": "Ready",
          "fullyQualifiedDomainName": "server-atp-test-3188.database.windows.net",
          "privateEndpointConnections": [],
          "publicNetworkAccess": "Enabled",
          "restrictOutboundNetworkAccess": "Disabled"
        },
        "location": "westeurope",
        "tags": {},
        "id": "/subscriptions/2c647056-bab2-4175-b172-493ff049eb29/resourceGroups/Sql-RG-368/providers/Microsoft.Sql/servers/server-atp-test-3188",
        "name": "server-atp-test-3188",
        "type": "Microsoft.Sql/servers"
      }
    },
    {
      "RequestUri": "https://management.azure.com/subscriptions/2c647056-bab2-4175-b172-493ff049eb29/resourceGroups/Sql-RG-368/providers/Microsoft.Sql/servers/server-atp-test-3188/databases/db-atp-test-4488?api-version=2022-05-01-preview",
      "RequestMethod": "PUT",
      "RequestHeaders": {
        "Accept": "application/json",
        "Authorization": "Sanitized",
        "Content-Length": "51",
        "Content-Type": "application/json",
        "traceparent": "00-e6b3fdd77d781726d9dfdc3fa06f1326-d84449a6a4b9f8c8-00",
        "User-Agent": "azsdk-net-ResourceManager.Sql/1.2.0-alpha.20221221.1 (.NET 6.0.12; Microsoft Windows 10.0.22621)",
        "x-ms-client-request-id": "a07767d8196e88d8dacb567941af64bd",
        "x-ms-return-client-request-id": "true"
      },
      "RequestBody": {
        "tags": {},
        "location": "westeurope",
        "properties": {}
      },
      "StatusCode": 202,
      "ResponseHeaders": {
        "Azure-AsyncOperation": "https://management.azure.com/subscriptions/2c647056-bab2-4175-b172-493ff049eb29/resourceGroups/Sql-RG-368/providers/Microsoft.Sql/locations/westeurope/databaseAzureAsyncOperation/af44cf5d-72fe-40bc-ae9b-708f03e11dd6?api-version=2022-05-01-preview",
        "Cache-Control": "no-cache",
        "Content-Length": "76",
        "Content-Type": "application/json; charset=utf-8",
        "Date": "Thu, 22 Dec 2022 05:41:09 GMT",
        "Expires": "-1",
        "Location": "https://management.azure.com/subscriptions/2c647056-bab2-4175-b172-493ff049eb29/resourceGroups/Sql-RG-368/providers/Microsoft.Sql/locations/westeurope/databaseOperationResults/af44cf5d-72fe-40bc-ae9b-708f03e11dd6?api-version=2022-05-01-preview",
        "Pragma": "no-cache",
        "Retry-After": "15",
        "Server": "Microsoft-HTTPAPI/2.0",
        "Strict-Transport-Security": "max-age=31536000; includeSubDomains",
        "X-Content-Type-Options": "nosniff",
        "x-ms-correlation-request-id": "82ef26d1-00ec-4250-a00c-67fdfc8c20ef",
        "x-ms-ratelimit-remaining-subscription-writes": "1197",
        "x-ms-request-id": "af44cf5d-72fe-40bc-ae9b-708f03e11dd6",
        "x-ms-routing-request-id": "WESTCENTRALUS:20221222T054110Z:82ef26d1-00ec-4250-a00c-67fdfc8c20ef"
      },
      "ResponseBody": {
        "operation": "CreateLogicalDatabase",
        "startTime": "2022-12-22T05:41:10.423Z"
      }
    },
    {
      "RequestUri": "https://management.azure.com/subscriptions/2c647056-bab2-4175-b172-493ff049eb29/resourceGroups/Sql-RG-368/providers/Microsoft.Sql/locations/westeurope/databaseAzureAsyncOperation/af44cf5d-72fe-40bc-ae9b-708f03e11dd6?api-version=2022-05-01-preview",
      "RequestMethod": "GET",
      "RequestHeaders": {
        "Authorization": "Sanitized",
        "traceparent": "00-e6b3fdd77d781726d9dfdc3fa06f1326-87c9faf2ea7c5dc9-00",
        "User-Agent": "azsdk-net-ResourceManager/1.3.2 (.NET 6.0.12; Microsoft Windows 10.0.22621)",
        "x-ms-client-request-id": "c64d82ccd97e748d194d3c7ccb22be3d",
        "x-ms-return-client-request-id": "true"
      },
      "RequestBody": null,
      "StatusCode": 200,
      "ResponseHeaders": {
        "Cache-Control": "no-cache",
        "Content-Length": "108",
        "Content-Type": "application/json; charset=utf-8",
        "Date": "Thu, 22 Dec 2022 05:41:09 GMT",
        "Expires": "-1",
        "Pragma": "no-cache",
        "Retry-After": "15",
        "Server": "Microsoft-HTTPAPI/2.0",
        "Strict-Transport-Security": "max-age=31536000; includeSubDomains",
        "X-Content-Type-Options": "nosniff",
        "x-ms-correlation-request-id": "6596d5c0-9f59-4ee1-9916-45a2234f8a3b",
        "x-ms-ratelimit-remaining-subscription-reads": "11988",
        "x-ms-request-id": "2547877e-a144-4911-bec0-b4acc2146502",
        "x-ms-routing-request-id": "WESTCENTRALUS:20221222T054110Z:6596d5c0-9f59-4ee1-9916-45a2234f8a3b"
      },
      "ResponseBody": {
        "name": "af44cf5d-72fe-40bc-ae9b-708f03e11dd6",
        "status": "InProgress",
        "startTime": "2022-12-22T05:41:10.423Z"
      }
    },
    {
      "RequestUri": "https://management.azure.com/subscriptions/2c647056-bab2-4175-b172-493ff049eb29/resourceGroups/Sql-RG-368/providers/Microsoft.Sql/locations/westeurope/databaseAzureAsyncOperation/af44cf5d-72fe-40bc-ae9b-708f03e11dd6?api-version=2022-05-01-preview",
      "RequestMethod": "GET",
      "RequestHeaders": {
        "Authorization": "Sanitized",
        "traceparent": "00-e6b3fdd77d781726d9dfdc3fa06f1326-9a069fe061f55a8c-00",
        "User-Agent": "azsdk-net-ResourceManager/1.3.2 (.NET 6.0.12; Microsoft Windows 10.0.22621)",
        "x-ms-client-request-id": "6addbfdab84bd954503e9c9b6c1a4d11",
        "x-ms-return-client-request-id": "true"
      },
      "RequestBody": null,
      "StatusCode": 200,
      "ResponseHeaders": {
        "Cache-Control": "no-cache",
        "Content-Length": "108",
        "Content-Type": "application/json; charset=utf-8",
        "Date": "Thu, 22 Dec 2022 05:41:25 GMT",
        "Expires": "-1",
        "Pragma": "no-cache",
        "Retry-After": "15",
        "Server": "Microsoft-HTTPAPI/2.0",
        "Strict-Transport-Security": "max-age=31536000; includeSubDomains",
        "X-Content-Type-Options": "nosniff",
        "x-ms-correlation-request-id": "4c27e5cb-4278-43dc-825a-b44c75d20c7f",
        "x-ms-ratelimit-remaining-subscription-reads": "11987",
        "x-ms-request-id": "5f66a0e0-2c9b-475a-9390-7edaf836e383",
        "x-ms-routing-request-id": "WESTCENTRALUS:20221222T054126Z:4c27e5cb-4278-43dc-825a-b44c75d20c7f"
      },
      "ResponseBody": {
        "name": "af44cf5d-72fe-40bc-ae9b-708f03e11dd6",
        "status": "InProgress",
        "startTime": "2022-12-22T05:41:10.423Z"
      }
    },
    {
      "RequestUri": "https://management.azure.com/subscriptions/2c647056-bab2-4175-b172-493ff049eb29/resourceGroups/Sql-RG-368/providers/Microsoft.Sql/locations/westeurope/databaseAzureAsyncOperation/af44cf5d-72fe-40bc-ae9b-708f03e11dd6?api-version=2022-05-01-preview",
      "RequestMethod": "GET",
      "RequestHeaders": {
        "Authorization": "Sanitized",
        "traceparent": "00-e6b3fdd77d781726d9dfdc3fa06f1326-0957e99b93cee3fb-00",
        "User-Agent": "azsdk-net-ResourceManager/1.3.2 (.NET 6.0.12; Microsoft Windows 10.0.22621)",
        "x-ms-client-request-id": "bfad1afc9d62ec3ee5101e14c39b6de0",
        "x-ms-return-client-request-id": "true"
      },
      "RequestBody": null,
      "StatusCode": 200,
      "ResponseHeaders": {
        "Cache-Control": "no-cache",
        "Content-Length": "108",
        "Content-Type": "application/json; charset=utf-8",
        "Date": "Thu, 22 Dec 2022 05:41:41 GMT",
        "Expires": "-1",
        "Pragma": "no-cache",
        "Retry-After": "15",
        "Server": "Microsoft-HTTPAPI/2.0",
        "Strict-Transport-Security": "max-age=31536000; includeSubDomains",
        "X-Content-Type-Options": "nosniff",
        "x-ms-correlation-request-id": "7a57375e-6a3d-4c14-bf15-ce5d1bfcd909",
        "x-ms-ratelimit-remaining-subscription-reads": "11986",
        "x-ms-request-id": "097f57c3-4a20-4a5c-94bd-742237f97ea9",
        "x-ms-routing-request-id": "WESTCENTRALUS:20221222T054141Z:7a57375e-6a3d-4c14-bf15-ce5d1bfcd909"
      },
      "ResponseBody": {
        "name": "af44cf5d-72fe-40bc-ae9b-708f03e11dd6",
        "status": "InProgress",
        "startTime": "2022-12-22T05:41:10.423Z"
      }
    },
    {
      "RequestUri": "https://management.azure.com/subscriptions/2c647056-bab2-4175-b172-493ff049eb29/resourceGroups/Sql-RG-368/providers/Microsoft.Sql/locations/westeurope/databaseAzureAsyncOperation/af44cf5d-72fe-40bc-ae9b-708f03e11dd6?api-version=2022-05-01-preview",
      "RequestMethod": "GET",
      "RequestHeaders": {
        "Authorization": "Sanitized",
        "traceparent": "00-e6b3fdd77d781726d9dfdc3fa06f1326-d3fbefa8d080ed87-00",
        "User-Agent": "azsdk-net-ResourceManager/1.3.2 (.NET 6.0.12; Microsoft Windows 10.0.22621)",
        "x-ms-client-request-id": "7be46e1464ea14f02e74763f3cf208ff",
        "x-ms-return-client-request-id": "true"
      },
      "RequestBody": null,
      "StatusCode": 200,
      "ResponseHeaders": {
        "Cache-Control": "no-cache",
        "Content-Length": "107",
        "Content-Type": "application/json; charset=utf-8",
        "Date": "Thu, 22 Dec 2022 05:41:56 GMT",
        "Expires": "-1",
        "Pragma": "no-cache",
        "Retry-After": "15",
        "Server": "Microsoft-HTTPAPI/2.0",
        "Strict-Transport-Security": "max-age=31536000; includeSubDomains",
        "X-Content-Type-Options": "nosniff",
        "x-ms-correlation-request-id": "cbace94c-c5ee-48f2-a60d-a6f344192606",
        "x-ms-ratelimit-remaining-subscription-reads": "11985",
        "x-ms-request-id": "0e8e8470-ce40-424a-bb2e-c2ba68b975a4",
        "x-ms-routing-request-id": "WESTCENTRALUS:20221222T054156Z:cbace94c-c5ee-48f2-a60d-a6f344192606"
      },
      "ResponseBody": {
        "name": "af44cf5d-72fe-40bc-ae9b-708f03e11dd6",
        "status": "Succeeded",
        "startTime": "2022-12-22T05:41:10.423Z"
      }
    },
    {
      "RequestUri": "https://management.azure.com/subscriptions/2c647056-bab2-4175-b172-493ff049eb29/resourceGroups/Sql-RG-368/providers/Microsoft.Sql/servers/server-atp-test-3188/databases/db-atp-test-4488?api-version=2022-05-01-preview",
      "RequestMethod": "GET",
      "RequestHeaders": {
        "Authorization": "Sanitized",
        "traceparent": "00-e6b3fdd77d781726d9dfdc3fa06f1326-428791585b59e936-00",
        "User-Agent": "azsdk-net-ResourceManager/1.3.2 (.NET 6.0.12; Microsoft Windows 10.0.22621)",
        "x-ms-client-request-id": "b17f2affff743cdb80f1843b993f15b4",
        "x-ms-return-client-request-id": "true"
      },
      "RequestBody": null,
      "StatusCode": 200,
      "ResponseHeaders": {
        "Cache-Control": "no-cache",
        "Content-Length": "1229",
        "Content-Type": "application/json; charset=utf-8",
        "Date": "Thu, 22 Dec 2022 05:41:56 GMT",
        "Expires": "-1",
        "Pragma": "no-cache",
        "Server": "Microsoft-HTTPAPI/2.0",
        "Strict-Transport-Security": "max-age=31536000; includeSubDomains",
        "X-Content-Type-Options": "nosniff",
        "x-ms-correlation-request-id": "e01ade0b-965e-4669-b0c0-b68a0fb4019e",
        "x-ms-ratelimit-remaining-subscription-reads": "11984",
        "x-ms-request-id": "5c099c9c-1c14-428c-807d-4ee9c77b40dc",
        "x-ms-routing-request-id": "WESTCENTRALUS:20221222T054156Z:e01ade0b-965e-4669-b0c0-b68a0fb4019e"
      },
      "ResponseBody": {
        "sku": {
          "name": "GP_Gen5",
          "tier": "GeneralPurpose",
          "family": "Gen5",
          "capacity": 2
        },
        "kind": "v12.0,user,vcore",
        "properties": {
          "collation": "SQL_Latin1_General_CP1_CI_AS",
          "maxSizeBytes": 34359738368,
          "status": "Online",
          "databaseId": "eddb433e-c840-4cfb-948d-1513cb4f4511",
          "creationDate": "2022-12-22T05:41:53.893Z",
          "currentServiceObjectiveName": "GP_Gen5_2",
          "requestedServiceObjectiveName": "GP_Gen5_2",
          "defaultSecondaryLocation": "northeurope",
          "catalogCollation": "SQL_Latin1_General_CP1_CI_AS",
          "zoneRedundant": false,
          "licenseType": "LicenseIncluded",
          "maxLogSizeBytes": 193273528320,
          "readScale": "Disabled",
          "currentSku": {
            "name": "GP_Gen5",
            "tier": "GeneralPurpose",
            "family": "Gen5",
            "capacity": 2
          },
          "currentBackupStorageRedundancy": "Geo",
          "requestedBackupStorageRedundancy": "Geo",
          "maintenanceConfigurationId": "/subscriptions/2c647056-bab2-4175-b172-493ff049eb29/providers/Microsoft.Maintenance/publicMaintenanceConfigurations/SQL_Default",
          "isLedgerOn": false,
          "isInfraEncryptionEnabled": false
        },
        "location": "westeurope",
        "tags": {},
        "id": "/subscriptions/2c647056-bab2-4175-b172-493ff049eb29/resourceGroups/Sql-RG-368/providers/Microsoft.Sql/servers/server-atp-test-3188/databases/db-atp-test-4488",
        "name": "db-atp-test-4488",
        "type": "Microsoft.Sql/servers/databases"
      }
    },
    {
      "RequestUri": "https://management.azure.com/subscriptions/2c647056-bab2-4175-b172-493ff049eb29/resourceGroups/Sql-RG-368/providers/Microsoft.Sql/servers/server-atp-test-3188/advancedThreatProtectionSettings/Default?api-version=2021-11-01-preview",
      "RequestMethod": "GET",
      "RequestHeaders": {
        "Accept": "application/json",
        "Authorization": "Sanitized",
        "traceparent": "00-87d38f4d88aacef4a7f5f4fe1138f189-713339abadb79f46-00",
        "User-Agent": "azsdk-net-ResourceManager.Sql/1.2.0-alpha.20221221.1 (.NET 6.0.12; Microsoft Windows 10.0.22621)",
        "x-ms-client-request-id": "fd86bbd1d2359726299990ee26feb0f3",
        "x-ms-return-client-request-id": "true"
      },
      "RequestBody": null,
      "StatusCode": 200,
      "ResponseHeaders": {
        "Cache-Control": "no-cache",
        "Content-Length": "333",
        "Content-Type": "application/json; charset=utf-8",
        "Date": "Thu, 22 Dec 2022 05:41:56 GMT",
        "Expires": "-1",
        "Pragma": "no-cache",
        "Server": "Microsoft-HTTPAPI/2.0",
        "Strict-Transport-Security": "max-age=31536000; includeSubDomains",
        "X-Content-Type-Options": "nosniff",
        "x-ms-correlation-request-id": "84ae49c6-62eb-4024-adb1-2281953171b1",
        "x-ms-ratelimit-remaining-subscription-reads": "11983",
        "x-ms-request-id": "ba38f0aa-d3d0-4dad-9568-65cff977a03a",
        "x-ms-routing-request-id": "WESTCENTRALUS:20221222T054157Z:84ae49c6-62eb-4024-adb1-2281953171b1"
      },
      "ResponseBody": {
        "properties": {
          "state": "Disabled",
          "creationTime": "0001-01-01T00:00:00Z"
        },
        "id": "/subscriptions/2c647056-bab2-4175-b172-493ff049eb29/resourceGroups/Sql-RG-368/providers/Microsoft.Sql/servers/server-atp-test-3188/advancedThreatProtectionSettings/Default",
        "name": "Default",
        "type": "Microsoft.Sql/servers/advancedThreatProtectionSettings"
      }
    },
    {
      "RequestUri": "https://management.azure.com/subscriptions/2c647056-bab2-4175-b172-493ff049eb29/resourceGroups/Sql-RG-368/providers/Microsoft.Sql/servers/server-atp-test-3188/advancedThreatProtectionSettings/Default?api-version=2021-11-01-preview",
      "RequestMethod": "PUT",
      "RequestHeaders": {
        "Accept": "application/json",
        "Authorization": "Sanitized",
        "Content-Length": "34",
        "Content-Type": "application/json",
        "traceparent": "00-75b88084155d202f94f01b6cf44df5cd-fd7654c5c46b7771-00",
        "User-Agent": "azsdk-net-ResourceManager.Sql/1.2.0-alpha.20221221.1 (.NET 6.0.12; Microsoft Windows 10.0.22621)",
        "x-ms-client-request-id": "98151e08bb1b156b93a7faf9e0b57aee",
        "x-ms-return-client-request-id": "true"
      },
      "RequestBody": {
        "properties": {
          "state": "Enabled"
        }
      },
      "StatusCode": 202,
      "ResponseHeaders": {
        "Azure-AsyncOperation": "https://management.azure.com/subscriptions/2c647056-bab2-4175-b172-493ff049eb29/resourceGroups/Sql-RG-368/providers/Microsoft.Sql/locations/westeurope/advancedThreatProtectionAzureAsyncOperation/949610ad-768f-4bbe-ac41-cc54410fd59f?api-version=2021-11-01-preview",
        "Cache-Control": "no-cache",
        "Content-Length": "88",
        "Content-Type": "application/json; charset=utf-8",
        "Date": "Thu, 22 Dec 2022 05:41:57 GMT",
        "Expires": "-1",
        "Location": "https://management.azure.com/subscriptions/2c647056-bab2-4175-b172-493ff049eb29/resourceGroups/Sql-RG-368/providers/Microsoft.Sql/locations/westeurope/advancedThreatProtectionOperationResults/949610ad-768f-4bbe-ac41-cc54410fd59f?api-version=2021-11-01-preview",
        "Pragma": "no-cache",
        "Retry-After": "3",
        "Server": "Microsoft-HTTPAPI/2.0",
        "Strict-Transport-Security": "max-age=31536000; includeSubDomains",
        "X-Content-Type-Options": "nosniff",
        "x-ms-correlation-request-id": "856b29d5-de3c-4a73-8b80-97d099241f66",
        "x-ms-ratelimit-remaining-subscription-writes": "1196",
        "x-ms-request-id": "949610ad-768f-4bbe-ac41-cc54410fd59f",
        "x-ms-routing-request-id": "WESTCENTRALUS:20221222T054157Z:856b29d5-de3c-4a73-8b80-97d099241f66"
      },
      "ResponseBody": {
        "operation": "UpsertServerThreatDetectionPolicy",
        "startTime": "2022-12-22T05:41:57.517Z"
      }
    },
    {
      "RequestUri": "https://management.azure.com/subscriptions/2c647056-bab2-4175-b172-493ff049eb29/resourceGroups/Sql-RG-368/providers/Microsoft.Sql/locations/westeurope/advancedThreatProtectionAzureAsyncOperation/949610ad-768f-4bbe-ac41-cc54410fd59f?api-version=2021-11-01-preview",
      "RequestMethod": "GET",
      "RequestHeaders": {
        "Authorization": "Sanitized",
        "traceparent": "00-75b88084155d202f94f01b6cf44df5cd-dcd52c030ddd8845-00",
        "User-Agent": "azsdk-net-ResourceManager/1.3.2 (.NET 6.0.12; Microsoft Windows 10.0.22621)",
        "x-ms-client-request-id": "7b3290417c2a15984f71698ed82cb773",
        "x-ms-return-client-request-id": "true"
      },
      "RequestBody": null,
      "StatusCode": 200,
      "ResponseHeaders": {
        "Cache-Control": "no-cache",
        "Content-Length": "108",
        "Content-Type": "application/json; charset=utf-8",
        "Date": "Thu, 22 Dec 2022 05:41:57 GMT",
        "Expires": "-1",
        "Pragma": "no-cache",
        "Server": "Microsoft-HTTPAPI/2.0",
        "Strict-Transport-Security": "max-age=31536000; includeSubDomains",
        "X-Content-Type-Options": "nosniff",
        "x-ms-correlation-request-id": "2efa682f-de43-4000-92e8-6a7fc4e7bdfa",
        "x-ms-ratelimit-remaining-subscription-reads": "11982",
        "x-ms-request-id": "c42046a4-371d-44e8-b02e-7487f59356e3",
        "x-ms-routing-request-id": "WESTCENTRALUS:20221222T054157Z:2efa682f-de43-4000-92e8-6a7fc4e7bdfa"
      },
      "ResponseBody": {
        "name": "949610ad-768f-4bbe-ac41-cc54410fd59f",
        "status": "InProgress",
        "startTime": "2022-12-22T05:41:57.517Z"
      }
    },
    {
      "RequestUri": "https://management.azure.com/subscriptions/2c647056-bab2-4175-b172-493ff049eb29/resourceGroups/Sql-RG-368/providers/Microsoft.Sql/locations/westeurope/advancedThreatProtectionAzureAsyncOperation/949610ad-768f-4bbe-ac41-cc54410fd59f?api-version=2021-11-01-preview",
      "RequestMethod": "GET",
      "RequestHeaders": {
        "Authorization": "Sanitized",
        "traceparent": "00-75b88084155d202f94f01b6cf44df5cd-da98f9d8901f8a6f-00",
        "User-Agent": "azsdk-net-ResourceManager/1.3.2 (.NET 6.0.12; Microsoft Windows 10.0.22621)",
        "x-ms-client-request-id": "648fa21f3090fd8755e894343390a6a7",
        "x-ms-return-client-request-id": "true"
      },
      "RequestBody": null,
      "StatusCode": 200,
      "ResponseHeaders": {
        "Cache-Control": "no-cache",
        "Content-Length": "107",
        "Content-Type": "application/json; charset=utf-8",
        "Date": "Thu, 22 Dec 2022 05:41:58 GMT",
        "Expires": "-1",
        "Pragma": "no-cache",
        "Server": "Microsoft-HTTPAPI/2.0",
        "Strict-Transport-Security": "max-age=31536000; includeSubDomains",
        "X-Content-Type-Options": "nosniff",
        "x-ms-correlation-request-id": "c6f2faf3-c454-4663-93a7-fff22dcfb519",
        "x-ms-ratelimit-remaining-subscription-reads": "11981",
        "x-ms-request-id": "7657bb9a-5811-4891-8846-b0caaf56867b",
        "x-ms-routing-request-id": "WESTCENTRALUS:20221222T054158Z:c6f2faf3-c454-4663-93a7-fff22dcfb519"
      },
      "ResponseBody": {
        "name": "949610ad-768f-4bbe-ac41-cc54410fd59f",
        "status": "Succeeded",
        "startTime": "2022-12-22T05:41:57.517Z"
      }
    },
    {
      "RequestUri": "https://management.azure.com/subscriptions/2c647056-bab2-4175-b172-493ff049eb29/resourceGroups/Sql-RG-368/providers/Microsoft.Sql/servers/server-atp-test-3188/advancedThreatProtectionSettings/Default?api-version=2021-11-01-preview",
      "RequestMethod": "GET",
      "RequestHeaders": {
        "Authorization": "Sanitized",
        "traceparent": "00-75b88084155d202f94f01b6cf44df5cd-fdafcd8c14f39009-00",
        "User-Agent": "azsdk-net-ResourceManager/1.3.2 (.NET 6.0.12; Microsoft Windows 10.0.22621)",
        "x-ms-client-request-id": "4fb87891fe82e1c4295830faa03b54d7",
        "x-ms-return-client-request-id": "true"
      },
      "RequestBody": null,
      "StatusCode": 200,
      "ResponseHeaders": {
        "Cache-Control": "no-cache",
        "Content-Length": "336",
        "Content-Type": "application/json; charset=utf-8",
        "Date": "Thu, 22 Dec 2022 05:41:59 GMT",
        "Expires": "-1",
        "Pragma": "no-cache",
        "Server": "Microsoft-HTTPAPI/2.0",
        "Strict-Transport-Security": "max-age=31536000; includeSubDomains",
        "X-Content-Type-Options": "nosniff",
        "x-ms-correlation-request-id": "74df791d-85c4-4b6b-8bcc-5964e3284cfb",
        "x-ms-ratelimit-remaining-subscription-reads": "11980",
        "x-ms-request-id": "742eadca-e72f-4c24-ba62-ede555907e26",
        "x-ms-routing-request-id": "WESTCENTRALUS:20221222T054159Z:74df791d-85c4-4b6b-8bcc-5964e3284cfb"
      },
      "ResponseBody": {
        "properties": {
          "state": "Enabled",
          "creationTime": "2022-12-22T05:41:57.627Z"
        },
        "id": "/subscriptions/2c647056-bab2-4175-b172-493ff049eb29/resourceGroups/Sql-RG-368/providers/Microsoft.Sql/servers/server-atp-test-3188/advancedThreatProtectionSettings/Default",
        "name": "Default",
        "type": "Microsoft.Sql/servers/advancedThreatProtectionSettings"
      }
    },
    {
      "RequestUri": "https://management.azure.com/subscriptions/2c647056-bab2-4175-b172-493ff049eb29/resourceGroups/Sql-RG-368/providers/Microsoft.Sql/servers/server-atp-test-3188/advancedThreatProtectionSettings/Default?api-version=2021-11-01-preview",
      "RequestMethod": "GET",
      "RequestHeaders": {
        "Accept": "application/json",
        "Authorization": "Sanitized",
        "traceparent": "00-8da3a027aad9378d8ca26a7a09e817f1-944bbe1b2be4f1e1-00",
        "User-Agent": "azsdk-net-ResourceManager.Sql/1.2.0-alpha.20221221.1 (.NET 6.0.12; Microsoft Windows 10.0.22621)",
        "x-ms-client-request-id": "ccbc1430b05c10f109352641e864e2bf",
        "x-ms-return-client-request-id": "true"
      },
      "RequestBody": null,
      "StatusCode": 200,
      "ResponseHeaders": {
        "Cache-Control": "no-cache",
        "Content-Length": "336",
        "Content-Type": "application/json; charset=utf-8",
        "Date": "Thu, 22 Dec 2022 05:41:59 GMT",
        "Expires": "-1",
        "Pragma": "no-cache",
        "Server": "Microsoft-HTTPAPI/2.0",
        "Strict-Transport-Security": "max-age=31536000; includeSubDomains",
        "X-Content-Type-Options": "nosniff",
        "x-ms-correlation-request-id": "97d9b93c-4af9-4727-b107-9fa4da8d9ba6",
        "x-ms-ratelimit-remaining-subscription-reads": "11979",
        "x-ms-request-id": "8c0d266d-4b6a-43ce-bce3-fe21bd8a366c",
        "x-ms-routing-request-id": "WESTCENTRALUS:20221222T054159Z:97d9b93c-4af9-4727-b107-9fa4da8d9ba6"
      },
      "ResponseBody": {
        "properties": {
          "state": "Enabled",
          "creationTime": "2022-12-22T05:41:57.627Z"
        },
        "id": "/subscriptions/2c647056-bab2-4175-b172-493ff049eb29/resourceGroups/Sql-RG-368/providers/Microsoft.Sql/servers/server-atp-test-3188/advancedThreatProtectionSettings/Default",
        "name": "Default",
        "type": "Microsoft.Sql/servers/advancedThreatProtectionSettings"
      }
    },
    {
      "RequestUri": "https://management.azure.com/subscriptions/2c647056-bab2-4175-b172-493ff049eb29/resourceGroups/Sql-RG-368/providers/Microsoft.Sql/servers/server-atp-test-3188/advancedThreatProtectionSettings/Default?api-version=2021-11-01-preview",
      "RequestMethod": "PUT",
      "RequestHeaders": {
        "Accept": "application/json",
        "Authorization": "Sanitized",
        "Content-Length": "35",
        "Content-Type": "application/json",
        "traceparent": "00-566524020d5a64781fc219d7be595586-92e26552de92fdd7-00",
        "User-Agent": "azsdk-net-ResourceManager.Sql/1.2.0-alpha.20221221.1 (.NET 6.0.12; Microsoft Windows 10.0.22621)",
        "x-ms-client-request-id": "5ffcc2ca677320f0ddad3b38ff8c5c19",
        "x-ms-return-client-request-id": "true"
      },
      "RequestBody": {
        "properties": {
          "state": "Disabled"
        }
      },
      "StatusCode": 202,
      "ResponseHeaders": {
        "Azure-AsyncOperation": "https://management.azure.com/subscriptions/2c647056-bab2-4175-b172-493ff049eb29/resourceGroups/Sql-RG-368/providers/Microsoft.Sql/locations/westeurope/advancedThreatProtectionAzureAsyncOperation/15d50ecc-bf6c-4ef8-b6fa-9e7f97d62ae0?api-version=2021-11-01-preview",
        "Cache-Control": "no-cache",
        "Content-Length": "87",
        "Content-Type": "application/json; charset=utf-8",
        "Date": "Thu, 22 Dec 2022 05:41:59 GMT",
        "Expires": "-1",
        "Location": "https://management.azure.com/subscriptions/2c647056-bab2-4175-b172-493ff049eb29/resourceGroups/Sql-RG-368/providers/Microsoft.Sql/locations/westeurope/advancedThreatProtectionOperationResults/15d50ecc-bf6c-4ef8-b6fa-9e7f97d62ae0?api-version=2021-11-01-preview",
        "Pragma": "no-cache",
        "Retry-After": "3",
        "Server": "Microsoft-HTTPAPI/2.0",
        "Strict-Transport-Security": "max-age=31536000; includeSubDomains",
        "X-Content-Type-Options": "nosniff",
        "x-ms-correlation-request-id": "ca271dde-c1a1-4fdb-ba3f-1e06137b7787",
        "x-ms-ratelimit-remaining-subscription-writes": "1195",
        "x-ms-request-id": "15d50ecc-bf6c-4ef8-b6fa-9e7f97d62ae0",
        "x-ms-routing-request-id": "WESTCENTRALUS:20221222T054200Z:ca271dde-c1a1-4fdb-ba3f-1e06137b7787"
      },
      "ResponseBody": {
        "operation": "UpsertServerThreatDetectionPolicy",
        "startTime": "2022-12-22T05:41:59.97Z"
      }
    },
    {
      "RequestUri": "https://management.azure.com/subscriptions/2c647056-bab2-4175-b172-493ff049eb29/resourceGroups/Sql-RG-368/providers/Microsoft.Sql/locations/westeurope/advancedThreatProtectionAzureAsyncOperation/15d50ecc-bf6c-4ef8-b6fa-9e7f97d62ae0?api-version=2021-11-01-preview",
      "RequestMethod": "GET",
      "RequestHeaders": {
        "Authorization": "Sanitized",
        "traceparent": "00-566524020d5a64781fc219d7be595586-c44b31841df8bc41-00",
        "User-Agent": "azsdk-net-ResourceManager/1.3.2 (.NET 6.0.12; Microsoft Windows 10.0.22621)",
        "x-ms-client-request-id": "de2f7075f43ec963239beeae75b9117c",
        "x-ms-return-client-request-id": "true"
      },
      "RequestBody": null,
      "StatusCode": 200,
      "ResponseHeaders": {
        "Cache-Control": "no-cache",
        "Content-Length": "107",
        "Content-Type": "application/json; charset=utf-8",
        "Date": "Thu, 22 Dec 2022 05:42:00 GMT",
        "Expires": "-1",
        "Pragma": "no-cache",
        "Server": "Microsoft-HTTPAPI/2.0",
        "Strict-Transport-Security": "max-age=31536000; includeSubDomains",
        "X-Content-Type-Options": "nosniff",
        "x-ms-correlation-request-id": "f4b0d141-5afc-4432-8fc0-79d844fa53d0",
        "x-ms-ratelimit-remaining-subscription-reads": "11978",
        "x-ms-request-id": "e6605c8c-144e-4dd7-a16c-46bf45dffbc1",
        "x-ms-routing-request-id": "WESTCENTRALUS:20221222T054200Z:f4b0d141-5afc-4432-8fc0-79d844fa53d0"
      },
      "ResponseBody": {
        "name": "15d50ecc-bf6c-4ef8-b6fa-9e7f97d62ae0",
        "status": "InProgress",
        "startTime": "2022-12-22T05:41:59.97Z"
      }
    },
    {
      "RequestUri": "https://management.azure.com/subscriptions/2c647056-bab2-4175-b172-493ff049eb29/resourceGroups/Sql-RG-368/providers/Microsoft.Sql/locations/westeurope/advancedThreatProtectionAzureAsyncOperation/15d50ecc-bf6c-4ef8-b6fa-9e7f97d62ae0?api-version=2021-11-01-preview",
      "RequestMethod": "GET",
      "RequestHeaders": {
        "Authorization": "Sanitized",
        "traceparent": "00-566524020d5a64781fc219d7be595586-b2ce422847de0c13-00",
        "User-Agent": "azsdk-net-ResourceManager/1.3.2 (.NET 6.0.12; Microsoft Windows 10.0.22621)",
        "x-ms-client-request-id": "2cae0cd8c361f0eb781bd9cc21a3485b",
        "x-ms-return-client-request-id": "true"
      },
      "RequestBody": null,
      "StatusCode": 200,
      "ResponseHeaders": {
        "Cache-Control": "no-cache",
        "Content-Length": "106",
        "Content-Type": "application/json; charset=utf-8",
        "Date": "Thu, 22 Dec 2022 05:42:01 GMT",
        "Expires": "-1",
        "Pragma": "no-cache",
        "Server": "Microsoft-HTTPAPI/2.0",
        "Strict-Transport-Security": "max-age=31536000; includeSubDomains",
        "X-Content-Type-Options": "nosniff",
        "x-ms-correlation-request-id": "c017a658-4c89-4dbc-86d0-62190feb91e9",
        "x-ms-ratelimit-remaining-subscription-reads": "11977",
        "x-ms-request-id": "4d033a5a-5948-4478-b3d9-9b32f87db9f1",
        "x-ms-routing-request-id": "WESTCENTRALUS:20221222T054201Z:c017a658-4c89-4dbc-86d0-62190feb91e9"
      },
      "ResponseBody": {
        "name": "15d50ecc-bf6c-4ef8-b6fa-9e7f97d62ae0",
        "status": "Succeeded",
        "startTime": "2022-12-22T05:41:59.97Z"
      }
    },
    {
      "RequestUri": "https://management.azure.com/subscriptions/2c647056-bab2-4175-b172-493ff049eb29/resourceGroups/Sql-RG-368/providers/Microsoft.Sql/servers/server-atp-test-3188/advancedThreatProtectionSettings/Default?api-version=2021-11-01-preview",
      "RequestMethod": "GET",
      "RequestHeaders": {
        "Authorization": "Sanitized",
        "traceparent": "00-566524020d5a64781fc219d7be595586-d171753d8bac4459-00",
        "User-Agent": "azsdk-net-ResourceManager/1.3.2 (.NET 6.0.12; Microsoft Windows 10.0.22621)",
        "x-ms-client-request-id": "8fc277b47e5d9fda583afb38eb9b6bcd",
        "x-ms-return-client-request-id": "true"
      },
      "RequestBody": null,
      "StatusCode": 200,
      "ResponseHeaders": {
        "Cache-Control": "no-cache",
        "Content-Length": "337",
        "Content-Type": "application/json; charset=utf-8",
        "Date": "Thu, 22 Dec 2022 05:42:01 GMT",
        "Expires": "-1",
        "Pragma": "no-cache",
        "Server": "Microsoft-HTTPAPI/2.0",
        "Strict-Transport-Security": "max-age=31536000; includeSubDomains",
        "X-Content-Type-Options": "nosniff",
        "x-ms-correlation-request-id": "58304d5d-54c1-4e53-ae25-527adbd47544",
        "x-ms-ratelimit-remaining-subscription-reads": "11976",
        "x-ms-request-id": "de7d495c-0985-4d34-b044-ff42eed371a5",
        "x-ms-routing-request-id": "WESTCENTRALUS:20221222T054201Z:58304d5d-54c1-4e53-ae25-527adbd47544"
      },
      "ResponseBody": {
        "properties": {
          "state": "Disabled",
          "creationTime": "2022-12-22T05:41:57.627Z"
        },
        "id": "/subscriptions/2c647056-bab2-4175-b172-493ff049eb29/resourceGroups/Sql-RG-368/providers/Microsoft.Sql/servers/server-atp-test-3188/advancedThreatProtectionSettings/Default",
        "name": "Default",
        "type": "Microsoft.Sql/servers/advancedThreatProtectionSettings"
      }
    },
    {
      "RequestUri": "https://management.azure.com/subscriptions/2c647056-bab2-4175-b172-493ff049eb29/resourceGroups/Sql-RG-368/providers/Microsoft.Sql/servers/server-atp-test-3188/advancedThreatProtectionSettings/Default?api-version=2021-11-01-preview",
      "RequestMethod": "GET",
      "RequestHeaders": {
        "Accept": "application/json",
        "Authorization": "Sanitized",
        "traceparent": "00-a26e1c56c3fe67686f62f48e90af0aea-2d96e823f90e41ca-00",
        "User-Agent": "azsdk-net-ResourceManager.Sql/1.2.0-alpha.20221221.1 (.NET 6.0.12; Microsoft Windows 10.0.22621)",
        "x-ms-client-request-id": "cc75c996cdd4b163853f65231b97a780",
        "x-ms-return-client-request-id": "true"
      },
      "RequestBody": null,
      "StatusCode": 200,
      "ResponseHeaders": {
        "Cache-Control": "no-cache",
        "Content-Length": "337",
        "Content-Type": "application/json; charset=utf-8",
        "Date": "Thu, 22 Dec 2022 05:42:01 GMT",
        "Expires": "-1",
        "Pragma": "no-cache",
        "Server": "Microsoft-HTTPAPI/2.0",
        "Strict-Transport-Security": "max-age=31536000; includeSubDomains",
        "X-Content-Type-Options": "nosniff",
        "x-ms-correlation-request-id": "b22bbf55-988d-4982-859d-15c39ae12192",
        "x-ms-ratelimit-remaining-subscription-reads": "11975",
        "x-ms-request-id": "b0e4bb37-ac12-426a-a16b-56fb7d5587d7",
        "x-ms-routing-request-id": "WESTCENTRALUS:20221222T054202Z:b22bbf55-988d-4982-859d-15c39ae12192"
      },
      "ResponseBody": {
        "properties": {
          "state": "Disabled",
          "creationTime": "2022-12-22T05:41:57.627Z"
        },
        "id": "/subscriptions/2c647056-bab2-4175-b172-493ff049eb29/resourceGroups/Sql-RG-368/providers/Microsoft.Sql/servers/server-atp-test-3188/advancedThreatProtectionSettings/Default",
        "name": "Default",
        "type": "Microsoft.Sql/servers/advancedThreatProtectionSettings"
      }
    },
    {
      "RequestUri": "https://management.azure.com/subscriptions/2c647056-bab2-4175-b172-493ff049eb29/resourceGroups/Sql-RG-368/providers/Microsoft.Sql/servers/server-atp-test-3188/databases/db-atp-test-4488/advancedThreatProtectionSettings/Default?api-version=2021-11-01-preview",
      "RequestMethod": "GET",
      "RequestHeaders": {
        "Accept": "application/json",
        "Authorization": "Sanitized",
        "traceparent": "00-c372bfabd430cca6cb19a75c6d91e8d3-870f9d2c7f8846d7-00",
        "User-Agent": "azsdk-net-ResourceManager.Sql/1.2.0-alpha.20221221.1 (.NET 6.0.12; Microsoft Windows 10.0.22621)",
        "x-ms-client-request-id": "fefa935382f7591f310ed326c8b204dd",
        "x-ms-return-client-request-id": "true"
      },
      "RequestBody": null,
      "StatusCode": 200,
      "ResponseHeaders": {
        "Cache-Control": "no-cache",
        "Content-Length": "374",
        "Content-Type": "application/json; charset=utf-8",
        "Date": "Thu, 22 Dec 2022 05:42:02 GMT",
        "Expires": "-1",
        "Pragma": "no-cache",
        "Server": "Microsoft-HTTPAPI/2.0",
        "Strict-Transport-Security": "max-age=31536000; includeSubDomains",
        "X-Content-Type-Options": "nosniff",
        "x-ms-correlation-request-id": "aee7c6ea-cdb1-4117-ab26-2132344f3f11",
        "x-ms-ratelimit-remaining-subscription-reads": "11974",
        "x-ms-request-id": "659f5093-6ddf-4f59-a86c-a784b252c8d1",
        "x-ms-routing-request-id": "WESTCENTRALUS:20221222T054202Z:aee7c6ea-cdb1-4117-ab26-2132344f3f11"
      },
      "ResponseBody": {
        "properties": {
          "state": "Disabled",
          "creationTime": "2022-12-22T05:41:57.673Z"
        },
        "id": "/subscriptions/2c647056-bab2-4175-b172-493ff049eb29/resourceGroups/Sql-RG-368/providers/Microsoft.Sql/servers/server-atp-test-3188/databases/db-atp-test-4488/advancedThreatProtectionSettings/Default",
        "name": "Default",
        "type": "Microsoft.Sql/servers/databases/advancedThreatProtectionSettings"
      }
    },
    {
      "RequestUri": "https://management.azure.com/subscriptions/2c647056-bab2-4175-b172-493ff049eb29/resourceGroups/Sql-RG-368/providers/Microsoft.Sql/servers/server-atp-test-3188/databases/db-atp-test-4488/advancedThreatProtectionSettings/Default?api-version=2021-11-01-preview",
      "RequestMethod": "PUT",
      "RequestHeaders": {
        "Accept": "application/json",
        "Authorization": "Sanitized",
        "Content-Length": "34",
        "Content-Type": "application/json",
        "traceparent": "00-f619ee2a1f0339d56f5176a94761e3d2-4f7d64236003c785-00",
        "User-Agent": "azsdk-net-ResourceManager.Sql/1.2.0-alpha.20221221.1 (.NET 6.0.12; Microsoft Windows 10.0.22621)",
        "x-ms-client-request-id": "58350baf7b2ee7861410091d19b784c0",
        "x-ms-return-client-request-id": "true"
      },
      "RequestBody": {
        "properties": {
          "state": "Enabled"
        }
      },
      "StatusCode": 200,
      "ResponseHeaders": {
        "Cache-Control": "no-cache",
        "Content-Length": "369",
        "Content-Type": "application/json; charset=utf-8",
        "Date": "Thu, 22 Dec 2022 05:42:03 GMT",
        "Expires": "-1",
        "Pragma": "no-cache",
        "Server": "Microsoft-HTTPAPI/2.0",
        "Strict-Transport-Security": "max-age=31536000; includeSubDomains",
        "X-Content-Type-Options": "nosniff",
        "x-ms-correlation-request-id": "ccc7c139-d766-4910-9000-68f39b999412",
        "x-ms-ratelimit-remaining-subscription-writes": "1194",
        "x-ms-request-id": "37757f8e-b0f3-4023-82b2-ae19eeacef67",
        "x-ms-routing-request-id": "WESTCENTRALUS:20221222T054203Z:ccc7c139-d766-4910-9000-68f39b999412"
      },
      "ResponseBody": {
        "properties": {
          "state": "Enabled",
          "creationTime": "0001-01-01T00:00:00Z"
        },
        "id": "/subscriptions/2c647056-bab2-4175-b172-493ff049eb29/resourceGroups/Sql-RG-368/providers/Microsoft.Sql/servers/server-atp-test-3188/databases/db-atp-test-4488/advancedThreatProtectionSettings/Default",
        "name": "Default",
        "type": "Microsoft.Sql/servers/databases/advancedThreatProtectionSettings"
      }
    },
    {
      "RequestUri": "https://management.azure.com/subscriptions/2c647056-bab2-4175-b172-493ff049eb29/resourceGroups/Sql-RG-368/providers/Microsoft.Sql/servers/server-atp-test-3188/databases/db-atp-test-4488/advancedThreatProtectionSettings/Default?api-version=2021-11-01-preview",
      "RequestMethod": "GET",
      "RequestHeaders": {
        "Accept": "application/json",
        "Authorization": "Sanitized",
        "traceparent": "00-ba57f76839ba5441f7ef9a3fd856bbc4-c5ae2c8545e32a23-00",
        "User-Agent": "azsdk-net-ResourceManager.Sql/1.2.0-alpha.20221221.1 (.NET 6.0.12; Microsoft Windows 10.0.22621)",
        "x-ms-client-request-id": "58e57a936da014d6a91b9ac5f93ce8d3",
        "x-ms-return-client-request-id": "true"
      },
      "RequestBody": null,
      "StatusCode": 200,
      "ResponseHeaders": {
        "Cache-Control": "no-cache",
        "Content-Length": "373",
        "Content-Type": "application/json; charset=utf-8",
        "Date": "Thu, 22 Dec 2022 05:42:03 GMT",
        "Expires": "-1",
        "Pragma": "no-cache",
        "Server": "Microsoft-HTTPAPI/2.0",
        "Strict-Transport-Security": "max-age=31536000; includeSubDomains",
        "X-Content-Type-Options": "nosniff",
        "x-ms-correlation-request-id": "d02def4a-23dc-404e-9963-93e823c7b47f",
        "x-ms-ratelimit-remaining-subscription-reads": "11973",
        "x-ms-request-id": "92c5c501-2387-4afe-b3b6-ef2ebe6f3e66",
        "x-ms-routing-request-id": "WESTCENTRALUS:20221222T054203Z:d02def4a-23dc-404e-9963-93e823c7b47f"
      },
      "ResponseBody": {
        "properties": {
          "state": "Enabled",
          "creationTime": "2022-12-22T05:41:57.673Z"
        },
        "id": "/subscriptions/2c647056-bab2-4175-b172-493ff049eb29/resourceGroups/Sql-RG-368/providers/Microsoft.Sql/servers/server-atp-test-3188/databases/db-atp-test-4488/advancedThreatProtectionSettings/Default",
        "name": "Default",
        "type": "Microsoft.Sql/servers/databases/advancedThreatProtectionSettings"
      }
    },
    {
      "RequestUri": "https://management.azure.com/subscriptions/2c647056-bab2-4175-b172-493ff049eb29/resourceGroups/Sql-RG-368/providers/Microsoft.Sql/servers?api-version=2021-02-01-preview",
      "RequestMethod": "GET",
      "RequestHeaders": {
        "Accept": "application/json",
        "Authorization": "Sanitized",
        "traceparent": "00-1b23fe11e2f60d3895ace26a64f35ca3-0d9b1c71f6aa77d8-00",
        "User-Agent": "azsdk-net-ResourceManager.Sql/1.2.0-alpha.20221221.1 (.NET 6.0.12; Microsoft Windows 10.0.22621)",
        "x-ms-client-request-id": "0f73883a4e61d7520c12eae678023f7a",
        "x-ms-return-client-request-id": "true"
      },
      "RequestBody": null,
      "StatusCode": 200,
      "ResponseHeaders": {
        "Cache-Control": "no-cache",
        "Content-Length": "537",
        "Content-Type": "application/json; charset=utf-8",
        "Date": "Thu, 22 Dec 2022 05:42:03 GMT",
        "Expires": "-1",
        "Pragma": "no-cache",
        "Server": "Microsoft-HTTPAPI/2.0",
        "Strict-Transport-Security": "max-age=31536000; includeSubDomains",
        "X-Content-Type-Options": "nosniff",
        "x-ms-correlation-request-id": "fdeb93b8-26da-4966-a27b-41a611b6007a",
        "x-ms-ratelimit-remaining-subscription-reads": "11972",
        "x-ms-request-id": "091a7e78-8c71-44c7-af71-20d8177273b3",
        "x-ms-routing-request-id": "WESTCENTRALUS:20221222T054204Z:fdeb93b8-26da-4966-a27b-41a611b6007a"
      },
      "ResponseBody": {
        "value": [
          {
            "kind": "v12.0",
            "properties": {
              "administratorLogin": "Admin-server-atp-test-3188",
              "version": "12.0",
              "state": "Ready",
              "fullyQualifiedDomainName": "server-atp-test-3188.database.windows.net",
              "privateEndpointConnections": [],
              "publicNetworkAccess": "Enabled",
              "restrictOutboundNetworkAccess": "Disabled"
            },
            "location": "westeurope",
            "tags": {},
            "id": "/subscriptions/2c647056-bab2-4175-b172-493ff049eb29/resourceGroups/Sql-RG-368/providers/Microsoft.Sql/servers/server-atp-test-3188",
            "name": "server-atp-test-3188",
            "type": "Microsoft.Sql/servers"
          }
        ]
      }
    },
    {
      "RequestUri": "https://management.azure.com/subscriptions/2c647056-bab2-4175-b172-493ff049eb29/resourceGroups/Sql-RG-368/providers/Microsoft.Sql/servers/server-atp-test-3188?api-version=2021-02-01-preview",
      "RequestMethod": "DELETE",
      "RequestHeaders": {
        "Authorization": "Sanitized",
        "traceparent": "00-bcaea7bbb0bb36ffd2c0a24879b7fb35-61617fde196f8966-00",
        "User-Agent": "azsdk-net-ResourceManager.Sql/1.2.0-alpha.20221221.1 (.NET 6.0.12; Microsoft Windows 10.0.22621)",
        "x-ms-client-request-id": "4e93128aaccd423c3521af12e1c1eed7",
        "x-ms-return-client-request-id": "true"
      },
      "RequestBody": null,
      "StatusCode": 202,
      "ResponseHeaders": {
        "Azure-AsyncOperation": "https://management.azure.com/subscriptions/2c647056-bab2-4175-b172-493ff049eb29/resourceGroups/Sql-RG-368/providers/Microsoft.Sql/locations/westeurope/serverAzureAsyncOperation/b803630c-1761-4b2c-9fc3-b8b0ea0e07b5?api-version=2021-02-01-preview",
        "Cache-Control": "no-cache",
        "Content-Length": "71",
        "Content-Type": "application/json; charset=utf-8",
        "Date": "Thu, 22 Dec 2022 05:42:04 GMT",
        "Expires": "-1",
        "Location": "https://management.azure.com/subscriptions/2c647056-bab2-4175-b172-493ff049eb29/resourceGroups/Sql-RG-368/providers/Microsoft.Sql/locations/westeurope/serverOperationResults/b803630c-1761-4b2c-9fc3-b8b0ea0e07b5?api-version=2021-02-01-preview",
        "Pragma": "no-cache",
        "Retry-After": "15",
        "Server": "Microsoft-HTTPAPI/2.0",
        "Strict-Transport-Security": "max-age=31536000; includeSubDomains",
        "X-Content-Type-Options": "nosniff",
        "x-ms-correlation-request-id": "08ebedd1-5da7-4998-af8e-c37330ffebbc",
        "x-ms-ratelimit-remaining-subscription-deletes": "14999",
        "x-ms-request-id": "b803630c-1761-4b2c-9fc3-b8b0ea0e07b5",
        "x-ms-routing-request-id": "WESTCENTRALUS:20221222T054204Z:08ebedd1-5da7-4998-af8e-c37330ffebbc"
      },
      "ResponseBody": {
        "operation": "DropLogicalServer",
        "startTime": "2022-12-22T05:42:04.55Z"
      }
    },
    {
      "RequestUri": "https://management.azure.com/subscriptions/2c647056-bab2-4175-b172-493ff049eb29/resourceGroups/Sql-RG-368/providers/Microsoft.Sql/locations/westeurope/serverAzureAsyncOperation/b803630c-1761-4b2c-9fc3-b8b0ea0e07b5?api-version=2021-02-01-preview",
      "RequestMethod": "GET",
      "RequestHeaders": {
        "Authorization": "Sanitized",
        "traceparent": "00-bcaea7bbb0bb36ffd2c0a24879b7fb35-d687c05fcb25009d-00",
        "User-Agent": "azsdk-net-ResourceManager/1.3.2 (.NET 6.0.12; Microsoft Windows 10.0.22621)",
        "x-ms-client-request-id": "e63b20dc9aa88e064b31d9409f3ff64b",
        "x-ms-return-client-request-id": "true"
      },
      "RequestBody": null,
      "StatusCode": 200,
      "ResponseHeaders": {
        "Cache-Control": "no-cache",
        "Content-Length": "107",
        "Content-Type": "application/json; charset=utf-8",
        "Date": "Thu, 22 Dec 2022 05:42:04 GMT",
        "Expires": "-1",
        "Pragma": "no-cache",
        "Retry-After": "15",
        "Server": "Microsoft-HTTPAPI/2.0",
        "Strict-Transport-Security": "max-age=31536000; includeSubDomains",
        "X-Content-Type-Options": "nosniff",
        "x-ms-correlation-request-id": "89a64663-c086-4073-a4b8-008490c89595",
        "x-ms-ratelimit-remaining-subscription-reads": "11971",
        "x-ms-request-id": "7426e9b6-aec6-4719-980d-51db013a4e65",
        "x-ms-routing-request-id": "WESTCENTRALUS:20221222T054204Z:89a64663-c086-4073-a4b8-008490c89595"
      },
      "ResponseBody": {
        "name": "b803630c-1761-4b2c-9fc3-b8b0ea0e07b5",
        "status": "InProgress",
        "startTime": "2022-12-22T05:42:04.55Z"
      }
    },
    {
      "RequestUri": "https://management.azure.com/subscriptions/2c647056-bab2-4175-b172-493ff049eb29/resourceGroups/Sql-RG-368/providers/Microsoft.Sql/locations/westeurope/serverAzureAsyncOperation/b803630c-1761-4b2c-9fc3-b8b0ea0e07b5?api-version=2021-02-01-preview",
      "RequestMethod": "GET",
      "RequestHeaders": {
        "Authorization": "Sanitized",
        "traceparent": "00-bcaea7bbb0bb36ffd2c0a24879b7fb35-9142fa448b9d5bd5-00",
        "User-Agent": "azsdk-net-ResourceManager/1.3.2 (.NET 6.0.12; Microsoft Windows 10.0.22621)",
        "x-ms-client-request-id": "42bf1224ae1f1536b34f25bf60aebe46",
        "x-ms-return-client-request-id": "true"
      },
      "RequestBody": null,
      "StatusCode": 200,
      "ResponseHeaders": {
        "Cache-Control": "no-cache",
        "Content-Length": "106",
        "Content-Type": "application/json; charset=utf-8",
        "Date": "Thu, 22 Dec 2022 05:42:19 GMT",
        "Expires": "-1",
        "Pragma": "no-cache",
        "Retry-After": "15",
        "Server": "Microsoft-HTTPAPI/2.0",
        "Strict-Transport-Security": "max-age=31536000; includeSubDomains",
        "X-Content-Type-Options": "nosniff",
        "x-ms-correlation-request-id": "f5b2bab5-2e3d-42aa-90d3-3d15afeab128",
        "x-ms-ratelimit-remaining-subscription-reads": "11970",
        "x-ms-request-id": "92ccacf5-5d88-463f-b19d-0da20db03bfc",
        "x-ms-routing-request-id": "WESTCENTRALUS:20221222T054220Z:f5b2bab5-2e3d-42aa-90d3-3d15afeab128"
      },
      "ResponseBody": {
        "name": "b803630c-1761-4b2c-9fc3-b8b0ea0e07b5",
        "status": "Succeeded",
        "startTime": "2022-12-22T05:42:04.55Z"
      }
    }
  ],
  "Variables": {
    "AZURE_AUTHORITY_HOST": "https://login.microsoftonline.com",
    "RandomSeed": "1687426450",
    "RESOURCE_MANAGER_URL": null,
    "SUBSCRIPTION_ID": "2c647056-bab2-4175-b172-493ff049eb29"
  }
}
