{
  "Entries": [
    {
      "RequestUri": "https://myaccountname.purview.azure.com/share/receivedShares/bb00baac-b768-4004-a712-c5b942dc9e83?api-version=2023-02-15-preview",
      "RequestMethod": "PUT",
      "RequestHeaders": {
        "Accept": "application/json",
        "Authorization": "Sanitized",
        "Content-Length": "423",
        "Content-Type": "application/json",
        "traceparent": "00-cf8c7a620968435393a790ed5dafec2e-519509d1578a067e-00",
        "User-Agent": "azsdk-net-Analytics.Purview.Sharing/1.0.3-alpha.20230223.1 (.NET 6.0.14; Microsoft Windows 10.0.22621)",
        "x-ms-client-request-id": "d65811ff4c73ced0cc0ae5770930754e",
        "x-ms-return-client-request-id": "true"
      },
      "RequestBody": {
        "shareKind": "InPlace",
        "properties": {
          "sink": {
            "storeKind": "AdlsGen2Account",
            "storeReference": {
              "referenceName": "/subscriptions/00000000-0000-0000-0000-000000000000/resourceGroups/testResourceGroup/providers/Microsoft.Storage/storageAccounts/consumerTestStorageAccount",
              "type": "ArmResourceReference"
            },
            "properties": {
              "containerName": "container2241218",
              "folder": "folder2241218",
              "mountPath": ""
            }
          },
          "displayName": "testDisplayName1"
        }
      },
      "StatusCode": 200,
      "ResponseHeaders": {
        "Content-Length": "870",
        "Content-Type": "application/json; charset=utf-8",
        "Date": "Fri, 24 Feb 2023 08:21:41 GMT",
        "Operation-Id": "https://myaccountname.purview.azure.com/share/operationResults/00000000-0000-0000-0000-000000000000?api-version=2023-02-15-preview",
        "Operation-Location": "https://myaccountname.purview.azure.com/share/operationResults/00000000-0000-0000-0000-000000000000?api-version=2023-02-15-preview",
        "Server": "Kestrel",
        "Strict-Transport-Security": "max-age=31536000; includeSubDomains",
        "x-ms-correlation-request-id": "f68efba4-2e8a-4f2a-b077-a88e9fea5167"
      },
      "ResponseBody": {
        "properties": {
          "createdAt": "2023-02-24T08:13:53.4805496Z",
          "sharedAt": "2023-02-24T08:13:53.4805496Z",
          "displayName": "testDisplayName1",
          "state": "Succeeded",
          "shareStatus": "Attached",
          "sentShareDescription": "updatedDescription",
          "receiverName": "SyMS",
          "receiverTenantName": "Microsoft",
          "senderName": "SyMS",
          "senderTenantName": "Microsoft",
          "assetLocation": "southafricanorth",
          "assetStoreKind": "AdlsGen2Account",
          "sink": {
            "properties": {
              "containerName": "container2241218",
              "folder": "folder2241218",
              "mountPath": "",
              "location": "southafricanorth"
            },
            "storeKind": "AdlsGen2Account",
            "storeReference": {
              "referenceName": "/subscriptions/00000000-0000-0000-0000-000000000000/resourceGroups/testResourceGroup/providers/Microsoft.Storage/storageAccounts/consumerTestStorageAccount",
              "type": "ArmResourceReference"
            }
          }
        },
        "shareKind": "InPlace",
        "id": "bb00baac-b768-4004-a712-c5b942dc9e83",
        "type": "ReceivedShare"
      }
    },
    {
      "RequestUri": "https://myaccountname.purview.azure.com/share/operationResults/00000000-0000-0000-0000-000000000000?api-version=2023-02-15-preview",
      "RequestMethod": "GET",
      "RequestHeaders": {
        "Authorization": "Sanitized",
        "traceparent": "00-cf8c7a620968435393a790ed5dafec2e-d8dd5860c88eb47e-00",
        "User-Agent": "azsdk-net-Analytics.Purview.Sharing/1.0.3-alpha.20230223.1 (.NET 6.0.14; Microsoft Windows 10.0.22621)",
        "x-ms-client-request-id": "1951fe4197b6dff768df9f57560be13a",
        "x-ms-return-client-request-id": "true"
      },
      "RequestBody": null,
      "StatusCode": 200,
      "ResponseHeaders": {
        "Content-Length": "163",
        "Content-Type": "application/json; charset=utf-8",
        "Date": "Fri, 24 Feb 2023 08:21:41 GMT",
        "Server": "Kestrel",
        "Strict-Transport-Security": "max-age=31536000; includeSubDomains",
        "x-ms-correlation-request-id": "c32e5452-4893-4052-8336-e3579937f7d4"
      },
      "ResponseBody": {
        "id": "00000000-0000-0000-0000-000000000000",
        "startTime": "2023-02-24T08:21:42.6721593Z",
        "endTime": "2023-02-24T08:21:42.6721593Z",
        "status": "Succeeded",
        "error": null
      }
    },
    {
      "RequestUri": "https://myaccountname.purview.azure.com/share/receivedShares/bb00baac-b768-4004-a712-c5b942dc9e83?api-version=2023-02-15-preview",
      "RequestMethod": "GET",
      "RequestHeaders": {
        "Authorization": "Sanitized",
        "traceparent": "00-cf8c7a620968435393a790ed5dafec2e-921f0927f0b7f663-00",
        "User-Agent": "azsdk-net-Analytics.Purview.Sharing/1.0.3-alpha.20230223.1 (.NET 6.0.14; Microsoft Windows 10.0.22621)",
        "x-ms-client-request-id": "3ebf311f66eac2a9aac835803e2c3b5d",
        "x-ms-return-client-request-id": "true"
      },
      "RequestBody": null,
      "StatusCode": 200,
      "ResponseHeaders": {
        "Content-Length": "870",
        "Content-Type": "application/json; charset=utf-8",
        "Date": "Fri, 24 Feb 2023 08:21:41 GMT",
        "Server": "Kestrel",
        "Strict-Transport-Security": "max-age=31536000; includeSubDomains",
        "x-ms-correlation-request-id": "c9faa15a-1cbb-4d72-a4ab-6bdfbbb51cc7"
      },
      "ResponseBody": {
        "properties": {
          "createdAt": "2023-02-24T08:13:53.4805496Z",
          "sharedAt": "2023-02-24T08:13:53.4805496Z",
          "displayName": "testDisplayName1",
          "state": "Succeeded",
          "shareStatus": "Attached",
          "sentShareDescription": "updatedDescription",
          "receiverName": "SyMS",
          "receiverTenantName": "Microsoft",
          "senderName": "SyMS",
          "senderTenantName": "Microsoft",
          "assetLocation": "southafricanorth",
          "assetStoreKind": "AdlsGen2Account",
          "sink": {
            "properties": {
              "containerName": "container2241218",
              "folder": "folder2241218",
              "mountPath": "",
              "location": "southafricanorth"
            },
            "storeKind": "AdlsGen2Account",
            "storeReference": {
              "referenceName": "/subscriptions/00000000-0000-0000-0000-000000000000/resourceGroups/testResourceGroup/providers/Microsoft.Storage/storageAccounts/consumerTestStorageAccount",
              "type": "ArmResourceReference"
            }
          }
        },
        "shareKind": "InPlace",
        "id": "bb00baac-b768-4004-a712-c5b942dc9e83",
        "type": "ReceivedShare"
      }
    }
  ],
  "Variables": {
    "AZURE_AUTHORITY_HOST": null,
    "PURVIEW_SHARE_URL": "https://myaccountname.purview.azure.com/share",
    "RandomSeed": "604815782"
  }
}
