{
  "Entries": [
    {
      "RequestUri": "https://management.azure.com/subscriptions/db1ab6f0-4769-4b27-930e-01e2ef9c123c?api-version=2021-01-01",
      "RequestMethod": "GET",
      "RequestHeaders": {
        "Accept": "application/json",
        "Authorization": "Sanitized",
        "traceparent": "00-8728e1a944e7ed533724ef0ddbd6331e-8d79f8677e953433-00",
        "User-Agent": [
          "azsdk-net-ResourceManager/1.0.0-alpha.20220118.1",
          "(.NET 6.0.1; Microsoft Windows 10.0.22000)"
        ],
        "x-ms-client-request-id": "fb294661993bfd5993078bf279cfb066",
        "x-ms-return-client-request-id": "true"
      },
      "RequestBody": null,
      "StatusCode": 200,
      "ResponseHeaders": {
        "Cache-Control": "no-cache",
        "Content-Length": "468",
        "Content-Type": "application/json; charset=utf-8",
        "Date": "Tue, 18 Jan 2022 03:40:20 GMT",
        "Expires": "-1",
        "Pragma": "no-cache",
        "Strict-Transport-Security": "max-age=31536000; includeSubDomains",
        "X-Content-Type-Options": "nosniff",
        "x-ms-correlation-request-id": "6692de44-2fda-4a40-85b1-7555434ef89e",
        "x-ms-ratelimit-remaining-subscription-reads": "11949",
        "x-ms-request-id": "6692de44-2fda-4a40-85b1-7555434ef89e",
        "x-ms-routing-request-id": "SOUTHEASTASIA:20220118T034021Z:6692de44-2fda-4a40-85b1-7555434ef89e"
      },
      "ResponseBody": {
        "id": "/subscriptions/db1ab6f0-4769-4b27-930e-01e2ef9c123c",
        "authorizationSource": "RoleBased",
        "managedByTenants": [],
        "tags": {
          "tagKey1": "tagValue1",
          "tagKey2": "tagValue2"
        },
        "subscriptionId": "db1ab6f0-4769-4b27-930e-01e2ef9c123c",
        "tenantId": "72f988bf-86f1-41af-91ab-2d7cd011db47",
        "displayName": ".NET Mgmt SDK Test with TTL = 1 Day",
        "state": "Enabled",
        "subscriptionPolicies": {
          "locationPlacementId": "Internal_2014-09-01",
          "quotaId": "Internal_2014-09-01",
          "spendingLimit": "Off"
        }
      }
    },
    {
      "RequestUri": "https://management.azure.com/subscriptions/db1ab6f0-4769-4b27-930e-01e2ef9c123c/resourcegroups/testRG-7869?api-version=2021-04-01",
      "RequestMethod": "PUT",
      "RequestHeaders": {
        "Accept": "application/json",
        "Authorization": "Sanitized",
        "Content-Length": "44",
        "Content-Type": "application/json",
        "User-Agent": [
          "azsdk-net-ResourceManager/1.0.0-alpha.20220118.1",
          "(.NET 6.0.1; Microsoft Windows 10.0.22000)"
        ],
        "x-ms-client-request-id": "f5a0eb7cb3c2a8267c765b9b879fd9a8",
        "x-ms-return-client-request-id": "true"
      },
      "RequestBody": {
        "tags": {
          "test": "env"
        },
        "location": "westus2"
      },
      "StatusCode": 201,
      "ResponseHeaders": {
        "Cache-Control": "no-cache",
        "Content-Length": "242",
        "Content-Type": "application/json; charset=utf-8",
        "Date": "Tue, 18 Jan 2022 03:40:21 GMT",
        "Expires": "-1",
        "Pragma": "no-cache",
        "Strict-Transport-Security": "max-age=31536000; includeSubDomains",
        "X-Content-Type-Options": "nosniff",
        "x-ms-correlation-request-id": "6d09afee-c241-4610-a402-d3af46a9fd85",
        "x-ms-ratelimit-remaining-subscription-writes": "1189",
        "x-ms-request-id": "6d09afee-c241-4610-a402-d3af46a9fd85",
        "x-ms-routing-request-id": "SOUTHEASTASIA:20220118T034021Z:6d09afee-c241-4610-a402-d3af46a9fd85"
      },
      "ResponseBody": {
        "id": "/subscriptions/db1ab6f0-4769-4b27-930e-01e2ef9c123c/resourceGroups/testRG-7869",
        "name": "testRG-7869",
        "type": "Microsoft.Resources/resourceGroups",
        "location": "westus2",
        "tags": {
          "test": "env"
        },
        "properties": {
          "provisioningState": "Succeeded"
        }
      }
    },
    {
      "RequestUri": "https://management.azure.com/subscriptions/db1ab6f0-4769-4b27-930e-01e2ef9c123c/resourceGroups/testRG-7869/providers/Microsoft.Compute/diskAccesses/testDA-9030?api-version=2021-08-01",
      "RequestMethod": "PUT",
      "RequestHeaders": {
        "Accept": "application/json",
        "Authorization": "Sanitized",
        "Content-Length": "48",
        "Content-Type": "application/json",
        "User-Agent": [
          "azsdk-net-ResourceManager.Compute/1.0.0-alpha.20220118.1",
          "(.NET 6.0.1; Microsoft Windows 10.0.22000)"
        ],
        "x-ms-client-request-id": "40b3be035490026a6538a462da3dffd8",
        "x-ms-return-client-request-id": "true"
      },
      "RequestBody": {
        "tags": {},
        "location": "westus2",
        "properties": {}
      },
      "StatusCode": 202,
      "ResponseHeaders": {
        "Azure-AsyncOperation": "https://management.azure.com/subscriptions/db1ab6f0-4769-4b27-930e-01e2ef9c123c/providers/Microsoft.Compute/locations/westus2/DiskOperations/2a66cac8-b209-4c13-82ae-17769d55ef73?p=4bf15084-9f45-4a17-82a6-013632a884fb\u0026api-version=2021-08-01",
        "Cache-Control": "no-cache",
        "Content-Length": "168",
        "Content-Type": "application/json; charset=utf-8",
        "Date": "Tue, 18 Jan 2022 03:40:22 GMT",
        "Expires": "-1",
        "Location": "https://management.azure.com/subscriptions/db1ab6f0-4769-4b27-930e-01e2ef9c123c/providers/Microsoft.Compute/locations/westus2/DiskOperations/2a66cac8-b209-4c13-82ae-17769d55ef73?p=4bf15084-9f45-4a17-82a6-013632a884fb\u0026monitor=true\u0026api-version=2021-08-01",
        "Pragma": "no-cache",
        "Server": [
          "Microsoft-HTTPAPI/2.0",
          "Microsoft-HTTPAPI/2.0"
        ],
        "Strict-Transport-Security": "max-age=31536000; includeSubDomains",
        "X-Content-Type-Options": "nosniff",
        "x-ms-client-request-id": "40b3be035490026a6538a462da3dffd8",
        "x-ms-correlation-request-id": "91af8e91-87ed-4588-9153-aa5dfe62ad22",
        "x-ms-ratelimit-remaining-subscription-writes": "1188",
        "x-ms-request-id": "2a66cac8-b209-4c13-82ae-17769d55ef73",
        "x-ms-routing-request-id": "SOUTHEASTASIA:20220118T034023Z:91af8e91-87ed-4588-9153-aa5dfe62ad22",
        "x-ms-served-by": "4bf15084-9f45-4a17-82a6-013632a884fb_132726572129482938"
      },
      "ResponseBody": [
        "{\r\n",
        "  \u0022name\u0022: \u0022testDA-9030\u0022,\r\n",
        "  \u0022type\u0022: \u0022Microsoft.Compute/diskAccesses\u0022,\r\n",
        "  \u0022location\u0022: \u0022westus2\u0022,\r\n",
        "  \u0022tags\u0022: {},\r\n",
        "  \u0022properties\u0022: {\r\n",
        "    \u0022provisioningState\u0022: 0\r\n",
        "  }\r\n",
        "}"
      ]
    },
    {
      "RequestUri": "https://management.azure.com/subscriptions/db1ab6f0-4769-4b27-930e-01e2ef9c123c/providers/Microsoft.Compute/locations/westus2/DiskOperations/2a66cac8-b209-4c13-82ae-17769d55ef73?p=4bf15084-9f45-4a17-82a6-013632a884fb\u0026api-version=2021-08-01",
      "RequestMethod": "GET",
      "RequestHeaders": {
        "Authorization": "Sanitized",
        "User-Agent": [
          "azsdk-net-ResourceManager/1.0.0-alpha.20220118.1",
          "(.NET 6.0.1; Microsoft Windows 10.0.22000)"
        ],
        "x-ms-client-request-id": "f1cbd0184bb3277e819e8f890fc3cd3f",
        "x-ms-return-client-request-id": "true"
      },
      "RequestBody": null,
      "StatusCode": 200,
      "ResponseHeaders": {
        "Cache-Control": "no-cache",
        "Content-Length": "134",
        "Content-Type": "application/json; charset=utf-8",
        "Date": "Tue, 18 Jan 2022 03:40:23 GMT",
        "Expires": "-1",
        "Pragma": "no-cache",
        "Server": [
          "Microsoft-HTTPAPI/2.0",
          "Microsoft-HTTPAPI/2.0"
        ],
        "Strict-Transport-Security": "max-age=31536000; includeSubDomains",
        "X-Content-Type-Options": "nosniff",
        "x-ms-client-request-id": "f1cbd0184bb3277e819e8f890fc3cd3f",
        "x-ms-correlation-request-id": "a9064686-d26f-406b-b23e-4a82143a60e1",
        "x-ms-ratelimit-remaining-resource": "Microsoft.Compute/GetOperation3Min;49878,Microsoft.Compute/GetOperation30Min;399878",
        "x-ms-ratelimit-remaining-subscription-reads": "11948",
        "x-ms-request-id": "c594cf39-7656-4510-9fa2-7f46103afe10",
        "x-ms-routing-request-id": "SOUTHEASTASIA:20220118T034023Z:a9064686-d26f-406b-b23e-4a82143a60e1",
        "x-ms-served-by": "4bf15084-9f45-4a17-82a6-013632a884fb_132726572129482938"
      },
      "ResponseBody": [
        "{\r\n",
        "  \u0022startTime\u0022: \u00222022-01-18T03:40:23.5793188\u002B00:00\u0022,\r\n",
        "  \u0022status\u0022: \u0022InProgress\u0022,\r\n",
        "  \u0022name\u0022: \u00222a66cac8-b209-4c13-82ae-17769d55ef73\u0022\r\n",
        "}"
      ]
    },
    {
      "RequestUri": "https://management.azure.com/subscriptions/db1ab6f0-4769-4b27-930e-01e2ef9c123c/providers/Microsoft.Compute/locations/westus2/DiskOperations/2a66cac8-b209-4c13-82ae-17769d55ef73?p=4bf15084-9f45-4a17-82a6-013632a884fb\u0026api-version=2021-08-01",
      "RequestMethod": "GET",
      "RequestHeaders": {
        "Authorization": "Sanitized",
        "User-Agent": [
          "azsdk-net-ResourceManager/1.0.0-alpha.20220118.1",
          "(.NET 6.0.1; Microsoft Windows 10.0.22000)"
        ],
        "x-ms-client-request-id": "6e9b827744a698303a3d6bfd3888606e",
        "x-ms-return-client-request-id": "true"
      },
      "RequestBody": null,
      "StatusCode": 200,
      "ResponseHeaders": {
        "Cache-Control": "no-cache",
        "Content-Length": "134",
        "Content-Type": "application/json; charset=utf-8",
        "Date": "Tue, 18 Jan 2022 03:40:23 GMT",
        "Expires": "-1",
        "Pragma": "no-cache",
        "Server": [
          "Microsoft-HTTPAPI/2.0",
          "Microsoft-HTTPAPI/2.0"
        ],
        "Strict-Transport-Security": "max-age=31536000; includeSubDomains",
        "X-Content-Type-Options": "nosniff",
        "x-ms-client-request-id": "6e9b827744a698303a3d6bfd3888606e",
        "x-ms-correlation-request-id": "9f8624e4-ecd7-4d4e-b645-182b10c58e1f",
        "x-ms-ratelimit-remaining-resource": "Microsoft.Compute/GetOperation3Min;49877,Microsoft.Compute/GetOperation30Min;399877",
        "x-ms-ratelimit-remaining-subscription-reads": "11947",
        "x-ms-request-id": "3af7cf2d-145e-45af-be16-e4bf0d42a212",
        "x-ms-routing-request-id": "SOUTHEASTASIA:20220118T034024Z:9f8624e4-ecd7-4d4e-b645-182b10c58e1f",
        "x-ms-served-by": "4bf15084-9f45-4a17-82a6-013632a884fb_132726572129482938"
      },
      "ResponseBody": [
        "{\r\n",
        "  \u0022startTime\u0022: \u00222022-01-18T03:40:23.5793188\u002B00:00\u0022,\r\n",
        "  \u0022status\u0022: \u0022InProgress\u0022,\r\n",
        "  \u0022name\u0022: \u00222a66cac8-b209-4c13-82ae-17769d55ef73\u0022\r\n",
        "}"
      ]
    },
    {
      "RequestUri": "https://management.azure.com/subscriptions/db1ab6f0-4769-4b27-930e-01e2ef9c123c/providers/Microsoft.Compute/locations/westus2/DiskOperations/2a66cac8-b209-4c13-82ae-17769d55ef73?p=4bf15084-9f45-4a17-82a6-013632a884fb\u0026api-version=2021-08-01",
      "RequestMethod": "GET",
      "RequestHeaders": {
        "Authorization": "Sanitized",
        "User-Agent": [
          "azsdk-net-ResourceManager/1.0.0-alpha.20220118.1",
          "(.NET 6.0.1; Microsoft Windows 10.0.22000)"
        ],
        "x-ms-client-request-id": "094ab7b80d71b5259ad114d9dcfb6611",
        "x-ms-return-client-request-id": "true"
      },
      "RequestBody": null,
      "StatusCode": 200,
      "ResponseHeaders": {
        "Cache-Control": "no-cache",
        "Content-Length": "134",
        "Content-Type": "application/json; charset=utf-8",
        "Date": "Tue, 18 Jan 2022 03:40:23 GMT",
        "Expires": "-1",
        "Pragma": "no-cache",
        "Server": [
          "Microsoft-HTTPAPI/2.0",
          "Microsoft-HTTPAPI/2.0"
        ],
        "Strict-Transport-Security": "max-age=31536000; includeSubDomains",
        "X-Content-Type-Options": "nosniff",
        "x-ms-client-request-id": "094ab7b80d71b5259ad114d9dcfb6611",
        "x-ms-correlation-request-id": "a84c212b-8b5b-41f9-b03b-e87ba81b0a4d",
        "x-ms-ratelimit-remaining-resource": "Microsoft.Compute/GetOperation3Min;49876,Microsoft.Compute/GetOperation30Min;399876",
        "x-ms-ratelimit-remaining-subscription-reads": "11946",
        "x-ms-request-id": "94ff6cc0-d8da-43e3-81bd-7407217e6e03",
        "x-ms-routing-request-id": "SOUTHEASTASIA:20220118T034024Z:a84c212b-8b5b-41f9-b03b-e87ba81b0a4d",
        "x-ms-served-by": "4bf15084-9f45-4a17-82a6-013632a884fb_132726572129482938"
      },
      "ResponseBody": [
        "{\r\n",
        "  \u0022startTime\u0022: \u00222022-01-18T03:40:23.5793188\u002B00:00\u0022,\r\n",
        "  \u0022status\u0022: \u0022InProgress\u0022,\r\n",
        "  \u0022name\u0022: \u00222a66cac8-b209-4c13-82ae-17769d55ef73\u0022\r\n",
        "}"
      ]
    },
    {
      "RequestUri": "https://management.azure.com/subscriptions/db1ab6f0-4769-4b27-930e-01e2ef9c123c/providers/Microsoft.Compute/locations/westus2/DiskOperations/2a66cac8-b209-4c13-82ae-17769d55ef73?p=4bf15084-9f45-4a17-82a6-013632a884fb\u0026api-version=2021-08-01",
      "RequestMethod": "GET",
      "RequestHeaders": {
        "Authorization": "Sanitized",
        "User-Agent": [
          "azsdk-net-ResourceManager/1.0.0-alpha.20220118.1",
          "(.NET 6.0.1; Microsoft Windows 10.0.22000)"
        ],
        "x-ms-client-request-id": "1e6adcc5125cd4469f33b775e081eff8",
        "x-ms-return-client-request-id": "true"
      },
      "RequestBody": null,
      "StatusCode": 200,
      "ResponseHeaders": {
        "Cache-Control": "no-cache",
        "Content-Length": "604",
        "Content-Type": "application/json; charset=utf-8",
        "Date": "Tue, 18 Jan 2022 03:40:24 GMT",
        "Expires": "-1",
        "Pragma": "no-cache",
        "Server": [
          "Microsoft-HTTPAPI/2.0",
          "Microsoft-HTTPAPI/2.0"
        ],
        "Strict-Transport-Security": "max-age=31536000; includeSubDomains",
        "X-Content-Type-Options": "nosniff",
        "x-ms-client-request-id": "1e6adcc5125cd4469f33b775e081eff8",
        "x-ms-correlation-request-id": "bfb719e5-e161-46e2-965e-9536a668f0e0",
        "x-ms-ratelimit-remaining-resource": "Microsoft.Compute/GetOperation3Min;49874,Microsoft.Compute/GetOperation30Min;399874",
        "x-ms-ratelimit-remaining-subscription-reads": "11945",
        "x-ms-request-id": "7e676366-b990-4b99-a798-774e68c030f8",
        "x-ms-routing-request-id": "SOUTHEASTASIA:20220118T034024Z:bfb719e5-e161-46e2-965e-9536a668f0e0",
        "x-ms-served-by": "4bf15084-9f45-4a17-82a6-013632a884fb_132726572129482938"
      },
      "ResponseBody": [
        "{\r\n",
        "  \u0022startTime\u0022: \u00222022-01-18T03:40:23.5793188\u002B00:00\u0022,\r\n",
        "  \u0022endTime\u0022: \u00222022-01-18T03:40:24.5949428\u002B00:00\u0022,\r\n",
        "  \u0022status\u0022: \u0022Succeeded\u0022,\r\n",
        "  \u0022properties\u0022: {\r\n",
        "    \u0022output\u0022: {\r\n",
        "  \u0022name\u0022: \u0022testDA-9030\u0022,\r\n",
        "  \u0022id\u0022: \u0022/subscriptions/db1ab6f0-4769-4b27-930e-01e2ef9c123c/resourceGroups/testRG-7869/providers/Microsoft.Compute/diskAccesses/testDA-9030\u0022,\r\n",
        "  \u0022type\u0022: \u0022Microsoft.Compute/diskAccesses\u0022,\r\n",
        "  \u0022location\u0022: \u0022westus2\u0022,\r\n",
        "  \u0022tags\u0022: {},\r\n",
        "  \u0022properties\u0022: {\r\n",
        "    \u0022provisioningState\u0022: \u0022Succeeded\u0022,\r\n",
        "    \u0022timeCreated\u0022: \u00222022-01-18T03:40:23.5949184\u002B00:00\u0022\r\n",
        "  }\r\n",
        "}\r\n",
        "  },\r\n",
        "  \u0022name\u0022: \u00222a66cac8-b209-4c13-82ae-17769d55ef73\u0022\r\n",
        "}"
      ]
    },
    {
      "RequestUri": "https://management.azure.com/subscriptions/db1ab6f0-4769-4b27-930e-01e2ef9c123c/resourceGroups/testRG-7869/providers/Microsoft.Compute/diskAccesses/testDA-9030?api-version=2021-08-01",
      "RequestMethod": "GET",
      "RequestHeaders": {
        "Authorization": "Sanitized",
        "User-Agent": [
          "azsdk-net-ResourceManager/1.0.0-alpha.20220118.1",
          "(.NET 6.0.1; Microsoft Windows 10.0.22000)"
        ],
        "x-ms-client-request-id": "57d0203dc47869cd5de6d3d42f57bb3f",
        "x-ms-return-client-request-id": "true"
      },
      "RequestBody": null,
      "StatusCode": 200,
      "ResponseHeaders": {
        "Cache-Control": "no-cache",
        "Content-Length": "379",
        "Content-Type": "application/json; charset=utf-8",
        "Date": "Tue, 18 Jan 2022 03:40:24 GMT",
        "Expires": "-1",
        "Pragma": "no-cache",
        "Server": [
          "Microsoft-HTTPAPI/2.0",
          "Microsoft-HTTPAPI/2.0"
        ],
        "Strict-Transport-Security": "max-age=31536000; includeSubDomains",
        "X-Content-Type-Options": "nosniff",
        "x-ms-client-request-id": "57d0203dc47869cd5de6d3d42f57bb3f",
        "x-ms-correlation-request-id": "166ece16-119f-46c2-9e45-b91dc28bab91",
        "x-ms-ratelimit-remaining-subscription-reads": "11944",
        "x-ms-request-id": "0675381e-3892-4669-bd41-b16ced4b381c",
        "x-ms-routing-request-id": "SOUTHEASTASIA:20220118T034025Z:166ece16-119f-46c2-9e45-b91dc28bab91",
        "x-ms-served-by": "4bf15084-9f45-4a17-82a6-013632a884fb_132726572129482938"
      },
      "ResponseBody": [
        "{\r\n",
        "  \u0022name\u0022: \u0022testDA-9030\u0022,\r\n",
        "  \u0022id\u0022: \u0022/subscriptions/db1ab6f0-4769-4b27-930e-01e2ef9c123c/resourceGroups/testRG-7869/providers/Microsoft.Compute/diskAccesses/testDA-9030\u0022,\r\n",
        "  \u0022type\u0022: \u0022Microsoft.Compute/diskAccesses\u0022,\r\n",
        "  \u0022location\u0022: \u0022westus2\u0022,\r\n",
        "  \u0022tags\u0022: {},\r\n",
        "  \u0022properties\u0022: {\r\n",
        "    \u0022provisioningState\u0022: \u0022Succeeded\u0022,\r\n",
        "    \u0022timeCreated\u0022: \u00222022-01-18T03:40:23.5949184\u002B00:00\u0022\r\n",
        "  }\r\n",
        "}"
      ]
    },
    {
      "RequestUri": "https://management.azure.com/subscriptions/db1ab6f0-4769-4b27-930e-01e2ef9c123c/resourceGroups/testRG-7869/providers/Microsoft.Compute/diskAccesses/testDA-9030?api-version=2021-08-01",
      "RequestMethod": "GET",
      "RequestHeaders": {
        "Accept": "application/json",
        "Authorization": "Sanitized",
        "User-Agent": [
          "azsdk-net-ResourceManager.Compute/1.0.0-alpha.20220118.1",
          "(.NET 6.0.1; Microsoft Windows 10.0.22000)"
        ],
        "x-ms-client-request-id": "5b375ad7411da6127176693d56b0d519",
        "x-ms-return-client-request-id": "true"
      },
      "RequestBody": null,
      "StatusCode": 200,
      "ResponseHeaders": {
        "Cache-Control": "no-cache",
        "Content-Length": "379",
        "Content-Type": "application/json; charset=utf-8",
        "Date": "Tue, 18 Jan 2022 03:40:24 GMT",
        "Expires": "-1",
        "Pragma": "no-cache",
        "Server": [
          "Microsoft-HTTPAPI/2.0",
          "Microsoft-HTTPAPI/2.0"
        ],
        "Strict-Transport-Security": "max-age=31536000; includeSubDomains",
        "X-Content-Type-Options": "nosniff",
        "x-ms-client-request-id": "5b375ad7411da6127176693d56b0d519",
        "x-ms-correlation-request-id": "57f0a959-3110-4bd3-8511-ce435ebfef15",
        "x-ms-ratelimit-remaining-subscription-reads": "11943",
        "x-ms-request-id": "34a5c978-c23c-4fc0-b791-da6ce5a3b8ca",
        "x-ms-routing-request-id": "SOUTHEASTASIA:20220118T034025Z:57f0a959-3110-4bd3-8511-ce435ebfef15",
        "x-ms-served-by": "4bf15084-9f45-4a17-82a6-013632a884fb_132726572129482938"
      },
      "ResponseBody": [
        "{\r\n",
        "  \u0022name\u0022: \u0022testDA-9030\u0022,\r\n",
        "  \u0022id\u0022: \u0022/subscriptions/db1ab6f0-4769-4b27-930e-01e2ef9c123c/resourceGroups/testRG-7869/providers/Microsoft.Compute/diskAccesses/testDA-9030\u0022,\r\n",
        "  \u0022type\u0022: \u0022Microsoft.Compute/diskAccesses\u0022,\r\n",
        "  \u0022location\u0022: \u0022westus2\u0022,\r\n",
        "  \u0022tags\u0022: {},\r\n",
        "  \u0022properties\u0022: {\r\n",
        "    \u0022provisioningState\u0022: \u0022Succeeded\u0022,\r\n",
        "    \u0022timeCreated\u0022: \u00222022-01-18T03:40:23.5949184\u002B00:00\u0022\r\n",
        "  }\r\n",
        "}"
      ]
    }
  ],
  "Variables": {
    "RandomSeed": "198661354",
    "RESOURCE_MANAGER_URL": null,
    "SUBSCRIPTION_ID": "db1ab6f0-4769-4b27-930e-01e2ef9c123c"
  }
}