{
  "Entries": [
    {
      "RequestUri": "https://management.azure.com/subscriptions/db1ab6f0-4769-4b27-930e-01e2ef9c123c?api-version=2021-01-01",
      "RequestMethod": "GET",
      "RequestHeaders": {
        "Accept": "application/json",
        "Authorization": "Sanitized",
        "traceparent": "00-719753938e634d47a05cd0f82d523653-c6622173dc872849-00",
        "User-Agent": "azsdk-net-ResourceManager/1.3.0 (.NET Core 3.1.28; Microsoft Windows 10.0.22000)",
        "x-ms-client-request-id": "aed1e504f081295373196c88a38a53d8",
        "x-ms-return-client-request-id": "true"
      },
      "RequestBody": null,
      "StatusCode": 200,
      "ResponseHeaders": {
        "Cache-Control": "no-cache",
        "Content-Length": "747",
        "Content-Type": "application/json; charset=utf-8",
        "Date": "Thu, 25 Aug 2022 06:59:16 GMT",
        "Expires": "-1",
        "Pragma": "no-cache",
        "Strict-Transport-Security": "max-age=31536000; includeSubDomains",
        "X-Content-Type-Options": "nosniff",
        "x-ms-correlation-request-id": "a5c3e3a2-6fbb-46cf-bb7e-384bcdbed548",
        "x-ms-ratelimit-remaining-subscription-reads": "11993",
        "x-ms-request-id": "a5c3e3a2-6fbb-46cf-bb7e-384bcdbed548",
        "x-ms-routing-request-id": "SOUTHEASTASIA:20220825T065916Z:a5c3e3a2-6fbb-46cf-bb7e-384bcdbed548"
      },
      "ResponseBody": {
        "id": "/subscriptions/db1ab6f0-4769-4b27-930e-01e2ef9c123c",
        "authorizationSource": "RoleBased",
        "managedByTenants": [],
        "tags": {
          "TagKey-9823": "TagValue-566",
          "TagKey-3481": "TagValue-320",
          "TagKey-4926": "TagValue-1187",
          "TagKey-751": "TagValue-3921",
          "TagKey-1866": "TagValue-8559",
          "TagKey-3094": "TagValue-9190",
          "TagKey-2449": "TagValue-9",
          "TagKey-8379": "TagValue-164",
          "TagKey-7470": "TagValue-2205",
          "TagKey-4236": "TagValue-3698",
          "TagKey-5316": "TagValue-2725"
        },
        "subscriptionId": "db1ab6f0-4769-4b27-930e-01e2ef9c123c",
        "tenantId": "72f988bf-86f1-41af-91ab-2d7cd011db47",
        "displayName": ".NET Mgmt SDK Test with TTL = 1 Day",
        "state": "Enabled",
        "subscriptionPolicies": {
          "locationPlacementId": "Internal_2014-09-01",
          "quotaId": "Internal_2014-09-01",
          "spendingLimit": "Off"
        }
      }
    },
    {
      "RequestUri": "https://management.azure.com/subscriptions/db1ab6f0-4769-4b27-930e-01e2ef9c123c/resourcegroups/LogicAppRG-2042?api-version=2021-04-01",
      "RequestMethod": "PUT",
      "RequestHeaders": {
        "Accept": "application/json",
        "Authorization": "Sanitized",
        "Content-Length": "24",
        "Content-Type": "application/json",
        "traceparent": "00-eeadb63c2184cd4e8cec6835f75b2bc2-fb06b74f8c83ed4d-00",
        "User-Agent": "azsdk-net-ResourceManager/1.3.0 (.NET Core 3.1.28; Microsoft Windows 10.0.22000)",
        "x-ms-client-request-id": "dbea2dae6f6fabeb86016f60bf9d86c4",
        "x-ms-return-client-request-id": "true"
      },
      "RequestBody": {
        "location": "centralus"
      },
      "StatusCode": 201,
      "ResponseHeaders": {
        "Cache-Control": "no-cache",
        "Content-Length": "230",
        "Content-Type": "application/json; charset=utf-8",
        "Date": "Thu, 25 Aug 2022 06:59:19 GMT",
        "Expires": "-1",
        "Pragma": "no-cache",
        "Strict-Transport-Security": "max-age=31536000; includeSubDomains",
        "X-Content-Type-Options": "nosniff",
        "x-ms-correlation-request-id": "54ad8e4d-c726-4a3d-a1cd-411787296fac",
        "x-ms-ratelimit-remaining-subscription-writes": "1197",
        "x-ms-request-id": "54ad8e4d-c726-4a3d-a1cd-411787296fac",
        "x-ms-routing-request-id": "SOUTHEASTASIA:20220825T065919Z:54ad8e4d-c726-4a3d-a1cd-411787296fac"
      },
      "ResponseBody": {
        "id": "/subscriptions/db1ab6f0-4769-4b27-930e-01e2ef9c123c/resourceGroups/LogicAppRG-2042",
        "name": "LogicAppRG-2042",
        "type": "Microsoft.Resources/resourceGroups",
        "location": "centralus",
        "properties": {
          "provisioningState": "Succeeded"
        }
      }
    },
    {
      "RequestUri": "https://management.azure.com/subscriptions/db1ab6f0-4769-4b27-930e-01e2ef9c123c/resourceGroups/LogicAppRG-2042/providers/Microsoft.Logic/integrationAccounts/integration2160?api-version=2019-05-01",
      "RequestMethod": "PUT",
      "RequestHeaders": {
        "Accept": "application/json",
        "Authorization": "Sanitized",
        "Content-Length": "76",
        "Content-Type": "application/json",
        "traceparent": "00-7560eb2a175c4d4a83f6828cbfcd598f-2ac058ba54dcc84f-00",
        "User-Agent": "azsdk-net-ResourceManager.Logic/1.0.0-alpha.20220825.1 (.NET Core 3.1.28; Microsoft Windows 10.0.22000)",
        "x-ms-client-request-id": "e754b07f65c742d3207de7b400b462db",
        "x-ms-return-client-request-id": "true"
      },
      "RequestBody": {
        "sku": {
          "name": "Standard"
        },
        "tags": {},
        "location": "centralus",
        "properties": {}
      },
      "StatusCode": 201,
      "ResponseHeaders": {
        "Cache-Control": "no-cache",
        "Content-Length": "315",
        "Content-Type": "application/json; charset=utf-8",
        "Date": "Thu, 25 Aug 2022 06:59:25 GMT",
        "Expires": "-1",
        "Pragma": "no-cache",
        "Strict-Transport-Security": "max-age=31536000; includeSubDomains",
        "X-Content-Type-Options": "nosniff",
        "x-ms-correlation-request-id": "e1ecacab-9fe6-4d4f-a0ad-627892ddc09a",
        "x-ms-ratelimit-remaining-subscription-writes": "1196",
        "x-ms-request-id": "centralus:63f4f6ae-6929-4c60-b340-20f4dbe51577",
        "x-ms-routing-request-id": "SOUTHEASTASIA:20220825T065925Z:e1ecacab-9fe6-4d4f-a0ad-627892ddc09a"
      },
      "ResponseBody": {
        "properties": {
          "state": "Enabled"
        },
        "sku": {
          "name": "Standard"
        },
        "id": "/subscriptions/db1ab6f0-4769-4b27-930e-01e2ef9c123c/resourceGroups/LogicAppRG-2042/providers/Microsoft.Logic/integrationAccounts/integration2160",
        "name": "integration2160",
        "type": "Microsoft.Logic/integrationAccounts",
        "location": "centralus",
        "tags": {}
      }
    }
  ],
  "Variables": {
    "AZURE_AUTHORITY_HOST": "https://login.microsoftonline.com",
    "RandomSeed": "1488264431",
    "RESOURCE_MANAGER_URL": null,
    "SUBSCRIPTION_ID": "db1ab6f0-4769-4b27-930e-01e2ef9c123c"
  }
}
