{
  "Entries": [
    {
      "RequestUri": "http://seanmcccanary3.blob.core.windows.net/test-container-ec95eeef-b27e-c66f-5be5-bbba2acc4a14?restype=container",
      "RequestMethod": "PUT",
      "RequestHeaders": {
        "Accept": "application/xml",
        "Authorization": "Sanitized",
        "traceparent": "00-15e92cbb5cf60f41bef9712ab6eee418-17aa1b3f9d019f47-00",
        "User-Agent": "azsdk-net-Storage.Blobs/12.11.0-alpha.20211010.1 (.NET Framework 4.8.4300.0; Microsoft Windows 10.0.19043 )",
        "x-ms-blob-public-access": "container",
        "x-ms-client-request-id": "d20af907-665f-a760-cf6d-fb9bc10e3c08",
        "x-ms-date": "Tue, 12 Oct 2021 05:02:50 GMT",
        "x-ms-return-client-request-id": "true",
        "x-ms-version": "2021-06-08"
      },
      "RequestBody": null,
      "StatusCode": 201,
      "ResponseHeaders": {
        "Content-Length": "0",
        "Date": "Tue, 12 Oct 2021 05:02:50 GMT",
        "ETag": "\u00220x8D98D3D8A8D6626\u0022",
        "Last-Modified": "Tue, 12 Oct 2021 05:02:50 GMT",
        "Server": "Windows-Azure-Blob/1.0 Microsoft-HTTPAPI/2.0",
        "x-ms-client-request-id": "d20af907-665f-a760-cf6d-fb9bc10e3c08",
        "x-ms-request-id": "392aef1d-001e-0024-7c26-bf2c62000000",
        "x-ms-version": "2021-06-08"
      },
      "ResponseBody": []
    },
    {
      "RequestUri": "http://seanmcccanary3.blob.core.windows.net/test-container-ec95eeef-b27e-c66f-5be5-bbba2acc4a14/test-blob-a691bb74-1ebe-9999-183c-276d20d77227",
      "RequestMethod": "PUT",
      "RequestHeaders": {
        "Accept": "application/xml",
        "Authorization": "Sanitized",
        "traceparent": "00-b91532ab63e8c34c9243d890f14fd758-b64a688f26904e49-00",
        "User-Agent": "azsdk-net-Storage.Blobs/12.11.0-alpha.20211010.1 (.NET Framework 4.8.4300.0; Microsoft Windows 10.0.19043 )",
        "x-ms-blob-content-length": "1024",
        "x-ms-blob-type": "PageBlob",
        "x-ms-client-request-id": "50547146-e2c5-c712-2691-af865ca2e09a",
        "x-ms-date": "Tue, 12 Oct 2021 05:02:50 GMT",
        "x-ms-return-client-request-id": "true",
        "x-ms-version": "2021-06-08"
      },
      "RequestBody": null,
      "StatusCode": 201,
      "ResponseHeaders": {
        "Content-Length": "0",
        "Date": "Tue, 12 Oct 2021 05:02:50 GMT",
        "ETag": "\u00220x8D98D3D8AB764FF\u0022",
        "Last-Modified": "Tue, 12 Oct 2021 05:02:50 GMT",
        "Server": "Windows-Azure-Blob/1.0 Microsoft-HTTPAPI/2.0",
        "x-ms-client-request-id": "50547146-e2c5-c712-2691-af865ca2e09a",
        "x-ms-request-id": "392aefb7-001e-0024-7a26-bf2c62000000",
        "x-ms-request-server-encrypted": "true",
        "x-ms-version": "2021-06-08",
        "x-ms-version-id": "2021-10-12T05:02:50.9432063Z"
      },
      "ResponseBody": []
    },
    {
      "RequestUri": "http://seanmcccanary3.blob.core.windows.net/test-container-ec95eeef-b27e-c66f-5be5-bbba2acc4a14?restype=container",
      "RequestMethod": "DELETE",
      "RequestHeaders": {
        "Accept": "application/xml",
        "Authorization": "Sanitized",
        "traceparent": "00-14cf7aed2a29f64ca5a0140be8fbec92-7fa372e5634b8541-00",
        "User-Agent": "azsdk-net-Storage.Blobs/12.11.0-alpha.20211010.1 (.NET Framework 4.8.4300.0; Microsoft Windows 10.0.19043 )",
        "x-ms-client-request-id": "af266d38-2282-5161-8f98-0695c56452f7",
        "x-ms-date": "Tue, 12 Oct 2021 05:02:51 GMT",
        "x-ms-return-client-request-id": "true",
        "x-ms-version": "2021-06-08"
      },
      "RequestBody": null,
      "StatusCode": 202,
      "ResponseHeaders": {
        "Content-Length": "0",
        "Date": "Tue, 12 Oct 2021 05:02:51 GMT",
        "Server": "Windows-Azure-Blob/1.0 Microsoft-HTTPAPI/2.0",
        "x-ms-client-request-id": "af266d38-2282-5161-8f98-0695c56452f7",
        "x-ms-request-id": "392af03f-001e-0024-6f26-bf2c62000000",
        "x-ms-version": "2021-06-08"
      },
      "ResponseBody": []
    }
  ],
  "Variables": {
    "RandomSeed": "1544665305",
    "Storage_TestConfigDefault": "ProductionTenant\nseanmcccanary3\nU2FuaXRpemVk\nhttp://seanmcccanary3.blob.core.windows.net\nhttp://seanmcccanary3.file.core.windows.net\nhttp://seanmcccanary3.queue.core.windows.net\nhttp://seanmcccanary3.table.core.windows.net\n\n\n\n\nhttp://seanmcccanary3-secondary.blob.core.windows.net\nhttp://seanmcccanary3-secondary.file.core.windows.net\nhttp://seanmcccanary3-secondary.queue.core.windows.net\nhttp://seanmcccanary3-secondary.table.core.windows.net\n\nSanitized\n\n\nCloud\nBlobEndpoint=http://seanmcccanary3.blob.core.windows.net/;QueueEndpoint=http://seanmcccanary3.queue.core.windows.net/;FileEndpoint=http://seanmcccanary3.file.core.windows.net/;BlobSecondaryEndpoint=http://seanmcccanary3-secondary.blob.core.windows.net/;QueueSecondaryEndpoint=http://seanmcccanary3-secondary.queue.core.windows.net/;FileSecondaryEndpoint=http://seanmcccanary3-secondary.file.core.windows.net/;AccountName=seanmcccanary3;AccountKey=Kg==;\n[encryption scope]\n\n"
  }
}