{
  "Entries": [
    {
      "RequestUri": "https://management.azure.com/subscriptions/db1ab6f0-4769-4b27-930e-01e2ef9c123c?api-version=2021-01-01",
      "RequestMethod": "GET",
      "RequestHeaders": {
        "Accept": "application/json",
        "Authorization": "Sanitized",
        "traceparent": "00-6f0c581c18f0ce489df316b0dd48d8f6-df2fef668325c44f-00",
        "User-Agent": [
          "azsdk-net-ResourceManager/1.0.0-alpha.20220118.1",
          "(.NET Core 3.1.22; Microsoft Windows 10.0.22000)"
        ],
        "x-ms-client-request-id": "00471d84d517a9020bd20b3a07297d1e",
        "x-ms-return-client-request-id": "true"
      },
      "RequestBody": null,
      "StatusCode": 200,
      "ResponseHeaders": {
        "Cache-Control": "no-cache",
        "Content-Length": "468",
        "Content-Type": "application/json; charset=utf-8",
        "Date": "Wed, 19 Jan 2022 02:16:35 GMT",
        "Expires": "-1",
        "Pragma": "no-cache",
        "Strict-Transport-Security": "max-age=31536000; includeSubDomains",
        "X-Content-Type-Options": "nosniff",
        "x-ms-correlation-request-id": "9b67115d-b9d2-43d1-8441-180b47f0e542",
        "x-ms-ratelimit-remaining-subscription-reads": "11995",
        "x-ms-request-id": "9b67115d-b9d2-43d1-8441-180b47f0e542",
        "x-ms-routing-request-id": "SOUTHEASTASIA:20220119T021636Z:9b67115d-b9d2-43d1-8441-180b47f0e542"
      },
      "ResponseBody": {
        "id": "/subscriptions/db1ab6f0-4769-4b27-930e-01e2ef9c123c",
        "authorizationSource": "RoleBased",
        "managedByTenants": [],
        "tags": {
          "tagKey1": "tagValue1",
          "tagKey2": "tagValue2"
        },
        "subscriptionId": "db1ab6f0-4769-4b27-930e-01e2ef9c123c",
        "tenantId": "72f988bf-86f1-41af-91ab-2d7cd011db47",
        "displayName": ".NET Mgmt SDK Test with TTL = 1 Day",
        "state": "Enabled",
        "subscriptionPolicies": {
          "locationPlacementId": "Internal_2014-09-01",
          "quotaId": "Internal_2014-09-01",
          "spendingLimit": "Off"
        }
      }
    },
    {
      "RequestUri": "https://management.azure.com/subscriptions/db1ab6f0-4769-4b27-930e-01e2ef9c123c/resourcegroups/testRG-4274?api-version=2021-04-01",
      "RequestMethod": "PUT",
      "RequestHeaders": {
        "Accept": "application/json",
        "Authorization": "Sanitized",
        "Content-Length": "43",
        "Content-Type": "application/json",
        "User-Agent": [
          "azsdk-net-ResourceManager/1.0.0-alpha.20220118.1",
          "(.NET Core 3.1.22; Microsoft Windows 10.0.22000)"
        ],
        "x-ms-client-request-id": "6ce9be1b352d356bb902b3a891543b2c",
        "x-ms-return-client-request-id": "true"
      },
      "RequestBody": {
        "tags": {
          "test": "env"
        },
        "location": "eastus"
      },
      "StatusCode": 201,
      "ResponseHeaders": {
        "Cache-Control": "no-cache",
        "Content-Length": "241",
        "Content-Type": "application/json; charset=utf-8",
        "Date": "Wed, 19 Jan 2022 02:16:36 GMT",
        "Expires": "-1",
        "Pragma": "no-cache",
        "Strict-Transport-Security": "max-age=31536000; includeSubDomains",
        "X-Content-Type-Options": "nosniff",
        "x-ms-correlation-request-id": "4acf8560-55fa-46ee-907b-6919f2c2d742",
        "x-ms-ratelimit-remaining-subscription-writes": "1199",
        "x-ms-request-id": "4acf8560-55fa-46ee-907b-6919f2c2d742",
        "x-ms-routing-request-id": "SOUTHEASTASIA:20220119T021637Z:4acf8560-55fa-46ee-907b-6919f2c2d742"
      },
      "ResponseBody": {
        "id": "/subscriptions/db1ab6f0-4769-4b27-930e-01e2ef9c123c/resourceGroups/testRG-4274",
        "name": "testRG-4274",
        "type": "Microsoft.Resources/resourceGroups",
        "tags": {
          "test": "env"
        },
        "location": "eastus",
        "properties": {
          "provisioningState": "Succeeded"
        }
      }
    },
    {
      "RequestUri": "https://management.azure.com/subscriptions/db1ab6f0-4769-4b27-930e-01e2ef9c123c/resourceGroups/testRG-4274/providers/Microsoft.Web/sites/testSite9990?api-version=2021-02-01",
      "RequestMethod": "PUT",
      "RequestHeaders": {
        "Accept": "application/json",
        "Authorization": "Sanitized",
        "Content-Length": "47",
        "Content-Type": "application/json",
        "User-Agent": [
          "azsdk-net-ResourceManager.AppService/1.0.0-alpha.20220119.1",
          "(.NET Core 3.1.22; Microsoft Windows 10.0.22000)"
        ],
        "x-ms-client-request-id": "2d24d937a5109cd251c51353cdc8bb4d",
        "x-ms-return-client-request-id": "true"
      },
      "RequestBody": {
        "tags": {},
        "location": "eastus",
        "properties": {}
      },
      "StatusCode": 200,
      "ResponseHeaders": {
        "Cache-Control": "no-cache",
        "Content-Length": "6140",
        "Content-Type": "application/json",
        "Date": "Wed, 19 Jan 2022 02:17:05 GMT",
        "ETag": "\u00221D80CDA9D34096B\u0022",
        "Expires": "-1",
        "Pragma": "no-cache",
        "Server": "Microsoft-IIS/10.0",
        "Strict-Transport-Security": "max-age=31536000; includeSubDomains",
        "X-AspNet-Version": "4.0.30319",
        "X-Content-Type-Options": "nosniff",
        "x-ms-correlation-request-id": "1a9d3095-abc2-407b-a031-b81e1285021c",
        "x-ms-ratelimit-remaining-subscription-resource-requests": "499",
        "x-ms-request-id": "244c79b8-080b-4272-967c-0796277252bc",
        "x-ms-routing-request-id": "SOUTHEASTASIA:20220119T021706Z:1a9d3095-abc2-407b-a031-b81e1285021c",
        "X-Powered-By": "ASP.NET"
      },
      "ResponseBody": {
        "id": "/subscriptions/db1ab6f0-4769-4b27-930e-01e2ef9c123c/resourceGroups/testRG-4274/providers/Microsoft.Web/sites/testSite9990",
        "name": "testSite9990",
        "type": "Microsoft.Web/sites",
        "kind": "app",
        "location": "eastus",
        "tags": {},
        "properties": {
          "name": "testSite9990",
          "state": "Running",
          "hostNames": [
            "testsite9990.azurewebsites.net"
          ],
          "webSpace": "testRG-4274-EastUSwebspace",
          "selfLink": "https://waws-prod-blu-283.api.azurewebsites.windows.net:454/subscriptions/db1ab6f0-4769-4b27-930e-01e2ef9c123c/webspaces/testRG-4274-EastUSwebspace/sites/testSite9990",
          "repositorySiteName": "testSite9990",
          "owner": null,
          "usageState": "Normal",
          "enabled": true,
          "adminEnabled": true,
          "enabledHostNames": [
            "testsite9990.azurewebsites.net",
            "testsite9990.scm.azurewebsites.net"
          ],
          "siteProperties": {
            "metadata": null,
            "properties": [
              {
                "name": "LinuxFxVersion",
                "value": ""
              },
              {
                "name": "WindowsFxVersion",
                "value": null
              }
            ],
            "appSettings": null
          },
          "availabilityState": "Normal",
          "sslCertificates": null,
          "csrs": [],
          "cers": null,
          "siteMode": null,
          "hostNameSslStates": [
            {
              "name": "testsite9990.azurewebsites.net",
              "sslState": "Disabled",
              "ipBasedSslResult": null,
              "virtualIP": null,
              "thumbprint": null,
              "toUpdate": null,
              "toUpdateIpBasedSsl": null,
              "ipBasedSslState": "NotConfigured",
              "hostType": "Standard"
            },
            {
              "name": "testsite9990.scm.azurewebsites.net",
              "sslState": "Disabled",
              "ipBasedSslResult": null,
              "virtualIP": null,
              "thumbprint": null,
              "toUpdate": null,
              "toUpdateIpBasedSsl": null,
              "ipBasedSslState": "NotConfigured",
              "hostType": "Repository"
            }
          ],
          "computeMode": null,
          "serverFarm": null,
          "serverFarmId": "/subscriptions/db1ab6f0-4769-4b27-930e-01e2ef9c123c/resourceGroups/testRG-4274/providers/Microsoft.Web/serverfarms/Default1pp",
          "reserved": false,
          "isXenon": false,
          "hyperV": false,
          "lastModifiedTimeUtc": "2022-01-19T02:16:48.6133333",
          "storageRecoveryDefaultState": "Running",
          "contentAvailabilityState": "Normal",
          "runtimeAvailabilityState": "Normal",
          "siteConfig": {
            "numberOfWorkers": 1,
            "defaultDocuments": null,
            "netFrameworkVersion": null,
            "phpVersion": null,
            "pythonVersion": null,
            "nodeVersion": null,
            "powerShellVersion": null,
            "linuxFxVersion": "",
            "windowsFxVersion": null,
            "requestTracingEnabled": null,
            "remoteDebuggingEnabled": null,
            "remoteDebuggingVersion": null,
            "httpLoggingEnabled": null,
            "azureMonitorLogCategories": null,
            "acrUseManagedIdentityCreds": false,
            "acrUserManagedIdentityID": null,
            "logsDirectorySizeLimit": null,
            "detailedErrorLoggingEnabled": null,
            "publishingUsername": null,
            "publishingPassword": null,
            "appSettings": null,
            "metadata": null,
            "connectionStrings": null,
            "machineKey": null,
            "handlerMappings": null,
            "documentRoot": null,
            "scmType": null,
            "use32BitWorkerProcess": null,
            "webSocketsEnabled": null,
            "alwaysOn": false,
            "javaVersion": null,
            "javaContainer": null,
            "javaContainerVersion": null,
            "appCommandLine": null,
            "managedPipelineMode": null,
            "virtualApplications": null,
            "winAuthAdminState": null,
            "winAuthTenantState": null,
            "customAppPoolIdentityAdminState": null,
            "customAppPoolIdentityTenantState": null,
            "runtimeADUser": null,
            "runtimeADUserPassword": null,
            "loadBalancing": null,
            "routingRules": null,
            "experiments": null,
            "limits": null,
            "autoHealEnabled": null,
            "autoHealRules": null,
            "tracingOptions": null,
            "vnetName": null,
            "vnetRouteAllEnabled": null,
            "vnetPrivatePortsCount": null,
            "publicNetworkAccess": null,
            "cors": null,
            "push": null,
            "apiDefinition": null,
            "apiManagementConfig": null,
            "autoSwapSlotName": null,
            "localMySqlEnabled": null,
            "managedServiceIdentityId": null,
            "xManagedServiceIdentityId": null,
            "keyVaultReferenceIdentity": null,
            "ipSecurityRestrictions": [
              {
                "ipAddress": "Any",
                "action": "Allow",
                "priority": 1,
                "name": "Allow all",
                "description": "Allow all access"
              }
            ],
            "scmIpSecurityRestrictions": [
              {
                "ipAddress": "Any",
                "action": "Allow",
                "priority": 1,
                "name": "Allow all",
                "description": "Allow all access"
              }
            ],
            "scmIpSecurityRestrictionsUseMain": null,
            "http20Enabled": false,
            "minTlsVersion": null,
            "scmMinTlsVersion": null,
            "ftpsState": null,
            "preWarmedInstanceCount": null,
            "functionAppScaleLimit": 0,
            "healthCheckPath": null,
            "fileChangeAuditEnabled": null,
            "functionsRuntimeScaleMonitoringEnabled": null,
            "websiteTimeZone": null,
            "minimumElasticInstanceCount": 0,
            "azureStorageAccounts": null,
            "http20ProxyFlag": null,
            "sitePort": null,
            "antivirusScanEnabled": null
          },
          "deploymentId": "testSite9990",
          "slotName": null,
          "trafficManagerHostNames": null,
          "sku": "Free",
          "scmSiteAlsoStopped": false,
          "targetSwapSlot": null,
          "hostingEnvironment": null,
          "hostingEnvironmentProfile": null,
          "clientAffinityEnabled": true,
          "clientCertEnabled": false,
          "clientCertMode": "Required",
          "clientCertExclusionPaths": null,
          "hostNamesDisabled": false,
          "domainVerificationIdentifiers": null,
          "customDomainVerificationId": "B2B26A95110144FA7D61C7F11182785CA097CEE09243353FC8B6B68E6270D88A",
          "kind": "app",
          "inboundIpAddress": "20.49.104.50",
          "possibleInboundIpAddresses": "20.49.104.50",
          "ftpUsername": "testSite9990\\$testSite9990",
          "ftpsHostName": "ftps://waws-prod-blu-283.ftp.azurewebsites.windows.net/site/wwwroot",
          "outboundIpAddresses": "52.224.78.52,104.45.179.114,52.226.49.170,52.226.49.241,52.226.50.114,52.226.50.142,20.49.104.50",
          "possibleOutboundIpAddresses": "52.224.78.52,104.45.179.114,52.226.49.170,52.226.49.241,52.226.50.114,52.226.50.142,52.226.50.177,104.45.181.205,52.226.48.77,52.226.50.232,52.226.51.10,52.226.51.118,52.226.51.159,52.226.51.179,52.226.51.205,52.226.51.229,52.226.52.42,52.226.52.66,52.226.52.79,52.226.52.95,52.226.52.97,52.226.52.127,52.224.79.75,52.226.52.169,52.226.52.191,52.226.52.202,52.226.53.5,52.226.53.118,52.226.53.198,52.226.53.224,20.49.104.50",
          "containerSize": 0,
          "dailyMemoryTimeQuota": 0,
          "suspendedTill": null,
          "siteDisabledReason": 0,
          "functionExecutionUnitsCache": null,
          "maxNumberOfWorkers": null,
          "homeStamp": "waws-prod-blu-283",
          "cloningInfo": null,
          "hostingEnvironmentId": null,
          "tags": {},
          "resourceGroup": "testRG-4274",
          "defaultHostName": "testsite9990.azurewebsites.net",
          "slotSwapStatus": null,
          "httpsOnly": false,
          "redundancyMode": "None",
          "inProgressOperationId": null,
          "geoDistributions": null,
          "privateEndpointConnections": null,
          "buildVersion": null,
          "targetBuildVersion": null,
          "migrationState": null,
          "eligibleLogCategories": "AppServiceAppLogs,AppServiceAuditLogs,AppServiceConsoleLogs,AppServiceHTTPLogs,AppServiceIPSecAuditLogs,AppServicePlatformLogs,ScanLogs",
          "storageAccountRequired": false,
          "virtualNetworkSubnetId": null,
          "keyVaultReferenceIdentity": "SystemAssigned"
        }
      }
    }
  ],
  "Variables": {
    "RandomSeed": "1999675716",
    "RESOURCE_MANAGER_URL": null,
    "SUBSCRIPTION_ID": "db1ab6f0-4769-4b27-930e-01e2ef9c123c"
  }
}