{
  "Entries": [
    {
      "RequestUri": "https://chrissscratch.table.core.windows.net/Tables?$format=application%2Fjson%3Bodata%3Dfullmetadata",
      "RequestMethod": "POST",
      "RequestHeaders": {
        "Authorization": "Sanitized",
        "Content-Length": "33",
        "Content-Type": "application/json; odata=nometadata",
        "DataServiceVersion": "3.0",
        "traceparent": "00-9ee6a201409ef44d8e766961e6584c20-1788167ea15fc149-00",
        "User-Agent": [
          "azsdk-net-Data.Tables/1.0.0-dev.20200515.1",
          "(.NET Core 4.6.28801.04; Microsoft Windows 10.0.18363 )"
        ],
        "x-ms-client-request-id": "35d9c3b77dbcbc783697a6528ff8eff3",
        "x-ms-date": "Fri, 15 May 2020 19:04:33 GMT",
        "x-ms-return-client-request-id": "true",
        "x-ms-version": "2019-02-02"
      },
      "RequestBody": {
        "TableName": "testtablevz2eq8ne"
      },
      "StatusCode": 201,
      "ResponseHeaders": {
        "Cache-Control": "no-cache",
        "Content-Type": "application/json; odata=fullmetadata; streaming=true; charset=utf-8",
        "Date": "Fri, 15 May 2020 19:04:33 GMT",
        "Location": "https://chrissscratch.table.core.windows.net/Tables(\u0027testtablevz2eq8ne\u0027)",
        "Server": [
          "Windows-Azure-Table/1.0",
          "Microsoft-HTTPAPI/2.0"
        ],
        "Transfer-Encoding": "chunked",
        "X-Content-Type-Options": "nosniff",
        "x-ms-client-request-id": "35d9c3b77dbcbc783697a6528ff8eff3",
        "x-ms-request-id": "5f6e44d1-d002-0000-4beb-2ac4e8000000",
        "x-ms-version": "2019-02-02"
      },
      "ResponseBody": {
        "odata.metadata": "https://chrissscratch.table.core.windows.net/$metadata#Tables/@Element",
        "odata.type": "chrissscratch.Tables",
        "odata.id": "https://chrissscratch.table.core.windows.net/Tables(\u0027testtablevz2eq8ne\u0027)",
        "odata.editLink": "Tables(\u0027testtablevz2eq8ne\u0027)",
        "TableName": "testtablevz2eq8ne"
      }
    },
    {
      "RequestUri": "https://chrissscratch.table.core.windows.net/Tables?$format=application%2Fjson%3Bodata%3Dfullmetadata",
      "RequestMethod": "POST",
      "RequestHeaders": {
        "Authorization": "Sanitized",
        "Content-Length": "33",
        "Content-Type": "application/json; odata=nometadata",
        "DataServiceVersion": "3.0",
        "traceparent": "00-39ab436ae345d94aafea47ab064288a6-73bacf39e3f22c44-00",
        "User-Agent": [
          "azsdk-net-Data.Tables/1.0.0-dev.20200515.1",
          "(.NET Core 4.6.28801.04; Microsoft Windows 10.0.18363 )"
        ],
        "x-ms-client-request-id": "b8f872ab5e3f011491781341b1756b1c",
        "x-ms-date": "Fri, 15 May 2020 19:04:33 GMT",
        "x-ms-return-client-request-id": "true",
        "x-ms-version": "2019-02-02"
      },
      "RequestBody": {
        "TableName": "testtableqbe6teq6"
      },
      "StatusCode": 201,
      "ResponseHeaders": {
        "Cache-Control": "no-cache",
        "Content-Type": "application/json; odata=fullmetadata; streaming=true; charset=utf-8",
        "Date": "Fri, 15 May 2020 19:04:33 GMT",
        "Location": "https://chrissscratch.table.core.windows.net/Tables(\u0027testtableqbe6teq6\u0027)",
        "Server": [
          "Windows-Azure-Table/1.0",
          "Microsoft-HTTPAPI/2.0"
        ],
        "Transfer-Encoding": "chunked",
        "X-Content-Type-Options": "nosniff",
        "x-ms-client-request-id": "b8f872ab5e3f011491781341b1756b1c",
        "x-ms-request-id": "5f6e44f4-d002-0000-6ceb-2ac4e8000000",
        "x-ms-version": "2019-02-02"
      },
      "ResponseBody": {
        "odata.metadata": "https://chrissscratch.table.core.windows.net/$metadata#Tables/@Element",
        "odata.type": "chrissscratch.Tables",
        "odata.id": "https://chrissscratch.table.core.windows.net/Tables(\u0027testtableqbe6teq6\u0027)",
        "odata.editLink": "Tables(\u0027testtableqbe6teq6\u0027)",
        "TableName": "testtableqbe6teq6"
      }
    },
    {
      "RequestUri": "https://chrissscratch.table.core.windows.net/Tables?$format=application%2Fjson%3Bodata%3Dfullmetadata",
      "RequestMethod": "POST",
      "RequestHeaders": {
        "Authorization": "Sanitized",
        "Content-Length": "33",
        "Content-Type": "application/json; odata=nometadata",
        "DataServiceVersion": "3.0",
        "traceparent": "00-d01790aeb8bf234c8bcf01b72d379874-c2b8eefae0200a44-00",
        "User-Agent": [
          "azsdk-net-Data.Tables/1.0.0-dev.20200515.1",
          "(.NET Core 4.6.28801.04; Microsoft Windows 10.0.18363 )"
        ],
        "x-ms-client-request-id": "08d0642de265c2d37b7a894985c07dd7",
        "x-ms-date": "Fri, 15 May 2020 19:04:33 GMT",
        "x-ms-return-client-request-id": "true",
        "x-ms-version": "2019-02-02"
      },
      "RequestBody": {
        "TableName": "testtableli7f5ub0"
      },
      "StatusCode": 201,
      "ResponseHeaders": {
        "Cache-Control": "no-cache",
        "Content-Type": "application/json; odata=fullmetadata; streaming=true; charset=utf-8",
        "Date": "Fri, 15 May 2020 19:04:33 GMT",
        "Location": "https://chrissscratch.table.core.windows.net/Tables(\u0027testtableli7f5ub0\u0027)",
        "Server": [
          "Windows-Azure-Table/1.0",
          "Microsoft-HTTPAPI/2.0"
        ],
        "Transfer-Encoding": "chunked",
        "X-Content-Type-Options": "nosniff",
        "x-ms-client-request-id": "08d0642de265c2d37b7a894985c07dd7",
        "x-ms-request-id": "5f6e450d-d002-0000-04eb-2ac4e8000000",
        "x-ms-version": "2019-02-02"
      },
      "ResponseBody": {
        "odata.metadata": "https://chrissscratch.table.core.windows.net/$metadata#Tables/@Element",
        "odata.type": "chrissscratch.Tables",
        "odata.id": "https://chrissscratch.table.core.windows.net/Tables(\u0027testtableli7f5ub0\u0027)",
        "odata.editLink": "Tables(\u0027testtableli7f5ub0\u0027)",
        "TableName": "testtableli7f5ub0"
      }
    },
    {
      "RequestUri": "https://chrissscratch.table.core.windows.net/Tables?$format=application%2Fjson%3Bodata%3Dfullmetadata",
      "RequestMethod": "POST",
      "RequestHeaders": {
        "Authorization": "Sanitized",
        "Content-Length": "33",
        "Content-Type": "application/json; odata=nometadata",
        "DataServiceVersion": "3.0",
        "traceparent": "00-236f6088f8661e498cefbf66df33478c-7ac313ef12508c44-00",
        "User-Agent": [
          "azsdk-net-Data.Tables/1.0.0-dev.20200515.1",
          "(.NET Core 4.6.28801.04; Microsoft Windows 10.0.18363 )"
        ],
        "x-ms-client-request-id": "323b29bfc8f6b0ea16ec8bda8e0b9bae",
        "x-ms-date": "Fri, 15 May 2020 19:04:33 GMT",
        "x-ms-return-client-request-id": "true",
        "x-ms-version": "2019-02-02"
      },
      "RequestBody": {
        "TableName": "testtable90tdu0zx"
      },
      "StatusCode": 201,
      "ResponseHeaders": {
        "Cache-Control": "no-cache",
        "Content-Type": "application/json; odata=fullmetadata; streaming=true; charset=utf-8",
        "Date": "Fri, 15 May 2020 19:04:33 GMT",
        "Location": "https://chrissscratch.table.core.windows.net/Tables(\u0027testtable90tdu0zx\u0027)",
        "Server": [
          "Windows-Azure-Table/1.0",
          "Microsoft-HTTPAPI/2.0"
        ],
        "Transfer-Encoding": "chunked",
        "X-Content-Type-Options": "nosniff",
        "x-ms-client-request-id": "323b29bfc8f6b0ea16ec8bda8e0b9bae",
        "x-ms-request-id": "5f6e4523-d002-0000-19eb-2ac4e8000000",
        "x-ms-version": "2019-02-02"
      },
      "ResponseBody": {
        "odata.metadata": "https://chrissscratch.table.core.windows.net/$metadata#Tables/@Element",
        "odata.type": "chrissscratch.Tables",
        "odata.id": "https://chrissscratch.table.core.windows.net/Tables(\u0027testtable90tdu0zx\u0027)",
        "odata.editLink": "Tables(\u0027testtable90tdu0zx\u0027)",
        "TableName": "testtable90tdu0zx"
      }
    },
    {
      "RequestUri": "https://chrissscratch.table.core.windows.net/Tables?$format=application%2Fjson%3Bodata%3Dfullmetadata",
      "RequestMethod": "POST",
      "RequestHeaders": {
        "Authorization": "Sanitized",
        "Content-Length": "33",
        "Content-Type": "application/json; odata=nometadata",
        "DataServiceVersion": "3.0",
        "traceparent": "00-b7aa1627b4b55948b6c12263528d73a1-0de17120b5000443-00",
        "User-Agent": [
          "azsdk-net-Data.Tables/1.0.0-dev.20200515.1",
          "(.NET Core 4.6.28801.04; Microsoft Windows 10.0.18363 )"
        ],
        "x-ms-client-request-id": "d0fd26dd443a7f2622ac493ca6a1ccb2",
        "x-ms-date": "Fri, 15 May 2020 19:04:33 GMT",
        "x-ms-return-client-request-id": "true",
        "x-ms-version": "2019-02-02"
      },
      "RequestBody": {
        "TableName": "testtablernmic9o9"
      },
      "StatusCode": 201,
      "ResponseHeaders": {
        "Cache-Control": "no-cache",
        "Content-Type": "application/json; odata=fullmetadata; streaming=true; charset=utf-8",
        "Date": "Fri, 15 May 2020 19:04:33 GMT",
        "Location": "https://chrissscratch.table.core.windows.net/Tables(\u0027testtablernmic9o9\u0027)",
        "Server": [
          "Windows-Azure-Table/1.0",
          "Microsoft-HTTPAPI/2.0"
        ],
        "Transfer-Encoding": "chunked",
        "X-Content-Type-Options": "nosniff",
        "x-ms-client-request-id": "d0fd26dd443a7f2622ac493ca6a1ccb2",
        "x-ms-request-id": "5f6e453e-d002-0000-31eb-2ac4e8000000",
        "x-ms-version": "2019-02-02"
      },
      "ResponseBody": {
        "odata.metadata": "https://chrissscratch.table.core.windows.net/$metadata#Tables/@Element",
        "odata.type": "chrissscratch.Tables",
        "odata.id": "https://chrissscratch.table.core.windows.net/Tables(\u0027testtablernmic9o9\u0027)",
        "odata.editLink": "Tables(\u0027testtablernmic9o9\u0027)",
        "TableName": "testtablernmic9o9"
      }
    },
    {
      "RequestUri": "https://chrissscratch.table.core.windows.net/Tables?$format=application%2Fjson%3Bodata%3Dfullmetadata",
      "RequestMethod": "POST",
      "RequestHeaders": {
        "Authorization": "Sanitized",
        "Content-Length": "33",
        "Content-Type": "application/json; odata=nometadata",
        "DataServiceVersion": "3.0",
        "traceparent": "00-06387a4a4c32074d8110930233eab497-e216836aa2e43e49-00",
        "User-Agent": [
          "azsdk-net-Data.Tables/1.0.0-dev.20200515.1",
          "(.NET Core 4.6.28801.04; Microsoft Windows 10.0.18363 )"
        ],
        "x-ms-client-request-id": "957212090ae79d37923254cfcb1976d1",
        "x-ms-date": "Fri, 15 May 2020 19:04:33 GMT",
        "x-ms-return-client-request-id": "true",
        "x-ms-version": "2019-02-02"
      },
      "RequestBody": {
        "TableName": "testtablerrhmkzkd"
      },
      "StatusCode": 201,
      "ResponseHeaders": {
        "Cache-Control": "no-cache",
        "Content-Type": "application/json; odata=fullmetadata; streaming=true; charset=utf-8",
        "Date": "Fri, 15 May 2020 19:04:33 GMT",
        "Location": "https://chrissscratch.table.core.windows.net/Tables(\u0027testtablerrhmkzkd\u0027)",
        "Server": [
          "Windows-Azure-Table/1.0",
          "Microsoft-HTTPAPI/2.0"
        ],
        "Transfer-Encoding": "chunked",
        "X-Content-Type-Options": "nosniff",
        "x-ms-client-request-id": "957212090ae79d37923254cfcb1976d1",
        "x-ms-request-id": "5f6e455f-d002-0000-4feb-2ac4e8000000",
        "x-ms-version": "2019-02-02"
      },
      "ResponseBody": {
        "odata.metadata": "https://chrissscratch.table.core.windows.net/$metadata#Tables/@Element",
        "odata.type": "chrissscratch.Tables",
        "odata.id": "https://chrissscratch.table.core.windows.net/Tables(\u0027testtablerrhmkzkd\u0027)",
        "odata.editLink": "Tables(\u0027testtablerrhmkzkd\u0027)",
        "TableName": "testtablerrhmkzkd"
      }
    },
    {
      "RequestUri": "https://chrissscratch.table.core.windows.net/Tables?$format=application%2Fjson%3Bodata%3Dfullmetadata",
      "RequestMethod": "POST",
      "RequestHeaders": {
        "Authorization": "Sanitized",
        "Content-Length": "33",
        "Content-Type": "application/json; odata=nometadata",
        "DataServiceVersion": "3.0",
        "traceparent": "00-9ac2463686b08845a1ea9582da14c359-9cec2dd1b1b4b143-00",
        "User-Agent": [
          "azsdk-net-Data.Tables/1.0.0-dev.20200515.1",
          "(.NET Core 4.6.28801.04; Microsoft Windows 10.0.18363 )"
        ],
        "x-ms-client-request-id": "12a61383ffee3ad3dd86c727d2909818",
        "x-ms-date": "Fri, 15 May 2020 19:04:33 GMT",
        "x-ms-return-client-request-id": "true",
        "x-ms-version": "2019-02-02"
      },
      "RequestBody": {
        "TableName": "testtableujlbwo7i"
      },
      "StatusCode": 201,
      "ResponseHeaders": {
        "Cache-Control": "no-cache",
        "Content-Type": "application/json; odata=fullmetadata; streaming=true; charset=utf-8",
        "Date": "Fri, 15 May 2020 19:04:33 GMT",
        "Location": "https://chrissscratch.table.core.windows.net/Tables(\u0027testtableujlbwo7i\u0027)",
        "Server": [
          "Windows-Azure-Table/1.0",
          "Microsoft-HTTPAPI/2.0"
        ],
        "Transfer-Encoding": "chunked",
        "X-Content-Type-Options": "nosniff",
        "x-ms-client-request-id": "12a61383ffee3ad3dd86c727d2909818",
        "x-ms-request-id": "5f6e4584-d002-0000-71eb-2ac4e8000000",
        "x-ms-version": "2019-02-02"
      },
      "ResponseBody": {
        "odata.metadata": "https://chrissscratch.table.core.windows.net/$metadata#Tables/@Element",
        "odata.type": "chrissscratch.Tables",
        "odata.id": "https://chrissscratch.table.core.windows.net/Tables(\u0027testtableujlbwo7i\u0027)",
        "odata.editLink": "Tables(\u0027testtableujlbwo7i\u0027)",
        "TableName": "testtableujlbwo7i"
      }
    },
    {
      "RequestUri": "https://chrissscratch.table.core.windows.net/Tables?$format=application%2Fjson%3Bodata%3Dfullmetadata",
      "RequestMethod": "POST",
      "RequestHeaders": {
        "Authorization": "Sanitized",
        "Content-Length": "33",
        "Content-Type": "application/json; odata=nometadata",
        "DataServiceVersion": "3.0",
        "traceparent": "00-21d61e46bb0e1f4c9db81b635979eec7-6777795703bb934f-00",
        "User-Agent": [
          "azsdk-net-Data.Tables/1.0.0-dev.20200515.1",
          "(.NET Core 4.6.28801.04; Microsoft Windows 10.0.18363 )"
        ],
        "x-ms-client-request-id": "2ad1616368eaa9b40a6f11d36325ae93",
        "x-ms-date": "Fri, 15 May 2020 19:04:33 GMT",
        "x-ms-return-client-request-id": "true",
        "x-ms-version": "2019-02-02"
      },
      "RequestBody": {
        "TableName": "testtableoe8krdvu"
      },
      "StatusCode": 201,
      "ResponseHeaders": {
        "Cache-Control": "no-cache",
        "Content-Type": "application/json; odata=fullmetadata; streaming=true; charset=utf-8",
        "Date": "Fri, 15 May 2020 19:04:33 GMT",
        "Location": "https://chrissscratch.table.core.windows.net/Tables(\u0027testtableoe8krdvu\u0027)",
        "Server": [
          "Windows-Azure-Table/1.0",
          "Microsoft-HTTPAPI/2.0"
        ],
        "Transfer-Encoding": "chunked",
        "X-Content-Type-Options": "nosniff",
        "x-ms-client-request-id": "2ad1616368eaa9b40a6f11d36325ae93",
        "x-ms-request-id": "5f6e459a-d002-0000-04eb-2ac4e8000000",
        "x-ms-version": "2019-02-02"
      },
      "ResponseBody": {
        "odata.metadata": "https://chrissscratch.table.core.windows.net/$metadata#Tables/@Element",
        "odata.type": "chrissscratch.Tables",
        "odata.id": "https://chrissscratch.table.core.windows.net/Tables(\u0027testtableoe8krdvu\u0027)",
        "odata.editLink": "Tables(\u0027testtableoe8krdvu\u0027)",
        "TableName": "testtableoe8krdvu"
      }
    },
    {
      "RequestUri": "https://chrissscratch.table.core.windows.net/Tables?$format=application%2Fjson%3Bodata%3Dfullmetadata",
      "RequestMethod": "POST",
      "RequestHeaders": {
        "Authorization": "Sanitized",
        "Content-Length": "33",
        "Content-Type": "application/json; odata=nometadata",
        "DataServiceVersion": "3.0",
        "traceparent": "00-63e14ad434c65e48a03d28a7a9eaa568-b40c3a4904722b4e-00",
        "User-Agent": [
          "azsdk-net-Data.Tables/1.0.0-dev.20200515.1",
          "(.NET Core 4.6.28801.04; Microsoft Windows 10.0.18363 )"
        ],
        "x-ms-client-request-id": "166ba07293b586b62c30af8d2da95075",
        "x-ms-date": "Fri, 15 May 2020 19:04:33 GMT",
        "x-ms-return-client-request-id": "true",
        "x-ms-version": "2019-02-02"
      },
      "RequestBody": {
        "TableName": "testtable66ld65pv"
      },
      "StatusCode": 201,
      "ResponseHeaders": {
        "Cache-Control": "no-cache",
        "Content-Type": "application/json; odata=fullmetadata; streaming=true; charset=utf-8",
        "Date": "Fri, 15 May 2020 19:04:33 GMT",
        "Location": "https://chrissscratch.table.core.windows.net/Tables(\u0027testtable66ld65pv\u0027)",
        "Server": [
          "Windows-Azure-Table/1.0",
          "Microsoft-HTTPAPI/2.0"
        ],
        "Transfer-Encoding": "chunked",
        "X-Content-Type-Options": "nosniff",
        "x-ms-client-request-id": "166ba07293b586b62c30af8d2da95075",
        "x-ms-request-id": "5f6e45b1-d002-0000-19eb-2ac4e8000000",
        "x-ms-version": "2019-02-02"
      },
      "ResponseBody": {
        "odata.metadata": "https://chrissscratch.table.core.windows.net/$metadata#Tables/@Element",
        "odata.type": "chrissscratch.Tables",
        "odata.id": "https://chrissscratch.table.core.windows.net/Tables(\u0027testtable66ld65pv\u0027)",
        "odata.editLink": "Tables(\u0027testtable66ld65pv\u0027)",
        "TableName": "testtable66ld65pv"
      }
    },
    {
      "RequestUri": "https://chrissscratch.table.core.windows.net/Tables?$format=application%2Fjson%3Bodata%3Dfullmetadata",
      "RequestMethod": "POST",
      "RequestHeaders": {
        "Authorization": "Sanitized",
        "Content-Length": "33",
        "Content-Type": "application/json; odata=nometadata",
        "DataServiceVersion": "3.0",
        "traceparent": "00-1520523e77122d4c8d09d8597b9e37b6-ecdcbc8dc0be3d45-00",
        "User-Agent": [
          "azsdk-net-Data.Tables/1.0.0-dev.20200515.1",
          "(.NET Core 4.6.28801.04; Microsoft Windows 10.0.18363 )"
        ],
        "x-ms-client-request-id": "321516fda20a1423629cb74afc9df477",
        "x-ms-date": "Fri, 15 May 2020 19:04:33 GMT",
        "x-ms-return-client-request-id": "true",
        "x-ms-version": "2019-02-02"
      },
      "RequestBody": {
        "TableName": "testtablevkv8pvqm"
      },
      "StatusCode": 201,
      "ResponseHeaders": {
        "Cache-Control": "no-cache",
        "Content-Type": "application/json; odata=fullmetadata; streaming=true; charset=utf-8",
        "Date": "Fri, 15 May 2020 19:04:33 GMT",
        "Location": "https://chrissscratch.table.core.windows.net/Tables(\u0027testtablevkv8pvqm\u0027)",
        "Server": [
          "Windows-Azure-Table/1.0",
          "Microsoft-HTTPAPI/2.0"
        ],
        "Transfer-Encoding": "chunked",
        "X-Content-Type-Options": "nosniff",
        "x-ms-client-request-id": "321516fda20a1423629cb74afc9df477",
        "x-ms-request-id": "5f6e45c9-d002-0000-2eeb-2ac4e8000000",
        "x-ms-version": "2019-02-02"
      },
      "ResponseBody": {
        "odata.metadata": "https://chrissscratch.table.core.windows.net/$metadata#Tables/@Element",
        "odata.type": "chrissscratch.Tables",
        "odata.id": "https://chrissscratch.table.core.windows.net/Tables(\u0027testtablevkv8pvqm\u0027)",
        "odata.editLink": "Tables(\u0027testtablevkv8pvqm\u0027)",
        "TableName": "testtablevkv8pvqm"
      }
    },
    {
      "RequestUri": "https://chrissscratch.table.core.windows.net/Tables?$format=application%2Fjson%3Bodata%3Dfullmetadata",
      "RequestMethod": "POST",
      "RequestHeaders": {
        "Authorization": "Sanitized",
        "Content-Length": "33",
        "Content-Type": "application/json; odata=nometadata",
        "DataServiceVersion": "3.0",
        "traceparent": "00-bac02c6998bf8f489eaf20bc7fc57c68-d902b1b3519cee42-00",
        "User-Agent": [
          "azsdk-net-Data.Tables/1.0.0-dev.20200515.1",
          "(.NET Core 4.6.28801.04; Microsoft Windows 10.0.18363 )"
        ],
        "x-ms-client-request-id": "35737dc99c32aeb6eb1b189e7e847b89",
        "x-ms-date": "Fri, 15 May 2020 19:04:33 GMT",
        "x-ms-return-client-request-id": "true",
        "x-ms-version": "2019-02-02"
      },
      "RequestBody": {
        "TableName": "testtablex82tzd5i"
      },
      "StatusCode": 201,
      "ResponseHeaders": {
        "Cache-Control": "no-cache",
        "Content-Type": "application/json; odata=fullmetadata; streaming=true; charset=utf-8",
        "Date": "Fri, 15 May 2020 19:04:33 GMT",
        "Location": "https://chrissscratch.table.core.windows.net/Tables(\u0027testtablex82tzd5i\u0027)",
        "Server": [
          "Windows-Azure-Table/1.0",
          "Microsoft-HTTPAPI/2.0"
        ],
        "Transfer-Encoding": "chunked",
        "X-Content-Type-Options": "nosniff",
        "x-ms-client-request-id": "35737dc99c32aeb6eb1b189e7e847b89",
        "x-ms-request-id": "5f6e45ec-d002-0000-50eb-2ac4e8000000",
        "x-ms-version": "2019-02-02"
      },
      "ResponseBody": {
        "odata.metadata": "https://chrissscratch.table.core.windows.net/$metadata#Tables/@Element",
        "odata.type": "chrissscratch.Tables",
        "odata.id": "https://chrissscratch.table.core.windows.net/Tables(\u0027testtablex82tzd5i\u0027)",
        "odata.editLink": "Tables(\u0027testtablex82tzd5i\u0027)",
        "TableName": "testtablex82tzd5i"
      }
    },
    {
      "RequestUri": "https://chrissscratch.table.core.windows.net/Tables?$format=application%2Fjson%3Bodata%3Dfullmetadata\u0026$filter=TableName%20eq%20%27testtablevz2eq8ne%27",
      "RequestMethod": "GET",
      "RequestHeaders": {
        "Authorization": "Sanitized",
        "DataServiceVersion": "3.0",
        "User-Agent": [
          "azsdk-net-Data.Tables/1.0.0-dev.20200515.1",
          "(.NET Core 4.6.28801.04; Microsoft Windows 10.0.18363 )"
        ],
        "x-ms-client-request-id": "912b9a0c06f2337829a5aaf41c80dadc",
        "x-ms-date": "Fri, 15 May 2020 19:04:33 GMT",
        "x-ms-return-client-request-id": "true",
        "x-ms-version": "2019-02-02"
      },
      "RequestBody": null,
      "StatusCode": 200,
      "ResponseHeaders": {
        "Cache-Control": "no-cache",
        "Content-Type": "application/json; odata=fullmetadata; streaming=true; charset=utf-8",
        "Date": "Fri, 15 May 2020 19:04:33 GMT",
        "Server": [
          "Windows-Azure-Table/1.0",
          "Microsoft-HTTPAPI/2.0"
        ],
        "Transfer-Encoding": "chunked",
        "X-Content-Type-Options": "nosniff",
        "x-ms-client-request-id": "912b9a0c06f2337829a5aaf41c80dadc",
        "x-ms-request-id": "5f6e4611-d002-0000-74eb-2ac4e8000000",
        "x-ms-version": "2019-02-02"
      },
      "ResponseBody": {
        "odata.metadata": "https://chrissscratch.table.core.windows.net/$metadata#Tables",
        "value": [
          {
            "odata.type": "chrissscratch.Tables",
            "odata.id": "https://chrissscratch.table.core.windows.net/Tables(\u0027testtablevz2eq8ne\u0027)",
            "odata.editLink": "Tables(\u0027testtablevz2eq8ne\u0027)",
            "TableName": "testtablevz2eq8ne"
          }
        ]
      }
    },
    {
      "RequestUri": "https://chrissscratch.table.core.windows.net/Tables(\u0027testtableqbe6teq6\u0027)",
      "RequestMethod": "DELETE",
      "RequestHeaders": {
        "Accept": "application/json",
        "Authorization": "Sanitized",
        "traceparent": "00-ffc4734367898144a0444e5b5aa7fb45-dfee0e5481af6b49-00",
        "User-Agent": [
          "azsdk-net-Data.Tables/1.0.0-dev.20200515.1",
          "(.NET Core 4.6.28801.04; Microsoft Windows 10.0.18363 )"
        ],
        "x-ms-client-request-id": "8d6960b0ee2ec5e2e6085ee18555f834",
        "x-ms-date": "Fri, 15 May 2020 19:04:34 GMT",
        "x-ms-return-client-request-id": "true",
        "x-ms-version": "2019-02-02"
      },
      "RequestBody": null,
      "StatusCode": 204,
      "ResponseHeaders": {
        "Cache-Control": "no-cache",
        "Content-Length": "0",
        "Date": "Fri, 15 May 2020 19:04:33 GMT",
        "Server": [
          "Windows-Azure-Table/1.0",
          "Microsoft-HTTPAPI/2.0"
        ],
        "X-Content-Type-Options": "nosniff",
        "x-ms-client-request-id": "8d6960b0ee2ec5e2e6085ee18555f834",
        "x-ms-request-id": "5f6e462d-d002-0000-0eeb-2ac4e8000000",
        "x-ms-version": "2019-02-02"
      },
      "ResponseBody": []
    },
    {
      "RequestUri": "https://chrissscratch.table.core.windows.net/Tables(\u0027testtableli7f5ub0\u0027)",
      "RequestMethod": "DELETE",
      "RequestHeaders": {
        "Accept": "application/json",
        "Authorization": "Sanitized",
        "traceparent": "00-8d165814e9e52a44ae588a6289cb1d87-5c45729c06e0544f-00",
        "User-Agent": [
          "azsdk-net-Data.Tables/1.0.0-dev.20200515.1",
          "(.NET Core 4.6.28801.04; Microsoft Windows 10.0.18363 )"
        ],
        "x-ms-client-request-id": "da271e0fd4f5c3c2043f0c8cf2c1916a",
        "x-ms-date": "Fri, 15 May 2020 19:04:34 GMT",
        "x-ms-return-client-request-id": "true",
        "x-ms-version": "2019-02-02"
      },
      "RequestBody": null,
      "StatusCode": 204,
      "ResponseHeaders": {
        "Cache-Control": "no-cache",
        "Content-Length": "0",
        "Date": "Fri, 15 May 2020 19:04:33 GMT",
        "Server": [
          "Windows-Azure-Table/1.0",
          "Microsoft-HTTPAPI/2.0"
        ],
        "X-Content-Type-Options": "nosniff",
        "x-ms-client-request-id": "da271e0fd4f5c3c2043f0c8cf2c1916a",
        "x-ms-request-id": "5f6e4642-d002-0000-21eb-2ac4e8000000",
        "x-ms-version": "2019-02-02"
      },
      "ResponseBody": []
    },
    {
      "RequestUri": "https://chrissscratch.table.core.windows.net/Tables(\u0027testtable90tdu0zx\u0027)",
      "RequestMethod": "DELETE",
      "RequestHeaders": {
        "Accept": "application/json",
        "Authorization": "Sanitized",
        "traceparent": "00-851e61e646205d489df6bf00a1cb247a-9ec0da3558a9be41-00",
        "User-Agent": [
          "azsdk-net-Data.Tables/1.0.0-dev.20200515.1",
          "(.NET Core 4.6.28801.04; Microsoft Windows 10.0.18363 )"
        ],
        "x-ms-client-request-id": "1eed3c40ee1b1e5ab865abe9a797aed3",
        "x-ms-date": "Fri, 15 May 2020 19:04:34 GMT",
        "x-ms-return-client-request-id": "true",
        "x-ms-version": "2019-02-02"
      },
      "RequestBody": null,
      "StatusCode": 204,
      "ResponseHeaders": {
        "Cache-Control": "no-cache",
        "Content-Length": "0",
        "Date": "Fri, 15 May 2020 19:04:33 GMT",
        "Server": [
          "Windows-Azure-Table/1.0",
          "Microsoft-HTTPAPI/2.0"
        ],
        "X-Content-Type-Options": "nosniff",
        "x-ms-client-request-id": "1eed3c40ee1b1e5ab865abe9a797aed3",
        "x-ms-request-id": "5f6e4659-d002-0000-38eb-2ac4e8000000",
        "x-ms-version": "2019-02-02"
      },
      "ResponseBody": []
    },
    {
      "RequestUri": "https://chrissscratch.table.core.windows.net/Tables(\u0027testtablernmic9o9\u0027)",
      "RequestMethod": "DELETE",
      "RequestHeaders": {
        "Accept": "application/json",
        "Authorization": "Sanitized",
        "traceparent": "00-e8a32d1ae7b3554d8c60caa6189ebc3a-8a076509220e1545-00",
        "User-Agent": [
          "azsdk-net-Data.Tables/1.0.0-dev.20200515.1",
          "(.NET Core 4.6.28801.04; Microsoft Windows 10.0.18363 )"
        ],
        "x-ms-client-request-id": "fee575acff59dce69da588efe155d324",
        "x-ms-date": "Fri, 15 May 2020 19:04:34 GMT",
        "x-ms-return-client-request-id": "true",
        "x-ms-version": "2019-02-02"
      },
      "RequestBody": null,
      "StatusCode": 204,
      "ResponseHeaders": {
        "Cache-Control": "no-cache",
        "Content-Length": "0",
        "Date": "Fri, 15 May 2020 19:04:33 GMT",
        "Server": [
          "Windows-Azure-Table/1.0",
          "Microsoft-HTTPAPI/2.0"
        ],
        "X-Content-Type-Options": "nosniff",
        "x-ms-client-request-id": "fee575acff59dce69da588efe155d324",
        "x-ms-request-id": "5f6e4677-d002-0000-56eb-2ac4e8000000",
        "x-ms-version": "2019-02-02"
      },
      "ResponseBody": []
    },
    {
      "RequestUri": "https://chrissscratch.table.core.windows.net/Tables(\u0027testtablerrhmkzkd\u0027)",
      "RequestMethod": "DELETE",
      "RequestHeaders": {
        "Accept": "application/json",
        "Authorization": "Sanitized",
        "traceparent": "00-644ec5d1ab6d8142aa20f2d813f3c11f-5d6a990380cfdd44-00",
        "User-Agent": [
          "azsdk-net-Data.Tables/1.0.0-dev.20200515.1",
          "(.NET Core 4.6.28801.04; Microsoft Windows 10.0.18363 )"
        ],
        "x-ms-client-request-id": "49a0f377da672019c308219029d91b6d",
        "x-ms-date": "Fri, 15 May 2020 19:04:34 GMT",
        "x-ms-return-client-request-id": "true",
        "x-ms-version": "2019-02-02"
      },
      "RequestBody": null,
      "StatusCode": 204,
      "ResponseHeaders": {
        "Cache-Control": "no-cache",
        "Content-Length": "0",
        "Date": "Fri, 15 May 2020 19:04:33 GMT",
        "Server": [
          "Windows-Azure-Table/1.0",
          "Microsoft-HTTPAPI/2.0"
        ],
        "X-Content-Type-Options": "nosniff",
        "x-ms-client-request-id": "49a0f377da672019c308219029d91b6d",
        "x-ms-request-id": "5f6e4688-d002-0000-66eb-2ac4e8000000",
        "x-ms-version": "2019-02-02"
      },
      "ResponseBody": []
    },
    {
      "RequestUri": "https://chrissscratch.table.core.windows.net/Tables(\u0027testtableujlbwo7i\u0027)",
      "RequestMethod": "DELETE",
      "RequestHeaders": {
        "Accept": "application/json",
        "Authorization": "Sanitized",
        "traceparent": "00-6bf8f5462789fd41ba17790e65114a9a-39d43d98b4dc7042-00",
        "User-Agent": [
          "azsdk-net-Data.Tables/1.0.0-dev.20200515.1",
          "(.NET Core 4.6.28801.04; Microsoft Windows 10.0.18363 )"
        ],
        "x-ms-client-request-id": "7ce0399192dc401055118075656b3c63",
        "x-ms-date": "Fri, 15 May 2020 19:04:34 GMT",
        "x-ms-return-client-request-id": "true",
        "x-ms-version": "2019-02-02"
      },
      "RequestBody": null,
      "StatusCode": 204,
      "ResponseHeaders": {
        "Cache-Control": "no-cache",
        "Content-Length": "0",
        "Date": "Fri, 15 May 2020 19:04:33 GMT",
        "Server": [
          "Windows-Azure-Table/1.0",
          "Microsoft-HTTPAPI/2.0"
        ],
        "X-Content-Type-Options": "nosniff",
        "x-ms-client-request-id": "7ce0399192dc401055118075656b3c63",
        "x-ms-request-id": "5f6e469d-d002-0000-7aeb-2ac4e8000000",
        "x-ms-version": "2019-02-02"
      },
      "ResponseBody": []
    },
    {
      "RequestUri": "https://chrissscratch.table.core.windows.net/Tables(\u0027testtableoe8krdvu\u0027)",
      "RequestMethod": "DELETE",
      "RequestHeaders": {
        "Accept": "application/json",
        "Authorization": "Sanitized",
        "traceparent": "00-3847c7d011c34e41ac8b971c7bf80b14-139e437b1b647849-00",
        "User-Agent": [
          "azsdk-net-Data.Tables/1.0.0-dev.20200515.1",
          "(.NET Core 4.6.28801.04; Microsoft Windows 10.0.18363 )"
        ],
        "x-ms-client-request-id": "b372869265f6d26b5cc43a51dd56b2c4",
        "x-ms-date": "Fri, 15 May 2020 19:04:34 GMT",
        "x-ms-return-client-request-id": "true",
        "x-ms-version": "2019-02-02"
      },
      "RequestBody": null,
      "StatusCode": 204,
      "ResponseHeaders": {
        "Cache-Control": "no-cache",
        "Content-Length": "0",
        "Date": "Fri, 15 May 2020 19:04:33 GMT",
        "Server": [
          "Windows-Azure-Table/1.0",
          "Microsoft-HTTPAPI/2.0"
        ],
        "X-Content-Type-Options": "nosniff",
        "x-ms-client-request-id": "b372869265f6d26b5cc43a51dd56b2c4",
        "x-ms-request-id": "5f6e46ae-d002-0000-0aeb-2ac4e8000000",
        "x-ms-version": "2019-02-02"
      },
      "ResponseBody": []
    },
    {
      "RequestUri": "https://chrissscratch.table.core.windows.net/Tables(\u0027testtable66ld65pv\u0027)",
      "RequestMethod": "DELETE",
      "RequestHeaders": {
        "Accept": "application/json",
        "Authorization": "Sanitized",
        "traceparent": "00-b99bb5baf0ae0344bcc8653799564794-e74f34d7e8629943-00",
        "User-Agent": [
          "azsdk-net-Data.Tables/1.0.0-dev.20200515.1",
          "(.NET Core 4.6.28801.04; Microsoft Windows 10.0.18363 )"
        ],
        "x-ms-client-request-id": "a85d1a8a5775e447e25ff35659a4bb58",
        "x-ms-date": "Fri, 15 May 2020 19:04:34 GMT",
        "x-ms-return-client-request-id": "true",
        "x-ms-version": "2019-02-02"
      },
      "RequestBody": null,
      "StatusCode": 204,
      "ResponseHeaders": {
        "Cache-Control": "no-cache",
        "Content-Length": "0",
        "Date": "Fri, 15 May 2020 19:04:33 GMT",
        "Server": [
          "Windows-Azure-Table/1.0",
          "Microsoft-HTTPAPI/2.0"
        ],
        "X-Content-Type-Options": "nosniff",
        "x-ms-client-request-id": "a85d1a8a5775e447e25ff35659a4bb58",
        "x-ms-request-id": "5f6e46be-d002-0000-1aeb-2ac4e8000000",
        "x-ms-version": "2019-02-02"
      },
      "ResponseBody": []
    },
    {
      "RequestUri": "https://chrissscratch.table.core.windows.net/Tables(\u0027testtablevkv8pvqm\u0027)",
      "RequestMethod": "DELETE",
      "RequestHeaders": {
        "Accept": "application/json",
        "Authorization": "Sanitized",
        "traceparent": "00-df310e9a2fe7934eade3c95be228b800-4e5dcc7086687c4b-00",
        "User-Agent": [
          "azsdk-net-Data.Tables/1.0.0-dev.20200515.1",
          "(.NET Core 4.6.28801.04; Microsoft Windows 10.0.18363 )"
        ],
        "x-ms-client-request-id": "a2fdbecb67662b77cd0e201758bf62fe",
        "x-ms-date": "Fri, 15 May 2020 19:04:34 GMT",
        "x-ms-return-client-request-id": "true",
        "x-ms-version": "2019-02-02"
      },
      "RequestBody": null,
      "StatusCode": 204,
      "ResponseHeaders": {
        "Cache-Control": "no-cache",
        "Content-Length": "0",
        "Date": "Fri, 15 May 2020 19:04:34 GMT",
        "Server": [
          "Windows-Azure-Table/1.0",
          "Microsoft-HTTPAPI/2.0"
        ],
        "X-Content-Type-Options": "nosniff",
        "x-ms-client-request-id": "a2fdbecb67662b77cd0e201758bf62fe",
        "x-ms-request-id": "5f6e46da-d002-0000-33eb-2ac4e8000000",
        "x-ms-version": "2019-02-02"
      },
      "ResponseBody": []
    },
    {
      "RequestUri": "https://chrissscratch.table.core.windows.net/Tables(\u0027testtablex82tzd5i\u0027)",
      "RequestMethod": "DELETE",
      "RequestHeaders": {
        "Accept": "application/json",
        "Authorization": "Sanitized",
        "traceparent": "00-8beed354027c604894083857013876d9-b98447cf4f32a442-00",
        "User-Agent": [
          "azsdk-net-Data.Tables/1.0.0-dev.20200515.1",
          "(.NET Core 4.6.28801.04; Microsoft Windows 10.0.18363 )"
        ],
        "x-ms-client-request-id": "4beabc5f940d3bee3e8dd196711478b7",
        "x-ms-date": "Fri, 15 May 2020 19:04:34 GMT",
        "x-ms-return-client-request-id": "true",
        "x-ms-version": "2019-02-02"
      },
      "RequestBody": null,
      "StatusCode": 204,
      "ResponseHeaders": {
        "Cache-Control": "no-cache",
        "Content-Length": "0",
        "Date": "Fri, 15 May 2020 19:04:34 GMT",
        "Server": [
          "Windows-Azure-Table/1.0",
          "Microsoft-HTTPAPI/2.0"
        ],
        "X-Content-Type-Options": "nosniff",
        "x-ms-client-request-id": "4beabc5f940d3bee3e8dd196711478b7",
        "x-ms-request-id": "5f6e46e8-d002-0000-40eb-2ac4e8000000",
        "x-ms-version": "2019-02-02"
      },
      "ResponseBody": []
    },
    {
      "RequestUri": "https://chrissscratch.table.core.windows.net/Tables(\u0027testtablevz2eq8ne\u0027)",
      "RequestMethod": "DELETE",
      "RequestHeaders": {
        "Accept": "application/json",
        "Authorization": "Sanitized",
        "traceparent": "00-0fb5ba172a30034d94bab6006ae05684-3286134310d4c141-00",
        "User-Agent": [
          "azsdk-net-Data.Tables/1.0.0-dev.20200515.1",
          "(.NET Core 4.6.28801.04; Microsoft Windows 10.0.18363 )"
        ],
        "x-ms-client-request-id": "1f85e2090f58225da331da6737308c23",
        "x-ms-date": "Fri, 15 May 2020 19:04:34 GMT",
        "x-ms-return-client-request-id": "true",
        "x-ms-version": "2019-02-02"
      },
      "RequestBody": null,
      "StatusCode": 204,
      "ResponseHeaders": {
        "Cache-Control": "no-cache",
        "Content-Length": "0",
        "Date": "Fri, 15 May 2020 19:04:34 GMT",
        "Server": [
          "Windows-Azure-Table/1.0",
          "Microsoft-HTTPAPI/2.0"
        ],
        "X-Content-Type-Options": "nosniff",
        "x-ms-client-request-id": "1f85e2090f58225da331da6737308c23",
        "x-ms-request-id": "5f6e46fb-d002-0000-53eb-2ac4e8000000",
        "x-ms-version": "2019-02-02"
      },
      "ResponseBody": []
    }
  ],
  "Variables": {
    "RandomSeed": "485559434",
    "TABLES_PRIMARY_STORAGE_ACCOUNT_KEY": "",
    "TABLES_STORAGE_ACCOUNT_NAME": "chrissscratch"
  }
}