{
  "Entries": [
    {
      "RequestUri": "https://javatextanalyticstestresources.cognitiveservices.azure.com/language/analyze-text/jobs?api-version=2022-05-01",
      "RequestMethod": "POST",
      "RequestHeaders": {
        "Accept": "application/json",
        "Content-Length": "617",
        "Content-Type": "application/json",
        "Ocp-Apim-Subscription-Key": "Sanitized",
        "traceparent": "00-a19e6a079f280c3c697181497be4f278-c7e3a206a46aaa2f-00",
        "User-Agent": "azsdk-net-AI.TextAnalytics/5.2.0-alpha.20220909.1 (.NET 6.0.8; Microsoft Windows 10.0.22000)",
        "x-ms-client-request-id": "c9d031989a507b20532004f5d048f055",
        "x-ms-return-client-request-id": "true"
      },
      "RequestBody": {
        "displayName": "StartSingleLabelClassifyWithName",
        "analysisInput": {
          "documents": [
            {
              "id": "1",
              "text": "I need a reservation for an indoor restaurant in China. Please don\u0027t stop the music. Play music and add it to my playlist",
              "language": "en"
            },
            {
              "id": "2",
              "text": "David Schmidt, senior vice president--Food Safety, International Food Information Council (IFIC), Washington, D.C., discussed the physical activity component.",
              "language": "en"
            }
          ]
        },
        "tasks": [
          {
            "parameters": {
              "projectName": "659c1851-be0b-4142-b12a-087da9785926",
              "deploymentName": "659c1851-be0b-4142-b12a-087da9785926"
            },
            "kind": "CustomSingleLabelClassification"
          }
        ]
      },
      "StatusCode": 202,
      "ResponseHeaders": {
        "apim-request-id": "cc61dd69-960b-42dc-a28b-b4f10832d1a8",
        "Content-Length": "0",
        "Date": "Fri, 09 Sep 2022 17:03:46 GMT",
        "operation-location": "https://javatextanalyticstestresources.cognitiveservices.azure.com/language/analyze-text/jobs/5a834419-5a4c-4117-bffb-0cb56cb8cb8b?api-version=2022-05-01",
        "Strict-Transport-Security": "max-age=31536000; includeSubDomains; preload",
        "X-Content-Type-Options": "nosniff",
        "x-envoy-upstream-service-time": "250"
      },
      "ResponseBody": null
    },
    {
      "RequestUri": "https://javatextanalyticstestresources.cognitiveservices.azure.com/language/analyze-text/jobs/5a834419-5a4c-4117-bffb-0cb56cb8cb8b?api-version=2022-05-01",
      "RequestMethod": "GET",
      "RequestHeaders": {
        "Accept": "application/json",
        "Ocp-Apim-Subscription-Key": "Sanitized",
        "User-Agent": "azsdk-net-AI.TextAnalytics/5.2.0-alpha.20220909.1 (.NET 6.0.8; Microsoft Windows 10.0.22000)",
        "x-ms-client-request-id": "0c29bd8c5ce0b668947b0d479b95138e",
        "x-ms-return-client-request-id": "true"
      },
      "RequestBody": null,
      "StatusCode": 200,
      "ResponseHeaders": {
        "apim-request-id": "23be7f72-aa94-4186-9453-4d06aac4f95a",
        "Content-Length": "332",
        "Content-Type": "application/json; charset=utf-8",
        "Date": "Fri, 09 Sep 2022 17:03:46 GMT",
        "Strict-Transport-Security": "max-age=31536000; includeSubDomains; preload",
        "X-Content-Type-Options": "nosniff",
        "x-envoy-upstream-service-time": "9"
      },
      "ResponseBody": {
        "jobId": "5a834419-5a4c-4117-bffb-0cb56cb8cb8b",
        "lastUpdatedDateTime": "2022-09-09T17:03:46Z",
        "createdDateTime": "2022-09-09T17:03:46Z",
        "expirationDateTime": "2022-09-10T17:03:46Z",
        "status": "notStarted",
        "errors": [],
        "displayName": "StartSingleLabelClassifyWithName",
        "tasks": {
          "completed": 0,
          "failed": 0,
          "inProgress": 1,
          "total": 1,
          "items": []
        }
      }
    },
    {
      "RequestUri": "https://javatextanalyticstestresources.cognitiveservices.azure.com/language/analyze-text/jobs/5a834419-5a4c-4117-bffb-0cb56cb8cb8b?api-version=2022-05-01",
      "RequestMethod": "GET",
      "RequestHeaders": {
        "Accept": "application/json",
        "Ocp-Apim-Subscription-Key": "Sanitized",
        "User-Agent": "azsdk-net-AI.TextAnalytics/5.2.0-alpha.20220909.1 (.NET 6.0.8; Microsoft Windows 10.0.22000)",
        "x-ms-client-request-id": "aa16fbb3b6663d564abf243875d35c69",
        "x-ms-return-client-request-id": "true"
      },
      "RequestBody": null,
      "StatusCode": 200,
      "ResponseHeaders": {
        "apim-request-id": "448d4694-de8e-401c-8398-fbd846cdd543",
        "Content-Length": "772",
        "Content-Type": "application/json; charset=utf-8",
        "Date": "Fri, 09 Sep 2022 17:03:56 GMT",
        "Strict-Transport-Security": "max-age=31536000; includeSubDomains; preload",
        "X-Content-Type-Options": "nosniff",
        "x-envoy-upstream-service-time": "45"
      },
      "ResponseBody": {
        "jobId": "5a834419-5a4c-4117-bffb-0cb56cb8cb8b",
        "lastUpdatedDateTime": "2022-09-09T17:03:47Z",
        "createdDateTime": "2022-09-09T17:03:46Z",
        "expirationDateTime": "2022-09-10T17:03:46Z",
        "status": "succeeded",
        "errors": [],
        "displayName": "StartSingleLabelClassifyWithName",
        "tasks": {
          "completed": 1,
          "failed": 0,
          "inProgress": 0,
          "total": 1,
          "items": [
            {
              "kind": "CustomSingleLabelClassificationLROResults",
              "lastUpdateDateTime": "2022-09-09T17:03:47.4529371Z",
              "status": "succeeded",
              "results": {
                "documents": [
                  {
                    "id": "1",
                    "class": [
                      {
                        "category": "BookRestaurant",
                        "confidenceScore": 1.0
                      }
                    ],
                    "warnings": []
                  },
                  {
                    "id": "2",
                    "class": [
                      {
                        "category": "RateBook",
                        "confidenceScore": 0.57
                      }
                    ],
                    "warnings": []
                  }
                ],
                "errors": [],
                "projectName": "659c1851-be0b-4142-b12a-087da9785926",
                "deploymentName": "659c1851-be0b-4142-b12a-087da9785926"
              }
            }
          ]
        }
      }
    }
  ],
  "Variables": {
    "RandomSeed": "190653678",
    "TEXTANALYTICS_SINGLE_CATEGORY_CLASSIFY_DEPLOYMENT_NAME": "659c1851-be0b-4142-b12a-087da9785926",
    "TEXTANALYTICS_SINGLE_CATEGORY_CLASSIFY_PROJECT_NAME": "659c1851-be0b-4142-b12a-087da9785926",
    "TEXT_ANALYTICS_API_KEY": "Sanitized",
    "TEXT_ANALYTICS_ENDPOINT": "https://javatextanalyticstestresources.cognitiveservices.azure.com"
  }
}
