{
  "Entries": [
    {
      "RequestUri": "https://management.azure.com/subscriptions/db1ab6f0-4769-4b27-930e-01e2ef9c123c?api-version=2021-01-01",
      "RequestMethod": "GET",
      "RequestHeaders": {
        "Accept": "application/json",
        "Authorization": "Sanitized",
        "Connection": "keep-alive",
        "traceparent": "00-60faa505d29c534299b43d2f2d51d486-37e441a670d85541-00",
        "User-Agent": "azsdk-net-ResourceManager/1.3.2 (.NET Framework 4.8.4515.0; Microsoft Windows 10.0.19045 )",
        "x-ms-client-request-id": "361ac54fb34ea606c2d8ed482a97397e",
        "x-ms-return-client-request-id": "true"
      },
      "RequestBody": null,
      "StatusCode": 200,
      "ResponseHeaders": {
        "Cache-Control": "no-cache",
        "Content-Length": "748",
        "Content-Type": "application/json; charset=utf-8",
        "Date": "Mon, 05 Dec 2022 05:49:58 GMT",
        "Expires": "-1",
        "Pragma": "no-cache",
        "Strict-Transport-Security": "max-age=31536000; includeSubDomains",
        "X-Content-Type-Options": "nosniff",
        "x-ms-correlation-request-id": "d3a8e62c-26b5-4c18-aa53-8169a2642a2a",
        "x-ms-ratelimit-remaining-subscription-reads": "11999",
        "x-ms-request-id": "d3a8e62c-26b5-4c18-aa53-8169a2642a2a",
        "x-ms-routing-request-id": "SOUTHEASTASIA:20221205T054959Z:d3a8e62c-26b5-4c18-aa53-8169a2642a2a"
      },
      "ResponseBody": {
        "id": "/subscriptions/db1ab6f0-4769-4b27-930e-01e2ef9c123c",
        "authorizationSource": "RoleBased",
        "managedByTenants": [],
        "tags": {
          "TagKey-9823": "TagValue-1254",
          "TagKey-3481": "TagValue-320",
          "TagKey-4926": "TagValue-1187",
          "TagKey-751": "TagValue-3921",
          "TagKey-1866": "TagValue-8559",
          "TagKey-3094": "TagValue-9190",
          "TagKey-2449": "TagValue-9",
          "TagKey-8379": "TagValue-164",
          "TagKey-7470": "TagValue-2205",
          "TagKey-4236": "TagValue-3698",
          "TagKey-5316": "TagValue-2725"
        },
        "subscriptionId": "db1ab6f0-4769-4b27-930e-01e2ef9c123c",
        "tenantId": "72f988bf-86f1-41af-91ab-2d7cd011db47",
        "displayName": ".NET Mgmt SDK Test with TTL = 1 Day",
        "state": "Enabled",
        "subscriptionPolicies": {
          "locationPlacementId": "Internal_2014-09-01",
          "quotaId": "Internal_2014-09-01",
          "spendingLimit": "Off"
        }
      }
    },
    {
      "RequestUri": "https://management.azure.com/subscriptions/db1ab6f0-4769-4b27-930e-01e2ef9c123c/resourcegroups/sqlvmtestrg4292?api-version=**",
      "RequestMethod": "PUT",
      "RequestHeaders": {
        "Accept": "application/json",
        "Authorization": "Sanitized",
        "Content-Length": "21",
        "Content-Type": "application/json",
        "traceparent": "00-7fef8d981a196848ba18eb02af0cb13f-4a14736631a6a542-00",
        "User-Agent": "azsdk-net-ResourceManager/1.3.2 (.NET Framework 4.8.4515.0; Microsoft Windows 10.0.19045 )",
        "x-ms-client-request-id": "b7ae81fb168ee8d6f218483585215962",
        "x-ms-return-client-request-id": "true"
      },
      "RequestBody": {
        "location": "westus"
      },
      "StatusCode": 201,
      "ResponseHeaders": {
        "Cache-Control": "no-cache",
        "Content-Length": "227",
        "Content-Type": "application/json; charset=utf-8",
        "Date": "Mon, 05 Dec 2022 05:50:02 GMT",
        "Expires": "-1",
        "Pragma": "no-cache",
        "Strict-Transport-Security": "max-age=31536000; includeSubDomains",
        "X-Content-Type-Options": "nosniff",
        "x-ms-correlation-request-id": "c98a4080-e462-415a-8c93-19a862d3504a",
        "x-ms-ratelimit-remaining-subscription-writes": "1199",
        "x-ms-request-id": "c98a4080-e462-415a-8c93-19a862d3504a",
        "x-ms-routing-request-id": "SOUTHEASTASIA:20221205T055003Z:c98a4080-e462-415a-8c93-19a862d3504a"
      },
      "ResponseBody": {
        "id": "/subscriptions/db1ab6f0-4769-4b27-930e-01e2ef9c123c/resourceGroups/sqlvmtestrg4292",
        "name": "sqlvmtestrg4292",
        "type": "Microsoft.Resources/resourceGroups",
        "location": "westus",
        "properties": {
          "provisioningState": "Succeeded"
        }
      }
    },
    {
      "RequestUri": "https://management.azure.com/subscriptions/db1ab6f0-4769-4b27-930e-01e2ef9c123c/resourceGroups/sqlvmtestrg4292/providers/Microsoft.SqlVirtualMachine/sqlVirtualMachineGroups/sqlvmgrp5834?api-version=2022-02-01",
      "RequestMethod": "PUT",
      "RequestHeaders": {
        "Accept": "application/json",
        "Authorization": "Sanitized",
        "Content-Length": "394",
        "Content-Type": "application/json",
        "traceparent": "00-bcbb9e6f0a5a3145aafbac5af40514a2-759d48700f30e044-00",
        "User-Agent": "azsdk-net-ResourceManager.SqlVirtualMachine/1.1.0-alpha.20221205.1 (.NET Framework 4.8.4515.0; Microsoft Windows 10.0.19045 )",
        "x-ms-client-request-id": "0ccb3882b7cd9098dcb8de52fbf2f096",
        "x-ms-return-client-request-id": "true"
      },
      "RequestBody": {
        "tags": {},
        "location": "westus",
        "properties": {
          "sqlImageOffer": "SQL2017-WS2016",
          "sqlImageSku": "Enterprise",
          "wsfcDomainProfile": {
            "domainFqdn": "Domain.com",
            "clusterOperatorAccount": "myvmadmin@Domain.com",
            "sqlServiceAccount": "sqlService@Domain.com",
            "storageAccountUrl": "https://sqlvmteststorage7338.blob.core.windows.net/",
            "storageAccountPrimaryKey": "Sanitized",
            "clusterSubnetType": "SingleSubnet"
          }
        }
      },
      "StatusCode": 201,
      "ResponseHeaders": {
        "Azure-AsyncOperation": "https://management.azure.com/subscriptions/db1ab6f0-4769-4b27-930e-01e2ef9c123c/providers/Microsoft.SqlVirtualMachine/locations/westus/operationTypes/createsqlvirtualmachinegroup/operationResults/64afd1b7-8cd1-40e7-a878-51e7c8d4449a?api-version=2022-02-01",
        "Cache-Control": "no-cache",
        "Content-Length": "494",
        "Content-Type": "application/json; charset=utf-8",
        "Date": "Mon, 05 Dec 2022 05:50:33 GMT",
        "Expires": "-1",
        "Pragma": "no-cache",
        "Retry-After": "15",
        "Server": "Microsoft-HTTPAPI/2.0",
        "Strict-Transport-Security": "max-age=31536000; includeSubDomains",
        "X-Content-Type-Options": "nosniff",
        "x-ms-correlation-request-id": "c241769b-5c7d-44eb-974e-5dc0f28429c9",
        "x-ms-ratelimit-remaining-subscription-writes": "1197",
        "x-ms-request-id": "17e341ca-8957-4ad7-aaba-507ebb9889f1",
        "x-ms-routing-request-id": "SOUTHEASTASIA:20221205T055033Z:c241769b-5c7d-44eb-974e-5dc0f28429c9"
      },
      "ResponseBody": {
        "properties": {
          "provisioningState": "ProvisioningDomainful",
          "sqlImageOffer": "SQL2017-WS2016",
          "sqlImageSku": "Enterprise",
          "wsfcDomainProfile": {
            "storageAccountUrl": "https://sqlvmteststorage7338.blob.core.windows.net/"
          }
        },
        "location": "westus",
        "tags": {},
        "id": "/subscriptions/db1ab6f0-4769-4b27-930e-01e2ef9c123c/resourceGroups/sqlvmtestrg4292/providers/Microsoft.SqlVirtualMachine/sqlVirtualMachineGroups/sqlvmgrp5834",
        "name": "sqlvmgrp5834",
        "type": "Microsoft.SqlVirtualMachine/sqlVirtualMachineGroups"
      }
    },
    {
      "RequestUri": "https://management.azure.com/subscriptions/db1ab6f0-4769-4b27-930e-01e2ef9c123c/providers/Microsoft.SqlVirtualMachine/locations/westus/operationTypes/createsqlvirtualmachinegroup/operationResults/64afd1b7-8cd1-40e7-a878-51e7c8d4449a?api-version=2022-02-01",
      "RequestMethod": "GET",
      "RequestHeaders": {
        "Authorization": "Sanitized",
        "traceparent": "00-bcbb9e6f0a5a3145aafbac5af40514a2-deaf94952ec6ce4e-00",
        "User-Agent": "azsdk-net-ResourceManager/1.3.2 (.NET Framework 4.8.4515.0; Microsoft Windows 10.0.19045 )",
        "x-ms-client-request-id": "aa2aa5ade40edbd77cd9d0cbe7bf9389",
        "x-ms-return-client-request-id": "true"
      },
      "RequestBody": null,
      "StatusCode": 200,
      "ResponseHeaders": {
        "Cache-Control": "no-cache",
        "Content-Length": "107",
        "Content-Type": "application/json; charset=utf-8",
        "Date": "Mon, 05 Dec 2022 05:50:33 GMT",
        "Expires": "-1",
        "Pragma": "no-cache",
        "Retry-After": "15",
        "Server": "Microsoft-HTTPAPI/2.0",
        "Strict-Transport-Security": "max-age=31536000; includeSubDomains",
        "X-Content-Type-Options": "nosniff",
        "x-ms-correlation-request-id": "9d35f4ad-688f-4b13-a072-9372ee6a126b",
        "x-ms-ratelimit-remaining-subscription-reads": "11996",
        "x-ms-request-id": "93237bac-5e45-4844-ab26-9ec1e728877f",
        "x-ms-routing-request-id": "SOUTHEASTASIA:20221205T055034Z:9d35f4ad-688f-4b13-a072-9372ee6a126b"
      },
      "ResponseBody": {
        "name": "64afd1b7-8cd1-40e7-a878-51e7c8d4449a",
        "status": "Succeeded",
        "startTime": "2022-12-05T05:50:31.413Z"
      }
    },
    {
      "RequestUri": "https://management.azure.com/subscriptions/db1ab6f0-4769-4b27-930e-01e2ef9c123c/resourceGroups/sqlvmtestrg4292/providers/Microsoft.SqlVirtualMachine/sqlVirtualMachineGroups/sqlvmgrp5834?api-version=2022-02-01",
      "RequestMethod": "GET",
      "RequestHeaders": {
        "Authorization": "Sanitized",
        "traceparent": "00-bcbb9e6f0a5a3145aafbac5af40514a2-3c7ebfd60564134a-00",
        "User-Agent": "azsdk-net-ResourceManager/1.3.2 (.NET Framework 4.8.4515.0; Microsoft Windows 10.0.19045 )",
        "x-ms-client-request-id": "5c0063538e177e7fb027c159cad39c90",
        "x-ms-return-client-request-id": "true"
      },
      "RequestBody": null,
      "StatusCode": 200,
      "ResponseHeaders": {
        "Cache-Control": "no-cache",
        "Content-Length": "635",
        "Content-Type": "application/json; charset=utf-8",
        "Date": "Mon, 05 Dec 2022 05:50:34 GMT",
        "Expires": "-1",
        "Pragma": "no-cache",
        "Server": "Microsoft-HTTPAPI/2.0",
        "Strict-Transport-Security": "max-age=31536000; includeSubDomains",
        "X-Content-Type-Options": "nosniff",
        "x-ms-correlation-request-id": "82803c52-4705-40a0-8f32-4ff3a1333349",
        "x-ms-ratelimit-remaining-subscription-reads": "11995",
        "x-ms-request-id": "f02c6729-5e3e-4d8e-a23f-4bbc88bc4fa9",
        "x-ms-routing-request-id": "SOUTHEASTASIA:20221205T055034Z:82803c52-4705-40a0-8f32-4ff3a1333349"
      },
      "ResponseBody": {
        "properties": {
          "provisioningState": "Succeeded",
          "sqlImageOffer": "SQL2017-WS2016",
          "sqlImageSku": "Enterprise",
          "wsfcDomainProfile": {
            "domainFqdn": "Domain.com",
            "clusterOperatorAccount": "myvmadmin@Domain.com",
            "sqlServiceAccount": "sqlService@Domain.com",
            "storageAccountUrl": "https://sqlvmteststorage7338.blob.core.windows.net/",
            "clusterSubnetType": "SingleSubnet"
          }
        },
        "location": "westus",
        "tags": {},
        "id": "/subscriptions/db1ab6f0-4769-4b27-930e-01e2ef9c123c/resourceGroups/sqlvmtestrg4292/providers/Microsoft.SqlVirtualMachine/sqlVirtualMachineGroups/sqlvmgrp5834",
        "name": "sqlvmgrp5834",
        "type": "Microsoft.SqlVirtualMachine/sqlVirtualMachineGroups"
      }
    },
    {
      "RequestUri": "https://management.azure.com/subscriptions/db1ab6f0-4769-4b27-930e-01e2ef9c123c/resourceGroups/sqlvmtestrg4292/providers/Microsoft.SqlVirtualMachine/sqlVirtualMachineGroups/sqlvmgrp5834?api-version=2022-02-01",
      "RequestMethod": "GET",
      "RequestHeaders": {
        "Accept": "application/json",
        "Authorization": "Sanitized",
        "traceparent": "00-b8471a5a20a9624ea726d29d91d4cea8-4a2b4ef5626aa149-00",
        "User-Agent": "azsdk-net-ResourceManager.SqlVirtualMachine/1.1.0-alpha.20221205.1 (.NET Framework 4.8.4515.0; Microsoft Windows 10.0.19045 )",
        "x-ms-client-request-id": "56a5360a46c87c87c76dcda832bcbc8c",
        "x-ms-return-client-request-id": "true"
      },
      "RequestBody": null,
      "StatusCode": 200,
      "ResponseHeaders": {
        "Cache-Control": "no-cache",
        "Content-Length": "635",
        "Content-Type": "application/json; charset=utf-8",
        "Date": "Mon, 05 Dec 2022 05:50:34 GMT",
        "Expires": "-1",
        "Pragma": "no-cache",
        "Server": "Microsoft-HTTPAPI/2.0",
        "Strict-Transport-Security": "max-age=31536000; includeSubDomains",
        "X-Content-Type-Options": "nosniff",
        "x-ms-correlation-request-id": "7b3e1f18-2c8e-4f37-a7b7-c043c4cb753c",
        "x-ms-ratelimit-remaining-subscription-reads": "11994",
        "x-ms-request-id": "7d04912a-cad5-410d-b6e2-09447bcf32e0",
        "x-ms-routing-request-id": "SOUTHEASTASIA:20221205T055035Z:7b3e1f18-2c8e-4f37-a7b7-c043c4cb753c"
      },
      "ResponseBody": {
        "properties": {
          "provisioningState": "Succeeded",
          "sqlImageOffer": "SQL2017-WS2016",
          "sqlImageSku": "Enterprise",
          "wsfcDomainProfile": {
            "domainFqdn": "Domain.com",
            "clusterOperatorAccount": "myvmadmin@Domain.com",
            "sqlServiceAccount": "sqlService@Domain.com",
            "storageAccountUrl": "https://sqlvmteststorage7338.blob.core.windows.net/",
            "clusterSubnetType": "SingleSubnet"
          }
        },
        "location": "westus",
        "tags": {},
        "id": "/subscriptions/db1ab6f0-4769-4b27-930e-01e2ef9c123c/resourceGroups/sqlvmtestrg4292/providers/Microsoft.SqlVirtualMachine/sqlVirtualMachineGroups/sqlvmgrp5834",
        "name": "sqlvmgrp5834",
        "type": "Microsoft.SqlVirtualMachine/sqlVirtualMachineGroups"
      }
    },
    {
      "RequestUri": "https://management.azure.com/subscriptions/db1ab6f0-4769-4b27-930e-01e2ef9c123c/providers/Microsoft.SqlVirtualMachine/sqlVirtualMachineGroups?api-version=2022-02-01",
      "RequestMethod": "GET",
      "RequestHeaders": {
        "Accept": "application/json",
        "Authorization": "Sanitized",
        "traceparent": "00-33edd314c974904286450cd3158a94aa-014a2b3f655c7c4b-00",
        "User-Agent": "azsdk-net-ResourceManager.SqlVirtualMachine/1.1.0-alpha.20221205.1 (.NET Framework 4.8.4515.0; Microsoft Windows 10.0.19045 )",
        "x-ms-client-request-id": "907162df504b1f9125abfae7227d10a8",
        "x-ms-return-client-request-id": "true"
      },
      "RequestBody": null,
      "StatusCode": 200,
      "ResponseHeaders": {
        "Cache-Control": "no-cache",
        "Content-Length": "647",
        "Content-Type": "application/json; charset=utf-8",
        "Date": "Mon, 05 Dec 2022 05:50:35 GMT",
        "Expires": "-1",
        "Pragma": "no-cache",
        "Server": "Microsoft-HTTPAPI/2.0",
        "Strict-Transport-Security": "max-age=31536000; includeSubDomains",
        "X-Content-Type-Options": "nosniff",
        "x-ms-correlation-request-id": "08689e94-bf72-4185-8745-22ad84f32527",
        "x-ms-ratelimit-remaining-subscription-reads": "11993",
        "x-ms-request-id": "5a73653d-031d-4fed-8b50-ccd004acb413",
        "x-ms-routing-request-id": "SOUTHEASTASIA:20221205T055035Z:08689e94-bf72-4185-8745-22ad84f32527"
      },
      "ResponseBody": {
        "value": [
          {
            "properties": {
              "provisioningState": "Succeeded",
              "sqlImageOffer": "SQL2017-WS2016",
              "sqlImageSku": "Enterprise",
              "wsfcDomainProfile": {
                "domainFqdn": "Domain.com",
                "clusterOperatorAccount": "myvmadmin@Domain.com",
                "sqlServiceAccount": "sqlService@Domain.com",
                "storageAccountUrl": "https://sqlvmteststorage7338.blob.core.windows.net/",
                "clusterSubnetType": "SingleSubnet"
              }
            },
            "location": "westus",
            "tags": {},
            "id": "/subscriptions/db1ab6f0-4769-4b27-930e-01e2ef9c123c/resourceGroups/sqlvmtestrg4292/providers/Microsoft.SqlVirtualMachine/sqlVirtualMachineGroups/sqlvmgrp5834",
            "name": "sqlvmgrp5834",
            "type": "Microsoft.SqlVirtualMachine/sqlVirtualMachineGroups"
          }
        ]
      }
    },
    {
      "RequestUri": "https://management.azure.com/subscriptions/db1ab6f0-4769-4b27-930e-01e2ef9c123c/resourceGroups/sqlvmtestrg4292/providers/Microsoft.SqlVirtualMachine/sqlVirtualMachineGroups/sqlvmgrp5834?api-version=2022-02-01",
      "RequestMethod": "DELETE",
      "RequestHeaders": {
        "Authorization": "Sanitized",
        "traceparent": "00-604d012bf357dc40b4ddc19011089a05-33027ac1e8afc44a-00",
        "User-Agent": "azsdk-net-ResourceManager.SqlVirtualMachine/1.1.0-alpha.20221205.1 (.NET Framework 4.8.4515.0; Microsoft Windows 10.0.19045 )",
        "x-ms-client-request-id": "b1c1403d3d190dc1dc8395a9c0d64cf3",
        "x-ms-return-client-request-id": "true"
      },
      "RequestBody": null,
      "StatusCode": 202,
      "ResponseHeaders": {
        "Azure-AsyncOperation": "https://management.azure.com/subscriptions/db1ab6f0-4769-4b27-930e-01e2ef9c123c/providers/Microsoft.SqlVirtualMachine/locations/westus/operationTypes/deletesqlvirtualmachinegroup/operationResults/80d4c861-0336-4e31-8509-6d5b2566086c?api-version=2022-02-01",
        "Cache-Control": "no-cache",
        "Content-Length": "0",
        "Date": "Mon, 05 Dec 2022 05:50:36 GMT",
        "Expires": "-1",
        "Location": "https://management.azure.com/subscriptions/db1ab6f0-4769-4b27-930e-01e2ef9c123c/providers/Microsoft.SqlVirtualMachine/locations/westus/sqlVirtualMachineGroupOperationResults/80d4c861-0336-4e31-8509-6d5b2566086c?api-version=2022-02-01",
        "Pragma": "no-cache",
        "Retry-After": "15",
        "Server": "Microsoft-HTTPAPI/2.0",
        "Strict-Transport-Security": "max-age=31536000; includeSubDomains",
        "X-Content-Type-Options": "nosniff",
        "x-ms-correlation-request-id": "8066e422-77ac-4625-9fb1-223c22f9735e",
        "x-ms-ratelimit-remaining-subscription-deletes": "14999",
        "x-ms-request-id": "cae8b346-c9bb-40c1-a830-53da69ce253f",
        "x-ms-routing-request-id": "SOUTHEASTASIA:20221205T055037Z:8066e422-77ac-4625-9fb1-223c22f9735e"
      },
      "ResponseBody": null
    },
    {
      "RequestUri": "https://management.azure.com/subscriptions/db1ab6f0-4769-4b27-930e-01e2ef9c123c/providers/Microsoft.SqlVirtualMachine/locations/westus/operationTypes/deletesqlvirtualmachinegroup/operationResults/80d4c861-0336-4e31-8509-6d5b2566086c?api-version=2022-02-01",
      "RequestMethod": "GET",
      "RequestHeaders": {
        "Authorization": "Sanitized",
        "traceparent": "00-604d012bf357dc40b4ddc19011089a05-d63e626a7be5ff4b-00",
        "User-Agent": "azsdk-net-ResourceManager/1.3.2 (.NET Framework 4.8.4515.0; Microsoft Windows 10.0.19045 )",
        "x-ms-client-request-id": "f26b255d0bfaa272a163b4c7bae75f4e",
        "x-ms-return-client-request-id": "true"
      },
      "RequestBody": null,
      "StatusCode": 200,
      "ResponseHeaders": {
        "Cache-Control": "no-cache",
        "Content-Length": "107",
        "Content-Type": "application/json; charset=utf-8",
        "Date": "Mon, 05 Dec 2022 05:50:37 GMT",
        "Expires": "-1",
        "Pragma": "no-cache",
        "Retry-After": "15",
        "Server": "Microsoft-HTTPAPI/2.0",
        "Strict-Transport-Security": "max-age=31536000; includeSubDomains",
        "X-Content-Type-Options": "nosniff",
        "x-ms-correlation-request-id": "a7d7d6fe-ad1e-4b3d-befc-ce985834a04a",
        "x-ms-ratelimit-remaining-subscription-reads": "11992",
        "x-ms-request-id": "a07b40c2-f441-4469-abf3-1100225c269a",
        "x-ms-routing-request-id": "SOUTHEASTASIA:20221205T055037Z:a7d7d6fe-ad1e-4b3d-befc-ce985834a04a"
      },
      "ResponseBody": {
        "name": "80d4c861-0336-4e31-8509-6d5b2566086c",
        "status": "Succeeded",
        "startTime": "2022-12-05T05:50:36.007Z"
      }
    },
    {
      "RequestUri": "https://management.azure.com/subscriptions/db1ab6f0-4769-4b27-930e-01e2ef9c123c/resourceGroups/sqlvmtestrg4292/providers/Microsoft.SqlVirtualMachine/sqlVirtualMachineGroups?api-version=2022-02-01",
      "RequestMethod": "GET",
      "RequestHeaders": {
        "Accept": "application/json",
        "Authorization": "Sanitized",
        "traceparent": "00-6a6b886db676004aab048cf433972089-af191d9bd9b7dd4a-00",
        "User-Agent": "azsdk-net-ResourceManager.SqlVirtualMachine/1.1.0-alpha.20221205.1 (.NET Framework 4.8.4515.0; Microsoft Windows 10.0.19045 )",
        "x-ms-client-request-id": "ed7d065ea8033146fb070c930ca4c13c",
        "x-ms-return-client-request-id": "true"
      },
      "RequestBody": null,
      "StatusCode": 200,
      "ResponseHeaders": {
        "Cache-Control": "no-cache",
        "Content-Length": "12",
        "Content-Type": "application/json; charset=utf-8",
        "Date": "Mon, 05 Dec 2022 05:50:37 GMT",
        "Expires": "-1",
        "Pragma": "no-cache",
        "Server": "Microsoft-HTTPAPI/2.0",
        "Strict-Transport-Security": "max-age=31536000; includeSubDomains",
        "X-Content-Type-Options": "nosniff",
        "x-ms-correlation-request-id": "86082317-e1bf-412c-a74d-1401bf475b88",
        "x-ms-ratelimit-remaining-subscription-reads": "11991",
        "x-ms-request-id": "2ffc9757-c018-4bb5-bb7c-8170ec8e95c9",
        "x-ms-routing-request-id": "SOUTHEASTASIA:20221205T055037Z:86082317-e1bf-412c-a74d-1401bf475b88"
      },
      "ResponseBody": {
        "value": []
      }
    }
  ],
  "Variables": {
    "AZURE_AUTHORITY_HOST": "https://login.microsoftonline.com",
    "RandomSeed": "2059284758",
    "RESOURCE_MANAGER_URL": null,
    "SUBSCRIPTION_ID": "db1ab6f0-4769-4b27-930e-01e2ef9c123c"
  }
}
