{
  "Entries": [
    {
      "RequestUri": "/subscriptions/e37510d7-33b6-4676-886f-ee75bcc01871/resourcegroups/crptestar3301DH?api-version=2017-05-10",
      "EncodedRequestUri": "L3N1YnNjcmlwdGlvbnMvZTM3NTEwZDctMzNiNi00Njc2LTg4NmYtZWU3NWJjYzAxODcxL3Jlc291cmNlZ3JvdXBzL2NycHRlc3RhcjMzMDFESD9hcGktdmVyc2lvbj0yMDE3LTA1LTEw",
      "RequestMethod": "PUT",
      "RequestBody": "{\r\n  \"location\": \"westus\",\r\n  \"tags\": {\r\n    \"crptestar3301DH\": \"2020-12-29 17:12:13Z\"\r\n  }\r\n}",
      "RequestHeaders": {
        "x-ms-client-request-id": [
          "daf8f97f-602d-4d0f-8e84-305c5d110e75"
        ],
        "Accept-Language": [
          "en-US"
        ],
        "User-Agent": [
          "FxVersion/4.6.29321.03",
          "OSName/Windows",
          "OSVersion/Microsoft.Windows.10.0.18363.",
          "Microsoft.Azure.Management.ResourceManager.ResourceManagementClient/1.6.0.0"
        ],
        "Content-Type": [
          "application/json; charset=utf-8"
        ],
        "Content-Length": [
          "94"
        ]
      },
      "ResponseHeaders": {
        "Cache-Control": [
          "no-cache"
        ],
        "Pragma": [
          "no-cache"
        ],
        "x-ms-ratelimit-remaining-subscription-writes": [
          "1199"
        ],
        "x-ms-request-id": [
          "5efe631c-c21f-4177-bc8b-a6a089c4586c"
        ],
        "x-ms-correlation-request-id": [
          "5efe631c-c21f-4177-bc8b-a6a089c4586c"
        ],
        "x-ms-routing-request-id": [
          "EASTUS2:20201229T171215Z:5efe631c-c21f-4177-bc8b-a6a089c4586c"
        ],
        "Strict-Transport-Security": [
          "max-age=31536000; includeSubDomains"
        ],
        "X-Content-Type-Options": [
          "nosniff"
        ],
        "Date": [
          "Tue, 29 Dec 2020 17:12:14 GMT"
        ],
        "Content-Length": [
          "233"
        ],
        "Content-Type": [
          "application/json; charset=utf-8"
        ],
        "Expires": [
          "-1"
        ]
      },
      "ResponseBody": "{\r\n  \"id\": \"/subscriptions/e37510d7-33b6-4676-886f-ee75bcc01871/resourceGroups/crptestar3301DH\",\r\n  \"name\": \"crptestar3301DH\",\r\n  \"location\": \"westus\",\r\n  \"tags\": {\r\n    \"crptestar3301DH\": \"2020-12-29 17:12:13Z\"\r\n  },\r\n  \"properties\": {\r\n    \"provisioningState\": \"Succeeded\"\r\n  }\r\n}",
      "StatusCode": 201
    },
    {
      "RequestUri": "/subscriptions/e37510d7-33b6-4676-886f-ee75bcc01871/resourceGroups/crptestar3301DH/providers/Microsoft.Compute/hostGroups/DHG-1?api-version=2020-12-01",
      "EncodedRequestUri": "L3N1YnNjcmlwdGlvbnMvZTM3NTEwZDctMzNiNi00Njc2LTg4NmYtZWU3NWJjYzAxODcxL3Jlc291cmNlR3JvdXBzL2NycHRlc3RhcjMzMDFESC9wcm92aWRlcnMvTWljcm9zb2Z0LkNvbXB1dGUvaG9zdEdyb3Vwcy9ESEctMT9hcGktdmVyc2lvbj0yMDIwLTEyLTAx",
      "RequestMethod": "PUT",
      "RequestBody": "{\r\n  \"properties\": {\r\n    \"platformFaultDomainCount\": 1,\r\n    \"supportAutomaticPlacement\": true\r\n  },\r\n  \"location\": \"westus\"\r\n}",
      "RequestHeaders": {
        "x-ms-client-request-id": [
          "030b0920-3c2d-4ae3-96e6-c0896aeaf00d"
        ],
        "Accept-Language": [
          "en-US"
        ],
        "User-Agent": [
          "FxVersion/4.6.29321.03",
          "OSName/Windows",
          "OSVersion/Microsoft.Windows.10.0.18363.",
          "Microsoft.Azure.Management.Compute.ComputeManagementClient/39.0.0.0"
        ],
        "Content-Type": [
          "application/json; charset=utf-8"
        ],
        "Content-Length": [
          "128"
        ]
      },
      "ResponseHeaders": {
        "Cache-Control": [
          "no-cache"
        ],
        "Pragma": [
          "no-cache"
        ],
        "x-ms-ratelimit-remaining-resource": [
          "Microsoft.Compute/PutDeleteDedicatedHost3Min;119,Microsoft.Compute/PutDeleteDedicatedHost30Min;599"
        ],
        "Strict-Transport-Security": [
          "max-age=31536000; includeSubDomains"
        ],
        "x-ms-request-id": [
          "c60ae490-6839-48a8-8b17-da5fa74dfcdd"
        ],
        "Server": [
          "Microsoft-HTTPAPI/2.0",
          "Microsoft-HTTPAPI/2.0"
        ],
        "x-ms-ratelimit-remaining-subscription-writes": [
          "1199"
        ],
        "x-ms-correlation-request-id": [
          "98272f57-bc0c-493c-bb76-e2f9b8fc6295"
        ],
        "x-ms-routing-request-id": [
          "EASTUS2:20201229T171218Z:98272f57-bc0c-493c-bb76-e2f9b8fc6295"
        ],
        "X-Content-Type-Options": [
          "nosniff"
        ],
        "Date": [
          "Tue, 29 Dec 2020 17:12:17 GMT"
        ],
        "Content-Length": [
          "331"
        ],
        "Content-Type": [
          "application/json; charset=utf-8"
        ],
        "Expires": [
          "-1"
        ]
      },
      "ResponseBody": "{\r\n  \"name\": \"DHG-1\",\r\n  \"id\": \"/subscriptions/e37510d7-33b6-4676-886f-ee75bcc01871/resourceGroups/CRPTESTAR3301DH/providers/Microsoft.Compute/hostGroups/DHG-1\",\r\n  \"type\": \"Microsoft.Compute/hostGroups\",\r\n  \"location\": \"westus\",\r\n  \"properties\": {\r\n    \"platformFaultDomainCount\": 1,\r\n    \"supportAutomaticPlacement\": true\r\n  }\r\n}",
      "StatusCode": 201
    },
    {
      "RequestUri": "/subscriptions/e37510d7-33b6-4676-886f-ee75bcc01871/resourceGroups/crptestar3301DH/providers/Microsoft.Compute/hostGroups/DHG-1?api-version=2020-12-01",
      "EncodedRequestUri": "L3N1YnNjcmlwdGlvbnMvZTM3NTEwZDctMzNiNi00Njc2LTg4NmYtZWU3NWJjYzAxODcxL3Jlc291cmNlR3JvdXBzL2NycHRlc3RhcjMzMDFESC9wcm92aWRlcnMvTWljcm9zb2Z0LkNvbXB1dGUvaG9zdEdyb3Vwcy9ESEctMT9hcGktdmVyc2lvbj0yMDIwLTEyLTAx",
      "RequestMethod": "GET",
      "RequestBody": "",
      "RequestHeaders": {
        "x-ms-client-request-id": [
          "887728e3-4ec9-4fc3-aa27-f26891da2f14"
        ],
        "Accept-Language": [
          "en-US"
        ],
        "User-Agent": [
          "FxVersion/4.6.29321.03",
          "OSName/Windows",
          "OSVersion/Microsoft.Windows.10.0.18363.",
          "Microsoft.Azure.Management.Compute.ComputeManagementClient/39.0.0.0"
        ]
      },
      "ResponseHeaders": {
        "Cache-Control": [
          "no-cache"
        ],
        "Pragma": [
          "no-cache"
        ],
        "x-ms-ratelimit-remaining-resource": [
          "Microsoft.Compute/GetDedicatedHost30Min;999"
        ],
        "Strict-Transport-Security": [
          "max-age=31536000; includeSubDomains"
        ],
        "x-ms-request-id": [
          "48996a51-6951-4b79-9605-3121632de0ba"
        ],
        "Server": [
          "Microsoft-HTTPAPI/2.0",
          "Microsoft-HTTPAPI/2.0"
        ],
        "x-ms-ratelimit-remaining-subscription-reads": [
          "11999"
        ],
        "x-ms-correlation-request-id": [
          "cce80aee-d329-4232-9514-bf802329b4f3"
        ],
        "x-ms-routing-request-id": [
          "EASTUS2:20201229T171218Z:cce80aee-d329-4232-9514-bf802329b4f3"
        ],
        "X-Content-Type-Options": [
          "nosniff"
        ],
        "Date": [
          "Tue, 29 Dec 2020 17:12:17 GMT"
        ],
        "Content-Length": [
          "331"
        ],
        "Content-Type": [
          "application/json; charset=utf-8"
        ],
        "Expires": [
          "-1"
        ]
      },
      "ResponseBody": "{\r\n  \"name\": \"DHG-1\",\r\n  \"id\": \"/subscriptions/e37510d7-33b6-4676-886f-ee75bcc01871/resourceGroups/CRPTESTAR3301DH/providers/Microsoft.Compute/hostGroups/DHG-1\",\r\n  \"type\": \"Microsoft.Compute/hostGroups\",\r\n  \"location\": \"westus\",\r\n  \"properties\": {\r\n    \"platformFaultDomainCount\": 1,\r\n    \"supportAutomaticPlacement\": true\r\n  }\r\n}",
      "StatusCode": 200
    },
    {
      "RequestUri": "/subscriptions/e37510d7-33b6-4676-886f-ee75bcc01871/resourceGroups/crptestar3301DH/providers/Microsoft.Compute/hostGroups/DHG-1?api-version=2020-12-01",
      "EncodedRequestUri": "L3N1YnNjcmlwdGlvbnMvZTM3NTEwZDctMzNiNi00Njc2LTg4NmYtZWU3NWJjYzAxODcxL3Jlc291cmNlR3JvdXBzL2NycHRlc3RhcjMzMDFESC9wcm92aWRlcnMvTWljcm9zb2Z0LkNvbXB1dGUvaG9zdEdyb3Vwcy9ESEctMT9hcGktdmVyc2lvbj0yMDIwLTEyLTAx",
      "RequestMethod": "GET",
      "RequestBody": "",
      "RequestHeaders": {
        "x-ms-client-request-id": [
          "1f72a7be-3759-4736-b7e9-7d25647d058f"
        ],
        "Accept-Language": [
          "en-US"
        ],
        "User-Agent": [
          "FxVersion/4.6.29321.03",
          "OSName/Windows",
          "OSVersion/Microsoft.Windows.10.0.18363.",
          "Microsoft.Azure.Management.Compute.ComputeManagementClient/39.0.0.0"
        ]
      },
      "ResponseHeaders": {
        "Cache-Control": [
          "no-cache"
        ],
        "Pragma": [
          "no-cache"
        ],
        "x-ms-ratelimit-remaining-resource": [
          "Microsoft.Compute/GetDedicatedHost30Min;998"
        ],
        "Strict-Transport-Security": [
          "max-age=31536000; includeSubDomains"
        ],
        "x-ms-request-id": [
          "4a4d0436-8d9e-492a-9d55-274432bd2910"
        ],
        "Server": [
          "Microsoft-HTTPAPI/2.0",
          "Microsoft-HTTPAPI/2.0"
        ],
        "x-ms-ratelimit-remaining-subscription-reads": [
          "11998"
        ],
        "x-ms-correlation-request-id": [
          "acdd03b9-5337-4214-8541-b0afabaf19a8"
        ],
        "x-ms-routing-request-id": [
          "EASTUS2:20201229T171218Z:acdd03b9-5337-4214-8541-b0afabaf19a8"
        ],
        "X-Content-Type-Options": [
          "nosniff"
        ],
        "Date": [
          "Tue, 29 Dec 2020 17:12:17 GMT"
        ],
        "Content-Length": [
          "331"
        ],
        "Content-Type": [
          "application/json; charset=utf-8"
        ],
        "Expires": [
          "-1"
        ]
      },
      "ResponseBody": "{\r\n  \"name\": \"DHG-1\",\r\n  \"id\": \"/subscriptions/e37510d7-33b6-4676-886f-ee75bcc01871/resourceGroups/CRPTESTAR3301DH/providers/Microsoft.Compute/hostGroups/DHG-1\",\r\n  \"type\": \"Microsoft.Compute/hostGroups\",\r\n  \"location\": \"westus\",\r\n  \"properties\": {\r\n    \"platformFaultDomainCount\": 1,\r\n    \"supportAutomaticPlacement\": true\r\n  }\r\n}",
      "StatusCode": 200
    },
    {
      "RequestUri": "/subscriptions/e37510d7-33b6-4676-886f-ee75bcc01871/resourceGroups/crptestar3301DH/providers/Microsoft.Compute/hostGroups/DHG-1/hosts/DH-1?api-version=2020-12-01",
      "EncodedRequestUri": "L3N1YnNjcmlwdGlvbnMvZTM3NTEwZDctMzNiNi00Njc2LTg4NmYtZWU3NWJjYzAxODcxL3Jlc291cmNlR3JvdXBzL2NycHRlc3RhcjMzMDFESC9wcm92aWRlcnMvTWljcm9zb2Z0LkNvbXB1dGUvaG9zdEdyb3Vwcy9ESEctMS9ob3N0cy9ESC0xP2FwaS12ZXJzaW9uPTIwMjAtMTItMDE=",
      "RequestMethod": "PUT",
      "RequestBody": "{\r\n  \"sku\": {\r\n    \"name\": \"ESv3-Type1\"\r\n  },\r\n  \"location\": \"westus\",\r\n  \"tags\": {\r\n    \"crptestar3301DH\": \"2020-12-29 17:12:18Z\"\r\n  }\r\n}",
      "RequestHeaders": {
        "x-ms-client-request-id": [
          "4a7ec705-3d99-496a-a46a-836166c3884d"
        ],
        "Accept-Language": [
          "en-US"
        ],
        "User-Agent": [
          "FxVersion/4.6.29321.03",
          "OSName/Windows",
          "OSVersion/Microsoft.Windows.10.0.18363.",
          "Microsoft.Azure.Management.Compute.ComputeManagementClient/39.0.0.0"
        ],
        "Content-Type": [
          "application/json; charset=utf-8"
        ],
        "Content-Length": [
          "138"
        ]
      },
      "ResponseHeaders": {
        "Cache-Control": [
          "no-cache"
        ],
        "Pragma": [
          "no-cache"
        ],
        "Azure-AsyncOperation": [
          "https://management.azure.com/subscriptions/e37510d7-33b6-4676-886f-ee75bcc01871/providers/Microsoft.Compute/locations/westus/operations/fe827224-1166-42c2-aef1-1d9e22da69c6?api-version=2020-12-01"
        ],
        "Azure-AsyncNotification": [
          "Enabled"
        ],
        "x-ms-ratelimit-remaining-resource": [
          "Microsoft.Compute/PutDeleteDedicatedHost3Min;118,Microsoft.Compute/PutDeleteDedicatedHost30Min;598"
        ],
        "Strict-Transport-Security": [
          "max-age=31536000; includeSubDomains"
        ],
        "x-ms-request-id": [
          "fe827224-1166-42c2-aef1-1d9e22da69c6"
        ],
        "Server": [
          "Microsoft-HTTPAPI/2.0",
          "Microsoft-HTTPAPI/2.0"
        ],
        "x-ms-ratelimit-remaining-subscription-writes": [
          "1198"
        ],
        "x-ms-correlation-request-id": [
          "2da05167-d1d0-40bc-89e6-e18b1a52bedb"
        ],
        "x-ms-routing-request-id": [
          "EASTUS2:20201229T171221Z:2da05167-d1d0-40bc-89e6-e18b1a52bedb"
        ],
        "X-Content-Type-Options": [
          "nosniff"
        ],
        "Date": [
          "Tue, 29 Dec 2020 17:12:20 GMT"
        ],
        "Content-Length": [
          "540"
        ],
        "Content-Type": [
          "application/json; charset=utf-8"
        ],
        "Expires": [
          "-1"
        ]
      },
      "ResponseBody": "{\r\n  \"name\": \"DH-1\",\r\n  \"id\": \"/subscriptions/e37510d7-33b6-4676-886f-ee75bcc01871/resourceGroups/crptestar3301DH/providers/Microsoft.Compute/hostGroups/DHG-1/hosts/DH-1\",\r\n  \"type\": \"Microsoft.Compute/hostGroups/hosts\",\r\n  \"location\": \"westus\",\r\n  \"tags\": {\r\n    \"crptestar3301DH\": \"2020-12-29 17:12:18Z\"\r\n  },\r\n  \"sku\": {\r\n    \"name\": \"ESv3-Type1\"\r\n  },\r\n  \"properties\": {\r\n    \"platformFaultDomain\": 0,\r\n    \"autoReplaceOnFailure\": true,\r\n    \"hostId\": \"ce53f5ed-c21f-4149-83d3-397406ea3f90\",\r\n    \"provisioningState\": \"Creating\"\r\n  }\r\n}",
      "StatusCode": 201
    },
    {
      "RequestUri": "/subscriptions/e37510d7-33b6-4676-886f-ee75bcc01871/providers/Microsoft.Compute/locations/westus/operations/fe827224-1166-42c2-aef1-1d9e22da69c6?api-version=2020-12-01",
      "EncodedRequestUri": "L3N1YnNjcmlwdGlvbnMvZTM3NTEwZDctMzNiNi00Njc2LTg4NmYtZWU3NWJjYzAxODcxL3Byb3ZpZGVycy9NaWNyb3NvZnQuQ29tcHV0ZS9sb2NhdGlvbnMvd2VzdHVzL29wZXJhdGlvbnMvZmU4MjcyMjQtMTE2Ni00MmMyLWFlZjEtMWQ5ZTIyZGE2OWM2P2FwaS12ZXJzaW9uPTIwMjAtMTItMDE=",
      "RequestMethod": "GET",
      "RequestBody": "",
      "RequestHeaders": {
        "User-Agent": [
          "FxVersion/4.6.29321.03",
          "OSName/Windows",
          "OSVersion/Microsoft.Windows.10.0.18363.",
          "Microsoft.Azure.Management.Compute.ComputeManagementClient/39.0.0.0"
        ]
      },
      "ResponseHeaders": {
        "Cache-Control": [
          "no-cache"
        ],
        "Pragma": [
          "no-cache"
        ],
        "x-ms-ratelimit-remaining-resource": [
          "Microsoft.Compute/GetOperation3Min;14998,Microsoft.Compute/GetOperation30Min;29998"
        ],
        "Strict-Transport-Security": [
          "max-age=31536000; includeSubDomains"
        ],
        "x-ms-request-id": [
          "b62531b9-502b-4e5f-be6f-afab30336dfa"
        ],
        "Server": [
          "Microsoft-HTTPAPI/2.0",
          "Microsoft-HTTPAPI/2.0"
        ],
        "x-ms-ratelimit-remaining-subscription-reads": [
          "11997"
        ],
        "x-ms-correlation-request-id": [
          "a531ddc2-2f6e-4ace-ac5d-47c8bedecaa6"
        ],
        "x-ms-routing-request-id": [
          "EASTUS2:20201229T171251Z:a531ddc2-2f6e-4ace-ac5d-47c8bedecaa6"
        ],
        "X-Content-Type-Options": [
          "nosniff"
        ],
        "Date": [
          "Tue, 29 Dec 2020 17:12:50 GMT"
        ],
        "Content-Length": [
          "184"
        ],
        "Content-Type": [
          "application/json; charset=utf-8"
        ],
        "Expires": [
          "-1"
        ]
      },
      "ResponseBody": "{\r\n  \"startTime\": \"2020-12-29T17:12:19.6328392+00:00\",\r\n  \"endTime\": \"2020-12-29T17:12:24.3359366+00:00\",\r\n  \"status\": \"Succeeded\",\r\n  \"name\": \"fe827224-1166-42c2-aef1-1d9e22da69c6\"\r\n}",
      "StatusCode": 200
    },
    {
      "RequestUri": "/subscriptions/e37510d7-33b6-4676-886f-ee75bcc01871/resourceGroups/crptestar3301DH/providers/Microsoft.Compute/hostGroups/DHG-1/hosts/DH-1?api-version=2020-12-01",
      "EncodedRequestUri": "L3N1YnNjcmlwdGlvbnMvZTM3NTEwZDctMzNiNi00Njc2LTg4NmYtZWU3NWJjYzAxODcxL3Jlc291cmNlR3JvdXBzL2NycHRlc3RhcjMzMDFESC9wcm92aWRlcnMvTWljcm9zb2Z0LkNvbXB1dGUvaG9zdEdyb3Vwcy9ESEctMS9ob3N0cy9ESC0xP2FwaS12ZXJzaW9uPTIwMjAtMTItMDE=",
      "RequestMethod": "GET",
      "RequestBody": "",
      "RequestHeaders": {
        "User-Agent": [
          "FxVersion/4.6.29321.03",
          "OSName/Windows",
          "OSVersion/Microsoft.Windows.10.0.18363.",
          "Microsoft.Azure.Management.Compute.ComputeManagementClient/39.0.0.0"
        ]
      },
      "ResponseHeaders": {
        "Cache-Control": [
          "no-cache"
        ],
        "Pragma": [
          "no-cache"
        ],
        "x-ms-ratelimit-remaining-resource": [
          "Microsoft.Compute/GetDedicatedHost3Min;247,Microsoft.Compute/GetDedicatedHost30Min;995"
        ],
        "Strict-Transport-Security": [
          "max-age=31536000; includeSubDomains"
        ],
        "x-ms-request-id": [
          "dce06930-298e-4718-af5d-d19e3abc246a"
        ],
        "Server": [
          "Microsoft-HTTPAPI/2.0",
          "Microsoft-HTTPAPI/2.0"
        ],
        "x-ms-ratelimit-remaining-subscription-reads": [
          "11996"
        ],
        "x-ms-correlation-request-id": [
          "2ffa9e19-3f64-4cb0-9ee8-df5c91d57cdb"
        ],
        "x-ms-routing-request-id": [
          "EASTUS2:20201229T171251Z:2ffa9e19-3f64-4cb0-9ee8-df5c91d57cdb"
        ],
        "X-Content-Type-Options": [
          "nosniff"
        ],
        "Date": [
          "Tue, 29 Dec 2020 17:12:50 GMT"
        ],
        "Content-Length": [
          "630"
        ],
        "Content-Type": [
          "application/json; charset=utf-8"
        ],
        "Expires": [
          "-1"
        ]
      },
      "ResponseBody": "{\r\n  \"name\": \"DH-1\",\r\n  \"id\": \"/subscriptions/e37510d7-33b6-4676-886f-ee75bcc01871/resourceGroups/crptestar3301DH/providers/Microsoft.Compute/hostGroups/DHG-1/hosts/DH-1\",\r\n  \"type\": \"Microsoft.Compute/hostGroups/hosts\",\r\n  \"location\": \"westus\",\r\n  \"tags\": {\r\n    \"crptestar3301DH\": \"2020-12-29 17:12:18Z\"\r\n  },\r\n  \"sku\": {\r\n    \"name\": \"ESv3-Type1\"\r\n  },\r\n  \"properties\": {\r\n    \"platformFaultDomain\": 0,\r\n    \"autoReplaceOnFailure\": true,\r\n    \"hostId\": \"ce53f5ed-c21f-4149-83d3-397406ea3f90\",\r\n    \"virtualMachines\": [],\r\n    \"provisioningTime\": \"2020-12-29T17:12:24.273486+00:00\",\r\n    \"provisioningState\": \"Succeeded\"\r\n  }\r\n}",
      "StatusCode": 200
    },
    {
      "RequestUri": "/subscriptions/e37510d7-33b6-4676-886f-ee75bcc01871/resourceGroups/crptestar3301DH/providers/Microsoft.Compute/hostGroups/DHG-1/hosts/DH-1?api-version=2020-12-01",
      "EncodedRequestUri": "L3N1YnNjcmlwdGlvbnMvZTM3NTEwZDctMzNiNi00Njc2LTg4NmYtZWU3NWJjYzAxODcxL3Jlc291cmNlR3JvdXBzL2NycHRlc3RhcjMzMDFESC9wcm92aWRlcnMvTWljcm9zb2Z0LkNvbXB1dGUvaG9zdEdyb3Vwcy9ESEctMS9ob3N0cy9ESC0xP2FwaS12ZXJzaW9uPTIwMjAtMTItMDE=",
      "RequestMethod": "GET",
      "RequestBody": "",
      "RequestHeaders": {
        "x-ms-client-request-id": [
          "1c98b89c-f1a7-4e89-8534-b53e72ab036c"
        ],
        "Accept-Language": [
          "en-US"
        ],
        "User-Agent": [
          "FxVersion/4.6.29321.03",
          "OSName/Windows",
          "OSVersion/Microsoft.Windows.10.0.18363.",
          "Microsoft.Azure.Management.Compute.ComputeManagementClient/39.0.0.0"
        ]
      },
      "ResponseHeaders": {
        "Cache-Control": [
          "no-cache"
        ],
        "Pragma": [
          "no-cache"
        ],
        "x-ms-ratelimit-remaining-resource": [
          "Microsoft.Compute/GetDedicatedHost3Min;246,Microsoft.Compute/GetDedicatedHost30Min;994"
        ],
        "Strict-Transport-Security": [
          "max-age=31536000; includeSubDomains"
        ],
        "x-ms-request-id": [
          "9c261b63-3b61-4fe8-b57f-ab206e710032"
        ],
        "Server": [
          "Microsoft-HTTPAPI/2.0",
          "Microsoft-HTTPAPI/2.0"
        ],
        "x-ms-ratelimit-remaining-subscription-reads": [
          "11995"
        ],
        "x-ms-correlation-request-id": [
          "ca6e5609-42de-41d5-b425-acb7d2c5cecd"
        ],
        "x-ms-routing-request-id": [
          "EASTUS2:20201229T171251Z:ca6e5609-42de-41d5-b425-acb7d2c5cecd"
        ],
        "X-Content-Type-Options": [
          "nosniff"
        ],
        "Date": [
          "Tue, 29 Dec 2020 17:12:50 GMT"
        ],
        "Content-Length": [
          "630"
        ],
        "Content-Type": [
          "application/json; charset=utf-8"
        ],
        "Expires": [
          "-1"
        ]
      },
      "ResponseBody": "{\r\n  \"name\": \"DH-1\",\r\n  \"id\": \"/subscriptions/e37510d7-33b6-4676-886f-ee75bcc01871/resourceGroups/crptestar3301DH/providers/Microsoft.Compute/hostGroups/DHG-1/hosts/DH-1\",\r\n  \"type\": \"Microsoft.Compute/hostGroups/hosts\",\r\n  \"location\": \"westus\",\r\n  \"tags\": {\r\n    \"crptestar3301DH\": \"2020-12-29 17:12:18Z\"\r\n  },\r\n  \"sku\": {\r\n    \"name\": \"ESv3-Type1\"\r\n  },\r\n  \"properties\": {\r\n    \"platformFaultDomain\": 0,\r\n    \"autoReplaceOnFailure\": true,\r\n    \"hostId\": \"ce53f5ed-c21f-4149-83d3-397406ea3f90\",\r\n    \"virtualMachines\": [],\r\n    \"provisioningTime\": \"2020-12-29T17:12:24.273486+00:00\",\r\n    \"provisioningState\": \"Succeeded\"\r\n  }\r\n}",
      "StatusCode": 200
    },
    {
      "RequestUri": "/subscriptions/e37510d7-33b6-4676-886f-ee75bcc01871/resourceGroups/crptestar3301DH/providers/Microsoft.Compute/hostGroups/DHG-1?$expand=instanceView&api-version=2020-12-01",
      "EncodedRequestUri": "L3N1YnNjcmlwdGlvbnMvZTM3NTEwZDctMzNiNi00Njc2LTg4NmYtZWU3NWJjYzAxODcxL3Jlc291cmNlR3JvdXBzL2NycHRlc3RhcjMzMDFESC9wcm92aWRlcnMvTWljcm9zb2Z0LkNvbXB1dGUvaG9zdEdyb3Vwcy9ESEctMT8kZXhwYW5kPWluc3RhbmNlVmlldyZhcGktdmVyc2lvbj0yMDIwLTEyLTAx",
      "RequestMethod": "GET",
      "RequestBody": "",
      "RequestHeaders": {
        "x-ms-client-request-id": [
          "2dcbedae-20f8-498a-a0f8-635eb79423b6"
        ],
        "Accept-Language": [
          "en-US"
        ],
        "User-Agent": [
          "FxVersion/4.6.29321.03",
          "OSName/Windows",
          "OSVersion/Microsoft.Windows.10.0.18363.",
          "Microsoft.Azure.Management.Compute.ComputeManagementClient/39.0.0.0"
        ]
      },
      "ResponseHeaders": {
        "Cache-Control": [
          "no-cache"
        ],
        "Pragma": [
          "no-cache"
        ],
        "x-ms-ratelimit-remaining-resource": [
          "Microsoft.Compute/GetDedicatedHost30Min;993"
        ],
        "Strict-Transport-Security": [
          "max-age=31536000; includeSubDomains"
        ],
        "x-ms-request-id": [
          "5d459b38-4d13-4e87-aeea-15d707d77b53"
        ],
        "Server": [
          "Microsoft-HTTPAPI/2.0",
          "Microsoft-HTTPAPI/2.0"
        ],
        "x-ms-ratelimit-remaining-subscription-reads": [
          "11994"
        ],
        "x-ms-correlation-request-id": [
          "636757d0-1685-484a-a0a5-16fd7a5388ee"
        ],
        "x-ms-routing-request-id": [
          "EASTUS2:20201229T171252Z:636757d0-1685-484a-a0a5-16fd7a5388ee"
        ],
        "X-Content-Type-Options": [
          "nosniff"
        ],
        "Date": [
          "Tue, 29 Dec 2020 17:12:51 GMT"
        ],
        "Content-Length": [
          "3111"
        ],
        "Content-Type": [
          "application/json; charset=utf-8"
        ],
        "Expires": [
          "-1"
        ]
      },
      "ResponseBody": "{\r\n  \"name\": \"DHG-1\",\r\n  \"id\": \"/subscriptions/e37510d7-33b6-4676-886f-ee75bcc01871/resourceGroups/CRPTESTAR3301DH/providers/Microsoft.Compute/hostGroups/DHG-1\",\r\n  \"type\": \"Microsoft.Compute/hostGroups\",\r\n  \"location\": \"westus\",\r\n  \"properties\": {\r\n    \"platformFaultDomainCount\": 1,\r\n    \"hosts\": [\r\n      {\r\n        \"id\": \"/subscriptions/e37510d7-33b6-4676-886f-ee75bcc01871/resourceGroups/CRPTESTAR3301DH/providers/Microsoft.Compute/hostGroups/DHG-1/hosts/DH-1\"\r\n      }\r\n    ],\r\n    \"supportAutomaticPlacement\": true,\r\n    \"instanceView\": {\r\n      \"hosts\": [\r\n        {\r\n          \"name\": \"DH-1\",\r\n          \"assetId\": \"0426eaf7-6a1e-4eb1-ad49-b2b366e20e9e\",\r\n          \"availableCapacity\": {\r\n            \"allocatableVMs\": [\r\n              {\r\n                \"vmSize\": \"Standard_E2s_v3\",\r\n                \"count\": 28\r\n              },\r\n              {\r\n                \"vmSize\": \"Standard_E4-2s_v3\",\r\n                \"count\": 14\r\n              },\r\n              {\r\n                \"vmSize\": \"Standard_E4s_v3\",\r\n                \"count\": 14\r\n              },\r\n              {\r\n                \"vmSize\": \"Standard_E8-2s_v3\",\r\n                \"count\": 7\r\n              },\r\n              {\r\n                \"vmSize\": \"Standard_E8-4s_v3\",\r\n                \"count\": 7\r\n              },\r\n              {\r\n                \"vmSize\": \"Standard_E8s_v3\",\r\n                \"count\": 7\r\n              },\r\n              {\r\n                \"vmSize\": \"Standard_E16-4s_v3\",\r\n                \"count\": 3\r\n              },\r\n              {\r\n                \"vmSize\": \"Standard_E16-8s_v3\",\r\n                \"count\": 3\r\n              },\r\n              {\r\n                \"vmSize\": \"Standard_E16s_v3\",\r\n                \"count\": 3\r\n              },\r\n              {\r\n                \"vmSize\": \"Standard_E20s_v3\",\r\n                \"count\": 2\r\n              },\r\n              {\r\n                \"vmSize\": \"Standard_E32-8s_v3\",\r\n                \"count\": 1\r\n              },\r\n              {\r\n                \"vmSize\": \"Standard_E32-16s_v3\",\r\n                \"count\": 1\r\n              },\r\n              {\r\n                \"vmSize\": \"Standard_E32s_v3\",\r\n                \"count\": 1\r\n              },\r\n              {\r\n                \"vmSize\": \"Standard_E48s_v3\",\r\n                \"count\": 1\r\n              },\r\n              {\r\n                \"vmSize\": \"Standard_E64-16s_v3\",\r\n                \"count\": 1\r\n              },\r\n              {\r\n                \"vmSize\": \"Standard_E64-32s_v3\",\r\n                \"count\": 1\r\n              },\r\n              {\r\n                \"vmSize\": \"Standard_E64s_v3\",\r\n                \"count\": 1\r\n              }\r\n            ]\r\n          },\r\n          \"statuses\": [\r\n            {\r\n              \"code\": \"ProvisioningState/succeeded\",\r\n              \"level\": \"Info\",\r\n              \"displayStatus\": \"Provisioning succeeded\",\r\n              \"time\": \"2020-12-29T17:12:24.273486+00:00\"\r\n            },\r\n            {\r\n              \"code\": \"HealthState/available\",\r\n              \"level\": \"Info\",\r\n              \"displayStatus\": \"Host available\"\r\n            }\r\n          ]\r\n        }\r\n      ]\r\n    }\r\n  }\r\n}",
      "StatusCode": 200
    },
    {
      "RequestUri": "/subscriptions/e37510d7-33b6-4676-886f-ee75bcc01871/resourceGroups/crptestar3301DH/providers/Microsoft.Compute/hostGroups/DHG-1/hosts/DH-1?api-version=2020-12-01",
      "EncodedRequestUri": "L3N1YnNjcmlwdGlvbnMvZTM3NTEwZDctMzNiNi00Njc2LTg4NmYtZWU3NWJjYzAxODcxL3Jlc291cmNlR3JvdXBzL2NycHRlc3RhcjMzMDFESC9wcm92aWRlcnMvTWljcm9zb2Z0LkNvbXB1dGUvaG9zdEdyb3Vwcy9ESEctMS9ob3N0cy9ESC0xP2FwaS12ZXJzaW9uPTIwMjAtMTItMDE=",
      "RequestMethod": "DELETE",
      "RequestBody": "",
      "RequestHeaders": {
        "x-ms-client-request-id": [
          "f3a2380f-e234-4f2e-8e00-502d2f3e2dd6"
        ],
        "Accept-Language": [
          "en-US"
        ],
        "User-Agent": [
          "FxVersion/4.6.29321.03",
          "OSName/Windows",
          "OSVersion/Microsoft.Windows.10.0.18363.",
          "Microsoft.Azure.Management.Compute.ComputeManagementClient/39.0.0.0"
        ]
      },
      "ResponseHeaders": {
        "Cache-Control": [
          "no-cache"
        ],
        "Pragma": [
          "no-cache"
        ],
        "Location": [
          "https://management.azure.com/subscriptions/e37510d7-33b6-4676-886f-ee75bcc01871/providers/Microsoft.Compute/locations/westus/operations/b976f7d9-87bd-489c-8146-7cc99f08de8d?monitor=true&api-version=2020-12-01"
        ],
        "Azure-AsyncOperation": [
          "https://management.azure.com/subscriptions/e37510d7-33b6-4676-886f-ee75bcc01871/providers/Microsoft.Compute/locations/westus/operations/b976f7d9-87bd-489c-8146-7cc99f08de8d?api-version=2020-12-01"
        ],
        "Azure-AsyncNotification": [
          "Enabled"
        ],
        "x-ms-ratelimit-remaining-resource": [
          "Microsoft.Compute/PutDeleteDedicatedHost3Min;117,Microsoft.Compute/PutDeleteDedicatedHost30Min;597"
        ],
        "Strict-Transport-Security": [
          "max-age=31536000; includeSubDomains"
        ],
        "x-ms-request-id": [
          "b976f7d9-87bd-489c-8146-7cc99f08de8d"
        ],
        "Server": [
          "Microsoft-HTTPAPI/2.0",
          "Microsoft-HTTPAPI/2.0"
        ],
        "x-ms-ratelimit-remaining-subscription-deletes": [
          "14999"
        ],
        "x-ms-correlation-request-id": [
          "4f39b52b-4689-4ad7-b22a-2d265c0cc23d"
        ],
        "x-ms-routing-request-id": [
          "EASTUS2:20201229T171253Z:4f39b52b-4689-4ad7-b22a-2d265c0cc23d"
        ],
        "X-Content-Type-Options": [
          "nosniff"
        ],
        "Date": [
          "Tue, 29 Dec 2020 17:12:52 GMT"
        ],
        "Expires": [
          "-1"
        ],
        "Content-Length": [
          "0"
        ]
      },
      "ResponseBody": "",
      "StatusCode": 202
    },
    {
      "RequestUri": "/subscriptions/e37510d7-33b6-4676-886f-ee75bcc01871/providers/Microsoft.Compute/locations/westus/operations/b976f7d9-87bd-489c-8146-7cc99f08de8d?api-version=2020-12-01",
      "EncodedRequestUri": "L3N1YnNjcmlwdGlvbnMvZTM3NTEwZDctMzNiNi00Njc2LTg4NmYtZWU3NWJjYzAxODcxL3Byb3ZpZGVycy9NaWNyb3NvZnQuQ29tcHV0ZS9sb2NhdGlvbnMvd2VzdHVzL29wZXJhdGlvbnMvYjk3NmY3ZDktODdiZC00ODljLTgxNDYtN2NjOTlmMDhkZThkP2FwaS12ZXJzaW9uPTIwMjAtMTItMDE=",
      "RequestMethod": "GET",
      "RequestBody": "",
      "RequestHeaders": {
        "User-Agent": [
          "FxVersion/4.6.29321.03",
          "OSName/Windows",
          "OSVersion/Microsoft.Windows.10.0.18363.",
          "Microsoft.Azure.Management.Compute.ComputeManagementClient/39.0.0.0"
        ]
      },
      "ResponseHeaders": {
        "Cache-Control": [
          "no-cache"
        ],
        "Pragma": [
          "no-cache"
        ],
        "x-ms-ratelimit-remaining-resource": [
          "Microsoft.Compute/GetOperation3Min;14996,Microsoft.Compute/GetOperation30Min;29996"
        ],
        "Strict-Transport-Security": [
          "max-age=31536000; includeSubDomains"
        ],
        "x-ms-request-id": [
          "d6ad833b-fbb3-4e20-99ef-c4d1515abd87"
        ],
        "Server": [
          "Microsoft-HTTPAPI/2.0",
          "Microsoft-HTTPAPI/2.0"
        ],
        "x-ms-ratelimit-remaining-subscription-reads": [
          "11993"
        ],
        "x-ms-correlation-request-id": [
          "69dc4f6b-025e-4cd7-b3d2-0488fa4d0219"
        ],
        "x-ms-routing-request-id": [
          "EASTUS2:20201229T171323Z:69dc4f6b-025e-4cd7-b3d2-0488fa4d0219"
        ],
        "X-Content-Type-Options": [
          "nosniff"
        ],
        "Date": [
          "Tue, 29 Dec 2020 17:13:23 GMT"
        ],
        "Content-Length": [
          "183"
        ],
        "Content-Type": [
          "application/json; charset=utf-8"
        ],
        "Expires": [
          "-1"
        ]
      },
      "ResponseBody": "{\r\n  \"startTime\": \"2020-12-29T17:12:52.2734223+00:00\",\r\n  \"endTime\": \"2020-12-29T17:12:53.398442+00:00\",\r\n  \"status\": \"Succeeded\",\r\n  \"name\": \"b976f7d9-87bd-489c-8146-7cc99f08de8d\"\r\n}",
      "StatusCode": 200
    },
    {
      "RequestUri": "/subscriptions/e37510d7-33b6-4676-886f-ee75bcc01871/providers/Microsoft.Compute/locations/westus/operations/b976f7d9-87bd-489c-8146-7cc99f08de8d?monitor=true&api-version=2020-12-01",
      "EncodedRequestUri": "L3N1YnNjcmlwdGlvbnMvZTM3NTEwZDctMzNiNi00Njc2LTg4NmYtZWU3NWJjYzAxODcxL3Byb3ZpZGVycy9NaWNyb3NvZnQuQ29tcHV0ZS9sb2NhdGlvbnMvd2VzdHVzL29wZXJhdGlvbnMvYjk3NmY3ZDktODdiZC00ODljLTgxNDYtN2NjOTlmMDhkZThkP21vbml0b3I9dHJ1ZSZhcGktdmVyc2lvbj0yMDIwLTEyLTAx",
      "RequestMethod": "GET",
      "RequestBody": "",
      "RequestHeaders": {
        "User-Agent": [
          "FxVersion/4.6.29321.03",
          "OSName/Windows",
          "OSVersion/Microsoft.Windows.10.0.18363.",
          "Microsoft.Azure.Management.Compute.ComputeManagementClient/39.0.0.0"
        ]
      },
      "ResponseHeaders": {
        "Cache-Control": [
          "no-cache"
        ],
        "Pragma": [
          "no-cache"
        ],
        "x-ms-ratelimit-remaining-resource": [
          "Microsoft.Compute/GetOperation3Min;14995,Microsoft.Compute/GetOperation30Min;29995"
        ],
        "Strict-Transport-Security": [
          "max-age=31536000; includeSubDomains"
        ],
        "x-ms-request-id": [
          "01180f00-9b6c-4a8d-82e0-a2fae6671060"
        ],
        "Server": [
          "Microsoft-HTTPAPI/2.0",
          "Microsoft-HTTPAPI/2.0"
        ],
        "x-ms-ratelimit-remaining-subscription-reads": [
          "11992"
        ],
        "x-ms-correlation-request-id": [
          "2aab4c95-3f80-49fd-b106-56035b1e4e11"
        ],
        "x-ms-routing-request-id": [
          "EASTUS2:20201229T171323Z:2aab4c95-3f80-49fd-b106-56035b1e4e11"
        ],
        "X-Content-Type-Options": [
          "nosniff"
        ],
        "Date": [
          "Tue, 29 Dec 2020 17:13:23 GMT"
        ],
        "Expires": [
          "-1"
        ],
        "Content-Length": [
          "0"
        ]
      },
      "ResponseBody": "",
      "StatusCode": 200
    },
    {
      "RequestUri": "/subscriptions/e37510d7-33b6-4676-886f-ee75bcc01871/resourceGroups/crptestar3301DH/providers/Microsoft.Compute/hostGroups/DHG-1?api-version=2020-12-01",
      "EncodedRequestUri": "L3N1YnNjcmlwdGlvbnMvZTM3NTEwZDctMzNiNi00Njc2LTg4NmYtZWU3NWJjYzAxODcxL3Jlc291cmNlR3JvdXBzL2NycHRlc3RhcjMzMDFESC9wcm92aWRlcnMvTWljcm9zb2Z0LkNvbXB1dGUvaG9zdEdyb3Vwcy9ESEctMT9hcGktdmVyc2lvbj0yMDIwLTEyLTAx",
      "RequestMethod": "DELETE",
      "RequestBody": "",
      "RequestHeaders": {
        "x-ms-client-request-id": [
          "d174b7e7-ed4f-404a-9289-b7f08bcd14a2"
        ],
        "Accept-Language": [
          "en-US"
        ],
        "User-Agent": [
          "FxVersion/4.6.29321.03",
          "OSName/Windows",
          "OSVersion/Microsoft.Windows.10.0.18363.",
          "Microsoft.Azure.Management.Compute.ComputeManagementClient/39.0.0.0"
        ]
      },
      "ResponseHeaders": {
        "Cache-Control": [
          "no-cache"
        ],
        "Pragma": [
          "no-cache"
        ],
        "x-ms-ratelimit-remaining-resource": [
          "Microsoft.Compute/PutDeleteDedicatedHost3Min;116,Microsoft.Compute/PutDeleteDedicatedHost30Min;596"
        ],
        "Strict-Transport-Security": [
          "max-age=31536000; includeSubDomains"
        ],
        "x-ms-request-id": [
          "aceb09d4-9921-4466-b8b3-0c4ff2ff2da3"
        ],
        "Server": [
          "Microsoft-HTTPAPI/2.0",
          "Microsoft-HTTPAPI/2.0"
        ],
        "x-ms-ratelimit-remaining-subscription-deletes": [
          "14998"
        ],
        "x-ms-correlation-request-id": [
          "6930da40-47e2-45dc-af58-87bea7c2432d"
        ],
        "x-ms-routing-request-id": [
          "EASTUS2:20201229T171326Z:6930da40-47e2-45dc-af58-87bea7c2432d"
        ],
        "X-Content-Type-Options": [
          "nosniff"
        ],
        "Date": [
          "Tue, 29 Dec 2020 17:13:25 GMT"
        ],
        "Expires": [
          "-1"
        ],
        "Content-Length": [
          "0"
        ]
      },
      "ResponseBody": "",
      "StatusCode": 200
    },
    {
      "RequestUri": "/subscriptions/e37510d7-33b6-4676-886f-ee75bcc01871/resourcegroups/crptestar3301DH?api-version=2017-05-10",
      "EncodedRequestUri": "L3N1YnNjcmlwdGlvbnMvZTM3NTEwZDctMzNiNi00Njc2LTg4NmYtZWU3NWJjYzAxODcxL3Jlc291cmNlZ3JvdXBzL2NycHRlc3RhcjMzMDFESD9hcGktdmVyc2lvbj0yMDE3LTA1LTEw",
      "RequestMethod": "DELETE",
      "RequestBody": "",
      "RequestHeaders": {
        "x-ms-client-request-id": [
          "1fc17cb9-5944-48ad-b42e-fc0cd3eeb582"
        ],
        "Accept-Language": [
          "en-US"
        ],
        "User-Agent": [
          "FxVersion/4.6.29321.03",
          "OSName/Windows",
          "OSVersion/Microsoft.Windows.10.0.18363.",
          "Microsoft.Azure.Management.ResourceManager.ResourceManagementClient/1.6.0.0"
        ]
      },
      "ResponseHeaders": {
        "Cache-Control": [
          "no-cache"
        ],
        "Pragma": [
          "no-cache"
        ],
        "Location": [
          "https://management.azure.com/subscriptions/e37510d7-33b6-4676-886f-ee75bcc01871/operationresults/eyJqb2JJZCI6IlJFU09VUkNFR1JPVVBERUxFVElPTkpPQi1DUlBURVNUQVIzMzAxREgtV0VTVFVTIiwiam9iTG9jYXRpb24iOiJ3ZXN0dXMifQ?api-version=2017-05-10"
        ],
        "Retry-After": [
          "15"
        ],
        "x-ms-ratelimit-remaining-subscription-deletes": [
          "14999"
        ],
        "x-ms-request-id": [
          "4345f25b-34a8-467f-bd8a-ed2d501cf284"
        ],
        "x-ms-correlation-request-id": [
          "4345f25b-34a8-467f-bd8a-ed2d501cf284"
        ],
        "x-ms-routing-request-id": [
          "EASTUS2:20201229T171327Z:4345f25b-34a8-467f-bd8a-ed2d501cf284"
        ],
        "Strict-Transport-Security": [
          "max-age=31536000; includeSubDomains"
        ],
        "X-Content-Type-Options": [
          "nosniff"
        ],
        "Date": [
          "Tue, 29 Dec 2020 17:13:26 GMT"
        ],
        "Expires": [
          "-1"
        ],
        "Content-Length": [
          "0"
        ]
      },
      "ResponseBody": "",
      "StatusCode": 202
    },
    {
      "RequestUri": "/subscriptions/e37510d7-33b6-4676-886f-ee75bcc01871/operationresults/eyJqb2JJZCI6IlJFU09VUkNFR1JPVVBERUxFVElPTkpPQi1DUlBURVNUQVIzMzAxREgtV0VTVFVTIiwiam9iTG9jYXRpb24iOiJ3ZXN0dXMifQ?api-version=2017-05-10",
      "EncodedRequestUri": "L3N1YnNjcmlwdGlvbnMvZTM3NTEwZDctMzNiNi00Njc2LTg4NmYtZWU3NWJjYzAxODcxL29wZXJhdGlvbnJlc3VsdHMvZXlKcWIySkpaQ0k2SWxKRlUwOVZVa05GUjFKUFZWQkVSVXhGVkVsUFRrcFBRaTFEVWxCVVJWTlVRVkl6TXpBeFJFZ3RWMFZUVkZWVElpd2lhbTlpVEc5allYUnBiMjRpT2lKM1pYTjBkWE1pZlE/YXBpLXZlcnNpb249MjAxNy0wNS0xMA==",
      "RequestMethod": "GET",
      "RequestBody": "",
      "RequestHeaders": {
        "User-Agent": [
          "FxVersion/4.6.29321.03",
          "OSName/Windows",
          "OSVersion/Microsoft.Windows.10.0.18363.",
          "Microsoft.Azure.Management.ResourceManager.ResourceManagementClient/1.6.0.0"
        ]
      },
      "ResponseHeaders": {
        "Cache-Control": [
          "no-cache"
        ],
        "Pragma": [
          "no-cache"
        ],
        "Location": [
          "https://management.azure.com/subscriptions/e37510d7-33b6-4676-886f-ee75bcc01871/operationresults/eyJqb2JJZCI6IlJFU09VUkNFR1JPVVBERUxFVElPTkpPQi1DUlBURVNUQVIzMzAxREgtV0VTVFVTIiwiam9iTG9jYXRpb24iOiJ3ZXN0dXMifQ?api-version=2017-05-10"
        ],
        "Retry-After": [
          "15"
        ],
        "x-ms-ratelimit-remaining-subscription-reads": [
          "11999"
        ],
        "x-ms-request-id": [
          "0167cb90-2aad-4ee6-9614-128756bbd148"
        ],
        "x-ms-correlation-request-id": [
          "0167cb90-2aad-4ee6-9614-128756bbd148"
        ],
        "x-ms-routing-request-id": [
          "EASTUS2:20201229T171342Z:0167cb90-2aad-4ee6-9614-128756bbd148"
        ],
        "Strict-Transport-Security": [
          "max-age=31536000; includeSubDomains"
        ],
        "X-Content-Type-Options": [
          "nosniff"
        ],
        "Date": [
          "Tue, 29 Dec 2020 17:13:41 GMT"
        ],
        "Expires": [
          "-1"
        ],
        "Content-Length": [
          "0"
        ]
      },
      "ResponseBody": "",
      "StatusCode": 202
    },
    {
      "RequestUri": "/subscriptions/e37510d7-33b6-4676-886f-ee75bcc01871/operationresults/eyJqb2JJZCI6IlJFU09VUkNFR1JPVVBERUxFVElPTkpPQi1DUlBURVNUQVIzMzAxREgtV0VTVFVTIiwiam9iTG9jYXRpb24iOiJ3ZXN0dXMifQ?api-version=2017-05-10",
      "EncodedRequestUri": "L3N1YnNjcmlwdGlvbnMvZTM3NTEwZDctMzNiNi00Njc2LTg4NmYtZWU3NWJjYzAxODcxL29wZXJhdGlvbnJlc3VsdHMvZXlKcWIySkpaQ0k2SWxKRlUwOVZVa05GUjFKUFZWQkVSVXhGVkVsUFRrcFBRaTFEVWxCVVJWTlVRVkl6TXpBeFJFZ3RWMFZUVkZWVElpd2lhbTlpVEc5allYUnBiMjRpT2lKM1pYTjBkWE1pZlE/YXBpLXZlcnNpb249MjAxNy0wNS0xMA==",
      "RequestMethod": "GET",
      "RequestBody": "",
      "RequestHeaders": {
        "User-Agent": [
          "FxVersion/4.6.29321.03",
          "OSName/Windows",
          "OSVersion/Microsoft.Windows.10.0.18363.",
          "Microsoft.Azure.Management.ResourceManager.ResourceManagementClient/1.6.0.0"
        ]
      },
      "ResponseHeaders": {
        "Cache-Control": [
          "no-cache"
        ],
        "Pragma": [
          "no-cache"
        ],
        "Location": [
          "https://management.azure.com/subscriptions/e37510d7-33b6-4676-886f-ee75bcc01871/operationresults/eyJqb2JJZCI6IlJFU09VUkNFR1JPVVBERUxFVElPTkpPQi1DUlBURVNUQVIzMzAxREgtV0VTVFVTIiwiam9iTG9jYXRpb24iOiJ3ZXN0dXMifQ?api-version=2017-05-10"
        ],
        "Retry-After": [
          "15"
        ],
        "x-ms-ratelimit-remaining-subscription-reads": [
          "11998"
        ],
        "x-ms-request-id": [
          "881d831f-aa60-40cf-a1de-f33f068ad137"
        ],
        "x-ms-correlation-request-id": [
          "881d831f-aa60-40cf-a1de-f33f068ad137"
        ],
        "x-ms-routing-request-id": [
          "EASTUS2:20201229T171357Z:881d831f-aa60-40cf-a1de-f33f068ad137"
        ],
        "Strict-Transport-Security": [
          "max-age=31536000; includeSubDomains"
        ],
        "X-Content-Type-Options": [
          "nosniff"
        ],
        "Date": [
          "Tue, 29 Dec 2020 17:13:57 GMT"
        ],
        "Expires": [
          "-1"
        ],
        "Content-Length": [
          "0"
        ]
      },
      "ResponseBody": "",
      "StatusCode": 202
    },
    {
      "RequestUri": "/subscriptions/e37510d7-33b6-4676-886f-ee75bcc01871/operationresults/eyJqb2JJZCI6IlJFU09VUkNFR1JPVVBERUxFVElPTkpPQi1DUlBURVNUQVIzMzAxREgtV0VTVFVTIiwiam9iTG9jYXRpb24iOiJ3ZXN0dXMifQ?api-version=2017-05-10",
      "EncodedRequestUri": "L3N1YnNjcmlwdGlvbnMvZTM3NTEwZDctMzNiNi00Njc2LTg4NmYtZWU3NWJjYzAxODcxL29wZXJhdGlvbnJlc3VsdHMvZXlKcWIySkpaQ0k2SWxKRlUwOVZVa05GUjFKUFZWQkVSVXhGVkVsUFRrcFBRaTFEVWxCVVJWTlVRVkl6TXpBeFJFZ3RWMFZUVkZWVElpd2lhbTlpVEc5allYUnBiMjRpT2lKM1pYTjBkWE1pZlE/YXBpLXZlcnNpb249MjAxNy0wNS0xMA==",
      "RequestMethod": "GET",
      "RequestBody": "",
      "RequestHeaders": {
        "User-Agent": [
          "FxVersion/4.6.29321.03",
          "OSName/Windows",
          "OSVersion/Microsoft.Windows.10.0.18363.",
          "Microsoft.Azure.Management.ResourceManager.ResourceManagementClient/1.6.0.0"
        ]
      },
      "ResponseHeaders": {
        "Cache-Control": [
          "no-cache"
        ],
        "Pragma": [
          "no-cache"
        ],
        "x-ms-ratelimit-remaining-subscription-reads": [
          "11997"
        ],
        "x-ms-request-id": [
          "af43c160-d002-421f-8d6f-a42a8c8602d4"
        ],
        "x-ms-correlation-request-id": [
          "af43c160-d002-421f-8d6f-a42a8c8602d4"
        ],
        "x-ms-routing-request-id": [
          "EASTUS2:20201229T171412Z:af43c160-d002-421f-8d6f-a42a8c8602d4"
        ],
        "Strict-Transport-Security": [
          "max-age=31536000; includeSubDomains"
        ],
        "X-Content-Type-Options": [
          "nosniff"
        ],
        "Date": [
          "Tue, 29 Dec 2020 17:14:12 GMT"
        ],
        "Expires": [
          "-1"
        ],
        "Content-Length": [
          "0"
        ]
      },
      "ResponseBody": "",
      "StatusCode": 200
    },
    {
      "RequestUri": "/subscriptions/e37510d7-33b6-4676-886f-ee75bcc01871/operationresults/eyJqb2JJZCI6IlJFU09VUkNFR1JPVVBERUxFVElPTkpPQi1DUlBURVNUQVIzMzAxREgtV0VTVFVTIiwiam9iTG9jYXRpb24iOiJ3ZXN0dXMifQ?api-version=2017-05-10",
      "EncodedRequestUri": "L3N1YnNjcmlwdGlvbnMvZTM3NTEwZDctMzNiNi00Njc2LTg4NmYtZWU3NWJjYzAxODcxL29wZXJhdGlvbnJlc3VsdHMvZXlKcWIySkpaQ0k2SWxKRlUwOVZVa05GUjFKUFZWQkVSVXhGVkVsUFRrcFBRaTFEVWxCVVJWTlVRVkl6TXpBeFJFZ3RWMFZUVkZWVElpd2lhbTlpVEc5allYUnBiMjRpT2lKM1pYTjBkWE1pZlE/YXBpLXZlcnNpb249MjAxNy0wNS0xMA==",
      "RequestMethod": "GET",
      "RequestBody": "",
      "RequestHeaders": {
        "User-Agent": [
          "FxVersion/4.6.29321.03",
          "OSName/Windows",
          "OSVersion/Microsoft.Windows.10.0.18363.",
          "Microsoft.Azure.Management.ResourceManager.ResourceManagementClient/1.6.0.0"
        ]
      },
      "ResponseHeaders": {
        "Cache-Control": [
          "no-cache"
        ],
        "Pragma": [
          "no-cache"
        ],
        "x-ms-ratelimit-remaining-subscription-reads": [
          "11996"
        ],
        "x-ms-request-id": [
          "9c1e17d3-5a48-4f98-a956-6becd3959420"
        ],
        "x-ms-correlation-request-id": [
          "9c1e17d3-5a48-4f98-a956-6becd3959420"
        ],
        "x-ms-routing-request-id": [
          "EASTUS2:20201229T171413Z:9c1e17d3-5a48-4f98-a956-6becd3959420"
        ],
        "Strict-Transport-Security": [
          "max-age=31536000; includeSubDomains"
        ],
        "X-Content-Type-Options": [
          "nosniff"
        ],
        "Date": [
          "Tue, 29 Dec 2020 17:14:12 GMT"
        ],
        "Expires": [
          "-1"
        ],
        "Content-Length": [
          "0"
        ]
      },
      "ResponseBody": "",
      "StatusCode": 200
    }
  ],
  "Names": {
    "TestNonZonalDedicatedHostGroupInstanceViewAndAutomaticPlacement": [
      "crptestar3301"
    ]
  },
  "Variables": {
    "SubscriptionId": "e37510d7-33b6-4676-886f-ee75bcc01871"
  }
}