{
  "Entries": [
    {
      "RequestUri": "https://management.azure.com/subscriptions/db1ab6f0-4769-4b27-930e-01e2ef9c123c?api-version=2021-01-01",
      "RequestMethod": "GET",
      "RequestHeaders": {
        "Accept": "application/json",
        "Authorization": "Sanitized",
        "traceparent": "00-d221758e87a0b87fada146299057f3af-76150a2beac317ba-00",
        "User-Agent": "azsdk-net-ResourceManager/1.3.2 (.NET 6.0.11; Microsoft Windows 10.0.19045)",
        "x-ms-client-request-id": "35b896369de2f4347d9062509be3aab4",
        "x-ms-return-client-request-id": "true"
      },
      "RequestBody": null,
      "StatusCode": 200,
      "ResponseHeaders": {
        "Cache-Control": "no-cache",
        "Content-Length": "748",
        "Content-Type": "application/json; charset=utf-8",
        "Date": "Mon, 05 Dec 2022 20:18:04 GMT",
        "Expires": "-1",
        "Pragma": "no-cache",
        "Strict-Transport-Security": "max-age=31536000; includeSubDomains",
        "X-Content-Type-Options": "nosniff",
        "x-ms-correlation-request-id": "2c6aa52d-4e9d-42d6-8f66-844fc5821631",
        "x-ms-ratelimit-remaining-subscription-reads": "11854",
        "x-ms-request-id": "2c6aa52d-4e9d-42d6-8f66-844fc5821631",
        "x-ms-routing-request-id": "SOUTHEASTASIA:20221205T201804Z:2c6aa52d-4e9d-42d6-8f66-844fc5821631"
      },
      "ResponseBody": {
        "id": "/subscriptions/db1ab6f0-4769-4b27-930e-01e2ef9c123c",
        "authorizationSource": "RoleBased",
        "managedByTenants": [],
        "tags": {
          "TagKey-9823": "TagValue-1254",
          "TagKey-3481": "TagValue-320",
          "TagKey-4926": "TagValue-1187",
          "TagKey-751": "TagValue-3921",
          "TagKey-1866": "TagValue-8559",
          "TagKey-3094": "TagValue-9190",
          "TagKey-2449": "TagValue-9",
          "TagKey-8379": "TagValue-164",
          "TagKey-7470": "TagValue-2205",
          "TagKey-4236": "TagValue-3698",
          "TagKey-5316": "TagValue-2725"
        },
        "subscriptionId": "db1ab6f0-4769-4b27-930e-01e2ef9c123c",
        "tenantId": "72f988bf-86f1-41af-91ab-2d7cd011db47",
        "displayName": ".NET Mgmt SDK Test with TTL = 1 Day",
        "state": "Enabled",
        "subscriptionPolicies": {
          "locationPlacementId": "Internal_2014-09-01",
          "quotaId": "Internal_2014-09-01",
          "spendingLimit": "Off"
        }
      }
    },
    {
      "RequestUri": "https://management.azure.com/subscriptions/db1ab6f0-4769-4b27-930e-01e2ef9c123c/resourcegroups/HDInsightRG-2847?api-version=**",
      "RequestMethod": "PUT",
      "RequestHeaders": {
        "Accept": "application/json",
        "Authorization": "Sanitized",
        "Content-Length": "21",
        "Content-Type": "application/json",
        "traceparent": "00-a9433f4d50ee26bdcbe8d5f4642954d0-1b22f2f563aa75f8-00",
        "User-Agent": "azsdk-net-ResourceManager/1.3.2 (.NET 6.0.11; Microsoft Windows 10.0.19045)",
        "x-ms-client-request-id": "655f8ca359f46389bace14ca00fa6a11",
        "x-ms-return-client-request-id": "true"
      },
      "RequestBody": {
        "location": "eastus"
      },
      "StatusCode": 201,
      "ResponseHeaders": {
        "Cache-Control": "no-cache",
        "Content-Length": "229",
        "Content-Type": "application/json; charset=utf-8",
        "Date": "Mon, 05 Dec 2022 20:18:05 GMT",
        "Expires": "-1",
        "Pragma": "no-cache",
        "Strict-Transport-Security": "max-age=31536000; includeSubDomains",
        "X-Content-Type-Options": "nosniff",
        "x-ms-correlation-request-id": "ae22ee37-65df-4d7f-abb4-9d4636bcf860",
        "x-ms-ratelimit-remaining-subscription-writes": "1181",
        "x-ms-request-id": "ae22ee37-65df-4d7f-abb4-9d4636bcf860",
        "x-ms-routing-request-id": "SOUTHEASTASIA:20221205T201806Z:ae22ee37-65df-4d7f-abb4-9d4636bcf860"
      },
      "ResponseBody": {
        "id": "/subscriptions/db1ab6f0-4769-4b27-930e-01e2ef9c123c/resourceGroups/HDInsightRG-2847",
        "name": "HDInsightRG-2847",
        "type": "Microsoft.Resources/resourceGroups",
        "location": "eastus",
        "properties": {
          "provisioningState": "Succeeded"
        }
      }
    },
    {
      "RequestUri": "https://management.azure.com/subscriptions/db1ab6f0-4769-4b27-930e-01e2ef9c123c/resourceGroups/HDInsightRG-2847/providers/Microsoft.HDInsight/clusters/hdisdk-gateway?api-version=2021-06-01",
      "RequestMethod": "PUT",
      "RequestHeaders": {
        "Accept": "application/json",
        "Authorization": "Sanitized",
        "Content-Length": "1117",
        "Content-Type": "application/json",
        "traceparent": "00-52cf586067968e1ad4f4a07f84fbab89-d69a23dde2d76afa-00",
        "User-Agent": "azsdk-net-ResourceManager.HDInsight/1.1.0-alpha.20221202.1 (.NET 6.0.11; Microsoft Windows 10.0.19045)",
        "x-ms-client-request-id": "b9647a90cbe0a4309c91decc92b25af8",
        "x-ms-return-client-request-id": "true"
      },
      "RequestBody": {
        "location": "eastus",
        "tags": {
          "key0": "value0"
        },
        "properties": {
          "clusterVersion": "4.0",
          "osType": "Linux",
          "tier": "Standard",
          "clusterDefinition": {
            "kind": "Hadoop",
            "configurations": {
              "gateway": {
                "restAuthCredential.isEnabled": "true",
                "restAuthCredential.username": "admin4468",
                "restAuthCredential.password": "Password1!9688"
              }
            }
          },
          "computeProfile": {
            "roles": [
              {
                "name": "headnode",
                "targetInstanceCount": 2,
                "hardwareProfile": {
                  "vmSize": "Large"
                },
                "osProfile": {
                  "linuxOperatingSystemProfile": {
                    "username": "sshuser5951",
                    "password": "Password!5951"
                  }
                }
              },
              {
                "name": "workernode",
                "targetInstanceCount": 3,
                "hardwareProfile": {
                  "vmSize": "Large"
                },
                "osProfile": {
                  "linuxOperatingSystemProfile": {
                    "username": "sshuser5951",
                    "password": "Password!5951"
                  }
                }
              },
              {
                "name": "zookeepernode",
                "targetInstanceCount": 3,
                "hardwareProfile": {
                  "vmSize": "Small"
                },
                "osProfile": {
                  "linuxOperatingSystemProfile": {
                    "username": "sshuser5951",
                    "password": "Password!5951"
                  }
                }
              }
            ]
          },
          "storageProfile": {
            "storageaccounts": [
              {
                "name": "azstorageforcluster2653.blob.core.windows.net",
                "isDefault": true,
                "container": "container4252",
                "key": "Sanitized"
              }
            ]
          },
          "encryptionInTransitProperties": {
            "isEncryptionInTransitEnabled": true
          }
        }
      },
      "StatusCode": 200,
      "ResponseHeaders": {
        "Azure-AsyncOperation": "https://management.azure.com:443/subscriptions/db1ab6f0-4769-4b27-930e-01e2ef9c123c/resourceGroups/HDInsightRG-2847/providers/Microsoft.HDInsight/clusters/hdisdk-gateway/azureasyncoperations/create?api-version=2021-06-01",
        "Cache-Control": "no-cache",
        "Content-Length": "1808",
        "Content-Type": "application/json; charset=utf-8",
        "Date": "Mon, 05 Dec 2022 20:18:39 GMT",
        "ETag": "\u002294e4cef9-1995-4e5e-9fde-2927cf7db6a5\u0022",
        "Expires": "-1",
        "Pragma": "no-cache",
        "Server": "Microsoft-HTTPAPI/2.0",
        "Strict-Transport-Security": "max-age=31536000; includeSubDomains",
        "X-Content-Type-Options": "nosniff",
        "x-ms-correlation-request-id": "c76ddf05-6111-4a3b-9fba-bb839e2afd52",
        "x-ms-hdi-clusteruri": "https://management.azure.com/subscriptions/db1ab6f0-4769-4b27-930e-01e2ef9c123c/resourceGroups/HDInsightRG-2847/providers/Microsoft.HDInsight/clusters/hdisdk-gateway?api-version=2021-06-01",
        "x-ms-hdi-served-by": "eastus",
        "x-ms-ratelimit-remaining-subscription-writes": "1178",
        "x-ms-request-id": "18b10f00-ee8e-47d9-b6b1-0dfa4583d926",
        "x-ms-routing-request-id": "SOUTHEASTASIA:20221205T201840Z:c76ddf05-6111-4a3b-9fba-bb839e2afd52"
      },
      "ResponseBody": {
        "id": "/subscriptions/db1ab6f0-4769-4b27-930e-01e2ef9c123c/resourceGroups/HDInsightRG-2847/providers/Microsoft.HDInsight/clusters/hdisdk-gateway",
        "name": "hdisdk-gateway",
        "type": "Microsoft.HDInsight/clusters",
        "location": "East US",
        "etag": "94e4cef9-1995-4e5e-9fde-2927cf7db6a5",
        "tags": {
          "key0": "value0"
        },
        "properties": {
          "clusterVersion": "4.0.3000.1",
          "clusterHdpVersion": "",
          "osType": "Linux",
          "clusterDefinition": {
            "blueprint": "https://blueprints.azurehdinsight.net/hadoop-4.0.3000.1.2208310943.json",
            "kind": "Hadoop",
            "componentVersion": {
              "Hadoop": "3.1"
            }
          },
          "clusterId": "75851d53d51347b4ab7f7724569de8da",
          "computeProfile": {
            "roles": [
              {
                "name": "headnode",
                "targetInstanceCount": 2,
                "hardwareProfile": {
                  "vmSize": "standard_a4_v2"
                },
                "osProfile": {
                  "linuxOperatingSystemProfile": {
                    "username": "sshuser5951"
                  }
                },
                "encryptDataDisks": false
              },
              {
                "name": "workernode",
                "targetInstanceCount": 3,
                "hardwareProfile": {
                  "vmSize": "standard_a4_v2"
                },
                "osProfile": {
                  "linuxOperatingSystemProfile": {
                    "username": "sshuser5951"
                  }
                },
                "encryptDataDisks": false
              },
              {
                "name": "zookeepernode",
                "targetInstanceCount": 3,
                "hardwareProfile": {
                  "vmSize": "standard_a1_v2"
                },
                "osProfile": {
                  "linuxOperatingSystemProfile": {
                    "username": "sshuser5951"
                  }
                },
                "encryptDataDisks": false
              }
            ]
          },
          "provisioningState": "InProgress",
          "clusterState": "Accepted",
          "createdDate": "2022-12-05T20:18:38.69",
          "quotaInfo": {
            "coresUsed": 20
          },
          "tier": "standard",
          "encryptionInTransitProperties": {
            "isEncryptionInTransitEnabled": true
          },
          "storageProfile": {
            "storageaccounts": [
              {
                "name": "azstorageforcluster2653.blob.core.windows.net",
                "resourceId": null,
                "msiResourceId": null,
                "key": null,
                "fileSystem": null,
                "container": "container4252",
                "saskey": null,
                "isDefault": true,
                "fileshare": null
              }
            ]
          },
          "excludedServicesConfig": {
            "excludedServicesConfigId": "default",
            "excludedServicesList": ""
          },
          "computeIsolationProperties": {
            "enableComputeIsolation": false,
            "hostSku": null
          }
        }
      }
    },
    {
      "RequestUri": "https://management.azure.com/subscriptions/db1ab6f0-4769-4b27-930e-01e2ef9c123c/resourceGroups/HDInsightRG-2847/providers/Microsoft.HDInsight/clusters/hdisdk-gateway/azureasyncoperations/create?api-version=2021-06-01",
      "RequestMethod": "GET",
      "RequestHeaders": {
        "Authorization": "Sanitized",
        "traceparent": "00-52cf586067968e1ad4f4a07f84fbab89-118f5d4e29831ea2-00",
        "User-Agent": "azsdk-net-ResourceManager/1.3.2 (.NET 6.0.11; Microsoft Windows 10.0.19045)",
        "x-ms-client-request-id": "7945f8f95a00998a3e49cdf7a114c416",
        "x-ms-return-client-request-id": "true"
      },
      "RequestBody": null,
      "StatusCode": 200,
      "ResponseHeaders": {
        "Cache-Control": "no-cache",
        "Content-Length": "23",
        "Content-Type": "application/json; charset=utf-8",
        "Date": "Mon, 05 Dec 2022 20:18:41 GMT",
        "Expires": "-1",
        "Pragma": "no-cache",
        "Server": "Microsoft-HTTPAPI/2.0",
        "Strict-Transport-Security": "max-age=31536000; includeSubDomains",
        "X-Content-Type-Options": "nosniff",
        "x-ms-correlation-request-id": "80c832c2-9016-46b3-8d64-7ff9d5a2dd34",
        "x-ms-hdi-served-by": "eastus",
        "x-ms-ratelimit-remaining-subscription-reads": "11851",
        "x-ms-request-id": "884e1184-6195-4dad-b228-4c96c3aed0a4",
        "x-ms-routing-request-id": "SOUTHEASTASIA:20221205T201841Z:80c832c2-9016-46b3-8d64-7ff9d5a2dd34"
      },
      "ResponseBody": {
        "status": "InProgress"
      }
    },
    {
      "RequestUri": "https://management.azure.com/subscriptions/db1ab6f0-4769-4b27-930e-01e2ef9c123c/resourceGroups/HDInsightRG-2847/providers/Microsoft.HDInsight/clusters/hdisdk-gateway/azureasyncoperations/create?api-version=2021-06-01",
      "RequestMethod": "GET",
      "RequestHeaders": {
        "Authorization": "Sanitized",
        "traceparent": "00-52cf586067968e1ad4f4a07f84fbab89-20fc616d10c0b68b-00",
        "User-Agent": "azsdk-net-ResourceManager/1.3.2 (.NET 6.0.11; Microsoft Windows 10.0.19045)",
        "x-ms-client-request-id": "025bd02ba688d81843968b7771dbecf6",
        "x-ms-return-client-request-id": "true"
      },
      "RequestBody": null,
      "StatusCode": 200,
      "ResponseHeaders": {
        "Cache-Control": "no-cache",
        "Content-Length": "23",
        "Content-Type": "application/json; charset=utf-8",
        "Date": "Mon, 05 Dec 2022 20:18:43 GMT",
        "Expires": "-1",
        "Pragma": "no-cache",
        "Server": "Microsoft-HTTPAPI/2.0",
        "Strict-Transport-Security": "max-age=31536000; includeSubDomains",
        "X-Content-Type-Options": "nosniff",
        "x-ms-correlation-request-id": "432d745a-dd58-426b-a319-8ed8a65ba747",
        "x-ms-hdi-served-by": "eastus",
        "x-ms-ratelimit-remaining-subscription-reads": "11850",
        "x-ms-request-id": "4cecd3d5-b9f8-4658-b7ba-5f2f0170aef2",
        "x-ms-routing-request-id": "SOUTHEASTASIA:20221205T201843Z:432d745a-dd58-426b-a319-8ed8a65ba747"
      },
      "ResponseBody": {
        "status": "InProgress"
      }
    },
    {
      "RequestUri": "https://management.azure.com/subscriptions/db1ab6f0-4769-4b27-930e-01e2ef9c123c/resourceGroups/HDInsightRG-2847/providers/Microsoft.HDInsight/clusters/hdisdk-gateway/azureasyncoperations/create?api-version=2021-06-01",
      "RequestMethod": "GET",
      "RequestHeaders": {
        "Authorization": "Sanitized",
        "traceparent": "00-52cf586067968e1ad4f4a07f84fbab89-7eeec1b560f97f51-00",
        "User-Agent": "azsdk-net-ResourceManager/1.3.2 (.NET 6.0.11; Microsoft Windows 10.0.19045)",
        "x-ms-client-request-id": "9ad3d6dbe06d25f80b6bf6e3ea3f2c18",
        "x-ms-return-client-request-id": "true"
      },
      "RequestBody": null,
      "StatusCode": 200,
      "ResponseHeaders": {
        "Cache-Control": "no-cache",
        "Content-Length": "23",
        "Content-Type": "application/json; charset=utf-8",
        "Date": "Mon, 05 Dec 2022 20:18:45 GMT",
        "Expires": "-1",
        "Pragma": "no-cache",
        "Server": "Microsoft-HTTPAPI/2.0",
        "Strict-Transport-Security": "max-age=31536000; includeSubDomains",
        "X-Content-Type-Options": "nosniff",
        "x-ms-correlation-request-id": "e2bae6af-ed5c-4af2-9f22-2cc86a6b6796",
        "x-ms-hdi-served-by": "eastus",
        "x-ms-ratelimit-remaining-subscription-reads": "11849",
        "x-ms-request-id": "c0e5eed0-3711-4cda-9092-a2f604a16649",
        "x-ms-routing-request-id": "SOUTHEASTASIA:20221205T201845Z:e2bae6af-ed5c-4af2-9f22-2cc86a6b6796"
      },
      "ResponseBody": {
        "status": "InProgress"
      }
    },
    {
      "RequestUri": "https://management.azure.com/subscriptions/db1ab6f0-4769-4b27-930e-01e2ef9c123c/resourceGroups/HDInsightRG-2847/providers/Microsoft.HDInsight/clusters/hdisdk-gateway/azureasyncoperations/create?api-version=2021-06-01",
      "RequestMethod": "GET",
      "RequestHeaders": {
        "Authorization": "Sanitized",
        "traceparent": "00-52cf586067968e1ad4f4a07f84fbab89-8b05e6a3a33ca26a-00",
        "User-Agent": "azsdk-net-ResourceManager/1.3.2 (.NET 6.0.11; Microsoft Windows 10.0.19045)",
        "x-ms-client-request-id": "e72944a5b34a527fe06d366acf132863",
        "x-ms-return-client-request-id": "true"
      },
      "RequestBody": null,
      "StatusCode": 200,
      "ResponseHeaders": {
        "Cache-Control": "no-cache",
        "Content-Length": "23",
        "Content-Type": "application/json; charset=utf-8",
        "Date": "Mon, 05 Dec 2022 20:18:47 GMT",
        "Expires": "-1",
        "Pragma": "no-cache",
        "Server": "Microsoft-HTTPAPI/2.0",
        "Strict-Transport-Security": "max-age=31536000; includeSubDomains",
        "X-Content-Type-Options": "nosniff",
        "x-ms-correlation-request-id": "16b8099c-6188-4c17-966f-318cb017b503",
        "x-ms-hdi-served-by": "eastus",
        "x-ms-ratelimit-remaining-subscription-reads": "11848",
        "x-ms-request-id": "04271354-53f3-41f3-9de5-5dd6b6315cf8",
        "x-ms-routing-request-id": "SOUTHEASTASIA:20221205T201847Z:16b8099c-6188-4c17-966f-318cb017b503"
      },
      "ResponseBody": {
        "status": "InProgress"
      }
    },
    {
      "RequestUri": "https://management.azure.com/subscriptions/db1ab6f0-4769-4b27-930e-01e2ef9c123c/resourceGroups/HDInsightRG-2847/providers/Microsoft.HDInsight/clusters/hdisdk-gateway/azureasyncoperations/create?api-version=2021-06-01",
      "RequestMethod": "GET",
      "RequestHeaders": {
        "Authorization": "Sanitized",
        "traceparent": "00-52cf586067968e1ad4f4a07f84fbab89-b0e526ef4a68d459-00",
        "User-Agent": "azsdk-net-ResourceManager/1.3.2 (.NET 6.0.11; Microsoft Windows 10.0.19045)",
        "x-ms-client-request-id": "ca1cd75c2a414aa9d835f61daf34ed04",
        "x-ms-return-client-request-id": "true"
      },
      "RequestBody": null,
      "StatusCode": 200,
      "ResponseHeaders": {
        "Cache-Control": "no-cache",
        "Content-Length": "23",
        "Content-Type": "application/json; charset=utf-8",
        "Date": "Mon, 05 Dec 2022 20:18:49 GMT",
        "Expires": "-1",
        "Pragma": "no-cache",
        "Server": "Microsoft-HTTPAPI/2.0",
        "Strict-Transport-Security": "max-age=31536000; includeSubDomains",
        "X-Content-Type-Options": "nosniff",
        "x-ms-correlation-request-id": "c3cfef6c-8462-4df0-9d2a-1834cf5a97fc",
        "x-ms-hdi-served-by": "eastus",
        "x-ms-ratelimit-remaining-subscription-reads": "11847",
        "x-ms-request-id": "48bd847b-4c40-4959-b54b-6b2043a4f1d6",
        "x-ms-routing-request-id": "SOUTHEASTASIA:20221205T201849Z:c3cfef6c-8462-4df0-9d2a-1834cf5a97fc"
      },
      "ResponseBody": {
        "status": "InProgress"
      }
    },
    {
      "RequestUri": "https://management.azure.com/subscriptions/db1ab6f0-4769-4b27-930e-01e2ef9c123c/resourceGroups/HDInsightRG-2847/providers/Microsoft.HDInsight/clusters/hdisdk-gateway/azureasyncoperations/create?api-version=2021-06-01",
      "RequestMethod": "GET",
      "RequestHeaders": {
        "Authorization": "Sanitized",
        "traceparent": "00-52cf586067968e1ad4f4a07f84fbab89-f7579d4466b8198e-00",
        "User-Agent": "azsdk-net-ResourceManager/1.3.2 (.NET 6.0.11; Microsoft Windows 10.0.19045)",
        "x-ms-client-request-id": "2cd1736905b228ab5680b9ffaa8e56f8",
        "x-ms-return-client-request-id": "true"
      },
      "RequestBody": null,
      "StatusCode": 200,
      "ResponseHeaders": {
        "Cache-Control": "no-cache",
        "Content-Length": "23",
        "Content-Type": "application/json; charset=utf-8",
        "Date": "Mon, 05 Dec 2022 20:18:54 GMT",
        "Expires": "-1",
        "Pragma": "no-cache",
        "Server": "Microsoft-HTTPAPI/2.0",
        "Strict-Transport-Security": "max-age=31536000; includeSubDomains",
        "X-Content-Type-Options": "nosniff",
        "x-ms-correlation-request-id": "791c2a72-e69f-4305-bdf8-0af17dda4a75",
        "x-ms-hdi-served-by": "eastus",
        "x-ms-ratelimit-remaining-subscription-reads": "11846",
        "x-ms-request-id": "7970a396-24e8-46a0-b97b-9a06d1849dae",
        "x-ms-routing-request-id": "SOUTHEASTASIA:20221205T201854Z:791c2a72-e69f-4305-bdf8-0af17dda4a75"
      },
      "ResponseBody": {
        "status": "InProgress"
      }
    },
    {
      "RequestUri": "https://management.azure.com/subscriptions/db1ab6f0-4769-4b27-930e-01e2ef9c123c/resourceGroups/HDInsightRG-2847/providers/Microsoft.HDInsight/clusters/hdisdk-gateway/azureasyncoperations/create?api-version=2021-06-01",
      "RequestMethod": "GET",
      "RequestHeaders": {
        "Authorization": "Sanitized",
        "traceparent": "00-52cf586067968e1ad4f4a07f84fbab89-b25dbd8c6ab6917f-00",
        "User-Agent": "azsdk-net-ResourceManager/1.3.2 (.NET 6.0.11; Microsoft Windows 10.0.19045)",
        "x-ms-client-request-id": "1386934361237ad79bde0f14bc62a3ab",
        "x-ms-return-client-request-id": "true"
      },
      "RequestBody": null,
      "StatusCode": 200,
      "ResponseHeaders": {
        "Cache-Control": "no-cache",
        "Content-Length": "23",
        "Content-Type": "application/json; charset=utf-8",
        "Date": "Mon, 05 Dec 2022 20:19:03 GMT",
        "Expires": "-1",
        "Pragma": "no-cache",
        "Server": "Microsoft-HTTPAPI/2.0",
        "Strict-Transport-Security": "max-age=31536000; includeSubDomains",
        "X-Content-Type-Options": "nosniff",
        "x-ms-correlation-request-id": "4040e621-d5cd-4a43-b01b-fd1856e334a7",
        "x-ms-hdi-served-by": "eastus",
        "x-ms-ratelimit-remaining-subscription-reads": "11845",
        "x-ms-request-id": "a8dc4245-47eb-409b-8508-264fe0676b28",
        "x-ms-routing-request-id": "SOUTHEASTASIA:20221205T201903Z:4040e621-d5cd-4a43-b01b-fd1856e334a7"
      },
      "ResponseBody": {
        "status": "InProgress"
      }
    },
    {
      "RequestUri": "https://management.azure.com/subscriptions/db1ab6f0-4769-4b27-930e-01e2ef9c123c/resourceGroups/HDInsightRG-2847/providers/Microsoft.HDInsight/clusters/hdisdk-gateway/azureasyncoperations/create?api-version=2021-06-01",
      "RequestMethod": "GET",
      "RequestHeaders": {
        "Authorization": "Sanitized",
        "traceparent": "00-52cf586067968e1ad4f4a07f84fbab89-99c4cfb1a1999560-00",
        "User-Agent": "azsdk-net-ResourceManager/1.3.2 (.NET 6.0.11; Microsoft Windows 10.0.19045)",
        "x-ms-client-request-id": "5b003180fb4157b02bf374c170a99f4a",
        "x-ms-return-client-request-id": "true"
      },
      "RequestBody": null,
      "StatusCode": 200,
      "ResponseHeaders": {
        "Cache-Control": "no-cache",
        "Content-Length": "23",
        "Content-Type": "application/json; charset=utf-8",
        "Date": "Mon, 05 Dec 2022 20:19:19 GMT",
        "Expires": "-1",
        "Pragma": "no-cache",
        "Server": "Microsoft-HTTPAPI/2.0",
        "Strict-Transport-Security": "max-age=31536000; includeSubDomains",
        "X-Content-Type-Options": "nosniff",
        "x-ms-correlation-request-id": "010ef6f5-d524-4d20-a063-3132d60ed33c",
        "x-ms-hdi-served-by": "eastus",
        "x-ms-ratelimit-remaining-subscription-reads": "11844",
        "x-ms-request-id": "e31d9770-40af-46c5-8978-6d24abc365d1",
        "x-ms-routing-request-id": "SOUTHEASTASIA:20221205T201920Z:010ef6f5-d524-4d20-a063-3132d60ed33c"
      },
      "ResponseBody": {
        "status": "InProgress"
      }
    },
    {
      "RequestUri": "https://management.azure.com/subscriptions/db1ab6f0-4769-4b27-930e-01e2ef9c123c/resourceGroups/HDInsightRG-2847/providers/Microsoft.HDInsight/clusters/hdisdk-gateway/azureasyncoperations/create?api-version=2021-06-01",
      "RequestMethod": "GET",
      "RequestHeaders": {
        "Authorization": "Sanitized",
        "traceparent": "00-52cf586067968e1ad4f4a07f84fbab89-fc3bc887300a33db-00",
        "User-Agent": "azsdk-net-ResourceManager/1.3.2 (.NET 6.0.11; Microsoft Windows 10.0.19045)",
        "x-ms-client-request-id": "1bdafeded9ae08e09b5791d3f5966bf3",
        "x-ms-return-client-request-id": "true"
      },
      "RequestBody": null,
      "StatusCode": 200,
      "ResponseHeaders": {
        "Cache-Control": "no-cache",
        "Content-Length": "23",
        "Content-Type": "application/json; charset=utf-8",
        "Date": "Mon, 05 Dec 2022 20:19:52 GMT",
        "Expires": "-1",
        "Pragma": "no-cache",
        "Server": "Microsoft-HTTPAPI/2.0",
        "Strict-Transport-Security": "max-age=31536000; includeSubDomains",
        "X-Content-Type-Options": "nosniff",
        "x-ms-correlation-request-id": "23750b77-3e3e-42d8-bb44-d07e57cc8e28",
        "x-ms-hdi-served-by": "eastus",
        "x-ms-ratelimit-remaining-subscription-reads": "11843",
        "x-ms-request-id": "06189290-d179-4863-b5ce-972a1a694c4d",
        "x-ms-routing-request-id": "SOUTHEASTASIA:20221205T201953Z:23750b77-3e3e-42d8-bb44-d07e57cc8e28"
      },
      "ResponseBody": {
        "status": "InProgress"
      }
    },
    {
      "RequestUri": "https://management.azure.com/subscriptions/db1ab6f0-4769-4b27-930e-01e2ef9c123c/resourceGroups/HDInsightRG-2847/providers/Microsoft.HDInsight/clusters/hdisdk-gateway/azureasyncoperations/create?api-version=2021-06-01",
      "RequestMethod": "GET",
      "RequestHeaders": {
        "Authorization": "Sanitized",
        "traceparent": "00-52cf586067968e1ad4f4a07f84fbab89-0e6aaf6a563c3f1e-00",
        "User-Agent": "azsdk-net-ResourceManager/1.3.2 (.NET 6.0.11; Microsoft Windows 10.0.19045)",
        "x-ms-client-request-id": "787f0edcfa8e47b6e32fe72fed1509f1",
        "x-ms-return-client-request-id": "true"
      },
      "RequestBody": null,
      "StatusCode": 200,
      "ResponseHeaders": {
        "Cache-Control": "no-cache",
        "Content-Length": "23",
        "Content-Type": "application/json; charset=utf-8",
        "Date": "Mon, 05 Dec 2022 20:20:25 GMT",
        "Expires": "-1",
        "Pragma": "no-cache",
        "Server": "Microsoft-HTTPAPI/2.0",
        "Strict-Transport-Security": "max-age=31536000; includeSubDomains",
        "X-Content-Type-Options": "nosniff",
        "x-ms-correlation-request-id": "15226ac2-07e1-45b7-9178-812b370e45fc",
        "x-ms-hdi-served-by": "eastus",
        "x-ms-ratelimit-remaining-subscription-reads": "11851",
        "x-ms-request-id": "3ef1da02-3a6e-49e1-8d7c-90dcd7fd2a05",
        "x-ms-routing-request-id": "SOUTHEASTASIA:20221205T202025Z:15226ac2-07e1-45b7-9178-812b370e45fc"
      },
      "ResponseBody": {
        "status": "InProgress"
      }
    },
    {
      "RequestUri": "https://management.azure.com/subscriptions/db1ab6f0-4769-4b27-930e-01e2ef9c123c/resourceGroups/HDInsightRG-2847/providers/Microsoft.HDInsight/clusters/hdisdk-gateway/azureasyncoperations/create?api-version=2021-06-01",
      "RequestMethod": "GET",
      "RequestHeaders": {
        "Authorization": "Sanitized",
        "traceparent": "00-52cf586067968e1ad4f4a07f84fbab89-afdc8f2cd36d61eb-00",
        "User-Agent": "azsdk-net-ResourceManager/1.3.2 (.NET 6.0.11; Microsoft Windows 10.0.19045)",
        "x-ms-client-request-id": "be36c53e8788a6fd51f7c0ea69dc6195",
        "x-ms-return-client-request-id": "true"
      },
      "RequestBody": null,
      "StatusCode": 200,
      "ResponseHeaders": {
        "Cache-Control": "no-cache",
        "Content-Length": "23",
        "Content-Type": "application/json; charset=utf-8",
        "Date": "Mon, 05 Dec 2022 20:20:57 GMT",
        "Expires": "-1",
        "Pragma": "no-cache",
        "Server": "Microsoft-HTTPAPI/2.0",
        "Strict-Transport-Security": "max-age=31536000; includeSubDomains",
        "X-Content-Type-Options": "nosniff",
        "x-ms-correlation-request-id": "ad429cc4-e4df-41ee-8c60-3615825daf02",
        "x-ms-hdi-served-by": "eastus",
        "x-ms-ratelimit-remaining-subscription-reads": "11850",
        "x-ms-request-id": "09791e51-86bb-42d4-add7-d106843bf7ac",
        "x-ms-routing-request-id": "SOUTHEASTASIA:20221205T202058Z:ad429cc4-e4df-41ee-8c60-3615825daf02"
      },
      "ResponseBody": {
        "status": "InProgress"
      }
    },
    {
      "RequestUri": "https://management.azure.com/subscriptions/db1ab6f0-4769-4b27-930e-01e2ef9c123c/resourceGroups/HDInsightRG-2847/providers/Microsoft.HDInsight/clusters/hdisdk-gateway/azureasyncoperations/create?api-version=2021-06-01",
      "RequestMethod": "GET",
      "RequestHeaders": {
        "Authorization": "Sanitized",
        "traceparent": "00-52cf586067968e1ad4f4a07f84fbab89-a4d8218e082f4a2c-00",
        "User-Agent": "azsdk-net-ResourceManager/1.3.2 (.NET 6.0.11; Microsoft Windows 10.0.19045)",
        "x-ms-client-request-id": "61e480882629e3bb4792387ef2b11b86",
        "x-ms-return-client-request-id": "true"
      },
      "RequestBody": null,
      "StatusCode": 200,
      "ResponseHeaders": {
        "Cache-Control": "no-cache",
        "Content-Length": "23",
        "Content-Type": "application/json; charset=utf-8",
        "Date": "Mon, 05 Dec 2022 20:21:31 GMT",
        "Expires": "-1",
        "Pragma": "no-cache",
        "Server": "Microsoft-HTTPAPI/2.0",
        "Strict-Transport-Security": "max-age=31536000; includeSubDomains",
        "X-Content-Type-Options": "nosniff",
        "x-ms-correlation-request-id": "91726df1-7f44-42ad-8ea6-4597c0aa2c38",
        "x-ms-hdi-served-by": "eastus",
        "x-ms-ratelimit-remaining-subscription-reads": "11849",
        "x-ms-request-id": "785d6d41-88a9-44ea-96cc-e7a941ba2f05",
        "x-ms-routing-request-id": "SOUTHEASTASIA:20221205T202131Z:91726df1-7f44-42ad-8ea6-4597c0aa2c38"
      },
      "ResponseBody": {
        "status": "InProgress"
      }
    },
    {
      "RequestUri": "https://management.azure.com/subscriptions/db1ab6f0-4769-4b27-930e-01e2ef9c123c/resourceGroups/HDInsightRG-2847/providers/Microsoft.HDInsight/clusters/hdisdk-gateway/azureasyncoperations/create?api-version=2021-06-01",
      "RequestMethod": "GET",
      "RequestHeaders": {
        "Authorization": "Sanitized",
        "traceparent": "00-52cf586067968e1ad4f4a07f84fbab89-5b390e88407e3823-00",
        "User-Agent": "azsdk-net-ResourceManager/1.3.2 (.NET 6.0.11; Microsoft Windows 10.0.19045)",
        "x-ms-client-request-id": "30949f4dac60546b11d927963accdd06",
        "x-ms-return-client-request-id": "true"
      },
      "RequestBody": null,
      "StatusCode": 200,
      "ResponseHeaders": {
        "Cache-Control": "no-cache",
        "Content-Length": "23",
        "Content-Type": "application/json; charset=utf-8",
        "Date": "Mon, 05 Dec 2022 20:22:04 GMT",
        "Expires": "-1",
        "Pragma": "no-cache",
        "Server": "Microsoft-HTTPAPI/2.0",
        "Strict-Transport-Security": "max-age=31536000; includeSubDomains",
        "X-Content-Type-Options": "nosniff",
        "x-ms-correlation-request-id": "5e5cd266-9991-4786-b9bd-082e035a1eee",
        "x-ms-hdi-served-by": "eastus",
        "x-ms-ratelimit-remaining-subscription-reads": "11848",
        "x-ms-request-id": "7d1cb5fa-c40c-49c6-8a5d-a966f10f64ec",
        "x-ms-routing-request-id": "SOUTHEASTASIA:20221205T202204Z:5e5cd266-9991-4786-b9bd-082e035a1eee"
      },
      "ResponseBody": {
        "status": "InProgress"
      }
    },
    {
      "RequestUri": "https://management.azure.com/subscriptions/db1ab6f0-4769-4b27-930e-01e2ef9c123c/resourceGroups/HDInsightRG-2847/providers/Microsoft.HDInsight/clusters/hdisdk-gateway/azureasyncoperations/create?api-version=2021-06-01",
      "RequestMethod": "GET",
      "RequestHeaders": {
        "Authorization": "Sanitized",
        "traceparent": "00-52cf586067968e1ad4f4a07f84fbab89-b6c5e6ac9b76a266-00",
        "User-Agent": "azsdk-net-ResourceManager/1.3.2 (.NET 6.0.11; Microsoft Windows 10.0.19045)",
        "x-ms-client-request-id": "6ca652cda83018c8095277f64f7eb49f",
        "x-ms-return-client-request-id": "true"
      },
      "RequestBody": null,
      "StatusCode": 200,
      "ResponseHeaders": {
        "Cache-Control": "no-cache",
        "Content-Length": "23",
        "Content-Type": "application/json; charset=utf-8",
        "Date": "Mon, 05 Dec 2022 20:22:36 GMT",
        "Expires": "-1",
        "Pragma": "no-cache",
        "Server": "Microsoft-HTTPAPI/2.0",
        "Strict-Transport-Security": "max-age=31536000; includeSubDomains",
        "X-Content-Type-Options": "nosniff",
        "x-ms-correlation-request-id": "01e59b45-b04c-40ca-b3ad-ef96d74a7f98",
        "x-ms-hdi-served-by": "eastus",
        "x-ms-ratelimit-remaining-subscription-reads": "11847",
        "x-ms-request-id": "2c36aea9-261d-4e12-9b64-f42f8fe1de8c",
        "x-ms-routing-request-id": "SOUTHEASTASIA:20221205T202236Z:01e59b45-b04c-40ca-b3ad-ef96d74a7f98"
      },
      "ResponseBody": {
        "status": "InProgress"
      }
    },
    {
      "RequestUri": "https://management.azure.com/subscriptions/db1ab6f0-4769-4b27-930e-01e2ef9c123c/resourceGroups/HDInsightRG-2847/providers/Microsoft.HDInsight/clusters/hdisdk-gateway/azureasyncoperations/create?api-version=2021-06-01",
      "RequestMethod": "GET",
      "RequestHeaders": {
        "Authorization": "Sanitized",
        "traceparent": "00-52cf586067968e1ad4f4a07f84fbab89-e215b4811bfd311a-00",
        "User-Agent": "azsdk-net-ResourceManager/1.3.2 (.NET 6.0.11; Microsoft Windows 10.0.19045)",
        "x-ms-client-request-id": "ca9c39dc3048dc34158f504ffe25a87a",
        "x-ms-return-client-request-id": "true"
      },
      "RequestBody": null,
      "StatusCode": 200,
      "ResponseHeaders": {
        "Cache-Control": "no-cache",
        "Content-Length": "23",
        "Content-Type": "application/json; charset=utf-8",
        "Date": "Mon, 05 Dec 2022 20:23:09 GMT",
        "Expires": "-1",
        "Pragma": "no-cache",
        "Server": "Microsoft-HTTPAPI/2.0",
        "Strict-Transport-Security": "max-age=31536000; includeSubDomains",
        "X-Content-Type-Options": "nosniff",
        "x-ms-correlation-request-id": "f30ba429-daa1-4a19-91a4-ba0f38fca67e",
        "x-ms-hdi-served-by": "eastus",
        "x-ms-ratelimit-remaining-subscription-reads": "11846",
        "x-ms-request-id": "ae597db0-d6f3-4850-aec4-ef1a77e82655",
        "x-ms-routing-request-id": "SOUTHEASTASIA:20221205T202309Z:f30ba429-daa1-4a19-91a4-ba0f38fca67e"
      },
      "ResponseBody": {
        "status": "InProgress"
      }
    },
    {
      "RequestUri": "https://management.azure.com/subscriptions/db1ab6f0-4769-4b27-930e-01e2ef9c123c/resourceGroups/HDInsightRG-2847/providers/Microsoft.HDInsight/clusters/hdisdk-gateway/azureasyncoperations/create?api-version=2021-06-01",
      "RequestMethod": "GET",
      "RequestHeaders": {
        "Authorization": "Sanitized",
        "traceparent": "00-52cf586067968e1ad4f4a07f84fbab89-8f1f21e455ef3e69-00",
        "User-Agent": "azsdk-net-ResourceManager/1.3.2 (.NET 6.0.11; Microsoft Windows 10.0.19045)",
        "x-ms-client-request-id": "9fb031b4ae0aa555d77c270e34750592",
        "x-ms-return-client-request-id": "true"
      },
      "RequestBody": null,
      "StatusCode": 200,
      "ResponseHeaders": {
        "Cache-Control": "no-cache",
        "Content-Length": "23",
        "Content-Type": "application/json; charset=utf-8",
        "Date": "Mon, 05 Dec 2022 20:23:41 GMT",
        "Expires": "-1",
        "Pragma": "no-cache",
        "Server": "Microsoft-HTTPAPI/2.0",
        "Strict-Transport-Security": "max-age=31536000; includeSubDomains",
        "X-Content-Type-Options": "nosniff",
        "x-ms-correlation-request-id": "128ce33c-e955-4179-a664-dba51326b32a",
        "x-ms-hdi-served-by": "eastus",
        "x-ms-ratelimit-remaining-subscription-reads": "11845",
        "x-ms-request-id": "9c8afabc-1226-4be6-a797-e613993d8023",
        "x-ms-routing-request-id": "SOUTHEASTASIA:20221205T202342Z:128ce33c-e955-4179-a664-dba51326b32a"
      },
      "ResponseBody": {
        "status": "InProgress"
      }
    },
    {
      "RequestUri": "https://management.azure.com/subscriptions/db1ab6f0-4769-4b27-930e-01e2ef9c123c/resourceGroups/HDInsightRG-2847/providers/Microsoft.HDInsight/clusters/hdisdk-gateway/azureasyncoperations/create?api-version=2021-06-01",
      "RequestMethod": "GET",
      "RequestHeaders": {
        "Authorization": "Sanitized",
        "traceparent": "00-52cf586067968e1ad4f4a07f84fbab89-21fdee4687aadd4b-00",
        "User-Agent": "azsdk-net-ResourceManager/1.3.2 (.NET 6.0.11; Microsoft Windows 10.0.19045)",
        "x-ms-client-request-id": "01ba8825132f9dbe1eca57a0577819e3",
        "x-ms-return-client-request-id": "true"
      },
      "RequestBody": null,
      "StatusCode": 200,
      "ResponseHeaders": {
        "Cache-Control": "no-cache",
        "Content-Length": "23",
        "Content-Type": "application/json; charset=utf-8",
        "Date": "Mon, 05 Dec 2022 20:24:15 GMT",
        "Expires": "-1",
        "Pragma": "no-cache",
        "Server": "Microsoft-HTTPAPI/2.0",
        "Strict-Transport-Security": "max-age=31536000; includeSubDomains",
        "X-Content-Type-Options": "nosniff",
        "x-ms-correlation-request-id": "de371b68-d903-4977-ad51-f360c1ea7df3",
        "x-ms-hdi-served-by": "eastus",
        "x-ms-ratelimit-remaining-subscription-reads": "11844",
        "x-ms-request-id": "b190208a-fc3b-4861-b6ea-faa51391693d",
        "x-ms-routing-request-id": "SOUTHEASTASIA:20221205T202415Z:de371b68-d903-4977-ad51-f360c1ea7df3"
      },
      "ResponseBody": {
        "status": "InProgress"
      }
    },
    {
      "RequestUri": "https://management.azure.com/subscriptions/db1ab6f0-4769-4b27-930e-01e2ef9c123c/resourceGroups/HDInsightRG-2847/providers/Microsoft.HDInsight/clusters/hdisdk-gateway/azureasyncoperations/create?api-version=2021-06-01",
      "RequestMethod": "GET",
      "RequestHeaders": {
        "Authorization": "Sanitized",
        "traceparent": "00-52cf586067968e1ad4f4a07f84fbab89-5627decd3ef2deec-00",
        "User-Agent": "azsdk-net-ResourceManager/1.3.2 (.NET 6.0.11; Microsoft Windows 10.0.19045)",
        "x-ms-client-request-id": "1d41fca914cd2d94e4f7f3cb0926a7a0",
        "x-ms-return-client-request-id": "true"
      },
      "RequestBody": null,
      "StatusCode": 200,
      "ResponseHeaders": {
        "Cache-Control": "no-cache",
        "Content-Length": "23",
        "Content-Type": "application/json; charset=utf-8",
        "Date": "Mon, 05 Dec 2022 20:24:48 GMT",
        "Expires": "-1",
        "Pragma": "no-cache",
        "Server": "Microsoft-HTTPAPI/2.0",
        "Strict-Transport-Security": "max-age=31536000; includeSubDomains",
        "X-Content-Type-Options": "nosniff",
        "x-ms-correlation-request-id": "b407642c-c22d-4efd-a3bc-454bcfcddacd",
        "x-ms-hdi-served-by": "eastus",
        "x-ms-ratelimit-remaining-subscription-reads": "11843",
        "x-ms-request-id": "4d930ce7-8f6a-47e7-a113-0f8ec550dbb0",
        "x-ms-routing-request-id": "SOUTHEASTASIA:20221205T202449Z:b407642c-c22d-4efd-a3bc-454bcfcddacd"
      },
      "ResponseBody": {
        "status": "InProgress"
      }
    },
    {
      "RequestUri": "https://management.azure.com/subscriptions/db1ab6f0-4769-4b27-930e-01e2ef9c123c/resourceGroups/HDInsightRG-2847/providers/Microsoft.HDInsight/clusters/hdisdk-gateway/azureasyncoperations/create?api-version=2021-06-01",
      "RequestMethod": "GET",
      "RequestHeaders": {
        "Authorization": "Sanitized",
        "traceparent": "00-52cf586067968e1ad4f4a07f84fbab89-9db94bef6da5fa43-00",
        "User-Agent": "azsdk-net-ResourceManager/1.3.2 (.NET 6.0.11; Microsoft Windows 10.0.19045)",
        "x-ms-client-request-id": "762abd8aa76ba04b7313814057b44d5e",
        "x-ms-return-client-request-id": "true"
      },
      "RequestBody": null,
      "StatusCode": 200,
      "ResponseHeaders": {
        "Cache-Control": "no-cache",
        "Content-Length": "23",
        "Content-Type": "application/json; charset=utf-8",
        "Date": "Mon, 05 Dec 2022 20:25:21 GMT",
        "Expires": "-1",
        "Pragma": "no-cache",
        "Server": "Microsoft-HTTPAPI/2.0",
        "Strict-Transport-Security": "max-age=31536000; includeSubDomains",
        "X-Content-Type-Options": "nosniff",
        "x-ms-correlation-request-id": "e95d03a0-26a8-4141-a485-815fa35b7290",
        "x-ms-hdi-served-by": "eastus",
        "x-ms-ratelimit-remaining-subscription-reads": "11860",
        "x-ms-request-id": "c7b44067-86e7-43d1-b244-eaf15d67098d",
        "x-ms-routing-request-id": "SOUTHEASTASIA:20221205T202522Z:e95d03a0-26a8-4141-a485-815fa35b7290"
      },
      "ResponseBody": {
        "status": "InProgress"
      }
    },
    {
      "RequestUri": "https://management.azure.com/subscriptions/db1ab6f0-4769-4b27-930e-01e2ef9c123c/resourceGroups/HDInsightRG-2847/providers/Microsoft.HDInsight/clusters/hdisdk-gateway/azureasyncoperations/create?api-version=2021-06-01",
      "RequestMethod": "GET",
      "RequestHeaders": {
        "Authorization": "Sanitized",
        "traceparent": "00-52cf586067968e1ad4f4a07f84fbab89-7a7e0b0b8c7895df-00",
        "User-Agent": "azsdk-net-ResourceManager/1.3.2 (.NET 6.0.11; Microsoft Windows 10.0.19045)",
        "x-ms-client-request-id": "37644363e73310c5f38c1c3720f393f7",
        "x-ms-return-client-request-id": "true"
      },
      "RequestBody": null,
      "StatusCode": 200,
      "ResponseHeaders": {
        "Cache-Control": "no-cache",
        "Content-Length": "23",
        "Content-Type": "application/json; charset=utf-8",
        "Date": "Mon, 05 Dec 2022 20:25:54 GMT",
        "Expires": "-1",
        "Pragma": "no-cache",
        "Server": "Microsoft-HTTPAPI/2.0",
        "Strict-Transport-Security": "max-age=31536000; includeSubDomains",
        "X-Content-Type-Options": "nosniff",
        "x-ms-correlation-request-id": "637cc019-d679-4dcd-9dce-8a20c14c7f3e",
        "x-ms-hdi-served-by": "eastus",
        "x-ms-ratelimit-remaining-subscription-reads": "11859",
        "x-ms-request-id": "8e28ae66-6048-4ffd-9365-c502d0997b77",
        "x-ms-routing-request-id": "SOUTHEASTASIA:20221205T202555Z:637cc019-d679-4dcd-9dce-8a20c14c7f3e"
      },
      "ResponseBody": {
        "status": "InProgress"
      }
    },
    {
      "RequestUri": "https://management.azure.com/subscriptions/db1ab6f0-4769-4b27-930e-01e2ef9c123c/resourceGroups/HDInsightRG-2847/providers/Microsoft.HDInsight/clusters/hdisdk-gateway/azureasyncoperations/create?api-version=2021-06-01",
      "RequestMethod": "GET",
      "RequestHeaders": {
        "Authorization": "Sanitized",
        "traceparent": "00-52cf586067968e1ad4f4a07f84fbab89-fac9963d73be5853-00",
        "User-Agent": "azsdk-net-ResourceManager/1.3.2 (.NET 6.0.11; Microsoft Windows 10.0.19045)",
        "x-ms-client-request-id": "9a16b722a24d0178b1a0aaba9354d52f",
        "x-ms-return-client-request-id": "true"
      },
      "RequestBody": null,
      "StatusCode": 200,
      "ResponseHeaders": {
        "Cache-Control": "no-cache",
        "Content-Length": "23",
        "Content-Type": "application/json; charset=utf-8",
        "Date": "Mon, 05 Dec 2022 20:26:27 GMT",
        "Expires": "-1",
        "Pragma": "no-cache",
        "Server": "Microsoft-HTTPAPI/2.0",
        "Strict-Transport-Security": "max-age=31536000; includeSubDomains",
        "X-Content-Type-Options": "nosniff",
        "x-ms-correlation-request-id": "978cc941-a4a9-4eb2-bf71-486532efe2be",
        "x-ms-hdi-served-by": "eastus",
        "x-ms-ratelimit-remaining-subscription-reads": "11858",
        "x-ms-request-id": "842664f1-b69e-4fd7-bd65-1742ccd62e2b",
        "x-ms-routing-request-id": "SOUTHEASTASIA:20221205T202627Z:978cc941-a4a9-4eb2-bf71-486532efe2be"
      },
      "ResponseBody": {
        "status": "InProgress"
      }
    },
    {
      "RequestUri": "https://management.azure.com/subscriptions/db1ab6f0-4769-4b27-930e-01e2ef9c123c/resourceGroups/HDInsightRG-2847/providers/Microsoft.HDInsight/clusters/hdisdk-gateway/azureasyncoperations/create?api-version=2021-06-01",
      "RequestMethod": "GET",
      "RequestHeaders": {
        "Authorization": "Sanitized",
        "traceparent": "00-52cf586067968e1ad4f4a07f84fbab89-1fba09d7bbbcd1c1-00",
        "User-Agent": "azsdk-net-ResourceManager/1.3.2 (.NET 6.0.11; Microsoft Windows 10.0.19045)",
        "x-ms-client-request-id": "c56794aa6fc1a26cf81a82de8b138080",
        "x-ms-return-client-request-id": "true"
      },
      "RequestBody": null,
      "StatusCode": 200,
      "ResponseHeaders": {
        "Cache-Control": "no-cache",
        "Content-Length": "23",
        "Content-Type": "application/json; charset=utf-8",
        "Date": "Mon, 05 Dec 2022 20:26:59 GMT",
        "Expires": "-1",
        "Pragma": "no-cache",
        "Server": "Microsoft-HTTPAPI/2.0",
        "Strict-Transport-Security": "max-age=31536000; includeSubDomains",
        "X-Content-Type-Options": "nosniff",
        "x-ms-correlation-request-id": "c602be7d-5e7e-42a1-bd7a-801a167cc38e",
        "x-ms-hdi-served-by": "eastus",
        "x-ms-ratelimit-remaining-subscription-reads": "11857",
        "x-ms-request-id": "f73a164e-03e0-45cd-8f76-7965a3512998",
        "x-ms-routing-request-id": "SOUTHEASTASIA:20221205T202700Z:c602be7d-5e7e-42a1-bd7a-801a167cc38e"
      },
      "ResponseBody": {
        "status": "InProgress"
      }
    },
    {
      "RequestUri": "https://management.azure.com/subscriptions/db1ab6f0-4769-4b27-930e-01e2ef9c123c/resourceGroups/HDInsightRG-2847/providers/Microsoft.HDInsight/clusters/hdisdk-gateway/azureasyncoperations/create?api-version=2021-06-01",
      "RequestMethod": "GET",
      "RequestHeaders": {
        "Authorization": "Sanitized",
        "traceparent": "00-52cf586067968e1ad4f4a07f84fbab89-f69d86a78a4a5374-00",
        "User-Agent": "azsdk-net-ResourceManager/1.3.2 (.NET 6.0.11; Microsoft Windows 10.0.19045)",
        "x-ms-client-request-id": "a01d8980b39dc110cb6386923d0a7c9f",
        "x-ms-return-client-request-id": "true"
      },
      "RequestBody": null,
      "StatusCode": 200,
      "ResponseHeaders": {
        "Cache-Control": "no-cache",
        "Content-Length": "23",
        "Content-Type": "application/json; charset=utf-8",
        "Date": "Mon, 05 Dec 2022 20:27:33 GMT",
        "Expires": "-1",
        "Pragma": "no-cache",
        "Server": "Microsoft-HTTPAPI/2.0",
        "Strict-Transport-Security": "max-age=31536000; includeSubDomains",
        "X-Content-Type-Options": "nosniff",
        "x-ms-correlation-request-id": "3efc92e3-8609-4f27-92b0-61ccf96ca101",
        "x-ms-hdi-served-by": "eastus",
        "x-ms-ratelimit-remaining-subscription-reads": "11856",
        "x-ms-request-id": "be654c93-696b-4ce3-bd05-791cefb8ce38",
        "x-ms-routing-request-id": "SOUTHEASTASIA:20221205T202733Z:3efc92e3-8609-4f27-92b0-61ccf96ca101"
      },
      "ResponseBody": {
        "status": "InProgress"
      }
    },
    {
      "RequestUri": "https://management.azure.com/subscriptions/db1ab6f0-4769-4b27-930e-01e2ef9c123c/resourceGroups/HDInsightRG-2847/providers/Microsoft.HDInsight/clusters/hdisdk-gateway/azureasyncoperations/create?api-version=2021-06-01",
      "RequestMethod": "GET",
      "RequestHeaders": {
        "Authorization": "Sanitized",
        "traceparent": "00-52cf586067968e1ad4f4a07f84fbab89-d6a9344339989b6e-00",
        "User-Agent": "azsdk-net-ResourceManager/1.3.2 (.NET 6.0.11; Microsoft Windows 10.0.19045)",
        "x-ms-client-request-id": "8b8decb6ce8bb3364a73a2331f9a769e",
        "x-ms-return-client-request-id": "true"
      },
      "RequestBody": null,
      "StatusCode": 200,
      "ResponseHeaders": {
        "Cache-Control": "no-cache",
        "Content-Length": "23",
        "Content-Type": "application/json; charset=utf-8",
        "Date": "Mon, 05 Dec 2022 20:28:06 GMT",
        "Expires": "-1",
        "Pragma": "no-cache",
        "Server": "Microsoft-HTTPAPI/2.0",
        "Strict-Transport-Security": "max-age=31536000; includeSubDomains",
        "X-Content-Type-Options": "nosniff",
        "x-ms-correlation-request-id": "ce08d11e-3ce2-424c-ae28-9ca6059af6c5",
        "x-ms-hdi-served-by": "eastus",
        "x-ms-ratelimit-remaining-subscription-reads": "11855",
        "x-ms-request-id": "ca186099-0b0e-4e7b-aa28-ecc72d467651",
        "x-ms-routing-request-id": "SOUTHEASTASIA:20221205T202806Z:ce08d11e-3ce2-424c-ae28-9ca6059af6c5"
      },
      "ResponseBody": {
        "status": "InProgress"
      }
    },
    {
      "RequestUri": "https://management.azure.com/subscriptions/db1ab6f0-4769-4b27-930e-01e2ef9c123c/resourceGroups/HDInsightRG-2847/providers/Microsoft.HDInsight/clusters/hdisdk-gateway/azureasyncoperations/create?api-version=2021-06-01",
      "RequestMethod": "GET",
      "RequestHeaders": {
        "Authorization": "Sanitized",
        "traceparent": "00-52cf586067968e1ad4f4a07f84fbab89-27ff48fe1f53f790-00",
        "User-Agent": "azsdk-net-ResourceManager/1.3.2 (.NET 6.0.11; Microsoft Windows 10.0.19045)",
        "x-ms-client-request-id": "0a3a2a203537f79184a6fa5ee9da65ed",
        "x-ms-return-client-request-id": "true"
      },
      "RequestBody": null,
      "StatusCode": 200,
      "ResponseHeaders": {
        "Cache-Control": "no-cache",
        "Content-Length": "23",
        "Content-Type": "application/json; charset=utf-8",
        "Date": "Mon, 05 Dec 2022 20:28:38 GMT",
        "Expires": "-1",
        "Pragma": "no-cache",
        "Server": "Microsoft-HTTPAPI/2.0",
        "Strict-Transport-Security": "max-age=31536000; includeSubDomains",
        "X-Content-Type-Options": "nosniff",
        "x-ms-correlation-request-id": "4de529ca-9861-4cb3-a266-564091fce770",
        "x-ms-hdi-served-by": "eastus",
        "x-ms-ratelimit-remaining-subscription-reads": "11854",
        "x-ms-request-id": "785857c0-72a6-43ef-af7c-7688014b6e6d",
        "x-ms-routing-request-id": "SOUTHEASTASIA:20221205T202839Z:4de529ca-9861-4cb3-a266-564091fce770"
      },
      "ResponseBody": {
        "status": "InProgress"
      }
    },
    {
      "RequestUri": "https://management.azure.com/subscriptions/db1ab6f0-4769-4b27-930e-01e2ef9c123c/resourceGroups/HDInsightRG-2847/providers/Microsoft.HDInsight/clusters/hdisdk-gateway/azureasyncoperations/create?api-version=2021-06-01",
      "RequestMethod": "GET",
      "RequestHeaders": {
        "Authorization": "Sanitized",
        "traceparent": "00-52cf586067968e1ad4f4a07f84fbab89-4eca6f7bb920380f-00",
        "User-Agent": "azsdk-net-ResourceManager/1.3.2 (.NET 6.0.11; Microsoft Windows 10.0.19045)",
        "x-ms-client-request-id": "9e27e39ef485b2f45369562a11dda131",
        "x-ms-return-client-request-id": "true"
      },
      "RequestBody": null,
      "StatusCode": 200,
      "ResponseHeaders": {
        "Cache-Control": "no-cache",
        "Content-Length": "23",
        "Content-Type": "application/json; charset=utf-8",
        "Date": "Mon, 05 Dec 2022 20:29:11 GMT",
        "Expires": "-1",
        "Pragma": "no-cache",
        "Server": "Microsoft-HTTPAPI/2.0",
        "Strict-Transport-Security": "max-age=31536000; includeSubDomains",
        "X-Content-Type-Options": "nosniff",
        "x-ms-correlation-request-id": "95a2aaa7-6979-4958-b856-e018c7c2b73a",
        "x-ms-hdi-served-by": "eastus",
        "x-ms-ratelimit-remaining-subscription-reads": "11853",
        "x-ms-request-id": "4a0c89d1-9821-489a-a373-c30d0abb6f09",
        "x-ms-routing-request-id": "SOUTHEASTASIA:20221205T202912Z:95a2aaa7-6979-4958-b856-e018c7c2b73a"
      },
      "ResponseBody": {
        "status": "InProgress"
      }
    },
    {
      "RequestUri": "https://management.azure.com/subscriptions/db1ab6f0-4769-4b27-930e-01e2ef9c123c/resourceGroups/HDInsightRG-2847/providers/Microsoft.HDInsight/clusters/hdisdk-gateway/azureasyncoperations/create?api-version=2021-06-01",
      "RequestMethod": "GET",
      "RequestHeaders": {
        "Authorization": "Sanitized",
        "traceparent": "00-52cf586067968e1ad4f4a07f84fbab89-df79eaa2226234d8-00",
        "User-Agent": "azsdk-net-ResourceManager/1.3.2 (.NET 6.0.11; Microsoft Windows 10.0.19045)",
        "x-ms-client-request-id": "1271e8ed71d081685b9607e4d3d8ca6f",
        "x-ms-return-client-request-id": "true"
      },
      "RequestBody": null,
      "StatusCode": 200,
      "ResponseHeaders": {
        "Cache-Control": "no-cache",
        "Content-Length": "23",
        "Content-Type": "application/json; charset=utf-8",
        "Date": "Mon, 05 Dec 2022 20:29:44 GMT",
        "Expires": "-1",
        "Pragma": "no-cache",
        "Server": "Microsoft-HTTPAPI/2.0",
        "Strict-Transport-Security": "max-age=31536000; includeSubDomains",
        "X-Content-Type-Options": "nosniff",
        "x-ms-correlation-request-id": "b032286a-a6a7-4de2-9483-4a9053538427",
        "x-ms-hdi-served-by": "eastus",
        "x-ms-ratelimit-remaining-subscription-reads": "11852",
        "x-ms-request-id": "01d934f6-315d-426a-a0b2-8c4b4be4e808",
        "x-ms-routing-request-id": "SOUTHEASTASIA:20221205T202944Z:b032286a-a6a7-4de2-9483-4a9053538427"
      },
      "ResponseBody": {
        "status": "InProgress"
      }
    },
    {
      "RequestUri": "https://management.azure.com/subscriptions/db1ab6f0-4769-4b27-930e-01e2ef9c123c/resourceGroups/HDInsightRG-2847/providers/Microsoft.HDInsight/clusters/hdisdk-gateway/azureasyncoperations/create?api-version=2021-06-01",
      "RequestMethod": "GET",
      "RequestHeaders": {
        "Authorization": "Sanitized",
        "traceparent": "00-52cf586067968e1ad4f4a07f84fbab89-b64b615755081889-00",
        "User-Agent": "azsdk-net-ResourceManager/1.3.2 (.NET 6.0.11; Microsoft Windows 10.0.19045)",
        "x-ms-client-request-id": "3c95b40ed7722c183588b7cddf67e6a7",
        "x-ms-return-client-request-id": "true"
      },
      "RequestBody": null,
      "StatusCode": 200,
      "ResponseHeaders": {
        "Cache-Control": "no-cache",
        "Content-Length": "23",
        "Content-Type": "application/json; charset=utf-8",
        "Date": "Mon, 05 Dec 2022 20:30:17 GMT",
        "Expires": "-1",
        "Pragma": "no-cache",
        "Server": "Microsoft-HTTPAPI/2.0",
        "Strict-Transport-Security": "max-age=31536000; includeSubDomains",
        "X-Content-Type-Options": "nosniff",
        "x-ms-correlation-request-id": "b10e5c7e-a242-467a-b9fb-52a92443430d",
        "x-ms-hdi-served-by": "eastus",
        "x-ms-ratelimit-remaining-subscription-reads": "11860",
        "x-ms-request-id": "a88ff960-786a-47e4-8b75-76ea3b348457",
        "x-ms-routing-request-id": "SOUTHEASTASIA:20221205T203017Z:b10e5c7e-a242-467a-b9fb-52a92443430d"
      },
      "ResponseBody": {
        "status": "InProgress"
      }
    },
    {
      "RequestUri": "https://management.azure.com/subscriptions/db1ab6f0-4769-4b27-930e-01e2ef9c123c/resourceGroups/HDInsightRG-2847/providers/Microsoft.HDInsight/clusters/hdisdk-gateway/azureasyncoperations/create?api-version=2021-06-01",
      "RequestMethod": "GET",
      "RequestHeaders": {
        "Authorization": "Sanitized",
        "traceparent": "00-52cf586067968e1ad4f4a07f84fbab89-419fd9e46d173bb9-00",
        "User-Agent": "azsdk-net-ResourceManager/1.3.2 (.NET 6.0.11; Microsoft Windows 10.0.19045)",
        "x-ms-client-request-id": "0071c90552682c1c7ba643efec0fde7a",
        "x-ms-return-client-request-id": "true"
      },
      "RequestBody": null,
      "StatusCode": 200,
      "ResponseHeaders": {
        "Cache-Control": "no-cache",
        "Content-Length": "23",
        "Content-Type": "application/json; charset=utf-8",
        "Date": "Mon, 05 Dec 2022 20:30:50 GMT",
        "Expires": "-1",
        "Pragma": "no-cache",
        "Server": "Microsoft-HTTPAPI/2.0",
        "Strict-Transport-Security": "max-age=31536000; includeSubDomains",
        "X-Content-Type-Options": "nosniff",
        "x-ms-correlation-request-id": "ccdf56be-f4ef-4ac1-aab8-a1a83a5816e4",
        "x-ms-hdi-served-by": "eastus",
        "x-ms-ratelimit-remaining-subscription-reads": "11859",
        "x-ms-request-id": "50ffee5f-08d8-4fb5-b08f-cc9d558e29a4",
        "x-ms-routing-request-id": "SOUTHEASTASIA:20221205T203050Z:ccdf56be-f4ef-4ac1-aab8-a1a83a5816e4"
      },
      "ResponseBody": {
        "status": "InProgress"
      }
    },
    {
      "RequestUri": "https://management.azure.com/subscriptions/db1ab6f0-4769-4b27-930e-01e2ef9c123c/resourceGroups/HDInsightRG-2847/providers/Microsoft.HDInsight/clusters/hdisdk-gateway/azureasyncoperations/create?api-version=2021-06-01",
      "RequestMethod": "GET",
      "RequestHeaders": {
        "Authorization": "Sanitized",
        "traceparent": "00-52cf586067968e1ad4f4a07f84fbab89-17be18420e8d1880-00",
        "User-Agent": "azsdk-net-ResourceManager/1.3.2 (.NET 6.0.11; Microsoft Windows 10.0.19045)",
        "x-ms-client-request-id": "5c1be69f644715becf45dc48ba9ba1f3",
        "x-ms-return-client-request-id": "true"
      },
      "RequestBody": null,
      "StatusCode": 200,
      "ResponseHeaders": {
        "Cache-Control": "no-cache",
        "Content-Length": "23",
        "Content-Type": "application/json; charset=utf-8",
        "Date": "Mon, 05 Dec 2022 20:31:24 GMT",
        "Expires": "-1",
        "Pragma": "no-cache",
        "Server": "Microsoft-HTTPAPI/2.0",
        "Strict-Transport-Security": "max-age=31536000; includeSubDomains",
        "X-Content-Type-Options": "nosniff",
        "x-ms-correlation-request-id": "8ef0ae7a-872f-49eb-9369-ca003d671c60",
        "x-ms-hdi-served-by": "eastus",
        "x-ms-ratelimit-remaining-subscription-reads": "11858",
        "x-ms-request-id": "adea186c-d9d3-4128-bea6-db8236b0a442",
        "x-ms-routing-request-id": "SOUTHEASTASIA:20221205T203124Z:8ef0ae7a-872f-49eb-9369-ca003d671c60"
      },
      "ResponseBody": {
        "status": "InProgress"
      }
    },
    {
      "RequestUri": "https://management.azure.com/subscriptions/db1ab6f0-4769-4b27-930e-01e2ef9c123c/resourceGroups/HDInsightRG-2847/providers/Microsoft.HDInsight/clusters/hdisdk-gateway/azureasyncoperations/create?api-version=2021-06-01",
      "RequestMethod": "GET",
      "RequestHeaders": {
        "Authorization": "Sanitized",
        "traceparent": "00-52cf586067968e1ad4f4a07f84fbab89-07757ada21ded066-00",
        "User-Agent": "azsdk-net-ResourceManager/1.3.2 (.NET 6.0.11; Microsoft Windows 10.0.19045)",
        "x-ms-client-request-id": "0adf60b0c966bc069769c1cc94293f26",
        "x-ms-return-client-request-id": "true"
      },
      "RequestBody": null,
      "StatusCode": 200,
      "ResponseHeaders": {
        "Cache-Control": "no-cache",
        "Content-Length": "23",
        "Content-Type": "application/json; charset=utf-8",
        "Date": "Mon, 05 Dec 2022 20:31:57 GMT",
        "Expires": "-1",
        "Pragma": "no-cache",
        "Server": "Microsoft-HTTPAPI/2.0",
        "Strict-Transport-Security": "max-age=31536000; includeSubDomains",
        "X-Content-Type-Options": "nosniff",
        "x-ms-correlation-request-id": "179790b0-d4d9-4e3d-a544-3d0ffdea5ddb",
        "x-ms-hdi-served-by": "eastus",
        "x-ms-ratelimit-remaining-subscription-reads": "11857",
        "x-ms-request-id": "ea6ea574-25a0-4f62-812c-d484c7126a1e",
        "x-ms-routing-request-id": "SOUTHEASTASIA:20221205T203157Z:179790b0-d4d9-4e3d-a544-3d0ffdea5ddb"
      },
      "ResponseBody": {
        "status": "InProgress"
      }
    },
    {
      "RequestUri": "https://management.azure.com/subscriptions/db1ab6f0-4769-4b27-930e-01e2ef9c123c/resourceGroups/HDInsightRG-2847/providers/Microsoft.HDInsight/clusters/hdisdk-gateway/azureasyncoperations/create?api-version=2021-06-01",
      "RequestMethod": "GET",
      "RequestHeaders": {
        "Authorization": "Sanitized",
        "traceparent": "00-52cf586067968e1ad4f4a07f84fbab89-52ec9ca80163956d-00",
        "User-Agent": "azsdk-net-ResourceManager/1.3.2 (.NET 6.0.11; Microsoft Windows 10.0.19045)",
        "x-ms-client-request-id": "f92d3ca9894ca05f0a5c312375d471df",
        "x-ms-return-client-request-id": "true"
      },
      "RequestBody": null,
      "StatusCode": 200,
      "ResponseHeaders": {
        "Cache-Control": "no-cache",
        "Content-Length": "23",
        "Content-Type": "application/json; charset=utf-8",
        "Date": "Mon, 05 Dec 2022 20:32:30 GMT",
        "Expires": "-1",
        "Pragma": "no-cache",
        "Server": "Microsoft-HTTPAPI/2.0",
        "Strict-Transport-Security": "max-age=31536000; includeSubDomains",
        "X-Content-Type-Options": "nosniff",
        "x-ms-correlation-request-id": "58776bcd-0dcd-4be8-a9a2-3d4d0aeac22b",
        "x-ms-hdi-served-by": "eastus",
        "x-ms-ratelimit-remaining-subscription-reads": "11856",
        "x-ms-request-id": "318f2fc1-1ece-4342-a767-ce23cd8c6735",
        "x-ms-routing-request-id": "SOUTHEASTASIA:20221205T203230Z:58776bcd-0dcd-4be8-a9a2-3d4d0aeac22b"
      },
      "ResponseBody": {
        "status": "InProgress"
      }
    },
    {
      "RequestUri": "https://management.azure.com/subscriptions/db1ab6f0-4769-4b27-930e-01e2ef9c123c/resourceGroups/HDInsightRG-2847/providers/Microsoft.HDInsight/clusters/hdisdk-gateway/azureasyncoperations/create?api-version=2021-06-01",
      "RequestMethod": "GET",
      "RequestHeaders": {
        "Authorization": "Sanitized",
        "traceparent": "00-52cf586067968e1ad4f4a07f84fbab89-776aad35f102a9f8-00",
        "User-Agent": "azsdk-net-ResourceManager/1.3.2 (.NET 6.0.11; Microsoft Windows 10.0.19045)",
        "x-ms-client-request-id": "8b3e5004d330d614df5ec5dda3f180a6",
        "x-ms-return-client-request-id": "true"
      },
      "RequestBody": null,
      "StatusCode": 200,
      "ResponseHeaders": {
        "Cache-Control": "no-cache",
        "Content-Length": "23",
        "Content-Type": "application/json; charset=utf-8",
        "Date": "Mon, 05 Dec 2022 20:33:03 GMT",
        "Expires": "-1",
        "Pragma": "no-cache",
        "Server": "Microsoft-HTTPAPI/2.0",
        "Strict-Transport-Security": "max-age=31536000; includeSubDomains",
        "X-Content-Type-Options": "nosniff",
        "x-ms-correlation-request-id": "7234fb02-4594-45ec-9823-ff3356609e7e",
        "x-ms-hdi-served-by": "eastus",
        "x-ms-ratelimit-remaining-subscription-reads": "11855",
        "x-ms-request-id": "938f1c89-03ba-492c-9c01-f99f1fcc8476",
        "x-ms-routing-request-id": "SOUTHEASTASIA:20221205T203303Z:7234fb02-4594-45ec-9823-ff3356609e7e"
      },
      "ResponseBody": {
        "status": "InProgress"
      }
    },
    {
      "RequestUri": "https://management.azure.com/subscriptions/db1ab6f0-4769-4b27-930e-01e2ef9c123c/resourceGroups/HDInsightRG-2847/providers/Microsoft.HDInsight/clusters/hdisdk-gateway/azureasyncoperations/create?api-version=2021-06-01",
      "RequestMethod": "GET",
      "RequestHeaders": {
        "Authorization": "Sanitized",
        "traceparent": "00-52cf586067968e1ad4f4a07f84fbab89-edf7370150528cb1-00",
        "User-Agent": "azsdk-net-ResourceManager/1.3.2 (.NET 6.0.11; Microsoft Windows 10.0.19045)",
        "x-ms-client-request-id": "7e9eb605a86d27a6013fff0a97e346c3",
        "x-ms-return-client-request-id": "true"
      },
      "RequestBody": null,
      "StatusCode": 200,
      "ResponseHeaders": {
        "Cache-Control": "no-cache",
        "Content-Length": "23",
        "Content-Type": "application/json; charset=utf-8",
        "Date": "Mon, 05 Dec 2022 20:33:36 GMT",
        "Expires": "-1",
        "Pragma": "no-cache",
        "Server": "Microsoft-HTTPAPI/2.0",
        "Strict-Transport-Security": "max-age=31536000; includeSubDomains",
        "X-Content-Type-Options": "nosniff",
        "x-ms-correlation-request-id": "aefe36bb-5894-4b4d-9537-3ebc2a9f4f1c",
        "x-ms-hdi-served-by": "eastus",
        "x-ms-ratelimit-remaining-subscription-reads": "11854",
        "x-ms-request-id": "f25b35c7-eb54-4093-8647-5500f9b24b1c",
        "x-ms-routing-request-id": "SOUTHEASTASIA:20221205T203336Z:aefe36bb-5894-4b4d-9537-3ebc2a9f4f1c"
      },
      "ResponseBody": {
        "status": "InProgress"
      }
    },
    {
      "RequestUri": "https://management.azure.com/subscriptions/db1ab6f0-4769-4b27-930e-01e2ef9c123c/resourceGroups/HDInsightRG-2847/providers/Microsoft.HDInsight/clusters/hdisdk-gateway/azureasyncoperations/create?api-version=2021-06-01",
      "RequestMethod": "GET",
      "RequestHeaders": {
        "Authorization": "Sanitized",
        "traceparent": "00-52cf586067968e1ad4f4a07f84fbab89-ab73752b40bc5970-00",
        "User-Agent": "azsdk-net-ResourceManager/1.3.2 (.NET 6.0.11; Microsoft Windows 10.0.19045)",
        "x-ms-client-request-id": "44c8e1f8b4ebd6f6285619edc481fc18",
        "x-ms-return-client-request-id": "true"
      },
      "RequestBody": null,
      "StatusCode": 200,
      "ResponseHeaders": {
        "Cache-Control": "no-cache",
        "Content-Length": "23",
        "Content-Type": "application/json; charset=utf-8",
        "Date": "Mon, 05 Dec 2022 20:34:08 GMT",
        "Expires": "-1",
        "Pragma": "no-cache",
        "Server": "Microsoft-HTTPAPI/2.0",
        "Strict-Transport-Security": "max-age=31536000; includeSubDomains",
        "X-Content-Type-Options": "nosniff",
        "x-ms-correlation-request-id": "64601206-078f-4336-92ae-11c6e9aa1359",
        "x-ms-hdi-served-by": "eastus",
        "x-ms-ratelimit-remaining-subscription-reads": "11853",
        "x-ms-request-id": "45c8e601-519d-44d4-8720-9d31f7ad084e",
        "x-ms-routing-request-id": "SOUTHEASTASIA:20221205T203408Z:64601206-078f-4336-92ae-11c6e9aa1359"
      },
      "ResponseBody": {
        "status": "InProgress"
      }
    },
    {
      "RequestUri": "https://management.azure.com/subscriptions/db1ab6f0-4769-4b27-930e-01e2ef9c123c/resourceGroups/HDInsightRG-2847/providers/Microsoft.HDInsight/clusters/hdisdk-gateway/azureasyncoperations/create?api-version=2021-06-01",
      "RequestMethod": "GET",
      "RequestHeaders": {
        "Authorization": "Sanitized",
        "traceparent": "00-52cf586067968e1ad4f4a07f84fbab89-c296a977483716c3-00",
        "User-Agent": "azsdk-net-ResourceManager/1.3.2 (.NET 6.0.11; Microsoft Windows 10.0.19045)",
        "x-ms-client-request-id": "be1e8bdbf3355b71a9178af1d3093efc",
        "x-ms-return-client-request-id": "true"
      },
      "RequestBody": null,
      "StatusCode": 200,
      "ResponseHeaders": {
        "Cache-Control": "no-cache",
        "Content-Length": "23",
        "Content-Type": "application/json; charset=utf-8",
        "Date": "Mon, 05 Dec 2022 20:34:41 GMT",
        "Expires": "-1",
        "Pragma": "no-cache",
        "Server": "Microsoft-HTTPAPI/2.0",
        "Strict-Transport-Security": "max-age=31536000; includeSubDomains",
        "X-Content-Type-Options": "nosniff",
        "x-ms-correlation-request-id": "a9e3ea5b-c0cf-45c6-8c03-d3e9b2524b46",
        "x-ms-hdi-served-by": "eastus",
        "x-ms-ratelimit-remaining-subscription-reads": "11852",
        "x-ms-request-id": "d9f052dd-cdc0-4b2d-805f-87a295a8742b",
        "x-ms-routing-request-id": "SOUTHEASTASIA:20221205T203441Z:a9e3ea5b-c0cf-45c6-8c03-d3e9b2524b46"
      },
      "ResponseBody": {
        "status": "InProgress"
      }
    },
    {
      "RequestUri": "https://management.azure.com/subscriptions/db1ab6f0-4769-4b27-930e-01e2ef9c123c/resourceGroups/HDInsightRG-2847/providers/Microsoft.HDInsight/clusters/hdisdk-gateway/azureasyncoperations/create?api-version=2021-06-01",
      "RequestMethod": "GET",
      "RequestHeaders": {
        "Authorization": "Sanitized",
        "traceparent": "00-52cf586067968e1ad4f4a07f84fbab89-5d8d5a1fa84377cf-00",
        "User-Agent": "azsdk-net-ResourceManager/1.3.2 (.NET 6.0.11; Microsoft Windows 10.0.19045)",
        "x-ms-client-request-id": "c2e502183c2951bbc0c855178eb9637f",
        "x-ms-return-client-request-id": "true"
      },
      "RequestBody": null,
      "StatusCode": 200,
      "ResponseHeaders": {
        "Cache-Control": "no-cache",
        "Content-Length": "23",
        "Content-Type": "application/json; charset=utf-8",
        "Date": "Mon, 05 Dec 2022 20:35:13 GMT",
        "Expires": "-1",
        "Pragma": "no-cache",
        "Server": "Microsoft-HTTPAPI/2.0",
        "Strict-Transport-Security": "max-age=31536000; includeSubDomains",
        "X-Content-Type-Options": "nosniff",
        "x-ms-correlation-request-id": "f4abb376-26f1-45ec-b9e7-b2ab13e7aaae",
        "x-ms-hdi-served-by": "eastus",
        "x-ms-ratelimit-remaining-subscription-reads": "11860",
        "x-ms-request-id": "17670e56-6553-4b1f-b3c0-dcbdf908b337",
        "x-ms-routing-request-id": "SOUTHEASTASIA:20221205T203514Z:f4abb376-26f1-45ec-b9e7-b2ab13e7aaae"
      },
      "ResponseBody": {
        "status": "InProgress"
      }
    },
    {
      "RequestUri": "https://management.azure.com/subscriptions/db1ab6f0-4769-4b27-930e-01e2ef9c123c/resourceGroups/HDInsightRG-2847/providers/Microsoft.HDInsight/clusters/hdisdk-gateway/azureasyncoperations/create?api-version=2021-06-01",
      "RequestMethod": "GET",
      "RequestHeaders": {
        "Authorization": "Sanitized",
        "traceparent": "00-52cf586067968e1ad4f4a07f84fbab89-dac79edc776bd2c3-00",
        "User-Agent": "azsdk-net-ResourceManager/1.3.2 (.NET 6.0.11; Microsoft Windows 10.0.19045)",
        "x-ms-client-request-id": "0c2fe74288c4048d6f6c9bd32905021e",
        "x-ms-return-client-request-id": "true"
      },
      "RequestBody": null,
      "StatusCode": 200,
      "ResponseHeaders": {
        "Cache-Control": "no-cache",
        "Content-Length": "23",
        "Content-Type": "application/json; charset=utf-8",
        "Date": "Mon, 05 Dec 2022 20:35:46 GMT",
        "Expires": "-1",
        "Pragma": "no-cache",
        "Server": "Microsoft-HTTPAPI/2.0",
        "Strict-Transport-Security": "max-age=31536000; includeSubDomains",
        "X-Content-Type-Options": "nosniff",
        "x-ms-correlation-request-id": "7832b07a-5b86-4c91-b746-a7abbfa59e4a",
        "x-ms-hdi-served-by": "eastus",
        "x-ms-ratelimit-remaining-subscription-reads": "11859",
        "x-ms-request-id": "0cd18fdf-16bd-4c12-a063-449e2afc15ef",
        "x-ms-routing-request-id": "SOUTHEASTASIA:20221205T203547Z:7832b07a-5b86-4c91-b746-a7abbfa59e4a"
      },
      "ResponseBody": {
        "status": "InProgress"
      }
    },
    {
      "RequestUri": "https://management.azure.com/subscriptions/db1ab6f0-4769-4b27-930e-01e2ef9c123c/resourceGroups/HDInsightRG-2847/providers/Microsoft.HDInsight/clusters/hdisdk-gateway/azureasyncoperations/create?api-version=2021-06-01",
      "RequestMethod": "GET",
      "RequestHeaders": {
        "Authorization": "Sanitized",
        "traceparent": "00-52cf586067968e1ad4f4a07f84fbab89-d177b28eb0e9dbf0-00",
        "User-Agent": "azsdk-net-ResourceManager/1.3.2 (.NET 6.0.11; Microsoft Windows 10.0.19045)",
        "x-ms-client-request-id": "c2d51d183a9b9fefd0cdfe6d9d5acdef",
        "x-ms-return-client-request-id": "true"
      },
      "RequestBody": null,
      "StatusCode": 200,
      "ResponseHeaders": {
        "Cache-Control": "no-cache",
        "Content-Length": "23",
        "Content-Type": "application/json; charset=utf-8",
        "Date": "Mon, 05 Dec 2022 20:36:19 GMT",
        "Expires": "-1",
        "Pragma": "no-cache",
        "Server": "Microsoft-HTTPAPI/2.0",
        "Strict-Transport-Security": "max-age=31536000; includeSubDomains",
        "X-Content-Type-Options": "nosniff",
        "x-ms-correlation-request-id": "981daabc-c649-4c19-9d3b-4d3bdf19554d",
        "x-ms-hdi-served-by": "eastus",
        "x-ms-ratelimit-remaining-subscription-reads": "11858",
        "x-ms-request-id": "b3d6b9d6-bf8a-4629-a441-a883078f1834",
        "x-ms-routing-request-id": "SOUTHEASTASIA:20221205T203620Z:981daabc-c649-4c19-9d3b-4d3bdf19554d"
      },
      "ResponseBody": {
        "status": "InProgress"
      }
    },
    {
      "RequestUri": "https://management.azure.com/subscriptions/db1ab6f0-4769-4b27-930e-01e2ef9c123c/resourceGroups/HDInsightRG-2847/providers/Microsoft.HDInsight/clusters/hdisdk-gateway/azureasyncoperations/create?api-version=2021-06-01",
      "RequestMethod": "GET",
      "RequestHeaders": {
        "Authorization": "Sanitized",
        "traceparent": "00-52cf586067968e1ad4f4a07f84fbab89-cf7af16d72364a5a-00",
        "User-Agent": "azsdk-net-ResourceManager/1.3.2 (.NET 6.0.11; Microsoft Windows 10.0.19045)",
        "x-ms-client-request-id": "ecae0ab432da903774e153bda0e727bb",
        "x-ms-return-client-request-id": "true"
      },
      "RequestBody": null,
      "StatusCode": 200,
      "ResponseHeaders": {
        "Cache-Control": "no-cache",
        "Content-Length": "23",
        "Content-Type": "application/json; charset=utf-8",
        "Date": "Mon, 05 Dec 2022 20:36:52 GMT",
        "Expires": "-1",
        "Pragma": "no-cache",
        "Server": "Microsoft-HTTPAPI/2.0",
        "Strict-Transport-Security": "max-age=31536000; includeSubDomains",
        "X-Content-Type-Options": "nosniff",
        "x-ms-correlation-request-id": "85b738a1-19bd-479d-a7d6-ecd3faaba852",
        "x-ms-hdi-served-by": "eastus",
        "x-ms-ratelimit-remaining-subscription-reads": "11857",
        "x-ms-request-id": "9a079f9b-b3b0-42ee-acbd-8a9fe9e85b17",
        "x-ms-routing-request-id": "SOUTHEASTASIA:20221205T203652Z:85b738a1-19bd-479d-a7d6-ecd3faaba852"
      },
      "ResponseBody": {
        "status": "InProgress"
      }
    },
    {
      "RequestUri": "https://management.azure.com/subscriptions/db1ab6f0-4769-4b27-930e-01e2ef9c123c/resourceGroups/HDInsightRG-2847/providers/Microsoft.HDInsight/clusters/hdisdk-gateway/azureasyncoperations/create?api-version=2021-06-01",
      "RequestMethod": "GET",
      "RequestHeaders": {
        "Authorization": "Sanitized",
        "traceparent": "00-52cf586067968e1ad4f4a07f84fbab89-6e03c6742bbc5b44-00",
        "User-Agent": "azsdk-net-ResourceManager/1.3.2 (.NET 6.0.11; Microsoft Windows 10.0.19045)",
        "x-ms-client-request-id": "71fe36c5a0e308e3f78f3cf7891f6614",
        "x-ms-return-client-request-id": "true"
      },
      "RequestBody": null,
      "StatusCode": 200,
      "ResponseHeaders": {
        "Cache-Control": "no-cache",
        "Content-Length": "23",
        "Content-Type": "application/json; charset=utf-8",
        "Date": "Mon, 05 Dec 2022 20:37:25 GMT",
        "Expires": "-1",
        "Pragma": "no-cache",
        "Server": "Microsoft-HTTPAPI/2.0",
        "Strict-Transport-Security": "max-age=31536000; includeSubDomains",
        "X-Content-Type-Options": "nosniff",
        "x-ms-correlation-request-id": "a77238ce-1669-4a60-8e02-63ad909ba5a1",
        "x-ms-hdi-served-by": "eastus",
        "x-ms-ratelimit-remaining-subscription-reads": "11856",
        "x-ms-request-id": "c269d685-853f-40d2-89ad-6b3d7f1f9a80",
        "x-ms-routing-request-id": "SOUTHEASTASIA:20221205T203725Z:a77238ce-1669-4a60-8e02-63ad909ba5a1"
      },
      "ResponseBody": {
        "status": "InProgress"
      }
    },
    {
      "RequestUri": "https://management.azure.com/subscriptions/db1ab6f0-4769-4b27-930e-01e2ef9c123c/resourceGroups/HDInsightRG-2847/providers/Microsoft.HDInsight/clusters/hdisdk-gateway/azureasyncoperations/create?api-version=2021-06-01",
      "RequestMethod": "GET",
      "RequestHeaders": {
        "Authorization": "Sanitized",
        "traceparent": "00-52cf586067968e1ad4f4a07f84fbab89-23eae410b96f0c42-00",
        "User-Agent": "azsdk-net-ResourceManager/1.3.2 (.NET 6.0.11; Microsoft Windows 10.0.19045)",
        "x-ms-client-request-id": "1e1fab9f1656e644e5454dbae632fee8",
        "x-ms-return-client-request-id": "true"
      },
      "RequestBody": null,
      "StatusCode": 200,
      "ResponseHeaders": {
        "Cache-Control": "no-cache",
        "Content-Length": "23",
        "Content-Type": "application/json; charset=utf-8",
        "Date": "Mon, 05 Dec 2022 20:37:59 GMT",
        "Expires": "-1",
        "Pragma": "no-cache",
        "Server": "Microsoft-HTTPAPI/2.0",
        "Strict-Transport-Security": "max-age=31536000; includeSubDomains",
        "X-Content-Type-Options": "nosniff",
        "x-ms-correlation-request-id": "f89b21b0-0caf-4ff5-aa80-ceeb5e8113fa",
        "x-ms-hdi-served-by": "eastus",
        "x-ms-ratelimit-remaining-subscription-reads": "11855",
        "x-ms-request-id": "e625a1e6-329e-47d4-b8c3-be6efa7eaaaa",
        "x-ms-routing-request-id": "SOUTHEASTASIA:20221205T203759Z:f89b21b0-0caf-4ff5-aa80-ceeb5e8113fa"
      },
      "ResponseBody": {
        "status": "InProgress"
      }
    },
    {
      "RequestUri": "https://management.azure.com/subscriptions/db1ab6f0-4769-4b27-930e-01e2ef9c123c/resourceGroups/HDInsightRG-2847/providers/Microsoft.HDInsight/clusters/hdisdk-gateway/azureasyncoperations/create?api-version=2021-06-01",
      "RequestMethod": "GET",
      "RequestHeaders": {
        "Authorization": "Sanitized",
        "traceparent": "00-52cf586067968e1ad4f4a07f84fbab89-80ea166b3c613f4c-00",
        "User-Agent": "azsdk-net-ResourceManager/1.3.2 (.NET 6.0.11; Microsoft Windows 10.0.19045)",
        "x-ms-client-request-id": "66a842a55b5c130b27a5f44af53f0655",
        "x-ms-return-client-request-id": "true"
      },
      "RequestBody": null,
      "StatusCode": 200,
      "ResponseHeaders": {
        "Cache-Control": "no-cache",
        "Content-Length": "23",
        "Content-Type": "application/json; charset=utf-8",
        "Date": "Mon, 05 Dec 2022 20:38:32 GMT",
        "Expires": "-1",
        "Pragma": "no-cache",
        "Server": "Microsoft-HTTPAPI/2.0",
        "Strict-Transport-Security": "max-age=31536000; includeSubDomains",
        "X-Content-Type-Options": "nosniff",
        "x-ms-correlation-request-id": "824b6e65-9ac3-44e1-812a-6002f06ad012",
        "x-ms-hdi-served-by": "eastus",
        "x-ms-ratelimit-remaining-subscription-reads": "11854",
        "x-ms-request-id": "facf78fb-5389-4746-8b61-dfa5250c8e82",
        "x-ms-routing-request-id": "SOUTHEASTASIA:20221205T203832Z:824b6e65-9ac3-44e1-812a-6002f06ad012"
      },
      "ResponseBody": {
        "status": "InProgress"
      }
    },
    {
      "RequestUri": "https://management.azure.com/subscriptions/db1ab6f0-4769-4b27-930e-01e2ef9c123c/resourceGroups/HDInsightRG-2847/providers/Microsoft.HDInsight/clusters/hdisdk-gateway/azureasyncoperations/create?api-version=2021-06-01",
      "RequestMethod": "GET",
      "RequestHeaders": {
        "Authorization": "Sanitized",
        "traceparent": "00-52cf586067968e1ad4f4a07f84fbab89-8ed6fdad428934fd-00",
        "User-Agent": "azsdk-net-ResourceManager/1.3.2 (.NET 6.0.11; Microsoft Windows 10.0.19045)",
        "x-ms-client-request-id": "f51d3e7a08c7af64f2188b9e532921c5",
        "x-ms-return-client-request-id": "true"
      },
      "RequestBody": null,
      "StatusCode": 200,
      "ResponseHeaders": {
        "Cache-Control": "no-cache",
        "Content-Length": "23",
        "Content-Type": "application/json; charset=utf-8",
        "Date": "Mon, 05 Dec 2022 20:39:04 GMT",
        "Expires": "-1",
        "Pragma": "no-cache",
        "Server": "Microsoft-HTTPAPI/2.0",
        "Strict-Transport-Security": "max-age=31536000; includeSubDomains",
        "X-Content-Type-Options": "nosniff",
        "x-ms-correlation-request-id": "4272c7bd-cc1d-4495-8add-ec01660a9fb0",
        "x-ms-hdi-served-by": "eastus",
        "x-ms-ratelimit-remaining-subscription-reads": "11853",
        "x-ms-request-id": "d078172d-93a1-466c-9820-406b2cbf98dd",
        "x-ms-routing-request-id": "SOUTHEASTASIA:20221205T203905Z:4272c7bd-cc1d-4495-8add-ec01660a9fb0"
      },
      "ResponseBody": {
        "status": "InProgress"
      }
    },
    {
      "RequestUri": "https://management.azure.com/subscriptions/db1ab6f0-4769-4b27-930e-01e2ef9c123c/resourceGroups/HDInsightRG-2847/providers/Microsoft.HDInsight/clusters/hdisdk-gateway/azureasyncoperations/create?api-version=2021-06-01",
      "RequestMethod": "GET",
      "RequestHeaders": {
        "Authorization": "Sanitized",
        "traceparent": "00-52cf586067968e1ad4f4a07f84fbab89-0c5dd80823f3cd52-00",
        "User-Agent": "azsdk-net-ResourceManager/1.3.2 (.NET 6.0.11; Microsoft Windows 10.0.19045)",
        "x-ms-client-request-id": "46515391007743b89f0cf7b021f9f0a6",
        "x-ms-return-client-request-id": "true"
      },
      "RequestBody": null,
      "StatusCode": 200,
      "ResponseHeaders": {
        "Cache-Control": "no-cache",
        "Content-Length": "23",
        "Content-Type": "application/json; charset=utf-8",
        "Date": "Mon, 05 Dec 2022 20:39:37 GMT",
        "Expires": "-1",
        "Pragma": "no-cache",
        "Server": "Microsoft-HTTPAPI/2.0",
        "Strict-Transport-Security": "max-age=31536000; includeSubDomains",
        "X-Content-Type-Options": "nosniff",
        "x-ms-correlation-request-id": "54fa108b-bf50-4e01-9619-3a8f4e43c04f",
        "x-ms-hdi-served-by": "eastus",
        "x-ms-ratelimit-remaining-subscription-reads": "11852",
        "x-ms-request-id": "aaef8f70-8bcc-4c50-aee7-acded336c736",
        "x-ms-routing-request-id": "SOUTHEASTASIA:20221205T203938Z:54fa108b-bf50-4e01-9619-3a8f4e43c04f"
      },
      "ResponseBody": {
        "status": "InProgress"
      }
    },
    {
      "RequestUri": "https://management.azure.com/subscriptions/db1ab6f0-4769-4b27-930e-01e2ef9c123c/resourceGroups/HDInsightRG-2847/providers/Microsoft.HDInsight/clusters/hdisdk-gateway/azureasyncoperations/create?api-version=2021-06-01",
      "RequestMethod": "GET",
      "RequestHeaders": {
        "Authorization": "Sanitized",
        "traceparent": "00-52cf586067968e1ad4f4a07f84fbab89-00eabdd3cfa4222c-00",
        "User-Agent": "azsdk-net-ResourceManager/1.3.2 (.NET 6.0.11; Microsoft Windows 10.0.19045)",
        "x-ms-client-request-id": "a83ff73e09149d20def97443cf6dbffd",
        "x-ms-return-client-request-id": "true"
      },
      "RequestBody": null,
      "StatusCode": 200,
      "ResponseHeaders": {
        "Cache-Control": "no-cache",
        "Content-Length": "23",
        "Content-Type": "application/json; charset=utf-8",
        "Date": "Mon, 05 Dec 2022 20:40:10 GMT",
        "Expires": "-1",
        "Pragma": "no-cache",
        "Server": "Microsoft-HTTPAPI/2.0",
        "Strict-Transport-Security": "max-age=31536000; includeSubDomains",
        "X-Content-Type-Options": "nosniff",
        "x-ms-correlation-request-id": "8dbfa8ca-cf6e-4d4b-ad4d-69854c581f9c",
        "x-ms-hdi-served-by": "eastus",
        "x-ms-ratelimit-remaining-subscription-reads": "11861",
        "x-ms-request-id": "b33c5d3c-d250-4c44-a049-88c9339b6303",
        "x-ms-routing-request-id": "SOUTHEASTASIA:20221205T204011Z:8dbfa8ca-cf6e-4d4b-ad4d-69854c581f9c"
      },
      "ResponseBody": {
        "status": "InProgress"
      }
    },
    {
      "RequestUri": "https://management.azure.com/subscriptions/db1ab6f0-4769-4b27-930e-01e2ef9c123c/resourceGroups/HDInsightRG-2847/providers/Microsoft.HDInsight/clusters/hdisdk-gateway/azureasyncoperations/create?api-version=2021-06-01",
      "RequestMethod": "GET",
      "RequestHeaders": {
        "Authorization": "Sanitized",
        "traceparent": "00-52cf586067968e1ad4f4a07f84fbab89-c26becbd5e22b615-00",
        "User-Agent": "azsdk-net-ResourceManager/1.3.2 (.NET 6.0.11; Microsoft Windows 10.0.19045)",
        "x-ms-client-request-id": "a1b92e84bfed7add86da55bb10b38df8",
        "x-ms-return-client-request-id": "true"
      },
      "RequestBody": null,
      "StatusCode": 200,
      "ResponseHeaders": {
        "Cache-Control": "no-cache",
        "Content-Length": "23",
        "Content-Type": "application/json; charset=utf-8",
        "Date": "Mon, 05 Dec 2022 20:40:43 GMT",
        "Expires": "-1",
        "Pragma": "no-cache",
        "Server": "Microsoft-HTTPAPI/2.0",
        "Strict-Transport-Security": "max-age=31536000; includeSubDomains",
        "X-Content-Type-Options": "nosniff",
        "x-ms-correlation-request-id": "52f07d69-201a-4bed-9583-b300d0188ff6",
        "x-ms-hdi-served-by": "eastus",
        "x-ms-ratelimit-remaining-subscription-reads": "11860",
        "x-ms-request-id": "cd2082a5-fa69-44fb-841c-dd1a0003633b",
        "x-ms-routing-request-id": "SOUTHEASTASIA:20221205T204043Z:52f07d69-201a-4bed-9583-b300d0188ff6"
      },
      "ResponseBody": {
        "status": "InProgress"
      }
    },
    {
      "RequestUri": "https://management.azure.com/subscriptions/db1ab6f0-4769-4b27-930e-01e2ef9c123c/resourceGroups/HDInsightRG-2847/providers/Microsoft.HDInsight/clusters/hdisdk-gateway/azureasyncoperations/create?api-version=2021-06-01",
      "RequestMethod": "GET",
      "RequestHeaders": {
        "Authorization": "Sanitized",
        "traceparent": "00-52cf586067968e1ad4f4a07f84fbab89-edcf65d9681cfcf3-00",
        "User-Agent": "azsdk-net-ResourceManager/1.3.2 (.NET 6.0.11; Microsoft Windows 10.0.19045)",
        "x-ms-client-request-id": "5b5fe52779e987b132b4687e8b747332",
        "x-ms-return-client-request-id": "true"
      },
      "RequestBody": null,
      "StatusCode": 200,
      "ResponseHeaders": {
        "Cache-Control": "no-cache",
        "Content-Length": "23",
        "Content-Type": "application/json; charset=utf-8",
        "Date": "Mon, 05 Dec 2022 20:41:16 GMT",
        "Expires": "-1",
        "Pragma": "no-cache",
        "Server": "Microsoft-HTTPAPI/2.0",
        "Strict-Transport-Security": "max-age=31536000; includeSubDomains",
        "X-Content-Type-Options": "nosniff",
        "x-ms-correlation-request-id": "2e7bf5a3-5558-4b27-85ae-217797c8057c",
        "x-ms-hdi-served-by": "eastus",
        "x-ms-ratelimit-remaining-subscription-reads": "11859",
        "x-ms-request-id": "048d3e04-3ee6-45c7-b67a-d770363cf83f",
        "x-ms-routing-request-id": "SOUTHEASTASIA:20221205T204116Z:2e7bf5a3-5558-4b27-85ae-217797c8057c"
      },
      "ResponseBody": {
        "status": "InProgress"
      }
    },
    {
      "RequestUri": "https://management.azure.com/subscriptions/db1ab6f0-4769-4b27-930e-01e2ef9c123c/resourceGroups/HDInsightRG-2847/providers/Microsoft.HDInsight/clusters/hdisdk-gateway/azureasyncoperations/create?api-version=2021-06-01",
      "RequestMethod": "GET",
      "RequestHeaders": {
        "Authorization": "Sanitized",
        "traceparent": "00-52cf586067968e1ad4f4a07f84fbab89-5dc98a4bb453918f-00",
        "User-Agent": "azsdk-net-ResourceManager/1.3.2 (.NET 6.0.11; Microsoft Windows 10.0.19045)",
        "x-ms-client-request-id": "f22cfa4c4e407fb819c52139b3658c2a",
        "x-ms-return-client-request-id": "true"
      },
      "RequestBody": null,
      "StatusCode": 200,
      "ResponseHeaders": {
        "Cache-Control": "no-cache",
        "Content-Length": "23",
        "Content-Type": "application/json; charset=utf-8",
        "Date": "Mon, 05 Dec 2022 20:41:49 GMT",
        "Expires": "-1",
        "Pragma": "no-cache",
        "Server": "Microsoft-HTTPAPI/2.0",
        "Strict-Transport-Security": "max-age=31536000; includeSubDomains",
        "X-Content-Type-Options": "nosniff",
        "x-ms-correlation-request-id": "7ea1237a-3de5-45ab-90f9-78b8144fa6af",
        "x-ms-hdi-served-by": "eastus",
        "x-ms-ratelimit-remaining-subscription-reads": "11858",
        "x-ms-request-id": "a90f8c83-f7d9-4f0b-84a8-0a9de0dfd717",
        "x-ms-routing-request-id": "SOUTHEASTASIA:20221205T204149Z:7ea1237a-3de5-45ab-90f9-78b8144fa6af"
      },
      "ResponseBody": {
        "status": "InProgress"
      }
    },
    {
      "RequestUri": "https://management.azure.com/subscriptions/db1ab6f0-4769-4b27-930e-01e2ef9c123c/resourceGroups/HDInsightRG-2847/providers/Microsoft.HDInsight/clusters/hdisdk-gateway/azureasyncoperations/create?api-version=2021-06-01",
      "RequestMethod": "GET",
      "RequestHeaders": {
        "Authorization": "Sanitized",
        "traceparent": "00-52cf586067968e1ad4f4a07f84fbab89-88eaba686761e983-00",
        "User-Agent": "azsdk-net-ResourceManager/1.3.2 (.NET 6.0.11; Microsoft Windows 10.0.19045)",
        "x-ms-client-request-id": "ea1b7b6b630d0b137d316f38575fee11",
        "x-ms-return-client-request-id": "true"
      },
      "RequestBody": null,
      "StatusCode": 200,
      "ResponseHeaders": {
        "Cache-Control": "no-cache",
        "Content-Length": "23",
        "Content-Type": "application/json; charset=utf-8",
        "Date": "Mon, 05 Dec 2022 20:42:21 GMT",
        "Expires": "-1",
        "Pragma": "no-cache",
        "Server": "Microsoft-HTTPAPI/2.0",
        "Strict-Transport-Security": "max-age=31536000; includeSubDomains",
        "X-Content-Type-Options": "nosniff",
        "x-ms-correlation-request-id": "844d087e-49d2-44c2-adfc-e09e93c00654",
        "x-ms-hdi-served-by": "eastus",
        "x-ms-ratelimit-remaining-subscription-reads": "11857",
        "x-ms-request-id": "720308fd-bc7b-451f-83ee-52cd81714583",
        "x-ms-routing-request-id": "SOUTHEASTASIA:20221205T204222Z:844d087e-49d2-44c2-adfc-e09e93c00654"
      },
      "ResponseBody": {
        "status": "InProgress"
      }
    },
    {
      "RequestUri": "https://management.azure.com/subscriptions/db1ab6f0-4769-4b27-930e-01e2ef9c123c/resourceGroups/HDInsightRG-2847/providers/Microsoft.HDInsight/clusters/hdisdk-gateway/azureasyncoperations/create?api-version=2021-06-01",
      "RequestMethod": "GET",
      "RequestHeaders": {
        "Authorization": "Sanitized",
        "traceparent": "00-52cf586067968e1ad4f4a07f84fbab89-05e78ac121c1606e-00",
        "User-Agent": "azsdk-net-ResourceManager/1.3.2 (.NET 6.0.11; Microsoft Windows 10.0.19045)",
        "x-ms-client-request-id": "166e23669a87d9b72de042245777d4cd",
        "x-ms-return-client-request-id": "true"
      },
      "RequestBody": null,
      "StatusCode": 200,
      "ResponseHeaders": {
        "Cache-Control": "no-cache",
        "Content-Length": "23",
        "Content-Type": "application/json; charset=utf-8",
        "Date": "Mon, 05 Dec 2022 20:42:54 GMT",
        "Expires": "-1",
        "Pragma": "no-cache",
        "Server": "Microsoft-HTTPAPI/2.0",
        "Strict-Transport-Security": "max-age=31536000; includeSubDomains",
        "X-Content-Type-Options": "nosniff",
        "x-ms-correlation-request-id": "497ccba5-9fe4-422c-843e-05830f0b9f11",
        "x-ms-hdi-served-by": "eastus",
        "x-ms-ratelimit-remaining-subscription-reads": "11856",
        "x-ms-request-id": "f145301f-de05-43c9-b0aa-d36ca3be6256",
        "x-ms-routing-request-id": "SOUTHEASTASIA:20221205T204255Z:497ccba5-9fe4-422c-843e-05830f0b9f11"
      },
      "ResponseBody": {
        "status": "InProgress"
      }
    },
    {
      "RequestUri": "https://management.azure.com/subscriptions/db1ab6f0-4769-4b27-930e-01e2ef9c123c/resourceGroups/HDInsightRG-2847/providers/Microsoft.HDInsight/clusters/hdisdk-gateway/azureasyncoperations/create?api-version=2021-06-01",
      "RequestMethod": "GET",
      "RequestHeaders": {
        "Authorization": "Sanitized",
        "traceparent": "00-52cf586067968e1ad4f4a07f84fbab89-060fce11304d5c2f-00",
        "User-Agent": "azsdk-net-ResourceManager/1.3.2 (.NET 6.0.11; Microsoft Windows 10.0.19045)",
        "x-ms-client-request-id": "0f123d288959e924e621750edf7f28ba",
        "x-ms-return-client-request-id": "true"
      },
      "RequestBody": null,
      "StatusCode": 200,
      "ResponseHeaders": {
        "Cache-Control": "no-cache",
        "Content-Length": "23",
        "Content-Type": "application/json; charset=utf-8",
        "Date": "Mon, 05 Dec 2022 20:43:27 GMT",
        "Expires": "-1",
        "Pragma": "no-cache",
        "Server": "Microsoft-HTTPAPI/2.0",
        "Strict-Transport-Security": "max-age=31536000; includeSubDomains",
        "X-Content-Type-Options": "nosniff",
        "x-ms-correlation-request-id": "ca248ce6-5eba-44d3-aea5-d3e8d49096bc",
        "x-ms-hdi-served-by": "eastus",
        "x-ms-ratelimit-remaining-subscription-reads": "11855",
        "x-ms-request-id": "eb8cc255-8d3f-4ec7-a73e-cbfbc995921b",
        "x-ms-routing-request-id": "SOUTHEASTASIA:20221205T204328Z:ca248ce6-5eba-44d3-aea5-d3e8d49096bc"
      },
      "ResponseBody": {
        "status": "InProgress"
      }
    },
    {
      "RequestUri": "https://management.azure.com/subscriptions/db1ab6f0-4769-4b27-930e-01e2ef9c123c/resourceGroups/HDInsightRG-2847/providers/Microsoft.HDInsight/clusters/hdisdk-gateway/azureasyncoperations/create?api-version=2021-06-01",
      "RequestMethod": "GET",
      "RequestHeaders": {
        "Authorization": "Sanitized",
        "traceparent": "00-52cf586067968e1ad4f4a07f84fbab89-5c9633d53e6835d4-00",
        "User-Agent": "azsdk-net-ResourceManager/1.3.2 (.NET 6.0.11; Microsoft Windows 10.0.19045)",
        "x-ms-client-request-id": "8fd310d775f6d0a2c342bc2d21efb305",
        "x-ms-return-client-request-id": "true"
      },
      "RequestBody": null,
      "StatusCode": 200,
      "ResponseHeaders": {
        "Cache-Control": "no-cache",
        "Content-Length": "23",
        "Content-Type": "application/json; charset=utf-8",
        "Date": "Mon, 05 Dec 2022 20:44:00 GMT",
        "Expires": "-1",
        "Pragma": "no-cache",
        "Server": "Microsoft-HTTPAPI/2.0",
        "Strict-Transport-Security": "max-age=31536000; includeSubDomains",
        "X-Content-Type-Options": "nosniff",
        "x-ms-correlation-request-id": "5c8fc174-bacf-4534-8c64-792e3e0b7b1d",
        "x-ms-hdi-served-by": "eastus",
        "x-ms-ratelimit-remaining-subscription-reads": "11854",
        "x-ms-request-id": "9fe3029b-a628-4822-af48-1083a69245a2",
        "x-ms-routing-request-id": "SOUTHEASTASIA:20221205T204400Z:5c8fc174-bacf-4534-8c64-792e3e0b7b1d"
      },
      "ResponseBody": {
        "status": "InProgress"
      }
    },
    {
      "RequestUri": "https://management.azure.com/subscriptions/db1ab6f0-4769-4b27-930e-01e2ef9c123c/resourceGroups/HDInsightRG-2847/providers/Microsoft.HDInsight/clusters/hdisdk-gateway/azureasyncoperations/create?api-version=2021-06-01",
      "RequestMethod": "GET",
      "RequestHeaders": {
        "Authorization": "Sanitized",
        "traceparent": "00-52cf586067968e1ad4f4a07f84fbab89-e515771f304a70bd-00",
        "User-Agent": "azsdk-net-ResourceManager/1.3.2 (.NET 6.0.11; Microsoft Windows 10.0.19045)",
        "x-ms-client-request-id": "1910a15dde4cddb8ff852f6625a8f9ae",
        "x-ms-return-client-request-id": "true"
      },
      "RequestBody": null,
      "StatusCode": 200,
      "ResponseHeaders": {
        "Cache-Control": "no-cache",
        "Content-Length": "23",
        "Content-Type": "application/json; charset=utf-8",
        "Date": "Mon, 05 Dec 2022 20:44:33 GMT",
        "Expires": "-1",
        "Pragma": "no-cache",
        "Server": "Microsoft-HTTPAPI/2.0",
        "Strict-Transport-Security": "max-age=31536000; includeSubDomains",
        "X-Content-Type-Options": "nosniff",
        "x-ms-correlation-request-id": "cc8c7018-0235-4833-a330-666eef50e68a",
        "x-ms-hdi-served-by": "eastus",
        "x-ms-ratelimit-remaining-subscription-reads": "11853",
        "x-ms-request-id": "3f4d1a9d-bfd4-41b1-a8d3-a02ead0076b5",
        "x-ms-routing-request-id": "SOUTHEASTASIA:20221205T204434Z:cc8c7018-0235-4833-a330-666eef50e68a"
      },
      "ResponseBody": {
        "status": "InProgress"
      }
    },
    {
      "RequestUri": "https://management.azure.com/subscriptions/db1ab6f0-4769-4b27-930e-01e2ef9c123c/resourceGroups/HDInsightRG-2847/providers/Microsoft.HDInsight/clusters/hdisdk-gateway/azureasyncoperations/create?api-version=2021-06-01",
      "RequestMethod": "GET",
      "RequestHeaders": {
        "Authorization": "Sanitized",
        "traceparent": "00-52cf586067968e1ad4f4a07f84fbab89-75a94f817065e06e-00",
        "User-Agent": "azsdk-net-ResourceManager/1.3.2 (.NET 6.0.11; Microsoft Windows 10.0.19045)",
        "x-ms-client-request-id": "474d87b844a4b2d79a414b16ccf7c7f7",
        "x-ms-return-client-request-id": "true"
      },
      "RequestBody": null,
      "StatusCode": 200,
      "ResponseHeaders": {
        "Cache-Control": "no-cache",
        "Content-Length": "23",
        "Content-Type": "application/json; charset=utf-8",
        "Date": "Mon, 05 Dec 2022 20:45:07 GMT",
        "Expires": "-1",
        "Pragma": "no-cache",
        "Server": "Microsoft-HTTPAPI/2.0",
        "Strict-Transport-Security": "max-age=31536000; includeSubDomains",
        "X-Content-Type-Options": "nosniff",
        "x-ms-correlation-request-id": "5ab12f6b-2e40-46e0-a1f2-8b9cbb71c954",
        "x-ms-hdi-served-by": "eastus",
        "x-ms-ratelimit-remaining-subscription-reads": "11861",
        "x-ms-request-id": "32841337-74fe-4a1d-8428-56e04c8a5f7a",
        "x-ms-routing-request-id": "SOUTHEASTASIA:20221205T204507Z:5ab12f6b-2e40-46e0-a1f2-8b9cbb71c954"
      },
      "ResponseBody": {
        "status": "InProgress"
      }
    },
    {
      "RequestUri": "https://management.azure.com/subscriptions/db1ab6f0-4769-4b27-930e-01e2ef9c123c/resourceGroups/HDInsightRG-2847/providers/Microsoft.HDInsight/clusters/hdisdk-gateway/azureasyncoperations/create?api-version=2021-06-01",
      "RequestMethod": "GET",
      "RequestHeaders": {
        "Authorization": "Sanitized",
        "traceparent": "00-52cf586067968e1ad4f4a07f84fbab89-7df6757ec9ebabb2-00",
        "User-Agent": "azsdk-net-ResourceManager/1.3.2 (.NET 6.0.11; Microsoft Windows 10.0.19045)",
        "x-ms-client-request-id": "3eb16f6d0e6ef86d57f69070463cab1b",
        "x-ms-return-client-request-id": "true"
      },
      "RequestBody": null,
      "StatusCode": 200,
      "ResponseHeaders": {
        "Cache-Control": "no-cache",
        "Content-Length": "23",
        "Content-Type": "application/json; charset=utf-8",
        "Date": "Mon, 05 Dec 2022 20:45:40 GMT",
        "Expires": "-1",
        "Pragma": "no-cache",
        "Server": "Microsoft-HTTPAPI/2.0",
        "Strict-Transport-Security": "max-age=31536000; includeSubDomains",
        "X-Content-Type-Options": "nosniff",
        "x-ms-correlation-request-id": "74d7a502-0b03-45d5-ad03-663d83e25737",
        "x-ms-hdi-served-by": "eastus",
        "x-ms-ratelimit-remaining-subscription-reads": "11860",
        "x-ms-request-id": "e3eda809-1a0d-4811-8754-5d0bd6f275e0",
        "x-ms-routing-request-id": "SOUTHEASTASIA:20221205T204540Z:74d7a502-0b03-45d5-ad03-663d83e25737"
      },
      "ResponseBody": {
        "status": "InProgress"
      }
    },
    {
      "RequestUri": "https://management.azure.com/subscriptions/db1ab6f0-4769-4b27-930e-01e2ef9c123c/resourceGroups/HDInsightRG-2847/providers/Microsoft.HDInsight/clusters/hdisdk-gateway/azureasyncoperations/create?api-version=2021-06-01",
      "RequestMethod": "GET",
      "RequestHeaders": {
        "Authorization": "Sanitized",
        "traceparent": "00-52cf586067968e1ad4f4a07f84fbab89-06ffddc5d4e53c88-00",
        "User-Agent": "azsdk-net-ResourceManager/1.3.2 (.NET 6.0.11; Microsoft Windows 10.0.19045)",
        "x-ms-client-request-id": "99740e486ca21861ca5d7e0b92a21008",
        "x-ms-return-client-request-id": "true"
      },
      "RequestBody": null,
      "StatusCode": 200,
      "ResponseHeaders": {
        "Cache-Control": "no-cache",
        "Content-Length": "23",
        "Content-Type": "application/json; charset=utf-8",
        "Date": "Mon, 05 Dec 2022 20:46:12 GMT",
        "Expires": "-1",
        "Pragma": "no-cache",
        "Server": "Microsoft-HTTPAPI/2.0",
        "Strict-Transport-Security": "max-age=31536000; includeSubDomains",
        "X-Content-Type-Options": "nosniff",
        "x-ms-correlation-request-id": "b4aa05f2-e75d-406d-8671-bc3ac84fd485",
        "x-ms-hdi-served-by": "eastus",
        "x-ms-ratelimit-remaining-subscription-reads": "11859",
        "x-ms-request-id": "a2a48f72-e3d8-4a56-a03c-32e9130f6e96",
        "x-ms-routing-request-id": "SOUTHEASTASIA:20221205T204613Z:b4aa05f2-e75d-406d-8671-bc3ac84fd485"
      },
      "ResponseBody": {
        "status": "InProgress"
      }
    },
    {
      "RequestUri": "https://management.azure.com/subscriptions/db1ab6f0-4769-4b27-930e-01e2ef9c123c/resourceGroups/HDInsightRG-2847/providers/Microsoft.HDInsight/clusters/hdisdk-gateway/azureasyncoperations/create?api-version=2021-06-01",
      "RequestMethod": "GET",
      "RequestHeaders": {
        "Authorization": "Sanitized",
        "traceparent": "00-52cf586067968e1ad4f4a07f84fbab89-a3213328aae08611-00",
        "User-Agent": "azsdk-net-ResourceManager/1.3.2 (.NET 6.0.11; Microsoft Windows 10.0.19045)",
        "x-ms-client-request-id": "b6f838bebbf7a93f1a54efaeb4666c5e",
        "x-ms-return-client-request-id": "true"
      },
      "RequestBody": null,
      "StatusCode": 200,
      "ResponseHeaders": {
        "Cache-Control": "no-cache",
        "Content-Length": "23",
        "Content-Type": "application/json; charset=utf-8",
        "Date": "Mon, 05 Dec 2022 20:46:45 GMT",
        "Expires": "-1",
        "Pragma": "no-cache",
        "Server": "Microsoft-HTTPAPI/2.0",
        "Strict-Transport-Security": "max-age=31536000; includeSubDomains",
        "X-Content-Type-Options": "nosniff",
        "x-ms-correlation-request-id": "56b6cfdf-7362-485f-80e4-6690a843bdcf",
        "x-ms-hdi-served-by": "eastus",
        "x-ms-ratelimit-remaining-subscription-reads": "11858",
        "x-ms-request-id": "d21569c4-a151-4660-8e71-9cff7cf6cbc1",
        "x-ms-routing-request-id": "SOUTHEASTASIA:20221205T204646Z:56b6cfdf-7362-485f-80e4-6690a843bdcf"
      },
      "ResponseBody": {
        "status": "InProgress"
      }
    },
    {
      "RequestUri": "https://management.azure.com/subscriptions/db1ab6f0-4769-4b27-930e-01e2ef9c123c/resourceGroups/HDInsightRG-2847/providers/Microsoft.HDInsight/clusters/hdisdk-gateway/azureasyncoperations/create?api-version=2021-06-01",
      "RequestMethod": "GET",
      "RequestHeaders": {
        "Authorization": "Sanitized",
        "traceparent": "00-52cf586067968e1ad4f4a07f84fbab89-aa7bca3159438b57-00",
        "User-Agent": "azsdk-net-ResourceManager/1.3.2 (.NET 6.0.11; Microsoft Windows 10.0.19045)",
        "x-ms-client-request-id": "bdcd30962d8200540d997311906265b5",
        "x-ms-return-client-request-id": "true"
      },
      "RequestBody": null,
      "StatusCode": 200,
      "ResponseHeaders": {
        "Cache-Control": "no-cache",
        "Content-Length": "22",
        "Content-Type": "application/json; charset=utf-8",
        "Date": "Mon, 05 Dec 2022 20:47:19 GMT",
        "Expires": "-1",
        "Pragma": "no-cache",
        "Server": "Microsoft-HTTPAPI/2.0",
        "Strict-Transport-Security": "max-age=31536000; includeSubDomains",
        "X-Content-Type-Options": "nosniff",
        "x-ms-correlation-request-id": "7a08420e-e54d-48dc-85bf-019f45c873b3",
        "x-ms-hdi-served-by": "eastus",
        "x-ms-ratelimit-remaining-subscription-reads": "11857",
        "x-ms-request-id": "c3bc7050-18e2-45f4-a3b1-3e3a48443130",
        "x-ms-routing-request-id": "SOUTHEASTASIA:20221205T204719Z:7a08420e-e54d-48dc-85bf-019f45c873b3"
      },
      "ResponseBody": {
        "status": "Succeeded"
      }
    },
    {
      "RequestUri": "https://management.azure.com/subscriptions/db1ab6f0-4769-4b27-930e-01e2ef9c123c/resourceGroups/HDInsightRG-2847/providers/Microsoft.HDInsight/clusters/hdisdk-gateway?api-version=2021-06-01",
      "RequestMethod": "GET",
      "RequestHeaders": {
        "Authorization": "Sanitized",
        "traceparent": "00-52cf586067968e1ad4f4a07f84fbab89-53d8edc0e2207056-00",
        "User-Agent": "azsdk-net-ResourceManager/1.3.2 (.NET 6.0.11; Microsoft Windows 10.0.19045)",
        "x-ms-client-request-id": "0db287e5f5438d23cfcb7f4d7cb36363",
        "x-ms-return-client-request-id": "true"
      },
      "RequestBody": null,
      "StatusCode": 200,
      "ResponseHeaders": {
        "Cache-Control": "no-cache",
        "Content-Length": "2025",
        "Content-Type": "application/json; charset=utf-8",
        "Date": "Mon, 05 Dec 2022 20:47:19 GMT",
        "Expires": "-1",
        "Pragma": "no-cache",
        "Server": "Microsoft-HTTPAPI/2.0",
        "Strict-Transport-Security": "max-age=31536000; includeSubDomains",
        "X-Content-Type-Options": "nosniff",
        "x-ms-correlation-request-id": "b5653a41-2e2a-4025-814c-098db9bf34a2",
        "x-ms-hdi-served-by": "eastus",
        "x-ms-ratelimit-remaining-subscription-reads": "11856",
        "x-ms-request-id": "e3629693-afc1-450d-8c81-7392de4a206e",
        "x-ms-routing-request-id": "SOUTHEASTASIA:20221205T204720Z:b5653a41-2e2a-4025-814c-098db9bf34a2"
      },
      "ResponseBody": {
        "id": "/subscriptions/db1ab6f0-4769-4b27-930e-01e2ef9c123c/resourceGroups/HDInsightRG-2847/providers/Microsoft.HDInsight/clusters/hdisdk-gateway",
        "name": "hdisdk-gateway",
        "type": "Microsoft.HDInsight/clusters",
        "location": "East US",
        "etag": "94e4cef9-1995-4e5e-9fde-2927cf7db6a5",
        "tags": {
          "key0": "value0"
        },
        "properties": {
          "clusterVersion": "4.0.3000.1",
          "clusterHdpVersion": "4.1.10.4",
          "osType": "Linux",
          "clusterDefinition": {
            "blueprint": "https://blueprints.azurehdinsight.net/hadoop-4.0.3000.1.2208310943.json",
            "kind": "Hadoop",
            "componentVersion": {
              "Hadoop": "3.1"
            }
          },
          "clusterId": "75851d53d51347b4ab7f7724569de8da",
          "computeProfile": {
            "roles": [
              {
                "name": "headnode",
                "targetInstanceCount": 2,
                "hardwareProfile": {
                  "vmSize": "standard_a4_v2"
                },
                "osProfile": {
                  "linuxOperatingSystemProfile": {
                    "username": "sshuser5951"
                  }
                },
                "encryptDataDisks": false
              },
              {
                "name": "workernode",
                "targetInstanceCount": 3,
                "hardwareProfile": {
                  "vmSize": "standard_a4_v2"
                },
                "osProfile": {
                  "linuxOperatingSystemProfile": {
                    "username": "sshuser5951"
                  }
                },
                "encryptDataDisks": false
              },
              {
                "name": "zookeepernode",
                "targetInstanceCount": 3,
                "hardwareProfile": {
                  "vmSize": "standard_a1_v2"
                },
                "osProfile": {
                  "linuxOperatingSystemProfile": {
                    "username": "sshuser5951"
                  }
                },
                "encryptDataDisks": false
              }
            ]
          },
          "provisioningState": "Succeeded",
          "clusterState": "Running",
          "createdDate": "2022-12-05T20:18:38.69",
          "quotaInfo": {
            "coresUsed": 20
          },
          "connectivityEndpoints": [
            {
              "name": "SSH",
              "protocol": "TCP",
              "location": "hdisdk-gateway-ssh.azurehdinsight.net",
              "port": 22
            },
            {
              "name": "HTTPS",
              "protocol": "TCP",
              "location": "hdisdk-gateway.azurehdinsight.net",
              "port": 443
            }
          ],
          "tier": "standard",
          "encryptionInTransitProperties": {
            "isEncryptionInTransitEnabled": true
          },
          "storageProfile": {
            "storageaccounts": [
              {
                "name": "azstorageforcluster2653.blob.core.windows.net",
                "resourceId": null,
                "msiResourceId": null,
                "key": null,
                "fileSystem": null,
                "container": "container4252",
                "saskey": null,
                "isDefault": true,
                "fileshare": null
              }
            ]
          },
          "excludedServicesConfig": {
            "excludedServicesConfigId": "default",
            "excludedServicesList": ""
          },
          "computeIsolationProperties": {
            "enableComputeIsolation": false,
            "hostSku": null
          }
        }
      }
    },
    {
      "RequestUri": "https://management.azure.com/subscriptions/db1ab6f0-4769-4b27-930e-01e2ef9c123c/resourceGroups/HDInsightRG-2847/providers/Microsoft.HDInsight/clusters/hdisdk-gateway/getGatewaySettings?api-version=2021-06-01",
      "RequestMethod": "POST",
      "RequestHeaders": {
        "Accept": "application/json",
        "Authorization": "Sanitized",
        "Content-Length": "0",
        "traceparent": "00-af3daf3ccac9656ecf1e63be51cc1942-21d9ea705dd44eb9-00",
        "User-Agent": "azsdk-net-ResourceManager.HDInsight/1.1.0-alpha.20221202.1 (.NET 6.0.11; Microsoft Windows 10.0.19045)",
        "x-ms-client-request-id": "617420f152d49086e3f8a85d472e19b8",
        "x-ms-return-client-request-id": "true"
      },
      "RequestBody": null,
      "StatusCode": 200,
      "ResponseHeaders": {
        "Cache-Control": "no-cache",
        "Content-Length": "128",
        "Content-Type": "application/json; charset=utf-8",
        "Date": "Mon, 05 Dec 2022 20:47:20 GMT",
        "Expires": "-1",
        "Pragma": "no-cache",
        "Server": "Microsoft-HTTPAPI/2.0",
        "Strict-Transport-Security": "max-age=31536000; includeSubDomains",
        "X-Content-Type-Options": "nosniff",
        "x-ms-correlation-request-id": "67e3ef7c-b306-4c20-b921-51ecf2f851e5",
        "x-ms-hdi-served-by": "eastus",
        "x-ms-ratelimit-remaining-subscription-writes": "1199",
        "x-ms-request-id": "3a545444-ad42-454b-9c93-163bf4157b9b",
        "x-ms-routing-request-id": "SOUTHEASTASIA:20221205T204721Z:67e3ef7c-b306-4c20-b921-51ecf2f851e5"
      },
      "ResponseBody": {
        "restAuthCredential.isEnabled": "true",
        "restAuthCredential.username": "admin4468",
        "restAuthCredential.password": "Password1!9688"
      }
    }
  ],
  "Variables": {
    "AZURE_AUTHORITY_HOST": "https://login.microsoftonline.com",
    "RandomSeed": "1363214883",
    "RESOURCE_MANAGER_URL": null,
    "SUBSCRIPTION_ID": "db1ab6f0-4769-4b27-930e-01e2ef9c123c"
  }
}
