{
  "Entries": [
    {
      "RequestUri": "https://management.azure.com/subscriptions/db1ab6f0-4769-4b27-930e-01e2ef9c123c?api-version=2021-01-01",
      "RequestMethod": "GET",
      "RequestHeaders": {
        "Accept": "application/json",
        "Authorization": "Sanitized",
        "traceparent": "00-6b87d80a41ab0342bc47473a4c2fc7a7-eb6602fc7be6014c-00",
        "User-Agent": "azsdk-net-ResourceManager/1.3.0 (.NET Core 3.1.28; Microsoft Windows 10.0.22000)",
        "x-ms-client-request-id": "c39126da17d3befda88b0fde8abb31a7",
        "x-ms-return-client-request-id": "true"
      },
      "RequestBody": null,
      "StatusCode": 200,
      "ResponseHeaders": {
        "Cache-Control": "no-cache",
        "Content-Length": "747",
        "Content-Type": "application/json; charset=utf-8",
        "Date": "Wed, 07 Sep 2022 03:04:04 GMT",
        "Expires": "-1",
        "Pragma": "no-cache",
        "Strict-Transport-Security": "max-age=31536000; includeSubDomains",
        "X-Content-Type-Options": "nosniff",
        "x-ms-correlation-request-id": "85177e44-d802-44b3-ae79-6a9a0e7e703b",
        "x-ms-ratelimit-remaining-subscription-reads": "11999",
        "x-ms-request-id": "85177e44-d802-44b3-ae79-6a9a0e7e703b",
        "x-ms-routing-request-id": "SOUTHEASTASIA:20220907T030404Z:85177e44-d802-44b3-ae79-6a9a0e7e703b"
      },
      "ResponseBody": {
        "id": "/subscriptions/db1ab6f0-4769-4b27-930e-01e2ef9c123c",
        "authorizationSource": "RoleBased",
        "managedByTenants": [],
        "tags": {
          "TagKey-9823": "TagValue-566",
          "TagKey-3481": "TagValue-320",
          "TagKey-4926": "TagValue-1187",
          "TagKey-751": "TagValue-3921",
          "TagKey-1866": "TagValue-8559",
          "TagKey-3094": "TagValue-9190",
          "TagKey-2449": "TagValue-9",
          "TagKey-8379": "TagValue-164",
          "TagKey-7470": "TagValue-2205",
          "TagKey-4236": "TagValue-3698",
          "TagKey-5316": "TagValue-2725"
        },
        "subscriptionId": "db1ab6f0-4769-4b27-930e-01e2ef9c123c",
        "tenantId": "72f988bf-86f1-41af-91ab-2d7cd011db47",
        "displayName": ".NET Mgmt SDK Test with TTL = 1 Day",
        "state": "Enabled",
        "subscriptionPolicies": {
          "locationPlacementId": "Internal_2014-09-01",
          "quotaId": "Internal_2014-09-01",
          "spendingLimit": "Off"
        }
      }
    },
    {
      "RequestUri": "https://management.azure.com/subscriptions/db1ab6f0-4769-4b27-930e-01e2ef9c123c/resourcegroups/HDInsightRG-2155?api-version=2021-04-01",
      "RequestMethod": "PUT",
      "RequestHeaders": {
        "Accept": "application/json",
        "Authorization": "Sanitized",
        "Content-Length": "21",
        "Content-Type": "application/json",
        "traceparent": "00-9255c1ed00fd614bbe745b50dafaf0b8-33d700c50c073f4b-00",
        "User-Agent": "azsdk-net-ResourceManager/1.3.0 (.NET Core 3.1.28; Microsoft Windows 10.0.22000)",
        "x-ms-client-request-id": "fa93982a77100e3e8d2cc2c280363c1f",
        "x-ms-return-client-request-id": "true"
      },
      "RequestBody": {
        "location": "eastus"
      },
      "StatusCode": 201,
      "ResponseHeaders": {
        "Cache-Control": "no-cache",
        "Content-Length": "229",
        "Content-Type": "application/json; charset=utf-8",
        "Date": "Wed, 07 Sep 2022 03:04:06 GMT",
        "Expires": "-1",
        "Pragma": "no-cache",
        "Strict-Transport-Security": "max-age=31536000; includeSubDomains",
        "X-Content-Type-Options": "nosniff",
        "x-ms-correlation-request-id": "373abc28-1d28-48aa-8c9d-3201219b105e",
        "x-ms-ratelimit-remaining-subscription-writes": "1199",
        "x-ms-request-id": "373abc28-1d28-48aa-8c9d-3201219b105e",
        "x-ms-routing-request-id": "SOUTHEASTASIA:20220907T030406Z:373abc28-1d28-48aa-8c9d-3201219b105e"
      },
      "ResponseBody": {
        "id": "/subscriptions/db1ab6f0-4769-4b27-930e-01e2ef9c123c/resourceGroups/HDInsightRG-2155",
        "name": "HDInsightRG-2155",
        "type": "Microsoft.Resources/resourceGroups",
        "location": "eastus",
        "properties": {
          "provisioningState": "Succeeded"
        }
      }
    },
    {
      "RequestUri": "https://management.azure.com/subscriptions/db1ab6f0-4769-4b27-930e-01e2ef9c123c/resourceGroups/HDInsightRG-2155/providers/Microsoft.Storage/storageAccounts/azstorageforcluster2222?api-version=2022-05-01",
      "RequestMethod": "PUT",
      "RequestHeaders": {
        "Accept": "application/json",
        "Authorization": "Sanitized",
        "Content-Length": "84",
        "Content-Type": "application/json",
        "traceparent": "00-1511cc3cf2fbd64eb6525d1ed6be891d-0b10e5fecb8b684a-00",
        "User-Agent": "azsdk-net-ResourceManager.Storage/1.0.0-alpha.20220819.1 (.NET Core 3.1.28; Microsoft Windows 10.0.22000)",
        "x-ms-client-request-id": "b400bcbaa8a5edd859162b4903380632",
        "x-ms-return-client-request-id": "true"
      },
      "RequestBody": {
        "sku": {
          "name": "Standard_GRS"
        },
        "kind": "Storage",
        "location": "eastus",
        "properties": {}
      },
      "StatusCode": 202,
      "ResponseHeaders": {
        "Cache-Control": "no-cache",
        "Content-Length": "0",
        "Content-Type": "text/plain; charset=utf-8",
        "Date": "Wed, 07 Sep 2022 03:04:14 GMT",
        "Expires": "-1",
        "Location": "https://management.azure.com/subscriptions/db1ab6f0-4769-4b27-930e-01e2ef9c123c/providers/Microsoft.Storage/locations/eastus/asyncoperations/b2da5737-c1e8-4734-9efd-7fecd91d72b9?monitor=true\u0026api-version=2022-05-01",
        "Pragma": "no-cache",
        "Retry-After": "17",
        "Server": "Microsoft-Azure-Storage-Resource-Provider/1.0,Microsoft-HTTPAPI/2.0 Microsoft-HTTPAPI/2.0",
        "Strict-Transport-Security": "max-age=31536000; includeSubDomains",
        "X-Content-Type-Options": "nosniff",
        "x-ms-client-request-id": "b400bcbaa8a5edd859162b4903380632",
        "x-ms-correlation-request-id": "f4d2211e-d91f-4396-bd17-293c8f282aa6",
        "x-ms-ratelimit-remaining-subscription-writes": "1198",
        "x-ms-request-id": "b2da5737-c1e8-4734-9efd-7fecd91d72b9",
        "x-ms-routing-request-id": "SOUTHEASTASIA:20220907T030414Z:f4d2211e-d91f-4396-bd17-293c8f282aa6"
      },
      "ResponseBody": null
    },
    {
      "RequestUri": "https://management.azure.com/subscriptions/db1ab6f0-4769-4b27-930e-01e2ef9c123c/providers/Microsoft.Storage/locations/eastus/asyncoperations/b2da5737-c1e8-4734-9efd-7fecd91d72b9?monitor=true\u0026api-version=2022-05-01",
      "RequestMethod": "GET",
      "RequestHeaders": {
        "Authorization": "Sanitized",
        "traceparent": "00-1511cc3cf2fbd64eb6525d1ed6be891d-1926406cc9c8d249-00",
        "User-Agent": "azsdk-net-ResourceManager/1.3.0 (.NET Core 3.1.28; Microsoft Windows 10.0.22000)",
        "x-ms-client-request-id": "7501aebfcda7f084bb0db66013c489f4",
        "x-ms-return-client-request-id": "true"
      },
      "RequestBody": null,
      "StatusCode": 202,
      "ResponseHeaders": {
        "Cache-Control": "no-cache",
        "Content-Length": "0",
        "Content-Type": "text/plain; charset=utf-8",
        "Date": "Wed, 07 Sep 2022 03:04:14 GMT",
        "Expires": "-1",
        "Location": "https://management.azure.com/subscriptions/db1ab6f0-4769-4b27-930e-01e2ef9c123c/providers/Microsoft.Storage/locations/eastus/asyncoperations/b2da5737-c1e8-4734-9efd-7fecd91d72b9?monitor=true\u0026api-version=2022-05-01",
        "Pragma": "no-cache",
        "Retry-After": "17",
        "Server": "Microsoft-Azure-Storage-Resource-Provider/1.0,Microsoft-HTTPAPI/2.0 Microsoft-HTTPAPI/2.0",
        "Strict-Transport-Security": "max-age=31536000; includeSubDomains",
        "X-Content-Type-Options": "nosniff",
        "x-ms-client-request-id": "7501aebfcda7f084bb0db66013c489f4",
        "x-ms-correlation-request-id": "20d51c87-ae3e-4c33-93ba-06f3dda792ce",
        "x-ms-ratelimit-remaining-subscription-reads": "11998",
        "x-ms-request-id": "2f122b04-32ad-42a6-ade6-c2ba444b034b",
        "x-ms-routing-request-id": "SOUTHEASTASIA:20220907T030415Z:20d51c87-ae3e-4c33-93ba-06f3dda792ce"
      },
      "ResponseBody": null
    },
    {
      "RequestUri": "https://management.azure.com/subscriptions/db1ab6f0-4769-4b27-930e-01e2ef9c123c/providers/Microsoft.Storage/locations/eastus/asyncoperations/b2da5737-c1e8-4734-9efd-7fecd91d72b9?monitor=true\u0026api-version=2022-05-01",
      "RequestMethod": "GET",
      "RequestHeaders": {
        "Authorization": "Sanitized",
        "traceparent": "00-1511cc3cf2fbd64eb6525d1ed6be891d-b60effe964a0ee4f-00",
        "User-Agent": "azsdk-net-ResourceManager/1.3.0 (.NET Core 3.1.28; Microsoft Windows 10.0.22000)",
        "x-ms-client-request-id": "fec890bc50f3f0990caeff5fbd9df231",
        "x-ms-return-client-request-id": "true"
      },
      "RequestBody": null,
      "StatusCode": 200,
      "ResponseHeaders": {
        "Cache-Control": "no-cache",
        "Content-Length": "1390",
        "Content-Type": "application/json",
        "Date": "Wed, 07 Sep 2022 03:04:31 GMT",
        "Expires": "-1",
        "Pragma": "no-cache",
        "Server": "Microsoft-Azure-Storage-Resource-Provider/1.0,Microsoft-HTTPAPI/2.0 Microsoft-HTTPAPI/2.0",
        "Strict-Transport-Security": "max-age=31536000; includeSubDomains",
        "X-Content-Type-Options": "nosniff",
        "x-ms-client-request-id": "fec890bc50f3f0990caeff5fbd9df231",
        "x-ms-correlation-request-id": "4fe5899b-ae82-4ffe-bd56-120eec4f6e58",
        "x-ms-ratelimit-remaining-subscription-reads": "11997",
        "x-ms-request-id": "47dd049c-407e-4647-a131-5808f1498819",
        "x-ms-routing-request-id": "SOUTHEASTASIA:20220907T030432Z:4fe5899b-ae82-4ffe-bd56-120eec4f6e58"
      },
      "ResponseBody": {
        "sku": {
          "name": "Standard_GRS",
          "tier": "Standard"
        },
        "kind": "Storage",
        "id": "/subscriptions/db1ab6f0-4769-4b27-930e-01e2ef9c123c/resourceGroups/HDInsightRG-2155/providers/Microsoft.Storage/storageAccounts/azstorageforcluster2222",
        "name": "azstorageforcluster2222",
        "type": "Microsoft.Storage/storageAccounts",
        "location": "eastus",
        "tags": {},
        "properties": {
          "keyCreationTime": {
            "key1": "2022-09-07T03:04:12.4564871Z",
            "key2": "2022-09-07T03:04:12.4564871Z"
          },
          "privateEndpointConnections": [],
          "minimumTlsVersion": "TLS1_0",
          "allowBlobPublicAccess": true,
          "networkAcls": {
            "bypass": "AzureServices",
            "virtualNetworkRules": [],
            "ipRules": [],
            "defaultAction": "Allow"
          },
          "supportsHttpsTrafficOnly": true,
          "encryption": {
            "services": {
              "file": {
                "keyType": "Account",
                "enabled": true,
                "lastEnabledTime": "2022-09-07T03:04:12.4721428Z"
              },
              "blob": {
                "keyType": "Account",
                "enabled": true,
                "lastEnabledTime": "2022-09-07T03:04:12.4721428Z"
              }
            },
            "keySource": "Microsoft.Storage"
          },
          "provisioningState": "Succeeded",
          "creationTime": "2022-09-07T03:04:12.3315121Z",
          "primaryEndpoints": {
            "blob": "https://azstorageforcluster2222.blob.core.windows.net/",
            "queue": "https://azstorageforcluster2222.queue.core.windows.net/",
            "table": "https://azstorageforcluster2222.table.core.windows.net/",
            "file": "https://azstorageforcluster2222.file.core.windows.net/"
          },
          "primaryLocation": "eastus",
          "statusOfPrimary": "available",
          "secondaryLocation": "westus",
          "statusOfSecondary": "available"
        }
      }
    },
    {
      "RequestUri": "https://management.azure.com/subscriptions/db1ab6f0-4769-4b27-930e-01e2ef9c123c/resourceGroups/HDInsightRG-2155/providers/Microsoft.Storage/storageAccounts/azstorageforcluster2222/listKeys?api-version=2022-05-01",
      "RequestMethod": "POST",
      "RequestHeaders": {
        "Accept": "application/json",
        "Authorization": "Sanitized",
        "Content-Length": "0",
        "traceparent": "00-2346a7f5d069934589e968f35bf9da11-2758706d6f0dbf48-00",
        "User-Agent": "azsdk-net-ResourceManager.Storage/1.0.0-alpha.20220819.1 (.NET Core 3.1.28; Microsoft Windows 10.0.22000)",
        "x-ms-client-request-id": "37558a588b90b3ea581335124f3ff0bc",
        "x-ms-return-client-request-id": "true"
      },
      "RequestBody": null,
      "StatusCode": 200,
      "ResponseHeaders": {
        "Cache-Control": "no-cache",
        "Content-Length": "380",
        "Content-Type": "application/json",
        "Date": "Wed, 07 Sep 2022 03:04:32 GMT",
        "Expires": "-1",
        "Pragma": "no-cache",
        "Server": "Microsoft-Azure-Storage-Resource-Provider/1.0,Microsoft-HTTPAPI/2.0 Microsoft-HTTPAPI/2.0",
        "Strict-Transport-Security": "max-age=31536000; includeSubDomains",
        "X-Content-Type-Options": "nosniff",
        "x-ms-client-request-id": "37558a588b90b3ea581335124f3ff0bc",
        "x-ms-correlation-request-id": "bcc4c087-f4e2-4fa6-9692-f362b5973e8d",
        "x-ms-ratelimit-remaining-subscription-resource-requests": "11999",
        "x-ms-request-id": "8e9c0db3-9927-492d-b106-99d4d6c2acdb",
        "x-ms-routing-request-id": "SOUTHEASTASIA:20220907T030433Z:bcc4c087-f4e2-4fa6-9692-f362b5973e8d"
      },
      "ResponseBody": {
        "keys": [
          {
            "creationTime": "2022-09-07T03:04:12.4564871Z",
            "keyName": "key1",
            "value": "Ez6609Vq4EzYvbqkFeVm9Pc30W8H3ubZx9AAa\u002BNSV21/FcXMQkJLcPsgOZsOT/RrRmQTNDp\u002BvseD\u002BAStAQBwdw==",
            "permissions": "FULL"
          },
          {
            "creationTime": "2022-09-07T03:04:12.4564871Z",
            "keyName": "key2",
            "value": "2osHstKvRAC1fcVPRk0\u002B3w0ueZOYz3WCsph8WtsdYRnmm7JtxshdZep2sWbwYO6Dk8k4AkAydErf\u002BASte7PRsg==",
            "permissions": "FULL"
          }
        ]
      }
    },
    {
      "RequestUri": "https://management.azure.com/subscriptions/db1ab6f0-4769-4b27-930e-01e2ef9c123c/resourceGroups/HDInsightRG-2155/providers/Microsoft.Storage/storageAccounts/azstorageforcluster2222/blobServices/default/containers/container3950?api-version=2022-05-01",
      "RequestMethod": "PUT",
      "RequestHeaders": {
        "Accept": "application/json",
        "Authorization": "Sanitized",
        "Content-Length": "17",
        "Content-Type": "application/json",
        "traceparent": "00-b42a9f50b6e5f945948112df308bee0a-54af138f1423d34d-00",
        "User-Agent": "azsdk-net-ResourceManager.Storage/1.0.0-alpha.20220819.1 (.NET Core 3.1.28; Microsoft Windows 10.0.22000)",
        "x-ms-client-request-id": "5f6b7ef7de55146e1069f8ce24331d1b",
        "x-ms-return-client-request-id": "true"
      },
      "RequestBody": {
        "properties": {}
      },
      "StatusCode": 201,
      "ResponseHeaders": {
        "Cache-Control": "no-cache",
        "Content-Length": "405",
        "Content-Type": "application/json",
        "Date": "Wed, 07 Sep 2022 03:04:33 GMT",
        "ETag": "\u00220x8DA907DB12F549E\u0022",
        "Expires": "-1",
        "Pragma": "no-cache",
        "Server": "Microsoft-Azure-Storage-Resource-Provider/1.0,Microsoft-HTTPAPI/2.0 Microsoft-HTTPAPI/2.0",
        "Strict-Transport-Security": "max-age=31536000; includeSubDomains",
        "X-Content-Type-Options": "nosniff",
        "x-ms-client-request-id": "5f6b7ef7de55146e1069f8ce24331d1b",
        "x-ms-correlation-request-id": "3e22b87b-a825-4e76-8e36-94e3e653d66b",
        "x-ms-ratelimit-remaining-subscription-writes": "1197",
        "x-ms-request-id": "86e2019e-f70e-4a3c-af46-14fef83bf1b4",
        "x-ms-routing-request-id": "SOUTHEASTASIA:20220907T030434Z:3e22b87b-a825-4e76-8e36-94e3e653d66b"
      },
      "ResponseBody": {
        "id": "/subscriptions/db1ab6f0-4769-4b27-930e-01e2ef9c123c/resourceGroups/HDInsightRG-2155/providers/Microsoft.Storage/storageAccounts/azstorageforcluster2222/blobServices/default/containers/container3950",
        "name": "container3950",
        "type": "Microsoft.Storage/storageAccounts/blobServices/containers",
        "properties": {
          "deleted": false,
          "remainingRetentionDays": 0,
          "hasImmutabilityPolicy": false,
          "hasLegalHold": false
        }
      }
    },
    {
      "RequestUri": "https://management.azure.com/subscriptions/db1ab6f0-4769-4b27-930e-01e2ef9c123c/resourceGroups/HDInsightRG-2155/providers/Microsoft.HDInsight/clusters/hdisdk-encryption-intransit?api-version=2021-06-01",
      "RequestMethod": "PUT",
      "RequestHeaders": {
        "Accept": "application/json",
        "Authorization": "Sanitized",
        "Content-Length": "1210",
        "Content-Type": "application/json",
        "traceparent": "00-0692b877ed06f5489cba8abbcb740821-afd7f02651f2f94b-00",
        "User-Agent": "azsdk-net-ResourceManager.HDInsight/1.0.0-alpha.20220907.1 (.NET Core 3.1.28; Microsoft Windows 10.0.22000)",
        "x-ms-client-request-id": "3aba9d85bd33042bde4b9b3d64ddbc6e",
        "x-ms-return-client-request-id": "true"
      },
      "RequestBody": {
        "location": "eastus",
        "tags": {
          "key0": "value0"
        },
        "properties": {
          "clusterVersion": "3.6",
          "osType": "Linux",
          "tier": "Standard",
          "clusterDefinition": {
            "kind": "Spark",
            "configurations": {
              "gateway": {
                "restAuthCredential.isEnabled": "true",
                "restAuthCredential.username": "admin4468",
                "restAuthCredential.password": "Password1!9688"
              }
            }
          },
          "computeProfile": {
            "roles": [
              {
                "name": "headnode",
                "targetInstanceCount": 2,
                "hardwareProfile": {
                  "vmSize": "Large"
                },
                "osProfile": {
                  "linuxOperatingSystemProfile": {
                    "username": "sshuser5951",
                    "password": "Password!5951"
                  }
                }
              },
              {
                "name": "workernode",
                "targetInstanceCount": 3,
                "hardwareProfile": {
                  "vmSize": "Large"
                },
                "osProfile": {
                  "linuxOperatingSystemProfile": {
                    "username": "sshuser5951",
                    "password": "Password!5951"
                  }
                }
              },
              {
                "name": "zookeepernode",
                "targetInstanceCount": 3,
                "hardwareProfile": {
                  "vmSize": "Small"
                },
                "osProfile": {
                  "linuxOperatingSystemProfile": {
                    "username": "sshuser5951",
                    "password": "Password!5951"
                  }
                }
              }
            ]
          },
          "storageProfile": {
            "storageaccounts": [
              {
                "name": "azstorageforcluster2222.blob.core.windows.net",
                "isDefault": true,
                "container": "container3950",
                "key": "Ez6609Vq4EzYvbqkFeVm9Pc30W8H3ubZx9AAa\u002BNSV21/FcXMQkJLcPsgOZsOT/RrRmQTNDp\u002BvseD\u002BAStAQBwdw=="
              }
            ]
          },
          "encryptionInTransitProperties": {
            "isEncryptionInTransitEnabled": true
          }
        }
      },
      "StatusCode": 200,
      "ResponseHeaders": {
        "Azure-AsyncOperation": "https://management.azure.com:443/subscriptions/db1ab6f0-4769-4b27-930e-01e2ef9c123c/resourceGroups/HDInsightRG-2155/providers/Microsoft.HDInsight/clusters/hdisdk-encryption-intransit/azureasyncoperations/create?api-version=2021-06-01",
        "Cache-Control": "no-cache",
        "Content-Length": "1834",
        "Content-Type": "application/json; charset=utf-8",
        "Date": "Wed, 07 Sep 2022 03:04:42 GMT",
        "ETag": "\u00227496145d-8035-4495-9be1-0f5913b0bbfb\u0022",
        "Expires": "-1",
        "Pragma": "no-cache",
        "Server": "Microsoft-HTTPAPI/2.0",
        "Strict-Transport-Security": "max-age=31536000; includeSubDomains",
        "X-Content-Type-Options": "nosniff",
        "x-ms-correlation-request-id": "6588af42-e777-4e8e-8fa3-5d52ed818321",
        "x-ms-hdi-clusteruri": "https://management.azure.com/subscriptions/db1ab6f0-4769-4b27-930e-01e2ef9c123c/resourceGroups/HDInsightRG-2155/providers/Microsoft.HDInsight/clusters/hdisdk-encryption-intransit?api-version=2021-06-01",
        "x-ms-hdi-served-by": "eastus",
        "x-ms-ratelimit-remaining-subscription-writes": "1196",
        "x-ms-request-id": "89f9cbf3-3a73-4fd9-b046-34c62c414fe2",
        "x-ms-routing-request-id": "SOUTHEASTASIA:20220907T030442Z:6588af42-e777-4e8e-8fa3-5d52ed818321"
      },
      "ResponseBody": {
        "id": "/subscriptions/db1ab6f0-4769-4b27-930e-01e2ef9c123c/resourceGroups/HDInsightRG-2155/providers/Microsoft.HDInsight/clusters/hdisdk-encryption-intransit",
        "name": "hdisdk-encryption-intransit",
        "type": "Microsoft.HDInsight/clusters",
        "location": "East US",
        "etag": "7496145d-8035-4495-9be1-0f5913b0bbfb",
        "tags": {
          "key0": "value0"
        },
        "properties": {
          "clusterVersion": "3.6.2000.67",
          "clusterHdpVersion": "",
          "osType": "Linux",
          "clusterDefinition": {
            "blueprint": "https://blueprints.azurehdinsight.net/spark-3.6.2000.67.2201042214.json",
            "kind": "Spark",
            "componentVersion": {
              "Spark": "2.3"
            }
          },
          "clusterId": "47d79d073c634de4bb2569716afef9da",
          "computeProfile": {
            "roles": [
              {
                "name": "headnode",
                "targetInstanceCount": 2,
                "hardwareProfile": {
                  "vmSize": "standard_a4_v2"
                },
                "osProfile": {
                  "linuxOperatingSystemProfile": {
                    "username": "sshuser5951"
                  }
                },
                "encryptDataDisks": false
              },
              {
                "name": "workernode",
                "targetInstanceCount": 3,
                "hardwareProfile": {
                  "vmSize": "standard_a4_v2"
                },
                "osProfile": {
                  "linuxOperatingSystemProfile": {
                    "username": "sshuser5951"
                  }
                },
                "encryptDataDisks": false
              },
              {
                "name": "zookeepernode",
                "targetInstanceCount": 3,
                "hardwareProfile": {
                  "vmSize": "standard_a1_v2"
                },
                "osProfile": {
                  "linuxOperatingSystemProfile": {
                    "username": "sshuser5951"
                  }
                },
                "encryptDataDisks": false
              }
            ]
          },
          "provisioningState": "InProgress",
          "clusterState": "Accepted",
          "createdDate": "2022-09-07T03:04:40.867",
          "quotaInfo": {
            "coresUsed": 20
          },
          "tier": "standard",
          "encryptionInTransitProperties": {
            "isEncryptionInTransitEnabled": true
          },
          "storageProfile": {
            "storageaccounts": [
              {
                "name": "azstorageforcluster2222.blob.core.windows.net",
                "resourceId": null,
                "msiResourceId": null,
                "key": null,
                "fileSystem": null,
                "container": "container3950",
                "saskey": null,
                "isDefault": true,
                "fileshare": null
              }
            ]
          },
          "excludedServicesConfig": {
            "excludedServicesConfigId": "default",
            "excludedServicesList": ""
          },
          "computeIsolationProperties": {
            "enableComputeIsolation": false,
            "hostSku": null
          }
        }
      }
    },
    {
      "RequestUri": "https://management.azure.com/subscriptions/db1ab6f0-4769-4b27-930e-01e2ef9c123c/resourceGroups/HDInsightRG-2155/providers/Microsoft.HDInsight/clusters/hdisdk-encryption-intransit/azureasyncoperations/create?api-version=2021-06-01",
      "RequestMethod": "GET",
      "RequestHeaders": {
        "Authorization": "Sanitized",
        "traceparent": "00-0692b877ed06f5489cba8abbcb740821-c3736b5bec69464a-00",
        "User-Agent": "azsdk-net-ResourceManager/1.3.0 (.NET Core 3.1.28; Microsoft Windows 10.0.22000)",
        "x-ms-client-request-id": "b18d1af5b6853a885267810a4331b032",
        "x-ms-return-client-request-id": "true"
      },
      "RequestBody": null,
      "StatusCode": 200,
      "ResponseHeaders": {
        "Cache-Control": "no-cache",
        "Content-Length": "23",
        "Content-Type": "application/json; charset=utf-8",
        "Date": "Wed, 07 Sep 2022 03:04:43 GMT",
        "Expires": "-1",
        "Pragma": "no-cache",
        "Server": "Microsoft-HTTPAPI/2.0",
        "Strict-Transport-Security": "max-age=31536000; includeSubDomains",
        "X-Content-Type-Options": "nosniff",
        "x-ms-correlation-request-id": "7b0fdbf5-7d0e-4204-a1f3-92570750fcc8",
        "x-ms-hdi-served-by": "eastus",
        "x-ms-ratelimit-remaining-subscription-reads": "11996",
        "x-ms-request-id": "bf465c1e-6fa5-45f5-9ae4-bec2941833cf",
        "x-ms-routing-request-id": "SOUTHEASTASIA:20220907T030443Z:7b0fdbf5-7d0e-4204-a1f3-92570750fcc8"
      },
      "ResponseBody": {
        "status": "InProgress"
      }
    },
    {
      "RequestUri": "https://management.azure.com/subscriptions/db1ab6f0-4769-4b27-930e-01e2ef9c123c/resourceGroups/HDInsightRG-2155/providers/Microsoft.HDInsight/clusters/hdisdk-encryption-intransit/azureasyncoperations/create?api-version=2021-06-01",
      "RequestMethod": "GET",
      "RequestHeaders": {
        "Authorization": "Sanitized",
        "traceparent": "00-0692b877ed06f5489cba8abbcb740821-915acb6bd86ff04c-00",
        "User-Agent": "azsdk-net-ResourceManager/1.3.0 (.NET Core 3.1.28; Microsoft Windows 10.0.22000)",
        "x-ms-client-request-id": "81bf8aacff6db39431401ef2960471c2",
        "x-ms-return-client-request-id": "true"
      },
      "RequestBody": null,
      "StatusCode": 200,
      "ResponseHeaders": {
        "Cache-Control": "no-cache",
        "Content-Length": "23",
        "Content-Type": "application/json; charset=utf-8",
        "Date": "Wed, 07 Sep 2022 03:04:44 GMT",
        "Expires": "-1",
        "Pragma": "no-cache",
        "Server": "Microsoft-HTTPAPI/2.0",
        "Strict-Transport-Security": "max-age=31536000; includeSubDomains",
        "X-Content-Type-Options": "nosniff",
        "x-ms-correlation-request-id": "04cd5e9d-6b2e-44d2-af58-7c5fbf4fb50e",
        "x-ms-hdi-served-by": "eastus",
        "x-ms-ratelimit-remaining-subscription-reads": "11995",
        "x-ms-request-id": "b4a777dd-1ba6-48a0-9802-0be197986ae6",
        "x-ms-routing-request-id": "SOUTHEASTASIA:20220907T030445Z:04cd5e9d-6b2e-44d2-af58-7c5fbf4fb50e"
      },
      "ResponseBody": {
        "status": "InProgress"
      }
    },
    {
      "RequestUri": "https://management.azure.com/subscriptions/db1ab6f0-4769-4b27-930e-01e2ef9c123c/resourceGroups/HDInsightRG-2155/providers/Microsoft.HDInsight/clusters/hdisdk-encryption-intransit/azureasyncoperations/create?api-version=2021-06-01",
      "RequestMethod": "GET",
      "RequestHeaders": {
        "Authorization": "Sanitized",
        "traceparent": "00-0692b877ed06f5489cba8abbcb740821-40c5a2cd11b1124a-00",
        "User-Agent": "azsdk-net-ResourceManager/1.3.0 (.NET Core 3.1.28; Microsoft Windows 10.0.22000)",
        "x-ms-client-request-id": "4a4775bb0b5058e91b8bcb1e506136ea",
        "x-ms-return-client-request-id": "true"
      },
      "RequestBody": null,
      "StatusCode": 200,
      "ResponseHeaders": {
        "Cache-Control": "no-cache",
        "Content-Length": "23",
        "Content-Type": "application/json; charset=utf-8",
        "Date": "Wed, 07 Sep 2022 03:04:46 GMT",
        "Expires": "-1",
        "Pragma": "no-cache",
        "Server": "Microsoft-HTTPAPI/2.0",
        "Strict-Transport-Security": "max-age=31536000; includeSubDomains",
        "X-Content-Type-Options": "nosniff",
        "x-ms-correlation-request-id": "b65c7980-15e9-4529-b267-ce1a7ea7b276",
        "x-ms-hdi-served-by": "eastus",
        "x-ms-ratelimit-remaining-subscription-reads": "11994",
        "x-ms-request-id": "956eea0e-3ed4-463f-a27a-e27204f2b23f",
        "x-ms-routing-request-id": "SOUTHEASTASIA:20220907T030447Z:b65c7980-15e9-4529-b267-ce1a7ea7b276"
      },
      "ResponseBody": {
        "status": "InProgress"
      }
    },
    {
      "RequestUri": "https://management.azure.com/subscriptions/db1ab6f0-4769-4b27-930e-01e2ef9c123c/resourceGroups/HDInsightRG-2155/providers/Microsoft.HDInsight/clusters/hdisdk-encryption-intransit/azureasyncoperations/create?api-version=2021-06-01",
      "RequestMethod": "GET",
      "RequestHeaders": {
        "Authorization": "Sanitized",
        "traceparent": "00-0692b877ed06f5489cba8abbcb740821-0d05cfaf1536dd41-00",
        "User-Agent": "azsdk-net-ResourceManager/1.3.0 (.NET Core 3.1.28; Microsoft Windows 10.0.22000)",
        "x-ms-client-request-id": "087bf3910e5cf6b885da80449795a34e",
        "x-ms-return-client-request-id": "true"
      },
      "RequestBody": null,
      "StatusCode": 200,
      "ResponseHeaders": {
        "Cache-Control": "no-cache",
        "Content-Length": "23",
        "Content-Type": "application/json; charset=utf-8",
        "Date": "Wed, 07 Sep 2022 03:04:48 GMT",
        "Expires": "-1",
        "Pragma": "no-cache",
        "Server": "Microsoft-HTTPAPI/2.0",
        "Strict-Transport-Security": "max-age=31536000; includeSubDomains",
        "X-Content-Type-Options": "nosniff",
        "x-ms-correlation-request-id": "ffb9ccd6-4210-46fb-909b-4ab8e9e579db",
        "x-ms-hdi-served-by": "eastus",
        "x-ms-ratelimit-remaining-subscription-reads": "11993",
        "x-ms-request-id": "14b78e5d-2e26-4919-9bd6-b54499fd82a0",
        "x-ms-routing-request-id": "SOUTHEASTASIA:20220907T030449Z:ffb9ccd6-4210-46fb-909b-4ab8e9e579db"
      },
      "ResponseBody": {
        "status": "InProgress"
      }
    },
    {
      "RequestUri": "https://management.azure.com/subscriptions/db1ab6f0-4769-4b27-930e-01e2ef9c123c/resourceGroups/HDInsightRG-2155/providers/Microsoft.HDInsight/clusters/hdisdk-encryption-intransit/azureasyncoperations/create?api-version=2021-06-01",
      "RequestMethod": "GET",
      "RequestHeaders": {
        "Authorization": "Sanitized",
        "traceparent": "00-0692b877ed06f5489cba8abbcb740821-d04232d49760be47-00",
        "User-Agent": "azsdk-net-ResourceManager/1.3.0 (.NET Core 3.1.28; Microsoft Windows 10.0.22000)",
        "x-ms-client-request-id": "cd4ebff565e9a1e2a06765e2337562cf",
        "x-ms-return-client-request-id": "true"
      },
      "RequestBody": null,
      "StatusCode": 200,
      "ResponseHeaders": {
        "Cache-Control": "no-cache",
        "Content-Length": "23",
        "Content-Type": "application/json; charset=utf-8",
        "Date": "Wed, 07 Sep 2022 03:04:51 GMT",
        "Expires": "-1",
        "Pragma": "no-cache",
        "Server": "Microsoft-HTTPAPI/2.0",
        "Strict-Transport-Security": "max-age=31536000; includeSubDomains",
        "X-Content-Type-Options": "nosniff",
        "x-ms-correlation-request-id": "b0f1ec0f-f6d8-4a98-be57-d24f52f60b61",
        "x-ms-hdi-served-by": "eastus",
        "x-ms-ratelimit-remaining-subscription-reads": "11992",
        "x-ms-request-id": "c09960eb-dd1a-4113-b4a3-65dab3fe5a77",
        "x-ms-routing-request-id": "SOUTHEASTASIA:20220907T030452Z:b0f1ec0f-f6d8-4a98-be57-d24f52f60b61"
      },
      "ResponseBody": {
        "status": "InProgress"
      }
    },
    {
      "RequestUri": "https://management.azure.com/subscriptions/db1ab6f0-4769-4b27-930e-01e2ef9c123c/resourceGroups/HDInsightRG-2155/providers/Microsoft.HDInsight/clusters/hdisdk-encryption-intransit/azureasyncoperations/create?api-version=2021-06-01",
      "RequestMethod": "GET",
      "RequestHeaders": {
        "Authorization": "Sanitized",
        "traceparent": "00-0692b877ed06f5489cba8abbcb740821-46c3a1265f2a7048-00",
        "User-Agent": "azsdk-net-ResourceManager/1.3.0 (.NET Core 3.1.28; Microsoft Windows 10.0.22000)",
        "x-ms-client-request-id": "a361340a6889ad66bd51c4758aa5c085",
        "x-ms-return-client-request-id": "true"
      },
      "RequestBody": null,
      "StatusCode": 200,
      "ResponseHeaders": {
        "Cache-Control": "no-cache",
        "Content-Length": "23",
        "Content-Type": "application/json; charset=utf-8",
        "Date": "Wed, 07 Sep 2022 03:04:56 GMT",
        "Expires": "-1",
        "Pragma": "no-cache",
        "Server": "Microsoft-HTTPAPI/2.0",
        "Strict-Transport-Security": "max-age=31536000; includeSubDomains",
        "X-Content-Type-Options": "nosniff",
        "x-ms-correlation-request-id": "aea9d2cd-6097-4ae6-a698-255468658701",
        "x-ms-hdi-served-by": "eastus",
        "x-ms-ratelimit-remaining-subscription-reads": "11991",
        "x-ms-request-id": "dd2e4b8e-f9cf-41bf-a7ea-8f3b65553d9c",
        "x-ms-routing-request-id": "SOUTHEASTASIA:20220907T030457Z:aea9d2cd-6097-4ae6-a698-255468658701"
      },
      "ResponseBody": {
        "status": "InProgress"
      }
    },
    {
      "RequestUri": "https://management.azure.com/subscriptions/db1ab6f0-4769-4b27-930e-01e2ef9c123c/resourceGroups/HDInsightRG-2155/providers/Microsoft.HDInsight/clusters/hdisdk-encryption-intransit/azureasyncoperations/create?api-version=2021-06-01",
      "RequestMethod": "GET",
      "RequestHeaders": {
        "Authorization": "Sanitized",
        "traceparent": "00-0692b877ed06f5489cba8abbcb740821-a6051c3081878549-00",
        "User-Agent": "azsdk-net-ResourceManager/1.3.0 (.NET Core 3.1.28; Microsoft Windows 10.0.22000)",
        "x-ms-client-request-id": "91297de768122b0010d968f4a8d5c20f",
        "x-ms-return-client-request-id": "true"
      },
      "RequestBody": null,
      "StatusCode": 200,
      "ResponseHeaders": {
        "Cache-Control": "no-cache",
        "Content-Length": "23",
        "Content-Type": "application/json; charset=utf-8",
        "Date": "Wed, 07 Sep 2022 03:05:05 GMT",
        "Expires": "-1",
        "Pragma": "no-cache",
        "Server": "Microsoft-HTTPAPI/2.0",
        "Strict-Transport-Security": "max-age=31536000; includeSubDomains",
        "X-Content-Type-Options": "nosniff",
        "x-ms-correlation-request-id": "4b38ea5c-00c2-4f34-b8b2-2163cd8c1b4e",
        "x-ms-hdi-served-by": "eastus",
        "x-ms-ratelimit-remaining-subscription-reads": "11990",
        "x-ms-request-id": "e0ab9420-0498-4f76-9ccc-da30c12de012",
        "x-ms-routing-request-id": "SOUTHEASTASIA:20220907T030506Z:4b38ea5c-00c2-4f34-b8b2-2163cd8c1b4e"
      },
      "ResponseBody": {
        "status": "InProgress"
      }
    },
    {
      "RequestUri": "https://management.azure.com/subscriptions/db1ab6f0-4769-4b27-930e-01e2ef9c123c/resourceGroups/HDInsightRG-2155/providers/Microsoft.HDInsight/clusters/hdisdk-encryption-intransit/azureasyncoperations/create?api-version=2021-06-01",
      "RequestMethod": "GET",
      "RequestHeaders": {
        "Authorization": "Sanitized",
        "traceparent": "00-0692b877ed06f5489cba8abbcb740821-b26292a389df1042-00",
        "User-Agent": "azsdk-net-ResourceManager/1.3.0 (.NET Core 3.1.28; Microsoft Windows 10.0.22000)",
        "x-ms-client-request-id": "633ab07800338cc458a00f97a16d16fb",
        "x-ms-return-client-request-id": "true"
      },
      "RequestBody": null,
      "StatusCode": 200,
      "ResponseHeaders": {
        "Cache-Control": "no-cache",
        "Content-Length": "23",
        "Content-Type": "application/json; charset=utf-8",
        "Date": "Wed, 07 Sep 2022 03:05:23 GMT",
        "Expires": "-1",
        "Pragma": "no-cache",
        "Server": "Microsoft-HTTPAPI/2.0",
        "Strict-Transport-Security": "max-age=31536000; includeSubDomains",
        "X-Content-Type-Options": "nosniff",
        "x-ms-correlation-request-id": "0fdec554-97c6-4d64-9f7f-d7d479893399",
        "x-ms-hdi-served-by": "eastus",
        "x-ms-ratelimit-remaining-subscription-reads": "11989",
        "x-ms-request-id": "d0556596-e9e3-4409-8253-d11bf5157333",
        "x-ms-routing-request-id": "SOUTHEASTASIA:20220907T030523Z:0fdec554-97c6-4d64-9f7f-d7d479893399"
      },
      "ResponseBody": {
        "status": "InProgress"
      }
    },
    {
      "RequestUri": "https://management.azure.com/subscriptions/db1ab6f0-4769-4b27-930e-01e2ef9c123c/resourceGroups/HDInsightRG-2155/providers/Microsoft.HDInsight/clusters/hdisdk-encryption-intransit/azureasyncoperations/create?api-version=2021-06-01",
      "RequestMethod": "GET",
      "RequestHeaders": {
        "Authorization": "Sanitized",
        "traceparent": "00-0692b877ed06f5489cba8abbcb740821-614c1c626f758148-00",
        "User-Agent": "azsdk-net-ResourceManager/1.3.0 (.NET Core 3.1.28; Microsoft Windows 10.0.22000)",
        "x-ms-client-request-id": "b5fae0a7d04ca1bc333692af007105e8",
        "x-ms-return-client-request-id": "true"
      },
      "RequestBody": null,
      "StatusCode": 200,
      "ResponseHeaders": {
        "Cache-Control": "no-cache",
        "Content-Length": "23",
        "Content-Type": "application/json; charset=utf-8",
        "Date": "Wed, 07 Sep 2022 03:05:55 GMT",
        "Expires": "-1",
        "Pragma": "no-cache",
        "Server": "Microsoft-HTTPAPI/2.0",
        "Strict-Transport-Security": "max-age=31536000; includeSubDomains",
        "X-Content-Type-Options": "nosniff",
        "x-ms-correlation-request-id": "57245b36-52c9-4518-8f4c-7e07feefc67e",
        "x-ms-hdi-served-by": "eastus",
        "x-ms-ratelimit-remaining-subscription-reads": "11988",
        "x-ms-request-id": "e68c5dac-408e-4348-9d25-c95ffda9ee27",
        "x-ms-routing-request-id": "SOUTHEASTASIA:20220907T030556Z:57245b36-52c9-4518-8f4c-7e07feefc67e"
      },
      "ResponseBody": {
        "status": "InProgress"
      }
    },
    {
      "RequestUri": "https://management.azure.com/subscriptions/db1ab6f0-4769-4b27-930e-01e2ef9c123c/resourceGroups/HDInsightRG-2155/providers/Microsoft.HDInsight/clusters/hdisdk-encryption-intransit/azureasyncoperations/create?api-version=2021-06-01",
      "RequestMethod": "GET",
      "RequestHeaders": {
        "Authorization": "Sanitized",
        "traceparent": "00-0692b877ed06f5489cba8abbcb740821-639b9f152a734249-00",
        "User-Agent": "azsdk-net-ResourceManager/1.3.0 (.NET Core 3.1.28; Microsoft Windows 10.0.22000)",
        "x-ms-client-request-id": "d9fdb48f5d6ae651b89c3871596889a3",
        "x-ms-return-client-request-id": "true"
      },
      "RequestBody": null,
      "StatusCode": 200,
      "ResponseHeaders": {
        "Cache-Control": "no-cache",
        "Content-Length": "23",
        "Content-Type": "application/json; charset=utf-8",
        "Date": "Wed, 07 Sep 2022 03:06:28 GMT",
        "Expires": "-1",
        "Pragma": "no-cache",
        "Server": "Microsoft-HTTPAPI/2.0",
        "Strict-Transport-Security": "max-age=31536000; includeSubDomains",
        "X-Content-Type-Options": "nosniff",
        "x-ms-correlation-request-id": "c7f0db0d-ce28-4b62-8054-0621c6822cc8",
        "x-ms-hdi-served-by": "eastus",
        "x-ms-ratelimit-remaining-subscription-reads": "11987",
        "x-ms-request-id": "61bd6615-a95b-486a-9b09-48c8d1a7e593",
        "x-ms-routing-request-id": "SOUTHEASTASIA:20220907T030628Z:c7f0db0d-ce28-4b62-8054-0621c6822cc8"
      },
      "ResponseBody": {
        "status": "InProgress"
      }
    },
    {
      "RequestUri": "https://management.azure.com/subscriptions/db1ab6f0-4769-4b27-930e-01e2ef9c123c/resourceGroups/HDInsightRG-2155/providers/Microsoft.HDInsight/clusters/hdisdk-encryption-intransit/azureasyncoperations/create?api-version=2021-06-01",
      "RequestMethod": "GET",
      "RequestHeaders": {
        "Authorization": "Sanitized",
        "traceparent": "00-0692b877ed06f5489cba8abbcb740821-5e2ace094a411a4e-00",
        "User-Agent": "azsdk-net-ResourceManager/1.3.0 (.NET Core 3.1.28; Microsoft Windows 10.0.22000)",
        "x-ms-client-request-id": "c74c6cc30cdaa7c2f3992ffd6e158ce7",
        "x-ms-return-client-request-id": "true"
      },
      "RequestBody": null,
      "StatusCode": 200,
      "ResponseHeaders": {
        "Cache-Control": "no-cache",
        "Content-Length": "23",
        "Content-Type": "application/json; charset=utf-8",
        "Date": "Wed, 07 Sep 2022 03:07:01 GMT",
        "Expires": "-1",
        "Pragma": "no-cache",
        "Server": "Microsoft-HTTPAPI/2.0",
        "Strict-Transport-Security": "max-age=31536000; includeSubDomains",
        "X-Content-Type-Options": "nosniff",
        "x-ms-correlation-request-id": "a49c73c7-e139-4055-b095-afbf0445cf5a",
        "x-ms-hdi-served-by": "eastus",
        "x-ms-ratelimit-remaining-subscription-reads": "11986",
        "x-ms-request-id": "b19db56d-9b1d-4974-8cc8-2fa12b7e35c0",
        "x-ms-routing-request-id": "SOUTHEASTASIA:20220907T030701Z:a49c73c7-e139-4055-b095-afbf0445cf5a"
      },
      "ResponseBody": {
        "status": "InProgress"
      }
    },
    {
      "RequestUri": "https://management.azure.com/subscriptions/db1ab6f0-4769-4b27-930e-01e2ef9c123c/resourceGroups/HDInsightRG-2155/providers/Microsoft.HDInsight/clusters/hdisdk-encryption-intransit/azureasyncoperations/create?api-version=2021-06-01",
      "RequestMethod": "GET",
      "RequestHeaders": {
        "Authorization": "Sanitized",
        "traceparent": "00-0692b877ed06f5489cba8abbcb740821-5b7c52ba70d70d4d-00",
        "User-Agent": "azsdk-net-ResourceManager/1.3.0 (.NET Core 3.1.28; Microsoft Windows 10.0.22000)",
        "x-ms-client-request-id": "ec08279b3c6f4a908e14fdb0974b47cb",
        "x-ms-return-client-request-id": "true"
      },
      "RequestBody": null,
      "StatusCode": 200,
      "ResponseHeaders": {
        "Cache-Control": "no-cache",
        "Content-Length": "23",
        "Content-Type": "application/json; charset=utf-8",
        "Date": "Wed, 07 Sep 2022 03:07:33 GMT",
        "Expires": "-1",
        "Pragma": "no-cache",
        "Server": "Microsoft-HTTPAPI/2.0",
        "Strict-Transport-Security": "max-age=31536000; includeSubDomains",
        "X-Content-Type-Options": "nosniff",
        "x-ms-correlation-request-id": "875d44c5-4447-4127-8c7d-b0b96061628b",
        "x-ms-hdi-served-by": "eastus",
        "x-ms-ratelimit-remaining-subscription-reads": "11985",
        "x-ms-request-id": "7aae457b-6b63-42c5-a4fd-5b5858365791",
        "x-ms-routing-request-id": "SOUTHEASTASIA:20220907T030734Z:875d44c5-4447-4127-8c7d-b0b96061628b"
      },
      "ResponseBody": {
        "status": "InProgress"
      }
    },
    {
      "RequestUri": "https://management.azure.com/subscriptions/db1ab6f0-4769-4b27-930e-01e2ef9c123c/resourceGroups/HDInsightRG-2155/providers/Microsoft.HDInsight/clusters/hdisdk-encryption-intransit/azureasyncoperations/create?api-version=2021-06-01",
      "RequestMethod": "GET",
      "RequestHeaders": {
        "Authorization": "Sanitized",
        "traceparent": "00-0692b877ed06f5489cba8abbcb740821-cbe79647e49e2649-00",
        "User-Agent": "azsdk-net-ResourceManager/1.3.0 (.NET Core 3.1.28; Microsoft Windows 10.0.22000)",
        "x-ms-client-request-id": "93eceead3e25820df256e5d12d5478a3",
        "x-ms-return-client-request-id": "true"
      },
      "RequestBody": null,
      "StatusCode": 200,
      "ResponseHeaders": {
        "Cache-Control": "no-cache",
        "Content-Length": "23",
        "Content-Type": "application/json; charset=utf-8",
        "Date": "Wed, 07 Sep 2022 03:08:07 GMT",
        "Expires": "-1",
        "Pragma": "no-cache",
        "Server": "Microsoft-HTTPAPI/2.0",
        "Strict-Transport-Security": "max-age=31536000; includeSubDomains",
        "X-Content-Type-Options": "nosniff",
        "x-ms-correlation-request-id": "6609b502-41cb-42b0-b702-8dcce2fdf7b1",
        "x-ms-hdi-served-by": "eastus",
        "x-ms-ratelimit-remaining-subscription-reads": "11984",
        "x-ms-request-id": "a04a03e9-5da8-4606-b397-8f9048c13cfa",
        "x-ms-routing-request-id": "SOUTHEASTASIA:20220907T030807Z:6609b502-41cb-42b0-b702-8dcce2fdf7b1"
      },
      "ResponseBody": {
        "status": "InProgress"
      }
    },
    {
      "RequestUri": "https://management.azure.com/subscriptions/db1ab6f0-4769-4b27-930e-01e2ef9c123c/resourceGroups/HDInsightRG-2155/providers/Microsoft.HDInsight/clusters/hdisdk-encryption-intransit/azureasyncoperations/create?api-version=2021-06-01",
      "RequestMethod": "GET",
      "RequestHeaders": {
        "Authorization": "Sanitized",
        "traceparent": "00-0692b877ed06f5489cba8abbcb740821-ee523e6dfa13f449-00",
        "User-Agent": "azsdk-net-ResourceManager/1.3.0 (.NET Core 3.1.28; Microsoft Windows 10.0.22000)",
        "x-ms-client-request-id": "31d6510f9d5f8634db0238c60f110fa8",
        "x-ms-return-client-request-id": "true"
      },
      "RequestBody": null,
      "StatusCode": 200,
      "ResponseHeaders": {
        "Cache-Control": "no-cache",
        "Content-Length": "23",
        "Content-Type": "application/json; charset=utf-8",
        "Date": "Wed, 07 Sep 2022 03:08:39 GMT",
        "Expires": "-1",
        "Pragma": "no-cache",
        "Server": "Microsoft-HTTPAPI/2.0",
        "Strict-Transport-Security": "max-age=31536000; includeSubDomains",
        "X-Content-Type-Options": "nosniff",
        "x-ms-correlation-request-id": "1fb24e1d-e595-4b6e-8d54-9b3b3090107a",
        "x-ms-hdi-served-by": "eastus",
        "x-ms-ratelimit-remaining-subscription-reads": "11983",
        "x-ms-request-id": "bc77c898-65a7-4670-a64e-9c1f26683b36",
        "x-ms-routing-request-id": "SOUTHEASTASIA:20220907T030840Z:1fb24e1d-e595-4b6e-8d54-9b3b3090107a"
      },
      "ResponseBody": {
        "status": "InProgress"
      }
    },
    {
      "RequestUri": "https://management.azure.com/subscriptions/db1ab6f0-4769-4b27-930e-01e2ef9c123c/resourceGroups/HDInsightRG-2155/providers/Microsoft.HDInsight/clusters/hdisdk-encryption-intransit/azureasyncoperations/create?api-version=2021-06-01",
      "RequestMethod": "GET",
      "RequestHeaders": {
        "Authorization": "Sanitized",
        "traceparent": "00-0692b877ed06f5489cba8abbcb740821-3c8c5c66ab740749-00",
        "User-Agent": "azsdk-net-ResourceManager/1.3.0 (.NET Core 3.1.28; Microsoft Windows 10.0.22000)",
        "x-ms-client-request-id": "7f4f6451f8285cc21a86fa1957bf1c3a",
        "x-ms-return-client-request-id": "true"
      },
      "RequestBody": null,
      "StatusCode": 200,
      "ResponseHeaders": {
        "Cache-Control": "no-cache",
        "Content-Length": "23",
        "Content-Type": "application/json; charset=utf-8",
        "Date": "Wed, 07 Sep 2022 03:09:12 GMT",
        "Expires": "-1",
        "Pragma": "no-cache",
        "Server": "Microsoft-HTTPAPI/2.0",
        "Strict-Transport-Security": "max-age=31536000; includeSubDomains",
        "X-Content-Type-Options": "nosniff",
        "x-ms-correlation-request-id": "098aefb7-2fbd-4dcc-9bec-861c2ccd9637",
        "x-ms-hdi-served-by": "eastus",
        "x-ms-ratelimit-remaining-subscription-reads": "11982",
        "x-ms-request-id": "00013139-8263-491f-aa23-feffa9dbd5bc",
        "x-ms-routing-request-id": "SOUTHEASTASIA:20220907T030912Z:098aefb7-2fbd-4dcc-9bec-861c2ccd9637"
      },
      "ResponseBody": {
        "status": "InProgress"
      }
    },
    {
      "RequestUri": "https://management.azure.com/subscriptions/db1ab6f0-4769-4b27-930e-01e2ef9c123c/resourceGroups/HDInsightRG-2155/providers/Microsoft.HDInsight/clusters/hdisdk-encryption-intransit/azureasyncoperations/create?api-version=2021-06-01",
      "RequestMethod": "GET",
      "RequestHeaders": {
        "Authorization": "Sanitized",
        "traceparent": "00-0692b877ed06f5489cba8abbcb740821-8b2f924bcb289c40-00",
        "User-Agent": "azsdk-net-ResourceManager/1.3.0 (.NET Core 3.1.28; Microsoft Windows 10.0.22000)",
        "x-ms-client-request-id": "45a1599b1674106bba66b822054672e0",
        "x-ms-return-client-request-id": "true"
      },
      "RequestBody": null,
      "StatusCode": 200,
      "ResponseHeaders": {
        "Cache-Control": "no-cache",
        "Content-Length": "23",
        "Content-Type": "application/json; charset=utf-8",
        "Date": "Wed, 07 Sep 2022 03:09:45 GMT",
        "Expires": "-1",
        "Pragma": "no-cache",
        "Server": "Microsoft-HTTPAPI/2.0",
        "Strict-Transport-Security": "max-age=31536000; includeSubDomains",
        "X-Content-Type-Options": "nosniff",
        "x-ms-correlation-request-id": "914fdeb5-ffa5-47fa-b94e-975101452272",
        "x-ms-hdi-served-by": "eastus",
        "x-ms-ratelimit-remaining-subscription-reads": "11981",
        "x-ms-request-id": "02deab58-9ce5-4b56-895f-55a78094b4b0",
        "x-ms-routing-request-id": "SOUTHEASTASIA:20220907T030945Z:914fdeb5-ffa5-47fa-b94e-975101452272"
      },
      "ResponseBody": {
        "status": "InProgress"
      }
    },
    {
      "RequestUri": "https://management.azure.com/subscriptions/db1ab6f0-4769-4b27-930e-01e2ef9c123c/resourceGroups/HDInsightRG-2155/providers/Microsoft.HDInsight/clusters/hdisdk-encryption-intransit/azureasyncoperations/create?api-version=2021-06-01",
      "RequestMethod": "GET",
      "RequestHeaders": {
        "Authorization": "Sanitized",
        "traceparent": "00-0692b877ed06f5489cba8abbcb740821-e6fcd6eaa9b99846-00",
        "User-Agent": "azsdk-net-ResourceManager/1.3.0 (.NET Core 3.1.28; Microsoft Windows 10.0.22000)",
        "x-ms-client-request-id": "c97f3c46f804177a8f7916d9a21a2e1b",
        "x-ms-return-client-request-id": "true"
      },
      "RequestBody": null,
      "StatusCode": 200,
      "ResponseHeaders": {
        "Cache-Control": "no-cache",
        "Content-Length": "23",
        "Content-Type": "application/json; charset=utf-8",
        "Date": "Wed, 07 Sep 2022 03:10:18 GMT",
        "Expires": "-1",
        "Pragma": "no-cache",
        "Server": "Microsoft-HTTPAPI/2.0",
        "Strict-Transport-Security": "max-age=31536000; includeSubDomains",
        "X-Content-Type-Options": "nosniff",
        "x-ms-correlation-request-id": "00d7c86f-f0d6-4718-9718-146b5bc94d7c",
        "x-ms-hdi-served-by": "eastus",
        "x-ms-ratelimit-remaining-subscription-reads": "11980",
        "x-ms-request-id": "adc08038-0f42-4bbc-a06d-b5f7963b1781",
        "x-ms-routing-request-id": "SOUTHEASTASIA:20220907T031019Z:00d7c86f-f0d6-4718-9718-146b5bc94d7c"
      },
      "ResponseBody": {
        "status": "InProgress"
      }
    },
    {
      "RequestUri": "https://management.azure.com/subscriptions/db1ab6f0-4769-4b27-930e-01e2ef9c123c/resourceGroups/HDInsightRG-2155/providers/Microsoft.HDInsight/clusters/hdisdk-encryption-intransit/azureasyncoperations/create?api-version=2021-06-01",
      "RequestMethod": "GET",
      "RequestHeaders": {
        "Authorization": "Sanitized",
        "traceparent": "00-0692b877ed06f5489cba8abbcb740821-71ce1571e9aa124e-00",
        "User-Agent": "azsdk-net-ResourceManager/1.3.0 (.NET Core 3.1.28; Microsoft Windows 10.0.22000)",
        "x-ms-client-request-id": "b52afee5ca703a34f93fc4c2409f57d4",
        "x-ms-return-client-request-id": "true"
      },
      "RequestBody": null,
      "StatusCode": 200,
      "ResponseHeaders": {
        "Cache-Control": "no-cache",
        "Content-Length": "23",
        "Content-Type": "application/json; charset=utf-8",
        "Date": "Wed, 07 Sep 2022 03:10:52 GMT",
        "Expires": "-1",
        "Pragma": "no-cache",
        "Server": "Microsoft-HTTPAPI/2.0",
        "Strict-Transport-Security": "max-age=31536000; includeSubDomains",
        "X-Content-Type-Options": "nosniff",
        "x-ms-correlation-request-id": "214f687a-1b8a-4422-b21a-e1edb0991eec",
        "x-ms-hdi-served-by": "eastus",
        "x-ms-ratelimit-remaining-subscription-reads": "11979",
        "x-ms-request-id": "340ac84c-fe0a-49c1-8cb0-214579ec272c",
        "x-ms-routing-request-id": "SOUTHEASTASIA:20220907T031052Z:214f687a-1b8a-4422-b21a-e1edb0991eec"
      },
      "ResponseBody": {
        "status": "InProgress"
      }
    },
    {
      "RequestUri": "https://management.azure.com/subscriptions/db1ab6f0-4769-4b27-930e-01e2ef9c123c/resourceGroups/HDInsightRG-2155/providers/Microsoft.HDInsight/clusters/hdisdk-encryption-intransit/azureasyncoperations/create?api-version=2021-06-01",
      "RequestMethod": "GET",
      "RequestHeaders": {
        "Authorization": "Sanitized",
        "traceparent": "00-0692b877ed06f5489cba8abbcb740821-16489d44dfa2f844-00",
        "User-Agent": "azsdk-net-ResourceManager/1.3.0 (.NET Core 3.1.28; Microsoft Windows 10.0.22000)",
        "x-ms-client-request-id": "1ad31a135340a335de89b6faff926d9f",
        "x-ms-return-client-request-id": "true"
      },
      "RequestBody": null,
      "StatusCode": 200,
      "ResponseHeaders": {
        "Cache-Control": "no-cache",
        "Content-Length": "23",
        "Content-Type": "application/json; charset=utf-8",
        "Date": "Wed, 07 Sep 2022 03:11:24 GMT",
        "Expires": "-1",
        "Pragma": "no-cache",
        "Server": "Microsoft-HTTPAPI/2.0",
        "Strict-Transport-Security": "max-age=31536000; includeSubDomains",
        "X-Content-Type-Options": "nosniff",
        "x-ms-correlation-request-id": "99281e59-c8c2-4f22-bfb5-98ff5ee0743e",
        "x-ms-hdi-served-by": "eastus",
        "x-ms-ratelimit-remaining-subscription-reads": "11978",
        "x-ms-request-id": "98d3730b-89ca-4f9e-b082-4c9abee6d12e",
        "x-ms-routing-request-id": "SOUTHEASTASIA:20220907T031125Z:99281e59-c8c2-4f22-bfb5-98ff5ee0743e"
      },
      "ResponseBody": {
        "status": "InProgress"
      }
    },
    {
      "RequestUri": "https://management.azure.com/subscriptions/db1ab6f0-4769-4b27-930e-01e2ef9c123c/resourceGroups/HDInsightRG-2155/providers/Microsoft.HDInsight/clusters/hdisdk-encryption-intransit/azureasyncoperations/create?api-version=2021-06-01",
      "RequestMethod": "GET",
      "RequestHeaders": {
        "Authorization": "Sanitized",
        "traceparent": "00-0692b877ed06f5489cba8abbcb740821-f1b3c346f9fadf42-00",
        "User-Agent": "azsdk-net-ResourceManager/1.3.0 (.NET Core 3.1.28; Microsoft Windows 10.0.22000)",
        "x-ms-client-request-id": "063d9c37bd1b7c6f0844d0c533b8d7f0",
        "x-ms-return-client-request-id": "true"
      },
      "RequestBody": null,
      "StatusCode": 200,
      "ResponseHeaders": {
        "Cache-Control": "no-cache",
        "Content-Length": "23",
        "Content-Type": "application/json; charset=utf-8",
        "Date": "Wed, 07 Sep 2022 03:11:57 GMT",
        "Expires": "-1",
        "Pragma": "no-cache",
        "Server": "Microsoft-HTTPAPI/2.0",
        "Strict-Transport-Security": "max-age=31536000; includeSubDomains",
        "X-Content-Type-Options": "nosniff",
        "x-ms-correlation-request-id": "09386062-dd9c-4428-a13e-e0480c6a1de8",
        "x-ms-hdi-served-by": "eastus",
        "x-ms-ratelimit-remaining-subscription-reads": "11977",
        "x-ms-request-id": "200a7236-718a-48ca-8bb5-ed24dcff9c4e",
        "x-ms-routing-request-id": "SOUTHEASTASIA:20220907T031158Z:09386062-dd9c-4428-a13e-e0480c6a1de8"
      },
      "ResponseBody": {
        "status": "InProgress"
      }
    },
    {
      "RequestUri": "https://management.azure.com/subscriptions/db1ab6f0-4769-4b27-930e-01e2ef9c123c/resourceGroups/HDInsightRG-2155/providers/Microsoft.HDInsight/clusters/hdisdk-encryption-intransit/azureasyncoperations/create?api-version=2021-06-01",
      "RequestMethod": "GET",
      "RequestHeaders": {
        "Authorization": "Sanitized",
        "traceparent": "00-0692b877ed06f5489cba8abbcb740821-829fe585d9d07d4c-00",
        "User-Agent": "azsdk-net-ResourceManager/1.3.0 (.NET Core 3.1.28; Microsoft Windows 10.0.22000)",
        "x-ms-client-request-id": "88c54222144791dbc987d6e713393b66",
        "x-ms-return-client-request-id": "true"
      },
      "RequestBody": null,
      "StatusCode": 200,
      "ResponseHeaders": {
        "Cache-Control": "no-cache",
        "Content-Length": "23",
        "Content-Type": "application/json; charset=utf-8",
        "Date": "Wed, 07 Sep 2022 03:12:30 GMT",
        "Expires": "-1",
        "Pragma": "no-cache",
        "Server": "Microsoft-HTTPAPI/2.0",
        "Strict-Transport-Security": "max-age=31536000; includeSubDomains",
        "X-Content-Type-Options": "nosniff",
        "x-ms-correlation-request-id": "a4110b00-2a29-48ba-82a5-886e04264880",
        "x-ms-hdi-served-by": "eastus",
        "x-ms-ratelimit-remaining-subscription-reads": "11976",
        "x-ms-request-id": "86e1596e-553c-4155-8731-8be03b6a908d",
        "x-ms-routing-request-id": "SOUTHEASTASIA:20220907T031230Z:a4110b00-2a29-48ba-82a5-886e04264880"
      },
      "ResponseBody": {
        "status": "InProgress"
      }
    },
    {
      "RequestUri": "https://management.azure.com/subscriptions/db1ab6f0-4769-4b27-930e-01e2ef9c123c/resourceGroups/HDInsightRG-2155/providers/Microsoft.HDInsight/clusters/hdisdk-encryption-intransit/azureasyncoperations/create?api-version=2021-06-01",
      "RequestMethod": "GET",
      "RequestHeaders": {
        "Authorization": "Sanitized",
        "traceparent": "00-0692b877ed06f5489cba8abbcb740821-fe07eab99748cf4c-00",
        "User-Agent": "azsdk-net-ResourceManager/1.3.0 (.NET Core 3.1.28; Microsoft Windows 10.0.22000)",
        "x-ms-client-request-id": "a48a25d2506156b8aa5711fb83706f26",
        "x-ms-return-client-request-id": "true"
      },
      "RequestBody": null,
      "StatusCode": 200,
      "ResponseHeaders": {
        "Cache-Control": "no-cache",
        "Content-Length": "23",
        "Content-Type": "application/json; charset=utf-8",
        "Date": "Wed, 07 Sep 2022 03:13:03 GMT",
        "Expires": "-1",
        "Pragma": "no-cache",
        "Server": "Microsoft-HTTPAPI/2.0",
        "Strict-Transport-Security": "max-age=31536000; includeSubDomains",
        "X-Content-Type-Options": "nosniff",
        "x-ms-correlation-request-id": "e2f12181-cb76-4733-8c19-8a7d0283ca81",
        "x-ms-hdi-served-by": "eastus",
        "x-ms-ratelimit-remaining-subscription-reads": "11975",
        "x-ms-request-id": "b1d08fb3-5a07-4f36-af09-7ac1da9a7a25",
        "x-ms-routing-request-id": "SOUTHEASTASIA:20220907T031303Z:e2f12181-cb76-4733-8c19-8a7d0283ca81"
      },
      "ResponseBody": {
        "status": "InProgress"
      }
    },
    {
      "RequestUri": "https://management.azure.com/subscriptions/db1ab6f0-4769-4b27-930e-01e2ef9c123c/resourceGroups/HDInsightRG-2155/providers/Microsoft.HDInsight/clusters/hdisdk-encryption-intransit/azureasyncoperations/create?api-version=2021-06-01",
      "RequestMethod": "GET",
      "RequestHeaders": {
        "Authorization": "Sanitized",
        "traceparent": "00-0692b877ed06f5489cba8abbcb740821-0624982ada4d304d-00",
        "User-Agent": "azsdk-net-ResourceManager/1.3.0 (.NET Core 3.1.28; Microsoft Windows 10.0.22000)",
        "x-ms-client-request-id": "bdd7c5b2e5cc2257c0ab3d93e68868ce",
        "x-ms-return-client-request-id": "true"
      },
      "RequestBody": null,
      "StatusCode": 200,
      "ResponseHeaders": {
        "Cache-Control": "no-cache",
        "Content-Length": "23",
        "Content-Type": "application/json; charset=utf-8",
        "Date": "Wed, 07 Sep 2022 03:13:36 GMT",
        "Expires": "-1",
        "Pragma": "no-cache",
        "Server": "Microsoft-HTTPAPI/2.0",
        "Strict-Transport-Security": "max-age=31536000; includeSubDomains",
        "X-Content-Type-Options": "nosniff",
        "x-ms-correlation-request-id": "90eafda1-b3c2-4bfc-94e3-e6a6757e600e",
        "x-ms-hdi-served-by": "eastus",
        "x-ms-ratelimit-remaining-subscription-reads": "11974",
        "x-ms-request-id": "9c2ceb6d-6c91-449a-ad67-69666031b2ec",
        "x-ms-routing-request-id": "SOUTHEASTASIA:20220907T031336Z:90eafda1-b3c2-4bfc-94e3-e6a6757e600e"
      },
      "ResponseBody": {
        "status": "InProgress"
      }
    },
    {
      "RequestUri": "https://management.azure.com/subscriptions/db1ab6f0-4769-4b27-930e-01e2ef9c123c/resourceGroups/HDInsightRG-2155/providers/Microsoft.HDInsight/clusters/hdisdk-encryption-intransit/azureasyncoperations/create?api-version=2021-06-01",
      "RequestMethod": "GET",
      "RequestHeaders": {
        "Authorization": "Sanitized",
        "traceparent": "00-0692b877ed06f5489cba8abbcb740821-3b9139e458f4604d-00",
        "User-Agent": "azsdk-net-ResourceManager/1.3.0 (.NET Core 3.1.28; Microsoft Windows 10.0.22000)",
        "x-ms-client-request-id": "0ef36909332dd28e896eddf002df0e59",
        "x-ms-return-client-request-id": "true"
      },
      "RequestBody": null,
      "StatusCode": 200,
      "ResponseHeaders": {
        "Cache-Control": "no-cache",
        "Content-Length": "23",
        "Content-Type": "application/json; charset=utf-8",
        "Date": "Wed, 07 Sep 2022 03:14:08 GMT",
        "Expires": "-1",
        "Pragma": "no-cache",
        "Server": "Microsoft-HTTPAPI/2.0",
        "Strict-Transport-Security": "max-age=31536000; includeSubDomains",
        "X-Content-Type-Options": "nosniff",
        "x-ms-correlation-request-id": "dc5b83c3-3515-40f5-a55d-ec1de6d438ae",
        "x-ms-hdi-served-by": "eastus",
        "x-ms-ratelimit-remaining-subscription-reads": "11973",
        "x-ms-request-id": "5fd759c3-2cdf-4a1d-927c-1ab864d4869f",
        "x-ms-routing-request-id": "SOUTHEASTASIA:20220907T031409Z:dc5b83c3-3515-40f5-a55d-ec1de6d438ae"
      },
      "ResponseBody": {
        "status": "InProgress"
      }
    },
    {
      "RequestUri": "https://management.azure.com/subscriptions/db1ab6f0-4769-4b27-930e-01e2ef9c123c/resourceGroups/HDInsightRG-2155/providers/Microsoft.HDInsight/clusters/hdisdk-encryption-intransit/azureasyncoperations/create?api-version=2021-06-01",
      "RequestMethod": "GET",
      "RequestHeaders": {
        "Authorization": "Sanitized",
        "traceparent": "00-0692b877ed06f5489cba8abbcb740821-5ba4d549590c3746-00",
        "User-Agent": "azsdk-net-ResourceManager/1.3.0 (.NET Core 3.1.28; Microsoft Windows 10.0.22000)",
        "x-ms-client-request-id": "4e34b0187e61ec9acd68e3b612246f22",
        "x-ms-return-client-request-id": "true"
      },
      "RequestBody": null,
      "StatusCode": 200,
      "ResponseHeaders": {
        "Cache-Control": "no-cache",
        "Content-Length": "23",
        "Content-Type": "application/json; charset=utf-8",
        "Date": "Wed, 07 Sep 2022 03:14:41 GMT",
        "Expires": "-1",
        "Pragma": "no-cache",
        "Server": "Microsoft-HTTPAPI/2.0",
        "Strict-Transport-Security": "max-age=31536000; includeSubDomains",
        "X-Content-Type-Options": "nosniff",
        "x-ms-correlation-request-id": "825dd1dd-48fb-4b65-a232-f59f67d8c864",
        "x-ms-hdi-served-by": "eastus",
        "x-ms-ratelimit-remaining-subscription-reads": "11972",
        "x-ms-request-id": "d83ba182-3573-4438-b973-cb10142759f1",
        "x-ms-routing-request-id": "SOUTHEASTASIA:20220907T031442Z:825dd1dd-48fb-4b65-a232-f59f67d8c864"
      },
      "ResponseBody": {
        "status": "InProgress"
      }
    },
    {
      "RequestUri": "https://management.azure.com/subscriptions/db1ab6f0-4769-4b27-930e-01e2ef9c123c/resourceGroups/HDInsightRG-2155/providers/Microsoft.HDInsight/clusters/hdisdk-encryption-intransit/azureasyncoperations/create?api-version=2021-06-01",
      "RequestMethod": "GET",
      "RequestHeaders": {
        "Authorization": "Sanitized",
        "traceparent": "00-0692b877ed06f5489cba8abbcb740821-5df8c971037c4f40-00",
        "User-Agent": "azsdk-net-ResourceManager/1.3.0 (.NET Core 3.1.28; Microsoft Windows 10.0.22000)",
        "x-ms-client-request-id": "1af243ee607c7ff83705335d07671fe1",
        "x-ms-return-client-request-id": "true"
      },
      "RequestBody": null,
      "StatusCode": 200,
      "ResponseHeaders": {
        "Cache-Control": "no-cache",
        "Content-Length": "23",
        "Content-Type": "application/json; charset=utf-8",
        "Date": "Wed, 07 Sep 2022 03:15:15 GMT",
        "Expires": "-1",
        "Pragma": "no-cache",
        "Server": "Microsoft-HTTPAPI/2.0",
        "Strict-Transport-Security": "max-age=31536000; includeSubDomains",
        "X-Content-Type-Options": "nosniff",
        "x-ms-correlation-request-id": "1b1f10d7-5802-4565-85a0-91ed7c644564",
        "x-ms-hdi-served-by": "eastus",
        "x-ms-ratelimit-remaining-subscription-reads": "11971",
        "x-ms-request-id": "f92b031c-4bde-441d-97fa-92572b997f22",
        "x-ms-routing-request-id": "SOUTHEASTASIA:20220907T031515Z:1b1f10d7-5802-4565-85a0-91ed7c644564"
      },
      "ResponseBody": {
        "status": "InProgress"
      }
    },
    {
      "RequestUri": "https://management.azure.com/subscriptions/db1ab6f0-4769-4b27-930e-01e2ef9c123c/resourceGroups/HDInsightRG-2155/providers/Microsoft.HDInsight/clusters/hdisdk-encryption-intransit/azureasyncoperations/create?api-version=2021-06-01",
      "RequestMethod": "GET",
      "RequestHeaders": {
        "Authorization": "Sanitized",
        "traceparent": "00-0692b877ed06f5489cba8abbcb740821-6f1f9919d065594b-00",
        "User-Agent": "azsdk-net-ResourceManager/1.3.0 (.NET Core 3.1.28; Microsoft Windows 10.0.22000)",
        "x-ms-client-request-id": "367be49d1a538b6ccf0641c54fd8bf64",
        "x-ms-return-client-request-id": "true"
      },
      "RequestBody": null,
      "StatusCode": 200,
      "ResponseHeaders": {
        "Cache-Control": "no-cache",
        "Content-Length": "23",
        "Content-Type": "application/json; charset=utf-8",
        "Date": "Wed, 07 Sep 2022 03:15:48 GMT",
        "Expires": "-1",
        "Pragma": "no-cache",
        "Server": "Microsoft-HTTPAPI/2.0",
        "Strict-Transport-Security": "max-age=31536000; includeSubDomains",
        "X-Content-Type-Options": "nosniff",
        "x-ms-correlation-request-id": "d98e86b0-421c-4a4e-b3b5-9be6d2f9e258",
        "x-ms-hdi-served-by": "eastus",
        "x-ms-ratelimit-remaining-subscription-reads": "11970",
        "x-ms-request-id": "1b2b7afa-6dd6-4b15-9cab-f35ab09b66a7",
        "x-ms-routing-request-id": "SOUTHEASTASIA:20220907T031548Z:d98e86b0-421c-4a4e-b3b5-9be6d2f9e258"
      },
      "ResponseBody": {
        "status": "InProgress"
      }
    },
    {
      "RequestUri": "https://management.azure.com/subscriptions/db1ab6f0-4769-4b27-930e-01e2ef9c123c/resourceGroups/HDInsightRG-2155/providers/Microsoft.HDInsight/clusters/hdisdk-encryption-intransit/azureasyncoperations/create?api-version=2021-06-01",
      "RequestMethod": "GET",
      "RequestHeaders": {
        "Authorization": "Sanitized",
        "traceparent": "00-0692b877ed06f5489cba8abbcb740821-22f0bcc5b57f6549-00",
        "User-Agent": "azsdk-net-ResourceManager/1.3.0 (.NET Core 3.1.28; Microsoft Windows 10.0.22000)",
        "x-ms-client-request-id": "bf01bafff4edb7dcb8b5165c4a3ce465",
        "x-ms-return-client-request-id": "true"
      },
      "RequestBody": null,
      "StatusCode": 200,
      "ResponseHeaders": {
        "Cache-Control": "no-cache",
        "Content-Length": "23",
        "Content-Type": "application/json; charset=utf-8",
        "Date": "Wed, 07 Sep 2022 03:16:21 GMT",
        "Expires": "-1",
        "Pragma": "no-cache",
        "Server": "Microsoft-HTTPAPI/2.0",
        "Strict-Transport-Security": "max-age=31536000; includeSubDomains",
        "X-Content-Type-Options": "nosniff",
        "x-ms-correlation-request-id": "df3f7ce1-29fe-480a-bb80-a06c84311420",
        "x-ms-hdi-served-by": "eastus",
        "x-ms-ratelimit-remaining-subscription-reads": "11969",
        "x-ms-request-id": "ba4a61ee-4830-4a64-ae1a-52b337f21d8f",
        "x-ms-routing-request-id": "SOUTHEASTASIA:20220907T031622Z:df3f7ce1-29fe-480a-bb80-a06c84311420"
      },
      "ResponseBody": {
        "status": "InProgress"
      }
    },
    {
      "RequestUri": "https://management.azure.com/subscriptions/db1ab6f0-4769-4b27-930e-01e2ef9c123c/resourceGroups/HDInsightRG-2155/providers/Microsoft.HDInsight/clusters/hdisdk-encryption-intransit/azureasyncoperations/create?api-version=2021-06-01",
      "RequestMethod": "GET",
      "RequestHeaders": {
        "Authorization": "Sanitized",
        "traceparent": "00-0692b877ed06f5489cba8abbcb740821-305a2ce9f5acd44a-00",
        "User-Agent": "azsdk-net-ResourceManager/1.3.0 (.NET Core 3.1.28; Microsoft Windows 10.0.22000)",
        "x-ms-client-request-id": "2e18024839a9d4cfd6674a761e322f5e",
        "x-ms-return-client-request-id": "true"
      },
      "RequestBody": null,
      "StatusCode": 200,
      "ResponseHeaders": {
        "Cache-Control": "no-cache",
        "Content-Length": "23",
        "Content-Type": "application/json; charset=utf-8",
        "Date": "Wed, 07 Sep 2022 03:16:54 GMT",
        "Expires": "-1",
        "Pragma": "no-cache",
        "Server": "Microsoft-HTTPAPI/2.0",
        "Strict-Transport-Security": "max-age=31536000; includeSubDomains",
        "X-Content-Type-Options": "nosniff",
        "x-ms-correlation-request-id": "0ed308dc-2470-4f0c-a336-67dc59d037b0",
        "x-ms-hdi-served-by": "eastus",
        "x-ms-ratelimit-remaining-subscription-reads": "11968",
        "x-ms-request-id": "14ff7553-141f-4963-a812-57d20116b8f4",
        "x-ms-routing-request-id": "SOUTHEASTASIA:20220907T031655Z:0ed308dc-2470-4f0c-a336-67dc59d037b0"
      },
      "ResponseBody": {
        "status": "InProgress"
      }
    },
    {
      "RequestUri": "https://management.azure.com/subscriptions/db1ab6f0-4769-4b27-930e-01e2ef9c123c/resourceGroups/HDInsightRG-2155/providers/Microsoft.HDInsight/clusters/hdisdk-encryption-intransit/azureasyncoperations/create?api-version=2021-06-01",
      "RequestMethod": "GET",
      "RequestHeaders": {
        "Authorization": "Sanitized",
        "traceparent": "00-0692b877ed06f5489cba8abbcb740821-699f29a2fa1a824f-00",
        "User-Agent": "azsdk-net-ResourceManager/1.3.0 (.NET Core 3.1.28; Microsoft Windows 10.0.22000)",
        "x-ms-client-request-id": "4d5ece466065a9f307c37e9d03104092",
        "x-ms-return-client-request-id": "true"
      },
      "RequestBody": null,
      "StatusCode": 200,
      "ResponseHeaders": {
        "Cache-Control": "no-cache",
        "Content-Length": "23",
        "Content-Type": "application/json; charset=utf-8",
        "Date": "Wed, 07 Sep 2022 03:17:27 GMT",
        "Expires": "-1",
        "Pragma": "no-cache",
        "Server": "Microsoft-HTTPAPI/2.0",
        "Strict-Transport-Security": "max-age=31536000; includeSubDomains",
        "X-Content-Type-Options": "nosniff",
        "x-ms-correlation-request-id": "a5a271ce-4ded-40f2-b6e0-7b13141eb255",
        "x-ms-hdi-served-by": "eastus",
        "x-ms-ratelimit-remaining-subscription-reads": "11967",
        "x-ms-request-id": "10465c25-0b3c-4492-86e3-0935a1bb1ab9",
        "x-ms-routing-request-id": "SOUTHEASTASIA:20220907T031728Z:a5a271ce-4ded-40f2-b6e0-7b13141eb255"
      },
      "ResponseBody": {
        "status": "InProgress"
      }
    },
    {
      "RequestUri": "https://management.azure.com/subscriptions/db1ab6f0-4769-4b27-930e-01e2ef9c123c/resourceGroups/HDInsightRG-2155/providers/Microsoft.HDInsight/clusters/hdisdk-encryption-intransit/azureasyncoperations/create?api-version=2021-06-01",
      "RequestMethod": "GET",
      "RequestHeaders": {
        "Authorization": "Sanitized",
        "traceparent": "00-0692b877ed06f5489cba8abbcb740821-6717adcab175d048-00",
        "User-Agent": "azsdk-net-ResourceManager/1.3.0 (.NET Core 3.1.28; Microsoft Windows 10.0.22000)",
        "x-ms-client-request-id": "4d7ddb2190bfc5bbea2ce986a9659885",
        "x-ms-return-client-request-id": "true"
      },
      "RequestBody": null,
      "StatusCode": 200,
      "ResponseHeaders": {
        "Cache-Control": "no-cache",
        "Content-Length": "23",
        "Content-Type": "application/json; charset=utf-8",
        "Date": "Wed, 07 Sep 2022 03:18:00 GMT",
        "Expires": "-1",
        "Pragma": "no-cache",
        "Server": "Microsoft-HTTPAPI/2.0",
        "Strict-Transport-Security": "max-age=31536000; includeSubDomains",
        "X-Content-Type-Options": "nosniff",
        "x-ms-correlation-request-id": "d3528d14-4396-4f90-91e0-4d9852507f66",
        "x-ms-hdi-served-by": "eastus",
        "x-ms-ratelimit-remaining-subscription-reads": "11966",
        "x-ms-request-id": "385bc2d9-5cc1-4a8b-9b52-5e37c04fbe78",
        "x-ms-routing-request-id": "SOUTHEASTASIA:20220907T031800Z:d3528d14-4396-4f90-91e0-4d9852507f66"
      },
      "ResponseBody": {
        "status": "InProgress"
      }
    },
    {
      "RequestUri": "https://management.azure.com/subscriptions/db1ab6f0-4769-4b27-930e-01e2ef9c123c/resourceGroups/HDInsightRG-2155/providers/Microsoft.HDInsight/clusters/hdisdk-encryption-intransit/azureasyncoperations/create?api-version=2021-06-01",
      "RequestMethod": "GET",
      "RequestHeaders": {
        "Authorization": "Sanitized",
        "traceparent": "00-0692b877ed06f5489cba8abbcb740821-f6a9dee705e29f4e-00",
        "User-Agent": "azsdk-net-ResourceManager/1.3.0 (.NET Core 3.1.28; Microsoft Windows 10.0.22000)",
        "x-ms-client-request-id": "7c15b78597dde7000e6f26e5bb31d1c5",
        "x-ms-return-client-request-id": "true"
      },
      "RequestBody": null,
      "StatusCode": 200,
      "ResponseHeaders": {
        "Cache-Control": "no-cache",
        "Content-Length": "23",
        "Content-Type": "application/json; charset=utf-8",
        "Date": "Wed, 07 Sep 2022 03:18:33 GMT",
        "Expires": "-1",
        "Pragma": "no-cache",
        "Server": "Microsoft-HTTPAPI/2.0",
        "Strict-Transport-Security": "max-age=31536000; includeSubDomains",
        "X-Content-Type-Options": "nosniff",
        "x-ms-correlation-request-id": "5c9dd080-8b34-4dfe-b720-b10814c9acf2",
        "x-ms-hdi-served-by": "eastus",
        "x-ms-ratelimit-remaining-subscription-reads": "11965",
        "x-ms-request-id": "b5bad20e-f8f4-453c-8191-8bcd1b22fb9e",
        "x-ms-routing-request-id": "SOUTHEASTASIA:20220907T031833Z:5c9dd080-8b34-4dfe-b720-b10814c9acf2"
      },
      "ResponseBody": {
        "status": "InProgress"
      }
    },
    {
      "RequestUri": "https://management.azure.com/subscriptions/db1ab6f0-4769-4b27-930e-01e2ef9c123c/resourceGroups/HDInsightRG-2155/providers/Microsoft.HDInsight/clusters/hdisdk-encryption-intransit/azureasyncoperations/create?api-version=2021-06-01",
      "RequestMethod": "GET",
      "RequestHeaders": {
        "Authorization": "Sanitized",
        "traceparent": "00-0692b877ed06f5489cba8abbcb740821-e4e36e08c7c44c47-00",
        "User-Agent": "azsdk-net-ResourceManager/1.3.0 (.NET Core 3.1.28; Microsoft Windows 10.0.22000)",
        "x-ms-client-request-id": "4355b826e1b5b59f13996238776d00a2",
        "x-ms-return-client-request-id": "true"
      },
      "RequestBody": null,
      "StatusCode": 200,
      "ResponseHeaders": {
        "Cache-Control": "no-cache",
        "Content-Length": "23",
        "Content-Type": "application/json; charset=utf-8",
        "Date": "Wed, 07 Sep 2022 03:19:06 GMT",
        "Expires": "-1",
        "Pragma": "no-cache",
        "Server": "Microsoft-HTTPAPI/2.0",
        "Strict-Transport-Security": "max-age=31536000; includeSubDomains",
        "X-Content-Type-Options": "nosniff",
        "x-ms-correlation-request-id": "53cd5afc-d7e9-4480-b225-ba9d6d0a40f3",
        "x-ms-hdi-served-by": "eastus",
        "x-ms-ratelimit-remaining-subscription-reads": "11964",
        "x-ms-request-id": "8c2513eb-4399-4ff2-820d-597a6b803349",
        "x-ms-routing-request-id": "SOUTHEASTASIA:20220907T031906Z:53cd5afc-d7e9-4480-b225-ba9d6d0a40f3"
      },
      "ResponseBody": {
        "status": "InProgress"
      }
    },
    {
      "RequestUri": "https://management.azure.com/subscriptions/db1ab6f0-4769-4b27-930e-01e2ef9c123c/resourceGroups/HDInsightRG-2155/providers/Microsoft.HDInsight/clusters/hdisdk-encryption-intransit/azureasyncoperations/create?api-version=2021-06-01",
      "RequestMethod": "GET",
      "RequestHeaders": {
        "Authorization": "Sanitized",
        "traceparent": "00-0692b877ed06f5489cba8abbcb740821-5ee54f14be78464b-00",
        "User-Agent": "azsdk-net-ResourceManager/1.3.0 (.NET Core 3.1.28; Microsoft Windows 10.0.22000)",
        "x-ms-client-request-id": "4b18f82ac4fa89b4db953f506ad509b9",
        "x-ms-return-client-request-id": "true"
      },
      "RequestBody": null,
      "StatusCode": 200,
      "ResponseHeaders": {
        "Cache-Control": "no-cache",
        "Content-Length": "23",
        "Content-Type": "application/json; charset=utf-8",
        "Date": "Wed, 07 Sep 2022 03:19:39 GMT",
        "Expires": "-1",
        "Pragma": "no-cache",
        "Server": "Microsoft-HTTPAPI/2.0",
        "Strict-Transport-Security": "max-age=31536000; includeSubDomains",
        "X-Content-Type-Options": "nosniff",
        "x-ms-correlation-request-id": "41cdd38c-dde4-430b-945f-0bd9338adf68",
        "x-ms-hdi-served-by": "eastus",
        "x-ms-ratelimit-remaining-subscription-reads": "11963",
        "x-ms-request-id": "651594a8-ae5d-4dca-a9b6-6ad4f56fbf11",
        "x-ms-routing-request-id": "SOUTHEASTASIA:20220907T031939Z:41cdd38c-dde4-430b-945f-0bd9338adf68"
      },
      "ResponseBody": {
        "status": "InProgress"
      }
    },
    {
      "RequestUri": "https://management.azure.com/subscriptions/db1ab6f0-4769-4b27-930e-01e2ef9c123c/resourceGroups/HDInsightRG-2155/providers/Microsoft.HDInsight/clusters/hdisdk-encryption-intransit/azureasyncoperations/create?api-version=2021-06-01",
      "RequestMethod": "GET",
      "RequestHeaders": {
        "Authorization": "Sanitized",
        "traceparent": "00-0692b877ed06f5489cba8abbcb740821-4ea7d59eccafa342-00",
        "User-Agent": "azsdk-net-ResourceManager/1.3.0 (.NET Core 3.1.28; Microsoft Windows 10.0.22000)",
        "x-ms-client-request-id": "f05f235b5510a4d01860694435c770a1",
        "x-ms-return-client-request-id": "true"
      },
      "RequestBody": null,
      "StatusCode": 200,
      "ResponseHeaders": {
        "Cache-Control": "no-cache",
        "Content-Length": "23",
        "Content-Type": "application/json; charset=utf-8",
        "Date": "Wed, 07 Sep 2022 03:20:11 GMT",
        "Expires": "-1",
        "Pragma": "no-cache",
        "Server": "Microsoft-HTTPAPI/2.0",
        "Strict-Transport-Security": "max-age=31536000; includeSubDomains",
        "X-Content-Type-Options": "nosniff",
        "x-ms-correlation-request-id": "31ad2d65-8346-413c-9a69-042afea33692",
        "x-ms-hdi-served-by": "eastus",
        "x-ms-ratelimit-remaining-subscription-reads": "11962",
        "x-ms-request-id": "013bfbd1-50de-4a53-9ac0-62d39fe33d7f",
        "x-ms-routing-request-id": "SOUTHEASTASIA:20220907T032012Z:31ad2d65-8346-413c-9a69-042afea33692"
      },
      "ResponseBody": {
        "status": "InProgress"
      }
    },
    {
      "RequestUri": "https://management.azure.com/subscriptions/db1ab6f0-4769-4b27-930e-01e2ef9c123c/resourceGroups/HDInsightRG-2155/providers/Microsoft.HDInsight/clusters/hdisdk-encryption-intransit/azureasyncoperations/create?api-version=2021-06-01",
      "RequestMethod": "GET",
      "RequestHeaders": {
        "Authorization": "Sanitized",
        "traceparent": "00-0692b877ed06f5489cba8abbcb740821-58b85cfa6d632940-00",
        "User-Agent": "azsdk-net-ResourceManager/1.3.0 (.NET Core 3.1.28; Microsoft Windows 10.0.22000)",
        "x-ms-client-request-id": "c2ba846f861962ca03cb681fa24e4a3d",
        "x-ms-return-client-request-id": "true"
      },
      "RequestBody": null,
      "StatusCode": 200,
      "ResponseHeaders": {
        "Cache-Control": "no-cache",
        "Content-Length": "23",
        "Content-Type": "application/json; charset=utf-8",
        "Date": "Wed, 07 Sep 2022 03:20:44 GMT",
        "Expires": "-1",
        "Pragma": "no-cache",
        "Server": "Microsoft-HTTPAPI/2.0",
        "Strict-Transport-Security": "max-age=31536000; includeSubDomains",
        "X-Content-Type-Options": "nosniff",
        "x-ms-correlation-request-id": "15926cc2-91b5-42b3-ab08-f69bd5f10967",
        "x-ms-hdi-served-by": "eastus",
        "x-ms-ratelimit-remaining-subscription-reads": "11961",
        "x-ms-request-id": "9ae61d7c-8373-4c01-999d-1a56a4e319dd",
        "x-ms-routing-request-id": "SOUTHEASTASIA:20220907T032045Z:15926cc2-91b5-42b3-ab08-f69bd5f10967"
      },
      "ResponseBody": {
        "status": "InProgress"
      }
    },
    {
      "RequestUri": "https://management.azure.com/subscriptions/db1ab6f0-4769-4b27-930e-01e2ef9c123c/resourceGroups/HDInsightRG-2155/providers/Microsoft.HDInsight/clusters/hdisdk-encryption-intransit/azureasyncoperations/create?api-version=2021-06-01",
      "RequestMethod": "GET",
      "RequestHeaders": {
        "Authorization": "Sanitized",
        "traceparent": "00-0692b877ed06f5489cba8abbcb740821-f1ea977a2eab3f4f-00",
        "User-Agent": "azsdk-net-ResourceManager/1.3.0 (.NET Core 3.1.28; Microsoft Windows 10.0.22000)",
        "x-ms-client-request-id": "53dda98f0f0dd5912874329a5b6f5413",
        "x-ms-return-client-request-id": "true"
      },
      "RequestBody": null,
      "StatusCode": 200,
      "ResponseHeaders": {
        "Cache-Control": "no-cache",
        "Content-Length": "23",
        "Content-Type": "application/json; charset=utf-8",
        "Date": "Wed, 07 Sep 2022 03:21:18 GMT",
        "Expires": "-1",
        "Pragma": "no-cache",
        "Server": "Microsoft-HTTPAPI/2.0",
        "Strict-Transport-Security": "max-age=31536000; includeSubDomains",
        "X-Content-Type-Options": "nosniff",
        "x-ms-correlation-request-id": "b0f8073e-4ced-4520-b128-908af99babdf",
        "x-ms-hdi-served-by": "eastus",
        "x-ms-ratelimit-remaining-subscription-reads": "11960",
        "x-ms-request-id": "0e752b71-4394-4fbb-b978-acddf46a50f3",
        "x-ms-routing-request-id": "SOUTHEASTASIA:20220907T032119Z:b0f8073e-4ced-4520-b128-908af99babdf"
      },
      "ResponseBody": {
        "status": "InProgress"
      }
    },
    {
      "RequestUri": "https://management.azure.com/subscriptions/db1ab6f0-4769-4b27-930e-01e2ef9c123c/resourceGroups/HDInsightRG-2155/providers/Microsoft.HDInsight/clusters/hdisdk-encryption-intransit/azureasyncoperations/create?api-version=2021-06-01",
      "RequestMethod": "GET",
      "RequestHeaders": {
        "Authorization": "Sanitized",
        "traceparent": "00-0692b877ed06f5489cba8abbcb740821-96213f0fbc4da543-00",
        "User-Agent": "azsdk-net-ResourceManager/1.3.0 (.NET Core 3.1.28; Microsoft Windows 10.0.22000)",
        "x-ms-client-request-id": "e6e19d24461ad49f58fdec45edb101ca",
        "x-ms-return-client-request-id": "true"
      },
      "RequestBody": null,
      "StatusCode": 200,
      "ResponseHeaders": {
        "Cache-Control": "no-cache",
        "Content-Length": "23",
        "Content-Type": "application/json; charset=utf-8",
        "Date": "Wed, 07 Sep 2022 03:21:51 GMT",
        "Expires": "-1",
        "Pragma": "no-cache",
        "Server": "Microsoft-HTTPAPI/2.0",
        "Strict-Transport-Security": "max-age=31536000; includeSubDomains",
        "X-Content-Type-Options": "nosniff",
        "x-ms-correlation-request-id": "b86276d0-b523-4c3b-bfde-442d7af4bfd2",
        "x-ms-hdi-served-by": "eastus",
        "x-ms-ratelimit-remaining-subscription-reads": "11959",
        "x-ms-request-id": "254c07e7-1c10-4f3f-b93e-502c44273d07",
        "x-ms-routing-request-id": "SOUTHEASTASIA:20220907T032152Z:b86276d0-b523-4c3b-bfde-442d7af4bfd2"
      },
      "ResponseBody": {
        "status": "InProgress"
      }
    },
    {
      "RequestUri": "https://management.azure.com/subscriptions/db1ab6f0-4769-4b27-930e-01e2ef9c123c/resourceGroups/HDInsightRG-2155/providers/Microsoft.HDInsight/clusters/hdisdk-encryption-intransit/azureasyncoperations/create?api-version=2021-06-01",
      "RequestMethod": "GET",
      "RequestHeaders": {
        "Authorization": "Sanitized",
        "traceparent": "00-0692b877ed06f5489cba8abbcb740821-00618fb57d84f94c-00",
        "User-Agent": "azsdk-net-ResourceManager/1.3.0 (.NET Core 3.1.28; Microsoft Windows 10.0.22000)",
        "x-ms-client-request-id": "8cb52b151dea5f93f2e59aa554300694",
        "x-ms-return-client-request-id": "true"
      },
      "RequestBody": null,
      "StatusCode": 200,
      "ResponseHeaders": {
        "Cache-Control": "no-cache",
        "Content-Length": "23",
        "Content-Type": "application/json; charset=utf-8",
        "Date": "Wed, 07 Sep 2022 03:22:24 GMT",
        "Expires": "-1",
        "Pragma": "no-cache",
        "Server": "Microsoft-HTTPAPI/2.0",
        "Strict-Transport-Security": "max-age=31536000; includeSubDomains",
        "X-Content-Type-Options": "nosniff",
        "x-ms-correlation-request-id": "8db49d22-b9d3-4cac-bf41-5927188e5eae",
        "x-ms-hdi-served-by": "eastus",
        "x-ms-ratelimit-remaining-subscription-reads": "11956",
        "x-ms-request-id": "42e81062-5ae5-42e1-af1e-f241c8cdcab2",
        "x-ms-routing-request-id": "SOUTHEASTASIA:20220907T032224Z:8db49d22-b9d3-4cac-bf41-5927188e5eae"
      },
      "ResponseBody": {
        "status": "InProgress"
      }
    },
    {
      "RequestUri": "https://management.azure.com/subscriptions/db1ab6f0-4769-4b27-930e-01e2ef9c123c/resourceGroups/HDInsightRG-2155/providers/Microsoft.HDInsight/clusters/hdisdk-encryption-intransit/azureasyncoperations/create?api-version=2021-06-01",
      "RequestMethod": "GET",
      "RequestHeaders": {
        "Authorization": "Sanitized",
        "traceparent": "00-0692b877ed06f5489cba8abbcb740821-69ddd1827e2fd548-00",
        "User-Agent": "azsdk-net-ResourceManager/1.3.0 (.NET Core 3.1.28; Microsoft Windows 10.0.22000)",
        "x-ms-client-request-id": "04fa5476646d48220908fa10224ce777",
        "x-ms-return-client-request-id": "true"
      },
      "RequestBody": null,
      "StatusCode": 200,
      "ResponseHeaders": {
        "Cache-Control": "no-cache",
        "Content-Length": "23",
        "Content-Type": "application/json; charset=utf-8",
        "Date": "Wed, 07 Sep 2022 03:22:57 GMT",
        "Expires": "-1",
        "Pragma": "no-cache",
        "Server": "Microsoft-HTTPAPI/2.0",
        "Strict-Transport-Security": "max-age=31536000; includeSubDomains",
        "X-Content-Type-Options": "nosniff",
        "x-ms-correlation-request-id": "ff311de9-3e30-4689-8d7c-64090904a126",
        "x-ms-hdi-served-by": "eastus",
        "x-ms-ratelimit-remaining-subscription-reads": "11952",
        "x-ms-request-id": "70bd6a6a-9258-4edc-a50b-1674519a21fd",
        "x-ms-routing-request-id": "SOUTHEASTASIA:20220907T032257Z:ff311de9-3e30-4689-8d7c-64090904a126"
      },
      "ResponseBody": {
        "status": "InProgress"
      }
    },
    {
      "RequestUri": "https://management.azure.com/subscriptions/db1ab6f0-4769-4b27-930e-01e2ef9c123c/resourceGroups/HDInsightRG-2155/providers/Microsoft.HDInsight/clusters/hdisdk-encryption-intransit/azureasyncoperations/create?api-version=2021-06-01",
      "RequestMethod": "GET",
      "RequestHeaders": {
        "Authorization": "Sanitized",
        "traceparent": "00-0692b877ed06f5489cba8abbcb740821-4868f4156a0b2242-00",
        "User-Agent": "azsdk-net-ResourceManager/1.3.0 (.NET Core 3.1.28; Microsoft Windows 10.0.22000)",
        "x-ms-client-request-id": "2f846872c8ba07290a81f335acfa8027",
        "x-ms-return-client-request-id": "true"
      },
      "RequestBody": null,
      "StatusCode": 200,
      "ResponseHeaders": {
        "Cache-Control": "no-cache",
        "Content-Length": "23",
        "Content-Type": "application/json; charset=utf-8",
        "Date": "Wed, 07 Sep 2022 03:23:29 GMT",
        "Expires": "-1",
        "Pragma": "no-cache",
        "Server": "Microsoft-HTTPAPI/2.0",
        "Strict-Transport-Security": "max-age=31536000; includeSubDomains",
        "X-Content-Type-Options": "nosniff",
        "x-ms-correlation-request-id": "bd7675df-2388-448c-b1b3-8524fabaefc4",
        "x-ms-hdi-served-by": "eastus",
        "x-ms-ratelimit-remaining-subscription-reads": "11951",
        "x-ms-request-id": "b2e93110-27c0-42ee-ab9a-7cbad8998ef0",
        "x-ms-routing-request-id": "SOUTHEASTASIA:20220907T032330Z:bd7675df-2388-448c-b1b3-8524fabaefc4"
      },
      "ResponseBody": {
        "status": "InProgress"
      }
    },
    {
      "RequestUri": "https://management.azure.com/subscriptions/db1ab6f0-4769-4b27-930e-01e2ef9c123c/resourceGroups/HDInsightRG-2155/providers/Microsoft.HDInsight/clusters/hdisdk-encryption-intransit/azureasyncoperations/create?api-version=2021-06-01",
      "RequestMethod": "GET",
      "RequestHeaders": {
        "Authorization": "Sanitized",
        "traceparent": "00-0692b877ed06f5489cba8abbcb740821-4bd8f138fce9f240-00",
        "User-Agent": "azsdk-net-ResourceManager/1.3.0 (.NET Core 3.1.28; Microsoft Windows 10.0.22000)",
        "x-ms-client-request-id": "98cf58f6fcb6b15c096c82e122823da6",
        "x-ms-return-client-request-id": "true"
      },
      "RequestBody": null,
      "StatusCode": 200,
      "ResponseHeaders": {
        "Cache-Control": "no-cache",
        "Content-Length": "22",
        "Content-Type": "application/json; charset=utf-8",
        "Date": "Wed, 07 Sep 2022 03:24:02 GMT",
        "Expires": "-1",
        "Pragma": "no-cache",
        "Server": "Microsoft-HTTPAPI/2.0",
        "Strict-Transport-Security": "max-age=31536000; includeSubDomains",
        "X-Content-Type-Options": "nosniff",
        "x-ms-correlation-request-id": "70c093b7-4aa1-44ca-b24c-09807adab34b",
        "x-ms-hdi-served-by": "eastus",
        "x-ms-ratelimit-remaining-subscription-reads": "11950",
        "x-ms-request-id": "fe7ce4da-5633-46ac-90dc-b4e9fa2588e1",
        "x-ms-routing-request-id": "SOUTHEASTASIA:20220907T032403Z:70c093b7-4aa1-44ca-b24c-09807adab34b"
      },
      "ResponseBody": {
        "status": "Succeeded"
      }
    },
    {
      "RequestUri": "https://management.azure.com/subscriptions/db1ab6f0-4769-4b27-930e-01e2ef9c123c/resourceGroups/HDInsightRG-2155/providers/Microsoft.HDInsight/clusters/hdisdk-encryption-intransit?api-version=2021-06-01",
      "RequestMethod": "GET",
      "RequestHeaders": {
        "Authorization": "Sanitized",
        "traceparent": "00-0692b877ed06f5489cba8abbcb740821-ec185b09aef3d849-00",
        "User-Agent": "azsdk-net-ResourceManager/1.3.0 (.NET Core 3.1.28; Microsoft Windows 10.0.22000)",
        "x-ms-client-request-id": "eb3223fdd7acadd92bf3faec71ed9c0f",
        "x-ms-return-client-request-id": "true"
      },
      "RequestBody": null,
      "StatusCode": 200,
      "ResponseHeaders": {
        "Cache-Control": "no-cache",
        "Content-Length": "2081",
        "Content-Type": "application/json; charset=utf-8",
        "Date": "Wed, 07 Sep 2022 03:24:03 GMT",
        "Expires": "-1",
        "Pragma": "no-cache",
        "Server": "Microsoft-HTTPAPI/2.0",
        "Strict-Transport-Security": "max-age=31536000; includeSubDomains",
        "X-Content-Type-Options": "nosniff",
        "x-ms-correlation-request-id": "37e013ba-d8fb-4f9e-93bf-f7fc3640e4d7",
        "x-ms-hdi-served-by": "eastus",
        "x-ms-ratelimit-remaining-subscription-reads": "11949",
        "x-ms-request-id": "a51ae0b4-3596-494d-b1e2-1494de9b04c3",
        "x-ms-routing-request-id": "SOUTHEASTASIA:20220907T032404Z:37e013ba-d8fb-4f9e-93bf-f7fc3640e4d7"
      },
      "ResponseBody": {
        "id": "/subscriptions/db1ab6f0-4769-4b27-930e-01e2ef9c123c/resourceGroups/HDInsightRG-2155/providers/Microsoft.HDInsight/clusters/hdisdk-encryption-intransit",
        "name": "hdisdk-encryption-intransit",
        "type": "Microsoft.HDInsight/clusters",
        "location": "East US",
        "etag": "7496145d-8035-4495-9be1-0f5913b0bbfb",
        "tags": {
          "key0": "value0"
        },
        "properties": {
          "clusterVersion": "3.6.2000.67",
          "clusterHdpVersion": "2.6.5.3033-1",
          "osType": "Linux",
          "clusterDefinition": {
            "blueprint": "https://blueprints.azurehdinsight.net/spark-3.6.2000.67.2201042214.json",
            "kind": "Spark",
            "componentVersion": {
              "Spark": "2.3"
            }
          },
          "clusterId": "47d79d073c634de4bb2569716afef9da",
          "computeProfile": {
            "roles": [
              {
                "name": "headnode",
                "targetInstanceCount": 2,
                "hardwareProfile": {
                  "vmSize": "standard_a4_v2"
                },
                "osProfile": {
                  "linuxOperatingSystemProfile": {
                    "username": "sshuser5951"
                  }
                },
                "encryptDataDisks": false
              },
              {
                "name": "workernode",
                "targetInstanceCount": 3,
                "hardwareProfile": {
                  "vmSize": "standard_a4_v2"
                },
                "osProfile": {
                  "linuxOperatingSystemProfile": {
                    "username": "sshuser5951"
                  }
                },
                "encryptDataDisks": false
              },
              {
                "name": "zookeepernode",
                "targetInstanceCount": 3,
                "hardwareProfile": {
                  "vmSize": "standard_a1_v2"
                },
                "osProfile": {
                  "linuxOperatingSystemProfile": {
                    "username": "sshuser5951"
                  }
                },
                "encryptDataDisks": false
              }
            ]
          },
          "provisioningState": "Succeeded",
          "clusterState": "Running",
          "createdDate": "2022-09-07T03:04:40.867",
          "quotaInfo": {
            "coresUsed": 20
          },
          "connectivityEndpoints": [
            {
              "name": "SSH",
              "protocol": "TCP",
              "location": "hdisdk-encryption-intransit-ssh.azurehdinsight.net",
              "port": 22
            },
            {
              "name": "HTTPS",
              "protocol": "TCP",
              "location": "hdisdk-encryption-intransit.azurehdinsight.net",
              "port": 443
            }
          ],
          "tier": "standard",
          "encryptionInTransitProperties": {
            "isEncryptionInTransitEnabled": true
          },
          "storageProfile": {
            "storageaccounts": [
              {
                "name": "azstorageforcluster2222.blob.core.windows.net",
                "resourceId": null,
                "msiResourceId": null,
                "key": null,
                "fileSystem": null,
                "container": "container3950",
                "saskey": null,
                "isDefault": true,
                "fileshare": null
              }
            ]
          },
          "excludedServicesConfig": {
            "excludedServicesConfigId": "default",
            "excludedServicesList": ""
          },
          "computeIsolationProperties": {
            "enableComputeIsolation": false,
            "hostSku": null
          }
        }
      }
    }
  ],
  "Variables": {
    "AZURE_AUTHORITY_HOST": "https://login.microsoftonline.com",
    "RandomSeed": "2043845827",
    "RESOURCE_MANAGER_URL": null,
    "SUBSCRIPTION_ID": "db1ab6f0-4769-4b27-930e-01e2ef9c123c"
  }
}
