{
  "Entries": [
    {
      "RequestUri": "/luis/api/v2.0/apps/741516ba-5148-4f5c-91cc-f25d10d3a22e/versions/0.1/prebuilts",
      "EncodedRequestUri": "L2x1aXMvYXBpL3YyLjAvYXBwcy83NDE1MTZiYS01MTQ4LTRmNWMtOTFjYy1mMjVkMTBkM2EyMmUvdmVyc2lvbnMvMC4xL3ByZWJ1aWx0cw==",
      "RequestMethod": "POST",
      "RequestBody": "[\r\n  \"datetimeV2\"\r\n]",
      "RequestHeaders": {
        "Ocp-Apim-Subscription-Key": [
          "00000000000000000000000000000000"
        ],
        "User-Agent": [
          "FxVersion/4.6.26614.01",
          "OSName/Windows",
          "OSVersion/Microsoft.Windows.10.0.17763.",
          "Microsoft.Azure.CognitiveServices.Language.LUIS.Authoring.LUISAuthoringClient/3.0.0.0"
        ],
        "Content-Type": [
          "application/json; charset=utf-8"
        ],
        "Content-Length": [
          "20"
        ]
      },
      "ResponseHeaders": {
        "Cache-Control": [
          "no-store, proxy-revalidate, no-cache, max-age=0, private"
        ],
        "Date": [
          "Wed, 13 Feb 2019 00:49:51 GMT"
        ],
        "Pragma": [
          "no-cache"
        ],
        "Apim-Request-Id": [
          "b90b78b2-cd99-48ef-a56e-303daace9b0a"
        ],
        "Request-Id": [
          "b90b78b2-cd99-48ef-a56e-303daace9b0a"
        ],
        "Strict-Transport-Security": [
          "max-age=31536000; includeSubDomains; preload"
        ],
        "Request-Context": [
          "appId=cid-v1:26a3540d-a02a-4998-a060-715488fd769b"
        ],
        "X-Content-Type-Options": [
          "nosniff"
        ],
        "X-Frame-Options": [
          "SAMEORIGIN"
        ],
        "Content-Length": [
          "132"
        ],
        "Content-Type": [
          "application/json; charset=utf-8"
        ]
      },
      "ResponseBody": "[\r\n  {\r\n    \"id\": \"85f48384-bf85-47de-b991-d3f8714d24f0\",\r\n    \"name\": \"datetimeV2\",\r\n    \"typeId\": 2,\r\n    \"readableType\": \"Prebuilt Entity Extractor\",\r\n    \"roles\": []\r\n  }\r\n]",
      "StatusCode": 201
    },
    {
      "RequestUri": "/luis/api/v2.0/apps/741516ba-5148-4f5c-91cc-f25d10d3a22e/versions/0.1/compositeentities",
      "EncodedRequestUri": "L2x1aXMvYXBpL3YyLjAvYXBwcy83NDE1MTZiYS01MTQ4LTRmNWMtOTFjYy1mMjVkMTBkM2EyMmUvdmVyc2lvbnMvMC4xL2NvbXBvc2l0ZWVudGl0aWVz",
      "RequestMethod": "POST",
      "RequestBody": "{\r\n  \"children\": [\r\n    \"datetimeV2\"\r\n  ],\r\n  \"name\": \"CompositeTest\"\r\n}",
      "RequestHeaders": {
        "Ocp-Apim-Subscription-Key": [
          "00000000000000000000000000000000"
        ],
        "User-Agent": [
          "FxVersion/4.6.26614.01",
          "OSName/Windows",
          "OSVersion/Microsoft.Windows.10.0.17763.",
          "Microsoft.Azure.CognitiveServices.Language.LUIS.Authoring.LUISAuthoringClient/3.0.0.0"
        ],
        "Content-Type": [
          "application/json; charset=utf-8"
        ],
        "Content-Length": [
          "72"
        ]
      },
      "ResponseHeaders": {
        "Cache-Control": [
          "no-store, proxy-revalidate, no-cache, max-age=0, private"
        ],
        "Date": [
          "Wed, 13 Feb 2019 00:49:52 GMT"
        ],
        "Pragma": [
          "no-cache"
        ],
        "Location": [
          "https://westus.api.cognitive.microsoft.com/luis/api/v2.0/apps/741516ba-5148-4f5c-91cc-f25d10d3a22e/versions/0.1/compositeentities/9a1de4be-13cb-4813-8c53-f8ca6e0b67f5"
        ],
        "Apim-Request-Id": [
          "53076b2e-3949-41e9-aa00-476e9b80d6ea"
        ],
        "Request-Id": [
          "53076b2e-3949-41e9-aa00-476e9b80d6ea"
        ],
        "Operation-Location": [
          "https://westus.api.cognitive.microsoft.com/luis/api/v2.0/apps/741516ba-5148-4f5c-91cc-f25d10d3a22e/versions/0.1/compositeentities/9a1de4be-13cb-4813-8c53-f8ca6e0b67f5"
        ],
        "Strict-Transport-Security": [
          "max-age=31536000; includeSubDomains; preload"
        ],
        "Request-Context": [
          "appId=cid-v1:26a3540d-a02a-4998-a060-715488fd769b"
        ],
        "X-Content-Type-Options": [
          "nosniff"
        ],
        "X-Frame-Options": [
          "SAMEORIGIN"
        ],
        "Content-Length": [
          "38"
        ],
        "Content-Type": [
          "application/json; charset=utf-8"
        ]
      },
      "ResponseBody": "\"9a1de4be-13cb-4813-8c53-f8ca6e0b67f5\"",
      "StatusCode": 201
    },
    {
      "RequestUri": "/luis/api/v2.0/apps/741516ba-5148-4f5c-91cc-f25d10d3a22e/versions/0.1/compositeentities/9a1de4be-13cb-4813-8c53-f8ca6e0b67f5",
      "EncodedRequestUri": "L2x1aXMvYXBpL3YyLjAvYXBwcy83NDE1MTZiYS01MTQ4LTRmNWMtOTFjYy1mMjVkMTBkM2EyMmUvdmVyc2lvbnMvMC4xL2NvbXBvc2l0ZWVudGl0aWVzLzlhMWRlNGJlLTEzY2ItNDgxMy04YzUzLWY4Y2E2ZTBiNjdmNQ==",
      "RequestMethod": "PUT",
      "RequestBody": "{\r\n  \"children\": [\r\n    \"datetimeV2\"\r\n  ],\r\n  \"name\": \"CompositeTestUpdate\"\r\n}",
      "RequestHeaders": {
        "Ocp-Apim-Subscription-Key": [
          "00000000000000000000000000000000"
        ],
        "User-Agent": [
          "FxVersion/4.6.26614.01",
          "OSName/Windows",
          "OSVersion/Microsoft.Windows.10.0.17763.",
          "Microsoft.Azure.CognitiveServices.Language.LUIS.Authoring.LUISAuthoringClient/3.0.0.0"
        ],
        "Content-Type": [
          "application/json; charset=utf-8"
        ],
        "Content-Length": [
          "78"
        ]
      },
      "ResponseHeaders": {
        "Cache-Control": [
          "no-store, proxy-revalidate, no-cache, max-age=0, private"
        ],
        "Date": [
          "Wed, 13 Feb 2019 00:49:52 GMT"
        ],
        "Pragma": [
          "no-cache"
        ],
        "Apim-Request-Id": [
          "67a8fc27-5fdd-4f03-8e33-051405fdbd85"
        ],
        "Request-Id": [
          "67a8fc27-5fdd-4f03-8e33-051405fdbd85"
        ],
        "Strict-Transport-Security": [
          "max-age=31536000; includeSubDomains; preload"
        ],
        "Request-Context": [
          "appId=cid-v1:26a3540d-a02a-4998-a060-715488fd769b"
        ],
        "X-Content-Type-Options": [
          "nosniff"
        ],
        "X-Frame-Options": [
          "SAMEORIGIN"
        ],
        "Content-Length": [
          "51"
        ],
        "Content-Type": [
          "application/json; charset=utf-8"
        ]
      },
      "ResponseBody": "{\r\n  \"code\": \"Success\",\r\n  \"message\": \"Operation Successful\"\r\n}",
      "StatusCode": 200
    },
    {
      "RequestUri": "/luis/api/v2.0/apps/741516ba-5148-4f5c-91cc-f25d10d3a22e/versions/0.1/compositeentities?skip=0&take=100",
      "EncodedRequestUri": "L2x1aXMvYXBpL3YyLjAvYXBwcy83NDE1MTZiYS01MTQ4LTRmNWMtOTFjYy1mMjVkMTBkM2EyMmUvdmVyc2lvbnMvMC4xL2NvbXBvc2l0ZWVudGl0aWVzP3NraXA9MCZ0YWtlPTEwMA==",
      "RequestMethod": "GET",
      "RequestBody": "",
      "RequestHeaders": {
        "Ocp-Apim-Subscription-Key": [
          "00000000000000000000000000000000"
        ],
        "User-Agent": [
          "FxVersion/4.6.26614.01",
          "OSName/Windows",
          "OSVersion/Microsoft.Windows.10.0.17763.",
          "Microsoft.Azure.CognitiveServices.Language.LUIS.Authoring.LUISAuthoringClient/3.0.0.0"
        ]
      },
      "ResponseHeaders": {
        "Cache-Control": [
          "no-store, proxy-revalidate, no-cache, max-age=0, private"
        ],
        "Date": [
          "Wed, 13 Feb 2019 00:49:52 GMT"
        ],
        "Pragma": [
          "no-cache"
        ],
        "Apim-Request-Id": [
          "29e9becb-1044-4b91-a726-5ba2e72e88f1"
        ],
        "Request-Id": [
          "29e9becb-1044-4b91-a726-5ba2e72e88f1"
        ],
        "Strict-Transport-Security": [
          "max-age=31536000; includeSubDomains; preload"
        ],
        "Request-Context": [
          "appId=cid-v1:26a3540d-a02a-4998-a060-715488fd769b"
        ],
        "X-Content-Type-Options": [
          "nosniff"
        ],
        "X-Frame-Options": [
          "SAMEORIGIN"
        ],
        "Content-Length": [
          "221"
        ],
        "Content-Type": [
          "application/json; charset=utf-8"
        ]
      },
      "ResponseBody": "[\r\n  {\r\n    \"id\": \"9a1de4be-13cb-4813-8c53-f8ca6e0b67f5\",\r\n    \"name\": \"CompositeTestUpdate\",\r\n    \"typeId\": 4,\r\n    \"readableType\": \"Composite Entity Extractor\",\r\n    \"children\": [\r\n      {\r\n        \"id\": \"85f48384-bf85-47de-b991-d3f8714d24f0\",\r\n        \"name\": \"datetimeV2\"\r\n      }\r\n    ],\r\n    \"roles\": []\r\n  }\r\n]",
      "StatusCode": 200
    },
    {
      "RequestUri": "/luis/api/v2.0/apps/741516ba-5148-4f5c-91cc-f25d10d3a22e/versions/0.1/compositeentities/9a1de4be-13cb-4813-8c53-f8ca6e0b67f5",
      "EncodedRequestUri": "L2x1aXMvYXBpL3YyLjAvYXBwcy83NDE1MTZiYS01MTQ4LTRmNWMtOTFjYy1mMjVkMTBkM2EyMmUvdmVyc2lvbnMvMC4xL2NvbXBvc2l0ZWVudGl0aWVzLzlhMWRlNGJlLTEzY2ItNDgxMy04YzUzLWY4Y2E2ZTBiNjdmNQ==",
      "RequestMethod": "DELETE",
      "RequestBody": "",
      "RequestHeaders": {
        "Ocp-Apim-Subscription-Key": [
          "00000000000000000000000000000000"
        ],
        "User-Agent": [
          "FxVersion/4.6.26614.01",
          "OSName/Windows",
          "OSVersion/Microsoft.Windows.10.0.17763.",
          "Microsoft.Azure.CognitiveServices.Language.LUIS.Authoring.LUISAuthoringClient/3.0.0.0"
        ]
      },
      "ResponseHeaders": {
        "Cache-Control": [
          "no-store, proxy-revalidate, no-cache, max-age=0, private"
        ],
        "Date": [
          "Wed, 13 Feb 2019 00:49:53 GMT"
        ],
        "Pragma": [
          "no-cache"
        ],
        "Apim-Request-Id": [
          "bf5cd65b-3276-46fa-ad1f-2eabb1526782"
        ],
        "Request-Id": [
          "bf5cd65b-3276-46fa-ad1f-2eabb1526782"
        ],
        "Strict-Transport-Security": [
          "max-age=31536000; includeSubDomains; preload"
        ],
        "Request-Context": [
          "appId=cid-v1:26a3540d-a02a-4998-a060-715488fd769b"
        ],
        "X-Content-Type-Options": [
          "nosniff"
        ],
        "X-Frame-Options": [
          "SAMEORIGIN"
        ],
        "Content-Length": [
          "51"
        ],
        "Content-Type": [
          "application/json; charset=utf-8"
        ]
      },
      "ResponseBody": "{\r\n  \"code\": \"Success\",\r\n  \"message\": \"Operation Successful\"\r\n}",
      "StatusCode": 200
    },
    {
      "RequestUri": "/luis/api/v2.0/apps/741516ba-5148-4f5c-91cc-f25d10d3a22e/versions/0.1/prebuilts/85f48384-bf85-47de-b991-d3f8714d24f0",
      "EncodedRequestUri": "L2x1aXMvYXBpL3YyLjAvYXBwcy83NDE1MTZiYS01MTQ4LTRmNWMtOTFjYy1mMjVkMTBkM2EyMmUvdmVyc2lvbnMvMC4xL3ByZWJ1aWx0cy84NWY0ODM4NC1iZjg1LTQ3ZGUtYjk5MS1kM2Y4NzE0ZDI0ZjA=",
      "RequestMethod": "DELETE",
      "RequestBody": "",
      "RequestHeaders": {
        "Ocp-Apim-Subscription-Key": [
          "00000000000000000000000000000000"
        ],
        "User-Agent": [
          "FxVersion/4.6.26614.01",
          "OSName/Windows",
          "OSVersion/Microsoft.Windows.10.0.17763.",
          "Microsoft.Azure.CognitiveServices.Language.LUIS.Authoring.LUISAuthoringClient/3.0.0.0"
        ]
      },
      "ResponseHeaders": {
        "Cache-Control": [
          "no-store, proxy-revalidate, no-cache, max-age=0, private"
        ],
        "Date": [
          "Wed, 13 Feb 2019 00:49:53 GMT"
        ],
        "Pragma": [
          "no-cache"
        ],
        "Apim-Request-Id": [
          "9646033c-a72f-4555-b1dd-618ddc44a7e8"
        ],
        "Request-Id": [
          "9646033c-a72f-4555-b1dd-618ddc44a7e8"
        ],
        "Strict-Transport-Security": [
          "max-age=31536000; includeSubDomains; preload"
        ],
        "Request-Context": [
          "appId=cid-v1:26a3540d-a02a-4998-a060-715488fd769b"
        ],
        "X-Content-Type-Options": [
          "nosniff"
        ],
        "X-Frame-Options": [
          "SAMEORIGIN"
        ],
        "Content-Length": [
          "51"
        ],
        "Content-Type": [
          "application/json; charset=utf-8"
        ]
      },
      "ResponseBody": "{\r\n  \"code\": \"Success\",\r\n  \"message\": \"Operation Successful\"\r\n}",
      "StatusCode": 200
    }
  ],
  "Names": {},
  "Variables": {}
}