{
  "Entries": [
    {
      "RequestUri": "https://management.azure.com/subscriptions/f3d94233-a9aa-4241-ac82-2dfb63ce637a?api-version=2021-01-01",
      "RequestMethod": "GET",
      "RequestHeaders": {
        "Accept": "application/json",
        "Authorization": "Sanitized",
        "User-Agent": [
          "azsdk-net-ResourceManager/1.0.0-beta.2",
          "(.NET 5.0.10; Microsoft Windows 10.0.19043)"
        ],
        "x-ms-client-request-id": "d1f33a210c982615967aa180d1f4be61",
        "x-ms-return-client-request-id": "true"
      },
      "RequestBody": null,
      "StatusCode": 200,
      "ResponseHeaders": {
        "Cache-Control": "no-cache",
        "Content-Length": "410",
        "Content-Type": "application/json; charset=utf-8",
        "Date": "Thu, 16 Sep 2021 06:04:00 GMT",
        "Expires": "-1",
        "Pragma": "no-cache",
        "Strict-Transport-Security": "max-age=31536000; includeSubDomains",
        "X-Content-Type-Options": "nosniff",
        "x-ms-correlation-request-id": "8293667b-80e8-4e60-9b70-65b9a588bf0b",
        "x-ms-ratelimit-remaining-subscription-reads": "11866",
        "x-ms-request-id": "8293667b-80e8-4e60-9b70-65b9a588bf0b",
        "x-ms-routing-request-id": "SOUTHEASTASIA:20210916T060400Z:8293667b-80e8-4e60-9b70-65b9a588bf0b"
      },
      "ResponseBody": {
        "id": "/subscriptions/f3d94233-a9aa-4241-ac82-2dfb63ce637a",
        "authorizationSource": "RoleBased",
        "managedByTenants": [],
        "subscriptionId": "f3d94233-a9aa-4241-ac82-2dfb63ce637a",
        "tenantId": "75743128-1c62-4904-9be1-c23c1edb9a9f",
        "displayName": "Visual Studio Enterprise Subscription",
        "state": "Enabled",
        "subscriptionPolicies": {
          "locationPlacementId": "Public_2014-09-01",
          "quotaId": "MSDN_2014-09-01",
          "spendingLimit": "On"
        }
      }
    },
    {
      "RequestUri": "https://management.azure.com/subscriptions/f3d94233-a9aa-4241-ac82-2dfb63ce637a/resourcegroups/testRg-783?api-version=2021-04-01",
      "RequestMethod": "PUT",
      "RequestHeaders": {
        "Accept": "application/json",
        "Authorization": "Sanitized",
        "Content-Length": "31",
        "Content-Type": "application/json",
        "traceparent": "00-207b09c12341824a97a020c7e77e5bcd-01034e0ab3b64d45-00",
        "User-Agent": [
          "azsdk-net-ResourceManager/1.0.0-beta.2",
          "(.NET 5.0.10; Microsoft Windows 10.0.19043)"
        ],
        "x-ms-client-request-id": "00989d8e320adc8ee734dc518e5a17f4",
        "x-ms-return-client-request-id": "true"
      },
      "RequestBody": {
        "tags": {},
        "location": "westus"
      },
      "StatusCode": 201,
      "ResponseHeaders": {
        "Cache-Control": "no-cache",
        "Content-Length": "217",
        "Content-Type": "application/json; charset=utf-8",
        "Date": "Thu, 16 Sep 2021 06:04:01 GMT",
        "Expires": "-1",
        "Pragma": "no-cache",
        "Strict-Transport-Security": "max-age=31536000; includeSubDomains",
        "X-Content-Type-Options": "nosniff",
        "x-ms-correlation-request-id": "26d679e5-6584-4835-b68e-1d39d7737f8e",
        "x-ms-ratelimit-remaining-subscription-writes": "1199",
        "x-ms-request-id": "26d679e5-6584-4835-b68e-1d39d7737f8e",
        "x-ms-routing-request-id": "SOUTHEASTASIA:20210916T060402Z:26d679e5-6584-4835-b68e-1d39d7737f8e"
      },
      "ResponseBody": {
        "id": "/subscriptions/f3d94233-a9aa-4241-ac82-2dfb63ce637a/resourceGroups/testRg-783",
        "name": "testRg-783",
        "type": "Microsoft.Resources/resourceGroups",
        "location": "westus",
        "properties": {
          "provisioningState": "Succeeded"
        }
      }
    },
    {
      "RequestUri": "https://management.azure.com/subscriptions/f3d94233-a9aa-4241-ac82-2dfb63ce637a/resourceGroups/testRg-783/providers/Microsoft.Cdn/profiles/profile-983?api-version=2020-09-01",
      "RequestMethod": "PUT",
      "RequestHeaders": {
        "Accept": "application/json",
        "Authorization": "Sanitized",
        "Content-Length": "80",
        "Content-Type": "application/json",
        "User-Agent": [
          "azsdk-net-ResourceManager.Cdn/1.0.0-alpha.20210916.1",
          "(.NET 5.0.10; Microsoft Windows 10.0.19043)"
        ],
        "x-ms-client-request-id": "ea351dcc3a27cd7dd3f4bae379b0768a",
        "x-ms-return-client-request-id": "true"
      },
      "RequestBody": {
        "sku": {
          "name": "Standard_Akamai"
        },
        "tags": {},
        "location": "westus",
        "properties": {}
      },
      "StatusCode": 201,
      "ResponseHeaders": {
        "Azure-AsyncOperation": "https://management.azure.com/subscriptions/f3d94233-a9aa-4241-ac82-2dfb63ce637a/resourcegroups/testRg-783/providers/Microsoft.Cdn/operationresults/50dbec8e-0c3e-4eb3-b67a-ab1b0eedac44?api-version=2020-09-01",
        "Cache-Control": "no-cache",
        "Content-Length": "333",
        "Content-Type": "application/json; charset=utf-8",
        "Date": "Thu, 16 Sep 2021 06:04:29 GMT",
        "Expires": "-1",
        "Pragma": "no-cache",
        "Retry-After": "10",
        "Server": "Kestrel",
        "Strict-Transport-Security": "max-age=31536000; includeSubDomains",
        "X-Content-Type-Options": "nosniff",
        "x-ms-client-request-id": "ea351dcc3a27cd7dd3f4bae379b0768a",
        "x-ms-correlation-request-id": "39c113ab-8272-4a5e-af0c-822d3a33e057",
        "x-ms-ratelimit-remaining-subscription-resource-requests": "24",
        "x-ms-request-id": "ccbb2ff7-5147-4f57-aab6-a2c05246d7ec",
        "x-ms-routing-request-id": "SOUTHEASTASIA:20210916T060429Z:39c113ab-8272-4a5e-af0c-822d3a33e057"
      },
      "ResponseBody": {
        "id": "/subscriptions/f3d94233-a9aa-4241-ac82-2dfb63ce637a/resourcegroups/testRg-783/providers/Microsoft.Cdn/profiles/profile-983",
        "type": "Microsoft.Cdn/profiles",
        "name": "profile-983",
        "location": "WestUs",
        "kind": "cdn",
        "tags": {},
        "sku": {
          "name": "Standard_Akamai"
        },
        "properties": {
          "resourceState": "Creating",
          "provisioningState": "Creating"
        }
      }
    },
    {
      "RequestUri": "https://management.azure.com/subscriptions/f3d94233-a9aa-4241-ac82-2dfb63ce637a/resourcegroups/testRg-783/providers/Microsoft.Cdn/operationresults/50dbec8e-0c3e-4eb3-b67a-ab1b0eedac44?api-version=2020-09-01",
      "RequestMethod": "GET",
      "RequestHeaders": {
        "Authorization": "Sanitized",
        "User-Agent": [
          "azsdk-net-ResourceManager/1.0.0-beta.2",
          "(.NET 5.0.10; Microsoft Windows 10.0.19043)"
        ],
        "x-ms-client-request-id": "a028fb8c0d2b63661a33363ed3f96d84",
        "x-ms-return-client-request-id": "true"
      },
      "RequestBody": null,
      "StatusCode": 200,
      "ResponseHeaders": {
        "Cache-Control": "no-cache",
        "Content-Length": "62",
        "Content-Type": "application/json; charset=utf-8",
        "Date": "Thu, 16 Sep 2021 06:04:29 GMT",
        "Expires": "-1",
        "Pragma": "no-cache",
        "Server": "Kestrel",
        "Strict-Transport-Security": "max-age=31536000; includeSubDomains",
        "X-Content-Type-Options": "nosniff",
        "x-ms-client-request-id": "a028fb8c0d2b63661a33363ed3f96d84",
        "x-ms-correlation-request-id": "73d7a17f-7559-4f93-b938-1253a2ee905c",
        "x-ms-ratelimit-remaining-subscription-reads": "11865",
        "x-ms-request-id": "de4f237c-4e9e-4780-a96b-dd4df455d1b6",
        "x-ms-routing-request-id": "SOUTHEASTASIA:20210916T060429Z:73d7a17f-7559-4f93-b938-1253a2ee905c"
      },
      "ResponseBody": {
        "status": "InProgress",
        "error": {
          "code": "None",
          "message": null
        }
      }
    },
    {
      "RequestUri": "https://management.azure.com/subscriptions/f3d94233-a9aa-4241-ac82-2dfb63ce637a/resourcegroups/testRg-783/providers/Microsoft.Cdn/operationresults/50dbec8e-0c3e-4eb3-b67a-ab1b0eedac44?api-version=2020-09-01",
      "RequestMethod": "GET",
      "RequestHeaders": {
        "Authorization": "Sanitized",
        "User-Agent": [
          "azsdk-net-ResourceManager/1.0.0-beta.2",
          "(.NET 5.0.10; Microsoft Windows 10.0.19043)"
        ],
        "x-ms-client-request-id": "616cc66529d2b5b115d0f6766144f8cc",
        "x-ms-return-client-request-id": "true"
      },
      "RequestBody": null,
      "StatusCode": 200,
      "ResponseHeaders": {
        "Cache-Control": "no-cache",
        "Content-Length": "62",
        "Content-Type": "application/json; charset=utf-8",
        "Date": "Thu, 16 Sep 2021 06:04:29 GMT",
        "Expires": "-1",
        "Pragma": "no-cache",
        "Server": "Kestrel",
        "Strict-Transport-Security": "max-age=31536000; includeSubDomains",
        "X-Content-Type-Options": "nosniff",
        "x-ms-client-request-id": "616cc66529d2b5b115d0f6766144f8cc",
        "x-ms-correlation-request-id": "294fb87f-a21a-45b9-bee1-ab31a27e047d",
        "x-ms-ratelimit-remaining-subscription-reads": "11864",
        "x-ms-request-id": "78424230-cfe1-4c93-9046-e750399e844f",
        "x-ms-routing-request-id": "SOUTHEASTASIA:20210916T060430Z:294fb87f-a21a-45b9-bee1-ab31a27e047d"
      },
      "ResponseBody": {
        "status": "InProgress",
        "error": {
          "code": "None",
          "message": null
        }
      }
    },
    {
      "RequestUri": "https://management.azure.com/subscriptions/f3d94233-a9aa-4241-ac82-2dfb63ce637a/resourcegroups/testRg-783/providers/Microsoft.Cdn/operationresults/50dbec8e-0c3e-4eb3-b67a-ab1b0eedac44?api-version=2020-09-01",
      "RequestMethod": "GET",
      "RequestHeaders": {
        "Authorization": "Sanitized",
        "User-Agent": [
          "azsdk-net-ResourceManager/1.0.0-beta.2",
          "(.NET 5.0.10; Microsoft Windows 10.0.19043)"
        ],
        "x-ms-client-request-id": "7e5730d5d588145f91e2aff1e0c991fa",
        "x-ms-return-client-request-id": "true"
      },
      "RequestBody": null,
      "StatusCode": 200,
      "ResponseHeaders": {
        "Cache-Control": "no-cache",
        "Content-Length": "62",
        "Content-Type": "application/json; charset=utf-8",
        "Date": "Thu, 16 Sep 2021 06:04:29 GMT",
        "Expires": "-1",
        "Pragma": "no-cache",
        "Server": "Kestrel",
        "Strict-Transport-Security": "max-age=31536000; includeSubDomains",
        "X-Content-Type-Options": "nosniff",
        "x-ms-client-request-id": "7e5730d5d588145f91e2aff1e0c991fa",
        "x-ms-correlation-request-id": "b279ca6d-2a83-4b22-a93d-f880e26f01d8",
        "x-ms-ratelimit-remaining-subscription-reads": "11863",
        "x-ms-request-id": "1aa2460b-4447-48a9-a72c-1e0b70b85fdd",
        "x-ms-routing-request-id": "SOUTHEASTASIA:20210916T060430Z:b279ca6d-2a83-4b22-a93d-f880e26f01d8"
      },
      "ResponseBody": {
        "status": "InProgress",
        "error": {
          "code": "None",
          "message": null
        }
      }
    },
    {
      "RequestUri": "https://management.azure.com/subscriptions/f3d94233-a9aa-4241-ac82-2dfb63ce637a/resourcegroups/testRg-783/providers/Microsoft.Cdn/operationresults/50dbec8e-0c3e-4eb3-b67a-ab1b0eedac44?api-version=2020-09-01",
      "RequestMethod": "GET",
      "RequestHeaders": {
        "Authorization": "Sanitized",
        "User-Agent": [
          "azsdk-net-ResourceManager/1.0.0-beta.2",
          "(.NET 5.0.10; Microsoft Windows 10.0.19043)"
        ],
        "x-ms-client-request-id": "0ed35443bd9b62b849728b5b17f001d6",
        "x-ms-return-client-request-id": "true"
      },
      "RequestBody": null,
      "StatusCode": 200,
      "ResponseHeaders": {
        "Cache-Control": "no-cache",
        "Content-Length": "62",
        "Content-Type": "application/json; charset=utf-8",
        "Date": "Thu, 16 Sep 2021 06:04:30 GMT",
        "Expires": "-1",
        "Pragma": "no-cache",
        "Server": "Kestrel",
        "Strict-Transport-Security": "max-age=31536000; includeSubDomains",
        "X-Content-Type-Options": "nosniff",
        "x-ms-client-request-id": "0ed35443bd9b62b849728b5b17f001d6",
        "x-ms-correlation-request-id": "d0ce3280-7efb-48ae-af73-293c5df72c3a",
        "x-ms-ratelimit-remaining-subscription-reads": "11862",
        "x-ms-request-id": "64c62be3-1a25-4c29-ba7f-ee48cc54f853",
        "x-ms-routing-request-id": "SOUTHEASTASIA:20210916T060430Z:d0ce3280-7efb-48ae-af73-293c5df72c3a"
      },
      "ResponseBody": {
        "status": "InProgress",
        "error": {
          "code": "None",
          "message": null
        }
      }
    },
    {
      "RequestUri": "https://management.azure.com/subscriptions/f3d94233-a9aa-4241-ac82-2dfb63ce637a/resourcegroups/testRg-783/providers/Microsoft.Cdn/operationresults/50dbec8e-0c3e-4eb3-b67a-ab1b0eedac44?api-version=2020-09-01",
      "RequestMethod": "GET",
      "RequestHeaders": {
        "Authorization": "Sanitized",
        "User-Agent": [
          "azsdk-net-ResourceManager/1.0.0-beta.2",
          "(.NET 5.0.10; Microsoft Windows 10.0.19043)"
        ],
        "x-ms-client-request-id": "a3696a3aeea28ffc6757d0ef79c0d54c",
        "x-ms-return-client-request-id": "true"
      },
      "RequestBody": null,
      "StatusCode": 200,
      "ResponseHeaders": {
        "Cache-Control": "no-cache",
        "Content-Length": "62",
        "Content-Type": "application/json; charset=utf-8",
        "Date": "Thu, 16 Sep 2021 06:04:30 GMT",
        "Expires": "-1",
        "Pragma": "no-cache",
        "Server": "Kestrel",
        "Strict-Transport-Security": "max-age=31536000; includeSubDomains",
        "X-Content-Type-Options": "nosniff",
        "x-ms-client-request-id": "a3696a3aeea28ffc6757d0ef79c0d54c",
        "x-ms-correlation-request-id": "692248dd-5e56-45a6-97f1-543fc1d0cf63",
        "x-ms-ratelimit-remaining-subscription-reads": "11861",
        "x-ms-request-id": "b2854da1-42fe-405a-9742-8af4a37dd755",
        "x-ms-routing-request-id": "SOUTHEASTASIA:20210916T060431Z:692248dd-5e56-45a6-97f1-543fc1d0cf63"
      },
      "ResponseBody": {
        "status": "InProgress",
        "error": {
          "code": "None",
          "message": null
        }
      }
    },
    {
      "RequestUri": "https://management.azure.com/subscriptions/f3d94233-a9aa-4241-ac82-2dfb63ce637a/resourcegroups/testRg-783/providers/Microsoft.Cdn/operationresults/50dbec8e-0c3e-4eb3-b67a-ab1b0eedac44?api-version=2020-09-01",
      "RequestMethod": "GET",
      "RequestHeaders": {
        "Authorization": "Sanitized",
        "User-Agent": [
          "azsdk-net-ResourceManager/1.0.0-beta.2",
          "(.NET 5.0.10; Microsoft Windows 10.0.19043)"
        ],
        "x-ms-client-request-id": "0d32fb3eea71173078f435154a03fda1",
        "x-ms-return-client-request-id": "true"
      },
      "RequestBody": null,
      "StatusCode": 200,
      "ResponseHeaders": {
        "Cache-Control": "no-cache",
        "Content-Length": "62",
        "Content-Type": "application/json; charset=utf-8",
        "Date": "Thu, 16 Sep 2021 06:04:30 GMT",
        "Expires": "-1",
        "Pragma": "no-cache",
        "Server": "Kestrel",
        "Strict-Transport-Security": "max-age=31536000; includeSubDomains",
        "X-Content-Type-Options": "nosniff",
        "x-ms-client-request-id": "0d32fb3eea71173078f435154a03fda1",
        "x-ms-correlation-request-id": "b2d13e9f-a35b-4b90-93a7-418401957ea1",
        "x-ms-ratelimit-remaining-subscription-reads": "11860",
        "x-ms-request-id": "63eedc19-e6bd-43be-8c13-5b7a18a7efa3",
        "x-ms-routing-request-id": "SOUTHEASTASIA:20210916T060431Z:b2d13e9f-a35b-4b90-93a7-418401957ea1"
      },
      "ResponseBody": {
        "status": "InProgress",
        "error": {
          "code": "None",
          "message": null
        }
      }
    },
    {
      "RequestUri": "https://management.azure.com/subscriptions/f3d94233-a9aa-4241-ac82-2dfb63ce637a/resourcegroups/testRg-783/providers/Microsoft.Cdn/operationresults/50dbec8e-0c3e-4eb3-b67a-ab1b0eedac44?api-version=2020-09-01",
      "RequestMethod": "GET",
      "RequestHeaders": {
        "Authorization": "Sanitized",
        "User-Agent": [
          "azsdk-net-ResourceManager/1.0.0-beta.2",
          "(.NET 5.0.10; Microsoft Windows 10.0.19043)"
        ],
        "x-ms-client-request-id": "75b6d9e1ed6055585844a643edc8e988",
        "x-ms-return-client-request-id": "true"
      },
      "RequestBody": null,
      "StatusCode": 200,
      "ResponseHeaders": {
        "Cache-Control": "no-cache",
        "Content-Length": "62",
        "Content-Type": "application/json; charset=utf-8",
        "Date": "Thu, 16 Sep 2021 06:04:31 GMT",
        "Expires": "-1",
        "Pragma": "no-cache",
        "Server": "Kestrel",
        "Strict-Transport-Security": "max-age=31536000; includeSubDomains",
        "X-Content-Type-Options": "nosniff",
        "x-ms-client-request-id": "75b6d9e1ed6055585844a643edc8e988",
        "x-ms-correlation-request-id": "072ef97d-85ce-4335-8aac-595d8f0a16ee",
        "x-ms-ratelimit-remaining-subscription-reads": "11859",
        "x-ms-request-id": "5f962434-5a94-4784-99a7-12ddb69e8897",
        "x-ms-routing-request-id": "SOUTHEASTASIA:20210916T060431Z:072ef97d-85ce-4335-8aac-595d8f0a16ee"
      },
      "ResponseBody": {
        "status": "InProgress",
        "error": {
          "code": "None",
          "message": null
        }
      }
    },
    {
      "RequestUri": "https://management.azure.com/subscriptions/f3d94233-a9aa-4241-ac82-2dfb63ce637a/resourcegroups/testRg-783/providers/Microsoft.Cdn/operationresults/50dbec8e-0c3e-4eb3-b67a-ab1b0eedac44?api-version=2020-09-01",
      "RequestMethod": "GET",
      "RequestHeaders": {
        "Authorization": "Sanitized",
        "User-Agent": [
          "azsdk-net-ResourceManager/1.0.0-beta.2",
          "(.NET 5.0.10; Microsoft Windows 10.0.19043)"
        ],
        "x-ms-client-request-id": "1c1d3f9df3bd50653a512baeb8e64464",
        "x-ms-return-client-request-id": "true"
      },
      "RequestBody": null,
      "StatusCode": 200,
      "ResponseHeaders": {
        "Cache-Control": "no-cache",
        "Content-Length": "62",
        "Content-Type": "application/json; charset=utf-8",
        "Date": "Thu, 16 Sep 2021 06:04:31 GMT",
        "Expires": "-1",
        "Pragma": "no-cache",
        "Server": "Kestrel",
        "Strict-Transport-Security": "max-age=31536000; includeSubDomains",
        "X-Content-Type-Options": "nosniff",
        "x-ms-client-request-id": "1c1d3f9df3bd50653a512baeb8e64464",
        "x-ms-correlation-request-id": "984187b6-7b6c-49ca-b12d-d381f1adf3bd",
        "x-ms-ratelimit-remaining-subscription-reads": "11858",
        "x-ms-request-id": "c8b89b4b-cae6-41ec-b150-11eae4f93f85",
        "x-ms-routing-request-id": "SOUTHEASTASIA:20210916T060432Z:984187b6-7b6c-49ca-b12d-d381f1adf3bd"
      },
      "ResponseBody": {
        "status": "InProgress",
        "error": {
          "code": "None",
          "message": null
        }
      }
    },
    {
      "RequestUri": "https://management.azure.com/subscriptions/f3d94233-a9aa-4241-ac82-2dfb63ce637a/resourcegroups/testRg-783/providers/Microsoft.Cdn/operationresults/50dbec8e-0c3e-4eb3-b67a-ab1b0eedac44?api-version=2020-09-01",
      "RequestMethod": "GET",
      "RequestHeaders": {
        "Authorization": "Sanitized",
        "User-Agent": [
          "azsdk-net-ResourceManager/1.0.0-beta.2",
          "(.NET 5.0.10; Microsoft Windows 10.0.19043)"
        ],
        "x-ms-client-request-id": "9f0e2e5a5f0a50eca2ddb52c43ec2aaf",
        "x-ms-return-client-request-id": "true"
      },
      "RequestBody": null,
      "StatusCode": 200,
      "ResponseHeaders": {
        "Cache-Control": "no-cache",
        "Content-Length": "62",
        "Content-Type": "application/json; charset=utf-8",
        "Date": "Thu, 16 Sep 2021 06:04:31 GMT",
        "Expires": "-1",
        "Pragma": "no-cache",
        "Server": "Kestrel",
        "Strict-Transport-Security": "max-age=31536000; includeSubDomains",
        "X-Content-Type-Options": "nosniff",
        "x-ms-client-request-id": "9f0e2e5a5f0a50eca2ddb52c43ec2aaf",
        "x-ms-correlation-request-id": "1384a964-b850-4b43-81bd-d395caf771e7",
        "x-ms-ratelimit-remaining-subscription-reads": "11857",
        "x-ms-request-id": "ebe6701c-9e04-4e2f-bc9f-47424fa5425d",
        "x-ms-routing-request-id": "SOUTHEASTASIA:20210916T060432Z:1384a964-b850-4b43-81bd-d395caf771e7"
      },
      "ResponseBody": {
        "status": "InProgress",
        "error": {
          "code": "None",
          "message": null
        }
      }
    },
    {
      "RequestUri": "https://management.azure.com/subscriptions/f3d94233-a9aa-4241-ac82-2dfb63ce637a/resourcegroups/testRg-783/providers/Microsoft.Cdn/operationresults/50dbec8e-0c3e-4eb3-b67a-ab1b0eedac44?api-version=2020-09-01",
      "RequestMethod": "GET",
      "RequestHeaders": {
        "Authorization": "Sanitized",
        "User-Agent": [
          "azsdk-net-ResourceManager/1.0.0-beta.2",
          "(.NET 5.0.10; Microsoft Windows 10.0.19043)"
        ],
        "x-ms-client-request-id": "0b77ac0be1e6eee374663b0ec2aa9c71",
        "x-ms-return-client-request-id": "true"
      },
      "RequestBody": null,
      "StatusCode": 200,
      "ResponseHeaders": {
        "Cache-Control": "no-cache",
        "Content-Length": "62",
        "Content-Type": "application/json; charset=utf-8",
        "Date": "Thu, 16 Sep 2021 06:04:32 GMT",
        "Expires": "-1",
        "Pragma": "no-cache",
        "Server": "Kestrel",
        "Strict-Transport-Security": "max-age=31536000; includeSubDomains",
        "X-Content-Type-Options": "nosniff",
        "x-ms-client-request-id": "0b77ac0be1e6eee374663b0ec2aa9c71",
        "x-ms-correlation-request-id": "112e9f13-1ebe-4933-ae1a-8c1bfee7b4ea",
        "x-ms-ratelimit-remaining-subscription-reads": "11856",
        "x-ms-request-id": "b8e71992-0911-4a7b-9417-bd427b5871e1",
        "x-ms-routing-request-id": "SOUTHEASTASIA:20210916T060432Z:112e9f13-1ebe-4933-ae1a-8c1bfee7b4ea"
      },
      "ResponseBody": {
        "status": "InProgress",
        "error": {
          "code": "None",
          "message": null
        }
      }
    },
    {
      "RequestUri": "https://management.azure.com/subscriptions/f3d94233-a9aa-4241-ac82-2dfb63ce637a/resourcegroups/testRg-783/providers/Microsoft.Cdn/operationresults/50dbec8e-0c3e-4eb3-b67a-ab1b0eedac44?api-version=2020-09-01",
      "RequestMethod": "GET",
      "RequestHeaders": {
        "Authorization": "Sanitized",
        "User-Agent": [
          "azsdk-net-ResourceManager/1.0.0-beta.2",
          "(.NET 5.0.10; Microsoft Windows 10.0.19043)"
        ],
        "x-ms-client-request-id": "bee942ff49ba3d7e52cc79df3d380c4d",
        "x-ms-return-client-request-id": "true"
      },
      "RequestBody": null,
      "StatusCode": 200,
      "ResponseHeaders": {
        "Cache-Control": "no-cache",
        "Content-Length": "62",
        "Content-Type": "application/json; charset=utf-8",
        "Date": "Thu, 16 Sep 2021 06:04:32 GMT",
        "Expires": "-1",
        "Pragma": "no-cache",
        "Server": "Kestrel",
        "Strict-Transport-Security": "max-age=31536000; includeSubDomains",
        "X-Content-Type-Options": "nosniff",
        "x-ms-client-request-id": "bee942ff49ba3d7e52cc79df3d380c4d",
        "x-ms-correlation-request-id": "171bb137-dea5-49b5-b3fd-7e3a7e70f8c9",
        "x-ms-ratelimit-remaining-subscription-reads": "11855",
        "x-ms-request-id": "f75bf15b-8929-4906-9187-7e5d99b095ac",
        "x-ms-routing-request-id": "SOUTHEASTASIA:20210916T060433Z:171bb137-dea5-49b5-b3fd-7e3a7e70f8c9"
      },
      "ResponseBody": {
        "status": "InProgress",
        "error": {
          "code": "None",
          "message": null
        }
      }
    },
    {
      "RequestUri": "https://management.azure.com/subscriptions/f3d94233-a9aa-4241-ac82-2dfb63ce637a/resourcegroups/testRg-783/providers/Microsoft.Cdn/operationresults/50dbec8e-0c3e-4eb3-b67a-ab1b0eedac44?api-version=2020-09-01",
      "RequestMethod": "GET",
      "RequestHeaders": {
        "Authorization": "Sanitized",
        "User-Agent": [
          "azsdk-net-ResourceManager/1.0.0-beta.2",
          "(.NET 5.0.10; Microsoft Windows 10.0.19043)"
        ],
        "x-ms-client-request-id": "0ca27c27396f787d4a202aa424dd8ef8",
        "x-ms-return-client-request-id": "true"
      },
      "RequestBody": null,
      "StatusCode": 200,
      "ResponseHeaders": {
        "Cache-Control": "no-cache",
        "Content-Length": "62",
        "Content-Type": "application/json; charset=utf-8",
        "Date": "Thu, 16 Sep 2021 06:04:32 GMT",
        "Expires": "-1",
        "Pragma": "no-cache",
        "Server": "Kestrel",
        "Strict-Transport-Security": "max-age=31536000; includeSubDomains",
        "X-Content-Type-Options": "nosniff",
        "x-ms-client-request-id": "0ca27c27396f787d4a202aa424dd8ef8",
        "x-ms-correlation-request-id": "a298159a-4213-4db0-b0ec-a58b5d4c9643",
        "x-ms-ratelimit-remaining-subscription-reads": "11854",
        "x-ms-request-id": "f79ddbff-f299-448b-8113-5af6023267c5",
        "x-ms-routing-request-id": "SOUTHEASTASIA:20210916T060433Z:a298159a-4213-4db0-b0ec-a58b5d4c9643"
      },
      "ResponseBody": {
        "status": "InProgress",
        "error": {
          "code": "None",
          "message": null
        }
      }
    },
    {
      "RequestUri": "https://management.azure.com/subscriptions/f3d94233-a9aa-4241-ac82-2dfb63ce637a/resourcegroups/testRg-783/providers/Microsoft.Cdn/operationresults/50dbec8e-0c3e-4eb3-b67a-ab1b0eedac44?api-version=2020-09-01",
      "RequestMethod": "GET",
      "RequestHeaders": {
        "Authorization": "Sanitized",
        "User-Agent": [
          "azsdk-net-ResourceManager/1.0.0-beta.2",
          "(.NET 5.0.10; Microsoft Windows 10.0.19043)"
        ],
        "x-ms-client-request-id": "012d44416b03c1f52e39b81a6703b03c",
        "x-ms-return-client-request-id": "true"
      },
      "RequestBody": null,
      "StatusCode": 200,
      "ResponseHeaders": {
        "Cache-Control": "no-cache",
        "Content-Length": "62",
        "Content-Type": "application/json; charset=utf-8",
        "Date": "Thu, 16 Sep 2021 06:04:33 GMT",
        "Expires": "-1",
        "Pragma": "no-cache",
        "Server": "Kestrel",
        "Strict-Transport-Security": "max-age=31536000; includeSubDomains",
        "X-Content-Type-Options": "nosniff",
        "x-ms-client-request-id": "012d44416b03c1f52e39b81a6703b03c",
        "x-ms-correlation-request-id": "c0b7aaf0-f768-4a05-9525-c72dac43c99e",
        "x-ms-ratelimit-remaining-subscription-reads": "11853",
        "x-ms-request-id": "8827656f-5070-4e62-9171-49dc5aff09a7",
        "x-ms-routing-request-id": "SOUTHEASTASIA:20210916T060433Z:c0b7aaf0-f768-4a05-9525-c72dac43c99e"
      },
      "ResponseBody": {
        "status": "InProgress",
        "error": {
          "code": "None",
          "message": null
        }
      }
    },
    {
      "RequestUri": "https://management.azure.com/subscriptions/f3d94233-a9aa-4241-ac82-2dfb63ce637a/resourcegroups/testRg-783/providers/Microsoft.Cdn/operationresults/50dbec8e-0c3e-4eb3-b67a-ab1b0eedac44?api-version=2020-09-01",
      "RequestMethod": "GET",
      "RequestHeaders": {
        "Authorization": "Sanitized",
        "User-Agent": [
          "azsdk-net-ResourceManager/1.0.0-beta.2",
          "(.NET 5.0.10; Microsoft Windows 10.0.19043)"
        ],
        "x-ms-client-request-id": "46e7ee598f07c501c570739a1eda1974",
        "x-ms-return-client-request-id": "true"
      },
      "RequestBody": null,
      "StatusCode": 200,
      "ResponseHeaders": {
        "Cache-Control": "no-cache",
        "Content-Length": "62",
        "Content-Type": "application/json; charset=utf-8",
        "Date": "Thu, 16 Sep 2021 06:04:33 GMT",
        "Expires": "-1",
        "Pragma": "no-cache",
        "Server": "Kestrel",
        "Strict-Transport-Security": "max-age=31536000; includeSubDomains",
        "X-Content-Type-Options": "nosniff",
        "x-ms-client-request-id": "46e7ee598f07c501c570739a1eda1974",
        "x-ms-correlation-request-id": "346c4fce-3b34-4b60-9821-8b2a87317c71",
        "x-ms-ratelimit-remaining-subscription-reads": "11852",
        "x-ms-request-id": "99aaf022-c1aa-471c-ba33-30974b874fb2",
        "x-ms-routing-request-id": "SOUTHEASTASIA:20210916T060434Z:346c4fce-3b34-4b60-9821-8b2a87317c71"
      },
      "ResponseBody": {
        "status": "InProgress",
        "error": {
          "code": "None",
          "message": null
        }
      }
    },
    {
      "RequestUri": "https://management.azure.com/subscriptions/f3d94233-a9aa-4241-ac82-2dfb63ce637a/resourcegroups/testRg-783/providers/Microsoft.Cdn/operationresults/50dbec8e-0c3e-4eb3-b67a-ab1b0eedac44?api-version=2020-09-01",
      "RequestMethod": "GET",
      "RequestHeaders": {
        "Authorization": "Sanitized",
        "User-Agent": [
          "azsdk-net-ResourceManager/1.0.0-beta.2",
          "(.NET 5.0.10; Microsoft Windows 10.0.19043)"
        ],
        "x-ms-client-request-id": "f99e813d0a0abb4a86e1dd3580631147",
        "x-ms-return-client-request-id": "true"
      },
      "RequestBody": null,
      "StatusCode": 200,
      "ResponseHeaders": {
        "Cache-Control": "no-cache",
        "Content-Length": "62",
        "Content-Type": "application/json; charset=utf-8",
        "Date": "Thu, 16 Sep 2021 06:04:33 GMT",
        "Expires": "-1",
        "Pragma": "no-cache",
        "Server": "Kestrel",
        "Strict-Transport-Security": "max-age=31536000; includeSubDomains",
        "X-Content-Type-Options": "nosniff",
        "x-ms-client-request-id": "f99e813d0a0abb4a86e1dd3580631147",
        "x-ms-correlation-request-id": "e905ed06-9d04-40a7-8f3d-5712275cc193",
        "x-ms-ratelimit-remaining-subscription-reads": "11851",
        "x-ms-request-id": "162add59-6182-46d7-9013-479e191ca5e3",
        "x-ms-routing-request-id": "SOUTHEASTASIA:20210916T060434Z:e905ed06-9d04-40a7-8f3d-5712275cc193"
      },
      "ResponseBody": {
        "status": "InProgress",
        "error": {
          "code": "None",
          "message": null
        }
      }
    },
    {
      "RequestUri": "https://management.azure.com/subscriptions/f3d94233-a9aa-4241-ac82-2dfb63ce637a/resourcegroups/testRg-783/providers/Microsoft.Cdn/operationresults/50dbec8e-0c3e-4eb3-b67a-ab1b0eedac44?api-version=2020-09-01",
      "RequestMethod": "GET",
      "RequestHeaders": {
        "Authorization": "Sanitized",
        "User-Agent": [
          "azsdk-net-ResourceManager/1.0.0-beta.2",
          "(.NET 5.0.10; Microsoft Windows 10.0.19043)"
        ],
        "x-ms-client-request-id": "364aee6f48f6b1f042683c92f75ba253",
        "x-ms-return-client-request-id": "true"
      },
      "RequestBody": null,
      "StatusCode": 200,
      "ResponseHeaders": {
        "Cache-Control": "no-cache",
        "Content-Length": "62",
        "Content-Type": "application/json; charset=utf-8",
        "Date": "Thu, 16 Sep 2021 06:04:34 GMT",
        "Expires": "-1",
        "Pragma": "no-cache",
        "Server": "Kestrel",
        "Strict-Transport-Security": "max-age=31536000; includeSubDomains",
        "X-Content-Type-Options": "nosniff",
        "x-ms-client-request-id": "364aee6f48f6b1f042683c92f75ba253",
        "x-ms-correlation-request-id": "a7d4907d-56bf-4d95-811a-c81e2595aa3a",
        "x-ms-ratelimit-remaining-subscription-reads": "11850",
        "x-ms-request-id": "2080764e-96c4-48d4-8991-9caf6d7ed0e9",
        "x-ms-routing-request-id": "SOUTHEASTASIA:20210916T060434Z:a7d4907d-56bf-4d95-811a-c81e2595aa3a"
      },
      "ResponseBody": {
        "status": "InProgress",
        "error": {
          "code": "None",
          "message": null
        }
      }
    },
    {
      "RequestUri": "https://management.azure.com/subscriptions/f3d94233-a9aa-4241-ac82-2dfb63ce637a/resourcegroups/testRg-783/providers/Microsoft.Cdn/operationresults/50dbec8e-0c3e-4eb3-b67a-ab1b0eedac44?api-version=2020-09-01",
      "RequestMethod": "GET",
      "RequestHeaders": {
        "Authorization": "Sanitized",
        "User-Agent": [
          "azsdk-net-ResourceManager/1.0.0-beta.2",
          "(.NET 5.0.10; Microsoft Windows 10.0.19043)"
        ],
        "x-ms-client-request-id": "e6dc431fb6654e31a32bbf25b2cc4461",
        "x-ms-return-client-request-id": "true"
      },
      "RequestBody": null,
      "StatusCode": 200,
      "ResponseHeaders": {
        "Cache-Control": "no-cache",
        "Content-Length": "62",
        "Content-Type": "application/json; charset=utf-8",
        "Date": "Thu, 16 Sep 2021 06:04:34 GMT",
        "Expires": "-1",
        "Pragma": "no-cache",
        "Server": "Kestrel",
        "Strict-Transport-Security": "max-age=31536000; includeSubDomains",
        "X-Content-Type-Options": "nosniff",
        "x-ms-client-request-id": "e6dc431fb6654e31a32bbf25b2cc4461",
        "x-ms-correlation-request-id": "bf0327e2-7de1-4cc1-a35a-6c6c54cc2db5",
        "x-ms-ratelimit-remaining-subscription-reads": "11849",
        "x-ms-request-id": "a51b128d-6bda-4e47-aee7-3d97d92f988e",
        "x-ms-routing-request-id": "SOUTHEASTASIA:20210916T060435Z:bf0327e2-7de1-4cc1-a35a-6c6c54cc2db5"
      },
      "ResponseBody": {
        "status": "InProgress",
        "error": {
          "code": "None",
          "message": null
        }
      }
    },
    {
      "RequestUri": "https://management.azure.com/subscriptions/f3d94233-a9aa-4241-ac82-2dfb63ce637a/resourcegroups/testRg-783/providers/Microsoft.Cdn/operationresults/50dbec8e-0c3e-4eb3-b67a-ab1b0eedac44?api-version=2020-09-01",
      "RequestMethod": "GET",
      "RequestHeaders": {
        "Authorization": "Sanitized",
        "User-Agent": [
          "azsdk-net-ResourceManager/1.0.0-beta.2",
          "(.NET 5.0.10; Microsoft Windows 10.0.19043)"
        ],
        "x-ms-client-request-id": "302a2c5fe390f47e90ecb7a2ceb7c42b",
        "x-ms-return-client-request-id": "true"
      },
      "RequestBody": null,
      "StatusCode": 200,
      "ResponseHeaders": {
        "Cache-Control": "no-cache",
        "Content-Length": "62",
        "Content-Type": "application/json; charset=utf-8",
        "Date": "Thu, 16 Sep 2021 06:04:34 GMT",
        "Expires": "-1",
        "Pragma": "no-cache",
        "Server": "Kestrel",
        "Strict-Transport-Security": "max-age=31536000; includeSubDomains",
        "X-Content-Type-Options": "nosniff",
        "x-ms-client-request-id": "302a2c5fe390f47e90ecb7a2ceb7c42b",
        "x-ms-correlation-request-id": "f3e84348-395c-47ff-a457-34b64d1c4cad",
        "x-ms-ratelimit-remaining-subscription-reads": "11848",
        "x-ms-request-id": "471a1827-9504-4358-b734-bbe13bd8a37c",
        "x-ms-routing-request-id": "SOUTHEASTASIA:20210916T060435Z:f3e84348-395c-47ff-a457-34b64d1c4cad"
      },
      "ResponseBody": {
        "status": "InProgress",
        "error": {
          "code": "None",
          "message": null
        }
      }
    },
    {
      "RequestUri": "https://management.azure.com/subscriptions/f3d94233-a9aa-4241-ac82-2dfb63ce637a/resourcegroups/testRg-783/providers/Microsoft.Cdn/operationresults/50dbec8e-0c3e-4eb3-b67a-ab1b0eedac44?api-version=2020-09-01",
      "RequestMethod": "GET",
      "RequestHeaders": {
        "Authorization": "Sanitized",
        "User-Agent": [
          "azsdk-net-ResourceManager/1.0.0-beta.2",
          "(.NET 5.0.10; Microsoft Windows 10.0.19043)"
        ],
        "x-ms-client-request-id": "3d168a3f2a86b8e1bcfb92cb89caff76",
        "x-ms-return-client-request-id": "true"
      },
      "RequestBody": null,
      "StatusCode": 200,
      "ResponseHeaders": {
        "Cache-Control": "no-cache",
        "Content-Length": "62",
        "Content-Type": "application/json; charset=utf-8",
        "Date": "Thu, 16 Sep 2021 06:04:35 GMT",
        "Expires": "-1",
        "Pragma": "no-cache",
        "Server": "Kestrel",
        "Strict-Transport-Security": "max-age=31536000; includeSubDomains",
        "X-Content-Type-Options": "nosniff",
        "x-ms-client-request-id": "3d168a3f2a86b8e1bcfb92cb89caff76",
        "x-ms-correlation-request-id": "a317f2c1-2e4e-4302-af5d-03cf64fd3f0b",
        "x-ms-ratelimit-remaining-subscription-reads": "11847",
        "x-ms-request-id": "de4efe44-d565-4f85-b9b4-1e60375a9178",
        "x-ms-routing-request-id": "SOUTHEASTASIA:20210916T060435Z:a317f2c1-2e4e-4302-af5d-03cf64fd3f0b"
      },
      "ResponseBody": {
        "status": "InProgress",
        "error": {
          "code": "None",
          "message": null
        }
      }
    },
    {
      "RequestUri": "https://management.azure.com/subscriptions/f3d94233-a9aa-4241-ac82-2dfb63ce637a/resourcegroups/testRg-783/providers/Microsoft.Cdn/operationresults/50dbec8e-0c3e-4eb3-b67a-ab1b0eedac44?api-version=2020-09-01",
      "RequestMethod": "GET",
      "RequestHeaders": {
        "Authorization": "Sanitized",
        "User-Agent": [
          "azsdk-net-ResourceManager/1.0.0-beta.2",
          "(.NET 5.0.10; Microsoft Windows 10.0.19043)"
        ],
        "x-ms-client-request-id": "cb32da2372303cc3c5e75578ff8f80eb",
        "x-ms-return-client-request-id": "true"
      },
      "RequestBody": null,
      "StatusCode": 200,
      "ResponseHeaders": {
        "Cache-Control": "no-cache",
        "Content-Length": "62",
        "Content-Type": "application/json; charset=utf-8",
        "Date": "Thu, 16 Sep 2021 06:04:35 GMT",
        "Expires": "-1",
        "Pragma": "no-cache",
        "Server": "Kestrel",
        "Strict-Transport-Security": "max-age=31536000; includeSubDomains",
        "X-Content-Type-Options": "nosniff",
        "x-ms-client-request-id": "cb32da2372303cc3c5e75578ff8f80eb",
        "x-ms-correlation-request-id": "09341fcc-8638-45b7-969a-1751e716ee1f",
        "x-ms-ratelimit-remaining-subscription-reads": "11846",
        "x-ms-request-id": "e8ccc2b8-b4cc-48b1-86f7-ea55d859c03f",
        "x-ms-routing-request-id": "SOUTHEASTASIA:20210916T060436Z:09341fcc-8638-45b7-969a-1751e716ee1f"
      },
      "ResponseBody": {
        "status": "InProgress",
        "error": {
          "code": "None",
          "message": null
        }
      }
    },
    {
      "RequestUri": "https://management.azure.com/subscriptions/f3d94233-a9aa-4241-ac82-2dfb63ce637a/resourcegroups/testRg-783/providers/Microsoft.Cdn/operationresults/50dbec8e-0c3e-4eb3-b67a-ab1b0eedac44?api-version=2020-09-01",
      "RequestMethod": "GET",
      "RequestHeaders": {
        "Authorization": "Sanitized",
        "User-Agent": [
          "azsdk-net-ResourceManager/1.0.0-beta.2",
          "(.NET 5.0.10; Microsoft Windows 10.0.19043)"
        ],
        "x-ms-client-request-id": "27e6936707b634da4b71739451b26bc5",
        "x-ms-return-client-request-id": "true"
      },
      "RequestBody": null,
      "StatusCode": 200,
      "ResponseHeaders": {
        "Cache-Control": "no-cache",
        "Content-Length": "62",
        "Content-Type": "application/json; charset=utf-8",
        "Date": "Thu, 16 Sep 2021 06:04:35 GMT",
        "Expires": "-1",
        "Pragma": "no-cache",
        "Server": "Kestrel",
        "Strict-Transport-Security": "max-age=31536000; includeSubDomains",
        "X-Content-Type-Options": "nosniff",
        "x-ms-client-request-id": "27e6936707b634da4b71739451b26bc5",
        "x-ms-correlation-request-id": "5d6175de-4232-4e47-97f4-d05de40ee3e4",
        "x-ms-ratelimit-remaining-subscription-reads": "11845",
        "x-ms-request-id": "698aca76-95ab-43b5-a6e4-e2eba2239570",
        "x-ms-routing-request-id": "SOUTHEASTASIA:20210916T060436Z:5d6175de-4232-4e47-97f4-d05de40ee3e4"
      },
      "ResponseBody": {
        "status": "InProgress",
        "error": {
          "code": "None",
          "message": null
        }
      }
    },
    {
      "RequestUri": "https://management.azure.com/subscriptions/f3d94233-a9aa-4241-ac82-2dfb63ce637a/resourcegroups/testRg-783/providers/Microsoft.Cdn/operationresults/50dbec8e-0c3e-4eb3-b67a-ab1b0eedac44?api-version=2020-09-01",
      "RequestMethod": "GET",
      "RequestHeaders": {
        "Authorization": "Sanitized",
        "User-Agent": [
          "azsdk-net-ResourceManager/1.0.0-beta.2",
          "(.NET 5.0.10; Microsoft Windows 10.0.19043)"
        ],
        "x-ms-client-request-id": "f37f41edf985ccfbc6d9779fd468b92d",
        "x-ms-return-client-request-id": "true"
      },
      "RequestBody": null,
      "StatusCode": 200,
      "ResponseHeaders": {
        "Cache-Control": "no-cache",
        "Content-Length": "62",
        "Content-Type": "application/json; charset=utf-8",
        "Date": "Thu, 16 Sep 2021 06:04:36 GMT",
        "Expires": "-1",
        "Pragma": "no-cache",
        "Server": "Kestrel",
        "Strict-Transport-Security": "max-age=31536000; includeSubDomains",
        "X-Content-Type-Options": "nosniff",
        "x-ms-client-request-id": "f37f41edf985ccfbc6d9779fd468b92d",
        "x-ms-correlation-request-id": "2049e9c9-d1f3-43c1-85b3-b256ed4c2028",
        "x-ms-ratelimit-remaining-subscription-reads": "11844",
        "x-ms-request-id": "57745b10-023b-4536-83d6-8622644a8c8d",
        "x-ms-routing-request-id": "SOUTHEASTASIA:20210916T060436Z:2049e9c9-d1f3-43c1-85b3-b256ed4c2028"
      },
      "ResponseBody": {
        "status": "InProgress",
        "error": {
          "code": "None",
          "message": null
        }
      }
    },
    {
      "RequestUri": "https://management.azure.com/subscriptions/f3d94233-a9aa-4241-ac82-2dfb63ce637a/resourcegroups/testRg-783/providers/Microsoft.Cdn/operationresults/50dbec8e-0c3e-4eb3-b67a-ab1b0eedac44?api-version=2020-09-01",
      "RequestMethod": "GET",
      "RequestHeaders": {
        "Authorization": "Sanitized",
        "User-Agent": [
          "azsdk-net-ResourceManager/1.0.0-beta.2",
          "(.NET 5.0.10; Microsoft Windows 10.0.19043)"
        ],
        "x-ms-client-request-id": "f664a67bd7e41bc0fffd7fbffe2eeb13",
        "x-ms-return-client-request-id": "true"
      },
      "RequestBody": null,
      "StatusCode": 200,
      "ResponseHeaders": {
        "Cache-Control": "no-cache",
        "Content-Length": "62",
        "Content-Type": "application/json; charset=utf-8",
        "Date": "Thu, 16 Sep 2021 06:04:36 GMT",
        "Expires": "-1",
        "Pragma": "no-cache",
        "Server": "Kestrel",
        "Strict-Transport-Security": "max-age=31536000; includeSubDomains",
        "X-Content-Type-Options": "nosniff",
        "x-ms-client-request-id": "f664a67bd7e41bc0fffd7fbffe2eeb13",
        "x-ms-correlation-request-id": "ce084062-b30c-40ee-a221-4efcaed12d7b",
        "x-ms-ratelimit-remaining-subscription-reads": "11843",
        "x-ms-request-id": "4f07ba16-d7c2-4179-b277-bbd12f9468ee",
        "x-ms-routing-request-id": "SOUTHEASTASIA:20210916T060437Z:ce084062-b30c-40ee-a221-4efcaed12d7b"
      },
      "ResponseBody": {
        "status": "InProgress",
        "error": {
          "code": "None",
          "message": null
        }
      }
    },
    {
      "RequestUri": "https://management.azure.com/subscriptions/f3d94233-a9aa-4241-ac82-2dfb63ce637a/resourcegroups/testRg-783/providers/Microsoft.Cdn/operationresults/50dbec8e-0c3e-4eb3-b67a-ab1b0eedac44?api-version=2020-09-01",
      "RequestMethod": "GET",
      "RequestHeaders": {
        "Authorization": "Sanitized",
        "User-Agent": [
          "azsdk-net-ResourceManager/1.0.0-beta.2",
          "(.NET 5.0.10; Microsoft Windows 10.0.19043)"
        ],
        "x-ms-client-request-id": "be8b907c8c106d66971961dc903b5fe2",
        "x-ms-return-client-request-id": "true"
      },
      "RequestBody": null,
      "StatusCode": 200,
      "ResponseHeaders": {
        "Cache-Control": "no-cache",
        "Content-Length": "62",
        "Content-Type": "application/json; charset=utf-8",
        "Date": "Thu, 16 Sep 2021 06:04:36 GMT",
        "Expires": "-1",
        "Pragma": "no-cache",
        "Server": "Kestrel",
        "Strict-Transport-Security": "max-age=31536000; includeSubDomains",
        "X-Content-Type-Options": "nosniff",
        "x-ms-client-request-id": "be8b907c8c106d66971961dc903b5fe2",
        "x-ms-correlation-request-id": "242b606e-bd8b-47c9-891a-9ca0ce5b76bd",
        "x-ms-ratelimit-remaining-subscription-reads": "11842",
        "x-ms-request-id": "84d6e9cc-5f9f-4845-a431-1a61b7a68ab4",
        "x-ms-routing-request-id": "SOUTHEASTASIA:20210916T060437Z:242b606e-bd8b-47c9-891a-9ca0ce5b76bd"
      },
      "ResponseBody": {
        "status": "InProgress",
        "error": {
          "code": "None",
          "message": null
        }
      }
    },
    {
      "RequestUri": "https://management.azure.com/subscriptions/f3d94233-a9aa-4241-ac82-2dfb63ce637a/resourcegroups/testRg-783/providers/Microsoft.Cdn/operationresults/50dbec8e-0c3e-4eb3-b67a-ab1b0eedac44?api-version=2020-09-01",
      "RequestMethod": "GET",
      "RequestHeaders": {
        "Authorization": "Sanitized",
        "User-Agent": [
          "azsdk-net-ResourceManager/1.0.0-beta.2",
          "(.NET 5.0.10; Microsoft Windows 10.0.19043)"
        ],
        "x-ms-client-request-id": "aa1946b8754d15e18063f487793cce97",
        "x-ms-return-client-request-id": "true"
      },
      "RequestBody": null,
      "StatusCode": 200,
      "ResponseHeaders": {
        "Cache-Control": "no-cache",
        "Content-Length": "62",
        "Content-Type": "application/json; charset=utf-8",
        "Date": "Thu, 16 Sep 2021 06:04:37 GMT",
        "Expires": "-1",
        "Pragma": "no-cache",
        "Server": "Kestrel",
        "Strict-Transport-Security": "max-age=31536000; includeSubDomains",
        "X-Content-Type-Options": "nosniff",
        "x-ms-client-request-id": "aa1946b8754d15e18063f487793cce97",
        "x-ms-correlation-request-id": "840b012a-7c95-47a9-8086-b77c986fbf8e",
        "x-ms-ratelimit-remaining-subscription-reads": "11841",
        "x-ms-request-id": "94dc7952-f134-4747-9856-4efab63ecad9",
        "x-ms-routing-request-id": "SOUTHEASTASIA:20210916T060437Z:840b012a-7c95-47a9-8086-b77c986fbf8e"
      },
      "ResponseBody": {
        "status": "InProgress",
        "error": {
          "code": "None",
          "message": null
        }
      }
    },
    {
      "RequestUri": "https://management.azure.com/subscriptions/f3d94233-a9aa-4241-ac82-2dfb63ce637a/resourcegroups/testRg-783/providers/Microsoft.Cdn/operationresults/50dbec8e-0c3e-4eb3-b67a-ab1b0eedac44?api-version=2020-09-01",
      "RequestMethod": "GET",
      "RequestHeaders": {
        "Authorization": "Sanitized",
        "User-Agent": [
          "azsdk-net-ResourceManager/1.0.0-beta.2",
          "(.NET 5.0.10; Microsoft Windows 10.0.19043)"
        ],
        "x-ms-client-request-id": "442263eefadcee1c40f65eca76e38bc4",
        "x-ms-return-client-request-id": "true"
      },
      "RequestBody": null,
      "StatusCode": 200,
      "ResponseHeaders": {
        "Cache-Control": "no-cache",
        "Content-Length": "62",
        "Content-Type": "application/json; charset=utf-8",
        "Date": "Thu, 16 Sep 2021 06:04:37 GMT",
        "Expires": "-1",
        "Pragma": "no-cache",
        "Server": "Kestrel",
        "Strict-Transport-Security": "max-age=31536000; includeSubDomains",
        "X-Content-Type-Options": "nosniff",
        "x-ms-client-request-id": "442263eefadcee1c40f65eca76e38bc4",
        "x-ms-correlation-request-id": "e7f44da9-ec4c-4e1a-8ee2-fad3af3b0e04",
        "x-ms-ratelimit-remaining-subscription-reads": "11840",
        "x-ms-request-id": "376dda3c-10eb-44e0-8f49-a3dadf14568c",
        "x-ms-routing-request-id": "SOUTHEASTASIA:20210916T060438Z:e7f44da9-ec4c-4e1a-8ee2-fad3af3b0e04"
      },
      "ResponseBody": {
        "status": "InProgress",
        "error": {
          "code": "None",
          "message": null
        }
      }
    },
    {
      "RequestUri": "https://management.azure.com/subscriptions/f3d94233-a9aa-4241-ac82-2dfb63ce637a/resourcegroups/testRg-783/providers/Microsoft.Cdn/operationresults/50dbec8e-0c3e-4eb3-b67a-ab1b0eedac44?api-version=2020-09-01",
      "RequestMethod": "GET",
      "RequestHeaders": {
        "Authorization": "Sanitized",
        "User-Agent": [
          "azsdk-net-ResourceManager/1.0.0-beta.2",
          "(.NET 5.0.10; Microsoft Windows 10.0.19043)"
        ],
        "x-ms-client-request-id": "b7069d9d401406c5ae763dac98def45b",
        "x-ms-return-client-request-id": "true"
      },
      "RequestBody": null,
      "StatusCode": 200,
      "ResponseHeaders": {
        "Cache-Control": "no-cache",
        "Content-Length": "62",
        "Content-Type": "application/json; charset=utf-8",
        "Date": "Thu, 16 Sep 2021 06:04:37 GMT",
        "Expires": "-1",
        "Pragma": "no-cache",
        "Server": "Kestrel",
        "Strict-Transport-Security": "max-age=31536000; includeSubDomains",
        "X-Content-Type-Options": "nosniff",
        "x-ms-client-request-id": "b7069d9d401406c5ae763dac98def45b",
        "x-ms-correlation-request-id": "cddc9bc9-8c7a-47f8-914c-c5484b726af2",
        "x-ms-ratelimit-remaining-subscription-reads": "11839",
        "x-ms-request-id": "aa6f7298-b051-45e4-bd63-a49b28947337",
        "x-ms-routing-request-id": "SOUTHEASTASIA:20210916T060438Z:cddc9bc9-8c7a-47f8-914c-c5484b726af2"
      },
      "ResponseBody": {
        "status": "InProgress",
        "error": {
          "code": "None",
          "message": null
        }
      }
    },
    {
      "RequestUri": "https://management.azure.com/subscriptions/f3d94233-a9aa-4241-ac82-2dfb63ce637a/resourcegroups/testRg-783/providers/Microsoft.Cdn/operationresults/50dbec8e-0c3e-4eb3-b67a-ab1b0eedac44?api-version=2020-09-01",
      "RequestMethod": "GET",
      "RequestHeaders": {
        "Authorization": "Sanitized",
        "User-Agent": [
          "azsdk-net-ResourceManager/1.0.0-beta.2",
          "(.NET 5.0.10; Microsoft Windows 10.0.19043)"
        ],
        "x-ms-client-request-id": "2cedc94b1b18bd05292a6a5616179f9d",
        "x-ms-return-client-request-id": "true"
      },
      "RequestBody": null,
      "StatusCode": 200,
      "ResponseHeaders": {
        "Cache-Control": "no-cache",
        "Content-Length": "62",
        "Content-Type": "application/json; charset=utf-8",
        "Date": "Thu, 16 Sep 2021 06:04:38 GMT",
        "Expires": "-1",
        "Pragma": "no-cache",
        "Server": "Kestrel",
        "Strict-Transport-Security": "max-age=31536000; includeSubDomains",
        "X-Content-Type-Options": "nosniff",
        "x-ms-client-request-id": "2cedc94b1b18bd05292a6a5616179f9d",
        "x-ms-correlation-request-id": "ab1b739b-41d7-4be2-8b79-602d28d266da",
        "x-ms-ratelimit-remaining-subscription-reads": "11838",
        "x-ms-request-id": "4972468e-484a-462e-8f9e-4976733d5d0f",
        "x-ms-routing-request-id": "SOUTHEASTASIA:20210916T060438Z:ab1b739b-41d7-4be2-8b79-602d28d266da"
      },
      "ResponseBody": {
        "status": "InProgress",
        "error": {
          "code": "None",
          "message": null
        }
      }
    },
    {
      "RequestUri": "https://management.azure.com/subscriptions/f3d94233-a9aa-4241-ac82-2dfb63ce637a/resourcegroups/testRg-783/providers/Microsoft.Cdn/operationresults/50dbec8e-0c3e-4eb3-b67a-ab1b0eedac44?api-version=2020-09-01",
      "RequestMethod": "GET",
      "RequestHeaders": {
        "Authorization": "Sanitized",
        "User-Agent": [
          "azsdk-net-ResourceManager/1.0.0-beta.2",
          "(.NET 5.0.10; Microsoft Windows 10.0.19043)"
        ],
        "x-ms-client-request-id": "dbea2fd71635ae829e1b9566bc705661",
        "x-ms-return-client-request-id": "true"
      },
      "RequestBody": null,
      "StatusCode": 200,
      "ResponseHeaders": {
        "Cache-Control": "no-cache",
        "Content-Length": "62",
        "Content-Type": "application/json; charset=utf-8",
        "Date": "Thu, 16 Sep 2021 06:04:38 GMT",
        "Expires": "-1",
        "Pragma": "no-cache",
        "Server": "Kestrel",
        "Strict-Transport-Security": "max-age=31536000; includeSubDomains",
        "X-Content-Type-Options": "nosniff",
        "x-ms-client-request-id": "dbea2fd71635ae829e1b9566bc705661",
        "x-ms-correlation-request-id": "479653bc-562e-410e-bf0a-12731ea34500",
        "x-ms-ratelimit-remaining-subscription-reads": "11837",
        "x-ms-request-id": "58cd3538-8e2d-4e21-bd24-554e21d32c78",
        "x-ms-routing-request-id": "SOUTHEASTASIA:20210916T060438Z:479653bc-562e-410e-bf0a-12731ea34500"
      },
      "ResponseBody": {
        "status": "InProgress",
        "error": {
          "code": "None",
          "message": null
        }
      }
    },
    {
      "RequestUri": "https://management.azure.com/subscriptions/f3d94233-a9aa-4241-ac82-2dfb63ce637a/resourcegroups/testRg-783/providers/Microsoft.Cdn/operationresults/50dbec8e-0c3e-4eb3-b67a-ab1b0eedac44?api-version=2020-09-01",
      "RequestMethod": "GET",
      "RequestHeaders": {
        "Authorization": "Sanitized",
        "User-Agent": [
          "azsdk-net-ResourceManager/1.0.0-beta.2",
          "(.NET 5.0.10; Microsoft Windows 10.0.19043)"
        ],
        "x-ms-client-request-id": "ac7e02015ff682ab97498dead56ef097",
        "x-ms-return-client-request-id": "true"
      },
      "RequestBody": null,
      "StatusCode": 200,
      "ResponseHeaders": {
        "Cache-Control": "no-cache",
        "Content-Length": "62",
        "Content-Type": "application/json; charset=utf-8",
        "Date": "Thu, 16 Sep 2021 06:04:38 GMT",
        "Expires": "-1",
        "Pragma": "no-cache",
        "Server": "Kestrel",
        "Strict-Transport-Security": "max-age=31536000; includeSubDomains",
        "X-Content-Type-Options": "nosniff",
        "x-ms-client-request-id": "ac7e02015ff682ab97498dead56ef097",
        "x-ms-correlation-request-id": "da83bfc6-a76e-4970-bbf7-ab5434dbc7cd",
        "x-ms-ratelimit-remaining-subscription-reads": "11836",
        "x-ms-request-id": "2016a150-22e2-43d1-a7dd-583b9fdbf8a8",
        "x-ms-routing-request-id": "SOUTHEASTASIA:20210916T060439Z:da83bfc6-a76e-4970-bbf7-ab5434dbc7cd"
      },
      "ResponseBody": {
        "status": "InProgress",
        "error": {
          "code": "None",
          "message": null
        }
      }
    },
    {
      "RequestUri": "https://management.azure.com/subscriptions/f3d94233-a9aa-4241-ac82-2dfb63ce637a/resourcegroups/testRg-783/providers/Microsoft.Cdn/operationresults/50dbec8e-0c3e-4eb3-b67a-ab1b0eedac44?api-version=2020-09-01",
      "RequestMethod": "GET",
      "RequestHeaders": {
        "Authorization": "Sanitized",
        "User-Agent": [
          "azsdk-net-ResourceManager/1.0.0-beta.2",
          "(.NET 5.0.10; Microsoft Windows 10.0.19043)"
        ],
        "x-ms-client-request-id": "68d4a0d718f43426463f8dfc859f00b9",
        "x-ms-return-client-request-id": "true"
      },
      "RequestBody": null,
      "StatusCode": 200,
      "ResponseHeaders": {
        "Cache-Control": "no-cache",
        "Content-Length": "62",
        "Content-Type": "application/json; charset=utf-8",
        "Date": "Thu, 16 Sep 2021 06:04:38 GMT",
        "Expires": "-1",
        "Pragma": "no-cache",
        "Server": "Kestrel",
        "Strict-Transport-Security": "max-age=31536000; includeSubDomains",
        "X-Content-Type-Options": "nosniff",
        "x-ms-client-request-id": "68d4a0d718f43426463f8dfc859f00b9",
        "x-ms-correlation-request-id": "1d2e46ae-9048-45f0-a013-ace5a4c5c195",
        "x-ms-ratelimit-remaining-subscription-reads": "11835",
        "x-ms-request-id": "afbc4fef-3911-4fa8-960c-f1ab59ce2e3c",
        "x-ms-routing-request-id": "SOUTHEASTASIA:20210916T060439Z:1d2e46ae-9048-45f0-a013-ace5a4c5c195"
      },
      "ResponseBody": {
        "status": "InProgress",
        "error": {
          "code": "None",
          "message": null
        }
      }
    },
    {
      "RequestUri": "https://management.azure.com/subscriptions/f3d94233-a9aa-4241-ac82-2dfb63ce637a/resourcegroups/testRg-783/providers/Microsoft.Cdn/operationresults/50dbec8e-0c3e-4eb3-b67a-ab1b0eedac44?api-version=2020-09-01",
      "RequestMethod": "GET",
      "RequestHeaders": {
        "Authorization": "Sanitized",
        "User-Agent": [
          "azsdk-net-ResourceManager/1.0.0-beta.2",
          "(.NET 5.0.10; Microsoft Windows 10.0.19043)"
        ],
        "x-ms-client-request-id": "145409d3f29878a6846744eb8898d82f",
        "x-ms-return-client-request-id": "true"
      },
      "RequestBody": null,
      "StatusCode": 200,
      "ResponseHeaders": {
        "Cache-Control": "no-cache",
        "Content-Length": "62",
        "Content-Type": "application/json; charset=utf-8",
        "Date": "Thu, 16 Sep 2021 06:04:39 GMT",
        "Expires": "-1",
        "Pragma": "no-cache",
        "Server": "Kestrel",
        "Strict-Transport-Security": "max-age=31536000; includeSubDomains",
        "X-Content-Type-Options": "nosniff",
        "x-ms-client-request-id": "145409d3f29878a6846744eb8898d82f",
        "x-ms-correlation-request-id": "db89fae3-d579-4323-a13b-9a6af34563ee",
        "x-ms-ratelimit-remaining-subscription-reads": "11834",
        "x-ms-request-id": "968e2c5d-1802-4204-ad91-e4278fe38863",
        "x-ms-routing-request-id": "SOUTHEASTASIA:20210916T060439Z:db89fae3-d579-4323-a13b-9a6af34563ee"
      },
      "ResponseBody": {
        "status": "InProgress",
        "error": {
          "code": "None",
          "message": null
        }
      }
    },
    {
      "RequestUri": "https://management.azure.com/subscriptions/f3d94233-a9aa-4241-ac82-2dfb63ce637a/resourcegroups/testRg-783/providers/Microsoft.Cdn/operationresults/50dbec8e-0c3e-4eb3-b67a-ab1b0eedac44?api-version=2020-09-01",
      "RequestMethod": "GET",
      "RequestHeaders": {
        "Authorization": "Sanitized",
        "User-Agent": [
          "azsdk-net-ResourceManager/1.0.0-beta.2",
          "(.NET 5.0.10; Microsoft Windows 10.0.19043)"
        ],
        "x-ms-client-request-id": "1c8efe2bee9be96cdb4a65b6d1aefdf7",
        "x-ms-return-client-request-id": "true"
      },
      "RequestBody": null,
      "StatusCode": 200,
      "ResponseHeaders": {
        "Cache-Control": "no-cache",
        "Content-Length": "62",
        "Content-Type": "application/json; charset=utf-8",
        "Date": "Thu, 16 Sep 2021 06:04:39 GMT",
        "Expires": "-1",
        "Pragma": "no-cache",
        "Server": "Kestrel",
        "Strict-Transport-Security": "max-age=31536000; includeSubDomains",
        "X-Content-Type-Options": "nosniff",
        "x-ms-client-request-id": "1c8efe2bee9be96cdb4a65b6d1aefdf7",
        "x-ms-correlation-request-id": "fded1a11-0e9e-4c5f-8beb-cd792e8cf17c",
        "x-ms-ratelimit-remaining-subscription-reads": "11833",
        "x-ms-request-id": "dafe8694-3191-4ae6-a8f6-4fad5ba17221",
        "x-ms-routing-request-id": "SOUTHEASTASIA:20210916T060440Z:fded1a11-0e9e-4c5f-8beb-cd792e8cf17c"
      },
      "ResponseBody": {
        "status": "InProgress",
        "error": {
          "code": "None",
          "message": null
        }
      }
    },
    {
      "RequestUri": "https://management.azure.com/subscriptions/f3d94233-a9aa-4241-ac82-2dfb63ce637a/resourcegroups/testRg-783/providers/Microsoft.Cdn/operationresults/50dbec8e-0c3e-4eb3-b67a-ab1b0eedac44?api-version=2020-09-01",
      "RequestMethod": "GET",
      "RequestHeaders": {
        "Authorization": "Sanitized",
        "User-Agent": [
          "azsdk-net-ResourceManager/1.0.0-beta.2",
          "(.NET 5.0.10; Microsoft Windows 10.0.19043)"
        ],
        "x-ms-client-request-id": "cc16d448db1ae4fff95ce38dd43aabae",
        "x-ms-return-client-request-id": "true"
      },
      "RequestBody": null,
      "StatusCode": 200,
      "ResponseHeaders": {
        "Cache-Control": "no-cache",
        "Content-Length": "62",
        "Content-Type": "application/json; charset=utf-8",
        "Date": "Thu, 16 Sep 2021 06:04:39 GMT",
        "Expires": "-1",
        "Pragma": "no-cache",
        "Server": "Kestrel",
        "Strict-Transport-Security": "max-age=31536000; includeSubDomains",
        "X-Content-Type-Options": "nosniff",
        "x-ms-client-request-id": "cc16d448db1ae4fff95ce38dd43aabae",
        "x-ms-correlation-request-id": "e25c8cbe-89cb-4d41-9d5d-a30ddc618c07",
        "x-ms-ratelimit-remaining-subscription-reads": "11832",
        "x-ms-request-id": "63ffa8bd-9c71-4a6d-aba1-ea3c49990fc8",
        "x-ms-routing-request-id": "SOUTHEASTASIA:20210916T060440Z:e25c8cbe-89cb-4d41-9d5d-a30ddc618c07"
      },
      "ResponseBody": {
        "status": "InProgress",
        "error": {
          "code": "None",
          "message": null
        }
      }
    },
    {
      "RequestUri": "https://management.azure.com/subscriptions/f3d94233-a9aa-4241-ac82-2dfb63ce637a/resourcegroups/testRg-783/providers/Microsoft.Cdn/operationresults/50dbec8e-0c3e-4eb3-b67a-ab1b0eedac44?api-version=2020-09-01",
      "RequestMethod": "GET",
      "RequestHeaders": {
        "Authorization": "Sanitized",
        "User-Agent": [
          "azsdk-net-ResourceManager/1.0.0-beta.2",
          "(.NET 5.0.10; Microsoft Windows 10.0.19043)"
        ],
        "x-ms-client-request-id": "86d05e67e410e51e9c6b384e8defa6d5",
        "x-ms-return-client-request-id": "true"
      },
      "RequestBody": null,
      "StatusCode": 200,
      "ResponseHeaders": {
        "Cache-Control": "no-cache",
        "Content-Length": "62",
        "Content-Type": "application/json; charset=utf-8",
        "Date": "Thu, 16 Sep 2021 06:04:40 GMT",
        "Expires": "-1",
        "Pragma": "no-cache",
        "Server": "Kestrel",
        "Strict-Transport-Security": "max-age=31536000; includeSubDomains",
        "X-Content-Type-Options": "nosniff",
        "x-ms-client-request-id": "86d05e67e410e51e9c6b384e8defa6d5",
        "x-ms-correlation-request-id": "5d9f949a-8f89-4338-a11d-25fe0a1ea642",
        "x-ms-ratelimit-remaining-subscription-reads": "11831",
        "x-ms-request-id": "ff3df975-43db-4f48-a3f8-424943c37a37",
        "x-ms-routing-request-id": "SOUTHEASTASIA:20210916T060440Z:5d9f949a-8f89-4338-a11d-25fe0a1ea642"
      },
      "ResponseBody": {
        "status": "InProgress",
        "error": {
          "code": "None",
          "message": null
        }
      }
    },
    {
      "RequestUri": "https://management.azure.com/subscriptions/f3d94233-a9aa-4241-ac82-2dfb63ce637a/resourcegroups/testRg-783/providers/Microsoft.Cdn/operationresults/50dbec8e-0c3e-4eb3-b67a-ab1b0eedac44?api-version=2020-09-01",
      "RequestMethod": "GET",
      "RequestHeaders": {
        "Authorization": "Sanitized",
        "User-Agent": [
          "azsdk-net-ResourceManager/1.0.0-beta.2",
          "(.NET 5.0.10; Microsoft Windows 10.0.19043)"
        ],
        "x-ms-client-request-id": "b4a34c6a0b825015ffaa223e0bdf14a0",
        "x-ms-return-client-request-id": "true"
      },
      "RequestBody": null,
      "StatusCode": 200,
      "ResponseHeaders": {
        "Cache-Control": "no-cache",
        "Content-Length": "62",
        "Content-Type": "application/json; charset=utf-8",
        "Date": "Thu, 16 Sep 2021 06:04:40 GMT",
        "Expires": "-1",
        "Pragma": "no-cache",
        "Server": "Kestrel",
        "Strict-Transport-Security": "max-age=31536000; includeSubDomains",
        "X-Content-Type-Options": "nosniff",
        "x-ms-client-request-id": "b4a34c6a0b825015ffaa223e0bdf14a0",
        "x-ms-correlation-request-id": "d8c2955e-86b3-4ee5-aeca-79932acdc0c6",
        "x-ms-ratelimit-remaining-subscription-reads": "11830",
        "x-ms-request-id": "1b2f153e-abb0-47ee-b5a7-3a97a57b1b4b",
        "x-ms-routing-request-id": "SOUTHEASTASIA:20210916T060441Z:d8c2955e-86b3-4ee5-aeca-79932acdc0c6"
      },
      "ResponseBody": {
        "status": "InProgress",
        "error": {
          "code": "None",
          "message": null
        }
      }
    },
    {
      "RequestUri": "https://management.azure.com/subscriptions/f3d94233-a9aa-4241-ac82-2dfb63ce637a/resourcegroups/testRg-783/providers/Microsoft.Cdn/operationresults/50dbec8e-0c3e-4eb3-b67a-ab1b0eedac44?api-version=2020-09-01",
      "RequestMethod": "GET",
      "RequestHeaders": {
        "Authorization": "Sanitized",
        "User-Agent": [
          "azsdk-net-ResourceManager/1.0.0-beta.2",
          "(.NET 5.0.10; Microsoft Windows 10.0.19043)"
        ],
        "x-ms-client-request-id": "724fb79e76dd64e6b6312faea2b05709",
        "x-ms-return-client-request-id": "true"
      },
      "RequestBody": null,
      "StatusCode": 200,
      "ResponseHeaders": {
        "Cache-Control": "no-cache",
        "Content-Length": "62",
        "Content-Type": "application/json; charset=utf-8",
        "Date": "Thu, 16 Sep 2021 06:04:40 GMT",
        "Expires": "-1",
        "Pragma": "no-cache",
        "Server": "Kestrel",
        "Strict-Transport-Security": "max-age=31536000; includeSubDomains",
        "X-Content-Type-Options": "nosniff",
        "x-ms-client-request-id": "724fb79e76dd64e6b6312faea2b05709",
        "x-ms-correlation-request-id": "b2c5cf49-7c3d-493f-9b2f-9d728ae9ee1e",
        "x-ms-ratelimit-remaining-subscription-reads": "11829",
        "x-ms-request-id": "bd19d494-3aa2-47ba-9172-36e40f68577d",
        "x-ms-routing-request-id": "SOUTHEASTASIA:20210916T060441Z:b2c5cf49-7c3d-493f-9b2f-9d728ae9ee1e"
      },
      "ResponseBody": {
        "status": "InProgress",
        "error": {
          "code": "None",
          "message": null
        }
      }
    },
    {
      "RequestUri": "https://management.azure.com/subscriptions/f3d94233-a9aa-4241-ac82-2dfb63ce637a/resourcegroups/testRg-783/providers/Microsoft.Cdn/operationresults/50dbec8e-0c3e-4eb3-b67a-ab1b0eedac44?api-version=2020-09-01",
      "RequestMethod": "GET",
      "RequestHeaders": {
        "Authorization": "Sanitized",
        "User-Agent": [
          "azsdk-net-ResourceManager/1.0.0-beta.2",
          "(.NET 5.0.10; Microsoft Windows 10.0.19043)"
        ],
        "x-ms-client-request-id": "87220db5f7975b2c49808766c2dfd9bd",
        "x-ms-return-client-request-id": "true"
      },
      "RequestBody": null,
      "StatusCode": 200,
      "ResponseHeaders": {
        "Cache-Control": "no-cache",
        "Content-Length": "62",
        "Content-Type": "application/json; charset=utf-8",
        "Date": "Thu, 16 Sep 2021 06:04:41 GMT",
        "Expires": "-1",
        "Pragma": "no-cache",
        "Server": "Kestrel",
        "Strict-Transport-Security": "max-age=31536000; includeSubDomains",
        "X-Content-Type-Options": "nosniff",
        "x-ms-client-request-id": "87220db5f7975b2c49808766c2dfd9bd",
        "x-ms-correlation-request-id": "4cbed625-470c-43bd-a152-9208035fd6b5",
        "x-ms-ratelimit-remaining-subscription-reads": "11828",
        "x-ms-request-id": "fe563275-37a2-40ad-94c7-228dddc07dad",
        "x-ms-routing-request-id": "SOUTHEASTASIA:20210916T060441Z:4cbed625-470c-43bd-a152-9208035fd6b5"
      },
      "ResponseBody": {
        "status": "InProgress",
        "error": {
          "code": "None",
          "message": null
        }
      }
    },
    {
      "RequestUri": "https://management.azure.com/subscriptions/f3d94233-a9aa-4241-ac82-2dfb63ce637a/resourcegroups/testRg-783/providers/Microsoft.Cdn/operationresults/50dbec8e-0c3e-4eb3-b67a-ab1b0eedac44?api-version=2020-09-01",
      "RequestMethod": "GET",
      "RequestHeaders": {
        "Authorization": "Sanitized",
        "User-Agent": [
          "azsdk-net-ResourceManager/1.0.0-beta.2",
          "(.NET 5.0.10; Microsoft Windows 10.0.19043)"
        ],
        "x-ms-client-request-id": "d6af975634a0f4f7663ffe50db66ad4e",
        "x-ms-return-client-request-id": "true"
      },
      "RequestBody": null,
      "StatusCode": 200,
      "ResponseHeaders": {
        "Cache-Control": "no-cache",
        "Content-Length": "62",
        "Content-Type": "application/json; charset=utf-8",
        "Date": "Thu, 16 Sep 2021 06:04:41 GMT",
        "Expires": "-1",
        "Pragma": "no-cache",
        "Server": "Kestrel",
        "Strict-Transport-Security": "max-age=31536000; includeSubDomains",
        "X-Content-Type-Options": "nosniff",
        "x-ms-client-request-id": "d6af975634a0f4f7663ffe50db66ad4e",
        "x-ms-correlation-request-id": "452e0376-123f-4978-91d6-d728d94b6f31",
        "x-ms-ratelimit-remaining-subscription-reads": "11827",
        "x-ms-request-id": "dc1fe9d8-dcec-47ba-b2b8-39c47356e79f",
        "x-ms-routing-request-id": "SOUTHEASTASIA:20210916T060442Z:452e0376-123f-4978-91d6-d728d94b6f31"
      },
      "ResponseBody": {
        "status": "InProgress",
        "error": {
          "code": "None",
          "message": null
        }
      }
    },
    {
      "RequestUri": "https://management.azure.com/subscriptions/f3d94233-a9aa-4241-ac82-2dfb63ce637a/resourcegroups/testRg-783/providers/Microsoft.Cdn/operationresults/50dbec8e-0c3e-4eb3-b67a-ab1b0eedac44?api-version=2020-09-01",
      "RequestMethod": "GET",
      "RequestHeaders": {
        "Authorization": "Sanitized",
        "User-Agent": [
          "azsdk-net-ResourceManager/1.0.0-beta.2",
          "(.NET 5.0.10; Microsoft Windows 10.0.19043)"
        ],
        "x-ms-client-request-id": "fd8918528dbca7098bf4295dee80a2d6",
        "x-ms-return-client-request-id": "true"
      },
      "RequestBody": null,
      "StatusCode": 200,
      "ResponseHeaders": {
        "Cache-Control": "no-cache",
        "Content-Length": "62",
        "Content-Type": "application/json; charset=utf-8",
        "Date": "Thu, 16 Sep 2021 06:04:41 GMT",
        "Expires": "-1",
        "Pragma": "no-cache",
        "Server": "Kestrel",
        "Strict-Transport-Security": "max-age=31536000; includeSubDomains",
        "X-Content-Type-Options": "nosniff",
        "x-ms-client-request-id": "fd8918528dbca7098bf4295dee80a2d6",
        "x-ms-correlation-request-id": "3ad1bbe7-8edb-4a05-bad5-9d40046e9514",
        "x-ms-ratelimit-remaining-subscription-reads": "11826",
        "x-ms-request-id": "a0c35bef-0cb7-4545-9fa2-534ea461d0d1",
        "x-ms-routing-request-id": "SOUTHEASTASIA:20210916T060442Z:3ad1bbe7-8edb-4a05-bad5-9d40046e9514"
      },
      "ResponseBody": {
        "status": "InProgress",
        "error": {
          "code": "None",
          "message": null
        }
      }
    },
    {
      "RequestUri": "https://management.azure.com/subscriptions/f3d94233-a9aa-4241-ac82-2dfb63ce637a/resourcegroups/testRg-783/providers/Microsoft.Cdn/operationresults/50dbec8e-0c3e-4eb3-b67a-ab1b0eedac44?api-version=2020-09-01",
      "RequestMethod": "GET",
      "RequestHeaders": {
        "Authorization": "Sanitized",
        "User-Agent": [
          "azsdk-net-ResourceManager/1.0.0-beta.2",
          "(.NET 5.0.10; Microsoft Windows 10.0.19043)"
        ],
        "x-ms-client-request-id": "0a57725781018169152e2058f9db7fe2",
        "x-ms-return-client-request-id": "true"
      },
      "RequestBody": null,
      "StatusCode": 200,
      "ResponseHeaders": {
        "Cache-Control": "no-cache",
        "Content-Length": "62",
        "Content-Type": "application/json; charset=utf-8",
        "Date": "Thu, 16 Sep 2021 06:04:42 GMT",
        "Expires": "-1",
        "Pragma": "no-cache",
        "Server": "Kestrel",
        "Strict-Transport-Security": "max-age=31536000; includeSubDomains",
        "X-Content-Type-Options": "nosniff",
        "x-ms-client-request-id": "0a57725781018169152e2058f9db7fe2",
        "x-ms-correlation-request-id": "94cae4a3-62ef-4083-9835-3e349dbadb14",
        "x-ms-ratelimit-remaining-subscription-reads": "11825",
        "x-ms-request-id": "6c92de7a-56a6-43e4-af89-fff20abe128e",
        "x-ms-routing-request-id": "SOUTHEASTASIA:20210916T060442Z:94cae4a3-62ef-4083-9835-3e349dbadb14"
      },
      "ResponseBody": {
        "status": "InProgress",
        "error": {
          "code": "None",
          "message": null
        }
      }
    },
    {
      "RequestUri": "https://management.azure.com/subscriptions/f3d94233-a9aa-4241-ac82-2dfb63ce637a/resourcegroups/testRg-783/providers/Microsoft.Cdn/operationresults/50dbec8e-0c3e-4eb3-b67a-ab1b0eedac44?api-version=2020-09-01",
      "RequestMethod": "GET",
      "RequestHeaders": {
        "Authorization": "Sanitized",
        "User-Agent": [
          "azsdk-net-ResourceManager/1.0.0-beta.2",
          "(.NET 5.0.10; Microsoft Windows 10.0.19043)"
        ],
        "x-ms-client-request-id": "a91339d2dc56c9008e084bac0b9a05e6",
        "x-ms-return-client-request-id": "true"
      },
      "RequestBody": null,
      "StatusCode": 200,
      "ResponseHeaders": {
        "Cache-Control": "no-cache",
        "Content-Length": "62",
        "Content-Type": "application/json; charset=utf-8",
        "Date": "Thu, 16 Sep 2021 06:04:42 GMT",
        "Expires": "-1",
        "Pragma": "no-cache",
        "Server": "Kestrel",
        "Strict-Transport-Security": "max-age=31536000; includeSubDomains",
        "X-Content-Type-Options": "nosniff",
        "x-ms-client-request-id": "a91339d2dc56c9008e084bac0b9a05e6",
        "x-ms-correlation-request-id": "adca22ef-791e-4ae5-97eb-7e8afe04c786",
        "x-ms-ratelimit-remaining-subscription-reads": "11824",
        "x-ms-request-id": "0c7cd1a1-2ffa-4163-b727-d9e4eec6c6d7",
        "x-ms-routing-request-id": "SOUTHEASTASIA:20210916T060443Z:adca22ef-791e-4ae5-97eb-7e8afe04c786"
      },
      "ResponseBody": {
        "status": "InProgress",
        "error": {
          "code": "None",
          "message": null
        }
      }
    },
    {
      "RequestUri": "https://management.azure.com/subscriptions/f3d94233-a9aa-4241-ac82-2dfb63ce637a/resourcegroups/testRg-783/providers/Microsoft.Cdn/operationresults/50dbec8e-0c3e-4eb3-b67a-ab1b0eedac44?api-version=2020-09-01",
      "RequestMethod": "GET",
      "RequestHeaders": {
        "Authorization": "Sanitized",
        "User-Agent": [
          "azsdk-net-ResourceManager/1.0.0-beta.2",
          "(.NET 5.0.10; Microsoft Windows 10.0.19043)"
        ],
        "x-ms-client-request-id": "69f9279ca20fd14cae07e78d6cb0adaf",
        "x-ms-return-client-request-id": "true"
      },
      "RequestBody": null,
      "StatusCode": 200,
      "ResponseHeaders": {
        "Cache-Control": "no-cache",
        "Content-Length": "62",
        "Content-Type": "application/json; charset=utf-8",
        "Date": "Thu, 16 Sep 2021 06:04:42 GMT",
        "Expires": "-1",
        "Pragma": "no-cache",
        "Server": "Kestrel",
        "Strict-Transport-Security": "max-age=31536000; includeSubDomains",
        "X-Content-Type-Options": "nosniff",
        "x-ms-client-request-id": "69f9279ca20fd14cae07e78d6cb0adaf",
        "x-ms-correlation-request-id": "fd9bcb78-05af-483f-a728-c802806b46a0",
        "x-ms-ratelimit-remaining-subscription-reads": "11823",
        "x-ms-request-id": "482222c7-fd42-4c3e-854d-23c937d3509e",
        "x-ms-routing-request-id": "SOUTHEASTASIA:20210916T060443Z:fd9bcb78-05af-483f-a728-c802806b46a0"
      },
      "ResponseBody": {
        "status": "InProgress",
        "error": {
          "code": "None",
          "message": null
        }
      }
    },
    {
      "RequestUri": "https://management.azure.com/subscriptions/f3d94233-a9aa-4241-ac82-2dfb63ce637a/resourcegroups/testRg-783/providers/Microsoft.Cdn/operationresults/50dbec8e-0c3e-4eb3-b67a-ab1b0eedac44?api-version=2020-09-01",
      "RequestMethod": "GET",
      "RequestHeaders": {
        "Authorization": "Sanitized",
        "User-Agent": [
          "azsdk-net-ResourceManager/1.0.0-beta.2",
          "(.NET 5.0.10; Microsoft Windows 10.0.19043)"
        ],
        "x-ms-client-request-id": "b58b4674f86c7b80718e7cf836bd767b",
        "x-ms-return-client-request-id": "true"
      },
      "RequestBody": null,
      "StatusCode": 200,
      "ResponseHeaders": {
        "Cache-Control": "no-cache",
        "Content-Length": "62",
        "Content-Type": "application/json; charset=utf-8",
        "Date": "Thu, 16 Sep 2021 06:04:43 GMT",
        "Expires": "-1",
        "Pragma": "no-cache",
        "Server": "Kestrel",
        "Strict-Transport-Security": "max-age=31536000; includeSubDomains",
        "X-Content-Type-Options": "nosniff",
        "x-ms-client-request-id": "b58b4674f86c7b80718e7cf836bd767b",
        "x-ms-correlation-request-id": "8188eef1-7676-4aa5-bde3-ad9276f9b28a",
        "x-ms-ratelimit-remaining-subscription-reads": "11822",
        "x-ms-request-id": "361a55ba-260a-49ab-bab4-8fae7762f42f",
        "x-ms-routing-request-id": "SOUTHEASTASIA:20210916T060443Z:8188eef1-7676-4aa5-bde3-ad9276f9b28a"
      },
      "ResponseBody": {
        "status": "InProgress",
        "error": {
          "code": "None",
          "message": null
        }
      }
    },
    {
      "RequestUri": "https://management.azure.com/subscriptions/f3d94233-a9aa-4241-ac82-2dfb63ce637a/resourcegroups/testRg-783/providers/Microsoft.Cdn/operationresults/50dbec8e-0c3e-4eb3-b67a-ab1b0eedac44?api-version=2020-09-01",
      "RequestMethod": "GET",
      "RequestHeaders": {
        "Authorization": "Sanitized",
        "User-Agent": [
          "azsdk-net-ResourceManager/1.0.0-beta.2",
          "(.NET 5.0.10; Microsoft Windows 10.0.19043)"
        ],
        "x-ms-client-request-id": "d2bb3a2916e12fd2ec42fb4ef4735cdd",
        "x-ms-return-client-request-id": "true"
      },
      "RequestBody": null,
      "StatusCode": 200,
      "ResponseHeaders": {
        "Cache-Control": "no-cache",
        "Content-Length": "62",
        "Content-Type": "application/json; charset=utf-8",
        "Date": "Thu, 16 Sep 2021 06:04:43 GMT",
        "Expires": "-1",
        "Pragma": "no-cache",
        "Server": "Kestrel",
        "Strict-Transport-Security": "max-age=31536000; includeSubDomains",
        "X-Content-Type-Options": "nosniff",
        "x-ms-client-request-id": "d2bb3a2916e12fd2ec42fb4ef4735cdd",
        "x-ms-correlation-request-id": "f57e3f71-01d5-441e-af17-37504112813a",
        "x-ms-ratelimit-remaining-subscription-reads": "11821",
        "x-ms-request-id": "b6a3c42b-b9d7-46fb-8e58-ebcdb1e41517",
        "x-ms-routing-request-id": "SOUTHEASTASIA:20210916T060444Z:f57e3f71-01d5-441e-af17-37504112813a"
      },
      "ResponseBody": {
        "status": "InProgress",
        "error": {
          "code": "None",
          "message": null
        }
      }
    },
    {
      "RequestUri": "https://management.azure.com/subscriptions/f3d94233-a9aa-4241-ac82-2dfb63ce637a/resourcegroups/testRg-783/providers/Microsoft.Cdn/operationresults/50dbec8e-0c3e-4eb3-b67a-ab1b0eedac44?api-version=2020-09-01",
      "RequestMethod": "GET",
      "RequestHeaders": {
        "Authorization": "Sanitized",
        "User-Agent": [
          "azsdk-net-ResourceManager/1.0.0-beta.2",
          "(.NET 5.0.10; Microsoft Windows 10.0.19043)"
        ],
        "x-ms-client-request-id": "c4379b5a500fa479a67df78126549bf1",
        "x-ms-return-client-request-id": "true"
      },
      "RequestBody": null,
      "StatusCode": 200,
      "ResponseHeaders": {
        "Cache-Control": "no-cache",
        "Content-Length": "62",
        "Content-Type": "application/json; charset=utf-8",
        "Date": "Thu, 16 Sep 2021 06:04:43 GMT",
        "Expires": "-1",
        "Pragma": "no-cache",
        "Server": "Kestrel",
        "Strict-Transport-Security": "max-age=31536000; includeSubDomains",
        "X-Content-Type-Options": "nosniff",
        "x-ms-client-request-id": "c4379b5a500fa479a67df78126549bf1",
        "x-ms-correlation-request-id": "231fde37-ea3a-4396-8b4e-092a9f21f811",
        "x-ms-ratelimit-remaining-subscription-reads": "11820",
        "x-ms-request-id": "4b539730-050e-4b3c-b7f8-6017f9537bf8",
        "x-ms-routing-request-id": "SOUTHEASTASIA:20210916T060444Z:231fde37-ea3a-4396-8b4e-092a9f21f811"
      },
      "ResponseBody": {
        "status": "InProgress",
        "error": {
          "code": "None",
          "message": null
        }
      }
    },
    {
      "RequestUri": "https://management.azure.com/subscriptions/f3d94233-a9aa-4241-ac82-2dfb63ce637a/resourcegroups/testRg-783/providers/Microsoft.Cdn/operationresults/50dbec8e-0c3e-4eb3-b67a-ab1b0eedac44?api-version=2020-09-01",
      "RequestMethod": "GET",
      "RequestHeaders": {
        "Authorization": "Sanitized",
        "User-Agent": [
          "azsdk-net-ResourceManager/1.0.0-beta.2",
          "(.NET 5.0.10; Microsoft Windows 10.0.19043)"
        ],
        "x-ms-client-request-id": "31646b91dbf55ece735bc82afd3287fe",
        "x-ms-return-client-request-id": "true"
      },
      "RequestBody": null,
      "StatusCode": 200,
      "ResponseHeaders": {
        "Cache-Control": "no-cache",
        "Content-Length": "62",
        "Content-Type": "application/json; charset=utf-8",
        "Date": "Thu, 16 Sep 2021 06:04:44 GMT",
        "Expires": "-1",
        "Pragma": "no-cache",
        "Server": "Kestrel",
        "Strict-Transport-Security": "max-age=31536000; includeSubDomains",
        "X-Content-Type-Options": "nosniff",
        "x-ms-client-request-id": "31646b91dbf55ece735bc82afd3287fe",
        "x-ms-correlation-request-id": "72138098-1727-4bea-a454-548d4b2ad6a3",
        "x-ms-ratelimit-remaining-subscription-reads": "11819",
        "x-ms-request-id": "a30daf2c-6385-4930-8cc7-049ac2b6dfc3",
        "x-ms-routing-request-id": "SOUTHEASTASIA:20210916T060444Z:72138098-1727-4bea-a454-548d4b2ad6a3"
      },
      "ResponseBody": {
        "status": "InProgress",
        "error": {
          "code": "None",
          "message": null
        }
      }
    },
    {
      "RequestUri": "https://management.azure.com/subscriptions/f3d94233-a9aa-4241-ac82-2dfb63ce637a/resourcegroups/testRg-783/providers/Microsoft.Cdn/operationresults/50dbec8e-0c3e-4eb3-b67a-ab1b0eedac44?api-version=2020-09-01",
      "RequestMethod": "GET",
      "RequestHeaders": {
        "Authorization": "Sanitized",
        "User-Agent": [
          "azsdk-net-ResourceManager/1.0.0-beta.2",
          "(.NET 5.0.10; Microsoft Windows 10.0.19043)"
        ],
        "x-ms-client-request-id": "9b9d9f31b185d86cc1162b631e510998",
        "x-ms-return-client-request-id": "true"
      },
      "RequestBody": null,
      "StatusCode": 200,
      "ResponseHeaders": {
        "Cache-Control": "no-cache",
        "Content-Length": "62",
        "Content-Type": "application/json; charset=utf-8",
        "Date": "Thu, 16 Sep 2021 06:04:44 GMT",
        "Expires": "-1",
        "Pragma": "no-cache",
        "Server": "Kestrel",
        "Strict-Transport-Security": "max-age=31536000; includeSubDomains",
        "X-Content-Type-Options": "nosniff",
        "x-ms-client-request-id": "9b9d9f31b185d86cc1162b631e510998",
        "x-ms-correlation-request-id": "3f6e860c-7eab-45f7-9daf-ad5755056038",
        "x-ms-ratelimit-remaining-subscription-reads": "11818",
        "x-ms-request-id": "2d8cdaef-1cfe-4035-8bf5-138e6385c754",
        "x-ms-routing-request-id": "SOUTHEASTASIA:20210916T060445Z:3f6e860c-7eab-45f7-9daf-ad5755056038"
      },
      "ResponseBody": {
        "status": "InProgress",
        "error": {
          "code": "None",
          "message": null
        }
      }
    },
    {
      "RequestUri": "https://management.azure.com/subscriptions/f3d94233-a9aa-4241-ac82-2dfb63ce637a/resourcegroups/testRg-783/providers/Microsoft.Cdn/operationresults/50dbec8e-0c3e-4eb3-b67a-ab1b0eedac44?api-version=2020-09-01",
      "RequestMethod": "GET",
      "RequestHeaders": {
        "Authorization": "Sanitized",
        "User-Agent": [
          "azsdk-net-ResourceManager/1.0.0-beta.2",
          "(.NET 5.0.10; Microsoft Windows 10.0.19043)"
        ],
        "x-ms-client-request-id": "88bc09a62a0e7fe8ccd951b3874fa773",
        "x-ms-return-client-request-id": "true"
      },
      "RequestBody": null,
      "StatusCode": 200,
      "ResponseHeaders": {
        "Cache-Control": "no-cache",
        "Content-Length": "62",
        "Content-Type": "application/json; charset=utf-8",
        "Date": "Thu, 16 Sep 2021 06:04:44 GMT",
        "Expires": "-1",
        "Pragma": "no-cache",
        "Server": "Kestrel",
        "Strict-Transport-Security": "max-age=31536000; includeSubDomains",
        "X-Content-Type-Options": "nosniff",
        "x-ms-client-request-id": "88bc09a62a0e7fe8ccd951b3874fa773",
        "x-ms-correlation-request-id": "bdc8cb9f-9625-472b-abc6-a0e34634f27f",
        "x-ms-ratelimit-remaining-subscription-reads": "11817",
        "x-ms-request-id": "154a8379-0371-4e40-97a0-9a39a6fa806b",
        "x-ms-routing-request-id": "SOUTHEASTASIA:20210916T060445Z:bdc8cb9f-9625-472b-abc6-a0e34634f27f"
      },
      "ResponseBody": {
        "status": "InProgress",
        "error": {
          "code": "None",
          "message": null
        }
      }
    },
    {
      "RequestUri": "https://management.azure.com/subscriptions/f3d94233-a9aa-4241-ac82-2dfb63ce637a/resourcegroups/testRg-783/providers/Microsoft.Cdn/operationresults/50dbec8e-0c3e-4eb3-b67a-ab1b0eedac44?api-version=2020-09-01",
      "RequestMethod": "GET",
      "RequestHeaders": {
        "Authorization": "Sanitized",
        "User-Agent": [
          "azsdk-net-ResourceManager/1.0.0-beta.2",
          "(.NET 5.0.10; Microsoft Windows 10.0.19043)"
        ],
        "x-ms-client-request-id": "874ff9f600b6e06bff8b70deaf6a4022",
        "x-ms-return-client-request-id": "true"
      },
      "RequestBody": null,
      "StatusCode": 200,
      "ResponseHeaders": {
        "Cache-Control": "no-cache",
        "Content-Length": "61",
        "Content-Type": "application/json; charset=utf-8",
        "Date": "Thu, 16 Sep 2021 06:04:45 GMT",
        "Expires": "-1",
        "Pragma": "no-cache",
        "Server": "Kestrel",
        "Strict-Transport-Security": "max-age=31536000; includeSubDomains",
        "X-Content-Type-Options": "nosniff",
        "x-ms-client-request-id": "874ff9f600b6e06bff8b70deaf6a4022",
        "x-ms-correlation-request-id": "5665f5ec-133c-4352-b2f6-6d87a34e2ce0",
        "x-ms-ratelimit-remaining-subscription-reads": "11816",
        "x-ms-request-id": "b3af771d-f75e-4db4-ad1a-fefa86c37a95",
        "x-ms-routing-request-id": "SOUTHEASTASIA:20210916T060445Z:5665f5ec-133c-4352-b2f6-6d87a34e2ce0"
      },
      "ResponseBody": {
        "status": "Succeeded",
        "error": {
          "code": "None",
          "message": null
        }
      }
    },
    {
      "RequestUri": "https://management.azure.com/subscriptions/f3d94233-a9aa-4241-ac82-2dfb63ce637a/resourceGroups/testRg-783/providers/Microsoft.Cdn/profiles/profile-983?api-version=2020-09-01",
      "RequestMethod": "GET",
      "RequestHeaders": {
        "Authorization": "Sanitized",
        "User-Agent": [
          "azsdk-net-ResourceManager/1.0.0-beta.2",
          "(.NET 5.0.10; Microsoft Windows 10.0.19043)"
        ],
        "x-ms-client-request-id": "f3833051fe7607f0b61eceac60b85071",
        "x-ms-return-client-request-id": "true"
      },
      "RequestBody": null,
      "StatusCode": 200,
      "ResponseHeaders": {
        "Cache-Control": "no-cache",
        "Content-Length": "332",
        "Content-Type": "application/json; charset=utf-8",
        "Date": "Thu, 16 Sep 2021 06:04:45 GMT",
        "Expires": "-1",
        "Pragma": "no-cache",
        "Server": "Kestrel",
        "Strict-Transport-Security": "max-age=31536000; includeSubDomains",
        "X-Content-Type-Options": "nosniff",
        "x-ms-client-request-id": "f3833051fe7607f0b61eceac60b85071",
        "x-ms-correlation-request-id": "8cfe184c-3e73-4992-b4a7-6e4f2e7f3520",
        "x-ms-ratelimit-remaining-subscription-resource-requests": "49",
        "x-ms-request-id": "edc7e38d-9487-4a98-9dc6-9a33876875eb",
        "x-ms-routing-request-id": "SOUTHEASTASIA:20210916T060446Z:8cfe184c-3e73-4992-b4a7-6e4f2e7f3520"
      },
      "ResponseBody": {
        "id": "/subscriptions/f3d94233-a9aa-4241-ac82-2dfb63ce637a/resourcegroups/testRg-783/providers/Microsoft.Cdn/profiles/profile-983",
        "type": "Microsoft.Cdn/profiles",
        "name": "profile-983",
        "location": "WestUs",
        "kind": "cdn",
        "tags": {},
        "sku": {
          "name": "Standard_Akamai"
        },
        "properties": {
          "resourceState": "Active",
          "provisioningState": "Succeeded"
        }
      }
    },
    {
      "RequestUri": "https://management.azure.com/subscriptions/f3d94233-a9aa-4241-ac82-2dfb63ce637a/resourceGroups/testRg-783/providers/Microsoft.Cdn/profiles/profile-983/getSupportedOptimizationTypes?api-version=2020-09-01",
      "RequestMethod": "POST",
      "RequestHeaders": {
        "Accept": "application/json",
        "Authorization": "Sanitized",
        "User-Agent": [
          "azsdk-net-ResourceManager.Cdn/1.0.0-alpha.20210916.1",
          "(.NET 5.0.10; Microsoft Windows 10.0.19043)"
        ],
        "x-ms-client-request-id": "246db76f8201a6e19edc8982b909cf62",
        "x-ms-return-client-request-id": "true"
      },
      "RequestBody": null,
      "StatusCode": 200,
      "ResponseHeaders": {
        "Cache-Control": "no-cache",
        "Content-Length": "153",
        "Content-Type": "application/json; charset=utf-8",
        "Date": "Thu, 16 Sep 2021 06:04:46 GMT",
        "Expires": "-1",
        "Pragma": "no-cache",
        "Server": "Kestrel",
        "Strict-Transport-Security": "max-age=31536000; includeSubDomains",
        "X-Content-Type-Options": "nosniff",
        "x-ms-client-request-id": "246db76f8201a6e19edc8982b909cf62",
        "x-ms-correlation-request-id": "1b7237ab-6158-4dec-a4c7-c04c8fab50ea",
        "x-ms-ratelimit-remaining-subscription-writes": "1199",
        "x-ms-request-id": "97a34b7f-35f7-410c-8d65-2694b90f1f92",
        "x-ms-routing-request-id": "SOUTHEASTASIA:20210916T060447Z:1b7237ab-6158-4dec-a4c7-c04c8fab50ea"
      },
      "ResponseBody": {
        "supportedOptimizationTypes": [
          "GeneralWebDelivery",
          "GeneralMediaStreaming",
          "VideoOnDemandMediaStreaming",
          "LargeFileDownload",
          "DynamicSiteAcceleration"
        ]
      }
    }
  ],
  "Variables": {
    "RandomSeed": "1988019528",
    "RESOURCE_MANAGER_URL": null,
    "SUBSCRIPTION_ID": "f3d94233-a9aa-4241-ac82-2dfb63ce637a"
  }
}