{
  "Entries": [
    {
      "RequestUri": "https://management.azure.com/subscriptions/db1ab6f0-4769-4b27-930e-01e2ef9c123c?api-version=2021-01-01",
      "RequestMethod": "GET",
      "RequestHeaders": {
        "Accept": "application/json",
        "Authorization": "Sanitized",
        "traceparent": "00-8d44500c4382c8c9ed81e514a9f4ea7d-f9e3e25f7f2c20ed-00",
        "User-Agent": "azsdk-net-ResourceManager/1.5.0-alpha.20230427.1 (.NET 6.0.16; Microsoft Windows 10.0.22621)",
        "x-ms-client-request-id": "3239b111ccbfb51acc85d233ead0addc",
        "x-ms-return-client-request-id": "true"
      },
      "RequestBody": null,
      "StatusCode": 200,
      "ResponseHeaders": {
        "Cache-Control": "no-cache",
        "Content-Length": "748",
        "Content-Type": "application/json; charset=utf-8",
        "Date": "Thu, 27 Apr 2023 10:15:43 GMT",
        "Expires": "-1",
        "Pragma": "no-cache",
        "Strict-Transport-Security": "max-age=31536000; includeSubDomains",
        "X-Content-Type-Options": "nosniff",
        "x-ms-correlation-request-id": "03058fc4-27b6-4be1-b34c-185728e2bee8",
        "x-ms-ratelimit-remaining-subscription-reads": "11986",
        "x-ms-request-id": "03058fc4-27b6-4be1-b34c-185728e2bee8",
        "x-ms-routing-request-id": "SOUTHEASTASIA:20230427T101544Z:03058fc4-27b6-4be1-b34c-185728e2bee8"
      },
      "ResponseBody": {
        "id": "/subscriptions/db1ab6f0-4769-4b27-930e-01e2ef9c123c",
        "authorizationSource": "RoleBased",
        "managedByTenants": [],
        "tags": {
          "TagKey-9823": "TagValue-1254",
          "TagKey-3481": "TagValue-320",
          "TagKey-4926": "TagValue-1187",
          "TagKey-751": "TagValue-3921",
          "TagKey-1866": "TagValue-8559",
          "TagKey-3094": "TagValue-9190",
          "TagKey-2449": "TagValue-9",
          "TagKey-8379": "TagValue-164",
          "TagKey-7470": "TagValue-2205",
          "TagKey-4236": "TagValue-3698",
          "TagKey-5316": "TagValue-2725"
        },
        "subscriptionId": "db1ab6f0-4769-4b27-930e-01e2ef9c123c",
        "tenantId": "72f988bf-86f1-41af-91ab-2d7cd011db47",
        "displayName": ".NET Mgmt SDK Test with TTL = 1 Day",
        "state": "Enabled",
        "subscriptionPolicies": {
          "locationPlacementId": "Internal_2014-09-01",
          "quotaId": "Internal_2014-09-01",
          "spendingLimit": "Off"
        }
      }
    },
    {
      "RequestUri": "https://management.azure.com/subscriptions/db1ab6f0-4769-4b27-930e-01e2ef9c123c/providers/Microsoft.Authorization/policyAssignments/polAssign-5452?api-version=2022-06-01",
      "RequestMethod": "PUT",
      "RequestHeaders": {
        "Accept": "application/json",
        "Authorization": "Sanitized",
        "Content-Length": "166",
        "Content-Type": "application/json",
        "traceparent": "00-9b9f8f1a8dad8bf2a97bceac1be86ed7-9eb2dfa8cd2079bb-00",
        "User-Agent": "azsdk-net-ResourceManager/1.5.0-alpha.20230427.1 (.NET 6.0.16; Microsoft Windows 10.0.22621)",
        "x-ms-client-request-id": "fc6ddfcf0c4f30a49623c085a899c2af",
        "x-ms-return-client-request-id": "true"
      },
      "RequestBody": {
        "properties": {
          "displayName": "Test $polAssign-5452",
          "policyDefinitionId": "/providers/Microsoft.Authorization/policyDefinitions/06a78e20-9358-41c9-923c-fb736d382a4d"
        }
      },
      "StatusCode": 201,
      "ResponseHeaders": {
        "Cache-Control": "no-cache",
        "Content-Length": "876",
        "Content-Type": "application/json; charset=utf-8",
        "Date": "Thu, 27 Apr 2023 10:15:43 GMT",
        "Expires": "-1",
        "Pragma": "no-cache",
        "Server": "Kestrel",
        "Strict-Transport-Security": "max-age=31536000; includeSubDomains",
        "X-Content-Type-Options": "nosniff",
        "x-ms-correlation-request-id": "2e3fec67-c67f-44b7-b0c8-4654a9d40b58",
        "x-ms-ratelimit-remaining-subscription-writes": "1184",
        "x-ms-request-id": "2e3fec67-c67f-44b7-b0c8-4654a9d40b58",
        "x-ms-routing-request-id": "SOUTHEASTASIA:20230427T101544Z:2e3fec67-c67f-44b7-b0c8-4654a9d40b58"
      },
      "ResponseBody": {
        "properties": {
          "displayName": "Test $polAssign-5452",
          "policyDefinitionId": "/providers/Microsoft.Authorization/policyDefinitions/06a78e20-9358-41c9-923c-fb736d382a4d",
          "scope": "/subscriptions/db1ab6f0-4769-4b27-930e-01e2ef9c123c",
          "metadata": {
            "createdBy": "d8d75902-f0d1-442d-b310-62e23b1ff5ec",
            "createdOn": "2023-04-27T10:15:44.5090517Z",
            "updatedBy": null,
            "updatedOn": null
          },
          "enforcementMode": "Default"
        },
        "id": "/subscriptions/db1ab6f0-4769-4b27-930e-01e2ef9c123c/providers/Microsoft.Authorization/policyAssignments/polAssign-5452",
        "type": "Microsoft.Authorization/policyAssignments",
        "name": "polAssign-5452",
        "systemData": {
          "createdBy": "18521949-6d6e-454b-b208-4d3141df8607",
          "createdByType": "Application",
          "createdAt": "2023-04-27T10:15:44.4609555Z",
          "lastModifiedBy": "18521949-6d6e-454b-b208-4d3141df8607",
          "lastModifiedByType": "Application",
          "lastModifiedAt": "2023-04-27T10:15:44.4609555Z"
        }
      }
    },
    {
      "RequestUri": "https://management.azure.com/subscriptions/db1ab6f0-4769-4b27-930e-01e2ef9c123c/providers/Microsoft.Authorization/policyAssignments/polAssign-5452?api-version=2022-06-01",
      "RequestMethod": "DELETE",
      "RequestHeaders": {
        "Accept": "application/json",
        "Authorization": "Sanitized",
        "traceparent": "00-4afc50d3444cd9bde9622585b90d4332-2779c3c91dbeaac5-00",
        "User-Agent": "azsdk-net-ResourceManager/1.5.0-alpha.20230427.1 (.NET 6.0.16; Microsoft Windows 10.0.22621)",
        "x-ms-client-request-id": "4245a9c9f90a3f247a1a339cc1111fc9",
        "x-ms-return-client-request-id": "true"
      },
      "RequestBody": null,
      "StatusCode": 200,
      "ResponseHeaders": {
        "Cache-Control": "no-cache",
        "Content-Length": "876",
        "Content-Type": "application/json; charset=utf-8",
        "Date": "Thu, 27 Apr 2023 10:15:44 GMT",
        "Expires": "-1",
        "Pragma": "no-cache",
        "Server": "Kestrel",
        "Strict-Transport-Security": "max-age=31536000; includeSubDomains",
        "X-Content-Type-Options": "nosniff",
        "x-ms-correlation-request-id": "fdbc76b6-2482-4170-89b0-85a843524990",
        "x-ms-ratelimit-remaining-subscription-deletes": "14998",
        "x-ms-request-id": "fdbc76b6-2482-4170-89b0-85a843524990",
        "x-ms-routing-request-id": "SOUTHEASTASIA:20230427T101544Z:fdbc76b6-2482-4170-89b0-85a843524990"
      },
      "ResponseBody": {
        "properties": {
          "displayName": "Test $polAssign-5452",
          "policyDefinitionId": "/providers/Microsoft.Authorization/policyDefinitions/06a78e20-9358-41c9-923c-fb736d382a4d",
          "scope": "/subscriptions/db1ab6f0-4769-4b27-930e-01e2ef9c123c",
          "metadata": {
            "createdBy": "d8d75902-f0d1-442d-b310-62e23b1ff5ec",
            "createdOn": "2023-04-27T10:15:44.5090517Z",
            "updatedBy": null,
            "updatedOn": null
          },
          "enforcementMode": "Default"
        },
        "id": "/subscriptions/db1ab6f0-4769-4b27-930e-01e2ef9c123c/providers/Microsoft.Authorization/policyAssignments/polAssign-5452",
        "type": "Microsoft.Authorization/policyAssignments",
        "name": "polAssign-5452",
        "systemData": {
          "createdBy": "18521949-6d6e-454b-b208-4d3141df8607",
          "createdByType": "Application",
          "createdAt": "2023-04-27T10:15:44.4609555Z",
          "lastModifiedBy": "18521949-6d6e-454b-b208-4d3141df8607",
          "lastModifiedByType": "Application",
          "lastModifiedAt": "2023-04-27T10:15:44.4609555Z"
        }
      }
    },
    {
      "RequestUri": "https://management.azure.com/subscriptions/db1ab6f0-4769-4b27-930e-01e2ef9c123c/providers/Microsoft.Authorization/policyAssignments/polAssign-5452?api-version=2022-06-01",
      "RequestMethod": "GET",
      "RequestHeaders": {
        "Accept": "application/json",
        "Authorization": "Sanitized",
        "traceparent": "00-c62f0dcb96898c67d61261d2b76e4756-07ec8d32b71eb6c1-00",
        "User-Agent": "azsdk-net-ResourceManager/1.5.0-alpha.20230427.1 (.NET 6.0.16; Microsoft Windows 10.0.22621)",
        "x-ms-client-request-id": "b6a5eefc0459a4c1950129a9593024ec",
        "x-ms-return-client-request-id": "true"
      },
      "RequestBody": null,
      "StatusCode": 404,
      "ResponseHeaders": {
        "Cache-Control": "no-store, no-cache",
        "Content-Length": "110",
        "Content-Type": "application/json",
        "Date": "Thu, 27 Apr 2023 10:15:44 GMT",
        "Expires": "-1",
        "Pragma": "no-cache",
        "Server": "Kestrel",
        "Strict-Transport-Security": "max-age=31536000; includeSubDomains",
        "X-Content-Type-Options": "nosniff",
        "x-ms-correlation-request-id": "07d47881-a555-48ee-b3d5-947935a0731f",
        "x-ms-ratelimit-remaining-subscription-reads": "11985",
        "x-ms-request-id": "07d47881-a555-48ee-b3d5-947935a0731f",
        "x-ms-routing-request-id": "SOUTHEASTASIA:20230427T101544Z:07d47881-a555-48ee-b3d5-947935a0731f"
      },
      "ResponseBody": {
        "error": {
          "code": "PolicyAssignmentNotFound",
          "message": "The policy assignment \u0027polAssign-5452\u0027 is not found."
        }
      }
    }
  ],
  "Variables": {
    "AZURE_AUTHORITY_HOST": "https://login.microsoftonline.com",
    "RandomSeed": "2095790357",
    "RESOURCE_MANAGER_URL": null,
    "SUBSCRIPTION_ID": "db1ab6f0-4769-4b27-930e-01e2ef9c123c"
  }
}
