{
  "Entries": [
    {
      "RequestUri": "https://js-metrics-advisor.cognitiveservices.azure.com/metricsadvisor/v1.0/dataFeeds",
      "RequestMethod": "POST",
      "RequestHeaders": {
        "Accept": "application/json",
        "Content-Length": "394",
        "Content-Type": "application/json",
        "Ocp-Apim-Subscription-Key": "Sanitized",
        "traceparent": "00-d2fd7f889f580a488085927302589bdd-e2339c1a1be9fa4d-00",
        "User-Agent": [
          "azsdk-net-AI.MetricsAdvisor/1.0.0-alpha.20201028.1",
          "(.NET Core 4.6.29321.03; Microsoft Windows 10.0.19042 )"
        ],
        "x-api-key": "Sanitized",
        "x-ms-client-request-id": "486faeaa13f9878faaf9f9aad989a23c",
        "x-ms-return-client-request-id": "true"
      },
      "RequestBody": {
        "dataSourceParameter": {
          "connectionString": "Sanitized",
          "container": "foo",
          "blobTemplate": "template"
        },
        "dataSourceType": "AzureBlob",
        "dataFeedName": "testXb9Olo8m",
        "dataFeedDescription": "my feed description",
        "granularityName": "Daily",
        "metrics": [
          {
            "metricName": "someMetricName",
            "metricDisplayName": "someMetricDisplayName",
            "metricDescription": "someDescription"
          }
        ],
        "dataStartFrom": "2020-10-28T00:00:00Z"
      },
      "StatusCode": 201,
      "ResponseHeaders": {
        "apim-request-id": "ac449482-957a-48d5-babd-0deb0cdde5d1",
        "Content-Length": "0",
        "Date": "Wed, 28 Oct 2020 18:41:07 GMT",
        "Location": "https://js-metrics-advisor.cognitiveservices.azure.com/metricsadvisor/v1.0/dataFeeds/ff454466-6ff7-4cd0-9df1-3c3e2f939580",
        "Strict-Transport-Security": "max-age=31536000; includeSubDomains; preload",
        "X-Content-Type-Options": "nosniff",
        "x-envoy-upstream-service-time": "445",
        "X-Request-ID": "ac449482-957a-48d5-babd-0deb0cdde5d1"
      },
      "ResponseBody": []
    },
    {
      "RequestUri": "https://js-metrics-advisor.cognitiveservices.azure.com/metricsadvisor/v1.0/dataFeeds/ff454466-6ff7-4cd0-9df1-3c3e2f939580",
      "RequestMethod": "GET",
      "RequestHeaders": {
        "Accept": "application/json",
        "Ocp-Apim-Subscription-Key": "Sanitized",
        "traceparent": "00-60d98702b78a444d9acc5a3532530732-a9496cd74b1db246-00",
        "User-Agent": [
          "azsdk-net-AI.MetricsAdvisor/1.0.0-alpha.20201028.1",
          "(.NET Core 4.6.29321.03; Microsoft Windows 10.0.19042 )"
        ],
        "x-api-key": "Sanitized",
        "x-ms-client-request-id": "ca06a26b26f3b60b33a6ea44e2d5a54a",
        "x-ms-return-client-request-id": "true"
      },
      "RequestBody": null,
      "StatusCode": 200,
      "ResponseHeaders": {
        "apim-request-id": "58b2a999-5a3b-4e9f-a6fe-2e84ea4508be",
        "Content-Length": "1031",
        "Content-Type": "application/json; charset=utf-8",
        "Date": "Wed, 28 Oct 2020 18:41:08 GMT",
        "Strict-Transport-Security": "max-age=31536000; includeSubDomains; preload",
        "X-Content-Type-Options": "nosniff",
        "x-envoy-upstream-service-time": "113",
        "X-Request-ID": "58b2a999-5a3b-4e9f-a6fe-2e84ea4508be"
      },
      "ResponseBody": {
        "dataFeedId": "ff454466-6ff7-4cd0-9df1-3c3e2f939580",
        "dataFeedName": "testXb9Olo8m",
        "metrics": [
          {
            "metricId": "0481bd34-ee87-4970-abf4-542b6af0f356",
            "metricName": "someMetricName",
            "metricDisplayName": "someMetricDisplayName",
            "metricDescription": "someDescription"
          }
        ],
        "dimension": [],
        "dataStartFrom": "2020-10-28T00:00:00Z",
        "dataSourceType": "AzureBlob",
        "timestampColumn": "",
        "startOffsetInSeconds": 0,
        "maxQueryPerMinute": 30.0,
        "granularityName": "Daily",
        "granularityAmount": null,
        "allUpIdentification": null,
        "needRollup": "NoRollup",
        "fillMissingPointType": "PreviousValue",
        "fillMissingPointValue": 0.0,
        "rollUpMethod": "None",
        "rollUpColumns": [],
        "dataFeedDescription": "my feed description",
        "stopRetryAfterInSeconds": -1,
        "minRetryIntervalInSeconds": -1,
        "maxConcurrency": -1,
        "viewMode": "Private",
        "admins": [
          "foo@contoso.com"
        ],
        "viewers": [],
        "creator": "foo@contoso.com",
        "status": "Active",
        "createdTime": "2020-10-28T18:41:08Z",
        "isAdmin": true,
        "actionLinkTemplate": "",
        "dataSourceParameter": {
          "container": "foo",
          "connectionString": "Sanitized",
          "blobTemplate": "template"
        }
      }
    },
    {
      "RequestUri": "https://js-metrics-advisor.cognitiveservices.azure.com/metricsadvisor/v1.0/dataFeeds/ff454466-6ff7-4cd0-9df1-3c3e2f939580",
      "RequestMethod": "PATCH",
      "RequestHeaders": {
        "Accept": "application/json",
        "Content-Length": "595",
        "Content-Type": "application/merge-patch\u002Bjson",
        "Ocp-Apim-Subscription-Key": "Sanitized",
        "traceparent": "00-bc43fc59df87644ba3fe8a4639d84297-1887a6c44e7fa34b-00",
        "User-Agent": [
          "azsdk-net-AI.MetricsAdvisor/1.0.0-alpha.20201028.1",
          "(.NET Core 4.6.29321.03; Microsoft Windows 10.0.19042 )"
        ],
        "x-api-key": "Sanitized",
        "x-ms-client-request-id": "c01e0541c178fe13545851b9c15a4483",
        "x-ms-return-client-request-id": "true"
      },
      "RequestBody": {
        "dataSourceParameter": {
          "connectionString": "Sanitized",
          "container": "foo",
          "blobTemplate": "template"
        },
        "dataSourceType": "AzureBlob",
        "dataFeedName": "testXb9Olo8m",
        "dataFeedDescription": "descnVzy8c9y",
        "timestampColumn": "",
        "dataStartFrom": "2020-10-28T00:00:00Z",
        "startOffsetInSeconds": 0,
        "maxConcurrency": -1,
        "minRetryIntervalInSeconds": -1,
        "stopRetryAfterInSeconds": -1,
        "needRollup": "NoRollup",
        "rollUpMethod": "None",
        "rollUpColumns": [],
        "fillMissingPointType": "CustomValue",
        "fillMissingPointValue": 42,
        "viewMode": "Private",
        "admins": [
          "foo@contoso.com"
        ],
        "viewers": [],
        "status": "Active",
        "actionLinkTemplate": ""
      },
      "StatusCode": 204,
      "ResponseHeaders": {
        "apim-request-id": "0ac43662-ec4b-44cb-928c-23baebe8594c",
        "Content-Length": "0",
        "Date": "Wed, 28 Oct 2020 18:41:08 GMT",
        "Strict-Transport-Security": "max-age=31536000; includeSubDomains; preload",
        "X-Content-Type-Options": "nosniff",
        "x-envoy-upstream-service-time": "615",
        "X-Request-ID": "0ac43662-ec4b-44cb-928c-23baebe8594c"
      },
      "ResponseBody": []
    },
    {
      "RequestUri": "https://js-metrics-advisor.cognitiveservices.azure.com/metricsadvisor/v1.0/dataFeeds/ff454466-6ff7-4cd0-9df1-3c3e2f939580",
      "RequestMethod": "DELETE",
      "RequestHeaders": {
        "Accept": "application/json",
        "Ocp-Apim-Subscription-Key": "Sanitized",
        "traceparent": "00-6cdd91de0d9cdc48850a9e31ff9e0431-c7fc8c7fecebe34a-00",
        "User-Agent": [
          "azsdk-net-AI.MetricsAdvisor/1.0.0-alpha.20201028.1",
          "(.NET Core 4.6.29321.03; Microsoft Windows 10.0.19042 )"
        ],
        "x-api-key": "Sanitized",
        "x-ms-client-request-id": "5214b8a24a28d5a454ae57f7580fc53b",
        "x-ms-return-client-request-id": "true"
      },
      "RequestBody": null,
      "StatusCode": 204,
      "ResponseHeaders": {
        "apim-request-id": "f73c5adc-9140-4ad1-8418-bf3af998ae2b",
        "Content-Length": "0",
        "Date": "Wed, 28 Oct 2020 18:41:08 GMT",
        "Strict-Transport-Security": "max-age=31536000; includeSubDomains; preload",
        "X-Content-Type-Options": "nosniff",
        "x-envoy-upstream-service-time": "245",
        "X-Request-ID": "f73c5adc-9140-4ad1-8418-bf3af998ae2b"
      },
      "ResponseBody": []
    }
  ],
  "Variables": {
    "DateTimeOffsetNow": "2020-10-28T11:41:08.1483879-07:00",
    "METRICSADVISOR_ACCOUNT_NAME": "js-metrics-advisor",
    "METRICSADVISOR_ENDPOINT_SUFFIX": null,
    "METRICSADVISOR_PRIMARY_API_KEY": "Sanitized",
    "METRICSADVISOR_PRIMARY_STORAGE_ACCOUNT_KEY": "Kg==",
    "METRICSADVISOR_SUBSCRIPTION_KEY": "Sanitized",
    "RandomSeed": "462974278"
  }
}