{
  "Entries": [
    {
      "RequestUri": "/subscriptions/0f3dcfc3-18f8-4099-b381-8353e19d43a7/resourcegroups/sdktestingadsrg?api-version=2017-05-10",
      "EncodedRequestUri": "L3N1YnNjcmlwdGlvbnMvMGYzZGNmYzMtMThmOC00MDk5LWIzODEtODM1M2UxOWQ0M2E3L3Jlc291cmNlZ3JvdXBzL3Nka3Rlc3RpbmdhZHNyZz9hcGktdmVyc2lvbj0yMDE3LTA1LTEw",
      "RequestMethod": "PUT",
      "RequestBody": "{\r\n  \"location\": \"eastus\"\r\n}",
      "RequestHeaders": {
        "x-ms-client-request-id": [
          "5fc0a790-71ec-4cc0-b93f-e92f3b0df638"
        ],
        "Accept-Language": [
          "en-US"
        ],
        "User-Agent": [
          "FxVersion/4.6.29812.02",
          "OSName/Windows",
          "OSVersion/Microsoft.Windows.10.0.19042.",
          "Microsoft.Azure.Management.ResourceManager.ResourceManagementClient/1.6.0.0"
        ],
        "Content-Type": [
          "application/json; charset=utf-8"
        ],
        "Content-Length": [
          "28"
        ]
      },
      "ResponseHeaders": {
        "Cache-Control": [
          "no-cache"
        ],
        "Pragma": [
          "no-cache"
        ],
        "x-ms-ratelimit-remaining-subscription-writes": [
          "1199"
        ],
        "x-ms-request-id": [
          "82326b40-9a5f-4ed4-914c-f7211c02d94d"
        ],
        "x-ms-correlation-request-id": [
          "82326b40-9a5f-4ed4-914c-f7211c02d94d"
        ],
        "x-ms-routing-request-id": [
          "WESTUS2:20210311T061646Z:82326b40-9a5f-4ed4-914c-f7211c02d94d"
        ],
        "Strict-Transport-Security": [
          "max-age=31536000; includeSubDomains"
        ],
        "X-Content-Type-Options": [
          "nosniff"
        ],
        "Date": [
          "Thu, 11 Mar 2021 06:16:46 GMT"
        ],
        "Content-Length": [
          "183"
        ],
        "Content-Type": [
          "application/json; charset=utf-8"
        ],
        "Expires": [
          "-1"
        ]
      },
      "ResponseBody": "{\r\n  \"id\": \"/subscriptions/0f3dcfc3-18f8-4099-b381-8353e19d43a7/resourceGroups/sdktestingadsrg\",\r\n  \"name\": \"sdktestingadsrg\",\r\n  \"location\": \"eastus\",\r\n  \"properties\": {\r\n    \"provisioningState\": \"Succeeded\"\r\n  }\r\n}",
      "StatusCode": 201
    },
    {
      "RequestUri": "/subscriptions/0f3dcfc3-18f8-4099-b381-8353e19d43a7/resourceGroups/sdktestingadsrg/providers/Microsoft.Storage/storageAccounts/storageactsample?api-version=2021-01-01",
      "EncodedRequestUri": "L3N1YnNjcmlwdGlvbnMvMGYzZGNmYzMtMThmOC00MDk5LWIzODEtODM1M2UxOWQ0M2E3L3Jlc291cmNlR3JvdXBzL3Nka3Rlc3RpbmdhZHNyZy9wcm92aWRlcnMvTWljcm9zb2Z0LlN0b3JhZ2Uvc3RvcmFnZUFjY291bnRzL3N0b3JhZ2VhY3RzYW1wbGU/YXBpLXZlcnNpb249MjAyMS0wMS0wMQ==",
      "RequestMethod": "PUT",
      "RequestBody": "{\r\n  \"sku\": {\r\n    \"name\": \"Standard_GRS\"\r\n  },\r\n  \"kind\": \"StorageV2\",\r\n  \"location\": \"eastus\",\r\n  \"tags\": {\r\n    \"key1\": \"value1\",\r\n    \"key2\": \"value2\"\r\n  }\r\n}",
      "RequestHeaders": {
        "x-ms-client-request-id": [
          "e835fd27-19d4-44f9-94a5-9a957a0181bd"
        ],
        "Accept-Language": [
          "en-US"
        ],
        "User-Agent": [
          "FxVersion/4.6.29812.02",
          "OSName/Windows",
          "OSVersion/Microsoft.Windows.10.0.19042.",
          "Microsoft.Azure.Management.Storage.StorageManagementClient/19.0.0.0"
        ],
        "Content-Type": [
          "application/json; charset=utf-8"
        ],
        "Content-Length": [
          "162"
        ]
      },
      "ResponseHeaders": {
        "Cache-Control": [
          "no-cache"
        ],
        "Pragma": [
          "no-cache"
        ],
        "Location": [
          "https://management.azure.com/subscriptions/0f3dcfc3-18f8-4099-b381-8353e19d43a7/providers/Microsoft.Storage/locations/eastus/asyncoperations/b74cf1c9-7172-4cd8-85c1-7a104f727912?monitor=true&api-version=2021-01-01"
        ],
        "Retry-After": [
          "17"
        ],
        "x-ms-request-id": [
          "b74cf1c9-7172-4cd8-85c1-7a104f727912"
        ],
        "Strict-Transport-Security": [
          "max-age=31536000; includeSubDomains"
        ],
        "Server": [
          "Microsoft-Azure-Storage-Resource-Provider/1.0,Microsoft-HTTPAPI/2.0 Microsoft-HTTPAPI/2.0"
        ],
        "x-ms-ratelimit-remaining-subscription-writes": [
          "1199"
        ],
        "x-ms-correlation-request-id": [
          "51937e26-7f69-40a1-9d07-c2c817b12df7"
        ],
        "x-ms-routing-request-id": [
          "WESTUS2:20210311T061649Z:51937e26-7f69-40a1-9d07-c2c817b12df7"
        ],
        "X-Content-Type-Options": [
          "nosniff"
        ],
        "Date": [
          "Thu, 11 Mar 2021 06:16:49 GMT"
        ],
        "Content-Type": [
          "text/plain; charset=utf-8"
        ],
        "Expires": [
          "-1"
        ],
        "Content-Length": [
          "0"
        ]
      },
      "ResponseBody": "",
      "StatusCode": 202
    },
    {
      "RequestUri": "/subscriptions/0f3dcfc3-18f8-4099-b381-8353e19d43a7/providers/Microsoft.Storage/locations/eastus/asyncoperations/b74cf1c9-7172-4cd8-85c1-7a104f727912?monitor=true&api-version=2021-01-01",
      "EncodedRequestUri": "L3N1YnNjcmlwdGlvbnMvMGYzZGNmYzMtMThmOC00MDk5LWIzODEtODM1M2UxOWQ0M2E3L3Byb3ZpZGVycy9NaWNyb3NvZnQuU3RvcmFnZS9sb2NhdGlvbnMvZWFzdHVzL2FzeW5jb3BlcmF0aW9ucy9iNzRjZjFjOS03MTcyLTRjZDgtODVjMS03YTEwNGY3Mjc5MTI/bW9uaXRvcj10cnVlJmFwaS12ZXJzaW9uPTIwMjEtMDEtMDE=",
      "RequestMethod": "GET",
      "RequestBody": "",
      "RequestHeaders": {
        "User-Agent": [
          "FxVersion/4.6.29812.02",
          "OSName/Windows",
          "OSVersion/Microsoft.Windows.10.0.19042.",
          "Microsoft.Azure.Management.Storage.StorageManagementClient/19.0.0.0"
        ]
      },
      "ResponseHeaders": {
        "Cache-Control": [
          "no-cache"
        ],
        "Pragma": [
          "no-cache"
        ],
        "Location": [
          "https://management.azure.com/subscriptions/0f3dcfc3-18f8-4099-b381-8353e19d43a7/providers/Microsoft.Storage/locations/eastus/asyncoperations/b74cf1c9-7172-4cd8-85c1-7a104f727912?monitor=true&api-version=2021-01-01"
        ],
        "Retry-After": [
          "3"
        ],
        "x-ms-request-id": [
          "6021381d-ee5b-42bb-a621-a4249b63dd15"
        ],
        "Strict-Transport-Security": [
          "max-age=31536000; includeSubDomains"
        ],
        "Server": [
          "Microsoft-Azure-Storage-Resource-Provider/1.0,Microsoft-HTTPAPI/2.0 Microsoft-HTTPAPI/2.0"
        ],
        "x-ms-ratelimit-remaining-subscription-reads": [
          "11999"
        ],
        "x-ms-correlation-request-id": [
          "76ac60ae-bf96-46cc-8abb-9e299ba2357d"
        ],
        "x-ms-routing-request-id": [
          "WESTUS2:20210311T061707Z:76ac60ae-bf96-46cc-8abb-9e299ba2357d"
        ],
        "X-Content-Type-Options": [
          "nosniff"
        ],
        "Date": [
          "Thu, 11 Mar 2021 06:17:06 GMT"
        ],
        "Content-Type": [
          "text/plain; charset=utf-8"
        ],
        "Expires": [
          "-1"
        ],
        "Content-Length": [
          "0"
        ]
      },
      "ResponseBody": "",
      "StatusCode": 202
    },
    {
      "RequestUri": "/subscriptions/0f3dcfc3-18f8-4099-b381-8353e19d43a7/providers/Microsoft.Storage/locations/eastus/asyncoperations/b74cf1c9-7172-4cd8-85c1-7a104f727912?monitor=true&api-version=2021-01-01",
      "EncodedRequestUri": "L3N1YnNjcmlwdGlvbnMvMGYzZGNmYzMtMThmOC00MDk5LWIzODEtODM1M2UxOWQ0M2E3L3Byb3ZpZGVycy9NaWNyb3NvZnQuU3RvcmFnZS9sb2NhdGlvbnMvZWFzdHVzL2FzeW5jb3BlcmF0aW9ucy9iNzRjZjFjOS03MTcyLTRjZDgtODVjMS03YTEwNGY3Mjc5MTI/bW9uaXRvcj10cnVlJmFwaS12ZXJzaW9uPTIwMjEtMDEtMDE=",
      "RequestMethod": "GET",
      "RequestBody": "",
      "RequestHeaders": {
        "User-Agent": [
          "FxVersion/4.6.29812.02",
          "OSName/Windows",
          "OSVersion/Microsoft.Windows.10.0.19042.",
          "Microsoft.Azure.Management.Storage.StorageManagementClient/19.0.0.0"
        ]
      },
      "ResponseHeaders": {
        "Cache-Control": [
          "no-cache"
        ],
        "Pragma": [
          "no-cache"
        ],
        "Location": [
          "https://management.azure.com/subscriptions/0f3dcfc3-18f8-4099-b381-8353e19d43a7/providers/Microsoft.Storage/locations/eastus/asyncoperations/b74cf1c9-7172-4cd8-85c1-7a104f727912?monitor=true&api-version=2021-01-01"
        ],
        "Retry-After": [
          "3"
        ],
        "x-ms-request-id": [
          "6bcd1781-2774-440a-8307-eedc0671196f"
        ],
        "Strict-Transport-Security": [
          "max-age=31536000; includeSubDomains"
        ],
        "Server": [
          "Microsoft-Azure-Storage-Resource-Provider/1.0,Microsoft-HTTPAPI/2.0 Microsoft-HTTPAPI/2.0"
        ],
        "x-ms-ratelimit-remaining-subscription-reads": [
          "11998"
        ],
        "x-ms-correlation-request-id": [
          "857669d0-aaeb-4462-ab05-fa0fc99e565d"
        ],
        "x-ms-routing-request-id": [
          "WESTUS2:20210311T061710Z:857669d0-aaeb-4462-ab05-fa0fc99e565d"
        ],
        "X-Content-Type-Options": [
          "nosniff"
        ],
        "Date": [
          "Thu, 11 Mar 2021 06:17:09 GMT"
        ],
        "Content-Type": [
          "text/plain; charset=utf-8"
        ],
        "Expires": [
          "-1"
        ],
        "Content-Length": [
          "0"
        ]
      },
      "ResponseBody": "",
      "StatusCode": 202
    },
    {
      "RequestUri": "/subscriptions/0f3dcfc3-18f8-4099-b381-8353e19d43a7/providers/Microsoft.Storage/locations/eastus/asyncoperations/b74cf1c9-7172-4cd8-85c1-7a104f727912?monitor=true&api-version=2021-01-01",
      "EncodedRequestUri": "L3N1YnNjcmlwdGlvbnMvMGYzZGNmYzMtMThmOC00MDk5LWIzODEtODM1M2UxOWQ0M2E3L3Byb3ZpZGVycy9NaWNyb3NvZnQuU3RvcmFnZS9sb2NhdGlvbnMvZWFzdHVzL2FzeW5jb3BlcmF0aW9ucy9iNzRjZjFjOS03MTcyLTRjZDgtODVjMS03YTEwNGY3Mjc5MTI/bW9uaXRvcj10cnVlJmFwaS12ZXJzaW9uPTIwMjEtMDEtMDE=",
      "RequestMethod": "GET",
      "RequestBody": "",
      "RequestHeaders": {
        "User-Agent": [
          "FxVersion/4.6.29812.02",
          "OSName/Windows",
          "OSVersion/Microsoft.Windows.10.0.19042.",
          "Microsoft.Azure.Management.Storage.StorageManagementClient/19.0.0.0"
        ]
      },
      "ResponseHeaders": {
        "Cache-Control": [
          "no-cache"
        ],
        "Pragma": [
          "no-cache"
        ],
        "Location": [
          "https://management.azure.com/subscriptions/0f3dcfc3-18f8-4099-b381-8353e19d43a7/providers/Microsoft.Storage/locations/eastus/asyncoperations/b74cf1c9-7172-4cd8-85c1-7a104f727912?monitor=true&api-version=2021-01-01"
        ],
        "Retry-After": [
          "3"
        ],
        "x-ms-request-id": [
          "552193fc-0a58-4f16-9513-614abcb4b3a6"
        ],
        "Strict-Transport-Security": [
          "max-age=31536000; includeSubDomains"
        ],
        "Server": [
          "Microsoft-Azure-Storage-Resource-Provider/1.0,Microsoft-HTTPAPI/2.0 Microsoft-HTTPAPI/2.0"
        ],
        "x-ms-ratelimit-remaining-subscription-reads": [
          "11997"
        ],
        "x-ms-correlation-request-id": [
          "91152570-3a61-488e-98d6-a4a43733ff09"
        ],
        "x-ms-routing-request-id": [
          "WESTUS2:20210311T061713Z:91152570-3a61-488e-98d6-a4a43733ff09"
        ],
        "X-Content-Type-Options": [
          "nosniff"
        ],
        "Date": [
          "Thu, 11 Mar 2021 06:17:13 GMT"
        ],
        "Content-Type": [
          "text/plain; charset=utf-8"
        ],
        "Expires": [
          "-1"
        ],
        "Content-Length": [
          "0"
        ]
      },
      "ResponseBody": "",
      "StatusCode": 202
    },
    {
      "RequestUri": "/subscriptions/0f3dcfc3-18f8-4099-b381-8353e19d43a7/providers/Microsoft.Storage/locations/eastus/asyncoperations/b74cf1c9-7172-4cd8-85c1-7a104f727912?monitor=true&api-version=2021-01-01",
      "EncodedRequestUri": "L3N1YnNjcmlwdGlvbnMvMGYzZGNmYzMtMThmOC00MDk5LWIzODEtODM1M2UxOWQ0M2E3L3Byb3ZpZGVycy9NaWNyb3NvZnQuU3RvcmFnZS9sb2NhdGlvbnMvZWFzdHVzL2FzeW5jb3BlcmF0aW9ucy9iNzRjZjFjOS03MTcyLTRjZDgtODVjMS03YTEwNGY3Mjc5MTI/bW9uaXRvcj10cnVlJmFwaS12ZXJzaW9uPTIwMjEtMDEtMDE=",
      "RequestMethod": "GET",
      "RequestBody": "",
      "RequestHeaders": {
        "User-Agent": [
          "FxVersion/4.6.29812.02",
          "OSName/Windows",
          "OSVersion/Microsoft.Windows.10.0.19042.",
          "Microsoft.Azure.Management.Storage.StorageManagementClient/19.0.0.0"
        ]
      },
      "ResponseHeaders": {
        "Cache-Control": [
          "no-cache"
        ],
        "Pragma": [
          "no-cache"
        ],
        "Location": [
          "https://management.azure.com/subscriptions/0f3dcfc3-18f8-4099-b381-8353e19d43a7/providers/Microsoft.Storage/locations/eastus/asyncoperations/b74cf1c9-7172-4cd8-85c1-7a104f727912?monitor=true&api-version=2021-01-01"
        ],
        "Retry-After": [
          "3"
        ],
        "x-ms-request-id": [
          "ab23fc1d-121b-4a84-b124-1688f9cf0087"
        ],
        "Strict-Transport-Security": [
          "max-age=31536000; includeSubDomains"
        ],
        "Server": [
          "Microsoft-Azure-Storage-Resource-Provider/1.0,Microsoft-HTTPAPI/2.0 Microsoft-HTTPAPI/2.0"
        ],
        "x-ms-ratelimit-remaining-subscription-reads": [
          "11996"
        ],
        "x-ms-correlation-request-id": [
          "19a83f8a-7114-4f22-9b03-213af7010709"
        ],
        "x-ms-routing-request-id": [
          "WESTUS2:20210311T061716Z:19a83f8a-7114-4f22-9b03-213af7010709"
        ],
        "X-Content-Type-Options": [
          "nosniff"
        ],
        "Date": [
          "Thu, 11 Mar 2021 06:17:16 GMT"
        ],
        "Content-Type": [
          "text/plain; charset=utf-8"
        ],
        "Expires": [
          "-1"
        ],
        "Content-Length": [
          "0"
        ]
      },
      "ResponseBody": "",
      "StatusCode": 202
    },
    {
      "RequestUri": "/subscriptions/0f3dcfc3-18f8-4099-b381-8353e19d43a7/providers/Microsoft.Storage/locations/eastus/asyncoperations/b74cf1c9-7172-4cd8-85c1-7a104f727912?monitor=true&api-version=2021-01-01",
      "EncodedRequestUri": "L3N1YnNjcmlwdGlvbnMvMGYzZGNmYzMtMThmOC00MDk5LWIzODEtODM1M2UxOWQ0M2E3L3Byb3ZpZGVycy9NaWNyb3NvZnQuU3RvcmFnZS9sb2NhdGlvbnMvZWFzdHVzL2FzeW5jb3BlcmF0aW9ucy9iNzRjZjFjOS03MTcyLTRjZDgtODVjMS03YTEwNGY3Mjc5MTI/bW9uaXRvcj10cnVlJmFwaS12ZXJzaW9uPTIwMjEtMDEtMDE=",
      "RequestMethod": "GET",
      "RequestBody": "",
      "RequestHeaders": {
        "User-Agent": [
          "FxVersion/4.6.29812.02",
          "OSName/Windows",
          "OSVersion/Microsoft.Windows.10.0.19042.",
          "Microsoft.Azure.Management.Storage.StorageManagementClient/19.0.0.0"
        ]
      },
      "ResponseHeaders": {
        "Cache-Control": [
          "no-cache"
        ],
        "Pragma": [
          "no-cache"
        ],
        "x-ms-request-id": [
          "7207a764-cf57-4e52-8464-cc6423c21510"
        ],
        "Strict-Transport-Security": [
          "max-age=31536000; includeSubDomains"
        ],
        "Server": [
          "Microsoft-Azure-Storage-Resource-Provider/1.0,Microsoft-HTTPAPI/2.0 Microsoft-HTTPAPI/2.0"
        ],
        "x-ms-ratelimit-remaining-subscription-reads": [
          "11995"
        ],
        "x-ms-correlation-request-id": [
          "28803c0d-ee25-4af4-b6f4-7803c54e0055"
        ],
        "x-ms-routing-request-id": [
          "WESTUS2:20210311T061720Z:28803c0d-ee25-4af4-b6f4-7803c54e0055"
        ],
        "X-Content-Type-Options": [
          "nosniff"
        ],
        "Date": [
          "Thu, 11 Mar 2021 06:17:19 GMT"
        ],
        "Content-Length": [
          "1359"
        ],
        "Content-Type": [
          "application/json"
        ],
        "Expires": [
          "-1"
        ]
      },
      "ResponseBody": "{\r\n  \"sku\": {\r\n    \"name\": \"Standard_GRS\",\r\n    \"tier\": \"Standard\"\r\n  },\r\n  \"kind\": \"StorageV2\",\r\n  \"id\": \"/subscriptions/0f3dcfc3-18f8-4099-b381-8353e19d43a7/resourceGroups/sdktestingadsrg/providers/Microsoft.Storage/storageAccounts/storageactsample\",\r\n  \"name\": \"storageactsample\",\r\n  \"type\": \"Microsoft.Storage/storageAccounts\",\r\n  \"location\": \"eastus\",\r\n  \"tags\": {\r\n    \"key1\": \"value1\",\r\n    \"key2\": \"value2\"\r\n  },\r\n  \"properties\": {\r\n    \"privateEndpointConnections\": [],\r\n    \"networkAcls\": {\r\n      \"bypass\": \"AzureServices\",\r\n      \"virtualNetworkRules\": [],\r\n      \"ipRules\": [],\r\n      \"defaultAction\": \"Allow\"\r\n    },\r\n    \"supportsHttpsTrafficOnly\": true,\r\n    \"encryption\": {\r\n      \"services\": {\r\n        \"file\": {\r\n          \"keyType\": \"Account\",\r\n          \"enabled\": true,\r\n          \"lastEnabledTime\": \"2021-03-11T06:16:49.3741869Z\"\r\n        },\r\n        \"blob\": {\r\n          \"keyType\": \"Account\",\r\n          \"enabled\": true,\r\n          \"lastEnabledTime\": \"2021-03-11T06:16:49.3741869Z\"\r\n        }\r\n      },\r\n      \"keySource\": \"Microsoft.Storage\"\r\n    },\r\n    \"accessTier\": \"Hot\",\r\n    \"provisioningState\": \"Succeeded\",\r\n    \"creationTime\": \"2021-03-11T06:16:49.2491892Z\",\r\n    \"primaryEndpoints\": {\r\n      \"dfs\": \"https://storageactsample.dfs.core.windows.net/\",\r\n      \"web\": \"https://storageactsample.z13.web.core.windows.net/\",\r\n      \"blob\": \"https://storageactsample.blob.core.windows.net/\",\r\n      \"queue\": \"https://storageactsample.queue.core.windows.net/\",\r\n      \"table\": \"https://storageactsample.table.core.windows.net/\",\r\n      \"file\": \"https://storageactsample.file.core.windows.net/\"\r\n    },\r\n    \"primaryLocation\": \"eastus\",\r\n    \"statusOfPrimary\": \"available\",\r\n    \"secondaryLocation\": \"westus\",\r\n    \"statusOfSecondary\": \"available\"\r\n  }\r\n}",
      "StatusCode": 200
    },
    {
      "RequestUri": "/subscriptions/0f3dcfc3-18f8-4099-b381-8353e19d43a7/resourceGroups/sdktestingadsrg/providers/Microsoft.DataShare/accounts/sdktstshareaccount?api-version=2020-09-01",
      "EncodedRequestUri": "L3N1YnNjcmlwdGlvbnMvMGYzZGNmYzMtMThmOC00MDk5LWIzODEtODM1M2UxOWQ0M2E3L3Jlc291cmNlR3JvdXBzL3Nka3Rlc3RpbmdhZHNyZy9wcm92aWRlcnMvTWljcm9zb2Z0LkRhdGFTaGFyZS9hY2NvdW50cy9zZGt0c3RzaGFyZWFjY291bnQ/YXBpLXZlcnNpb249MjAyMC0wOS0wMQ==",
      "RequestMethod": "PUT",
      "RequestBody": "{\r\n  \"identity\": {\r\n    \"type\": \"SystemAssigned\"\r\n  },\r\n  \"location\": \"eastus\"\r\n}",
      "RequestHeaders": {
        "x-ms-client-request-id": [
          "ea663643-d2b7-425f-83aa-35ee4a379f5e"
        ],
        "Accept-Language": [
          "en-US"
        ],
        "User-Agent": [
          "FxVersion/4.6.29812.02",
          "OSName/Windows",
          "OSVersion/Microsoft.Windows.10.0.19042.",
          "Microsoft.Azure.Management.DataShare.DataShareManagementClient/1.2.0.0"
        ],
        "Content-Type": [
          "application/json; charset=utf-8"
        ],
        "Content-Length": [
          "81"
        ]
      },
      "ResponseHeaders": {
        "Cache-Control": [
          "no-cache"
        ],
        "Pragma": [
          "no-cache"
        ],
        "Location": [
          "https://management.azure.com/subscriptions/0f3dcfc3-18f8-4099-b381-8353e19d43a7/resourceGroups/sdktestingadsrg/providers/Microsoft.DataShare/accounts/sdktstshareaccount?api-version=2020-09-01"
        ],
        "x-ms-ratelimit-remaining-subscription-writes": [
          "1199"
        ],
        "x-ms-quota": [
          "[{\"currentUsed\":54,\"limit\":100,\"name\":{\"localizedValue\":\"Account resource quota\",\"value\":\"Account resource quota\"},\"target\":\"/subscriptions/0f3dcfc3-18f8-4099-b381-8353e19d43a7/resourceGroups/sdktestingadsrg/providers/Microsoft.DataShare/accounts/sdktstshareaccount\"}]"
        ],
        "Server": [
          "Kestrel"
        ],
        "x-ms-request-id": [
          "7842192f-ca55-400e-85a9-846ed5541c3d"
        ],
        "x-ms-correlation-request-id": [
          "7842192f-ca55-400e-85a9-846ed5541c3d"
        ],
        "x-ms-routing-request-id": [
          "WESTUS2:20210311T061732Z:7842192f-ca55-400e-85a9-846ed5541c3d"
        ],
        "Strict-Transport-Security": [
          "max-age=31536000; includeSubDomains"
        ],
        "X-Content-Type-Options": [
          "nosniff"
        ],
        "Date": [
          "Thu, 11 Mar 2021 06:17:32 GMT"
        ],
        "Content-Length": [
          "799"
        ],
        "Content-Type": [
          "application/json; charset=utf-8"
        ],
        "Expires": [
          "-1"
        ]
      },
      "ResponseBody": "{\r\n  \"identity\": {\r\n    \"type\": \"SystemAssigned\",\r\n    \"principalId\": \"1709241f-e79b-43b1-a35e-6cc3e941ba5e\",\r\n    \"tenantId\": \"72f988bf-86f1-41af-91ab-2d7cd011db47\"\r\n  },\r\n  \"properties\": {\r\n    \"createdAt\": \"2021-03-11T06:17:31.4450736Z\",\r\n    \"provisioningState\": \"Creating\",\r\n    \"userName\": \"azure data share sdk testing\",\r\n    \"userEmail\": \"\"\r\n  },\r\n  \"location\": \"eastus\",\r\n  \"id\": \"/subscriptions/0f3dcfc3-18f8-4099-b381-8353e19d43a7/resourceGroups/sdktestingadsrg/providers/Microsoft.DataShare/accounts/sdktstshareaccount\",\r\n  \"name\": \"sdktstshareaccount\",\r\n  \"type\": \"Microsoft.DataShare/accounts\",\r\n  \"systemData\": {\r\n    \"createdBy\": \"70bda389-35fc-46c0-8a19-36f790132d35\",\r\n    \"createdByType\": \"Application\",\r\n    \"createdAt\": \"2021-03-11T06:17:29.3384227Z\",\r\n    \"lastModifiedBy\": \"70bda389-35fc-46c0-8a19-36f790132d35\",\r\n    \"lastModifiedByType\": \"Application\",\r\n    \"lastModifiedAt\": \"2021-03-11T06:17:29.3384227Z\"\r\n  }\r\n}",
      "StatusCode": 201
    },
    {
      "RequestUri": "/subscriptions/0f3dcfc3-18f8-4099-b381-8353e19d43a7/resourceGroups/sdktestingadsrg/providers/Microsoft.DataShare/accounts/sdktstshareaccount?api-version=2020-09-01",
      "EncodedRequestUri": "L3N1YnNjcmlwdGlvbnMvMGYzZGNmYzMtMThmOC00MDk5LWIzODEtODM1M2UxOWQ0M2E3L3Jlc291cmNlR3JvdXBzL3Nka3Rlc3RpbmdhZHNyZy9wcm92aWRlcnMvTWljcm9zb2Z0LkRhdGFTaGFyZS9hY2NvdW50cy9zZGt0c3RzaGFyZWFjY291bnQ/YXBpLXZlcnNpb249MjAyMC0wOS0wMQ==",
      "RequestMethod": "GET",
      "RequestBody": "",
      "RequestHeaders": {
        "User-Agent": [
          "FxVersion/4.6.29812.02",
          "OSName/Windows",
          "OSVersion/Microsoft.Windows.10.0.19042.",
          "Microsoft.Azure.Management.DataShare.DataShareManagementClient/1.2.0.0"
        ]
      },
      "ResponseHeaders": {
        "Cache-Control": [
          "no-cache"
        ],
        "Pragma": [
          "no-cache"
        ],
        "x-ms-ratelimit-remaining-subscription-reads": [
          "11999"
        ],
        "Server": [
          "Kestrel"
        ],
        "x-ms-request-id": [
          "091831e2-3907-4835-80a7-b3ef7cfdee1b"
        ],
        "x-ms-correlation-request-id": [
          "091831e2-3907-4835-80a7-b3ef7cfdee1b"
        ],
        "x-ms-routing-request-id": [
          "WESTUS2:20210311T061802Z:091831e2-3907-4835-80a7-b3ef7cfdee1b"
        ],
        "Strict-Transport-Security": [
          "max-age=31536000; includeSubDomains"
        ],
        "X-Content-Type-Options": [
          "nosniff"
        ],
        "Date": [
          "Thu, 11 Mar 2021 06:18:02 GMT"
        ],
        "Content-Length": [
          "799"
        ],
        "Content-Type": [
          "application/json; charset=utf-8"
        ],
        "Expires": [
          "-1"
        ]
      },
      "ResponseBody": "{\r\n  \"identity\": {\r\n    \"type\": \"SystemAssigned\",\r\n    \"principalId\": \"1709241f-e79b-43b1-a35e-6cc3e941ba5e\",\r\n    \"tenantId\": \"72f988bf-86f1-41af-91ab-2d7cd011db47\"\r\n  },\r\n  \"properties\": {\r\n    \"createdAt\": \"2021-03-11T06:17:31.4450736Z\",\r\n    \"provisioningState\": \"Creating\",\r\n    \"userName\": \"azure data share sdk testing\",\r\n    \"userEmail\": \"\"\r\n  },\r\n  \"location\": \"eastus\",\r\n  \"id\": \"/subscriptions/0f3dcfc3-18f8-4099-b381-8353e19d43a7/resourceGroups/sdktestingadsrg/providers/Microsoft.DataShare/accounts/sdktstshareaccount\",\r\n  \"name\": \"sdktstshareaccount\",\r\n  \"type\": \"Microsoft.DataShare/accounts\",\r\n  \"systemData\": {\r\n    \"createdBy\": \"70bda389-35fc-46c0-8a19-36f790132d35\",\r\n    \"createdByType\": \"Application\",\r\n    \"createdAt\": \"2021-03-11T06:17:29.3384227Z\",\r\n    \"lastModifiedBy\": \"70bda389-35fc-46c0-8a19-36f790132d35\",\r\n    \"lastModifiedByType\": \"Application\",\r\n    \"lastModifiedAt\": \"2021-03-11T06:17:29.3384227Z\"\r\n  }\r\n}",
      "StatusCode": 200
    },
    {
      "RequestUri": "/subscriptions/0f3dcfc3-18f8-4099-b381-8353e19d43a7/resourceGroups/sdktestingadsrg/providers/Microsoft.DataShare/accounts/sdktstshareaccount?api-version=2020-09-01",
      "EncodedRequestUri": "L3N1YnNjcmlwdGlvbnMvMGYzZGNmYzMtMThmOC00MDk5LWIzODEtODM1M2UxOWQ0M2E3L3Jlc291cmNlR3JvdXBzL3Nka3Rlc3RpbmdhZHNyZy9wcm92aWRlcnMvTWljcm9zb2Z0LkRhdGFTaGFyZS9hY2NvdW50cy9zZGt0c3RzaGFyZWFjY291bnQ/YXBpLXZlcnNpb249MjAyMC0wOS0wMQ==",
      "RequestMethod": "GET",
      "RequestBody": "",
      "RequestHeaders": {
        "User-Agent": [
          "FxVersion/4.6.29812.02",
          "OSName/Windows",
          "OSVersion/Microsoft.Windows.10.0.19042.",
          "Microsoft.Azure.Management.DataShare.DataShareManagementClient/1.2.0.0"
        ]
      },
      "ResponseHeaders": {
        "Cache-Control": [
          "no-cache"
        ],
        "Pragma": [
          "no-cache"
        ],
        "x-ms-ratelimit-remaining-subscription-reads": [
          "11998"
        ],
        "Server": [
          "Kestrel"
        ],
        "x-ms-request-id": [
          "8e69dd9d-280b-469e-946f-ea345ce36eb5"
        ],
        "x-ms-correlation-request-id": [
          "8e69dd9d-280b-469e-946f-ea345ce36eb5"
        ],
        "x-ms-routing-request-id": [
          "WESTUS2:20210311T061832Z:8e69dd9d-280b-469e-946f-ea345ce36eb5"
        ],
        "Strict-Transport-Security": [
          "max-age=31536000; includeSubDomains"
        ],
        "X-Content-Type-Options": [
          "nosniff"
        ],
        "Date": [
          "Thu, 11 Mar 2021 06:18:32 GMT"
        ],
        "Content-Length": [
          "799"
        ],
        "Content-Type": [
          "application/json; charset=utf-8"
        ],
        "Expires": [
          "-1"
        ]
      },
      "ResponseBody": "{\r\n  \"identity\": {\r\n    \"type\": \"SystemAssigned\",\r\n    \"principalId\": \"1709241f-e79b-43b1-a35e-6cc3e941ba5e\",\r\n    \"tenantId\": \"72f988bf-86f1-41af-91ab-2d7cd011db47\"\r\n  },\r\n  \"properties\": {\r\n    \"createdAt\": \"2021-03-11T06:17:31.4450736Z\",\r\n    \"provisioningState\": \"Creating\",\r\n    \"userName\": \"azure data share sdk testing\",\r\n    \"userEmail\": \"\"\r\n  },\r\n  \"location\": \"eastus\",\r\n  \"id\": \"/subscriptions/0f3dcfc3-18f8-4099-b381-8353e19d43a7/resourceGroups/sdktestingadsrg/providers/Microsoft.DataShare/accounts/sdktstshareaccount\",\r\n  \"name\": \"sdktstshareaccount\",\r\n  \"type\": \"Microsoft.DataShare/accounts\",\r\n  \"systemData\": {\r\n    \"createdBy\": \"70bda389-35fc-46c0-8a19-36f790132d35\",\r\n    \"createdByType\": \"Application\",\r\n    \"createdAt\": \"2021-03-11T06:17:29.3384227Z\",\r\n    \"lastModifiedBy\": \"70bda389-35fc-46c0-8a19-36f790132d35\",\r\n    \"lastModifiedByType\": \"Application\",\r\n    \"lastModifiedAt\": \"2021-03-11T06:17:29.3384227Z\"\r\n  }\r\n}",
      "StatusCode": 200
    },
    {
      "RequestUri": "/subscriptions/0f3dcfc3-18f8-4099-b381-8353e19d43a7/resourceGroups/sdktestingadsrg/providers/Microsoft.DataShare/accounts/sdktstshareaccount?api-version=2020-09-01",
      "EncodedRequestUri": "L3N1YnNjcmlwdGlvbnMvMGYzZGNmYzMtMThmOC00MDk5LWIzODEtODM1M2UxOWQ0M2E3L3Jlc291cmNlR3JvdXBzL3Nka3Rlc3RpbmdhZHNyZy9wcm92aWRlcnMvTWljcm9zb2Z0LkRhdGFTaGFyZS9hY2NvdW50cy9zZGt0c3RzaGFyZWFjY291bnQ/YXBpLXZlcnNpb249MjAyMC0wOS0wMQ==",
      "RequestMethod": "GET",
      "RequestBody": "",
      "RequestHeaders": {
        "User-Agent": [
          "FxVersion/4.6.29812.02",
          "OSName/Windows",
          "OSVersion/Microsoft.Windows.10.0.19042.",
          "Microsoft.Azure.Management.DataShare.DataShareManagementClient/1.2.0.0"
        ]
      },
      "ResponseHeaders": {
        "Cache-Control": [
          "no-cache"
        ],
        "Pragma": [
          "no-cache"
        ],
        "x-ms-ratelimit-remaining-subscription-reads": [
          "11997"
        ],
        "Server": [
          "Kestrel"
        ],
        "x-ms-request-id": [
          "448facd9-a4d9-49b8-9160-41c942676b6b"
        ],
        "x-ms-correlation-request-id": [
          "448facd9-a4d9-49b8-9160-41c942676b6b"
        ],
        "x-ms-routing-request-id": [
          "WESTUS2:20210311T061903Z:448facd9-a4d9-49b8-9160-41c942676b6b"
        ],
        "Strict-Transport-Security": [
          "max-age=31536000; includeSubDomains"
        ],
        "X-Content-Type-Options": [
          "nosniff"
        ],
        "Date": [
          "Thu, 11 Mar 2021 06:19:02 GMT"
        ],
        "Content-Length": [
          "799"
        ],
        "Content-Type": [
          "application/json; charset=utf-8"
        ],
        "Expires": [
          "-1"
        ]
      },
      "ResponseBody": "{\r\n  \"identity\": {\r\n    \"type\": \"SystemAssigned\",\r\n    \"principalId\": \"1709241f-e79b-43b1-a35e-6cc3e941ba5e\",\r\n    \"tenantId\": \"72f988bf-86f1-41af-91ab-2d7cd011db47\"\r\n  },\r\n  \"properties\": {\r\n    \"createdAt\": \"2021-03-11T06:17:31.4450736Z\",\r\n    \"provisioningState\": \"Creating\",\r\n    \"userName\": \"azure data share sdk testing\",\r\n    \"userEmail\": \"\"\r\n  },\r\n  \"location\": \"eastus\",\r\n  \"id\": \"/subscriptions/0f3dcfc3-18f8-4099-b381-8353e19d43a7/resourceGroups/sdktestingadsrg/providers/Microsoft.DataShare/accounts/sdktstshareaccount\",\r\n  \"name\": \"sdktstshareaccount\",\r\n  \"type\": \"Microsoft.DataShare/accounts\",\r\n  \"systemData\": {\r\n    \"createdBy\": \"70bda389-35fc-46c0-8a19-36f790132d35\",\r\n    \"createdByType\": \"Application\",\r\n    \"createdAt\": \"2021-03-11T06:17:29.3384227Z\",\r\n    \"lastModifiedBy\": \"70bda389-35fc-46c0-8a19-36f790132d35\",\r\n    \"lastModifiedByType\": \"Application\",\r\n    \"lastModifiedAt\": \"2021-03-11T06:17:29.3384227Z\"\r\n  }\r\n}",
      "StatusCode": 200
    },
    {
      "RequestUri": "/subscriptions/0f3dcfc3-18f8-4099-b381-8353e19d43a7/resourceGroups/sdktestingadsrg/providers/Microsoft.DataShare/accounts/sdktstshareaccount?api-version=2020-09-01",
      "EncodedRequestUri": "L3N1YnNjcmlwdGlvbnMvMGYzZGNmYzMtMThmOC00MDk5LWIzODEtODM1M2UxOWQ0M2E3L3Jlc291cmNlR3JvdXBzL3Nka3Rlc3RpbmdhZHNyZy9wcm92aWRlcnMvTWljcm9zb2Z0LkRhdGFTaGFyZS9hY2NvdW50cy9zZGt0c3RzaGFyZWFjY291bnQ/YXBpLXZlcnNpb249MjAyMC0wOS0wMQ==",
      "RequestMethod": "GET",
      "RequestBody": "",
      "RequestHeaders": {
        "User-Agent": [
          "FxVersion/4.6.29812.02",
          "OSName/Windows",
          "OSVersion/Microsoft.Windows.10.0.19042.",
          "Microsoft.Azure.Management.DataShare.DataShareManagementClient/1.2.0.0"
        ]
      },
      "ResponseHeaders": {
        "Cache-Control": [
          "no-cache"
        ],
        "Pragma": [
          "no-cache"
        ],
        "x-ms-ratelimit-remaining-subscription-reads": [
          "11996"
        ],
        "Server": [
          "Kestrel"
        ],
        "x-ms-request-id": [
          "32bb6d14-3add-4634-b7ca-976ec0e8efed"
        ],
        "x-ms-correlation-request-id": [
          "32bb6d14-3add-4634-b7ca-976ec0e8efed"
        ],
        "x-ms-routing-request-id": [
          "WESTUS2:20210311T061933Z:32bb6d14-3add-4634-b7ca-976ec0e8efed"
        ],
        "Strict-Transport-Security": [
          "max-age=31536000; includeSubDomains"
        ],
        "X-Content-Type-Options": [
          "nosniff"
        ],
        "Date": [
          "Thu, 11 Mar 2021 06:19:32 GMT"
        ],
        "Content-Length": [
          "800"
        ],
        "Content-Type": [
          "application/json; charset=utf-8"
        ],
        "Expires": [
          "-1"
        ]
      },
      "ResponseBody": "{\r\n  \"identity\": {\r\n    \"type\": \"SystemAssigned\",\r\n    \"principalId\": \"1709241f-e79b-43b1-a35e-6cc3e941ba5e\",\r\n    \"tenantId\": \"72f988bf-86f1-41af-91ab-2d7cd011db47\"\r\n  },\r\n  \"properties\": {\r\n    \"createdAt\": \"2021-03-11T06:17:31.4450736Z\",\r\n    \"provisioningState\": \"Succeeded\",\r\n    \"userName\": \"azure data share sdk testing\",\r\n    \"userEmail\": \"\"\r\n  },\r\n  \"location\": \"eastus\",\r\n  \"id\": \"/subscriptions/0f3dcfc3-18f8-4099-b381-8353e19d43a7/resourceGroups/sdktestingadsrg/providers/Microsoft.DataShare/accounts/sdktstshareaccount\",\r\n  \"name\": \"sdktstshareaccount\",\r\n  \"type\": \"Microsoft.DataShare/accounts\",\r\n  \"systemData\": {\r\n    \"createdBy\": \"70bda389-35fc-46c0-8a19-36f790132d35\",\r\n    \"createdByType\": \"Application\",\r\n    \"createdAt\": \"2021-03-11T06:17:29.3384227Z\",\r\n    \"lastModifiedBy\": \"70bda389-35fc-46c0-8a19-36f790132d35\",\r\n    \"lastModifiedByType\": \"Application\",\r\n    \"lastModifiedAt\": \"2021-03-11T06:17:29.3384227Z\"\r\n  }\r\n}",
      "StatusCode": 200
    },
    {
      "RequestUri": "/subscriptions/0f3dcfc3-18f8-4099-b381-8353e19d43a7/resourceGroups/sdktestingadsrg/providers/Microsoft.DataShare/accounts/sdktstshareaccount?api-version=2020-09-01",
      "EncodedRequestUri": "L3N1YnNjcmlwdGlvbnMvMGYzZGNmYzMtMThmOC00MDk5LWIzODEtODM1M2UxOWQ0M2E3L3Jlc291cmNlR3JvdXBzL3Nka3Rlc3RpbmdhZHNyZy9wcm92aWRlcnMvTWljcm9zb2Z0LkRhdGFTaGFyZS9hY2NvdW50cy9zZGt0c3RzaGFyZWFjY291bnQ/YXBpLXZlcnNpb249MjAyMC0wOS0wMQ==",
      "RequestMethod": "DELETE",
      "RequestBody": "",
      "RequestHeaders": {
        "x-ms-client-request-id": [
          "71a2b709-e4ae-4ac0-896a-ee976f6d5009"
        ],
        "Accept-Language": [
          "en-US"
        ],
        "User-Agent": [
          "FxVersion/4.6.29812.02",
          "OSName/Windows",
          "OSVersion/Microsoft.Windows.10.0.19042.",
          "Microsoft.Azure.Management.DataShare.DataShareManagementClient/1.2.0.0"
        ]
      },
      "ResponseHeaders": {
        "Cache-Control": [
          "no-cache"
        ],
        "Pragma": [
          "no-cache"
        ],
        "Location": [
          "https://management.azure.com/subscriptions/0f3dcfc3-18f8-4099-b381-8353e19d43a7/providers/Microsoft.DataShare/locations/eastus/operationResults/00c465b7-953a-4484-be9f-ca6d8b064053?api-version=2020-09-01"
        ],
        "Server": [
          "Kestrel"
        ],
        "x-ms-ratelimit-remaining-subscription-deletes": [
          "14999"
        ],
        "x-ms-request-id": [
          "a6b75d08-96c0-40e2-b139-791d2359149a"
        ],
        "x-ms-correlation-request-id": [
          "a6b75d08-96c0-40e2-b139-791d2359149a"
        ],
        "x-ms-routing-request-id": [
          "WESTUS2:20210311T061942Z:a6b75d08-96c0-40e2-b139-791d2359149a"
        ],
        "Strict-Transport-Security": [
          "max-age=31536000; includeSubDomains"
        ],
        "X-Content-Type-Options": [
          "nosniff"
        ],
        "Date": [
          "Thu, 11 Mar 2021 06:19:42 GMT"
        ],
        "Expires": [
          "-1"
        ],
        "Content-Length": [
          "0"
        ]
      },
      "ResponseBody": "",
      "StatusCode": 202
    },
    {
      "RequestUri": "/subscriptions/0f3dcfc3-18f8-4099-b381-8353e19d43a7/resourceGroups/sdktestingadsrg/providers/Microsoft.DataShare/accounts/sdktstshareaccount?api-version=2020-09-01",
      "EncodedRequestUri": "L3N1YnNjcmlwdGlvbnMvMGYzZGNmYzMtMThmOC00MDk5LWIzODEtODM1M2UxOWQ0M2E3L3Jlc291cmNlR3JvdXBzL3Nka3Rlc3RpbmdhZHNyZy9wcm92aWRlcnMvTWljcm9zb2Z0LkRhdGFTaGFyZS9hY2NvdW50cy9zZGt0c3RzaGFyZWFjY291bnQ/YXBpLXZlcnNpb249MjAyMC0wOS0wMQ==",
      "RequestMethod": "DELETE",
      "RequestBody": "",
      "RequestHeaders": {
        "x-ms-client-request-id": [
          "503a39be-6617-4f4e-b5c2-3ca438b17472"
        ],
        "Accept-Language": [
          "en-US"
        ],
        "User-Agent": [
          "FxVersion/4.6.29812.02",
          "OSName/Windows",
          "OSVersion/Microsoft.Windows.10.0.19042.",
          "Microsoft.Azure.Management.DataShare.DataShareManagementClient/1.2.0.0"
        ]
      },
      "ResponseHeaders": {
        "Cache-Control": [
          "no-cache"
        ],
        "Pragma": [
          "no-cache"
        ],
        "x-ms-ratelimit-remaining-subscription-deletes": [
          "14998"
        ],
        "x-ms-request-id": [
          "d4d4dc8c-2d1b-4a29-a979-d8017438480e"
        ],
        "x-ms-correlation-request-id": [
          "d4d4dc8c-2d1b-4a29-a979-d8017438480e"
        ],
        "x-ms-routing-request-id": [
          "WESTUS2:20210311T062013Z:d4d4dc8c-2d1b-4a29-a979-d8017438480e"
        ],
        "Strict-Transport-Security": [
          "max-age=31536000; includeSubDomains"
        ],
        "X-Content-Type-Options": [
          "nosniff"
        ],
        "Date": [
          "Thu, 11 Mar 2021 06:20:13 GMT"
        ],
        "Expires": [
          "-1"
        ]
      },
      "ResponseBody": "",
      "StatusCode": 204
    },
    {
      "RequestUri": "/subscriptions/0f3dcfc3-18f8-4099-b381-8353e19d43a7/providers/Microsoft.DataShare/locations/eastus/operationResults/00c465b7-953a-4484-be9f-ca6d8b064053?api-version=2020-09-01",
      "EncodedRequestUri": "L3N1YnNjcmlwdGlvbnMvMGYzZGNmYzMtMThmOC00MDk5LWIzODEtODM1M2UxOWQ0M2E3L3Byb3ZpZGVycy9NaWNyb3NvZnQuRGF0YVNoYXJlL2xvY2F0aW9ucy9lYXN0dXMvb3BlcmF0aW9uUmVzdWx0cy8wMGM0NjViNy05NTNhLTQ0ODQtYmU5Zi1jYTZkOGIwNjQwNTM/YXBpLXZlcnNpb249MjAyMC0wOS0wMQ==",
      "RequestMethod": "GET",
      "RequestBody": "",
      "RequestHeaders": {
        "User-Agent": [
          "FxVersion/4.6.29812.02",
          "OSName/Windows",
          "OSVersion/Microsoft.Windows.10.0.19042.",
          "Microsoft.Azure.Management.DataShare.DataShareManagementClient/1.2.0.0"
        ]
      },
      "ResponseHeaders": {
        "Cache-Control": [
          "no-cache"
        ],
        "Pragma": [
          "no-cache"
        ],
        "x-ms-ratelimit-remaining-subscription-reads": [
          "11995"
        ],
        "x-ms-quota": [
          "[{\"currentUsed\":53,\"limit\":100,\"name\":{\"localizedValue\":\"Account resource quota\",\"value\":\"Account resource quota\"},\"target\":\"\"}]"
        ],
        "Server": [
          "Kestrel"
        ],
        "x-ms-request-id": [
          "7df0ca7f-47c7-471a-85e0-fe9d4831f821"
        ],
        "x-ms-correlation-request-id": [
          "7df0ca7f-47c7-471a-85e0-fe9d4831f821"
        ],
        "x-ms-routing-request-id": [
          "WESTUS2:20210311T062013Z:7df0ca7f-47c7-471a-85e0-fe9d4831f821"
        ],
        "Strict-Transport-Security": [
          "max-age=31536000; includeSubDomains"
        ],
        "X-Content-Type-Options": [
          "nosniff"
        ],
        "Date": [
          "Thu, 11 Mar 2021 06:20:13 GMT"
        ],
        "Content-Length": [
          "67"
        ],
        "Content-Type": [
          "application/json; charset=utf-8"
        ],
        "Expires": [
          "-1"
        ]
      },
      "ResponseBody": "{\r\n  \"startTime\": null,\r\n  \"endTime\": null,\r\n  \"status\": \"Succeeded\",\r\n  \"error\": null\r\n}",
      "StatusCode": 200
    },
    {
      "RequestUri": "/subscriptions/0f3dcfc3-18f8-4099-b381-8353e19d43a7/providers/Microsoft.DataShare/locations/eastus/operationResults/00c465b7-953a-4484-be9f-ca6d8b064053?api-version=2020-09-01",
      "EncodedRequestUri": "L3N1YnNjcmlwdGlvbnMvMGYzZGNmYzMtMThmOC00MDk5LWIzODEtODM1M2UxOWQ0M2E3L3Byb3ZpZGVycy9NaWNyb3NvZnQuRGF0YVNoYXJlL2xvY2F0aW9ucy9lYXN0dXMvb3BlcmF0aW9uUmVzdWx0cy8wMGM0NjViNy05NTNhLTQ0ODQtYmU5Zi1jYTZkOGIwNjQwNTM/YXBpLXZlcnNpb249MjAyMC0wOS0wMQ==",
      "RequestMethod": "GET",
      "RequestBody": "",
      "RequestHeaders": {
        "User-Agent": [
          "FxVersion/4.6.29812.02",
          "OSName/Windows",
          "OSVersion/Microsoft.Windows.10.0.19042.",
          "Microsoft.Azure.Management.DataShare.DataShareManagementClient/1.2.0.0"
        ]
      },
      "ResponseHeaders": {
        "Cache-Control": [
          "no-cache"
        ],
        "Pragma": [
          "no-cache"
        ],
        "x-ms-ratelimit-remaining-subscription-reads": [
          "11994"
        ],
        "x-ms-quota": [
          "[{\"currentUsed\":53,\"limit\":100,\"name\":{\"localizedValue\":\"Account resource quota\",\"value\":\"Account resource quota\"},\"target\":\"\"}]"
        ],
        "Server": [
          "Kestrel"
        ],
        "x-ms-request-id": [
          "49c845bf-f9ba-4518-a0a4-f0afe0cde5c6"
        ],
        "x-ms-correlation-request-id": [
          "49c845bf-f9ba-4518-a0a4-f0afe0cde5c6"
        ],
        "x-ms-routing-request-id": [
          "WESTUS2:20210311T062013Z:49c845bf-f9ba-4518-a0a4-f0afe0cde5c6"
        ],
        "Strict-Transport-Security": [
          "max-age=31536000; includeSubDomains"
        ],
        "X-Content-Type-Options": [
          "nosniff"
        ],
        "Date": [
          "Thu, 11 Mar 2021 06:20:13 GMT"
        ],
        "Content-Length": [
          "67"
        ],
        "Content-Type": [
          "application/json; charset=utf-8"
        ],
        "Expires": [
          "-1"
        ]
      },
      "ResponseBody": "{\r\n  \"startTime\": null,\r\n  \"endTime\": null,\r\n  \"status\": \"Succeeded\",\r\n  \"error\": null\r\n}",
      "StatusCode": 200
    },
    {
      "RequestUri": "/subscriptions/0f3dcfc3-18f8-4099-b381-8353e19d43a7/resourcegroups/sdktestingadsrg?api-version=2017-05-10",
      "EncodedRequestUri": "L3N1YnNjcmlwdGlvbnMvMGYzZGNmYzMtMThmOC00MDk5LWIzODEtODM1M2UxOWQ0M2E3L3Jlc291cmNlZ3JvdXBzL3Nka3Rlc3RpbmdhZHNyZz9hcGktdmVyc2lvbj0yMDE3LTA1LTEw",
      "RequestMethod": "DELETE",
      "RequestBody": "",
      "RequestHeaders": {
        "x-ms-client-request-id": [
          "0a70de7a-a581-4f50-bd7c-f7f421ed4232"
        ],
        "Accept-Language": [
          "en-US"
        ],
        "User-Agent": [
          "FxVersion/4.6.29812.02",
          "OSName/Windows",
          "OSVersion/Microsoft.Windows.10.0.19042.",
          "Microsoft.Azure.Management.ResourceManager.ResourceManagementClient/1.6.0.0"
        ]
      },
      "ResponseHeaders": {
        "Cache-Control": [
          "no-cache"
        ],
        "Pragma": [
          "no-cache"
        ],
        "Location": [
          "https://management.azure.com/subscriptions/0f3dcfc3-18f8-4099-b381-8353e19d43a7/operationresults/eyJqb2JJZCI6IlJFU09VUkNFR1JPVVBERUxFVElPTkpPQi1TREtURVNUSU5HQURTUkctRUFTVFVTIiwiam9iTG9jYXRpb24iOiJlYXN0dXMifQ?api-version=2017-05-10"
        ],
        "Retry-After": [
          "15"
        ],
        "x-ms-ratelimit-remaining-subscription-deletes": [
          "14999"
        ],
        "x-ms-request-id": [
          "54aa1b9a-0870-4308-98e6-22b820508bf1"
        ],
        "x-ms-correlation-request-id": [
          "54aa1b9a-0870-4308-98e6-22b820508bf1"
        ],
        "x-ms-routing-request-id": [
          "WESTUS2:20210311T062034Z:54aa1b9a-0870-4308-98e6-22b820508bf1"
        ],
        "Strict-Transport-Security": [
          "max-age=31536000; includeSubDomains"
        ],
        "X-Content-Type-Options": [
          "nosniff"
        ],
        "Date": [
          "Thu, 11 Mar 2021 06:20:34 GMT"
        ],
        "Expires": [
          "-1"
        ],
        "Content-Length": [
          "0"
        ]
      },
      "ResponseBody": "",
      "StatusCode": 202
    },
    {
      "RequestUri": "/subscriptions/0f3dcfc3-18f8-4099-b381-8353e19d43a7/operationresults/eyJqb2JJZCI6IlJFU09VUkNFR1JPVVBERUxFVElPTkpPQi1TREtURVNUSU5HQURTUkctRUFTVFVTIiwiam9iTG9jYXRpb24iOiJlYXN0dXMifQ?api-version=2017-05-10",
      "EncodedRequestUri": "L3N1YnNjcmlwdGlvbnMvMGYzZGNmYzMtMThmOC00MDk5LWIzODEtODM1M2UxOWQ0M2E3L29wZXJhdGlvbnJlc3VsdHMvZXlKcWIySkpaQ0k2SWxKRlUwOVZVa05GUjFKUFZWQkVSVXhGVkVsUFRrcFBRaTFUUkV0VVJWTlVTVTVIUVVSVFVrY3RSVUZUVkZWVElpd2lhbTlpVEc5allYUnBiMjRpT2lKbFlYTjBkWE1pZlE/YXBpLXZlcnNpb249MjAxNy0wNS0xMA==",
      "RequestMethod": "GET",
      "RequestBody": "",
      "RequestHeaders": {
        "User-Agent": [
          "FxVersion/4.6.29812.02",
          "OSName/Windows",
          "OSVersion/Microsoft.Windows.10.0.19042.",
          "Microsoft.Azure.Management.ResourceManager.ResourceManagementClient/1.6.0.0"
        ]
      },
      "ResponseHeaders": {
        "Cache-Control": [
          "no-cache"
        ],
        "Pragma": [
          "no-cache"
        ],
        "Location": [
          "https://management.azure.com/subscriptions/0f3dcfc3-18f8-4099-b381-8353e19d43a7/operationresults/eyJqb2JJZCI6IlJFU09VUkNFR1JPVVBERUxFVElPTkpPQi1TREtURVNUSU5HQURTUkctRUFTVFVTIiwiam9iTG9jYXRpb24iOiJlYXN0dXMifQ?api-version=2017-05-10"
        ],
        "Retry-After": [
          "15"
        ],
        "x-ms-ratelimit-remaining-subscription-reads": [
          "11999"
        ],
        "x-ms-request-id": [
          "40d3c88f-b4e7-4cc8-b835-e1fb295d62ac"
        ],
        "x-ms-correlation-request-id": [
          "40d3c88f-b4e7-4cc8-b835-e1fb295d62ac"
        ],
        "x-ms-routing-request-id": [
          "WESTUS2:20210311T062049Z:40d3c88f-b4e7-4cc8-b835-e1fb295d62ac"
        ],
        "Strict-Transport-Security": [
          "max-age=31536000; includeSubDomains"
        ],
        "X-Content-Type-Options": [
          "nosniff"
        ],
        "Date": [
          "Thu, 11 Mar 2021 06:20:49 GMT"
        ],
        "Expires": [
          "-1"
        ],
        "Content-Length": [
          "0"
        ]
      },
      "ResponseBody": "",
      "StatusCode": 202
    },
    {
      "RequestUri": "/subscriptions/0f3dcfc3-18f8-4099-b381-8353e19d43a7/operationresults/eyJqb2JJZCI6IlJFU09VUkNFR1JPVVBERUxFVElPTkpPQi1TREtURVNUSU5HQURTUkctRUFTVFVTIiwiam9iTG9jYXRpb24iOiJlYXN0dXMifQ?api-version=2017-05-10",
      "EncodedRequestUri": "L3N1YnNjcmlwdGlvbnMvMGYzZGNmYzMtMThmOC00MDk5LWIzODEtODM1M2UxOWQ0M2E3L29wZXJhdGlvbnJlc3VsdHMvZXlKcWIySkpaQ0k2SWxKRlUwOVZVa05GUjFKUFZWQkVSVXhGVkVsUFRrcFBRaTFUUkV0VVJWTlVTVTVIUVVSVFVrY3RSVUZUVkZWVElpd2lhbTlpVEc5allYUnBiMjRpT2lKbFlYTjBkWE1pZlE/YXBpLXZlcnNpb249MjAxNy0wNS0xMA==",
      "RequestMethod": "GET",
      "RequestBody": "",
      "RequestHeaders": {
        "User-Agent": [
          "FxVersion/4.6.29812.02",
          "OSName/Windows",
          "OSVersion/Microsoft.Windows.10.0.19042.",
          "Microsoft.Azure.Management.ResourceManager.ResourceManagementClient/1.6.0.0"
        ]
      },
      "ResponseHeaders": {
        "Cache-Control": [
          "no-cache"
        ],
        "Pragma": [
          "no-cache"
        ],
        "Location": [
          "https://management.azure.com/subscriptions/0f3dcfc3-18f8-4099-b381-8353e19d43a7/operationresults/eyJqb2JJZCI6IlJFU09VUkNFR1JPVVBERUxFVElPTkpPQi1TREtURVNUSU5HQURTUkctRUFTVFVTIiwiam9iTG9jYXRpb24iOiJlYXN0dXMifQ?api-version=2017-05-10"
        ],
        "Retry-After": [
          "15"
        ],
        "x-ms-ratelimit-remaining-subscription-reads": [
          "11998"
        ],
        "x-ms-request-id": [
          "26f53841-4885-41eb-85ae-d6b6bf410aa8"
        ],
        "x-ms-correlation-request-id": [
          "26f53841-4885-41eb-85ae-d6b6bf410aa8"
        ],
        "x-ms-routing-request-id": [
          "WESTUS2:20210311T062104Z:26f53841-4885-41eb-85ae-d6b6bf410aa8"
        ],
        "Strict-Transport-Security": [
          "max-age=31536000; includeSubDomains"
        ],
        "X-Content-Type-Options": [
          "nosniff"
        ],
        "Date": [
          "Thu, 11 Mar 2021 06:21:04 GMT"
        ],
        "Expires": [
          "-1"
        ],
        "Content-Length": [
          "0"
        ]
      },
      "ResponseBody": "",
      "StatusCode": 202
    },
    {
      "RequestUri": "/subscriptions/0f3dcfc3-18f8-4099-b381-8353e19d43a7/operationresults/eyJqb2JJZCI6IlJFU09VUkNFR1JPVVBERUxFVElPTkpPQi1TREtURVNUSU5HQURTUkctRUFTVFVTIiwiam9iTG9jYXRpb24iOiJlYXN0dXMifQ?api-version=2017-05-10",
      "EncodedRequestUri": "L3N1YnNjcmlwdGlvbnMvMGYzZGNmYzMtMThmOC00MDk5LWIzODEtODM1M2UxOWQ0M2E3L29wZXJhdGlvbnJlc3VsdHMvZXlKcWIySkpaQ0k2SWxKRlUwOVZVa05GUjFKUFZWQkVSVXhGVkVsUFRrcFBRaTFUUkV0VVJWTlVTVTVIUVVSVFVrY3RSVUZUVkZWVElpd2lhbTlpVEc5allYUnBiMjRpT2lKbFlYTjBkWE1pZlE/YXBpLXZlcnNpb249MjAxNy0wNS0xMA==",
      "RequestMethod": "GET",
      "RequestBody": "",
      "RequestHeaders": {
        "User-Agent": [
          "FxVersion/4.6.29812.02",
          "OSName/Windows",
          "OSVersion/Microsoft.Windows.10.0.19042.",
          "Microsoft.Azure.Management.ResourceManager.ResourceManagementClient/1.6.0.0"
        ]
      },
      "ResponseHeaders": {
        "Cache-Control": [
          "no-cache"
        ],
        "Pragma": [
          "no-cache"
        ],
        "Location": [
          "https://management.azure.com/subscriptions/0f3dcfc3-18f8-4099-b381-8353e19d43a7/operationresults/eyJqb2JJZCI6IlJFU09VUkNFR1JPVVBERUxFVElPTkpPQi1TREtURVNUSU5HQURTUkctRUFTVFVTIiwiam9iTG9jYXRpb24iOiJlYXN0dXMifQ?api-version=2017-05-10"
        ],
        "Retry-After": [
          "15"
        ],
        "x-ms-ratelimit-remaining-subscription-reads": [
          "11997"
        ],
        "x-ms-request-id": [
          "a1e08a79-ae1d-4eae-b01e-63f2748450d7"
        ],
        "x-ms-correlation-request-id": [
          "a1e08a79-ae1d-4eae-b01e-63f2748450d7"
        ],
        "x-ms-routing-request-id": [
          "WESTUS2:20210311T062120Z:a1e08a79-ae1d-4eae-b01e-63f2748450d7"
        ],
        "Strict-Transport-Security": [
          "max-age=31536000; includeSubDomains"
        ],
        "X-Content-Type-Options": [
          "nosniff"
        ],
        "Date": [
          "Thu, 11 Mar 2021 06:21:20 GMT"
        ],
        "Expires": [
          "-1"
        ],
        "Content-Length": [
          "0"
        ]
      },
      "ResponseBody": "",
      "StatusCode": 202
    },
    {
      "RequestUri": "/subscriptions/0f3dcfc3-18f8-4099-b381-8353e19d43a7/operationresults/eyJqb2JJZCI6IlJFU09VUkNFR1JPVVBERUxFVElPTkpPQi1TREtURVNUSU5HQURTUkctRUFTVFVTIiwiam9iTG9jYXRpb24iOiJlYXN0dXMifQ?api-version=2017-05-10",
      "EncodedRequestUri": "L3N1YnNjcmlwdGlvbnMvMGYzZGNmYzMtMThmOC00MDk5LWIzODEtODM1M2UxOWQ0M2E3L29wZXJhdGlvbnJlc3VsdHMvZXlKcWIySkpaQ0k2SWxKRlUwOVZVa05GUjFKUFZWQkVSVXhGVkVsUFRrcFBRaTFUUkV0VVJWTlVTVTVIUVVSVFVrY3RSVUZUVkZWVElpd2lhbTlpVEc5allYUnBiMjRpT2lKbFlYTjBkWE1pZlE/YXBpLXZlcnNpb249MjAxNy0wNS0xMA==",
      "RequestMethod": "GET",
      "RequestBody": "",
      "RequestHeaders": {
        "User-Agent": [
          "FxVersion/4.6.29812.02",
          "OSName/Windows",
          "OSVersion/Microsoft.Windows.10.0.19042.",
          "Microsoft.Azure.Management.ResourceManager.ResourceManagementClient/1.6.0.0"
        ]
      },
      "ResponseHeaders": {
        "Cache-Control": [
          "no-cache"
        ],
        "Pragma": [
          "no-cache"
        ],
        "Location": [
          "https://management.azure.com/subscriptions/0f3dcfc3-18f8-4099-b381-8353e19d43a7/operationresults/eyJqb2JJZCI6IlJFU09VUkNFR1JPVVBERUxFVElPTkpPQi1TREtURVNUSU5HQURTUkctRUFTVFVTIiwiam9iTG9jYXRpb24iOiJlYXN0dXMifQ?api-version=2017-05-10"
        ],
        "Retry-After": [
          "15"
        ],
        "x-ms-ratelimit-remaining-subscription-reads": [
          "11996"
        ],
        "x-ms-request-id": [
          "4c5b0425-1c4a-4854-aaac-0011d495bb92"
        ],
        "x-ms-correlation-request-id": [
          "4c5b0425-1c4a-4854-aaac-0011d495bb92"
        ],
        "x-ms-routing-request-id": [
          "WESTUS2:20210311T062135Z:4c5b0425-1c4a-4854-aaac-0011d495bb92"
        ],
        "Strict-Transport-Security": [
          "max-age=31536000; includeSubDomains"
        ],
        "X-Content-Type-Options": [
          "nosniff"
        ],
        "Date": [
          "Thu, 11 Mar 2021 06:21:34 GMT"
        ],
        "Expires": [
          "-1"
        ],
        "Content-Length": [
          "0"
        ]
      },
      "ResponseBody": "",
      "StatusCode": 202
    },
    {
      "RequestUri": "/subscriptions/0f3dcfc3-18f8-4099-b381-8353e19d43a7/operationresults/eyJqb2JJZCI6IlJFU09VUkNFR1JPVVBERUxFVElPTkpPQi1TREtURVNUSU5HQURTUkctRUFTVFVTIiwiam9iTG9jYXRpb24iOiJlYXN0dXMifQ?api-version=2017-05-10",
      "EncodedRequestUri": "L3N1YnNjcmlwdGlvbnMvMGYzZGNmYzMtMThmOC00MDk5LWIzODEtODM1M2UxOWQ0M2E3L29wZXJhdGlvbnJlc3VsdHMvZXlKcWIySkpaQ0k2SWxKRlUwOVZVa05GUjFKUFZWQkVSVXhGVkVsUFRrcFBRaTFUUkV0VVJWTlVTVTVIUVVSVFVrY3RSVUZUVkZWVElpd2lhbTlpVEc5allYUnBiMjRpT2lKbFlYTjBkWE1pZlE/YXBpLXZlcnNpb249MjAxNy0wNS0xMA==",
      "RequestMethod": "GET",
      "RequestBody": "",
      "RequestHeaders": {
        "User-Agent": [
          "FxVersion/4.6.29812.02",
          "OSName/Windows",
          "OSVersion/Microsoft.Windows.10.0.19042.",
          "Microsoft.Azure.Management.ResourceManager.ResourceManagementClient/1.6.0.0"
        ]
      },
      "ResponseHeaders": {
        "Cache-Control": [
          "no-cache"
        ],
        "Pragma": [
          "no-cache"
        ],
        "Location": [
          "https://management.azure.com/subscriptions/0f3dcfc3-18f8-4099-b381-8353e19d43a7/operationresults/eyJqb2JJZCI6IlJFU09VUkNFR1JPVVBERUxFVElPTkpPQi1TREtURVNUSU5HQURTUkctRUFTVFVTIiwiam9iTG9jYXRpb24iOiJlYXN0dXMifQ?api-version=2017-05-10"
        ],
        "Retry-After": [
          "15"
        ],
        "x-ms-ratelimit-remaining-subscription-reads": [
          "11995"
        ],
        "x-ms-request-id": [
          "b0dbeec4-f564-4cc8-8f4c-a581bd8afcb8"
        ],
        "x-ms-correlation-request-id": [
          "b0dbeec4-f564-4cc8-8f4c-a581bd8afcb8"
        ],
        "x-ms-routing-request-id": [
          "WESTUS2:20210311T062150Z:b0dbeec4-f564-4cc8-8f4c-a581bd8afcb8"
        ],
        "Strict-Transport-Security": [
          "max-age=31536000; includeSubDomains"
        ],
        "X-Content-Type-Options": [
          "nosniff"
        ],
        "Date": [
          "Thu, 11 Mar 2021 06:21:49 GMT"
        ],
        "Expires": [
          "-1"
        ],
        "Content-Length": [
          "0"
        ]
      },
      "ResponseBody": "",
      "StatusCode": 202
    },
    {
      "RequestUri": "/subscriptions/0f3dcfc3-18f8-4099-b381-8353e19d43a7/operationresults/eyJqb2JJZCI6IlJFU09VUkNFR1JPVVBERUxFVElPTkpPQi1TREtURVNUSU5HQURTUkctRUFTVFVTIiwiam9iTG9jYXRpb24iOiJlYXN0dXMifQ?api-version=2017-05-10",
      "EncodedRequestUri": "L3N1YnNjcmlwdGlvbnMvMGYzZGNmYzMtMThmOC00MDk5LWIzODEtODM1M2UxOWQ0M2E3L29wZXJhdGlvbnJlc3VsdHMvZXlKcWIySkpaQ0k2SWxKRlUwOVZVa05GUjFKUFZWQkVSVXhGVkVsUFRrcFBRaTFUUkV0VVJWTlVTVTVIUVVSVFVrY3RSVUZUVkZWVElpd2lhbTlpVEc5allYUnBiMjRpT2lKbFlYTjBkWE1pZlE/YXBpLXZlcnNpb249MjAxNy0wNS0xMA==",
      "RequestMethod": "GET",
      "RequestBody": "",
      "RequestHeaders": {
        "User-Agent": [
          "FxVersion/4.6.29812.02",
          "OSName/Windows",
          "OSVersion/Microsoft.Windows.10.0.19042.",
          "Microsoft.Azure.Management.ResourceManager.ResourceManagementClient/1.6.0.0"
        ]
      },
      "ResponseHeaders": {
        "Cache-Control": [
          "no-cache"
        ],
        "Pragma": [
          "no-cache"
        ],
        "Location": [
          "https://management.azure.com/subscriptions/0f3dcfc3-18f8-4099-b381-8353e19d43a7/operationresults/eyJqb2JJZCI6IlJFU09VUkNFR1JPVVBERUxFVElPTkpPQi1TREtURVNUSU5HQURTUkctRUFTVFVTIiwiam9iTG9jYXRpb24iOiJlYXN0dXMifQ?api-version=2017-05-10"
        ],
        "Retry-After": [
          "15"
        ],
        "x-ms-ratelimit-remaining-subscription-reads": [
          "11994"
        ],
        "x-ms-request-id": [
          "f41b9524-d8aa-4dac-b8c0-a01169a7e516"
        ],
        "x-ms-correlation-request-id": [
          "f41b9524-d8aa-4dac-b8c0-a01169a7e516"
        ],
        "x-ms-routing-request-id": [
          "WESTUS2:20210311T062205Z:f41b9524-d8aa-4dac-b8c0-a01169a7e516"
        ],
        "Strict-Transport-Security": [
          "max-age=31536000; includeSubDomains"
        ],
        "X-Content-Type-Options": [
          "nosniff"
        ],
        "Date": [
          "Thu, 11 Mar 2021 06:22:04 GMT"
        ],
        "Expires": [
          "-1"
        ],
        "Content-Length": [
          "0"
        ]
      },
      "ResponseBody": "",
      "StatusCode": 202
    },
    {
      "RequestUri": "/subscriptions/0f3dcfc3-18f8-4099-b381-8353e19d43a7/operationresults/eyJqb2JJZCI6IlJFU09VUkNFR1JPVVBERUxFVElPTkpPQi1TREtURVNUSU5HQURTUkctRUFTVFVTIiwiam9iTG9jYXRpb24iOiJlYXN0dXMifQ?api-version=2017-05-10",
      "EncodedRequestUri": "L3N1YnNjcmlwdGlvbnMvMGYzZGNmYzMtMThmOC00MDk5LWIzODEtODM1M2UxOWQ0M2E3L29wZXJhdGlvbnJlc3VsdHMvZXlKcWIySkpaQ0k2SWxKRlUwOVZVa05GUjFKUFZWQkVSVXhGVkVsUFRrcFBRaTFUUkV0VVJWTlVTVTVIUVVSVFVrY3RSVUZUVkZWVElpd2lhbTlpVEc5allYUnBiMjRpT2lKbFlYTjBkWE1pZlE/YXBpLXZlcnNpb249MjAxNy0wNS0xMA==",
      "RequestMethod": "GET",
      "RequestBody": "",
      "RequestHeaders": {
        "User-Agent": [
          "FxVersion/4.6.29812.02",
          "OSName/Windows",
          "OSVersion/Microsoft.Windows.10.0.19042.",
          "Microsoft.Azure.Management.ResourceManager.ResourceManagementClient/1.6.0.0"
        ]
      },
      "ResponseHeaders": {
        "Cache-Control": [
          "no-cache"
        ],
        "Pragma": [
          "no-cache"
        ],
        "x-ms-ratelimit-remaining-subscription-reads": [
          "11993"
        ],
        "x-ms-request-id": [
          "ca4a25b2-7f4e-4666-9868-928e6619dfae"
        ],
        "x-ms-correlation-request-id": [
          "ca4a25b2-7f4e-4666-9868-928e6619dfae"
        ],
        "x-ms-routing-request-id": [
          "WESTUS2:20210311T062220Z:ca4a25b2-7f4e-4666-9868-928e6619dfae"
        ],
        "Strict-Transport-Security": [
          "max-age=31536000; includeSubDomains"
        ],
        "X-Content-Type-Options": [
          "nosniff"
        ],
        "Date": [
          "Thu, 11 Mar 2021 06:22:20 GMT"
        ],
        "Expires": [
          "-1"
        ],
        "Content-Length": [
          "0"
        ]
      },
      "ResponseBody": "",
      "StatusCode": 200
    },
    {
      "RequestUri": "/subscriptions/0f3dcfc3-18f8-4099-b381-8353e19d43a7/operationresults/eyJqb2JJZCI6IlJFU09VUkNFR1JPVVBERUxFVElPTkpPQi1TREtURVNUSU5HQURTUkctRUFTVFVTIiwiam9iTG9jYXRpb24iOiJlYXN0dXMifQ?api-version=2017-05-10",
      "EncodedRequestUri": "L3N1YnNjcmlwdGlvbnMvMGYzZGNmYzMtMThmOC00MDk5LWIzODEtODM1M2UxOWQ0M2E3L29wZXJhdGlvbnJlc3VsdHMvZXlKcWIySkpaQ0k2SWxKRlUwOVZVa05GUjFKUFZWQkVSVXhGVkVsUFRrcFBRaTFUUkV0VVJWTlVTVTVIUVVSVFVrY3RSVUZUVkZWVElpd2lhbTlpVEc5allYUnBiMjRpT2lKbFlYTjBkWE1pZlE/YXBpLXZlcnNpb249MjAxNy0wNS0xMA==",
      "RequestMethod": "GET",
      "RequestBody": "",
      "RequestHeaders": {
        "User-Agent": [
          "FxVersion/4.6.29812.02",
          "OSName/Windows",
          "OSVersion/Microsoft.Windows.10.0.19042.",
          "Microsoft.Azure.Management.ResourceManager.ResourceManagementClient/1.6.0.0"
        ]
      },
      "ResponseHeaders": {
        "Cache-Control": [
          "no-cache"
        ],
        "Pragma": [
          "no-cache"
        ],
        "x-ms-ratelimit-remaining-subscription-reads": [
          "11992"
        ],
        "x-ms-request-id": [
          "fdb8f53f-9be7-4a9e-b005-86cd23ed5124"
        ],
        "x-ms-correlation-request-id": [
          "fdb8f53f-9be7-4a9e-b005-86cd23ed5124"
        ],
        "x-ms-routing-request-id": [
          "WESTUS2:20210311T062221Z:fdb8f53f-9be7-4a9e-b005-86cd23ed5124"
        ],
        "Strict-Transport-Security": [
          "max-age=31536000; includeSubDomains"
        ],
        "X-Content-Type-Options": [
          "nosniff"
        ],
        "Date": [
          "Thu, 11 Mar 2021 06:22:20 GMT"
        ],
        "Expires": [
          "-1"
        ],
        "Content-Length": [
          "0"
        ]
      },
      "ResponseBody": "",
      "StatusCode": 200
    }
  ],
  "Names": {},
  "Variables": {
    "SubscriptionId": "0f3dcfc3-18f8-4099-b381-8353e19d43a7"
  }
}