{
  "Entries": [
    {
      "RequestUri": "https://management.azure.com/subscriptions/db1ab6f0-4769-4b27-930e-01e2ef9c123c?api-version=2021-01-01",
      "RequestMethod": "GET",
      "RequestHeaders": {
        "Accept": "application/json",
        "Authorization": "Sanitized",
        "Connection": "keep-alive",
        "traceparent": "00-062b0b50a7d1674a8611188b19bbd0b3-26b70c238ee62f41-00",
        "User-Agent": "azsdk-net-ResourceManager/1.3.1 (.NET Framework 4.8.4510.0; Microsoft Windows 10.0.22000 )",
        "x-ms-client-request-id": "e2bf6fd7548dd03ccf25f3e396057043",
        "x-ms-return-client-request-id": "true"
      },
      "RequestBody": null,
      "StatusCode": 200,
      "ResponseHeaders": {
        "Cache-Control": "no-cache",
        "Content-Length": "747",
        "Content-Type": "application/json; charset=utf-8",
        "Date": "Tue, 06 Sep 2022 06:24:26 GMT",
        "Expires": "-1",
        "Pragma": "no-cache",
        "Strict-Transport-Security": "max-age=31536000; includeSubDomains",
        "X-Content-Type-Options": "nosniff",
        "x-ms-correlation-request-id": "2c914286-666b-405b-9106-7a5c9db52aac",
        "x-ms-ratelimit-remaining-subscription-reads": "11998",
        "x-ms-request-id": "2c914286-666b-405b-9106-7a5c9db52aac",
        "x-ms-routing-request-id": "SOUTHEASTASIA:20220906T062426Z:2c914286-666b-405b-9106-7a5c9db52aac"
      },
      "ResponseBody": {
        "id": "/subscriptions/db1ab6f0-4769-4b27-930e-01e2ef9c123c",
        "authorizationSource": "RoleBased",
        "managedByTenants": [],
        "tags": {
          "TagKey-9823": "TagValue-566",
          "TagKey-3481": "TagValue-320",
          "TagKey-4926": "TagValue-1187",
          "TagKey-751": "TagValue-3921",
          "TagKey-1866": "TagValue-8559",
          "TagKey-3094": "TagValue-9190",
          "TagKey-2449": "TagValue-9",
          "TagKey-8379": "TagValue-164",
          "TagKey-7470": "TagValue-2205",
          "TagKey-4236": "TagValue-3698",
          "TagKey-5316": "TagValue-2725"
        },
        "subscriptionId": "db1ab6f0-4769-4b27-930e-01e2ef9c123c",
        "tenantId": "72f988bf-86f1-41af-91ab-2d7cd011db47",
        "displayName": ".NET Mgmt SDK Test with TTL = 1 Day",
        "state": "Enabled",
        "subscriptionPolicies": {
          "locationPlacementId": "Internal_2014-09-01",
          "quotaId": "Internal_2014-09-01",
          "spendingLimit": "Off"
        }
      }
    },
    {
      "RequestUri": "https://management.azure.com/subscriptions/db1ab6f0-4769-4b27-930e-01e2ef9c123c/resourcegroups/testRG-2936?api-version=2021-04-01",
      "RequestMethod": "PUT",
      "RequestHeaders": {
        "Accept": "application/json",
        "Authorization": "Sanitized",
        "Content-Length": "43",
        "Content-Type": "application/json",
        "traceparent": "00-b529423b386555429e2d34b477d44036-4033d7f9e42f184a-00",
        "User-Agent": "azsdk-net-ResourceManager/1.3.1 (.NET Framework 4.8.4510.0; Microsoft Windows 10.0.22000 )",
        "x-ms-client-request-id": "85b1a779e68ea5e61cb8bbda33b27f8f",
        "x-ms-return-client-request-id": "true"
      },
      "RequestBody": {
        "tags": {
          "test": "env"
        },
        "location": "westus"
      },
      "StatusCode": 201,
      "ResponseHeaders": {
        "Cache-Control": "no-cache",
        "Content-Length": "241",
        "Content-Type": "application/json; charset=utf-8",
        "Date": "Tue, 06 Sep 2022 06:24:29 GMT",
        "Expires": "-1",
        "Pragma": "no-cache",
        "Strict-Transport-Security": "max-age=31536000; includeSubDomains",
        "X-Content-Type-Options": "nosniff",
        "x-ms-correlation-request-id": "87afce07-c8a2-458f-99b8-08f7b6f90c44",
        "x-ms-ratelimit-remaining-subscription-writes": "1199",
        "x-ms-request-id": "87afce07-c8a2-458f-99b8-08f7b6f90c44",
        "x-ms-routing-request-id": "SOUTHEASTASIA:20220906T062429Z:87afce07-c8a2-458f-99b8-08f7b6f90c44"
      },
      "ResponseBody": {
        "id": "/subscriptions/db1ab6f0-4769-4b27-930e-01e2ef9c123c/resourceGroups/testRG-2936",
        "name": "testRG-2936",
        "type": "Microsoft.Resources/resourceGroups",
        "location": "westus",
        "tags": {
          "test": "env"
        },
        "properties": {
          "provisioningState": "Succeeded"
        }
      }
    },
    {
      "RequestUri": "https://management.azure.com/subscriptions/db1ab6f0-4769-4b27-930e-01e2ef9c123c/resourceGroups/testRG-2936/providers/Microsoft.Batch/batchAccounts/testaccount7151?api-version=2022-06-01",
      "RequestMethod": "PUT",
      "RequestHeaders": {
        "Accept": "application/json",
        "Authorization": "Sanitized",
        "Content-Length": "223",
        "Content-Type": "application/json",
        "traceparent": "00-4df0b731d8111f40b4af834a453b2030-6f291b2cb6650b41-00",
        "User-Agent": "azsdk-net-ResourceManager.Batch/1.0.0-alpha.20220905.1 (.NET Framework 4.8.4510.0; Microsoft Windows 10.0.22000 )",
        "x-ms-client-request-id": "e0dfe63c7cb2b3c703a4978c4484d485",
        "x-ms-return-client-request-id": "true"
      },
      "RequestBody": {
        "location": "westus",
        "properties": {
          "autoStorage": {
            "storageAccountId": "/subscriptions/db1ab6f0-4769-4b27-930e-01e2ef9c123c/resourceGroups/AutoRestResources2/providers/Microsoft.Storage/storageAccounts/20220725datafactory"
          }
        }
      },
      "StatusCode": 202,
      "ResponseHeaders": {
        "Cache-Control": "no-cache",
        "Content-Length": "0",
        "Date": "Tue, 06 Sep 2022 06:24:52 GMT",
        "Expires": "-1",
        "Location": "https://management.azure.com/subscriptions/db1ab6f0-4769-4b27-930e-01e2ef9c123c/resourceGroups/testRG-2936/providers/Microsoft.Batch/batchAccounts/testaccount7151/operationResults/104a79e6-980d-4cc8-9d58-b470e5a6cedc?api-version=2022-06-01",
        "Pragma": "no-cache",
        "Retry-After": "15",
        "Server": "Microsoft-HTTPAPI/2.0",
        "Strict-Transport-Security": "max-age=31536000; includeSubDomains",
        "X-Content-Type-Options": "nosniff",
        "x-ms-correlation-request-id": "31d9ba71-9a1d-4516-b45d-7b15f06b4135",
        "x-ms-ratelimit-remaining-subscription-writes": "1199",
        "x-ms-request-id": "104a79e6-980d-4cc8-9d58-b470e5a6cedc",
        "x-ms-routing-request-id": "SOUTHEASTASIA:20220906T062453Z:31d9ba71-9a1d-4516-b45d-7b15f06b4135"
      },
      "ResponseBody": null
    },
    {
      "RequestUri": "https://management.azure.com/subscriptions/db1ab6f0-4769-4b27-930e-01e2ef9c123c/resourceGroups/testRG-2936/providers/Microsoft.Batch/batchAccounts/testaccount7151/operationResults/104a79e6-980d-4cc8-9d58-b470e5a6cedc?api-version=2022-06-01",
      "RequestMethod": "GET",
      "RequestHeaders": {
        "Authorization": "Sanitized",
        "traceparent": "00-4df0b731d8111f40b4af834a453b2030-35fcd05e5fb82349-00",
        "User-Agent": "azsdk-net-ResourceManager/1.3.1 (.NET Framework 4.8.4510.0; Microsoft Windows 10.0.22000 )",
        "x-ms-client-request-id": "8ac84b54d4642bc7e9d18b424e19d834",
        "x-ms-return-client-request-id": "true"
      },
      "RequestBody": null,
      "StatusCode": 202,
      "ResponseHeaders": {
        "Cache-Control": "no-cache",
        "Content-Length": "0",
        "Date": "Tue, 06 Sep 2022 06:24:53 GMT",
        "Expires": "-1",
        "Location": "https://management.azure.com/subscriptions/db1ab6f0-4769-4b27-930e-01e2ef9c123c/resourceGroups/testRG-2936/providers/Microsoft.Batch/batchAccounts/testaccount7151/operationResults/104a79e6-980d-4cc8-9d58-b470e5a6cedc?api-version=2022-06-01",
        "Pragma": "no-cache",
        "Retry-After": "15",
        "Server": "Microsoft-HTTPAPI/2.0",
        "Strict-Transport-Security": "max-age=31536000; includeSubDomains",
        "X-Content-Type-Options": "nosniff",
        "x-ms-correlation-request-id": "40227fcd-bc4e-4b00-b0d8-6f49aca24dc7",
        "x-ms-ratelimit-remaining-subscription-reads": "11999",
        "x-ms-request-id": "9339c984-2b93-472c-9896-88f6983fed04",
        "x-ms-routing-request-id": "SOUTHEASTASIA:20220906T062453Z:40227fcd-bc4e-4b00-b0d8-6f49aca24dc7"
      },
      "ResponseBody": null
    },
    {
      "RequestUri": "https://management.azure.com/subscriptions/db1ab6f0-4769-4b27-930e-01e2ef9c123c/resourceGroups/testRG-2936/providers/Microsoft.Batch/batchAccounts/testaccount7151/operationResults/104a79e6-980d-4cc8-9d58-b470e5a6cedc?api-version=2022-06-01",
      "RequestMethod": "GET",
      "RequestHeaders": {
        "Authorization": "Sanitized",
        "traceparent": "00-4df0b731d8111f40b4af834a453b2030-6954480d656d4842-00",
        "User-Agent": "azsdk-net-ResourceManager/1.3.1 (.NET Framework 4.8.4510.0; Microsoft Windows 10.0.22000 )",
        "x-ms-client-request-id": "8af554e6c6c0f3515e06a341e145bc67",
        "x-ms-return-client-request-id": "true"
      },
      "RequestBody": null,
      "StatusCode": 200,
      "ResponseHeaders": {
        "Cache-Control": "no-cache",
        "Content-Length": "3593",
        "Content-Type": "application/json; charset=utf-8",
        "Date": "Tue, 06 Sep 2022 06:25:09 GMT",
        "ETag": "\u00220x8DA8FD08C19152D\u0022",
        "Expires": "-1",
        "Last-Modified": "Tue, 06 Sep 2022 06:25:09 GMT",
        "Pragma": "no-cache",
        "Server": "Microsoft-HTTPAPI/2.0",
        "Strict-Transport-Security": "max-age=31536000; includeSubDomains",
        "X-Content-Type-Options": "nosniff",
        "x-ms-correlation-request-id": "812b7643-f7b6-4fd8-959f-7d8368ac88b7",
        "x-ms-ratelimit-remaining-subscription-reads": "11998",
        "x-ms-request-id": "46f45832-e5ce-474f-8e9d-a7a8d294ddaa",
        "x-ms-routing-request-id": "SOUTHEASTASIA:20220906T062509Z:812b7643-f7b6-4fd8-959f-7d8368ac88b7"
      },
      "ResponseBody": {
        "id": "/subscriptions/db1ab6f0-4769-4b27-930e-01e2ef9c123c/resourceGroups/testrg-2936/providers/Microsoft.Batch/batchAccounts/testaccount7151",
        "name": "testaccount7151",
        "type": "Microsoft.Batch/batchAccounts",
        "location": "westus",
        "properties": {
          "accountEndpoint": "testaccount7151.westus.batch.azure.com",
          "provisioningState": "Succeeded",
          "dedicatedCoreQuota": 0,
          "dedicatedCoreQuotaPerVMFamily": [
            {
              "name": "standardAv2Family",
              "coreQuota": 0
            },
            {
              "name": "standardDv2Family",
              "coreQuota": 0
            },
            {
              "name": "standardDv3Family",
              "coreQuota": 0
            },
            {
              "name": "standardEv3Family",
              "coreQuota": 0
            },
            {
              "name": "standardDSv2Family",
              "coreQuota": 0
            },
            {
              "name": "standardDSv3Family",
              "coreQuota": 0
            },
            {
              "name": "standardESv3Family",
              "coreQuota": 0
            },
            {
              "name": "standardFSv2Family",
              "coreQuota": 0
            },
            {
              "name": "standardNCFamily",
              "coreQuota": 0
            },
            {
              "name": "standardNVFamily",
              "coreQuota": 0
            },
            {
              "name": "standardDDv4Family",
              "coreQuota": 0
            },
            {
              "name": "standardDDSv4Family",
              "coreQuota": 0
            },
            {
              "name": "standardEDv4Family",
              "coreQuota": 0
            },
            {
              "name": "standardEDSv4Family",
              "coreQuota": 0
            },
            {
              "name": "standardA0_A7Family",
              "coreQuota": 0
            },
            {
              "name": "standardA8_A11Family",
              "coreQuota": 0
            },
            {
              "name": "standardDFamily",
              "coreQuota": 0
            },
            {
              "name": "standardGFamily",
              "coreQuota": 0
            },
            {
              "name": "basicAFamily",
              "coreQuota": 0
            },
            {
              "name": "standardFFamily",
              "coreQuota": 0
            },
            {
              "name": "standardNVPromoFamily",
              "coreQuota": 0
            },
            {
              "name": "standardNCPromoFamily",
              "coreQuota": 0
            },
            {
              "name": "standardHFamily",
              "coreQuota": 0
            },
            {
              "name": "standardHPromoFamily",
              "coreQuota": 0
            },
            {
              "name": "standardMSFamily",
              "coreQuota": 0
            },
            {
              "name": "standardDSFamily",
              "coreQuota": 0
            },
            {
              "name": "standardFSFamily",
              "coreQuota": 0
            },
            {
              "name": "standardGSFamily",
              "coreQuota": 0
            },
            {
              "name": "standardLSFamily",
              "coreQuota": 0
            },
            {
              "name": "standardLSv2Family",
              "coreQuota": 0
            },
            {
              "name": "standardNCSv2Family",
              "coreQuota": 0
            },
            {
              "name": "standardNDSFamily",
              "coreQuota": 0
            },
            {
              "name": "standardNCSv3Family",
              "coreQuota": 0
            },
            {
              "name": "standardHBSFamily",
              "coreQuota": 0
            },
            {
              "name": "standardHCSFamily",
              "coreQuota": 0
            },
            {
              "name": "standardNVSv3Family",
              "coreQuota": 0
            },
            {
              "name": "standardHBrsv2Family",
              "coreQuota": 0
            },
            {
              "name": "standardDAv4Family",
              "coreQuota": 0
            },
            {
              "name": "standardDASv4Family",
              "coreQuota": 0
            },
            {
              "name": "standardEAv4Family",
              "coreQuota": 0
            },
            {
              "name": "standardEASv4Family",
              "coreQuota": 0
            },
            {
              "name": "standardMSv2Family",
              "coreQuota": 0
            },
            {
              "name": "standardEIv3Family",
              "coreQuota": 0
            },
            {
              "name": "standardNVSv4Family",
              "coreQuota": 0
            },
            {
              "name": "Standard NCASv3_T4 Family",
              "coreQuota": 0
            },
            {
              "name": "standardXEIDSv4Family",
              "coreQuota": 0
            },
            {
              "name": "Standard NDASv4_A100 Family",
              "coreQuota": 0
            },
            {
              "name": "standardDCSv2Family",
              "coreQuota": 0
            },
            {
              "name": "standardHBv3Family",
              "coreQuota": 0
            },
            {
              "name": "standardNPSFamily",
              "coreQuota": 0
            },
            {
              "name": "standardFXMDVSFamily",
              "coreQuota": 0
            },
            {
              "name": "standardDDv5Family",
              "coreQuota": 0
            },
            {
              "name": "standardDDSv5Family",
              "coreQuota": 0
            },
            {
              "name": "standardEDv5Family",
              "coreQuota": 0
            },
            {
              "name": "standardEDSv5Family",
              "coreQuota": 0
            },
            {
              "name": "standardNCADSA100v4Family",
              "coreQuota": 0
            },
            {
              "name": "standardDADSv5Family",
              "coreQuota": 0
            },
            {
              "name": "standardEADSv5Family",
              "coreQuota": 0
            }
          ],
          "dedicatedCoreQuotaPerVMFamilyEnforced": true,
          "lowPriorityCoreQuota": 0,
          "poolQuota": 100,
          "activeJobAndJobScheduleQuota": 300,
          "autoStorage": {
            "storageAccountId": "/subscriptions/db1ab6f0-4769-4b27-930e-01e2ef9c123c/resourceGroups/AutoRestResources2/providers/Microsoft.Storage/storageAccounts/20220725datafactory",
            "lastKeySync": "2022-09-06T06:24:52.8495714Z",
            "authenticationMode": "StorageKeys"
          },
          "poolAllocationMode": "BatchService",
          "publicNetworkAccess": "Enabled",
          "privateEndpointConnections": [],
          "encryption": {
            "keySource": "Microsoft.Batch"
          },
          "allowedAuthenticationModes": [
            "SharedKey",
            "AAD",
            "TaskAuthenticationToken"
          ]
        },
        "identity": {
          "type": "None"
        }
      }
    },
    {
      "RequestUri": "https://management.azure.com/subscriptions/db1ab6f0-4769-4b27-930e-01e2ef9c123c/resourceGroups/testrg-2936/providers/Microsoft.Batch/batchAccounts/testaccount7151/applications/Application-4462?api-version=2022-06-01",
      "RequestMethod": "PUT",
      "RequestHeaders": {
        "Accept": "application/json",
        "Authorization": "Sanitized",
        "Content-Length": "64",
        "Content-Type": "application/json",
        "traceparent": "00-00eb590328526c418f0cbe03246b7f40-e38d651c4b891241-00",
        "User-Agent": "azsdk-net-ResourceManager.Batch/1.0.0-alpha.20220905.1 (.NET Framework 4.8.4510.0; Microsoft Windows 10.0.22000 )",
        "x-ms-client-request-id": "204abbf86069de9427bd45892398669a",
        "x-ms-return-client-request-id": "true"
      },
      "RequestBody": {
        "properties": {
          "displayName": "displayName",
          "allowUpdates": true
        }
      },
      "StatusCode": 200,
      "ResponseHeaders": {
        "Cache-Control": "no-cache",
        "Content-Length": "347",
        "Content-Type": "application/json; charset=utf-8",
        "Date": "Tue, 06 Sep 2022 06:25:10 GMT",
        "ETag": "W/\u00220x8DA8FD08CAFBDE7\u0022",
        "Expires": "-1",
        "Last-Modified": "Tue, 06 Sep 2022 06:25:10 GMT",
        "Pragma": "no-cache",
        "Server": "Microsoft-HTTPAPI/2.0",
        "Strict-Transport-Security": "max-age=31536000; includeSubDomains",
        "X-Content-Type-Options": "nosniff",
        "x-ms-correlation-request-id": "75222b5a-7dc8-4078-9d64-0b0c1a14162f",
        "x-ms-ratelimit-remaining-subscription-writes": "1198",
        "x-ms-request-id": "c687097c-24f3-48b8-a5d7-d26876302896",
        "x-ms-routing-request-id": "SOUTHEASTASIA:20220906T062510Z:75222b5a-7dc8-4078-9d64-0b0c1a14162f"
      },
      "ResponseBody": {
        "type": "Microsoft.Batch/batchAccounts/applications",
        "id": "/subscriptions/db1ab6f0-4769-4b27-930e-01e2ef9c123c/resourceGroups/testrg-2936/providers/Microsoft.Batch/batchAccounts/testaccount7151/applications/Application-4462",
        "name": "Application-4462",
        "etag": "W/\u00220x8DA8FD08CAFBDE7\u0022",
        "properties": {
          "displayName": "displayName",
          "allowUpdates": true
        }
      }
    },
    {
      "RequestUri": "https://management.azure.com/subscriptions/db1ab6f0-4769-4b27-930e-01e2ef9c123c/resourceGroups/testrg-2936/providers/Microsoft.Batch/batchAccounts/testaccount7151/applications/Application-4462?api-version=2022-06-01",
      "RequestMethod": "GET",
      "RequestHeaders": {
        "Accept": "application/json",
        "Authorization": "Sanitized",
        "traceparent": "00-f5d43e6f6e185045ae148984c8b1cd53-97dc5ba1d8b78a44-00",
        "User-Agent": "azsdk-net-ResourceManager.Batch/1.0.0-alpha.20220905.1 (.NET Framework 4.8.4510.0; Microsoft Windows 10.0.22000 )",
        "x-ms-client-request-id": "b3e8a5a2f98e2cd45d30864aa4142411",
        "x-ms-return-client-request-id": "true"
      },
      "RequestBody": null,
      "StatusCode": 200,
      "ResponseHeaders": {
        "Cache-Control": "no-cache",
        "Content-Length": "347",
        "Content-Type": "application/json; charset=utf-8",
        "Date": "Tue, 06 Sep 2022 06:25:10 GMT",
        "ETag": "W/\u00220x8DA8FD08CAFBDE7\u0022",
        "Expires": "-1",
        "Last-Modified": "Tue, 06 Sep 2022 06:25:10 GMT",
        "Pragma": "no-cache",
        "Server": "Microsoft-HTTPAPI/2.0",
        "Strict-Transport-Security": "max-age=31536000; includeSubDomains",
        "X-Content-Type-Options": "nosniff",
        "x-ms-correlation-request-id": "025f9f0f-a7f6-4a6d-b3ee-4612927676fb",
        "x-ms-ratelimit-remaining-subscription-reads": "11997",
        "x-ms-request-id": "29b41af1-b995-4dc3-aebe-ca870aff9570",
        "x-ms-routing-request-id": "SOUTHEASTASIA:20220906T062510Z:025f9f0f-a7f6-4a6d-b3ee-4612927676fb"
      },
      "ResponseBody": {
        "type": "Microsoft.Batch/batchAccounts/applications",
        "id": "/subscriptions/db1ab6f0-4769-4b27-930e-01e2ef9c123c/resourceGroups/testrg-2936/providers/Microsoft.Batch/batchAccounts/testaccount7151/applications/Application-4462",
        "name": "Application-4462",
        "etag": "W/\u00220x8DA8FD08CAFBDE7\u0022",
        "properties": {
          "displayName": "displayName",
          "allowUpdates": true
        }
      }
    },
    {
      "RequestUri": "https://management.azure.com/subscriptions/db1ab6f0-4769-4b27-930e-01e2ef9c123c/resourceGroups/testrg-2936/providers/Microsoft.Batch/batchAccounts/testaccount7151/applications/Application-4462?api-version=2022-06-01",
      "RequestMethod": "PUT",
      "RequestHeaders": {
        "Accept": "application/json",
        "Authorization": "Sanitized",
        "Content-Length": "64",
        "Content-Type": "application/json",
        "traceparent": "00-b8207dd6efca7f48a767fffba39f329a-97ae66af6718d041-00",
        "User-Agent": "azsdk-net-ResourceManager.Batch/1.0.0-alpha.20220905.1 (.NET Framework 4.8.4510.0; Microsoft Windows 10.0.22000 )",
        "x-ms-client-request-id": "79dfe22a339c298c2be72a36187d80a8",
        "x-ms-return-client-request-id": "true"
      },
      "RequestBody": {
        "properties": {
          "displayName": "displayName",
          "allowUpdates": true
        }
      },
      "StatusCode": 200,
      "ResponseHeaders": {
        "Cache-Control": "no-cache",
        "Content-Length": "347",
        "Content-Type": "application/json; charset=utf-8",
        "Date": "Tue, 06 Sep 2022 06:25:11 GMT",
        "ETag": "W/\u00220x8DA8FD08CAFBDE7\u0022",
        "Expires": "-1",
        "Last-Modified": "Tue, 06 Sep 2022 06:25:10 GMT",
        "Pragma": "no-cache",
        "Server": "Microsoft-HTTPAPI/2.0",
        "Strict-Transport-Security": "max-age=31536000; includeSubDomains",
        "X-Content-Type-Options": "nosniff",
        "x-ms-correlation-request-id": "b511ec90-2807-4590-ad26-a132f839cbf8",
        "x-ms-ratelimit-remaining-subscription-writes": "1197",
        "x-ms-request-id": "f227728a-72cf-4c4b-9e3c-1cc51c40edf5",
        "x-ms-routing-request-id": "SOUTHEASTASIA:20220906T062511Z:b511ec90-2807-4590-ad26-a132f839cbf8"
      },
      "ResponseBody": {
        "type": "Microsoft.Batch/batchAccounts/applications",
        "id": "/subscriptions/db1ab6f0-4769-4b27-930e-01e2ef9c123c/resourceGroups/testrg-2936/providers/Microsoft.Batch/batchAccounts/testaccount7151/applications/Application-4462",
        "name": "Application-4462",
        "etag": "W/\u00220x8DA8FD08CAFBDE7\u0022",
        "properties": {
          "displayName": "displayName",
          "allowUpdates": true
        }
      }
    },
    {
      "RequestUri": "https://management.azure.com/subscriptions/db1ab6f0-4769-4b27-930e-01e2ef9c123c/resourceGroups/testrg-2936/providers/Microsoft.Batch/batchAccounts/testaccount7151/applications/Application-1889?api-version=2022-06-01",
      "RequestMethod": "PUT",
      "RequestHeaders": {
        "Accept": "application/json",
        "Authorization": "Sanitized",
        "Content-Length": "64",
        "Content-Type": "application/json",
        "traceparent": "00-765c38abbbb3e94b9e1a5703d9eeef80-a067d77be3586d4a-00",
        "User-Agent": "azsdk-net-ResourceManager.Batch/1.0.0-alpha.20220905.1 (.NET Framework 4.8.4510.0; Microsoft Windows 10.0.22000 )",
        "x-ms-client-request-id": "c11aaa7a7049fea8e61ec238da4a3a12",
        "x-ms-return-client-request-id": "true"
      },
      "RequestBody": {
        "properties": {
          "displayName": "displayName",
          "allowUpdates": true
        }
      },
      "StatusCode": 200,
      "ResponseHeaders": {
        "Cache-Control": "no-cache",
        "Content-Length": "347",
        "Content-Type": "application/json; charset=utf-8",
        "Date": "Tue, 06 Sep 2022 06:25:12 GMT",
        "ETag": "W/\u00220x8DA8FD08DDA07CF\u0022",
        "Expires": "-1",
        "Last-Modified": "Tue, 06 Sep 2022 06:25:12 GMT",
        "Pragma": "no-cache",
        "Server": "Microsoft-HTTPAPI/2.0",
        "Strict-Transport-Security": "max-age=31536000; includeSubDomains",
        "X-Content-Type-Options": "nosniff",
        "x-ms-correlation-request-id": "396a0abc-4e97-4419-83fa-96d5edc62182",
        "x-ms-ratelimit-remaining-subscription-writes": "1196",
        "x-ms-request-id": "234dae6d-62e2-4701-888b-1e51ef99d11e",
        "x-ms-routing-request-id": "SOUTHEASTASIA:20220906T062512Z:396a0abc-4e97-4419-83fa-96d5edc62182"
      },
      "ResponseBody": {
        "type": "Microsoft.Batch/batchAccounts/applications",
        "id": "/subscriptions/db1ab6f0-4769-4b27-930e-01e2ef9c123c/resourceGroups/testrg-2936/providers/Microsoft.Batch/batchAccounts/testaccount7151/applications/Application-1889",
        "name": "Application-1889",
        "etag": "W/\u00220x8DA8FD08DDA07CF\u0022",
        "properties": {
          "displayName": "displayName",
          "allowUpdates": true
        }
      }
    },
    {
      "RequestUri": "https://management.azure.com/subscriptions/db1ab6f0-4769-4b27-930e-01e2ef9c123c/resourceGroups/testrg-2936/providers/Microsoft.Batch/batchAccounts/testaccount7151/applications/Application-1906?api-version=2022-06-01",
      "RequestMethod": "PUT",
      "RequestHeaders": {
        "Accept": "application/json",
        "Authorization": "Sanitized",
        "Content-Length": "64",
        "Content-Type": "application/json",
        "traceparent": "00-8e04f73b6fe92e4ba0099a8724a07043-6ed0d099e37b6a40-00",
        "User-Agent": "azsdk-net-ResourceManager.Batch/1.0.0-alpha.20220905.1 (.NET Framework 4.8.4510.0; Microsoft Windows 10.0.22000 )",
        "x-ms-client-request-id": "415e3499edb96efe19be87a7cf9e13e0",
        "x-ms-return-client-request-id": "true"
      },
      "RequestBody": {
        "properties": {
          "displayName": "displayName",
          "allowUpdates": true
        }
      },
      "StatusCode": 200,
      "ResponseHeaders": {
        "Cache-Control": "no-cache",
        "Content-Length": "347",
        "Content-Type": "application/json; charset=utf-8",
        "Date": "Tue, 06 Sep 2022 06:25:13 GMT",
        "ETag": "W/\u00220x8DA8FD08E745C10\u0022",
        "Expires": "-1",
        "Last-Modified": "Tue, 06 Sep 2022 06:25:13 GMT",
        "Pragma": "no-cache",
        "Server": "Microsoft-HTTPAPI/2.0",
        "Strict-Transport-Security": "max-age=31536000; includeSubDomains",
        "X-Content-Type-Options": "nosniff",
        "x-ms-correlation-request-id": "85f476fd-55de-4947-9fe1-aaac3ae3e172",
        "x-ms-ratelimit-remaining-subscription-writes": "1195",
        "x-ms-request-id": "2315a5e4-104f-4ad3-8307-9788c52fcba9",
        "x-ms-routing-request-id": "SOUTHEASTASIA:20220906T062513Z:85f476fd-55de-4947-9fe1-aaac3ae3e172"
      },
      "ResponseBody": {
        "type": "Microsoft.Batch/batchAccounts/applications",
        "id": "/subscriptions/db1ab6f0-4769-4b27-930e-01e2ef9c123c/resourceGroups/testrg-2936/providers/Microsoft.Batch/batchAccounts/testaccount7151/applications/Application-1906",
        "name": "Application-1906",
        "etag": "W/\u00220x8DA8FD08E745C10\u0022",
        "properties": {
          "displayName": "displayName",
          "allowUpdates": true
        }
      }
    },
    {
      "RequestUri": "https://management.azure.com/subscriptions/db1ab6f0-4769-4b27-930e-01e2ef9c123c/resourceGroups/testrg-2936/providers/Microsoft.Batch/batchAccounts/testaccount7151/applications?api-version=2022-06-01",
      "RequestMethod": "GET",
      "RequestHeaders": {
        "Accept": "application/json",
        "Authorization": "Sanitized",
        "traceparent": "00-53fcd7db3c2271478b0b084e6cca72ec-bf5d6af4f3bfc742-00",
        "User-Agent": "azsdk-net-ResourceManager.Batch/1.0.0-alpha.20220905.1 (.NET Framework 4.8.4510.0; Microsoft Windows 10.0.22000 )",
        "x-ms-client-request-id": "f9d0ddb062fab9c739e0927d70534fe1",
        "x-ms-return-client-request-id": "true"
      },
      "RequestBody": null,
      "StatusCode": 200,
      "ResponseHeaders": {
        "Cache-Control": "no-cache",
        "Content-Length": "1055",
        "Content-Type": "application/json; charset=utf-8",
        "Date": "Tue, 06 Sep 2022 06:25:13 GMT",
        "Expires": "-1",
        "Pragma": "no-cache",
        "Server": "Microsoft-HTTPAPI/2.0",
        "Strict-Transport-Security": "max-age=31536000; includeSubDomains",
        "X-Content-Type-Options": "nosniff",
        "x-ms-correlation-request-id": "57157352-daa1-4c3f-b83f-f8a339463c6f",
        "x-ms-ratelimit-remaining-subscription-reads": "11996",
        "x-ms-request-id": "e0a18b71-70c5-4f8e-9649-dea4184c50e4",
        "x-ms-routing-request-id": "SOUTHEASTASIA:20220906T062513Z:57157352-daa1-4c3f-b83f-f8a339463c6f"
      },
      "ResponseBody": {
        "value": [
          {
            "type": "Microsoft.Batch/batchAccounts/applications",
            "id": "/subscriptions/db1ab6f0-4769-4b27-930e-01e2ef9c123c/resourceGroups/testrg-2936/providers/Microsoft.Batch/batchAccounts/testaccount7151/applications/Application-1889",
            "name": "Application-1889",
            "etag": "W/\u00220x8DA8FD08DDA07CF\u0022",
            "properties": {
              "displayName": "displayName",
              "allowUpdates": true
            }
          },
          {
            "type": "Microsoft.Batch/batchAccounts/applications",
            "id": "/subscriptions/db1ab6f0-4769-4b27-930e-01e2ef9c123c/resourceGroups/testrg-2936/providers/Microsoft.Batch/batchAccounts/testaccount7151/applications/Application-1906",
            "name": "Application-1906",
            "etag": "W/\u00220x8DA8FD08E745C10\u0022",
            "properties": {
              "displayName": "displayName",
              "allowUpdates": true
            }
          },
          {
            "type": "Microsoft.Batch/batchAccounts/applications",
            "id": "/subscriptions/db1ab6f0-4769-4b27-930e-01e2ef9c123c/resourceGroups/testrg-2936/providers/Microsoft.Batch/batchAccounts/testaccount7151/applications/Application-4462",
            "name": "Application-4462",
            "etag": "W/\u00220x8DA8FD08CAFBDE7\u0022",
            "properties": {
              "displayName": "displayName",
              "allowUpdates": true
            }
          }
        ]
      }
    },
    {
      "RequestUri": "https://management.azure.com/subscriptions/db1ab6f0-4769-4b27-930e-01e2ef9c123c/resourceGroups/testrg-2936/providers/Microsoft.Batch/batchAccounts/testaccount7151/applications/Application-4462?api-version=2022-06-01",
      "RequestMethod": "GET",
      "RequestHeaders": {
        "Accept": "application/json",
        "Authorization": "Sanitized",
        "traceparent": "00-ee51658765f224479e241f8876c31b17-81f58e0fe0965045-00",
        "User-Agent": "azsdk-net-ResourceManager.Batch/1.0.0-alpha.20220905.1 (.NET Framework 4.8.4510.0; Microsoft Windows 10.0.22000 )",
        "x-ms-client-request-id": "e39c18ac3e1e8ceeababa88ae8012f47",
        "x-ms-return-client-request-id": "true"
      },
      "RequestBody": null,
      "StatusCode": 200,
      "ResponseHeaders": {
        "Cache-Control": "no-cache",
        "Content-Length": "347",
        "Content-Type": "application/json; charset=utf-8",
        "Date": "Tue, 06 Sep 2022 06:25:14 GMT",
        "ETag": "W/\u00220x8DA8FD08CAFBDE7\u0022",
        "Expires": "-1",
        "Last-Modified": "Tue, 06 Sep 2022 06:25:10 GMT",
        "Pragma": "no-cache",
        "Server": "Microsoft-HTTPAPI/2.0",
        "Strict-Transport-Security": "max-age=31536000; includeSubDomains",
        "X-Content-Type-Options": "nosniff",
        "x-ms-correlation-request-id": "40fbc6b2-125c-4627-9e48-8f66af8e3237",
        "x-ms-ratelimit-remaining-subscription-reads": "11995",
        "x-ms-request-id": "a676e8de-9fca-444b-8268-9ae4f06da69f",
        "x-ms-routing-request-id": "SOUTHEASTASIA:20220906T062514Z:40fbc6b2-125c-4627-9e48-8f66af8e3237"
      },
      "ResponseBody": {
        "type": "Microsoft.Batch/batchAccounts/applications",
        "id": "/subscriptions/db1ab6f0-4769-4b27-930e-01e2ef9c123c/resourceGroups/testrg-2936/providers/Microsoft.Batch/batchAccounts/testaccount7151/applications/Application-4462",
        "name": "Application-4462",
        "etag": "W/\u00220x8DA8FD08CAFBDE7\u0022",
        "properties": {
          "displayName": "displayName",
          "allowUpdates": true
        }
      }
    },
    {
      "RequestUri": "https://management.azure.com/subscriptions/db1ab6f0-4769-4b27-930e-01e2ef9c123c/resourceGroups/testrg-2936/providers/Microsoft.Batch/batchAccounts/testaccount7151/applications/Application-44621?api-version=2022-06-01",
      "RequestMethod": "GET",
      "RequestHeaders": {
        "Accept": "application/json",
        "Authorization": "Sanitized",
        "traceparent": "00-ebf337c6ae30be49b038eec3c462d0a1-344552846dcc554a-00",
        "User-Agent": "azsdk-net-ResourceManager.Batch/1.0.0-alpha.20220905.1 (.NET Framework 4.8.4510.0; Microsoft Windows 10.0.22000 )",
        "x-ms-client-request-id": "fc87e20a417a37176da507d95b81fec5",
        "x-ms-return-client-request-id": "true"
      },
      "RequestBody": null,
      "StatusCode": 404,
      "ResponseHeaders": {
        "Cache-Control": "no-cache",
        "Content-Length": "201",
        "Content-Type": "application/json; charset=utf-8",
        "Date": "Tue, 06 Sep 2022 06:25:14 GMT",
        "Expires": "-1",
        "Pragma": "no-cache",
        "Server": "Microsoft-HTTPAPI/2.0",
        "Strict-Transport-Security": "max-age=31536000; includeSubDomains",
        "X-Content-Type-Options": "nosniff",
        "x-ms-correlation-request-id": "838ffe13-2343-4557-b98d-36b4e924b52b",
        "x-ms-ratelimit-remaining-subscription-reads": "11994",
        "x-ms-request-id": "dad0465d-ca1c-41ce-940b-43762c68e00a",
        "x-ms-routing-request-id": "SOUTHEASTASIA:20220906T062514Z:838ffe13-2343-4557-b98d-36b4e924b52b"
      },
      "ResponseBody": {
        "error": {
          "code": "ApplicationNotFound",
          "message": "The specified application does not exist.\nRequestId:dad0465d-ca1c-41ce-940b-43762c68e00a\nTime:2022-09-06T06:25:14.8469013Z",
          "target": "BatchAccount"
        }
      }
    }
  ],
  "Variables": {
    "AZURE_AUTHORITY_HOST": "https://login.microsoftonline.com/",
    "RandomSeed": "1550239535",
    "RESOURCE_MANAGER_URL": null,
    "SUBSCRIPTION_ID": "db1ab6f0-4769-4b27-930e-01e2ef9c123c"
  }
}
