{
  "Entries": [
    {
      "RequestUri": "https://javatextanalyticstestresources.cognitiveservices.azure.com/text/analytics/v3.2-preview.2/analyze",
      "RequestMethod": "POST",
      "RequestHeaders": {
        "Accept": "application/json, text/json",
        "Content-Length": "656",
        "Content-Type": "application/json",
        "Ocp-Apim-Subscription-Key": "Sanitized",
        "traceparent": "00-5a527dd3db2cce42a9bd2e02a0fade18-621a925676a7494a-00",
        "User-Agent": "azsdk-net-AI.TextAnalytics/5.2.0-alpha.20211025.1 (.NET Framework 4.8.4300.0; Microsoft Windows 10.0.19043 )",
        "x-ms-client-request-id": "51a9ddef8cc9376c5ef234453d6d2e36",
        "x-ms-return-client-request-id": "true"
      },
      "RequestBody": {
        "analysisInput": {
          "documents": [
            {
              "id": "0",
              "text": "A recent report by the Government Accountability Office found a dramatic increase in oil.",
              "language": "en"
            },
            {
              "id": "1",
              "text": "Capital Call #20 for Berkshire Multifamily.",
              "language": "en"
            }
          ]
        },
        "tasks": {
          "customEntityRecognitionTasks": [
            {
              "parameters": {
                "project-name": "88ee0f78-fbca-444d-98e2-7c4c8631e494",
                "deployment-name": "88ee0f78-fbca-444d-98e2-7c4c8631e494",
                "loggingOptOut": true
              },
              "taskName": "RecognizeCustomEntitiesWithDisabledServiceLogs"
            },
            {
              "parameters": {
                "project-name": "88ee0f78-fbca-444d-98e2-7c4c8631e494",
                "deployment-name": "88ee0f78-fbca-444d-98e2-7c4c8631e494"
              },
              "taskName": "RecognizeCustomEntities"
            }
          ]
        }
      },
      "StatusCode": 202,
      "ResponseHeaders": {
        "apim-request-id": "346af67b-89a3-4d11-b350-fe5c8e23799f",
        "Date": "Mon, 25 Oct 2021 23:44:32 GMT",
        "operation-location": "https://javatextanalyticstestresources.cognitiveservices.azure.com/text/analytics/v3.2-preview.2/analyze/jobs/35295539-806f-4152-8663-058b6c5c308d",
        "Strict-Transport-Security": "max-age=31536000; includeSubDomains; preload",
        "Transfer-Encoding": "chunked",
        "x-content-type-options": "nosniff",
        "x-envoy-upstream-service-time": "283"
      },
      "ResponseBody": []
    },
    {
      "RequestUri": "https://javatextanalyticstestresources.cognitiveservices.azure.com/text/analytics/v3.2-preview.2/analyze/jobs/35295539-806f-4152-8663-058b6c5c308d",
      "RequestMethod": "GET",
      "RequestHeaders": {
        "Accept": "application/json, text/json",
        "Ocp-Apim-Subscription-Key": "Sanitized",
        "User-Agent": "azsdk-net-AI.TextAnalytics/5.2.0-alpha.20211025.1 (.NET Framework 4.8.4300.0; Microsoft Windows 10.0.19043 )",
        "x-ms-client-request-id": "28b605fdaa41e7f7c65dc469206cdb0b",
        "x-ms-return-client-request-id": "true"
      },
      "RequestBody": null,
      "StatusCode": 200,
      "ResponseHeaders": {
        "apim-request-id": "42bd1df5-bd1a-4599-956f-1d737562399f",
        "Content-Type": "application/json; charset=utf-8",
        "Date": "Mon, 25 Oct 2021 23:44:32 GMT",
        "Strict-Transport-Security": "max-age=31536000; includeSubDomains; preload",
        "Transfer-Encoding": "chunked",
        "x-content-type-options": "nosniff",
        "x-envoy-upstream-service-time": "7"
      },
      "ResponseBody": {
        "jobId": "35295539-806f-4152-8663-058b6c5c308d",
        "lastUpdateDateTime": "2021-10-25T23:44:32Z",
        "createdDateTime": "2021-10-25T23:44:32Z",
        "expirationDateTime": "2021-10-26T23:44:32Z",
        "status": "notStarted",
        "errors": [],
        "tasks": {
          "completed": 0,
          "failed": 0,
          "inProgress": 2,
          "total": 2
        }
      }
    },
    {
      "RequestUri": "https://javatextanalyticstestresources.cognitiveservices.azure.com/text/analytics/v3.2-preview.2/analyze/jobs/35295539-806f-4152-8663-058b6c5c308d",
      "RequestMethod": "GET",
      "RequestHeaders": {
        "Accept": "application/json, text/json",
        "Ocp-Apim-Subscription-Key": "Sanitized",
        "User-Agent": "azsdk-net-AI.TextAnalytics/5.2.0-alpha.20211025.1 (.NET Framework 4.8.4300.0; Microsoft Windows 10.0.19043 )",
        "x-ms-client-request-id": "f540c9e3448fabf732e712f376f901fe",
        "x-ms-return-client-request-id": "true"
      },
      "RequestBody": null,
      "StatusCode": 200,
      "ResponseHeaders": {
        "apim-request-id": "4bde3efc-cde9-4b66-aef8-34a7c3015848",
        "Content-Type": "application/json; charset=utf-8",
        "Date": "Mon, 25 Oct 2021 23:44:34 GMT",
        "Strict-Transport-Security": "max-age=31536000; includeSubDomains; preload",
        "Transfer-Encoding": "chunked",
        "x-content-type-options": "nosniff",
        "x-envoy-upstream-service-time": "126"
      },
      "ResponseBody": {
        "jobId": "35295539-806f-4152-8663-058b6c5c308d",
        "lastUpdateDateTime": "2021-10-25T23:44:33Z",
        "createdDateTime": "2021-10-25T23:44:32Z",
        "expirationDateTime": "2021-10-26T23:44:32Z",
        "status": "succeeded",
        "errors": [],
        "tasks": {
          "completed": 2,
          "failed": 0,
          "inProgress": 0,
          "total": 2,
          "customEntityRecognitionTasks": [
            {
              "lastUpdateDateTime": "2021-10-25T23:44:33.3722219Z",
              "taskName": "RecognizeCustomEntitiesWithDisabledServiceLogs",
              "state": "succeeded",
              "results": {
                "documents": [
                  {
                    "id": "0",
                    "entities": [
                      {
                        "text": "recent",
                        "category": "object_select",
                        "offset": 2,
                        "length": 6,
                        "confidenceScore": 0.08
                      },
                      {
                        "text": "Government",
                        "category": "restaurant_name",
                        "offset": 23,
                        "length": 10,
                        "confidenceScore": 0.05
                      },
                      {
                        "text": "Office",
                        "category": "restaurant_name",
                        "offset": 49,
                        "length": 6,
                        "confidenceScore": 0.11
                      },
                      {
                        "text": "Accountability",
                        "category": "geographic_poi",
                        "offset": 34,
                        "length": 14,
                        "confidenceScore": 0.07
                      },
                      {
                        "text": "dramatic",
                        "category": "sort",
                        "offset": 64,
                        "length": 8,
                        "confidenceScore": 0.03
                      },
                      {
                        "text": "oil",
                        "category": "music_item",
                        "offset": 85,
                        "length": 3,
                        "confidenceScore": 0.06
                      }
                    ],
                    "warnings": []
                  },
                  {
                    "id": "1",
                    "entities": [
                      {
                        "text": "Berkshire Multifamily",
                        "category": "location_name",
                        "offset": 21,
                        "length": 21,
                        "confidenceScore": 0.46
                      }
                    ],
                    "warnings": []
                  }
                ],
                "errors": [],
                "projectName": "88ee0f78-fbca-444d-98e2-7c4c8631e494",
                "deploymentName": "88ee0f78-fbca-444d-98e2-7c4c8631e494"
              }
            },
            {
              "lastUpdateDateTime": "2021-10-25T23:44:33.4363479Z",
              "taskName": "RecognizeCustomEntities",
              "state": "succeeded",
              "results": {
                "documents": [
                  {
                    "id": "0",
                    "entities": [
                      {
                        "text": "recent",
                        "category": "object_select",
                        "offset": 2,
                        "length": 6,
                        "confidenceScore": 0.08
                      },
                      {
                        "text": "Government",
                        "category": "restaurant_name",
                        "offset": 23,
                        "length": 10,
                        "confidenceScore": 0.05
                      },
                      {
                        "text": "Office",
                        "category": "restaurant_name",
                        "offset": 49,
                        "length": 6,
                        "confidenceScore": 0.11
                      },
                      {
                        "text": "Accountability",
                        "category": "geographic_poi",
                        "offset": 34,
                        "length": 14,
                        "confidenceScore": 0.07
                      },
                      {
                        "text": "dramatic",
                        "category": "sort",
                        "offset": 64,
                        "length": 8,
                        "confidenceScore": 0.03
                      },
                      {
                        "text": "oil",
                        "category": "music_item",
                        "offset": 85,
                        "length": 3,
                        "confidenceScore": 0.06
                      }
                    ],
                    "warnings": []
                  },
                  {
                    "id": "1",
                    "entities": [
                      {
                        "text": "Berkshire Multifamily",
                        "category": "location_name",
                        "offset": 21,
                        "length": 21,
                        "confidenceScore": 0.46
                      }
                    ],
                    "warnings": []
                  }
                ],
                "errors": [],
                "projectName": "88ee0f78-fbca-444d-98e2-7c4c8631e494",
                "deploymentName": "88ee0f78-fbca-444d-98e2-7c4c8631e494"
              }
            }
          ]
        }
      }
    }
  ],
  "Variables": {
    "RandomSeed": "950362413",
    "TEXTANALYTICS_CUSTOM_ENTITIES_DEPLOYMENT_NAME": "88ee0f78-fbca-444d-98e2-7c4c8631e494",
    "TEXTANALYTICS_CUSTOM_ENTITIES_PROJECT_NAME": "88ee0f78-fbca-444d-98e2-7c4c8631e494",
    "TEXT_ANALYTICS_API_KEY": "Sanitized",
    "TEXT_ANALYTICS_ENDPOINT": "https://javatextanalyticstestresources.cognitiveservices.azure.com"
  }
}