{
  "Entries": [
    {
      "RequestUri": "https://javatextanalyticstestresources.cognitiveservices.azure.com/language/analyze-text/jobs?api-version=2022-10-01-preview",
      "RequestMethod": "POST",
      "RequestHeaders": {
        "Accept": "application/json",
        "Content-Length": "578",
        "Content-Type": "application/json",
        "Ocp-Apim-Subscription-Key": "Sanitized",
        "traceparent": "00-3494f3fdf62c201dfce33b1a6a6904e5-83507db36dd7ed4f-00",
        "User-Agent": "azsdk-net-AI.TextAnalytics/5.3.0-alpha.20221103.1 (.NET 6.0.10; Microsoft Windows 10.0.22621)",
        "x-ms-client-request-id": "ce68b4d5f7a26b5b1eabc9c5618bee2a",
        "x-ms-return-client-request-id": "true"
      },
      "RequestBody": {
        "displayName": "StartRecognizeCustomEntitiesWithName",
        "analysisInput": {
          "documents": [
            {
              "id": "1",
              "text": "A recent report by the Government Accountability Office found a dramatic increase in oil.",
              "language": "en"
            },
            {
              "id": "2",
              "text": "Un informe reciente de la Oficina de Responsabilidad del Gobierno encontr\u00F3 un aumento dram\u00E1tico en el petr\u00F3leo.",
              "language": "es"
            }
          ]
        },
        "tasks": [
          {
            "parameters": {
              "stringIndexType": "Utf16CodeUnit",
              "projectName": "88ee0f78-fbca-444d-98e2-7c4c8631e494",
              "deploymentName": "88ee0f78-fbca-444d-98e2-7c4c8631e494"
            },
            "kind": "CustomEntityRecognition"
          }
        ]
      },
      "StatusCode": 202,
      "ResponseHeaders": {
        "apim-request-id": "17ed4ce8-e2fc-4770-96c1-32d324ecfc2f",
        "Content-Length": "0",
        "Date": "Fri, 04 Nov 2022 06:17:43 GMT",
        "operation-location": "https://javatextanalyticstestresources.cognitiveservices.azure.com/language/analyze-text/jobs/e8219d2d-9356-4580-a7d7-3ebe2e0043fb?api-version=2022-10-01-preview",
        "Strict-Transport-Security": "max-age=31536000; includeSubDomains; preload",
        "X-Content-Type-Options": "nosniff",
        "x-envoy-upstream-service-time": "179",
        "x-ms-region": "West US 2"
      },
      "ResponseBody": null
    },
    {
      "RequestUri": "https://javatextanalyticstestresources.cognitiveservices.azure.com/language/analyze-text/jobs/e8219d2d-9356-4580-a7d7-3ebe2e0043fb?api-version=2022-10-01-preview",
      "RequestMethod": "GET",
      "RequestHeaders": {
        "Accept": "application/json",
        "Ocp-Apim-Subscription-Key": "Sanitized",
        "User-Agent": "azsdk-net-AI.TextAnalytics/5.3.0-alpha.20221103.1 (.NET 6.0.10; Microsoft Windows 10.0.22621)",
        "x-ms-client-request-id": "30f23aa8a79224cafb35981a6c53c522",
        "x-ms-return-client-request-id": "true"
      },
      "RequestBody": null,
      "StatusCode": 200,
      "ResponseHeaders": {
        "apim-request-id": "f1cd2936-9119-4642-8624-12c393771441",
        "Content-Length": "335",
        "Content-Type": "application/json; charset=utf-8",
        "Date": "Fri, 04 Nov 2022 06:17:43 GMT",
        "Strict-Transport-Security": "max-age=31536000; includeSubDomains; preload",
        "X-Content-Type-Options": "nosniff",
        "x-envoy-upstream-service-time": "8",
        "x-ms-region": "West US 2"
      },
      "ResponseBody": {
        "jobId": "e8219d2d-9356-4580-a7d7-3ebe2e0043fb",
        "lastUpdateDateTime": "2022-11-04T06:17:43Z",
        "createdDateTime": "2022-11-04T06:17:43Z",
        "expirationDateTime": "2022-11-05T06:17:43Z",
        "status": "notStarted",
        "errors": [],
        "displayName": "StartRecognizeCustomEntitiesWithName",
        "tasks": {
          "completed": 0,
          "failed": 0,
          "inProgress": 1,
          "total": 1,
          "items": []
        }
      }
    },
    {
      "RequestUri": "https://javatextanalyticstestresources.cognitiveservices.azure.com/language/analyze-text/jobs/e8219d2d-9356-4580-a7d7-3ebe2e0043fb?api-version=2022-10-01-preview",
      "RequestMethod": "GET",
      "RequestHeaders": {
        "Accept": "application/json",
        "Ocp-Apim-Subscription-Key": "Sanitized",
        "User-Agent": "azsdk-net-AI.TextAnalytics/5.3.0-alpha.20221103.1 (.NET 6.0.10; Microsoft Windows 10.0.22621)",
        "x-ms-client-request-id": "3fb963f1ae0be0478e387558b9af6f21",
        "x-ms-return-client-request-id": "true"
      },
      "RequestBody": null,
      "StatusCode": 200,
      "ResponseHeaders": {
        "apim-request-id": "85058f32-51bb-4485-941e-5449100723c4",
        "Content-Length": "1771",
        "Content-Type": "application/json; charset=utf-8",
        "Date": "Fri, 04 Nov 2022 06:17:53 GMT",
        "Strict-Transport-Security": "max-age=31536000; includeSubDomains; preload",
        "X-Content-Type-Options": "nosniff",
        "x-envoy-upstream-service-time": "57",
        "x-ms-region": "West US 2"
      },
      "ResponseBody": {
        "jobId": "e8219d2d-9356-4580-a7d7-3ebe2e0043fb",
        "lastUpdateDateTime": "2022-11-04T06:17:44Z",
        "createdDateTime": "2022-11-04T06:17:43Z",
        "expirationDateTime": "2022-11-05T06:17:43Z",
        "status": "succeeded",
        "errors": [],
        "displayName": "StartRecognizeCustomEntitiesWithName",
        "tasks": {
          "completed": 1,
          "failed": 0,
          "inProgress": 0,
          "total": 1,
          "items": [
            {
              "kind": "CustomEntityRecognitionLROResults",
              "lastUpdateDateTime": "2022-11-04T06:17:44.1131271Z",
              "status": "succeeded",
              "results": {
                "documents": [
                  {
                    "id": "1",
                    "entities": [
                      {
                        "text": "recent",
                        "category": "object_select",
                        "offset": 2,
                        "length": 6,
                        "confidenceScore": 0.08
                      },
                      {
                        "text": "Government",
                        "category": "restaurant_name",
                        "offset": 23,
                        "length": 10,
                        "confidenceScore": 0.05
                      },
                      {
                        "text": "Accountability",
                        "category": "geographic_poi",
                        "offset": 34,
                        "length": 14,
                        "confidenceScore": 0.07
                      },
                      {
                        "text": "Office",
                        "category": "restaurant_name",
                        "offset": 49,
                        "length": 6,
                        "confidenceScore": 0.11
                      },
                      {
                        "text": "dramatic",
                        "category": "sort",
                        "offset": 64,
                        "length": 8,
                        "confidenceScore": 0.03
                      },
                      {
                        "text": "oil",
                        "category": "music_item",
                        "offset": 85,
                        "length": 3,
                        "confidenceScore": 0.06
                      }
                    ],
                    "warnings": []
                  },
                  {
                    "id": "2",
                    "entities": [
                      {
                        "text": "reciente",
                        "category": "object_select",
                        "offset": 11,
                        "length": 8,
                        "confidenceScore": 0.05
                      },
                      {
                        "text": "Responsabilidad",
                        "category": "state",
                        "offset": 37,
                        "length": 15,
                        "confidenceScore": 0.03
                      },
                      {
                        "text": "del",
                        "category": "restaurant_name",
                        "offset": 53,
                        "length": 3,
                        "confidenceScore": 0.06
                      },
                      {
                        "text": "Gobierno",
                        "category": "location_name",
                        "offset": 57,
                        "length": 8,
                        "confidenceScore": 0.03
                      },
                      {
                        "text": "dram\u00E1tico",
                        "category": "sort",
                        "offset": 86,
                        "length": 9,
                        "confidenceScore": 0.03
                      },
                      {
                        "text": "petr\u00F3leo",
                        "category": "timeRange",
                        "offset": 102,
                        "length": 8,
                        "confidenceScore": 0.02
                      }
                    ],
                    "warnings": []
                  }
                ],
                "errors": [],
                "projectName": "88ee0f78-fbca-444d-98e2-7c4c8631e494",
                "deploymentName": "88ee0f78-fbca-444d-98e2-7c4c8631e494"
              }
            }
          ]
        }
      }
    }
  ],
  "Variables": {
    "RandomSeed": "640927298",
    "TEXTANALYTICS_CUSTOM_ENTITIES_DEPLOYMENT_NAME": "88ee0f78-fbca-444d-98e2-7c4c8631e494",
    "TEXTANALYTICS_CUSTOM_ENTITIES_PROJECT_NAME": "88ee0f78-fbca-444d-98e2-7c4c8631e494",
    "TEXT_ANALYTICS_STATIC_API_KEY": "Sanitized",
    "TEXT_ANALYTICS_STATIC_ENDPOINT": "https://javatextanalyticstestresources.cognitiveservices.azure.com"
  }
}
