{
  "Entries": [
    {
      "RequestUri": "/subscriptions/2e7fe4bd-90c7-454e-8bb6-dc44649f27b2/resourcegroups/sqlcrudtest-7398?api-version=2015-11-01",
      "EncodedRequestUri": "L3N1YnNjcmlwdGlvbnMvMmU3ZmU0YmQtOTBjNy00NTRlLThiYjYtZGM0NDY0OWYyN2IyL3Jlc291cmNlZ3JvdXBzL3NxbGNydWR0ZXN0LTczOTg/YXBpLXZlcnNpb249MjAxNS0xMS0wMQ==",
      "RequestMethod": "PUT",
      "RequestBody": "{\r\n  \"location\": \"Japan East\",\r\n  \"tags\": {\r\n    \"sqlcrudtest-7398\": \"2017-02-10 00:48:40Z\"\r\n  }\r\n}",
      "RequestHeaders": {
        "Content-Type": [
          "application/json; charset=utf-8"
        ],
        "Content-Length": [
          "99"
        ],
        "x-ms-client-request-id": [
          "560dca49-63b8-4a64-b835-633ede2a77a5"
        ],
        "accept-language": [
          "en-US"
        ],
        "User-Agent": [
          "FxVersion/4.6.24410.01",
          "Microsoft.Azure.Management.Resources.ResourceManagementClient/1.0.0-preview"
        ]
      },
      "ResponseBody": "{\r\n  \"id\": \"/subscriptions/2e7fe4bd-90c7-454e-8bb6-dc44649f27b2/resourceGroups/sqlcrudtest-7398\",\r\n  \"name\": \"sqlcrudtest-7398\",\r\n  \"location\": \"japaneast\",\r\n  \"tags\": {\r\n    \"sqlcrudtest-7398\": \"2017-02-10 00:48:40Z\"\r\n  },\r\n  \"properties\": {\r\n    \"provisioningState\": \"Succeeded\"\r\n  }\r\n}",
      "ResponseHeaders": {
        "Content-Length": [
          "239"
        ],
        "Content-Type": [
          "application/json; charset=utf-8"
        ],
        "Expires": [
          "-1"
        ],
        "Cache-Control": [
          "no-cache"
        ],
        "Date": [
          "Fri, 10 Feb 2017 00:48:41 GMT"
        ],
        "Pragma": [
          "no-cache"
        ],
        "x-ms-ratelimit-remaining-subscription-writes": [
          "1199"
        ],
        "x-ms-request-id": [
          "45e46ed9-8fdb-4c24-aec5-e722593b762e"
        ],
        "x-ms-correlation-request-id": [
          "45e46ed9-8fdb-4c24-aec5-e722593b762e"
        ],
        "x-ms-routing-request-id": [
          "WESTUS2:20170210T004842Z:45e46ed9-8fdb-4c24-aec5-e722593b762e"
        ],
        "Strict-Transport-Security": [
          "max-age=31536000; includeSubDomains"
        ]
      },
      "StatusCode": 201
    },
    {
      "RequestUri": "/subscriptions/2e7fe4bd-90c7-454e-8bb6-dc44649f27b2/resourceGroups/sqlcrudtest-7398/providers/Microsoft.Sql/servers/sqlcrudtest-6661?api-version=2014-04-01",
      "EncodedRequestUri": "L3N1YnNjcmlwdGlvbnMvMmU3ZmU0YmQtOTBjNy00NTRlLThiYjYtZGM0NDY0OWYyN2IyL3Jlc291cmNlR3JvdXBzL3NxbGNydWR0ZXN0LTczOTgvcHJvdmlkZXJzL01pY3Jvc29mdC5TcWwvc2VydmVycy9zcWxjcnVkdGVzdC02NjYxP2FwaS12ZXJzaW9uPTIwMTQtMDQtMDE=",
      "RequestMethod": "PUT",
      "RequestBody": "{\r\n  \"properties\": {\r\n    \"version\": \"12.0\",\r\n    \"administratorLogin\": \"dummylogin\",\r\n    \"administratorLoginPassword\": \"Un53cuRE!\"\r\n  },\r\n  \"location\": \"Japan East\",\r\n  \"tags\": {\r\n    \"tagKey1\": \"TagValue1\"\r\n  }\r\n}",
      "RequestHeaders": {
        "Content-Type": [
          "application/json; charset=utf-8"
        ],
        "Content-Length": [
          "216"
        ],
        "x-ms-client-request-id": [
          "650866e8-f2ed-44e6-a035-b13c54cf8ece"
        ],
        "accept-language": [
          "en-US"
        ],
        "User-Agent": [
          "FxVersion/4.6.24410.01",
          "Microsoft.Azure.Management.Sql.SqlManagementClient/1.0.0"
        ]
      },
      "ResponseBody": "{\r\n  \"tags\": {\r\n    \"tagKey1\": \"TagValue1\"\r\n  },\r\n  \"id\": \"/subscriptions/2e7fe4bd-90c7-454e-8bb6-dc44649f27b2/resourceGroups/sqlcrudtest-7398/providers/Microsoft.Sql/servers/sqlcrudtest-6661\",\r\n  \"name\": \"sqlcrudtest-6661\",\r\n  \"type\": \"Microsoft.Sql/servers\",\r\n  \"location\": \"Japan East\",\r\n  \"kind\": \"v12.0\",\r\n  \"properties\": {\r\n    \"fullyQualifiedDomainName\": \"sqlcrudtest-6661.database.windows.net\",\r\n    \"administratorLogin\": \"dummylogin\",\r\n    \"administratorLoginPassword\": \"Un53cuRE!\",\r\n    \"externalAdministratorLogin\": null,\r\n    \"externalAdministratorSid\": null,\r\n    \"version\": \"12.0\",\r\n    \"state\": \"Ready\"\r\n  }\r\n}",
      "ResponseHeaders": {
        "Content-Length": [
          "524"
        ],
        "Content-Type": [
          "application/json; odata=minimalmetadata; streaming=true; charset=utf-8"
        ],
        "Cache-Control": [
          "no-store, no-cache"
        ],
        "Date": [
          "Fri, 10 Feb 2017 00:49:16 GMT"
        ],
        "Server": [
          "Microsoft-HTTPAPI/2.0"
        ],
        "x-ms-request-id": [
          "773f1a2d-b448-4632-bdbb-5321cd5c9fb3"
        ],
        "X-Content-Type-Options": [
          "nosniff"
        ],
        "Preference-Applied": [
          "return-content"
        ],
        "DataServiceVersion": [
          "3.0;"
        ],
        "Strict-Transport-Security": [
          "max-age=31536000; includeSubDomains"
        ],
        "x-ms-ratelimit-remaining-subscription-writes": [
          "1198"
        ],
        "x-ms-correlation-request-id": [
          "a0f3b60f-1587-4a0e-b53f-b6c735c4fb8a"
        ],
        "x-ms-routing-request-id": [
          "WESTUS2:20170210T004917Z:a0f3b60f-1587-4a0e-b53f-b6c735c4fb8a"
        ]
      },
      "StatusCode": 201
    },
    {
      "RequestUri": "/subscriptions/2e7fe4bd-90c7-454e-8bb6-dc44649f27b2/resourceGroups/sqlcrudtest-7398/providers/Microsoft.Sql/servers/sqlcrudtest-4645?api-version=2014-04-01",
      "EncodedRequestUri": "L3N1YnNjcmlwdGlvbnMvMmU3ZmU0YmQtOTBjNy00NTRlLThiYjYtZGM0NDY0OWYyN2IyL3Jlc291cmNlR3JvdXBzL3NxbGNydWR0ZXN0LTczOTgvcHJvdmlkZXJzL01pY3Jvc29mdC5TcWwvc2VydmVycy9zcWxjcnVkdGVzdC00NjQ1P2FwaS12ZXJzaW9uPTIwMTQtMDQtMDE=",
      "RequestMethod": "PUT",
      "RequestBody": "{\r\n  \"properties\": {\r\n    \"version\": \"2.0\",\r\n    \"administratorLogin\": \"dummylogin\",\r\n    \"administratorLoginPassword\": \"Un53cuRE!\"\r\n  },\r\n  \"location\": \"Japan East\",\r\n  \"tags\": {\r\n    \"tagKey1\": \"TagValue1\"\r\n  }\r\n}",
      "RequestHeaders": {
        "Content-Type": [
          "application/json; charset=utf-8"
        ],
        "Content-Length": [
          "215"
        ],
        "x-ms-client-request-id": [
          "cfe63c77-a766-4fa0-b96d-387b9f6f7527"
        ],
        "accept-language": [
          "en-US"
        ],
        "User-Agent": [
          "FxVersion/4.6.24410.01",
          "Microsoft.Azure.Management.Sql.SqlManagementClient/1.0.0"
        ]
      },
      "ResponseBody": "{\r\n  \"tags\": {\r\n    \"tagKey1\": \"TagValue1\"\r\n  },\r\n  \"id\": \"/subscriptions/2e7fe4bd-90c7-454e-8bb6-dc44649f27b2/resourceGroups/sqlcrudtest-7398/providers/Microsoft.Sql/servers/sqlcrudtest-4645\",\r\n  \"name\": \"sqlcrudtest-4645\",\r\n  \"type\": \"Microsoft.Sql/servers\",\r\n  \"location\": \"Japan East\",\r\n  \"kind\": \"v12.0\",\r\n  \"properties\": {\r\n    \"fullyQualifiedDomainName\": \"sqlcrudtest-4645.database.windows.net\",\r\n    \"administratorLogin\": \"dummylogin\",\r\n    \"administratorLoginPassword\": \"Un53cuRE!\",\r\n    \"externalAdministratorLogin\": null,\r\n    \"externalAdministratorSid\": null,\r\n    \"version\": \"12.0\",\r\n    \"state\": \"Ready\"\r\n  }\r\n}",
      "ResponseHeaders": {
        "Content-Length": [
          "524"
        ],
        "Content-Type": [
          "application/json; odata=minimalmetadata; streaming=true; charset=utf-8"
        ],
        "Cache-Control": [
          "no-store, no-cache"
        ],
        "Date": [
          "Fri, 10 Feb 2017 00:49:49 GMT"
        ],
        "Server": [
          "Microsoft-HTTPAPI/2.0"
        ],
        "x-ms-request-id": [
          "b957b7dc-c6da-4d71-8a4e-9bf53305c955"
        ],
        "X-Content-Type-Options": [
          "nosniff"
        ],
        "Preference-Applied": [
          "return-content"
        ],
        "DataServiceVersion": [
          "3.0;"
        ],
        "Strict-Transport-Security": [
          "max-age=31536000; includeSubDomains"
        ],
        "x-ms-ratelimit-remaining-subscription-writes": [
          "1197"
        ],
        "x-ms-correlation-request-id": [
          "e048af8e-f560-4b3c-8460-57a7c45fedb8"
        ],
        "x-ms-routing-request-id": [
          "WESTUS2:20170210T004950Z:e048af8e-f560-4b3c-8460-57a7c45fedb8"
        ]
      },
      "StatusCode": 201
    },
    {
      "RequestUri": "/subscriptions/2e7fe4bd-90c7-454e-8bb6-dc44649f27b2/resourceGroups/sqlcrudtest-7398/providers/Microsoft.Sql/servers/sqlcrudtest-6661?api-version=2014-04-01",
      "EncodedRequestUri": "L3N1YnNjcmlwdGlvbnMvMmU3ZmU0YmQtOTBjNy00NTRlLThiYjYtZGM0NDY0OWYyN2IyL3Jlc291cmNlR3JvdXBzL3NxbGNydWR0ZXN0LTczOTgvcHJvdmlkZXJzL01pY3Jvc29mdC5TcWwvc2VydmVycy9zcWxjcnVkdGVzdC02NjYxP2FwaS12ZXJzaW9uPTIwMTQtMDQtMDE=",
      "RequestMethod": "GET",
      "RequestBody": "",
      "RequestHeaders": {
        "x-ms-client-request-id": [
          "4ad4df71-9f2a-4111-8aa5-85ee86595c3c"
        ],
        "accept-language": [
          "en-US"
        ],
        "User-Agent": [
          "FxVersion/4.6.24410.01",
          "Microsoft.Azure.Management.Sql.SqlManagementClient/1.0.0"
        ]
      },
      "ResponseBody": "{\r\n  \"tags\": {\r\n    \"tagKey1\": \"TagValue1\"\r\n  },\r\n  \"id\": \"/subscriptions/2e7fe4bd-90c7-454e-8bb6-dc44649f27b2/resourceGroups/sqlcrudtest-7398/providers/Microsoft.Sql/servers/sqlcrudtest-6661\",\r\n  \"name\": \"sqlcrudtest-6661\",\r\n  \"type\": \"Microsoft.Sql/servers\",\r\n  \"location\": \"Japan East\",\r\n  \"kind\": \"v12.0\",\r\n  \"properties\": {\r\n    \"fullyQualifiedDomainName\": \"sqlcrudtest-6661.database.windows.net\",\r\n    \"administratorLogin\": \"dummylogin\",\r\n    \"administratorLoginPassword\": null,\r\n    \"externalAdministratorLogin\": null,\r\n    \"externalAdministratorSid\": null,\r\n    \"version\": \"12.0\",\r\n    \"state\": \"Ready\"\r\n  }\r\n}",
      "ResponseHeaders": {
        "Content-Type": [
          "application/json; odata=minimalmetadata; streaming=true; charset=utf-8"
        ],
        "Cache-Control": [
          "no-store, no-cache"
        ],
        "Date": [
          "Fri, 10 Feb 2017 00:49:49 GMT"
        ],
        "Transfer-Encoding": [
          "chunked"
        ],
        "Server": [
          "Microsoft-HTTPAPI/2.0"
        ],
        "Vary": [
          "Accept-Encoding"
        ],
        "x-ms-request-id": [
          "a6a9f6e0-4e77-4cb2-abde-52111585b743"
        ],
        "X-Content-Type-Options": [
          "nosniff"
        ],
        "DataServiceVersion": [
          "3.0;"
        ],
        "Strict-Transport-Security": [
          "max-age=31536000; includeSubDomains"
        ],
        "x-ms-ratelimit-remaining-subscription-reads": [
          "14977"
        ],
        "x-ms-correlation-request-id": [
          "06b15148-e9ce-49d4-8f7c-6823fb0786c9"
        ],
        "x-ms-routing-request-id": [
          "WESTUS2:20170210T004950Z:06b15148-e9ce-49d4-8f7c-6823fb0786c9"
        ]
      },
      "StatusCode": 200
    },
    {
      "RequestUri": "/subscriptions/2e7fe4bd-90c7-454e-8bb6-dc44649f27b2/resourceGroups/sqlcrudtest-7398/providers/Microsoft.Sql/servers/sqlcrudtest-4645?api-version=2014-04-01",
      "EncodedRequestUri": "L3N1YnNjcmlwdGlvbnMvMmU3ZmU0YmQtOTBjNy00NTRlLThiYjYtZGM0NDY0OWYyN2IyL3Jlc291cmNlR3JvdXBzL3NxbGNydWR0ZXN0LTczOTgvcHJvdmlkZXJzL01pY3Jvc29mdC5TcWwvc2VydmVycy9zcWxjcnVkdGVzdC00NjQ1P2FwaS12ZXJzaW9uPTIwMTQtMDQtMDE=",
      "RequestMethod": "GET",
      "RequestBody": "",
      "RequestHeaders": {
        "x-ms-client-request-id": [
          "45ba1ad1-883d-49ac-bf5c-5461ef8f628c"
        ],
        "accept-language": [
          "en-US"
        ],
        "User-Agent": [
          "FxVersion/4.6.24410.01",
          "Microsoft.Azure.Management.Sql.SqlManagementClient/1.0.0"
        ]
      },
      "ResponseBody": "{\r\n  \"tags\": {\r\n    \"tagKey1\": \"TagValue1\"\r\n  },\r\n  \"id\": \"/subscriptions/2e7fe4bd-90c7-454e-8bb6-dc44649f27b2/resourceGroups/sqlcrudtest-7398/providers/Microsoft.Sql/servers/sqlcrudtest-4645\",\r\n  \"name\": \"sqlcrudtest-4645\",\r\n  \"type\": \"Microsoft.Sql/servers\",\r\n  \"location\": \"Japan East\",\r\n  \"kind\": \"v12.0\",\r\n  \"properties\": {\r\n    \"fullyQualifiedDomainName\": \"sqlcrudtest-4645.database.windows.net\",\r\n    \"administratorLogin\": \"dummylogin\",\r\n    \"administratorLoginPassword\": null,\r\n    \"externalAdministratorLogin\": null,\r\n    \"externalAdministratorSid\": null,\r\n    \"version\": \"12.0\",\r\n    \"state\": \"Ready\"\r\n  }\r\n}",
      "ResponseHeaders": {
        "Content-Type": [
          "application/json; odata=minimalmetadata; streaming=true; charset=utf-8"
        ],
        "Cache-Control": [
          "no-store, no-cache"
        ],
        "Date": [
          "Fri, 10 Feb 2017 00:49:49 GMT"
        ],
        "Transfer-Encoding": [
          "chunked"
        ],
        "Server": [
          "Microsoft-HTTPAPI/2.0"
        ],
        "Vary": [
          "Accept-Encoding"
        ],
        "x-ms-request-id": [
          "5705cdc6-0b19-4e32-9a39-4d8bd6f2b3c2"
        ],
        "X-Content-Type-Options": [
          "nosniff"
        ],
        "DataServiceVersion": [
          "3.0;"
        ],
        "Strict-Transport-Security": [
          "max-age=31536000; includeSubDomains"
        ],
        "x-ms-ratelimit-remaining-subscription-reads": [
          "14976"
        ],
        "x-ms-correlation-request-id": [
          "e6b9a097-83b1-4c6f-8a73-c5d60f621bfa"
        ],
        "x-ms-routing-request-id": [
          "WESTUS2:20170210T004950Z:e6b9a097-83b1-4c6f-8a73-c5d60f621bfa"
        ]
      },
      "StatusCode": 200
    },
    {
      "RequestUri": "/subscriptions/2e7fe4bd-90c7-454e-8bb6-dc44649f27b2/resourceGroups/sqlcrudtest-7398/providers/Microsoft.Sql/servers?api-version=2014-04-01",
      "EncodedRequestUri": "L3N1YnNjcmlwdGlvbnMvMmU3ZmU0YmQtOTBjNy00NTRlLThiYjYtZGM0NDY0OWYyN2IyL3Jlc291cmNlR3JvdXBzL3NxbGNydWR0ZXN0LTczOTgvcHJvdmlkZXJzL01pY3Jvc29mdC5TcWwvc2VydmVycz9hcGktdmVyc2lvbj0yMDE0LTA0LTAx",
      "RequestMethod": "GET",
      "RequestBody": "",
      "RequestHeaders": {
        "x-ms-client-request-id": [
          "2c325d7a-2123-4bcd-aa8a-3753e08481bc"
        ],
        "accept-language": [
          "en-US"
        ],
        "User-Agent": [
          "FxVersion/4.6.24410.01",
          "Microsoft.Azure.Management.Sql.SqlManagementClient/1.0.0"
        ]
      },
      "ResponseBody": "{\r\n  \"value\": [\r\n    {\r\n      \"id\": \"/subscriptions/2e7fe4bd-90c7-454e-8bb6-dc44649f27b2/resourceGroups/sqlcrudtest-7398/providers/Microsoft.Sql/servers/sqlcrudtest-4645\",\r\n      \"name\": \"sqlcrudtest-4645\",\r\n      \"type\": \"Microsoft.Sql/servers\",\r\n      \"location\": \"Japan East\",\r\n      \"kind\": \"v12.0\",\r\n      \"properties\": {\r\n        \"fullyQualifiedDomainName\": \"sqlcrudtest-4645.database.windows.net\",\r\n        \"administratorLogin\": \"dummylogin\",\r\n        \"administratorLoginPassword\": null,\r\n        \"externalAdministratorLogin\": null,\r\n        \"externalAdministratorSid\": null,\r\n        \"version\": \"12.0\",\r\n        \"state\": \"Ready\"\r\n      }\r\n    },\r\n    {\r\n      \"id\": \"/subscriptions/2e7fe4bd-90c7-454e-8bb6-dc44649f27b2/resourceGroups/sqlcrudtest-7398/providers/Microsoft.Sql/servers/sqlcrudtest-6661\",\r\n      \"name\": \"sqlcrudtest-6661\",\r\n      \"type\": \"Microsoft.Sql/servers\",\r\n      \"location\": \"Japan East\",\r\n      \"kind\": \"v12.0\",\r\n      \"properties\": {\r\n        \"fullyQualifiedDomainName\": \"sqlcrudtest-6661.database.windows.net\",\r\n        \"administratorLogin\": \"dummylogin\",\r\n        \"administratorLoginPassword\": null,\r\n        \"externalAdministratorLogin\": null,\r\n        \"externalAdministratorSid\": null,\r\n        \"version\": \"12.0\",\r\n        \"state\": \"Ready\"\r\n      }\r\n    }\r\n  ]\r\n}",
      "ResponseHeaders": {
        "Content-Type": [
          "application/json; odata=minimalmetadata; streaming=true; charset=utf-8"
        ],
        "Cache-Control": [
          "no-store, no-cache"
        ],
        "Date": [
          "Fri, 10 Feb 2017 00:49:49 GMT"
        ],
        "Transfer-Encoding": [
          "chunked"
        ],
        "Server": [
          "Microsoft-HTTPAPI/2.0"
        ],
        "Vary": [
          "Accept-Encoding"
        ],
        "x-ms-request-id": [
          "f81f8f8e-3b58-476a-bcb7-4a4b0dfd5335"
        ],
        "X-Content-Type-Options": [
          "nosniff"
        ],
        "DataServiceVersion": [
          "3.0;"
        ],
        "Strict-Transport-Security": [
          "max-age=31536000; includeSubDomains"
        ],
        "x-ms-ratelimit-remaining-subscription-reads": [
          "14975"
        ],
        "x-ms-correlation-request-id": [
          "b91314ce-4ab7-4280-bace-317a7f99ef26"
        ],
        "x-ms-routing-request-id": [
          "WESTUS2:20170210T004950Z:b91314ce-4ab7-4280-bace-317a7f99ef26"
        ]
      },
      "StatusCode": 200
    },
    {
      "RequestUri": "/subscriptions/2e7fe4bd-90c7-454e-8bb6-dc44649f27b2/resourceGroups/sqlcrudtest-7398/providers/Microsoft.Sql/servers?api-version=2014-04-01",
      "EncodedRequestUri": "L3N1YnNjcmlwdGlvbnMvMmU3ZmU0YmQtOTBjNy00NTRlLThiYjYtZGM0NDY0OWYyN2IyL3Jlc291cmNlR3JvdXBzL3NxbGNydWR0ZXN0LTczOTgvcHJvdmlkZXJzL01pY3Jvc29mdC5TcWwvc2VydmVycz9hcGktdmVyc2lvbj0yMDE0LTA0LTAx",
      "RequestMethod": "GET",
      "RequestBody": "",
      "RequestHeaders": {
        "x-ms-client-request-id": [
          "39589c18-0d09-4e9d-bdd2-552bb5640e0d"
        ],
        "accept-language": [
          "en-US"
        ],
        "User-Agent": [
          "FxVersion/4.6.24410.01",
          "Microsoft.Azure.Management.Sql.SqlManagementClient/1.0.0"
        ]
      },
      "ResponseBody": "{\r\n  \"value\": [\r\n    {\r\n      \"id\": \"/subscriptions/2e7fe4bd-90c7-454e-8bb6-dc44649f27b2/resourceGroups/sqlcrudtest-7398/providers/Microsoft.Sql/servers/sqlcrudtest-4645\",\r\n      \"name\": \"sqlcrudtest-4645\",\r\n      \"type\": \"Microsoft.Sql/servers\",\r\n      \"location\": \"Japan East\",\r\n      \"kind\": \"v12.0\",\r\n      \"properties\": {\r\n        \"fullyQualifiedDomainName\": \"sqlcrudtest-4645.database.windows.net\",\r\n        \"administratorLogin\": \"dummylogin\",\r\n        \"administratorLoginPassword\": null,\r\n        \"externalAdministratorLogin\": null,\r\n        \"externalAdministratorSid\": null,\r\n        \"version\": \"12.0\",\r\n        \"state\": \"Ready\"\r\n      }\r\n    }\r\n  ]\r\n}",
      "ResponseHeaders": {
        "Content-Type": [
          "application/json; odata=minimalmetadata; streaming=true; charset=utf-8"
        ],
        "Cache-Control": [
          "no-store, no-cache"
        ],
        "Date": [
          "Fri, 10 Feb 2017 00:49:52 GMT"
        ],
        "Transfer-Encoding": [
          "chunked"
        ],
        "Server": [
          "Microsoft-HTTPAPI/2.0"
        ],
        "Vary": [
          "Accept-Encoding"
        ],
        "x-ms-request-id": [
          "67d67f34-3759-4171-8b61-8b584c010425"
        ],
        "X-Content-Type-Options": [
          "nosniff"
        ],
        "DataServiceVersion": [
          "3.0;"
        ],
        "Strict-Transport-Security": [
          "max-age=31536000; includeSubDomains"
        ],
        "x-ms-ratelimit-remaining-subscription-reads": [
          "14974"
        ],
        "x-ms-correlation-request-id": [
          "d5a2289c-b272-4a5a-8c2a-72692f4c4728"
        ],
        "x-ms-routing-request-id": [
          "WESTUS2:20170210T004953Z:d5a2289c-b272-4a5a-8c2a-72692f4c4728"
        ]
      },
      "StatusCode": 200
    },
    {
      "RequestUri": "/subscriptions/2e7fe4bd-90c7-454e-8bb6-dc44649f27b2/resourceGroups/sqlcrudtest-7398/providers/Microsoft.Sql/servers/sqlcrudtest-6661?api-version=2014-04-01",
      "EncodedRequestUri": "L3N1YnNjcmlwdGlvbnMvMmU3ZmU0YmQtOTBjNy00NTRlLThiYjYtZGM0NDY0OWYyN2IyL3Jlc291cmNlR3JvdXBzL3NxbGNydWR0ZXN0LTczOTgvcHJvdmlkZXJzL01pY3Jvc29mdC5TcWwvc2VydmVycy9zcWxjcnVkdGVzdC02NjYxP2FwaS12ZXJzaW9uPTIwMTQtMDQtMDE=",
      "RequestMethod": "DELETE",
      "RequestBody": "",
      "RequestHeaders": {
        "x-ms-client-request-id": [
          "f4243691-5ec6-4328-abfd-08e0b0bb8e03"
        ],
        "accept-language": [
          "en-US"
        ],
        "User-Agent": [
          "FxVersion/4.6.24410.01",
          "Microsoft.Azure.Management.Sql.SqlManagementClient/1.0.0"
        ]
      },
      "ResponseBody": "",
      "ResponseHeaders": {
        "Content-Length": [
          "0"
        ],
        "Content-Type": [
          "application/xml; charset=utf-8"
        ],
        "Cache-Control": [
          "no-store, no-cache"
        ],
        "Date": [
          "Fri, 10 Feb 2017 00:49:52 GMT"
        ],
        "Server": [
          "Microsoft-HTTPAPI/2.0"
        ],
        "x-ms-request-id": [
          "bd532d0c-1b62-4253-9291-d71d50838f9e"
        ],
        "X-Content-Type-Options": [
          "nosniff"
        ],
        "DataServiceVersion": [
          "1.0;"
        ],
        "Strict-Transport-Security": [
          "max-age=31536000; includeSubDomains"
        ],
        "x-ms-ratelimit-remaining-subscription-writes": [
          "1196"
        ],
        "x-ms-correlation-request-id": [
          "3ebb0af2-f90d-42b8-a8eb-6b6029230124"
        ],
        "x-ms-routing-request-id": [
          "WESTUS2:20170210T004953Z:3ebb0af2-f90d-42b8-a8eb-6b6029230124"
        ]
      },
      "StatusCode": 200
    },
    {
      "RequestUri": "/subscriptions/2e7fe4bd-90c7-454e-8bb6-dc44649f27b2/resourcegroups/sqlcrudtest-7398?api-version=2015-11-01",
      "EncodedRequestUri": "L3N1YnNjcmlwdGlvbnMvMmU3ZmU0YmQtOTBjNy00NTRlLThiYjYtZGM0NDY0OWYyN2IyL3Jlc291cmNlZ3JvdXBzL3NxbGNydWR0ZXN0LTczOTg/YXBpLXZlcnNpb249MjAxNS0xMS0wMQ==",
      "RequestMethod": "DELETE",
      "RequestBody": "",
      "RequestHeaders": {
        "x-ms-client-request-id": [
          "a8d50346-dc12-4ebc-a33c-c1abc60d0edb"
        ],
        "accept-language": [
          "en-US"
        ],
        "User-Agent": [
          "FxVersion/4.6.24410.01",
          "Microsoft.Azure.Management.Resources.ResourceManagementClient/1.0.0-preview"
        ]
      },
      "ResponseBody": "",
      "ResponseHeaders": {
        "Content-Length": [
          "0"
        ],
        "Expires": [
          "-1"
        ],
        "Cache-Control": [
          "no-cache"
        ],
        "Date": [
          "Fri, 10 Feb 2017 00:49:53 GMT"
        ],
        "Pragma": [
          "no-cache"
        ],
        "Location": [
          "https://management.azure.com/subscriptions/2e7fe4bd-90c7-454e-8bb6-dc44649f27b2/operationresults/eyJqb2JJZCI6IlJFU09VUkNFR1JPVVBERUxFVElPTkpPQi1TUUxDUlVEVEVTVDoyRDczOTgtSkFQQU5FQVNUIiwiam9iTG9jYXRpb24iOiJqYXBhbmVhc3QifQ?api-version=2015-11-01"
        ],
        "Retry-After": [
          "15"
        ],
        "x-ms-ratelimit-remaining-subscription-writes": [
          "1195"
        ],
        "x-ms-request-id": [
          "3805b9b6-a99e-42a3-b338-689a3489e062"
        ],
        "x-ms-correlation-request-id": [
          "3805b9b6-a99e-42a3-b338-689a3489e062"
        ],
        "x-ms-routing-request-id": [
          "WESTUS2:20170210T004954Z:3805b9b6-a99e-42a3-b338-689a3489e062"
        ],
        "Strict-Transport-Security": [
          "max-age=31536000; includeSubDomains"
        ]
      },
      "StatusCode": 202
    },
    {
      "RequestUri": "/subscriptions/2e7fe4bd-90c7-454e-8bb6-dc44649f27b2/operationresults/eyJqb2JJZCI6IlJFU09VUkNFR1JPVVBERUxFVElPTkpPQi1TUUxDUlVEVEVTVDoyRDczOTgtSkFQQU5FQVNUIiwiam9iTG9jYXRpb24iOiJqYXBhbmVhc3QifQ?api-version=2015-11-01",
      "EncodedRequestUri": "L3N1YnNjcmlwdGlvbnMvMmU3ZmU0YmQtOTBjNy00NTRlLThiYjYtZGM0NDY0OWYyN2IyL29wZXJhdGlvbnJlc3VsdHMvZXlKcWIySkpaQ0k2SWxKRlUwOVZVa05GUjFKUFZWQkVSVXhGVkVsUFRrcFBRaTFUVVV4RFVsVkVWRVZUVkRveVJEY3pPVGd0U2tGUVFVNUZRVk5VSWl3aWFtOWlURzlqWVhScGIyNGlPaUpxWVhCaGJtVmhjM1FpZlE/YXBpLXZlcnNpb249MjAxNS0xMS0wMQ==",
      "RequestMethod": "GET",
      "RequestBody": "",
      "RequestHeaders": {
        "User-Agent": [
          "FxVersion/4.6.24410.01",
          "Microsoft.Azure.Management.Resources.ResourceManagementClient/1.0.0-preview"
        ]
      },
      "ResponseBody": "",
      "ResponseHeaders": {
        "Content-Length": [
          "0"
        ],
        "Expires": [
          "-1"
        ],
        "Cache-Control": [
          "no-cache"
        ],
        "Date": [
          "Fri, 10 Feb 2017 00:50:24 GMT"
        ],
        "Pragma": [
          "no-cache"
        ],
        "Location": [
          "https://management.azure.com/subscriptions/2e7fe4bd-90c7-454e-8bb6-dc44649f27b2/operationresults/eyJqb2JJZCI6IlJFU09VUkNFR1JPVVBERUxFVElPTkpPQi1TUUxDUlVEVEVTVDoyRDczOTgtSkFQQU5FQVNUIiwiam9iTG9jYXRpb24iOiJqYXBhbmVhc3QifQ?api-version=2015-11-01"
        ],
        "Retry-After": [
          "15"
        ],
        "x-ms-ratelimit-remaining-subscription-reads": [
          "14974"
        ],
        "x-ms-request-id": [
          "85687492-a766-4322-8f31-a4d7dc359b77"
        ],
        "x-ms-correlation-request-id": [
          "85687492-a766-4322-8f31-a4d7dc359b77"
        ],
        "x-ms-routing-request-id": [
          "WESTUS2:20170210T005024Z:85687492-a766-4322-8f31-a4d7dc359b77"
        ],
        "Strict-Transport-Security": [
          "max-age=31536000; includeSubDomains"
        ]
      },
      "StatusCode": 202
    },
    {
      "RequestUri": "/subscriptions/2e7fe4bd-90c7-454e-8bb6-dc44649f27b2/operationresults/eyJqb2JJZCI6IlJFU09VUkNFR1JPVVBERUxFVElPTkpPQi1TUUxDUlVEVEVTVDoyRDczOTgtSkFQQU5FQVNUIiwiam9iTG9jYXRpb24iOiJqYXBhbmVhc3QifQ?api-version=2015-11-01",
      "EncodedRequestUri": "L3N1YnNjcmlwdGlvbnMvMmU3ZmU0YmQtOTBjNy00NTRlLThiYjYtZGM0NDY0OWYyN2IyL29wZXJhdGlvbnJlc3VsdHMvZXlKcWIySkpaQ0k2SWxKRlUwOVZVa05GUjFKUFZWQkVSVXhGVkVsUFRrcFBRaTFUVVV4RFVsVkVWRVZUVkRveVJEY3pPVGd0U2tGUVFVNUZRVk5VSWl3aWFtOWlURzlqWVhScGIyNGlPaUpxWVhCaGJtVmhjM1FpZlE/YXBpLXZlcnNpb249MjAxNS0xMS0wMQ==",
      "RequestMethod": "GET",
      "RequestBody": "",
      "RequestHeaders": {
        "User-Agent": [
          "FxVersion/4.6.24410.01",
          "Microsoft.Azure.Management.Resources.ResourceManagementClient/1.0.0-preview"
        ]
      },
      "ResponseBody": "",
      "ResponseHeaders": {
        "Content-Length": [
          "0"
        ],
        "Expires": [
          "-1"
        ],
        "Cache-Control": [
          "no-cache"
        ],
        "Date": [
          "Fri, 10 Feb 2017 00:50:54 GMT"
        ],
        "Pragma": [
          "no-cache"
        ],
        "Location": [
          "https://management.azure.com/subscriptions/2e7fe4bd-90c7-454e-8bb6-dc44649f27b2/operationresults/eyJqb2JJZCI6IlJFU09VUkNFR1JPVVBERUxFVElPTkpPQi1TUUxDUlVEVEVTVDoyRDczOTgtSkFQQU5FQVNUIiwiam9iTG9jYXRpb24iOiJqYXBhbmVhc3QifQ?api-version=2015-11-01"
        ],
        "Retry-After": [
          "15"
        ],
        "x-ms-ratelimit-remaining-subscription-reads": [
          "14973"
        ],
        "x-ms-request-id": [
          "b4ff9f3e-3973-4e66-98fc-4d3257018b46"
        ],
        "x-ms-correlation-request-id": [
          "b4ff9f3e-3973-4e66-98fc-4d3257018b46"
        ],
        "x-ms-routing-request-id": [
          "WESTUS2:20170210T005055Z:b4ff9f3e-3973-4e66-98fc-4d3257018b46"
        ],
        "Strict-Transport-Security": [
          "max-age=31536000; includeSubDomains"
        ]
      },
      "StatusCode": 202
    },
    {
      "RequestUri": "/subscriptions/2e7fe4bd-90c7-454e-8bb6-dc44649f27b2/operationresults/eyJqb2JJZCI6IlJFU09VUkNFR1JPVVBERUxFVElPTkpPQi1TUUxDUlVEVEVTVDoyRDczOTgtSkFQQU5FQVNUIiwiam9iTG9jYXRpb24iOiJqYXBhbmVhc3QifQ?api-version=2015-11-01",
      "EncodedRequestUri": "L3N1YnNjcmlwdGlvbnMvMmU3ZmU0YmQtOTBjNy00NTRlLThiYjYtZGM0NDY0OWYyN2IyL29wZXJhdGlvbnJlc3VsdHMvZXlKcWIySkpaQ0k2SWxKRlUwOVZVa05GUjFKUFZWQkVSVXhGVkVsUFRrcFBRaTFUVVV4RFVsVkVWRVZUVkRveVJEY3pPVGd0U2tGUVFVNUZRVk5VSWl3aWFtOWlURzlqWVhScGIyNGlPaUpxWVhCaGJtVmhjM1FpZlE/YXBpLXZlcnNpb249MjAxNS0xMS0wMQ==",
      "RequestMethod": "GET",
      "RequestBody": "",
      "RequestHeaders": {
        "User-Agent": [
          "FxVersion/4.6.24410.01",
          "Microsoft.Azure.Management.Resources.ResourceManagementClient/1.0.0-preview"
        ]
      },
      "ResponseBody": "",
      "ResponseHeaders": {
        "Content-Length": [
          "0"
        ],
        "Expires": [
          "-1"
        ],
        "Cache-Control": [
          "no-cache"
        ],
        "Date": [
          "Fri, 10 Feb 2017 00:51:24 GMT"
        ],
        "Pragma": [
          "no-cache"
        ],
        "Location": [
          "https://management.azure.com/subscriptions/2e7fe4bd-90c7-454e-8bb6-dc44649f27b2/operationresults/eyJqb2JJZCI6IlJFU09VUkNFR1JPVVBERUxFVElPTkpPQi1TUUxDUlVEVEVTVDoyRDczOTgtSkFQQU5FQVNUIiwiam9iTG9jYXRpb24iOiJqYXBhbmVhc3QifQ?api-version=2015-11-01"
        ],
        "Retry-After": [
          "15"
        ],
        "x-ms-ratelimit-remaining-subscription-reads": [
          "14972"
        ],
        "x-ms-request-id": [
          "e1ad6ee4-be22-4ffd-8ead-c62bbdd65d72"
        ],
        "x-ms-correlation-request-id": [
          "e1ad6ee4-be22-4ffd-8ead-c62bbdd65d72"
        ],
        "x-ms-routing-request-id": [
          "WESTUS2:20170210T005125Z:e1ad6ee4-be22-4ffd-8ead-c62bbdd65d72"
        ],
        "Strict-Transport-Security": [
          "max-age=31536000; includeSubDomains"
        ]
      },
      "StatusCode": 202
    },
    {
      "RequestUri": "/subscriptions/2e7fe4bd-90c7-454e-8bb6-dc44649f27b2/operationresults/eyJqb2JJZCI6IlJFU09VUkNFR1JPVVBERUxFVElPTkpPQi1TUUxDUlVEVEVTVDoyRDczOTgtSkFQQU5FQVNUIiwiam9iTG9jYXRpb24iOiJqYXBhbmVhc3QifQ?api-version=2015-11-01",
      "EncodedRequestUri": "L3N1YnNjcmlwdGlvbnMvMmU3ZmU0YmQtOTBjNy00NTRlLThiYjYtZGM0NDY0OWYyN2IyL29wZXJhdGlvbnJlc3VsdHMvZXlKcWIySkpaQ0k2SWxKRlUwOVZVa05GUjFKUFZWQkVSVXhGVkVsUFRrcFBRaTFUVVV4RFVsVkVWRVZUVkRveVJEY3pPVGd0U2tGUVFVNUZRVk5VSWl3aWFtOWlURzlqWVhScGIyNGlPaUpxWVhCaGJtVmhjM1FpZlE/YXBpLXZlcnNpb249MjAxNS0xMS0wMQ==",
      "RequestMethod": "GET",
      "RequestBody": "",
      "RequestHeaders": {
        "User-Agent": [
          "FxVersion/4.6.24410.01",
          "Microsoft.Azure.Management.Resources.ResourceManagementClient/1.0.0-preview"
        ]
      },
      "ResponseBody": "",
      "ResponseHeaders": {
        "Content-Length": [
          "0"
        ],
        "Expires": [
          "-1"
        ],
        "Cache-Control": [
          "no-cache"
        ],
        "Date": [
          "Fri, 10 Feb 2017 00:51:54 GMT"
        ],
        "Pragma": [
          "no-cache"
        ],
        "x-ms-ratelimit-remaining-subscription-reads": [
          "14971"
        ],
        "x-ms-request-id": [
          "e99ca574-9701-424e-ba9a-a031fa1e9096"
        ],
        "x-ms-correlation-request-id": [
          "e99ca574-9701-424e-ba9a-a031fa1e9096"
        ],
        "x-ms-routing-request-id": [
          "WESTUS2:20170210T005155Z:e99ca574-9701-424e-ba9a-a031fa1e9096"
        ],
        "Strict-Transport-Security": [
          "max-age=31536000; includeSubDomains"
        ]
      },
      "StatusCode": 200
    }
  ],
  "Names": {
    "RunTestInNewResourceGroup": [
      "sqlcrudtest-7398"
    ],
    "TestCreateUpdateGetDropServer": [
      "sqlcrudtest-6661",
      "sqlcrudtest-4645"
    ]
  },
  "Variables": {
    "SubscriptionId": "2e7fe4bd-90c7-454e-8bb6-dc44649f27b2"
  }
}