{
  "Entries": [
    {
      "RequestUri": "/subscriptions/e37510d7-33b6-4676-886f-ee75bcc01871/providers/Microsoft.Compute/locations/SoutheastAsia/publishers/MicrosoftWindowsServer/artifacttypes/vmimage/offers/WindowsServer/skus/2012-R2-Datacenter/versions?$top=1&api-version=2021-04-01",
      "EncodedRequestUri": "L3N1YnNjcmlwdGlvbnMvZTM3NTEwZDctMzNiNi00Njc2LTg4NmYtZWU3NWJjYzAxODcxL3Byb3ZpZGVycy9NaWNyb3NvZnQuQ29tcHV0ZS9sb2NhdGlvbnMvU291dGhlYXN0QXNpYS9wdWJsaXNoZXJzL01pY3Jvc29mdFdpbmRvd3NTZXJ2ZXIvYXJ0aWZhY3R0eXBlcy92bWltYWdlL29mZmVycy9XaW5kb3dzU2VydmVyL3NrdXMvMjAxMi1SMi1EYXRhY2VudGVyL3ZlcnNpb25zPyR0b3A9MSZhcGktdmVyc2lvbj0yMDIxLTA0LTAx",
      "RequestMethod": "GET",
      "RequestBody": "",
      "RequestHeaders": {
        "x-ms-client-request-id": [
          "1983968e-e5b6-49c8-afd2-ede1f79fd68d"
        ],
        "Accept-Language": [
          "en-US"
        ],
        "User-Agent": [
          "FxVersion/4.6.29518.01",
          "OSName/Windows",
          "OSVersion/Microsoft.Windows.10.0.19042.",
          "Microsoft.Azure.Management.Compute.ComputeManagementClient/47.0.0"
        ]
      },
      "ResponseHeaders": {
        "Cache-Control": [
          "no-cache"
        ],
        "Pragma": [
          "no-cache"
        ],
        "x-ms-ratelimit-remaining-resource": [
          "Microsoft.Compute/ListVMImagesVersionsFromLocation3Min;15999,Microsoft.Compute/ListVMImagesVersionsFromLocation30Min;43999"
        ],
        "Strict-Transport-Security": [
          "max-age=31536000; includeSubDomains"
        ],
        "x-ms-served-by": [
          "9fc414ea-410e-4600-9f7c-71bc36416f3f_132663709349155569"
        ],
        "x-ms-request-id": [
          "b4bbdd1c-1759-4d1e-8284-e845a7d3b4d3"
        ],
        "Server": [
          "Microsoft-HTTPAPI/2.0",
          "Microsoft-HTTPAPI/2.0"
        ],
        "x-ms-ratelimit-remaining-subscription-reads": [
          "11999"
        ],
        "x-ms-correlation-request-id": [
          "91a008b8-922b-4497-b0dd-5ba8a2c46a2d"
        ],
        "x-ms-routing-request-id": [
          "EASTUS2:20210619T024619Z:91a008b8-922b-4497-b0dd-5ba8a2c46a2d"
        ],
        "X-Content-Type-Options": [
          "nosniff"
        ],
        "Date": [
          "Sat, 19 Jun 2021 02:46:19 GMT"
        ],
        "Content-Length": [
          "321"
        ],
        "Content-Type": [
          "application/json; charset=utf-8"
        ],
        "Expires": [
          "-1"
        ]
      },
      "ResponseBody": "[\r\n  {\r\n    \"location\": \"southeastasia\",\r\n    \"name\": \"4.127.20180315\",\r\n    \"id\": \"/Subscriptions/e37510d7-33b6-4676-886f-ee75bcc01871/Providers/Microsoft.Compute/Locations/southeastasia/Publishers/MicrosoftWindowsServer/ArtifactTypes/VMImage/Offers/WindowsServer/Skus/2012-R2-Datacenter/Versions/4.127.20180315\"\r\n  }\r\n]",
      "StatusCode": 200
    },
    {
      "RequestUri": "/subscriptions/e37510d7-33b6-4676-886f-ee75bcc01871/resourcegroups/crptestar5938?api-version=2017-05-10",
      "EncodedRequestUri": "L3N1YnNjcmlwdGlvbnMvZTM3NTEwZDctMzNiNi00Njc2LTg4NmYtZWU3NWJjYzAxODcxL3Jlc291cmNlZ3JvdXBzL2NycHRlc3RhcjU5Mzg/YXBpLXZlcnNpb249MjAxNy0wNS0xMA==",
      "RequestMethod": "PUT",
      "RequestBody": "{\r\n  \"location\": \"SoutheastAsia\",\r\n  \"tags\": {\r\n    \"crptestar5938\": \"2021-06-19 02:46:19Z\"\r\n  }\r\n}",
      "RequestHeaders": {
        "x-ms-client-request-id": [
          "37ffee41-5028-4e6e-b400-d2614ead8993"
        ],
        "Accept-Language": [
          "en-US"
        ],
        "User-Agent": [
          "FxVersion/4.6.29518.01",
          "OSName/Windows",
          "OSVersion/Microsoft.Windows.10.0.19042.",
          "Microsoft.Azure.Management.ResourceManager.ResourceManagementClient/1.6.0.0"
        ],
        "Content-Type": [
          "application/json; charset=utf-8"
        ],
        "Content-Length": [
          "99"
        ]
      },
      "ResponseHeaders": {
        "Cache-Control": [
          "no-cache"
        ],
        "Pragma": [
          "no-cache"
        ],
        "x-ms-ratelimit-remaining-subscription-writes": [
          "1199"
        ],
        "x-ms-request-id": [
          "1d99991d-cdf0-4b7c-a315-4cd468c5cc78"
        ],
        "x-ms-correlation-request-id": [
          "1d99991d-cdf0-4b7c-a315-4cd468c5cc78"
        ],
        "x-ms-routing-request-id": [
          "EASTUS2:20210619T024621Z:1d99991d-cdf0-4b7c-a315-4cd468c5cc78"
        ],
        "Strict-Transport-Security": [
          "max-age=31536000; includeSubDomains"
        ],
        "X-Content-Type-Options": [
          "nosniff"
        ],
        "Date": [
          "Sat, 19 Jun 2021 02:46:21 GMT"
        ],
        "Content-Length": [
          "234"
        ],
        "Content-Type": [
          "application/json; charset=utf-8"
        ],
        "Expires": [
          "-1"
        ]
      },
      "ResponseBody": "{\r\n  \"id\": \"/subscriptions/e37510d7-33b6-4676-886f-ee75bcc01871/resourceGroups/crptestar5938\",\r\n  \"name\": \"crptestar5938\",\r\n  \"location\": \"southeastasia\",\r\n  \"tags\": {\r\n    \"crptestar5938\": \"2021-06-19 02:46:19Z\"\r\n  },\r\n  \"properties\": {\r\n    \"provisioningState\": \"Succeeded\"\r\n  }\r\n}",
      "StatusCode": 201
    },
    {
      "RequestUri": "/subscriptions/e37510d7-33b6-4676-886f-ee75bcc01871/resourcegroups/crptestar5938?api-version=2017-05-10",
      "EncodedRequestUri": "L3N1YnNjcmlwdGlvbnMvZTM3NTEwZDctMzNiNi00Njc2LTg4NmYtZWU3NWJjYzAxODcxL3Jlc291cmNlZ3JvdXBzL2NycHRlc3RhcjU5Mzg/YXBpLXZlcnNpb249MjAxNy0wNS0xMA==",
      "RequestMethod": "PUT",
      "RequestBody": "{\r\n  \"location\": \"SoutheastAsia\",\r\n  \"tags\": {\r\n    \"crptestar5938\": \"2021-06-19 02:47:04Z\"\r\n  }\r\n}",
      "RequestHeaders": {
        "x-ms-client-request-id": [
          "28d09d34-522f-4e86-a77b-32bf589301a9"
        ],
        "Accept-Language": [
          "en-US"
        ],
        "User-Agent": [
          "FxVersion/4.6.29518.01",
          "OSName/Windows",
          "OSVersion/Microsoft.Windows.10.0.19042.",
          "Microsoft.Azure.Management.ResourceManager.ResourceManagementClient/1.6.0.0"
        ],
        "Content-Type": [
          "application/json; charset=utf-8"
        ],
        "Content-Length": [
          "99"
        ]
      },
      "ResponseHeaders": {
        "Cache-Control": [
          "no-cache"
        ],
        "Pragma": [
          "no-cache"
        ],
        "x-ms-ratelimit-remaining-subscription-writes": [
          "1198"
        ],
        "x-ms-request-id": [
          "caba5289-7bf3-42b0-ada8-5cca8a1ab19c"
        ],
        "x-ms-correlation-request-id": [
          "caba5289-7bf3-42b0-ada8-5cca8a1ab19c"
        ],
        "x-ms-routing-request-id": [
          "EASTUS2:20210619T024705Z:caba5289-7bf3-42b0-ada8-5cca8a1ab19c"
        ],
        "Strict-Transport-Security": [
          "max-age=31536000; includeSubDomains"
        ],
        "X-Content-Type-Options": [
          "nosniff"
        ],
        "Date": [
          "Sat, 19 Jun 2021 02:47:05 GMT"
        ],
        "Content-Length": [
          "234"
        ],
        "Content-Type": [
          "application/json; charset=utf-8"
        ],
        "Expires": [
          "-1"
        ]
      },
      "ResponseBody": "{\r\n  \"id\": \"/subscriptions/e37510d7-33b6-4676-886f-ee75bcc01871/resourceGroups/crptestar5938\",\r\n  \"name\": \"crptestar5938\",\r\n  \"location\": \"southeastasia\",\r\n  \"tags\": {\r\n    \"crptestar5938\": \"2021-06-19 02:47:04Z\"\r\n  },\r\n  \"properties\": {\r\n    \"provisioningState\": \"Succeeded\"\r\n  }\r\n}",
      "StatusCode": 200
    },
    {
      "RequestUri": "/subscriptions/e37510d7-33b6-4676-886f-ee75bcc01871/resourceGroups/crptestar5938/providers/Microsoft.Storage/storageAccounts/diskrp8814?api-version=2015-06-15",
      "EncodedRequestUri": "L3N1YnNjcmlwdGlvbnMvZTM3NTEwZDctMzNiNi00Njc2LTg4NmYtZWU3NWJjYzAxODcxL3Jlc291cmNlR3JvdXBzL2NycHRlc3RhcjU5MzgvcHJvdmlkZXJzL01pY3Jvc29mdC5TdG9yYWdlL3N0b3JhZ2VBY2NvdW50cy9kaXNrcnA4ODE0P2FwaS12ZXJzaW9uPTIwMTUtMDYtMTU=",
      "RequestMethod": "PUT",
      "RequestBody": "{\r\n  \"location\": \"SoutheastAsia\",\r\n  \"properties\": {\r\n    \"accountType\": \"Standard_GRS\"\r\n  }\r\n}",
      "RequestHeaders": {
        "x-ms-client-request-id": [
          "09be574b-b694-4bc7-a57a-df1d3bb9693a"
        ],
        "Accept-Language": [
          "en-US"
        ],
        "User-Agent": [
          "FxVersion/4.6.29518.01",
          "OSName/Windows",
          "OSVersion/Microsoft.Windows.10.0.19042.",
          "Microsoft.Azure.Management.Storage.StorageManagementClient/4.0.0.0"
        ],
        "Content-Type": [
          "application/json; charset=utf-8"
        ],
        "Content-Length": [
          "95"
        ]
      },
      "ResponseHeaders": {
        "Cache-Control": [
          "no-cache"
        ],
        "Pragma": [
          "no-cache"
        ],
        "Location": [
          "https://management.azure.com/subscriptions/e37510d7-33b6-4676-886f-ee75bcc01871/providers/Microsoft.Storage/locations/southeastasia/asyncoperations/c241980f-3e19-4a3e-9e6f-10e69ef0d790?monitor=true&api-version=2015-06-15"
        ],
        "Retry-After": [
          "17"
        ],
        "x-ms-request-id": [
          "c241980f-3e19-4a3e-9e6f-10e69ef0d790"
        ],
        "Strict-Transport-Security": [
          "max-age=31536000; includeSubDomains"
        ],
        "Server": [
          "Microsoft-Azure-Storage-Resource-Provider/1.0,Microsoft-HTTPAPI/2.0 Microsoft-HTTPAPI/2.0"
        ],
        "x-ms-ratelimit-remaining-subscription-writes": [
          "1199"
        ],
        "x-ms-correlation-request-id": [
          "7c94ea27-1ee5-4843-ae68-88bfcc3ae83e"
        ],
        "x-ms-routing-request-id": [
          "EASTUS2:20210619T024633Z:7c94ea27-1ee5-4843-ae68-88bfcc3ae83e"
        ],
        "X-Content-Type-Options": [
          "nosniff"
        ],
        "Date": [
          "Sat, 19 Jun 2021 02:46:33 GMT"
        ],
        "Content-Type": [
          "text/plain; charset=utf-8"
        ],
        "Expires": [
          "-1"
        ],
        "Content-Length": [
          "0"
        ]
      },
      "ResponseBody": "",
      "StatusCode": 202
    },
    {
      "RequestUri": "/subscriptions/e37510d7-33b6-4676-886f-ee75bcc01871/providers/Microsoft.Storage/locations/southeastasia/asyncoperations/c241980f-3e19-4a3e-9e6f-10e69ef0d790?monitor=true&api-version=2015-06-15",
      "EncodedRequestUri": "L3N1YnNjcmlwdGlvbnMvZTM3NTEwZDctMzNiNi00Njc2LTg4NmYtZWU3NWJjYzAxODcxL3Byb3ZpZGVycy9NaWNyb3NvZnQuU3RvcmFnZS9sb2NhdGlvbnMvc291dGhlYXN0YXNpYS9hc3luY29wZXJhdGlvbnMvYzI0MTk4MGYtM2UxOS00YTNlLTllNmYtMTBlNjllZjBkNzkwP21vbml0b3I9dHJ1ZSZhcGktdmVyc2lvbj0yMDE1LTA2LTE1",
      "RequestMethod": "GET",
      "RequestBody": "",
      "RequestHeaders": {
        "User-Agent": [
          "FxVersion/4.6.29518.01",
          "OSName/Windows",
          "OSVersion/Microsoft.Windows.10.0.19042.",
          "Microsoft.Azure.Management.Storage.StorageManagementClient/4.0.0.0"
        ]
      },
      "ResponseHeaders": {
        "Cache-Control": [
          "no-cache"
        ],
        "Pragma": [
          "no-cache"
        ],
        "Location": [
          "https://management.azure.com/subscriptions/e37510d7-33b6-4676-886f-ee75bcc01871/providers/Microsoft.Storage/locations/southeastasia/asyncoperations/c241980f-3e19-4a3e-9e6f-10e69ef0d790?monitor=true&api-version=2015-06-15"
        ],
        "Retry-After": [
          "3"
        ],
        "x-ms-request-id": [
          "f5837687-0799-4efc-881c-71f9f74511c8"
        ],
        "Strict-Transport-Security": [
          "max-age=31536000; includeSubDomains"
        ],
        "Server": [
          "Microsoft-Azure-Storage-Resource-Provider/1.0,Microsoft-HTTPAPI/2.0 Microsoft-HTTPAPI/2.0"
        ],
        "x-ms-ratelimit-remaining-subscription-reads": [
          "11999"
        ],
        "x-ms-correlation-request-id": [
          "8602fcbd-69bf-4d53-b772-5610e680c55b"
        ],
        "x-ms-routing-request-id": [
          "EASTUS2:20210619T024650Z:8602fcbd-69bf-4d53-b772-5610e680c55b"
        ],
        "X-Content-Type-Options": [
          "nosniff"
        ],
        "Date": [
          "Sat, 19 Jun 2021 02:46:49 GMT"
        ],
        "Content-Type": [
          "text/plain; charset=utf-8"
        ],
        "Expires": [
          "-1"
        ],
        "Content-Length": [
          "0"
        ]
      },
      "ResponseBody": "",
      "StatusCode": 202
    },
    {
      "RequestUri": "/subscriptions/e37510d7-33b6-4676-886f-ee75bcc01871/providers/Microsoft.Storage/locations/southeastasia/asyncoperations/c241980f-3e19-4a3e-9e6f-10e69ef0d790?monitor=true&api-version=2015-06-15",
      "EncodedRequestUri": "L3N1YnNjcmlwdGlvbnMvZTM3NTEwZDctMzNiNi00Njc2LTg4NmYtZWU3NWJjYzAxODcxL3Byb3ZpZGVycy9NaWNyb3NvZnQuU3RvcmFnZS9sb2NhdGlvbnMvc291dGhlYXN0YXNpYS9hc3luY29wZXJhdGlvbnMvYzI0MTk4MGYtM2UxOS00YTNlLTllNmYtMTBlNjllZjBkNzkwP21vbml0b3I9dHJ1ZSZhcGktdmVyc2lvbj0yMDE1LTA2LTE1",
      "RequestMethod": "GET",
      "RequestBody": "",
      "RequestHeaders": {
        "User-Agent": [
          "FxVersion/4.6.29518.01",
          "OSName/Windows",
          "OSVersion/Microsoft.Windows.10.0.19042.",
          "Microsoft.Azure.Management.Storage.StorageManagementClient/4.0.0.0"
        ]
      },
      "ResponseHeaders": {
        "Cache-Control": [
          "no-cache"
        ],
        "Pragma": [
          "no-cache"
        ],
        "x-ms-request-id": [
          "dca87253-311a-40cd-a94e-820124930531"
        ],
        "Strict-Transport-Security": [
          "max-age=31536000; includeSubDomains"
        ],
        "Server": [
          "Microsoft-Azure-Storage-Resource-Provider/1.0,Microsoft-HTTPAPI/2.0 Microsoft-HTTPAPI/2.0"
        ],
        "x-ms-ratelimit-remaining-subscription-reads": [
          "11998"
        ],
        "x-ms-correlation-request-id": [
          "f54b64a4-0055-417b-97c8-0d6660c2d297"
        ],
        "x-ms-routing-request-id": [
          "EASTUS2:20210619T024653Z:f54b64a4-0055-417b-97c8-0d6660c2d297"
        ],
        "X-Content-Type-Options": [
          "nosniff"
        ],
        "Date": [
          "Sat, 19 Jun 2021 02:46:53 GMT"
        ],
        "Content-Length": [
          "95"
        ],
        "Content-Type": [
          "application/json"
        ],
        "Expires": [
          "-1"
        ]
      },
      "ResponseBody": "{\r\n  \"location\": \"SoutheastAsia\",\r\n  \"properties\": {\r\n    \"accountType\": \"Standard_GRS\"\r\n  }\r\n}",
      "StatusCode": 200
    },
    {
      "RequestUri": "/subscriptions/e37510d7-33b6-4676-886f-ee75bcc01871/resourceGroups/crptestar5938/providers/Microsoft.Storage/storageAccounts?api-version=2015-06-15",
      "EncodedRequestUri": "L3N1YnNjcmlwdGlvbnMvZTM3NTEwZDctMzNiNi00Njc2LTg4NmYtZWU3NWJjYzAxODcxL3Jlc291cmNlR3JvdXBzL2NycHRlc3RhcjU5MzgvcHJvdmlkZXJzL01pY3Jvc29mdC5TdG9yYWdlL3N0b3JhZ2VBY2NvdW50cz9hcGktdmVyc2lvbj0yMDE1LTA2LTE1",
      "RequestMethod": "GET",
      "RequestBody": "",
      "RequestHeaders": {
        "x-ms-client-request-id": [
          "2517a0e6-ba35-48e9-99fa-92caca1b277c"
        ],
        "Accept-Language": [
          "en-US"
        ],
        "User-Agent": [
          "FxVersion/4.6.29518.01",
          "OSName/Windows",
          "OSVersion/Microsoft.Windows.10.0.19042.",
          "Microsoft.Azure.Management.Storage.StorageManagementClient/4.0.0.0"
        ]
      },
      "ResponseHeaders": {
        "Cache-Control": [
          "no-cache"
        ],
        "Pragma": [
          "no-cache"
        ],
        "x-ms-request-id": [
          "058ec881-9be6-4600-9d20-52beabe5779b"
        ],
        "Strict-Transport-Security": [
          "max-age=31536000; includeSubDomains"
        ],
        "Server": [
          "Microsoft-Azure-Storage-Resource-Provider/1.0,Microsoft-HTTPAPI/2.0 Microsoft-HTTPAPI/2.0"
        ],
        "x-ms-ratelimit-remaining-subscription-reads": [
          "11997"
        ],
        "x-ms-correlation-request-id": [
          "0cdebdaa-aa81-47e1-b872-09fce1d199cc"
        ],
        "x-ms-routing-request-id": [
          "EASTUS2:20210619T024703Z:0cdebdaa-aa81-47e1-b872-09fce1d199cc"
        ],
        "X-Content-Type-Options": [
          "nosniff"
        ],
        "Date": [
          "Sat, 19 Jun 2021 02:47:03 GMT"
        ],
        "Content-Length": [
          "734"
        ],
        "Content-Type": [
          "application/json"
        ],
        "Expires": [
          "-1"
        ]
      },
      "ResponseBody": "{\r\n  \"value\": [\r\n    {\r\n      \"id\": \"/subscriptions/e37510d7-33b6-4676-886f-ee75bcc01871/resourceGroups/crptestar5938/providers/Microsoft.Storage/storageAccounts/diskrp8814\",\r\n      \"name\": \"diskrp8814\",\r\n      \"type\": \"Microsoft.Storage/storageAccounts\",\r\n      \"location\": \"southeastasia\",\r\n      \"tags\": {},\r\n      \"properties\": {\r\n        \"provisioningState\": \"Succeeded\",\r\n        \"creationTime\": \"2021-06-19T02:46:29.5422051Z\",\r\n        \"primaryEndpoints\": {\r\n          \"blob\": \"https://diskrp8814.blob.core.windows.net/\",\r\n          \"queue\": \"https://diskrp8814.queue.core.windows.net/\",\r\n          \"table\": \"https://diskrp8814.table.core.windows.net/\",\r\n          \"file\": \"https://diskrp8814.file.core.windows.net/\"\r\n        },\r\n        \"primaryLocation\": \"southeastasia\",\r\n        \"statusOfPrimary\": \"available\",\r\n        \"secondaryLocation\": \"eastasia\",\r\n        \"statusOfSecondary\": \"available\",\r\n        \"accountType\": \"Standard_GRS\"\r\n      }\r\n    }\r\n  ]\r\n}",
      "StatusCode": 200
    },
    {
      "RequestUri": "/subscriptions/e37510d7-33b6-4676-886f-ee75bcc01871/resourceGroups/crptestar5938/providers/Microsoft.Storage/storageAccounts/diskrp8814?api-version=2015-06-15",
      "EncodedRequestUri": "L3N1YnNjcmlwdGlvbnMvZTM3NTEwZDctMzNiNi00Njc2LTg4NmYtZWU3NWJjYzAxODcxL3Jlc291cmNlR3JvdXBzL2NycHRlc3RhcjU5MzgvcHJvdmlkZXJzL01pY3Jvc29mdC5TdG9yYWdlL3N0b3JhZ2VBY2NvdW50cy9kaXNrcnA4ODE0P2FwaS12ZXJzaW9uPTIwMTUtMDYtMTU=",
      "RequestMethod": "GET",
      "RequestBody": "",
      "RequestHeaders": {
        "x-ms-client-request-id": [
          "e3dc83df-edf5-4d8b-8f06-128494276ee5"
        ],
        "Accept-Language": [
          "en-US"
        ],
        "User-Agent": [
          "FxVersion/4.6.29518.01",
          "OSName/Windows",
          "OSVersion/Microsoft.Windows.10.0.19042.",
          "Microsoft.Azure.Management.Storage.StorageManagementClient/4.0.0.0"
        ]
      },
      "ResponseHeaders": {
        "Cache-Control": [
          "no-cache"
        ],
        "Pragma": [
          "no-cache"
        ],
        "x-ms-request-id": [
          "ba09eea0-3f3b-42b0-98c2-935819b710b0"
        ],
        "Strict-Transport-Security": [
          "max-age=31536000; includeSubDomains"
        ],
        "Server": [
          "Microsoft-Azure-Storage-Resource-Provider/1.0,Microsoft-HTTPAPI/2.0 Microsoft-HTTPAPI/2.0"
        ],
        "x-ms-ratelimit-remaining-subscription-reads": [
          "11996"
        ],
        "x-ms-correlation-request-id": [
          "04a4e297-70a7-4554-a616-96efe10a85a4"
        ],
        "x-ms-routing-request-id": [
          "EASTUS2:20210619T024704Z:04a4e297-70a7-4554-a616-96efe10a85a4"
        ],
        "X-Content-Type-Options": [
          "nosniff"
        ],
        "Date": [
          "Sat, 19 Jun 2021 02:47:03 GMT"
        ],
        "Content-Length": [
          "722"
        ],
        "Content-Type": [
          "application/json"
        ],
        "Expires": [
          "-1"
        ]
      },
      "ResponseBody": "{\r\n  \"id\": \"/subscriptions/e37510d7-33b6-4676-886f-ee75bcc01871/resourceGroups/crptestar5938/providers/Microsoft.Storage/storageAccounts/diskrp8814\",\r\n  \"name\": \"diskrp8814\",\r\n  \"type\": \"Microsoft.Storage/storageAccounts\",\r\n  \"location\": \"southeastasia\",\r\n  \"tags\": {},\r\n  \"properties\": {\r\n    \"provisioningState\": \"Succeeded\",\r\n    \"creationTime\": \"2021-06-19T02:46:29.5422051Z\",\r\n    \"primaryEndpoints\": {\r\n      \"blob\": \"https://diskrp8814.blob.core.windows.net/\",\r\n      \"queue\": \"https://diskrp8814.queue.core.windows.net/\",\r\n      \"table\": \"https://diskrp8814.table.core.windows.net/\",\r\n      \"file\": \"https://diskrp8814.file.core.windows.net/\"\r\n    },\r\n    \"primaryLocation\": \"southeastasia\",\r\n    \"statusOfPrimary\": \"available\",\r\n    \"secondaryLocation\": \"eastasia\",\r\n    \"statusOfSecondary\": \"available\",\r\n    \"accountType\": \"Standard_GRS\"\r\n  }\r\n}",
      "StatusCode": 200
    },
    {
      "RequestUri": "/subscriptions/e37510d7-33b6-4676-886f-ee75bcc01871/resourceGroups/crptestar5938/providers/Microsoft.Network/publicIPAddresses/pip7819?api-version=2019-09-01",
      "EncodedRequestUri": "L3N1YnNjcmlwdGlvbnMvZTM3NTEwZDctMzNiNi00Njc2LTg4NmYtZWU3NWJjYzAxODcxL3Jlc291cmNlR3JvdXBzL2NycHRlc3RhcjU5MzgvcHJvdmlkZXJzL01pY3Jvc29mdC5OZXR3b3JrL3B1YmxpY0lQQWRkcmVzc2VzL3BpcDc4MTk/YXBpLXZlcnNpb249MjAxOS0wOS0wMQ==",
      "RequestMethod": "PUT",
      "RequestBody": "{\r\n  \"properties\": {\r\n    \"publicIPAllocationMethod\": \"Dynamic\",\r\n    \"dnsSettings\": {\r\n      \"domainNameLabel\": \"dn5761\"\r\n    }\r\n  },\r\n  \"location\": \"SoutheastAsia\",\r\n  \"tags\": {\r\n    \"key\": \"value\"\r\n  }\r\n}",
      "RequestHeaders": {
        "x-ms-client-request-id": [
          "db96bda9-c3d0-42dd-9d79-18897d12fafa"
        ],
        "Accept-Language": [
          "en-US"
        ],
        "User-Agent": [
          "FxVersion/4.6.29518.01",
          "OSName/Windows",
          "OSVersion/Microsoft.Windows.10.0.19042.",
          "Microsoft.Azure.Management.Network.NetworkManagementClient/19.17.1.0"
        ],
        "Content-Type": [
          "application/json; charset=utf-8"
        ],
        "Content-Length": [
          "207"
        ]
      },
      "ResponseHeaders": {
        "Cache-Control": [
          "no-cache"
        ],
        "Pragma": [
          "no-cache"
        ],
        "Retry-After": [
          "1"
        ],
        "x-ms-request-id": [
          "34b4a6ac-c190-4960-b17d-ec7eebab487c"
        ],
        "Azure-AsyncOperation": [
          "https://management.azure.com/subscriptions/e37510d7-33b6-4676-886f-ee75bcc01871/providers/Microsoft.Network/locations/southeastasia/operations/34b4a6ac-c190-4960-b17d-ec7eebab487c?api-version=2019-09-01"
        ],
        "x-ms-correlation-request-id": [
          "74355615-10bf-4a91-9855-e284718056d0"
        ],
        "Azure-AsyncNotification": [
          "Enabled"
        ],
        "x-ms-arm-service-request-id": [
          "dd7f22f3-3559-4668-a1a8-8c0b5c9857fd"
        ],
        "Strict-Transport-Security": [
          "max-age=31536000; includeSubDomains"
        ],
        "Server": [
          "Microsoft-HTTPAPI/2.0",
          "Microsoft-HTTPAPI/2.0"
        ],
        "x-ms-ratelimit-remaining-subscription-writes": [
          "1199"
        ],
        "x-ms-routing-request-id": [
          "EASTUS2:20210619T024715Z:74355615-10bf-4a91-9855-e284718056d0"
        ],
        "X-Content-Type-Options": [
          "nosniff"
        ],
        "Date": [
          "Sat, 19 Jun 2021 02:47:15 GMT"
        ],
        "Content-Length": [
          "769"
        ],
        "Content-Type": [
          "application/json; charset=utf-8"
        ],
        "Expires": [
          "-1"
        ]
      },
      "ResponseBody": "{\r\n  \"name\": \"pip7819\",\r\n  \"id\": \"/subscriptions/e37510d7-33b6-4676-886f-ee75bcc01871/resourceGroups/crptestar5938/providers/Microsoft.Network/publicIPAddresses/pip7819\",\r\n  \"etag\": \"W/\\\"a17956e2-582b-4b9d-b224-7d50029499c9\\\"\",\r\n  \"location\": \"southeastasia\",\r\n  \"tags\": {\r\n    \"key\": \"value\"\r\n  },\r\n  \"properties\": {\r\n    \"provisioningState\": \"Updating\",\r\n    \"resourceGuid\": \"22c7e05d-cc52-46e6-91ff-6de7012eb490\",\r\n    \"publicIPAddressVersion\": \"IPv4\",\r\n    \"publicIPAllocationMethod\": \"Dynamic\",\r\n    \"idleTimeoutInMinutes\": 4,\r\n    \"dnsSettings\": {\r\n      \"domainNameLabel\": \"dn5761\",\r\n      \"fqdn\": \"dn5761.southeastasia.cloudapp.azure.com\"\r\n    },\r\n    \"ipTags\": []\r\n  },\r\n  \"type\": \"Microsoft.Network/publicIPAddresses\",\r\n  \"sku\": {\r\n    \"name\": \"Basic\"\r\n  }\r\n}",
      "StatusCode": 201
    },
    {
      "RequestUri": "/subscriptions/e37510d7-33b6-4676-886f-ee75bcc01871/providers/Microsoft.Network/locations/southeastasia/operations/34b4a6ac-c190-4960-b17d-ec7eebab487c?api-version=2019-09-01",
      "EncodedRequestUri": "L3N1YnNjcmlwdGlvbnMvZTM3NTEwZDctMzNiNi00Njc2LTg4NmYtZWU3NWJjYzAxODcxL3Byb3ZpZGVycy9NaWNyb3NvZnQuTmV0d29yay9sb2NhdGlvbnMvc291dGhlYXN0YXNpYS9vcGVyYXRpb25zLzM0YjRhNmFjLWMxOTAtNDk2MC1iMTdkLWVjN2VlYmFiNDg3Yz9hcGktdmVyc2lvbj0yMDE5LTA5LTAx",
      "RequestMethod": "GET",
      "RequestBody": "",
      "RequestHeaders": {
        "User-Agent": [
          "FxVersion/4.6.29518.01",
          "OSName/Windows",
          "OSVersion/Microsoft.Windows.10.0.19042.",
          "Microsoft.Azure.Management.Network.NetworkManagementClient/19.17.1.0"
        ]
      },
      "ResponseHeaders": {
        "Cache-Control": [
          "no-cache"
        ],
        "Pragma": [
          "no-cache"
        ],
        "x-ms-request-id": [
          "d957784b-e214-446d-8959-795682017b11"
        ],
        "x-ms-correlation-request-id": [
          "8882d214-6fdb-4979-b995-9e33b5cdf9f6"
        ],
        "x-ms-arm-service-request-id": [
          "c9240ca1-ded6-490b-af8c-7a3409911a02"
        ],
        "Strict-Transport-Security": [
          "max-age=31536000; includeSubDomains"
        ],
        "Server": [
          "Microsoft-HTTPAPI/2.0",
          "Microsoft-HTTPAPI/2.0"
        ],
        "x-ms-ratelimit-remaining-subscription-reads": [
          "11999"
        ],
        "x-ms-routing-request-id": [
          "EASTUS2:20210619T024717Z:8882d214-6fdb-4979-b995-9e33b5cdf9f6"
        ],
        "X-Content-Type-Options": [
          "nosniff"
        ],
        "Date": [
          "Sat, 19 Jun 2021 02:47:17 GMT"
        ],
        "Content-Length": [
          "29"
        ],
        "Content-Type": [
          "application/json; charset=utf-8"
        ],
        "Expires": [
          "-1"
        ]
      },
      "ResponseBody": "{\r\n  \"status\": \"Succeeded\"\r\n}",
      "StatusCode": 200
    },
    {
      "RequestUri": "/subscriptions/e37510d7-33b6-4676-886f-ee75bcc01871/resourceGroups/crptestar5938/providers/Microsoft.Network/publicIPAddresses/pip7819?api-version=2019-09-01",
      "EncodedRequestUri": "L3N1YnNjcmlwdGlvbnMvZTM3NTEwZDctMzNiNi00Njc2LTg4NmYtZWU3NWJjYzAxODcxL3Jlc291cmNlR3JvdXBzL2NycHRlc3RhcjU5MzgvcHJvdmlkZXJzL01pY3Jvc29mdC5OZXR3b3JrL3B1YmxpY0lQQWRkcmVzc2VzL3BpcDc4MTk/YXBpLXZlcnNpb249MjAxOS0wOS0wMQ==",
      "RequestMethod": "GET",
      "RequestBody": "",
      "RequestHeaders": {
        "User-Agent": [
          "FxVersion/4.6.29518.01",
          "OSName/Windows",
          "OSVersion/Microsoft.Windows.10.0.19042.",
          "Microsoft.Azure.Management.Network.NetworkManagementClient/19.17.1.0"
        ]
      },
      "ResponseHeaders": {
        "Cache-Control": [
          "no-cache"
        ],
        "Pragma": [
          "no-cache"
        ],
        "ETag": [
          "W/\"888ba51b-58ae-4239-9b19-b57d12e4c084\""
        ],
        "x-ms-request-id": [
          "1e28d391-10e8-4255-9fc9-938f1be42d16"
        ],
        "x-ms-correlation-request-id": [
          "bf80d1ff-2e17-4382-84dc-d1fc36337418"
        ],
        "x-ms-arm-service-request-id": [
          "ab3b9543-cdc9-44c0-999a-a75e4147bad4"
        ],
        "Strict-Transport-Security": [
          "max-age=31536000; includeSubDomains"
        ],
        "Server": [
          "Microsoft-HTTPAPI/2.0",
          "Microsoft-HTTPAPI/2.0"
        ],
        "x-ms-ratelimit-remaining-subscription-reads": [
          "11998"
        ],
        "x-ms-routing-request-id": [
          "EASTUS2:20210619T024717Z:bf80d1ff-2e17-4382-84dc-d1fc36337418"
        ],
        "X-Content-Type-Options": [
          "nosniff"
        ],
        "Date": [
          "Sat, 19 Jun 2021 02:47:17 GMT"
        ],
        "Content-Length": [
          "770"
        ],
        "Content-Type": [
          "application/json; charset=utf-8"
        ],
        "Expires": [
          "-1"
        ]
      },
      "ResponseBody": "{\r\n  \"name\": \"pip7819\",\r\n  \"id\": \"/subscriptions/e37510d7-33b6-4676-886f-ee75bcc01871/resourceGroups/crptestar5938/providers/Microsoft.Network/publicIPAddresses/pip7819\",\r\n  \"etag\": \"W/\\\"888ba51b-58ae-4239-9b19-b57d12e4c084\\\"\",\r\n  \"location\": \"southeastasia\",\r\n  \"tags\": {\r\n    \"key\": \"value\"\r\n  },\r\n  \"properties\": {\r\n    \"provisioningState\": \"Succeeded\",\r\n    \"resourceGuid\": \"22c7e05d-cc52-46e6-91ff-6de7012eb490\",\r\n    \"publicIPAddressVersion\": \"IPv4\",\r\n    \"publicIPAllocationMethod\": \"Dynamic\",\r\n    \"idleTimeoutInMinutes\": 4,\r\n    \"dnsSettings\": {\r\n      \"domainNameLabel\": \"dn5761\",\r\n      \"fqdn\": \"dn5761.southeastasia.cloudapp.azure.com\"\r\n    },\r\n    \"ipTags\": []\r\n  },\r\n  \"type\": \"Microsoft.Network/publicIPAddresses\",\r\n  \"sku\": {\r\n    \"name\": \"Basic\"\r\n  }\r\n}",
      "StatusCode": 200
    },
    {
      "RequestUri": "/subscriptions/e37510d7-33b6-4676-886f-ee75bcc01871/resourceGroups/crptestar5938/providers/Microsoft.Network/publicIPAddresses/pip7819?api-version=2019-09-01",
      "EncodedRequestUri": "L3N1YnNjcmlwdGlvbnMvZTM3NTEwZDctMzNiNi00Njc2LTg4NmYtZWU3NWJjYzAxODcxL3Jlc291cmNlR3JvdXBzL2NycHRlc3RhcjU5MzgvcHJvdmlkZXJzL01pY3Jvc29mdC5OZXR3b3JrL3B1YmxpY0lQQWRkcmVzc2VzL3BpcDc4MTk/YXBpLXZlcnNpb249MjAxOS0wOS0wMQ==",
      "RequestMethod": "GET",
      "RequestBody": "",
      "RequestHeaders": {
        "x-ms-client-request-id": [
          "807aa577-db5f-45d8-bcb7-ab7fd5bcac3c"
        ],
        "Accept-Language": [
          "en-US"
        ],
        "User-Agent": [
          "FxVersion/4.6.29518.01",
          "OSName/Windows",
          "OSVersion/Microsoft.Windows.10.0.19042.",
          "Microsoft.Azure.Management.Network.NetworkManagementClient/19.17.1.0"
        ]
      },
      "ResponseHeaders": {
        "Cache-Control": [
          "no-cache"
        ],
        "Pragma": [
          "no-cache"
        ],
        "ETag": [
          "W/\"888ba51b-58ae-4239-9b19-b57d12e4c084\""
        ],
        "x-ms-request-id": [
          "60c7520c-4489-4309-be5a-11fee2c39393"
        ],
        "x-ms-correlation-request-id": [
          "00cf2476-8288-4301-820e-3cd6d5e00140"
        ],
        "x-ms-arm-service-request-id": [
          "a691edcd-0bad-4ccf-bddd-0e688722898e"
        ],
        "Strict-Transport-Security": [
          "max-age=31536000; includeSubDomains"
        ],
        "Server": [
          "Microsoft-HTTPAPI/2.0",
          "Microsoft-HTTPAPI/2.0"
        ],
        "x-ms-ratelimit-remaining-subscription-reads": [
          "11997"
        ],
        "x-ms-routing-request-id": [
          "EASTUS2:20210619T024717Z:00cf2476-8288-4301-820e-3cd6d5e00140"
        ],
        "X-Content-Type-Options": [
          "nosniff"
        ],
        "Date": [
          "Sat, 19 Jun 2021 02:47:17 GMT"
        ],
        "Content-Length": [
          "770"
        ],
        "Content-Type": [
          "application/json; charset=utf-8"
        ],
        "Expires": [
          "-1"
        ]
      },
      "ResponseBody": "{\r\n  \"name\": \"pip7819\",\r\n  \"id\": \"/subscriptions/e37510d7-33b6-4676-886f-ee75bcc01871/resourceGroups/crptestar5938/providers/Microsoft.Network/publicIPAddresses/pip7819\",\r\n  \"etag\": \"W/\\\"888ba51b-58ae-4239-9b19-b57d12e4c084\\\"\",\r\n  \"location\": \"southeastasia\",\r\n  \"tags\": {\r\n    \"key\": \"value\"\r\n  },\r\n  \"properties\": {\r\n    \"provisioningState\": \"Succeeded\",\r\n    \"resourceGuid\": \"22c7e05d-cc52-46e6-91ff-6de7012eb490\",\r\n    \"publicIPAddressVersion\": \"IPv4\",\r\n    \"publicIPAllocationMethod\": \"Dynamic\",\r\n    \"idleTimeoutInMinutes\": 4,\r\n    \"dnsSettings\": {\r\n      \"domainNameLabel\": \"dn5761\",\r\n      \"fqdn\": \"dn5761.southeastasia.cloudapp.azure.com\"\r\n    },\r\n    \"ipTags\": []\r\n  },\r\n  \"type\": \"Microsoft.Network/publicIPAddresses\",\r\n  \"sku\": {\r\n    \"name\": \"Basic\"\r\n  }\r\n}",
      "StatusCode": 200
    },
    {
      "RequestUri": "/subscriptions/e37510d7-33b6-4676-886f-ee75bcc01871/resourceGroups/crptestar5938/providers/Microsoft.Network/virtualNetworks/vn1818?api-version=2019-09-01",
      "EncodedRequestUri": "L3N1YnNjcmlwdGlvbnMvZTM3NTEwZDctMzNiNi00Njc2LTg4NmYtZWU3NWJjYzAxODcxL3Jlc291cmNlR3JvdXBzL2NycHRlc3RhcjU5MzgvcHJvdmlkZXJzL01pY3Jvc29mdC5OZXR3b3JrL3ZpcnR1YWxOZXR3b3Jrcy92bjE4MTg/YXBpLXZlcnNpb249MjAxOS0wOS0wMQ==",
      "RequestMethod": "PUT",
      "RequestBody": "{\r\n  \"properties\": {\r\n    \"addressSpace\": {\r\n      \"addressPrefixes\": [\r\n        \"10.0.0.0/16\"\r\n      ]\r\n    },\r\n    \"subnets\": [\r\n      {\r\n        \"properties\": {\r\n          \"addressPrefix\": \"10.0.0.0/24\"\r\n        },\r\n        \"name\": \"sn1032\"\r\n      }\r\n    ]\r\n  },\r\n  \"location\": \"SoutheastAsia\"\r\n}",
      "RequestHeaders": {
        "x-ms-client-request-id": [
          "2f224328-13f0-484b-b8db-fdf7addac79e"
        ],
        "Accept-Language": [
          "en-US"
        ],
        "User-Agent": [
          "FxVersion/4.6.29518.01",
          "OSName/Windows",
          "OSVersion/Microsoft.Windows.10.0.19042.",
          "Microsoft.Azure.Management.Network.NetworkManagementClient/19.17.1.0"
        ],
        "Content-Type": [
          "application/json; charset=utf-8"
        ],
        "Content-Length": [
          "299"
        ]
      },
      "ResponseHeaders": {
        "Cache-Control": [
          "no-cache"
        ],
        "Pragma": [
          "no-cache"
        ],
        "Retry-After": [
          "3"
        ],
        "x-ms-request-id": [
          "6d984aa0-a326-40a5-a3be-05baa1970a97"
        ],
        "Azure-AsyncOperation": [
          "https://management.azure.com/subscriptions/e37510d7-33b6-4676-886f-ee75bcc01871/providers/Microsoft.Network/locations/southeastasia/operations/6d984aa0-a326-40a5-a3be-05baa1970a97?api-version=2019-09-01"
        ],
        "x-ms-correlation-request-id": [
          "cc2c0f78-c383-49b3-902e-5061032555c7"
        ],
        "Azure-AsyncNotification": [
          "Enabled"
        ],
        "x-ms-arm-service-request-id": [
          "b9141ea5-fbe2-46fc-b149-64c88d94d91d"
        ],
        "Strict-Transport-Security": [
          "max-age=31536000; includeSubDomains"
        ],
        "Server": [
          "Microsoft-HTTPAPI/2.0",
          "Microsoft-HTTPAPI/2.0"
        ],
        "x-ms-ratelimit-remaining-subscription-writes": [
          "1198"
        ],
        "x-ms-routing-request-id": [
          "EASTUS2:20210619T024722Z:cc2c0f78-c383-49b3-902e-5061032555c7"
        ],
        "X-Content-Type-Options": [
          "nosniff"
        ],
        "Date": [
          "Sat, 19 Jun 2021 02:47:22 GMT"
        ],
        "Content-Length": [
          "1218"
        ],
        "Content-Type": [
          "application/json; charset=utf-8"
        ],
        "Expires": [
          "-1"
        ]
      },
      "ResponseBody": "{\r\n  \"name\": \"vn1818\",\r\n  \"id\": \"/subscriptions/e37510d7-33b6-4676-886f-ee75bcc01871/resourceGroups/crptestar5938/providers/Microsoft.Network/virtualNetworks/vn1818\",\r\n  \"etag\": \"W/\\\"5e269f84-e8f3-4261-bf8f-01553b411699\\\"\",\r\n  \"type\": \"Microsoft.Network/virtualNetworks\",\r\n  \"location\": \"southeastasia\",\r\n  \"properties\": {\r\n    \"provisioningState\": \"Updating\",\r\n    \"resourceGuid\": \"90cd422d-3ee9-4520-8ffb-3c492ca00f87\",\r\n    \"addressSpace\": {\r\n      \"addressPrefixes\": [\r\n        \"10.0.0.0/16\"\r\n      ]\r\n    },\r\n    \"subnets\": [\r\n      {\r\n        \"name\": \"sn1032\",\r\n        \"id\": \"/subscriptions/e37510d7-33b6-4676-886f-ee75bcc01871/resourceGroups/crptestar5938/providers/Microsoft.Network/virtualNetworks/vn1818/subnets/sn1032\",\r\n        \"etag\": \"W/\\\"5e269f84-e8f3-4261-bf8f-01553b411699\\\"\",\r\n        \"properties\": {\r\n          \"provisioningState\": \"Updating\",\r\n          \"addressPrefix\": \"10.0.0.0/24\",\r\n          \"delegations\": [],\r\n          \"privateEndpointNetworkPolicies\": \"Enabled\",\r\n          \"privateLinkServiceNetworkPolicies\": \"Enabled\"\r\n        },\r\n        \"type\": \"Microsoft.Network/virtualNetworks/subnets\"\r\n      }\r\n    ],\r\n    \"virtualNetworkPeerings\": [],\r\n    \"enableDdosProtection\": false\r\n  }\r\n}",
      "StatusCode": 201
    },
    {
      "RequestUri": "/subscriptions/e37510d7-33b6-4676-886f-ee75bcc01871/providers/Microsoft.Network/locations/southeastasia/operations/6d984aa0-a326-40a5-a3be-05baa1970a97?api-version=2019-09-01",
      "EncodedRequestUri": "L3N1YnNjcmlwdGlvbnMvZTM3NTEwZDctMzNiNi00Njc2LTg4NmYtZWU3NWJjYzAxODcxL3Byb3ZpZGVycy9NaWNyb3NvZnQuTmV0d29yay9sb2NhdGlvbnMvc291dGhlYXN0YXNpYS9vcGVyYXRpb25zLzZkOTg0YWEwLWEzMjYtNDBhNS1hM2JlLTA1YmFhMTk3MGE5Nz9hcGktdmVyc2lvbj0yMDE5LTA5LTAx",
      "RequestMethod": "GET",
      "RequestBody": "",
      "RequestHeaders": {
        "User-Agent": [
          "FxVersion/4.6.29518.01",
          "OSName/Windows",
          "OSVersion/Microsoft.Windows.10.0.19042.",
          "Microsoft.Azure.Management.Network.NetworkManagementClient/19.17.1.0"
        ]
      },
      "ResponseHeaders": {
        "Cache-Control": [
          "no-cache"
        ],
        "Pragma": [
          "no-cache"
        ],
        "x-ms-request-id": [
          "8c1b574d-2960-4e7f-b15e-2c0e19a13f05"
        ],
        "x-ms-correlation-request-id": [
          "cd538dc5-3d29-43f6-affc-51ac0bbd1231"
        ],
        "x-ms-arm-service-request-id": [
          "3d5d6529-46b3-43c0-a859-650bcddfc36b"
        ],
        "Strict-Transport-Security": [
          "max-age=31536000; includeSubDomains"
        ],
        "Server": [
          "Microsoft-HTTPAPI/2.0",
          "Microsoft-HTTPAPI/2.0"
        ],
        "x-ms-ratelimit-remaining-subscription-reads": [
          "11996"
        ],
        "x-ms-routing-request-id": [
          "EASTUS2:20210619T024725Z:cd538dc5-3d29-43f6-affc-51ac0bbd1231"
        ],
        "X-Content-Type-Options": [
          "nosniff"
        ],
        "Date": [
          "Sat, 19 Jun 2021 02:47:25 GMT"
        ],
        "Content-Length": [
          "29"
        ],
        "Content-Type": [
          "application/json; charset=utf-8"
        ],
        "Expires": [
          "-1"
        ]
      },
      "ResponseBody": "{\r\n  \"status\": \"Succeeded\"\r\n}",
      "StatusCode": 200
    },
    {
      "RequestUri": "/subscriptions/e37510d7-33b6-4676-886f-ee75bcc01871/resourceGroups/crptestar5938/providers/Microsoft.Network/virtualNetworks/vn1818?api-version=2019-09-01",
      "EncodedRequestUri": "L3N1YnNjcmlwdGlvbnMvZTM3NTEwZDctMzNiNi00Njc2LTg4NmYtZWU3NWJjYzAxODcxL3Jlc291cmNlR3JvdXBzL2NycHRlc3RhcjU5MzgvcHJvdmlkZXJzL01pY3Jvc29mdC5OZXR3b3JrL3ZpcnR1YWxOZXR3b3Jrcy92bjE4MTg/YXBpLXZlcnNpb249MjAxOS0wOS0wMQ==",
      "RequestMethod": "GET",
      "RequestBody": "",
      "RequestHeaders": {
        "User-Agent": [
          "FxVersion/4.6.29518.01",
          "OSName/Windows",
          "OSVersion/Microsoft.Windows.10.0.19042.",
          "Microsoft.Azure.Management.Network.NetworkManagementClient/19.17.1.0"
        ]
      },
      "ResponseHeaders": {
        "Cache-Control": [
          "no-cache"
        ],
        "Pragma": [
          "no-cache"
        ],
        "ETag": [
          "W/\"bb0217c0-e70a-453c-b8c0-84d0d257548f\""
        ],
        "x-ms-request-id": [
          "bd3905fb-1829-441a-8112-2d355b916ca2"
        ],
        "x-ms-correlation-request-id": [
          "b483a1f8-d8b1-4fd8-a7c1-dabd30bf4655"
        ],
        "x-ms-arm-service-request-id": [
          "76d22d8d-54a5-4b1f-8ca0-9013d0e443ec"
        ],
        "Strict-Transport-Security": [
          "max-age=31536000; includeSubDomains"
        ],
        "Server": [
          "Microsoft-HTTPAPI/2.0",
          "Microsoft-HTTPAPI/2.0"
        ],
        "x-ms-ratelimit-remaining-subscription-reads": [
          "11995"
        ],
        "x-ms-routing-request-id": [
          "EASTUS2:20210619T024725Z:b483a1f8-d8b1-4fd8-a7c1-dabd30bf4655"
        ],
        "X-Content-Type-Options": [
          "nosniff"
        ],
        "Date": [
          "Sat, 19 Jun 2021 02:47:25 GMT"
        ],
        "Content-Length": [
          "1220"
        ],
        "Content-Type": [
          "application/json; charset=utf-8"
        ],
        "Expires": [
          "-1"
        ]
      },
      "ResponseBody": "{\r\n  \"name\": \"vn1818\",\r\n  \"id\": \"/subscriptions/e37510d7-33b6-4676-886f-ee75bcc01871/resourceGroups/crptestar5938/providers/Microsoft.Network/virtualNetworks/vn1818\",\r\n  \"etag\": \"W/\\\"bb0217c0-e70a-453c-b8c0-84d0d257548f\\\"\",\r\n  \"type\": \"Microsoft.Network/virtualNetworks\",\r\n  \"location\": \"southeastasia\",\r\n  \"properties\": {\r\n    \"provisioningState\": \"Succeeded\",\r\n    \"resourceGuid\": \"90cd422d-3ee9-4520-8ffb-3c492ca00f87\",\r\n    \"addressSpace\": {\r\n      \"addressPrefixes\": [\r\n        \"10.0.0.0/16\"\r\n      ]\r\n    },\r\n    \"subnets\": [\r\n      {\r\n        \"name\": \"sn1032\",\r\n        \"id\": \"/subscriptions/e37510d7-33b6-4676-886f-ee75bcc01871/resourceGroups/crptestar5938/providers/Microsoft.Network/virtualNetworks/vn1818/subnets/sn1032\",\r\n        \"etag\": \"W/\\\"bb0217c0-e70a-453c-b8c0-84d0d257548f\\\"\",\r\n        \"properties\": {\r\n          \"provisioningState\": \"Succeeded\",\r\n          \"addressPrefix\": \"10.0.0.0/24\",\r\n          \"delegations\": [],\r\n          \"privateEndpointNetworkPolicies\": \"Enabled\",\r\n          \"privateLinkServiceNetworkPolicies\": \"Enabled\"\r\n        },\r\n        \"type\": \"Microsoft.Network/virtualNetworks/subnets\"\r\n      }\r\n    ],\r\n    \"virtualNetworkPeerings\": [],\r\n    \"enableDdosProtection\": false\r\n  }\r\n}",
      "StatusCode": 200
    },
    {
      "RequestUri": "/subscriptions/e37510d7-33b6-4676-886f-ee75bcc01871/resourceGroups/crptestar5938/providers/Microsoft.Network/virtualNetworks/vn1818/subnets/sn1032?api-version=2019-09-01",
      "EncodedRequestUri": "L3N1YnNjcmlwdGlvbnMvZTM3NTEwZDctMzNiNi00Njc2LTg4NmYtZWU3NWJjYzAxODcxL3Jlc291cmNlR3JvdXBzL2NycHRlc3RhcjU5MzgvcHJvdmlkZXJzL01pY3Jvc29mdC5OZXR3b3JrL3ZpcnR1YWxOZXR3b3Jrcy92bjE4MTgvc3VibmV0cy9zbjEwMzI/YXBpLXZlcnNpb249MjAxOS0wOS0wMQ==",
      "RequestMethod": "GET",
      "RequestBody": "",
      "RequestHeaders": {
        "x-ms-client-request-id": [
          "17eb5b0a-316f-4cb1-a74f-32249d885679"
        ],
        "Accept-Language": [
          "en-US"
        ],
        "User-Agent": [
          "FxVersion/4.6.29518.01",
          "OSName/Windows",
          "OSVersion/Microsoft.Windows.10.0.19042.",
          "Microsoft.Azure.Management.Network.NetworkManagementClient/19.17.1.0"
        ]
      },
      "ResponseHeaders": {
        "Cache-Control": [
          "no-cache"
        ],
        "Pragma": [
          "no-cache"
        ],
        "ETag": [
          "W/\"bb0217c0-e70a-453c-b8c0-84d0d257548f\""
        ],
        "x-ms-request-id": [
          "bebfbc9c-8289-4574-91dc-04372f7e6555"
        ],
        "x-ms-correlation-request-id": [
          "e0c3f07c-3e47-46c2-b4fe-a56d1537c777"
        ],
        "x-ms-arm-service-request-id": [
          "52e281ba-e362-4e8e-b2a6-4f51b6d815f2"
        ],
        "Strict-Transport-Security": [
          "max-age=31536000; includeSubDomains"
        ],
        "Server": [
          "Microsoft-HTTPAPI/2.0",
          "Microsoft-HTTPAPI/2.0"
        ],
        "x-ms-ratelimit-remaining-subscription-reads": [
          "11994"
        ],
        "x-ms-routing-request-id": [
          "EASTUS2:20210619T024726Z:e0c3f07c-3e47-46c2-b4fe-a56d1537c777"
        ],
        "X-Content-Type-Options": [
          "nosniff"
        ],
        "Date": [
          "Sat, 19 Jun 2021 02:47:25 GMT"
        ],
        "Content-Length": [
          "523"
        ],
        "Content-Type": [
          "application/json; charset=utf-8"
        ],
        "Expires": [
          "-1"
        ]
      },
      "ResponseBody": "{\r\n  \"name\": \"sn1032\",\r\n  \"id\": \"/subscriptions/e37510d7-33b6-4676-886f-ee75bcc01871/resourceGroups/crptestar5938/providers/Microsoft.Network/virtualNetworks/vn1818/subnets/sn1032\",\r\n  \"etag\": \"W/\\\"bb0217c0-e70a-453c-b8c0-84d0d257548f\\\"\",\r\n  \"properties\": {\r\n    \"provisioningState\": \"Succeeded\",\r\n    \"addressPrefix\": \"10.0.0.0/24\",\r\n    \"delegations\": [],\r\n    \"privateEndpointNetworkPolicies\": \"Enabled\",\r\n    \"privateLinkServiceNetworkPolicies\": \"Enabled\"\r\n  },\r\n  \"type\": \"Microsoft.Network/virtualNetworks/subnets\"\r\n}",
      "StatusCode": 200
    },
    {
      "RequestUri": "/subscriptions/e37510d7-33b6-4676-886f-ee75bcc01871/resourceGroups/crptestar5938/providers/Microsoft.Network/networkInterfaces/nic8778?api-version=2019-09-01",
      "EncodedRequestUri": "L3N1YnNjcmlwdGlvbnMvZTM3NTEwZDctMzNiNi00Njc2LTg4NmYtZWU3NWJjYzAxODcxL3Jlc291cmNlR3JvdXBzL2NycHRlc3RhcjU5MzgvcHJvdmlkZXJzL01pY3Jvc29mdC5OZXR3b3JrL25ldHdvcmtJbnRlcmZhY2VzL25pYzg3Nzg/YXBpLXZlcnNpb249MjAxOS0wOS0wMQ==",
      "RequestMethod": "PUT",
      "RequestBody": "{\r\n  \"properties\": {\r\n    \"ipConfigurations\": [\r\n      {\r\n        \"properties\": {\r\n          \"privateIPAllocationMethod\": \"Dynamic\",\r\n          \"subnet\": {\r\n            \"properties\": {\r\n              \"addressPrefix\": \"10.0.0.0/24\",\r\n              \"delegations\": [],\r\n              \"privateEndpointNetworkPolicies\": \"Enabled\",\r\n              \"privateLinkServiceNetworkPolicies\": \"Enabled\"\r\n            },\r\n            \"name\": \"sn1032\",\r\n            \"id\": \"/subscriptions/e37510d7-33b6-4676-886f-ee75bcc01871/resourceGroups/crptestar5938/providers/Microsoft.Network/virtualNetworks/vn1818/subnets/sn1032\"\r\n          }\r\n        },\r\n        \"name\": \"ip5769\"\r\n      }\r\n    ]\r\n  },\r\n  \"location\": \"SoutheastAsia\",\r\n  \"tags\": {\r\n    \"key\": \"value\"\r\n  }\r\n}",
      "RequestHeaders": {
        "x-ms-client-request-id": [
          "82a9ee60-2896-45aa-bc3d-b3bc6c765313"
        ],
        "Accept-Language": [
          "en-US"
        ],
        "User-Agent": [
          "FxVersion/4.6.29518.01",
          "OSName/Windows",
          "OSVersion/Microsoft.Windows.10.0.19042.",
          "Microsoft.Azure.Management.Network.NetworkManagementClient/19.17.1.0"
        ],
        "Content-Type": [
          "application/json; charset=utf-8"
        ],
        "Content-Length": [
          "748"
        ]
      },
      "ResponseHeaders": {
        "Cache-Control": [
          "no-cache"
        ],
        "Pragma": [
          "no-cache"
        ],
        "x-ms-request-id": [
          "a1586094-0e59-4158-aca7-164831108fdb"
        ],
        "Azure-AsyncOperation": [
          "https://management.azure.com/subscriptions/e37510d7-33b6-4676-886f-ee75bcc01871/providers/Microsoft.Network/locations/southeastasia/operations/a1586094-0e59-4158-aca7-164831108fdb?api-version=2019-09-01"
        ],
        "x-ms-correlation-request-id": [
          "a28669f9-12af-462f-93ac-e1e96d693a91"
        ],
        "Azure-AsyncNotification": [
          "Enabled"
        ],
        "x-ms-arm-service-request-id": [
          "28b68dff-1db0-4f04-8ffd-ea627108c793"
        ],
        "Strict-Transport-Security": [
          "max-age=31536000; includeSubDomains"
        ],
        "Server": [
          "Microsoft-HTTPAPI/2.0",
          "Microsoft-HTTPAPI/2.0"
        ],
        "x-ms-ratelimit-remaining-subscription-writes": [
          "1197"
        ],
        "x-ms-routing-request-id": [
          "EASTUS2:20210619T024730Z:a28669f9-12af-462f-93ac-e1e96d693a91"
        ],
        "X-Content-Type-Options": [
          "nosniff"
        ],
        "Date": [
          "Sat, 19 Jun 2021 02:47:30 GMT"
        ],
        "Content-Length": [
          "1631"
        ],
        "Content-Type": [
          "application/json; charset=utf-8"
        ],
        "Expires": [
          "-1"
        ]
      },
      "ResponseBody": "{\r\n  \"name\": \"nic8778\",\r\n  \"id\": \"/subscriptions/e37510d7-33b6-4676-886f-ee75bcc01871/resourceGroups/crptestar5938/providers/Microsoft.Network/networkInterfaces/nic8778\",\r\n  \"etag\": \"W/\\\"6671e949-faea-4b50-bd39-ef10d2b879ce\\\"\",\r\n  \"location\": \"southeastasia\",\r\n  \"tags\": {\r\n    \"key\": \"value\"\r\n  },\r\n  \"properties\": {\r\n    \"provisioningState\": \"Succeeded\",\r\n    \"resourceGuid\": \"83756d71-2b25-4487-8a3c-16c3ea7f131a\",\r\n    \"ipConfigurations\": [\r\n      {\r\n        \"name\": \"ip5769\",\r\n        \"id\": \"/subscriptions/e37510d7-33b6-4676-886f-ee75bcc01871/resourceGroups/crptestar5938/providers/Microsoft.Network/networkInterfaces/nic8778/ipConfigurations/ip5769\",\r\n        \"etag\": \"W/\\\"6671e949-faea-4b50-bd39-ef10d2b879ce\\\"\",\r\n        \"type\": \"Microsoft.Network/networkInterfaces/ipConfigurations\",\r\n        \"properties\": {\r\n          \"provisioningState\": \"Succeeded\",\r\n          \"privateIPAddress\": \"10.0.0.4\",\r\n          \"privateIPAllocationMethod\": \"Dynamic\",\r\n          \"subnet\": {\r\n            \"id\": \"/subscriptions/e37510d7-33b6-4676-886f-ee75bcc01871/resourceGroups/crptestar5938/providers/Microsoft.Network/virtualNetworks/vn1818/subnets/sn1032\"\r\n          },\r\n          \"primary\": true,\r\n          \"privateIPAddressVersion\": \"IPv4\"\r\n        }\r\n      }\r\n    ],\r\n    \"dnsSettings\": {\r\n      \"dnsServers\": [],\r\n      \"appliedDnsServers\": [],\r\n      \"internalDomainNameSuffix\": \"fvbm1ehjhyqeld51hresziapqh.ix.internal.cloudapp.net\"\r\n    },\r\n    \"enableAcceleratedNetworking\": false,\r\n    \"enableIPForwarding\": false,\r\n    \"hostedWorkloads\": [],\r\n    \"tapConfigurations\": []\r\n  },\r\n  \"type\": \"Microsoft.Network/networkInterfaces\"\r\n}",
      "StatusCode": 201
    },
    {
      "RequestUri": "/subscriptions/e37510d7-33b6-4676-886f-ee75bcc01871/resourceGroups/crptestar5938/providers/Microsoft.Network/networkInterfaces/nic8778?api-version=2019-09-01",
      "EncodedRequestUri": "L3N1YnNjcmlwdGlvbnMvZTM3NTEwZDctMzNiNi00Njc2LTg4NmYtZWU3NWJjYzAxODcxL3Jlc291cmNlR3JvdXBzL2NycHRlc3RhcjU5MzgvcHJvdmlkZXJzL01pY3Jvc29mdC5OZXR3b3JrL25ldHdvcmtJbnRlcmZhY2VzL25pYzg3Nzg/YXBpLXZlcnNpb249MjAxOS0wOS0wMQ==",
      "RequestMethod": "GET",
      "RequestBody": "",
      "RequestHeaders": {
        "User-Agent": [
          "FxVersion/4.6.29518.01",
          "OSName/Windows",
          "OSVersion/Microsoft.Windows.10.0.19042.",
          "Microsoft.Azure.Management.Network.NetworkManagementClient/19.17.1.0"
        ]
      },
      "ResponseHeaders": {
        "Cache-Control": [
          "no-cache"
        ],
        "Pragma": [
          "no-cache"
        ],
        "ETag": [
          "W/\"6671e949-faea-4b50-bd39-ef10d2b879ce\""
        ],
        "x-ms-request-id": [
          "62d4ae83-3226-4842-9681-ebbc53e2aa09"
        ],
        "x-ms-correlation-request-id": [
          "59ed1abc-c41c-43d7-9e93-52b15e7863a7"
        ],
        "x-ms-arm-service-request-id": [
          "d316eb5f-fc6a-4bd6-aedb-ba0f6dfb9faa"
        ],
        "Strict-Transport-Security": [
          "max-age=31536000; includeSubDomains"
        ],
        "Server": [
          "Microsoft-HTTPAPI/2.0",
          "Microsoft-HTTPAPI/2.0"
        ],
        "x-ms-ratelimit-remaining-subscription-reads": [
          "11993"
        ],
        "x-ms-routing-request-id": [
          "EASTUS2:20210619T024730Z:59ed1abc-c41c-43d7-9e93-52b15e7863a7"
        ],
        "X-Content-Type-Options": [
          "nosniff"
        ],
        "Date": [
          "Sat, 19 Jun 2021 02:47:30 GMT"
        ],
        "Content-Length": [
          "1631"
        ],
        "Content-Type": [
          "application/json; charset=utf-8"
        ],
        "Expires": [
          "-1"
        ]
      },
      "ResponseBody": "{\r\n  \"name\": \"nic8778\",\r\n  \"id\": \"/subscriptions/e37510d7-33b6-4676-886f-ee75bcc01871/resourceGroups/crptestar5938/providers/Microsoft.Network/networkInterfaces/nic8778\",\r\n  \"etag\": \"W/\\\"6671e949-faea-4b50-bd39-ef10d2b879ce\\\"\",\r\n  \"location\": \"southeastasia\",\r\n  \"tags\": {\r\n    \"key\": \"value\"\r\n  },\r\n  \"properties\": {\r\n    \"provisioningState\": \"Succeeded\",\r\n    \"resourceGuid\": \"83756d71-2b25-4487-8a3c-16c3ea7f131a\",\r\n    \"ipConfigurations\": [\r\n      {\r\n        \"name\": \"ip5769\",\r\n        \"id\": \"/subscriptions/e37510d7-33b6-4676-886f-ee75bcc01871/resourceGroups/crptestar5938/providers/Microsoft.Network/networkInterfaces/nic8778/ipConfigurations/ip5769\",\r\n        \"etag\": \"W/\\\"6671e949-faea-4b50-bd39-ef10d2b879ce\\\"\",\r\n        \"type\": \"Microsoft.Network/networkInterfaces/ipConfigurations\",\r\n        \"properties\": {\r\n          \"provisioningState\": \"Succeeded\",\r\n          \"privateIPAddress\": \"10.0.0.4\",\r\n          \"privateIPAllocationMethod\": \"Dynamic\",\r\n          \"subnet\": {\r\n            \"id\": \"/subscriptions/e37510d7-33b6-4676-886f-ee75bcc01871/resourceGroups/crptestar5938/providers/Microsoft.Network/virtualNetworks/vn1818/subnets/sn1032\"\r\n          },\r\n          \"primary\": true,\r\n          \"privateIPAddressVersion\": \"IPv4\"\r\n        }\r\n      }\r\n    ],\r\n    \"dnsSettings\": {\r\n      \"dnsServers\": [],\r\n      \"appliedDnsServers\": [],\r\n      \"internalDomainNameSuffix\": \"fvbm1ehjhyqeld51hresziapqh.ix.internal.cloudapp.net\"\r\n    },\r\n    \"enableAcceleratedNetworking\": false,\r\n    \"enableIPForwarding\": false,\r\n    \"hostedWorkloads\": [],\r\n    \"tapConfigurations\": []\r\n  },\r\n  \"type\": \"Microsoft.Network/networkInterfaces\"\r\n}",
      "StatusCode": 200
    },
    {
      "RequestUri": "/subscriptions/e37510d7-33b6-4676-886f-ee75bcc01871/resourceGroups/crptestar5938/providers/Microsoft.Network/networkInterfaces/nic8778?api-version=2019-09-01",
      "EncodedRequestUri": "L3N1YnNjcmlwdGlvbnMvZTM3NTEwZDctMzNiNi00Njc2LTg4NmYtZWU3NWJjYzAxODcxL3Jlc291cmNlR3JvdXBzL2NycHRlc3RhcjU5MzgvcHJvdmlkZXJzL01pY3Jvc29mdC5OZXR3b3JrL25ldHdvcmtJbnRlcmZhY2VzL25pYzg3Nzg/YXBpLXZlcnNpb249MjAxOS0wOS0wMQ==",
      "RequestMethod": "GET",
      "RequestBody": "",
      "RequestHeaders": {
        "x-ms-client-request-id": [
          "e293b418-45f1-4454-b965-847d9f448358"
        ],
        "Accept-Language": [
          "en-US"
        ],
        "User-Agent": [
          "FxVersion/4.6.29518.01",
          "OSName/Windows",
          "OSVersion/Microsoft.Windows.10.0.19042.",
          "Microsoft.Azure.Management.Network.NetworkManagementClient/19.17.1.0"
        ]
      },
      "ResponseHeaders": {
        "Cache-Control": [
          "no-cache"
        ],
        "Pragma": [
          "no-cache"
        ],
        "ETag": [
          "W/\"6671e949-faea-4b50-bd39-ef10d2b879ce\""
        ],
        "x-ms-request-id": [
          "c75161f4-d133-49b2-9a16-b7245e639e60"
        ],
        "x-ms-correlation-request-id": [
          "c99c95c8-483e-46c7-b1a5-e5f844dbd595"
        ],
        "x-ms-arm-service-request-id": [
          "4406376e-515b-45f8-96e6-511360ff7447"
        ],
        "Strict-Transport-Security": [
          "max-age=31536000; includeSubDomains"
        ],
        "Server": [
          "Microsoft-HTTPAPI/2.0",
          "Microsoft-HTTPAPI/2.0"
        ],
        "x-ms-ratelimit-remaining-subscription-reads": [
          "11992"
        ],
        "x-ms-routing-request-id": [
          "EASTUS2:20210619T024730Z:c99c95c8-483e-46c7-b1a5-e5f844dbd595"
        ],
        "X-Content-Type-Options": [
          "nosniff"
        ],
        "Date": [
          "Sat, 19 Jun 2021 02:47:30 GMT"
        ],
        "Content-Length": [
          "1631"
        ],
        "Content-Type": [
          "application/json; charset=utf-8"
        ],
        "Expires": [
          "-1"
        ]
      },
      "ResponseBody": "{\r\n  \"name\": \"nic8778\",\r\n  \"id\": \"/subscriptions/e37510d7-33b6-4676-886f-ee75bcc01871/resourceGroups/crptestar5938/providers/Microsoft.Network/networkInterfaces/nic8778\",\r\n  \"etag\": \"W/\\\"6671e949-faea-4b50-bd39-ef10d2b879ce\\\"\",\r\n  \"location\": \"southeastasia\",\r\n  \"tags\": {\r\n    \"key\": \"value\"\r\n  },\r\n  \"properties\": {\r\n    \"provisioningState\": \"Succeeded\",\r\n    \"resourceGuid\": \"83756d71-2b25-4487-8a3c-16c3ea7f131a\",\r\n    \"ipConfigurations\": [\r\n      {\r\n        \"name\": \"ip5769\",\r\n        \"id\": \"/subscriptions/e37510d7-33b6-4676-886f-ee75bcc01871/resourceGroups/crptestar5938/providers/Microsoft.Network/networkInterfaces/nic8778/ipConfigurations/ip5769\",\r\n        \"etag\": \"W/\\\"6671e949-faea-4b50-bd39-ef10d2b879ce\\\"\",\r\n        \"type\": \"Microsoft.Network/networkInterfaces/ipConfigurations\",\r\n        \"properties\": {\r\n          \"provisioningState\": \"Succeeded\",\r\n          \"privateIPAddress\": \"10.0.0.4\",\r\n          \"privateIPAllocationMethod\": \"Dynamic\",\r\n          \"subnet\": {\r\n            \"id\": \"/subscriptions/e37510d7-33b6-4676-886f-ee75bcc01871/resourceGroups/crptestar5938/providers/Microsoft.Network/virtualNetworks/vn1818/subnets/sn1032\"\r\n          },\r\n          \"primary\": true,\r\n          \"privateIPAddressVersion\": \"IPv4\"\r\n        }\r\n      }\r\n    ],\r\n    \"dnsSettings\": {\r\n      \"dnsServers\": [],\r\n      \"appliedDnsServers\": [],\r\n      \"internalDomainNameSuffix\": \"fvbm1ehjhyqeld51hresziapqh.ix.internal.cloudapp.net\"\r\n    },\r\n    \"enableAcceleratedNetworking\": false,\r\n    \"enableIPForwarding\": false,\r\n    \"hostedWorkloads\": [],\r\n    \"tapConfigurations\": []\r\n  },\r\n  \"type\": \"Microsoft.Network/networkInterfaces\"\r\n}",
      "StatusCode": 200
    },
    {
      "RequestUri": "/subscriptions/e37510d7-33b6-4676-886f-ee75bcc01871/resourceGroups/crptestar5938/providers/Microsoft.Compute/availabilitySets/avSet1561?api-version=2021-04-01",
      "EncodedRequestUri": "L3N1YnNjcmlwdGlvbnMvZTM3NTEwZDctMzNiNi00Njc2LTg4NmYtZWU3NWJjYzAxODcxL3Jlc291cmNlR3JvdXBzL2NycHRlc3RhcjU5MzgvcHJvdmlkZXJzL01pY3Jvc29mdC5Db21wdXRlL2F2YWlsYWJpbGl0eVNldHMvYXZTZXQxNTYxP2FwaS12ZXJzaW9uPTIwMjEtMDQtMDE=",
      "RequestMethod": "PUT",
      "RequestBody": "{\r\n  \"properties\": {\r\n    \"platformUpdateDomainCount\": 1,\r\n    \"platformFaultDomainCount\": 1\r\n  },\r\n  \"sku\": {\r\n    \"name\": \"Aligned\"\r\n  },\r\n  \"location\": \"SoutheastAsia\",\r\n  \"tags\": {\r\n    \"RG\": \"rg\",\r\n    \"testTag\": \"1\"\r\n  }\r\n}",
      "RequestHeaders": {
        "x-ms-client-request-id": [
          "44136d68-12e0-4985-992c-dc7d7f99ec0c"
        ],
        "Accept-Language": [
          "en-US"
        ],
        "User-Agent": [
          "FxVersion/4.6.29518.01",
          "OSName/Windows",
          "OSVersion/Microsoft.Windows.10.0.19042.",
          "Microsoft.Azure.Management.Compute.ComputeManagementClient/47.0.0"
        ],
        "Content-Type": [
          "application/json; charset=utf-8"
        ],
        "Content-Length": [
          "229"
        ]
      },
      "ResponseHeaders": {
        "Cache-Control": [
          "no-cache"
        ],
        "Pragma": [
          "no-cache"
        ],
        "x-ms-ratelimit-remaining-resource": [
          "Microsoft.Compute/PutVM3Min;239,Microsoft.Compute/PutVM30Min;1199"
        ],
        "Strict-Transport-Security": [
          "max-age=31536000; includeSubDomains"
        ],
        "x-ms-request-id": [
          "b416ec9f-a4a4-40e1-8cea-090fd1b9470b"
        ],
        "x-ms-ratelimit-remaining-subscription-writes": [
          "1199"
        ],
        "Server": [
          "Microsoft-HTTPAPI/2.0",
          "Microsoft-HTTPAPI/2.0"
        ],
        "x-ms-correlation-request-id": [
          "bd552b5b-fa4d-463e-8bf8-32655777b3ec"
        ],
        "x-ms-routing-request-id": [
          "EASTUS2:20210619T024740Z:bd552b5b-fa4d-463e-8bf8-32655777b3ec"
        ],
        "X-Content-Type-Options": [
          "nosniff"
        ],
        "Date": [
          "Sat, 19 Jun 2021 02:47:40 GMT"
        ],
        "Content-Length": [
          "450"
        ],
        "Content-Type": [
          "application/json; charset=utf-8"
        ],
        "Expires": [
          "-1"
        ]
      },
      "ResponseBody": "{\r\n  \"name\": \"avSet1561\",\r\n  \"id\": \"/subscriptions/e37510d7-33b6-4676-886f-ee75bcc01871/resourceGroups/crptestar5938/providers/Microsoft.Compute/availabilitySets/avSet1561\",\r\n  \"type\": \"Microsoft.Compute/availabilitySets\",\r\n  \"location\": \"southeastasia\",\r\n  \"tags\": {\r\n    \"RG\": \"rg\",\r\n    \"testTag\": \"1\"\r\n  },\r\n  \"properties\": {\r\n    \"platformUpdateDomainCount\": 1,\r\n    \"platformFaultDomainCount\": 1\r\n  },\r\n  \"sku\": {\r\n    \"name\": \"Aligned\"\r\n  }\r\n}",
      "StatusCode": 200
    },
    {
      "RequestUri": "/subscriptions/e37510d7-33b6-4676-886f-ee75bcc01871/resourceGroups/crptestar5938/providers/Microsoft.Compute/virtualMachines/vm8776?api-version=2021-04-01",
      "EncodedRequestUri": "L3N1YnNjcmlwdGlvbnMvZTM3NTEwZDctMzNiNi00Njc2LTg4NmYtZWU3NWJjYzAxODcxL3Jlc291cmNlR3JvdXBzL2NycHRlc3RhcjU5MzgvcHJvdmlkZXJzL01pY3Jvc29mdC5Db21wdXRlL3ZpcnR1YWxNYWNoaW5lcy92bTg3NzY/YXBpLXZlcnNpb249MjAyMS0wNC0wMQ==",
      "RequestMethod": "PUT",
      "RequestBody": "{\r\n  \"properties\": {\r\n    \"hardwareProfile\": {\r\n      \"vmSize\": \"Standard_A1_v2\"\r\n    },\r\n    \"storageProfile\": {\r\n      \"imageReference\": {\r\n        \"publisher\": \"MicrosoftWindowsServer\",\r\n        \"offer\": \"WindowsServer\",\r\n        \"sku\": \"2012-R2-Datacenter\",\r\n        \"version\": \"4.127.20180315\"\r\n      },\r\n      \"osDisk\": {\r\n        \"name\": \"test\",\r\n        \"caching\": \"None\",\r\n        \"createOption\": \"FromImage\",\r\n        \"managedDisk\": {\r\n          \"storageAccountType\": \"Standard_LRS\"\r\n        }\r\n      },\r\n      \"dataDisks\": [\r\n        {\r\n          \"lun\": 0,\r\n          \"caching\": \"None\",\r\n          \"createOption\": \"Empty\",\r\n          \"diskSizeGB\": 30,\r\n          \"managedDisk\": {\r\n            \"storageAccountType\": \"Standard_LRS\"\r\n          }\r\n        }\r\n      ]\r\n    },\r\n    \"osProfile\": {\r\n      \"computerName\": \"Test\",\r\n      \"adminUsername\": \"Foo12\",\r\n      \"adminPassword\": \"[PLACEHOLDEr1]\"\r\n    },\r\n    \"networkProfile\": {\r\n      \"networkInterfaces\": [\r\n        {\r\n          \"id\": \"/subscriptions/e37510d7-33b6-4676-886f-ee75bcc01871/resourceGroups/crptestar5938/providers/Microsoft.Network/networkInterfaces/nic8778\"\r\n        }\r\n      ]\r\n    },\r\n    \"availabilitySet\": {\r\n      \"id\": \"/subscriptions/e37510d7-33b6-4676-886f-ee75bcc01871/resourceGroups/crptestar5938/providers/Microsoft.Compute/availabilitySets/avSet1561\"\r\n    }\r\n  },\r\n  \"location\": \"SoutheastAsia\",\r\n  \"tags\": {\r\n    \"RG\": \"rg\",\r\n    \"testTag\": \"1\"\r\n  }\r\n}",
      "RequestHeaders": {
        "x-ms-client-request-id": [
          "1616aeac-b4a1-48a6-8173-3f22fef69563"
        ],
        "Accept-Language": [
          "en-US"
        ],
        "User-Agent": [
          "FxVersion/4.6.29518.01",
          "OSName/Windows",
          "OSVersion/Microsoft.Windows.10.0.19042.",
          "Microsoft.Azure.Management.Compute.ComputeManagementClient/47.0.0"
        ],
        "Content-Type": [
          "application/json; charset=utf-8"
        ],
        "Content-Length": [
          "1442"
        ]
      },
      "ResponseHeaders": {
        "Cache-Control": [
          "no-cache"
        ],
        "Pragma": [
          "no-cache"
        ],
        "Retry-After": [
          "10"
        ],
        "Azure-AsyncOperation": [
          "https://management.azure.com/subscriptions/e37510d7-33b6-4676-886f-ee75bcc01871/providers/Microsoft.Compute/locations/southeastasia/operations/d215c7a5-49d4-4d96-90da-10b4f6bb2f11?api-version=2021-04-01"
        ],
        "Azure-AsyncNotification": [
          "Enabled"
        ],
        "x-ms-ratelimit-remaining-resource": [
          "Microsoft.Compute/PutVM3Min;238,Microsoft.Compute/PutVM30Min;1198"
        ],
        "Strict-Transport-Security": [
          "max-age=31536000; includeSubDomains"
        ],
        "x-ms-request-id": [
          "d215c7a5-49d4-4d96-90da-10b4f6bb2f11"
        ],
        "Server": [
          "Microsoft-HTTPAPI/2.0",
          "Microsoft-HTTPAPI/2.0"
        ],
        "x-ms-ratelimit-remaining-subscription-writes": [
          "1198"
        ],
        "x-ms-correlation-request-id": [
          "2f8bf899-5b85-49fc-9c9b-73bf4e4b263d"
        ],
        "x-ms-routing-request-id": [
          "EASTUS2:20210619T024748Z:2f8bf899-5b85-49fc-9c9b-73bf4e4b263d"
        ],
        "X-Content-Type-Options": [
          "nosniff"
        ],
        "Date": [
          "Sat, 19 Jun 2021 02:47:47 GMT"
        ],
        "Content-Length": [
          "2323"
        ],
        "Content-Type": [
          "application/json; charset=utf-8"
        ],
        "Expires": [
          "-1"
        ]
      },
      "ResponseBody": "{\r\n  \"name\": \"vm8776\",\r\n  \"id\": \"/subscriptions/e37510d7-33b6-4676-886f-ee75bcc01871/resourceGroups/crptestar5938/providers/Microsoft.Compute/virtualMachines/vm8776\",\r\n  \"type\": \"Microsoft.Compute/virtualMachines\",\r\n  \"location\": \"southeastasia\",\r\n  \"tags\": {\r\n    \"RG\": \"rg\",\r\n    \"testTag\": \"1\",\r\n    \"azsecpack\": \"nonprod\",\r\n    \"platformsettings.host_environment.service.platform_optedin_for_rootcerts\": \"true\"\r\n  },\r\n  \"properties\": {\r\n    \"vmId\": \"a5553dc4-1996-4947-b0ea-ae2c9444ed70\",\r\n    \"availabilitySet\": {\r\n      \"id\": \"/subscriptions/e37510d7-33b6-4676-886f-ee75bcc01871/resourceGroups/crptestar5938/providers/Microsoft.Compute/availabilitySets/AVSET1561\"\r\n    },\r\n    \"hardwareProfile\": {\r\n      \"vmSize\": \"Standard_A1_v2\"\r\n    },\r\n    \"storageProfile\": {\r\n      \"imageReference\": {\r\n        \"publisher\": \"MicrosoftWindowsServer\",\r\n        \"offer\": \"WindowsServer\",\r\n        \"sku\": \"2012-R2-Datacenter\",\r\n        \"version\": \"4.127.20180315\",\r\n        \"exactVersion\": \"4.127.20180315\"\r\n      },\r\n      \"osDisk\": {\r\n        \"osType\": \"Windows\",\r\n        \"name\": \"test\",\r\n        \"createOption\": \"FromImage\",\r\n        \"caching\": \"None\",\r\n        \"managedDisk\": {\r\n          \"storageAccountType\": \"Standard_LRS\"\r\n        },\r\n        \"diskSizeGB\": 127,\r\n        \"deleteOption\": \"Detach\"\r\n      },\r\n      \"dataDisks\": [\r\n        {\r\n          \"lun\": 0,\r\n          \"createOption\": \"Empty\",\r\n          \"caching\": \"None\",\r\n          \"managedDisk\": {\r\n            \"storageAccountType\": \"Standard_LRS\"\r\n          },\r\n          \"diskSizeGB\": 30,\r\n          \"toBeDetached\": false,\r\n          \"deleteOption\": \"Detach\"\r\n        }\r\n      ]\r\n    },\r\n    \"osProfile\": {\r\n      \"computerName\": \"Test\",\r\n      \"adminUsername\": \"Foo12\",\r\n      \"windowsConfiguration\": {\r\n        \"provisionVMAgent\": true,\r\n        \"enableAutomaticUpdates\": true,\r\n        \"patchSettings\": {\r\n          \"patchMode\": \"AutomaticByOS\",\r\n          \"assessmentMode\": \"ImageDefault\"\r\n        }\r\n      },\r\n      \"secrets\": [],\r\n      \"allowExtensionOperations\": true,\r\n      \"requireGuestProvisionSignal\": true\r\n    },\r\n    \"networkProfile\": {\r\n      \"networkInterfaces\": [\r\n        {\r\n          \"id\": \"/subscriptions/e37510d7-33b6-4676-886f-ee75bcc01871/resourceGroups/crptestar5938/providers/Microsoft.Network/networkInterfaces/nic8778\"\r\n        }\r\n      ]\r\n    },\r\n    \"provisioningState\": \"Creating\"\r\n  }\r\n}",
      "StatusCode": 201
    },
    {
      "RequestUri": "/subscriptions/e37510d7-33b6-4676-886f-ee75bcc01871/providers/Microsoft.Compute/locations/southeastasia/operations/d215c7a5-49d4-4d96-90da-10b4f6bb2f11?api-version=2021-04-01",
      "EncodedRequestUri": "L3N1YnNjcmlwdGlvbnMvZTM3NTEwZDctMzNiNi00Njc2LTg4NmYtZWU3NWJjYzAxODcxL3Byb3ZpZGVycy9NaWNyb3NvZnQuQ29tcHV0ZS9sb2NhdGlvbnMvc291dGhlYXN0YXNpYS9vcGVyYXRpb25zL2QyMTVjN2E1LTQ5ZDQtNGQ5Ni05MGRhLTEwYjRmNmJiMmYxMT9hcGktdmVyc2lvbj0yMDIxLTA0LTAx",
      "RequestMethod": "GET",
      "RequestBody": "",
      "RequestHeaders": {
        "User-Agent": [
          "FxVersion/4.6.29518.01",
          "OSName/Windows",
          "OSVersion/Microsoft.Windows.10.0.19042.",
          "Microsoft.Azure.Management.Compute.ComputeManagementClient/47.0.0"
        ]
      },
      "ResponseHeaders": {
        "Cache-Control": [
          "no-cache"
        ],
        "Pragma": [
          "no-cache"
        ],
        "Retry-After": [
          "50"
        ],
        "x-ms-ratelimit-remaining-resource": [
          "Microsoft.Compute/GetOperation3Min;14999,Microsoft.Compute/GetOperation30Min;29999"
        ],
        "Strict-Transport-Security": [
          "max-age=31536000; includeSubDomains"
        ],
        "x-ms-request-id": [
          "e26a2d7a-b5c2-402c-b9b9-cb416a471d25"
        ],
        "Server": [
          "Microsoft-HTTPAPI/2.0",
          "Microsoft-HTTPAPI/2.0"
        ],
        "x-ms-ratelimit-remaining-subscription-reads": [
          "11998"
        ],
        "x-ms-correlation-request-id": [
          "52f21972-c55a-4a38-8af3-4cf202071020"
        ],
        "x-ms-routing-request-id": [
          "EASTUS2:20210619T024758Z:52f21972-c55a-4a38-8af3-4cf202071020"
        ],
        "X-Content-Type-Options": [
          "nosniff"
        ],
        "Date": [
          "Sat, 19 Jun 2021 02:47:57 GMT"
        ],
        "Content-Length": [
          "134"
        ],
        "Content-Type": [
          "application/json; charset=utf-8"
        ],
        "Expires": [
          "-1"
        ]
      },
      "ResponseBody": "{\r\n  \"startTime\": \"2021-06-19T02:47:45.7700275+00:00\",\r\n  \"status\": \"InProgress\",\r\n  \"name\": \"d215c7a5-49d4-4d96-90da-10b4f6bb2f11\"\r\n}",
      "StatusCode": 200
    },
    {
      "RequestUri": "/subscriptions/e37510d7-33b6-4676-886f-ee75bcc01871/providers/Microsoft.Compute/locations/southeastasia/operations/d215c7a5-49d4-4d96-90da-10b4f6bb2f11?api-version=2021-04-01",
      "EncodedRequestUri": "L3N1YnNjcmlwdGlvbnMvZTM3NTEwZDctMzNiNi00Njc2LTg4NmYtZWU3NWJjYzAxODcxL3Byb3ZpZGVycy9NaWNyb3NvZnQuQ29tcHV0ZS9sb2NhdGlvbnMvc291dGhlYXN0YXNpYS9vcGVyYXRpb25zL2QyMTVjN2E1LTQ5ZDQtNGQ5Ni05MGRhLTEwYjRmNmJiMmYxMT9hcGktdmVyc2lvbj0yMDIxLTA0LTAx",
      "RequestMethod": "GET",
      "RequestBody": "",
      "RequestHeaders": {
        "User-Agent": [
          "FxVersion/4.6.29518.01",
          "OSName/Windows",
          "OSVersion/Microsoft.Windows.10.0.19042.",
          "Microsoft.Azure.Management.Compute.ComputeManagementClient/47.0.0"
        ]
      },
      "ResponseHeaders": {
        "Cache-Control": [
          "no-cache"
        ],
        "Pragma": [
          "no-cache"
        ],
        "x-ms-ratelimit-remaining-resource": [
          "Microsoft.Compute/GetOperation3Min;14998,Microsoft.Compute/GetOperation30Min;29998"
        ],
        "Strict-Transport-Security": [
          "max-age=31536000; includeSubDomains"
        ],
        "x-ms-request-id": [
          "e4c6f83d-a591-4871-8b49-3038267bb733"
        ],
        "Server": [
          "Microsoft-HTTPAPI/2.0",
          "Microsoft-HTTPAPI/2.0"
        ],
        "x-ms-ratelimit-remaining-subscription-reads": [
          "11997"
        ],
        "x-ms-correlation-request-id": [
          "d8d981ee-5d3f-4e31-a317-aa75fe11dd6d"
        ],
        "x-ms-routing-request-id": [
          "EASTUS2:20210619T024848Z:d8d981ee-5d3f-4e31-a317-aa75fe11dd6d"
        ],
        "X-Content-Type-Options": [
          "nosniff"
        ],
        "Date": [
          "Sat, 19 Jun 2021 02:48:48 GMT"
        ],
        "Content-Length": [
          "134"
        ],
        "Content-Type": [
          "application/json; charset=utf-8"
        ],
        "Expires": [
          "-1"
        ]
      },
      "ResponseBody": "{\r\n  \"startTime\": \"2021-06-19T02:47:45.7700275+00:00\",\r\n  \"status\": \"InProgress\",\r\n  \"name\": \"d215c7a5-49d4-4d96-90da-10b4f6bb2f11\"\r\n}",
      "StatusCode": 200
    },
    {
      "RequestUri": "/subscriptions/e37510d7-33b6-4676-886f-ee75bcc01871/providers/Microsoft.Compute/locations/southeastasia/operations/d215c7a5-49d4-4d96-90da-10b4f6bb2f11?api-version=2021-04-01",
      "EncodedRequestUri": "L3N1YnNjcmlwdGlvbnMvZTM3NTEwZDctMzNiNi00Njc2LTg4NmYtZWU3NWJjYzAxODcxL3Byb3ZpZGVycy9NaWNyb3NvZnQuQ29tcHV0ZS9sb2NhdGlvbnMvc291dGhlYXN0YXNpYS9vcGVyYXRpb25zL2QyMTVjN2E1LTQ5ZDQtNGQ5Ni05MGRhLTEwYjRmNmJiMmYxMT9hcGktdmVyc2lvbj0yMDIxLTA0LTAx",
      "RequestMethod": "GET",
      "RequestBody": "",
      "RequestHeaders": {
        "User-Agent": [
          "FxVersion/4.6.29518.01",
          "OSName/Windows",
          "OSVersion/Microsoft.Windows.10.0.19042.",
          "Microsoft.Azure.Management.Compute.ComputeManagementClient/47.0.0"
        ]
      },
      "ResponseHeaders": {
        "Cache-Control": [
          "no-cache"
        ],
        "Pragma": [
          "no-cache"
        ],
        "x-ms-ratelimit-remaining-resource": [
          "Microsoft.Compute/GetOperation3Min;14997,Microsoft.Compute/GetOperation30Min;29997"
        ],
        "Strict-Transport-Security": [
          "max-age=31536000; includeSubDomains"
        ],
        "x-ms-request-id": [
          "314f1118-2189-4a4f-917f-7c07eaa24215"
        ],
        "Server": [
          "Microsoft-HTTPAPI/2.0",
          "Microsoft-HTTPAPI/2.0"
        ],
        "x-ms-ratelimit-remaining-subscription-reads": [
          "11996"
        ],
        "x-ms-correlation-request-id": [
          "8136efa0-7ad6-4533-8b15-81ee3901adb4"
        ],
        "x-ms-routing-request-id": [
          "EASTUS2:20210619T024939Z:8136efa0-7ad6-4533-8b15-81ee3901adb4"
        ],
        "X-Content-Type-Options": [
          "nosniff"
        ],
        "Date": [
          "Sat, 19 Jun 2021 02:49:39 GMT"
        ],
        "Content-Length": [
          "134"
        ],
        "Content-Type": [
          "application/json; charset=utf-8"
        ],
        "Expires": [
          "-1"
        ]
      },
      "ResponseBody": "{\r\n  \"startTime\": \"2021-06-19T02:47:45.7700275+00:00\",\r\n  \"status\": \"InProgress\",\r\n  \"name\": \"d215c7a5-49d4-4d96-90da-10b4f6bb2f11\"\r\n}",
      "StatusCode": 200
    },
    {
      "RequestUri": "/subscriptions/e37510d7-33b6-4676-886f-ee75bcc01871/providers/Microsoft.Compute/locations/southeastasia/operations/d215c7a5-49d4-4d96-90da-10b4f6bb2f11?api-version=2021-04-01",
      "EncodedRequestUri": "L3N1YnNjcmlwdGlvbnMvZTM3NTEwZDctMzNiNi00Njc2LTg4NmYtZWU3NWJjYzAxODcxL3Byb3ZpZGVycy9NaWNyb3NvZnQuQ29tcHV0ZS9sb2NhdGlvbnMvc291dGhlYXN0YXNpYS9vcGVyYXRpb25zL2QyMTVjN2E1LTQ5ZDQtNGQ5Ni05MGRhLTEwYjRmNmJiMmYxMT9hcGktdmVyc2lvbj0yMDIxLTA0LTAx",
      "RequestMethod": "GET",
      "RequestBody": "",
      "RequestHeaders": {
        "User-Agent": [
          "FxVersion/4.6.29518.01",
          "OSName/Windows",
          "OSVersion/Microsoft.Windows.10.0.19042.",
          "Microsoft.Azure.Management.Compute.ComputeManagementClient/47.0.0"
        ]
      },
      "ResponseHeaders": {
        "Cache-Control": [
          "no-cache"
        ],
        "Pragma": [
          "no-cache"
        ],
        "x-ms-ratelimit-remaining-resource": [
          "Microsoft.Compute/GetOperation3Min;14995,Microsoft.Compute/GetOperation30Min;29995"
        ],
        "Strict-Transport-Security": [
          "max-age=31536000; includeSubDomains"
        ],
        "x-ms-request-id": [
          "dc990f48-ea48-4c83-bc05-2b9c4996d359"
        ],
        "Server": [
          "Microsoft-HTTPAPI/2.0",
          "Microsoft-HTTPAPI/2.0"
        ],
        "x-ms-ratelimit-remaining-subscription-reads": [
          "11995"
        ],
        "x-ms-correlation-request-id": [
          "4abb8e0a-09d6-42c4-bc49-4e297cab981f"
        ],
        "x-ms-routing-request-id": [
          "EASTUS2:20210619T025029Z:4abb8e0a-09d6-42c4-bc49-4e297cab981f"
        ],
        "X-Content-Type-Options": [
          "nosniff"
        ],
        "Date": [
          "Sat, 19 Jun 2021 02:50:28 GMT"
        ],
        "Content-Length": [
          "134"
        ],
        "Content-Type": [
          "application/json; charset=utf-8"
        ],
        "Expires": [
          "-1"
        ]
      },
      "ResponseBody": "{\r\n  \"startTime\": \"2021-06-19T02:47:45.7700275+00:00\",\r\n  \"status\": \"InProgress\",\r\n  \"name\": \"d215c7a5-49d4-4d96-90da-10b4f6bb2f11\"\r\n}",
      "StatusCode": 200
    },
    {
      "RequestUri": "/subscriptions/e37510d7-33b6-4676-886f-ee75bcc01871/providers/Microsoft.Compute/locations/southeastasia/operations/d215c7a5-49d4-4d96-90da-10b4f6bb2f11?api-version=2021-04-01",
      "EncodedRequestUri": "L3N1YnNjcmlwdGlvbnMvZTM3NTEwZDctMzNiNi00Njc2LTg4NmYtZWU3NWJjYzAxODcxL3Byb3ZpZGVycy9NaWNyb3NvZnQuQ29tcHV0ZS9sb2NhdGlvbnMvc291dGhlYXN0YXNpYS9vcGVyYXRpb25zL2QyMTVjN2E1LTQ5ZDQtNGQ5Ni05MGRhLTEwYjRmNmJiMmYxMT9hcGktdmVyc2lvbj0yMDIxLTA0LTAx",
      "RequestMethod": "GET",
      "RequestBody": "",
      "RequestHeaders": {
        "User-Agent": [
          "FxVersion/4.6.29518.01",
          "OSName/Windows",
          "OSVersion/Microsoft.Windows.10.0.19042.",
          "Microsoft.Azure.Management.Compute.ComputeManagementClient/47.0.0"
        ]
      },
      "ResponseHeaders": {
        "Cache-Control": [
          "no-cache"
        ],
        "Pragma": [
          "no-cache"
        ],
        "x-ms-ratelimit-remaining-resource": [
          "Microsoft.Compute/GetOperation3Min;14994,Microsoft.Compute/GetOperation30Min;29993"
        ],
        "Strict-Transport-Security": [
          "max-age=31536000; includeSubDomains"
        ],
        "x-ms-request-id": [
          "278747ed-0ae7-4d48-8b00-3516f23f0576"
        ],
        "Server": [
          "Microsoft-HTTPAPI/2.0",
          "Microsoft-HTTPAPI/2.0"
        ],
        "x-ms-ratelimit-remaining-subscription-reads": [
          "11994"
        ],
        "x-ms-correlation-request-id": [
          "69b5cb6a-648b-4d55-bd00-c3187c686218"
        ],
        "x-ms-routing-request-id": [
          "EASTUS2:20210619T025119Z:69b5cb6a-648b-4d55-bd00-c3187c686218"
        ],
        "X-Content-Type-Options": [
          "nosniff"
        ],
        "Date": [
          "Sat, 19 Jun 2021 02:51:19 GMT"
        ],
        "Content-Length": [
          "184"
        ],
        "Content-Type": [
          "application/json; charset=utf-8"
        ],
        "Expires": [
          "-1"
        ]
      },
      "ResponseBody": "{\r\n  \"startTime\": \"2021-06-19T02:47:45.7700275+00:00\",\r\n  \"endTime\": \"2021-06-19T02:50:29.6594812+00:00\",\r\n  \"status\": \"Succeeded\",\r\n  \"name\": \"d215c7a5-49d4-4d96-90da-10b4f6bb2f11\"\r\n}",
      "StatusCode": 200
    },
    {
      "RequestUri": "/subscriptions/e37510d7-33b6-4676-886f-ee75bcc01871/resourceGroups/crptestar5938/providers/Microsoft.Compute/virtualMachines/vm8776?api-version=2021-04-01",
      "EncodedRequestUri": "L3N1YnNjcmlwdGlvbnMvZTM3NTEwZDctMzNiNi00Njc2LTg4NmYtZWU3NWJjYzAxODcxL3Jlc291cmNlR3JvdXBzL2NycHRlc3RhcjU5MzgvcHJvdmlkZXJzL01pY3Jvc29mdC5Db21wdXRlL3ZpcnR1YWxNYWNoaW5lcy92bTg3NzY/YXBpLXZlcnNpb249MjAyMS0wNC0wMQ==",
      "RequestMethod": "GET",
      "RequestBody": "",
      "RequestHeaders": {
        "User-Agent": [
          "FxVersion/4.6.29518.01",
          "OSName/Windows",
          "OSVersion/Microsoft.Windows.10.0.19042.",
          "Microsoft.Azure.Management.Compute.ComputeManagementClient/47.0.0"
        ]
      },
      "ResponseHeaders": {
        "Cache-Control": [
          "no-cache"
        ],
        "Pragma": [
          "no-cache"
        ],
        "x-ms-ratelimit-remaining-resource": [
          "Microsoft.Compute/LowCostGet3Min;3996,Microsoft.Compute/LowCostGet30Min;31992"
        ],
        "Strict-Transport-Security": [
          "max-age=31536000; includeSubDomains"
        ],
        "x-ms-request-id": [
          "1b49c322-949c-45e2-8085-ac9da3be6d46"
        ],
        "Server": [
          "Microsoft-HTTPAPI/2.0",
          "Microsoft-HTTPAPI/2.0"
        ],
        "x-ms-ratelimit-remaining-subscription-reads": [
          "11993"
        ],
        "x-ms-correlation-request-id": [
          "11e52569-2528-463a-8bc5-099b32fb9dcb"
        ],
        "x-ms-routing-request-id": [
          "EASTUS2:20210619T025119Z:11e52569-2528-463a-8bc5-099b32fb9dcb"
        ],
        "X-Content-Type-Options": [
          "nosniff"
        ],
        "Date": [
          "Sat, 19 Jun 2021 02:51:19 GMT"
        ],
        "Content-Length": [
          "2715"
        ],
        "Content-Type": [
          "application/json; charset=utf-8"
        ],
        "Expires": [
          "-1"
        ]
      },
      "ResponseBody": "{\r\n  \"name\": \"vm8776\",\r\n  \"id\": \"/subscriptions/e37510d7-33b6-4676-886f-ee75bcc01871/resourceGroups/crptestar5938/providers/Microsoft.Compute/virtualMachines/vm8776\",\r\n  \"type\": \"Microsoft.Compute/virtualMachines\",\r\n  \"location\": \"southeastasia\",\r\n  \"tags\": {\r\n    \"RG\": \"rg\",\r\n    \"testTag\": \"1\",\r\n    \"azsecpack\": \"nonprod\",\r\n    \"platformsettings.host_environment.service.platform_optedin_for_rootcerts\": \"true\"\r\n  },\r\n  \"properties\": {\r\n    \"vmId\": \"a5553dc4-1996-4947-b0ea-ae2c9444ed70\",\r\n    \"availabilitySet\": {\r\n      \"id\": \"/subscriptions/e37510d7-33b6-4676-886f-ee75bcc01871/resourceGroups/crptestar5938/providers/Microsoft.Compute/availabilitySets/AVSET1561\"\r\n    },\r\n    \"hardwareProfile\": {\r\n      \"vmSize\": \"Standard_A1_v2\"\r\n    },\r\n    \"storageProfile\": {\r\n      \"imageReference\": {\r\n        \"publisher\": \"MicrosoftWindowsServer\",\r\n        \"offer\": \"WindowsServer\",\r\n        \"sku\": \"2012-R2-Datacenter\",\r\n        \"version\": \"4.127.20180315\",\r\n        \"exactVersion\": \"4.127.20180315\"\r\n      },\r\n      \"osDisk\": {\r\n        \"osType\": \"Windows\",\r\n        \"name\": \"test\",\r\n        \"createOption\": \"FromImage\",\r\n        \"caching\": \"None\",\r\n        \"managedDisk\": {\r\n          \"storageAccountType\": \"Standard_LRS\",\r\n          \"id\": \"/subscriptions/e37510d7-33b6-4676-886f-ee75bcc01871/resourceGroups/crptestar5938/providers/Microsoft.Compute/disks/test\"\r\n        },\r\n        \"diskSizeGB\": 127,\r\n        \"deleteOption\": \"Detach\"\r\n      },\r\n      \"dataDisks\": [\r\n        {\r\n          \"lun\": 0,\r\n          \"name\": \"vm8776_disk2_636d5eefbaf64d929cc2cb2f48688191\",\r\n          \"createOption\": \"Empty\",\r\n          \"caching\": \"None\",\r\n          \"managedDisk\": {\r\n            \"storageAccountType\": \"Standard_LRS\",\r\n            \"id\": \"/subscriptions/e37510d7-33b6-4676-886f-ee75bcc01871/resourceGroups/crptestar5938/providers/Microsoft.Compute/disks/vm8776_disk2_636d5eefbaf64d929cc2cb2f48688191\"\r\n          },\r\n          \"diskSizeGB\": 30,\r\n          \"toBeDetached\": false,\r\n          \"deleteOption\": \"Detach\"\r\n        }\r\n      ]\r\n    },\r\n    \"osProfile\": {\r\n      \"computerName\": \"Test\",\r\n      \"adminUsername\": \"Foo12\",\r\n      \"windowsConfiguration\": {\r\n        \"provisionVMAgent\": true,\r\n        \"enableAutomaticUpdates\": true,\r\n        \"patchSettings\": {\r\n          \"patchMode\": \"AutomaticByOS\",\r\n          \"assessmentMode\": \"ImageDefault\"\r\n        }\r\n      },\r\n      \"secrets\": [],\r\n      \"allowExtensionOperations\": true,\r\n      \"requireGuestProvisionSignal\": true\r\n    },\r\n    \"networkProfile\": {\r\n      \"networkInterfaces\": [\r\n        {\r\n          \"id\": \"/subscriptions/e37510d7-33b6-4676-886f-ee75bcc01871/resourceGroups/crptestar5938/providers/Microsoft.Network/networkInterfaces/nic8778\"\r\n        }\r\n      ]\r\n    },\r\n    \"provisioningState\": \"Succeeded\"\r\n  }\r\n}",
      "StatusCode": 200
    },
    {
      "RequestUri": "/subscriptions/e37510d7-33b6-4676-886f-ee75bcc01871/resourceGroups/crptestar5938/providers/Microsoft.Compute/virtualMachines/vm8776?api-version=2021-04-01",
      "EncodedRequestUri": "L3N1YnNjcmlwdGlvbnMvZTM3NTEwZDctMzNiNi00Njc2LTg4NmYtZWU3NWJjYzAxODcxL3Jlc291cmNlR3JvdXBzL2NycHRlc3RhcjU5MzgvcHJvdmlkZXJzL01pY3Jvc29mdC5Db21wdXRlL3ZpcnR1YWxNYWNoaW5lcy92bTg3NzY/YXBpLXZlcnNpb249MjAyMS0wNC0wMQ==",
      "RequestMethod": "GET",
      "RequestBody": "",
      "RequestHeaders": {
        "x-ms-client-request-id": [
          "bee1b0e7-3212-42f3-aefa-5edef16ebb6d"
        ],
        "Accept-Language": [
          "en-US"
        ],
        "User-Agent": [
          "FxVersion/4.6.29518.01",
          "OSName/Windows",
          "OSVersion/Microsoft.Windows.10.0.19042.",
          "Microsoft.Azure.Management.Compute.ComputeManagementClient/47.0.0"
        ]
      },
      "ResponseHeaders": {
        "Cache-Control": [
          "no-cache"
        ],
        "Pragma": [
          "no-cache"
        ],
        "x-ms-ratelimit-remaining-resource": [
          "Microsoft.Compute/LowCostGet3Min;3995,Microsoft.Compute/LowCostGet30Min;31991"
        ],
        "Strict-Transport-Security": [
          "max-age=31536000; includeSubDomains"
        ],
        "x-ms-request-id": [
          "a7fef94c-9da2-4ba3-a8b2-e220703b430d"
        ],
        "Server": [
          "Microsoft-HTTPAPI/2.0",
          "Microsoft-HTTPAPI/2.0"
        ],
        "x-ms-ratelimit-remaining-subscription-reads": [
          "11992"
        ],
        "x-ms-correlation-request-id": [
          "3c6fbd5e-bfe7-44bc-99d2-46850ad6cee7"
        ],
        "x-ms-routing-request-id": [
          "EASTUS2:20210619T025120Z:3c6fbd5e-bfe7-44bc-99d2-46850ad6cee7"
        ],
        "X-Content-Type-Options": [
          "nosniff"
        ],
        "Date": [
          "Sat, 19 Jun 2021 02:51:19 GMT"
        ],
        "Content-Length": [
          "2715"
        ],
        "Content-Type": [
          "application/json; charset=utf-8"
        ],
        "Expires": [
          "-1"
        ]
      },
      "ResponseBody": "{\r\n  \"name\": \"vm8776\",\r\n  \"id\": \"/subscriptions/e37510d7-33b6-4676-886f-ee75bcc01871/resourceGroups/crptestar5938/providers/Microsoft.Compute/virtualMachines/vm8776\",\r\n  \"type\": \"Microsoft.Compute/virtualMachines\",\r\n  \"location\": \"southeastasia\",\r\n  \"tags\": {\r\n    \"RG\": \"rg\",\r\n    \"testTag\": \"1\",\r\n    \"azsecpack\": \"nonprod\",\r\n    \"platformsettings.host_environment.service.platform_optedin_for_rootcerts\": \"true\"\r\n  },\r\n  \"properties\": {\r\n    \"vmId\": \"a5553dc4-1996-4947-b0ea-ae2c9444ed70\",\r\n    \"availabilitySet\": {\r\n      \"id\": \"/subscriptions/e37510d7-33b6-4676-886f-ee75bcc01871/resourceGroups/crptestar5938/providers/Microsoft.Compute/availabilitySets/AVSET1561\"\r\n    },\r\n    \"hardwareProfile\": {\r\n      \"vmSize\": \"Standard_A1_v2\"\r\n    },\r\n    \"storageProfile\": {\r\n      \"imageReference\": {\r\n        \"publisher\": \"MicrosoftWindowsServer\",\r\n        \"offer\": \"WindowsServer\",\r\n        \"sku\": \"2012-R2-Datacenter\",\r\n        \"version\": \"4.127.20180315\",\r\n        \"exactVersion\": \"4.127.20180315\"\r\n      },\r\n      \"osDisk\": {\r\n        \"osType\": \"Windows\",\r\n        \"name\": \"test\",\r\n        \"createOption\": \"FromImage\",\r\n        \"caching\": \"None\",\r\n        \"managedDisk\": {\r\n          \"storageAccountType\": \"Standard_LRS\",\r\n          \"id\": \"/subscriptions/e37510d7-33b6-4676-886f-ee75bcc01871/resourceGroups/crptestar5938/providers/Microsoft.Compute/disks/test\"\r\n        },\r\n        \"diskSizeGB\": 127,\r\n        \"deleteOption\": \"Detach\"\r\n      },\r\n      \"dataDisks\": [\r\n        {\r\n          \"lun\": 0,\r\n          \"name\": \"vm8776_disk2_636d5eefbaf64d929cc2cb2f48688191\",\r\n          \"createOption\": \"Empty\",\r\n          \"caching\": \"None\",\r\n          \"managedDisk\": {\r\n            \"storageAccountType\": \"Standard_LRS\",\r\n            \"id\": \"/subscriptions/e37510d7-33b6-4676-886f-ee75bcc01871/resourceGroups/crptestar5938/providers/Microsoft.Compute/disks/vm8776_disk2_636d5eefbaf64d929cc2cb2f48688191\"\r\n          },\r\n          \"diskSizeGB\": 30,\r\n          \"toBeDetached\": false,\r\n          \"deleteOption\": \"Detach\"\r\n        }\r\n      ]\r\n    },\r\n    \"osProfile\": {\r\n      \"computerName\": \"Test\",\r\n      \"adminUsername\": \"Foo12\",\r\n      \"windowsConfiguration\": {\r\n        \"provisionVMAgent\": true,\r\n        \"enableAutomaticUpdates\": true,\r\n        \"patchSettings\": {\r\n          \"patchMode\": \"AutomaticByOS\",\r\n          \"assessmentMode\": \"ImageDefault\"\r\n        }\r\n      },\r\n      \"secrets\": [],\r\n      \"allowExtensionOperations\": true,\r\n      \"requireGuestProvisionSignal\": true\r\n    },\r\n    \"networkProfile\": {\r\n      \"networkInterfaces\": [\r\n        {\r\n          \"id\": \"/subscriptions/e37510d7-33b6-4676-886f-ee75bcc01871/resourceGroups/crptestar5938/providers/Microsoft.Network/networkInterfaces/nic8778\"\r\n        }\r\n      ]\r\n    },\r\n    \"provisioningState\": \"Succeeded\"\r\n  }\r\n}",
      "StatusCode": 200
    },
    {
      "RequestUri": "/subscriptions/e37510d7-33b6-4676-886f-ee75bcc01871/providers/Microsoft.Compute/virtualMachines?api-version=2021-04-01",
      "EncodedRequestUri": "L3N1YnNjcmlwdGlvbnMvZTM3NTEwZDctMzNiNi00Njc2LTg4NmYtZWU3NWJjYzAxODcxL3Byb3ZpZGVycy9NaWNyb3NvZnQuQ29tcHV0ZS92aXJ0dWFsTWFjaGluZXM/YXBpLXZlcnNpb249MjAyMS0wNC0wMQ==",
      "RequestMethod": "GET",
      "RequestBody": "",
      "RequestHeaders": {
        "x-ms-client-request-id": [
          "9cf78d8c-bc27-4dab-8e13-fb4d8ecf3fd1"
        ],
        "Accept-Language": [
          "en-US"
        ],
        "User-Agent": [
          "FxVersion/4.6.29518.01",
          "OSName/Windows",
          "OSVersion/Microsoft.Windows.10.0.19042.",
          "Microsoft.Azure.Management.Compute.ComputeManagementClient/47.0.0"
        ]
      },
      "ResponseHeaders": {
        "Cache-Control": [
          "no-cache"
        ],
        "Pragma": [
          "no-cache"
        ],
        "x-ms-original-request-ids": [
          "10ea954a-3044-4181-889f-930d2c254bd1",
          "5449a9fe-c486-4659-a1c0-e88967b6ce06",
          "a0cdf8f4-f460-4cfe-8b9b-dee030b819e3",
          "8fdcd731-002f-4b92-8b96-6294c183cdca"
        ],
        "x-ms-ratelimit-remaining-subscription-reads": [
          "11991"
        ],
        "x-ms-request-id": [
          "82d1891e-199e-461f-8475-75e117d9f887"
        ],
        "x-ms-correlation-request-id": [
          "82d1891e-199e-461f-8475-75e117d9f887"
        ],
        "x-ms-routing-request-id": [
          "EASTUS2:20210619T025120Z:82d1891e-199e-461f-8475-75e117d9f887"
        ],
        "Strict-Transport-Security": [
          "max-age=31536000; includeSubDomains"
        ],
        "X-Content-Type-Options": [
          "nosniff"
        ],
        "Date": [
          "Sat, 19 Jun 2021 02:51:19 GMT"
        ],
        "Content-Type": [
          "application/json; charset=utf-8"
        ],
        "Expires": [
          "-1"
        ],
        "Content-Length": [
          "16277"
        ]
      },
      "ResponseBody": "{\r\n  \"value\": [\r\n    {\r\n      \"name\": \"assessm\",\r\n      \"id\": \"/subscriptions/e37510d7-33b6-4676-886f-ee75bcc01871/resourceGroups/ADSANDORASSESS/providers/Microsoft.Compute/virtualMachines/assessm\",\r\n      \"type\": \"Microsoft.Compute/virtualMachines\",\r\n      \"location\": \"eastus\",\r\n      \"tags\": {\r\n        \"azsecpack\": \"nonprod\",\r\n        \"platformsettings.host_environment.service.platform_optedin_for_rootcerts\": \"true\"\r\n      },\r\n      \"identity\": {\r\n        \"type\": \"UserAssigned\",\r\n        \"userAssignedIdentities\": {\r\n          \"/subscriptions/e37510d7-33b6-4676-886f-ee75bcc01871/resourceGroups/AzSecPackAutoConfigRG/providers/Microsoft.ManagedIdentity/userAssignedIdentities/AzSecPackAutoConfigUA-eastus\": {\r\n            \"principalId\": \"df6f2c83-d70b-461c-9ab3-328c60bdf46b\",\r\n            \"clientId\": \"a36da594-d77e-47c7-bcef-476c45011809\"\r\n          }\r\n        }\r\n      },\r\n      \"properties\": {\r\n        \"vmId\": \"c1eb420a-55b3-4095-905e-aa2ab91795aa\",\r\n        \"hardwareProfile\": {\r\n          \"vmSize\": \"Standard_B1s\"\r\n        },\r\n        \"storageProfile\": {\r\n          \"imageReference\": {\r\n            \"publisher\": \"MicrosoftWindowsServer\",\r\n            \"offer\": \"WindowsServer\",\r\n            \"sku\": \"2019-Datacenter\",\r\n            \"version\": \"latest\",\r\n            \"exactVersion\": \"17763.1999.2106060321\"\r\n          },\r\n          \"osDisk\": {\r\n            \"osType\": \"Windows\",\r\n            \"name\": \"assessm_disk1_3fb07fe45edb477fae662f1251413bc6\",\r\n            \"createOption\": \"FromImage\",\r\n            \"caching\": \"ReadWrite\",\r\n            \"managedDisk\": {\r\n              \"storageAccountType\": \"Premium_LRS\",\r\n              \"id\": \"/subscriptions/e37510d7-33b6-4676-886f-ee75bcc01871/resourceGroups/adsandorassess/providers/Microsoft.Compute/disks/assessm_disk1_3fb07fe45edb477fae662f1251413bc6\"\r\n            },\r\n            \"diskSizeGB\": 127,\r\n            \"deleteOption\": \"Detach\"\r\n          },\r\n          \"dataDisks\": []\r\n        },\r\n        \"osProfile\": {\r\n          \"computerName\": \"assessm\",\r\n          \"adminUsername\": \"usertest\",\r\n          \"windowsConfiguration\": {\r\n            \"provisionVMAgent\": true,\r\n            \"enableAutomaticUpdates\": true,\r\n            \"patchSettings\": {\r\n              \"patchMode\": \"AutomaticByOS\",\r\n              \"assessmentMode\": \"ImageDefault\",\r\n              \"enableHotpatching\": false\r\n            }\r\n          },\r\n          \"secrets\": [],\r\n          \"allowExtensionOperations\": true,\r\n          \"requireGuestProvisionSignal\": true\r\n        },\r\n        \"networkProfile\": {\r\n          \"networkInterfaces\": [\r\n            {\r\n              \"id\": \"/subscriptions/e37510d7-33b6-4676-886f-ee75bcc01871/resourceGroups/adsandorassess/providers/Microsoft.Network/networkInterfaces/assessm941\"\r\n            }\r\n          ]\r\n        },\r\n        \"diagnosticsProfile\": {\r\n          \"bootDiagnostics\": {\r\n            \"enabled\": true\r\n          }\r\n        },\r\n        \"provisioningState\": \"Succeeded\"\r\n      },\r\n      \"zones\": [\r\n        \"1\"\r\n      ],\r\n      \"resources\": [\r\n        {\r\n          \"id\": \"/subscriptions/e37510d7-33b6-4676-886f-ee75bcc01871/resourceGroups/ADSANDORASSESS/providers/Microsoft.Compute/virtualMachines/assessm/extensions/Microsoft.Azure.Geneva.GenevaMonitoring\"\r\n        },\r\n        {\r\n          \"id\": \"/subscriptions/e37510d7-33b6-4676-886f-ee75bcc01871/resourceGroups/ADSANDORASSESS/providers/Microsoft.Compute/virtualMachines/assessm/extensions/Microsoft.Azure.Security.AntimalwareSignature.AntimalwareConfiguration\"\r\n        }\r\n      ]\r\n    },\r\n    {\r\n      \"name\": \"vm1asf\",\r\n      \"id\": \"/subscriptions/e37510d7-33b6-4676-886f-ee75bcc01871/resourceGroups/HAAGHA_PWSHELLTEST/providers/Microsoft.Compute/virtualMachines/vm1asf\",\r\n      \"type\": \"Microsoft.Compute/virtualMachines\",\r\n      \"location\": \"eastus\",\r\n      \"tags\": {\r\n        \"azsecpack\": \"nonprod\",\r\n        \"platformsettings.host_environment.service.platform_optedin_for_rootcerts\": \"true\"\r\n      },\r\n      \"identity\": {\r\n        \"type\": \"UserAssigned\",\r\n        \"userAssignedIdentities\": {\r\n          \"/subscriptions/e37510d7-33b6-4676-886f-ee75bcc01871/resourceGroups/AzSecPackAutoConfigRG/providers/Microsoft.ManagedIdentity/userAssignedIdentities/AzSecPackAutoConfigUA-eastus\": {\r\n            \"principalId\": \"df6f2c83-d70b-461c-9ab3-328c60bdf46b\",\r\n            \"clientId\": \"a36da594-d77e-47c7-bcef-476c45011809\"\r\n          }\r\n        }\r\n      },\r\n      \"properties\": {\r\n        \"vmId\": \"f86c26b7-7329-4ddd-9ac4-05d94cf68162\",\r\n        \"hardwareProfile\": {\r\n          \"vmSize\": \"Standard_DS1_v2\"\r\n        },\r\n        \"storageProfile\": {\r\n          \"imageReference\": {\r\n            \"publisher\": \"MicrosoftWindowsServer\",\r\n            \"offer\": \"WindowsServer\",\r\n            \"sku\": \"2012-R2-Datacenter\",\r\n            \"version\": \"latest\",\r\n            \"exactVersion\": \"9600.20018.2105050405\"\r\n          },\r\n          \"osDisk\": {\r\n            \"osType\": \"Windows\",\r\n            \"name\": \"vm1asf_disk1_927f8bec4d424205808b3ee8597fa7e6\",\r\n            \"createOption\": \"FromImage\",\r\n            \"caching\": \"ReadWrite\",\r\n            \"managedDisk\": {\r\n              \"storageAccountType\": \"Premium_LRS\",\r\n              \"id\": \"/subscriptions/e37510d7-33b6-4676-886f-ee75bcc01871/resourceGroups/haagha_pwshelltest/providers/Microsoft.Compute/disks/vm1asf_disk1_927f8bec4d424205808b3ee8597fa7e6\"\r\n            },\r\n            \"diskSizeGB\": 127\r\n          },\r\n          \"dataDisks\": []\r\n        },\r\n        \"osProfile\": {\r\n          \"computerName\": \"vm1asf\",\r\n          \"adminUsername\": \"azureuser\",\r\n          \"windowsConfiguration\": {\r\n            \"provisionVMAgent\": true,\r\n            \"enableAutomaticUpdates\": true,\r\n            \"patchSettings\": {\r\n              \"patchMode\": \"AutomaticByOS\",\r\n              \"assessmentMode\": \"ImageDefault\"\r\n            }\r\n          },\r\n          \"secrets\": [],\r\n          \"allowExtensionOperations\": true,\r\n          \"requireGuestProvisionSignal\": true\r\n        },\r\n        \"networkProfile\": {\r\n          \"networkInterfaces\": [\r\n            {\r\n              \"id\": \"/subscriptions/e37510d7-33b6-4676-886f-ee75bcc01871/resourceGroups/haagha_pwshelltest/providers/Microsoft.Network/networkInterfaces/vm1asfVMNic\"\r\n            }\r\n          ]\r\n        },\r\n        \"provisioningState\": \"Succeeded\"\r\n      },\r\n      \"resources\": [\r\n        {\r\n          \"id\": \"/subscriptions/e37510d7-33b6-4676-886f-ee75bcc01871/resourceGroups/HAAGHA_PWSHELLTEST/providers/Microsoft.Compute/virtualMachines/vm1asf/extensions/Microsoft.Azure.Geneva.GenevaMonitoring\"\r\n        },\r\n        {\r\n          \"id\": \"/subscriptions/e37510d7-33b6-4676-886f-ee75bcc01871/resourceGroups/HAAGHA_PWSHELLTEST/providers/Microsoft.Compute/virtualMachines/vm1asf/extensions/Microsoft.Azure.Security.AntimalwareSignature.AntimalwareConfiguration\"\r\n        }\r\n      ]\r\n    },\r\n    {\r\n      \"name\": \"imageVM\",\r\n      \"id\": \"/subscriptions/e37510d7-33b6-4676-886f-ee75bcc01871/resourceGroups/RGFORSDKTESTRESOURCES/providers/Microsoft.Compute/virtualMachines/imageVM\",\r\n      \"type\": \"Microsoft.Compute/virtualMachines\",\r\n      \"location\": \"eastus2\",\r\n      \"tags\": {\r\n        \"platformsettings.host_environment.service.platform_optedin_for_rootcerts\": \"true\"\r\n      },\r\n      \"properties\": {\r\n        \"vmId\": \"146e8e21-231c-4f1c-944f-3caa276ba4b3\",\r\n        \"hardwareProfile\": {\r\n          \"vmSize\": \"Standard_B1s\"\r\n        },\r\n        \"storageProfile\": {\r\n          \"imageReference\": {\r\n            \"publisher\": \"MicrosoftWindowsServer\",\r\n            \"offer\": \"WindowsServer\",\r\n            \"sku\": \"2019-Datacenter\",\r\n            \"version\": \"latest\",\r\n            \"exactVersion\": \"17763.1697.2101090203\"\r\n          },\r\n          \"osDisk\": {\r\n            \"osType\": \"Windows\",\r\n            \"name\": \"imageVM_OsDisk_1_1193bfcbb54745ae8343a2e08b157601\",\r\n            \"createOption\": \"FromImage\",\r\n            \"caching\": \"ReadWrite\",\r\n            \"writeAcceleratorEnabled\": false,\r\n            \"managedDisk\": {\r\n              \"storageAccountType\": \"Premium_LRS\",\r\n              \"id\": \"/subscriptions/e37510d7-33b6-4676-886f-ee75bcc01871/resourceGroups/RGFORSDKTESTRESOURCES/providers/Microsoft.Compute/disks/imageVM_OsDisk_1_1193bfcbb54745ae8343a2e08b157601\"\r\n            },\r\n            \"diskSizeGB\": 127\r\n          },\r\n          \"dataDisks\": [\r\n            {\r\n              \"lun\": 0,\r\n              \"name\": \"imageDisk\",\r\n              \"createOption\": \"Attach\",\r\n              \"caching\": \"None\",\r\n              \"writeAcceleratorEnabled\": false,\r\n              \"managedDisk\": {\r\n                \"storageAccountType\": \"Premium_LRS\",\r\n                \"id\": \"/subscriptions/e37510d7-33b6-4676-886f-ee75bcc01871/resourceGroups/RGforSDKtestResources/providers/Microsoft.Compute/disks/imagedisk\"\r\n              },\r\n              \"diskSizeGB\": 4,\r\n              \"toBeDetached\": false\r\n            }\r\n          ]\r\n        },\r\n        \"osProfile\": {\r\n          \"computerName\": \"imageVM\",\r\n          \"adminUsername\": \"grizzlyhtheodore\",\r\n          \"windowsConfiguration\": {\r\n            \"provisionVMAgent\": true,\r\n            \"enableAutomaticUpdates\": true,\r\n            \"patchSettings\": {\r\n              \"patchMode\": \"AutomaticByOS\",\r\n              \"assessmentMode\": \"ImageDefault\"\r\n            }\r\n          },\r\n          \"secrets\": [],\r\n          \"allowExtensionOperations\": true,\r\n          \"requireGuestProvisionSignal\": true\r\n        },\r\n        \"networkProfile\": {\r\n          \"networkInterfaces\": [\r\n            {\r\n              \"id\": \"/subscriptions/e37510d7-33b6-4676-886f-ee75bcc01871/resourceGroups/RGforSDKtestResources/providers/Microsoft.Network/networkInterfaces/imagevm115\"\r\n            }\r\n          ]\r\n        },\r\n        \"diagnosticsProfile\": {\r\n          \"bootDiagnostics\": {\r\n            \"enabled\": true\r\n          }\r\n        },\r\n        \"provisioningState\": \"Succeeded\"\r\n      },\r\n      \"resources\": [\r\n        {\r\n          \"id\": \"/subscriptions/e37510d7-33b6-4676-886f-ee75bcc01871/resourceGroups/RGFORSDKTESTRESOURCES/providers/Microsoft.Compute/virtualMachines/imageVM/extensions/Microsoft.Azure.Geneva.GenevaMonitoring\"\r\n        },\r\n        {\r\n          \"id\": \"/subscriptions/e37510d7-33b6-4676-886f-ee75bcc01871/resourceGroups/RGFORSDKTESTRESOURCES/providers/Microsoft.Compute/virtualMachines/imageVM/extensions/Microsoft.Azure.Security.AntimalwareSignature.AntimalwareConfiguration\"\r\n        }\r\n      ]\r\n    },\r\n    {\r\n      \"name\": \"hyperVServer\",\r\n      \"id\": \"/subscriptions/e37510d7-33b6-4676-886f-ee75bcc01871/resourceGroups/THEO_TEST/providers/Microsoft.Compute/virtualMachines/hyperVServer\",\r\n      \"type\": \"Microsoft.Compute/virtualMachines\",\r\n      \"location\": \"eastus2\",\r\n      \"tags\": {\r\n        \"platformsettings.host_environment.service.platform_optedin_for_rootcerts\": \"true\",\r\n        \"SupportsMultipleExtensions\": \"true\",\r\n        \"created\": \"11/14/2020 05:09:18\",\r\n        \"azsecpack\": \"nonprod\"\r\n      },\r\n      \"identity\": {\r\n        \"type\": \"UserAssigned\",\r\n        \"userAssignedIdentities\": {\r\n          \"/subscriptions/e37510d7-33b6-4676-886f-ee75bcc01871/resourceGroups/AzSecPackAutoConfigRG/providers/Microsoft.ManagedIdentity/userAssignedIdentities/AzSecPackAutoConfigUA-eastus2\": {}\r\n        }\r\n      },\r\n      \"properties\": {\r\n        \"vmId\": \"02bdf9bc-8e1a-41f3-94c6-f68334e2be65\",\r\n        \"hardwareProfile\": {\r\n          \"vmSize\": \"Standard_E2s_v3\"\r\n        },\r\n        \"storageProfile\": {\r\n          \"imageReference\": {\r\n            \"publisher\": \"MicrosoftWindowsServer\",\r\n            \"offer\": \"WindowsServer\",\r\n            \"sku\": \"2019-Datacenter\",\r\n            \"version\": \"latest\",\r\n            \"exactVersion\": \"17763.1518.2010132039\"\r\n          },\r\n          \"osDisk\": {\r\n            \"osType\": \"Windows\",\r\n            \"name\": \"hyperVServer_OsDisk_1_5833282d39514f6fa796f423fca2283a\",\r\n            \"createOption\": \"FromImage\",\r\n            \"caching\": \"ReadWrite\",\r\n            \"writeAcceleratorEnabled\": false,\r\n            \"managedDisk\": {\r\n              \"id\": \"/subscriptions/e37510d7-33b6-4676-886f-ee75bcc01871/resourceGroups/THEO_TEST/providers/Microsoft.Compute/disks/hyperVServer_OsDisk_1_5833282d39514f6fa796f423fca2283a\"\r\n            }\r\n          },\r\n          \"dataDisks\": [\r\n            {\r\n              \"lun\": 0,\r\n              \"name\": \"VHDdisk\",\r\n              \"createOption\": \"Attach\",\r\n              \"caching\": \"None\",\r\n              \"writeAcceleratorEnabled\": false,\r\n              \"managedDisk\": {\r\n                \"id\": \"/subscriptions/e37510d7-33b6-4676-886f-ee75bcc01871/resourceGroups/THEO_TEST/providers/Microsoft.Compute/disks/VHDdisk\"\r\n              },\r\n              \"toBeDetached\": false\r\n            }\r\n          ]\r\n        },\r\n        \"osProfile\": {\r\n          \"computerName\": \"hyperVServer\",\r\n          \"adminUsername\": \"grizzlytheodore\",\r\n          \"windowsConfiguration\": {\r\n            \"provisionVMAgent\": true,\r\n            \"enableAutomaticUpdates\": true,\r\n            \"patchSettings\": {\r\n              \"patchMode\": \"AutomaticByOS\",\r\n              \"assessmentMode\": \"ImageDefault\"\r\n            }\r\n          },\r\n          \"secrets\": [],\r\n          \"allowExtensionOperations\": true,\r\n          \"requireGuestProvisionSignal\": true\r\n        },\r\n        \"networkProfile\": {\r\n          \"networkInterfaces\": [\r\n            {\r\n              \"id\": \"/subscriptions/e37510d7-33b6-4676-886f-ee75bcc01871/resourceGroups/theo_test/providers/Microsoft.Network/networkInterfaces/hypervserver969\"\r\n            }\r\n          ]\r\n        },\r\n        \"diagnosticsProfile\": {\r\n          \"bootDiagnostics\": {\r\n            \"enabled\": true\r\n          }\r\n        },\r\n        \"provisioningState\": \"Succeeded\"\r\n      },\r\n      \"zones\": [\r\n        \"1\"\r\n      ],\r\n      \"resources\": [\r\n        {\r\n          \"id\": \"/subscriptions/e37510d7-33b6-4676-886f-ee75bcc01871/resourceGroups/THEO_TEST/providers/Microsoft.Compute/virtualMachines/hyperVServer/extensions/Microsoft.Azure.Geneva.GenevaMonitoring\"\r\n        },\r\n        {\r\n          \"id\": \"/subscriptions/e37510d7-33b6-4676-886f-ee75bcc01871/resourceGroups/THEO_TEST/providers/Microsoft.Compute/virtualMachines/hyperVServer/extensions/Microsoft.Azure.Security.AntimalwareSignature.AntimalwareConfiguration\"\r\n        }\r\n      ]\r\n    },\r\n    {\r\n      \"name\": \"sdkVM\",\r\n      \"id\": \"/subscriptions/e37510d7-33b6-4676-886f-ee75bcc01871/resourceGroups/THEO_TEST/providers/Microsoft.Compute/virtualMachines/sdkVM\",\r\n      \"type\": \"Microsoft.Compute/virtualMachines\",\r\n      \"location\": \"eastus2\",\r\n      \"tags\": {\r\n        \"platformsettings.host_environment.service.platform_optedin_for_rootcerts\": \"true\"\r\n      },\r\n      \"properties\": {\r\n        \"vmId\": \"f1a2b29b-6cf5-4123-ab0c-1d0b95644f1b\",\r\n        \"hardwareProfile\": {\r\n          \"vmSize\": \"Standard_D2_v2\"\r\n        },\r\n        \"storageProfile\": {\r\n          \"imageReference\": {\r\n            \"publisher\": \"MicrosoftWindowsDesktop\",\r\n            \"offer\": \"Windows-10\",\r\n            \"sku\": \"rs5-pro\",\r\n            \"version\": \"latest\",\r\n            \"exactVersion\": \"17763.1518.2010132039\"\r\n          },\r\n          \"osDisk\": {\r\n            \"osType\": \"Windows\",\r\n            \"name\": \"sdkVM_OsDisk_1_5cdd142f281d4454a911d64aa193eb4b\",\r\n            \"createOption\": \"FromImage\",\r\n            \"caching\": \"ReadWrite\",\r\n            \"managedDisk\": {\r\n              \"storageAccountType\": \"StandardSSD_LRS\",\r\n              \"id\": \"/subscriptions/e37510d7-33b6-4676-886f-ee75bcc01871/resourceGroups/THEO_TEST/providers/Microsoft.Compute/disks/sdkVM_OsDisk_1_5cdd142f281d4454a911d64aa193eb4b\"\r\n            },\r\n            \"diskSizeGB\": 127\r\n          },\r\n          \"dataDisks\": []\r\n        },\r\n        \"osProfile\": {\r\n          \"computerName\": \"sdkVM\",\r\n          \"adminUsername\": \"grizzlytheodore\",\r\n          \"windowsConfiguration\": {\r\n            \"provisionVMAgent\": true,\r\n            \"enableAutomaticUpdates\": true,\r\n            \"patchSettings\": {\r\n              \"patchMode\": \"AutomaticByOS\",\r\n              \"assessmentMode\": \"ImageDefault\"\r\n            }\r\n          },\r\n          \"secrets\": [],\r\n          \"allowExtensionOperations\": true,\r\n          \"requireGuestProvisionSignal\": true\r\n        },\r\n        \"networkProfile\": {\r\n          \"networkInterfaces\": [\r\n            {\r\n              \"id\": \"/subscriptions/e37510d7-33b6-4676-886f-ee75bcc01871/resourceGroups/theo_test/providers/Microsoft.Network/networkInterfaces/sdkvm656\"\r\n            }\r\n          ]\r\n        },\r\n        \"diagnosticsProfile\": {\r\n          \"bootDiagnostics\": {\r\n            \"enabled\": true\r\n          }\r\n        },\r\n        \"licenseType\": \"Windows_Client\",\r\n        \"provisioningState\": \"Succeeded\"\r\n      },\r\n      \"zones\": [\r\n        \"1\"\r\n      ],\r\n      \"resources\": [\r\n        {\r\n          \"id\": \"/subscriptions/e37510d7-33b6-4676-886f-ee75bcc01871/resourceGroups/THEO_TEST/providers/Microsoft.Compute/virtualMachines/sdkVM/extensions/Microsoft.Azure.Geneva.GenevaMonitoring\"\r\n        },\r\n        {\r\n          \"id\": \"/subscriptions/e37510d7-33b6-4676-886f-ee75bcc01871/resourceGroups/THEO_TEST/providers/Microsoft.Compute/virtualMachines/sdkVM/extensions/Microsoft.Azure.Security.AntimalwareSignature.AntimalwareConfiguration\"\r\n        }\r\n      ]\r\n    },\r\n    {\r\n      \"name\": \"vm8776\",\r\n      \"id\": \"/subscriptions/e37510d7-33b6-4676-886f-ee75bcc01871/resourceGroups/CRPTESTAR5938/providers/Microsoft.Compute/virtualMachines/vm8776\",\r\n      \"type\": \"Microsoft.Compute/virtualMachines\",\r\n      \"location\": \"southeastasia\",\r\n      \"tags\": {\r\n        \"RG\": \"rg\",\r\n        \"testTag\": \"1\",\r\n        \"azsecpack\": \"nonprod\",\r\n        \"platformsettings.host_environment.service.platform_optedin_for_rootcerts\": \"true\"\r\n      },\r\n      \"properties\": {\r\n        \"vmId\": \"a5553dc4-1996-4947-b0ea-ae2c9444ed70\",\r\n        \"availabilitySet\": {\r\n          \"id\": \"/subscriptions/e37510d7-33b6-4676-886f-ee75bcc01871/resourceGroups/CRPTESTAR5938/providers/Microsoft.Compute/availabilitySets/AVSET1561\"\r\n        },\r\n        \"hardwareProfile\": {\r\n          \"vmSize\": \"Standard_A1_v2\"\r\n        },\r\n        \"storageProfile\": {\r\n          \"imageReference\": {\r\n            \"publisher\": \"MicrosoftWindowsServer\",\r\n            \"offer\": \"WindowsServer\",\r\n            \"sku\": \"2012-R2-Datacenter\",\r\n            \"version\": \"4.127.20180315\",\r\n            \"exactVersion\": \"4.127.20180315\"\r\n          },\r\n          \"osDisk\": {\r\n            \"osType\": \"Windows\",\r\n            \"name\": \"test\",\r\n            \"createOption\": \"FromImage\",\r\n            \"caching\": \"None\",\r\n            \"managedDisk\": {\r\n              \"storageAccountType\": \"Standard_LRS\",\r\n              \"id\": \"/subscriptions/e37510d7-33b6-4676-886f-ee75bcc01871/resourceGroups/crptestar5938/providers/Microsoft.Compute/disks/test\"\r\n            },\r\n            \"diskSizeGB\": 127,\r\n            \"deleteOption\": \"Detach\"\r\n          },\r\n          \"dataDisks\": [\r\n            {\r\n              \"lun\": 0,\r\n              \"name\": \"vm8776_disk2_636d5eefbaf64d929cc2cb2f48688191\",\r\n              \"createOption\": \"Empty\",\r\n              \"caching\": \"None\",\r\n              \"managedDisk\": {\r\n                \"storageAccountType\": \"Standard_LRS\",\r\n                \"id\": \"/subscriptions/e37510d7-33b6-4676-886f-ee75bcc01871/resourceGroups/crptestar5938/providers/Microsoft.Compute/disks/vm8776_disk2_636d5eefbaf64d929cc2cb2f48688191\"\r\n              },\r\n              \"diskSizeGB\": 30,\r\n              \"toBeDetached\": false,\r\n              \"deleteOption\": \"Detach\"\r\n            }\r\n          ]\r\n        },\r\n        \"osProfile\": {\r\n          \"computerName\": \"Test\",\r\n          \"adminUsername\": \"Foo12\",\r\n          \"windowsConfiguration\": {\r\n            \"provisionVMAgent\": true,\r\n            \"enableAutomaticUpdates\": true,\r\n            \"patchSettings\": {\r\n              \"patchMode\": \"AutomaticByOS\",\r\n              \"assessmentMode\": \"ImageDefault\"\r\n            }\r\n          },\r\n          \"secrets\": [],\r\n          \"allowExtensionOperations\": true,\r\n          \"requireGuestProvisionSignal\": true\r\n        },\r\n        \"networkProfile\": {\r\n          \"networkInterfaces\": [\r\n            {\r\n              \"id\": \"/subscriptions/e37510d7-33b6-4676-886f-ee75bcc01871/resourceGroups/crptestar5938/providers/Microsoft.Network/networkInterfaces/nic8778\"\r\n            }\r\n          ]\r\n        },\r\n        \"provisioningState\": \"Succeeded\"\r\n      }\r\n    },\r\n    {\r\n      \"name\": \"vmvmvm2\",\r\n      \"id\": \"/subscriptions/e37510d7-33b6-4676-886f-ee75bcc01871/resourceGroups/THEO_CSES/providers/Microsoft.Compute/virtualMachines/vmvmvm2\",\r\n      \"type\": \"Microsoft.Compute/virtualMachines\",\r\n      \"location\": \"centraluseuap\",\r\n      \"tags\": {\r\n        \"azsecpack\": \"nonprod\",\r\n        \"platformsettings.host_environment.service.platform_optedin_for_rootcerts\": \"true\"\r\n      },\r\n      \"identity\": {\r\n        \"type\": \"UserAssigned\",\r\n        \"userAssignedIdentities\": {\r\n          \"/subscriptions/e37510d7-33b6-4676-886f-ee75bcc01871/resourceGroups/AzSecPackAutoConfigRG/providers/Microsoft.ManagedIdentity/userAssignedIdentities/AzSecPackAutoConfigUA-centraluseuap\": {\r\n            \"principalId\": \"acefca74-2f10-4c05-a67c-5f11d828cfff\",\r\n            \"clientId\": \"5e311c8b-558a-4983-be3e-f6ee91e0b35c\"\r\n          }\r\n        }\r\n      },\r\n      \"properties\": {\r\n        \"vmId\": \"27c60d30-0dd3-4b25-bdf8-570785b48357\",\r\n        \"hardwareProfile\": {\r\n          \"vmSize\": \"Standard_B1ms\"\r\n        },\r\n        \"storageProfile\": {\r\n          \"imageReference\": {\r\n            \"publisher\": \"MicrosoftWindowsServer\",\r\n            \"offer\": \"WindowsServer\",\r\n            \"sku\": \"2019-Datacenter\",\r\n            \"version\": \"latest\",\r\n            \"exactVersion\": \"17763.1935.2105080716\"\r\n          },\r\n          \"osDisk\": {\r\n            \"osType\": \"Windows\",\r\n            \"name\": \"vmvmvm2_OsDisk_1_884e83dc8f8d449bb2b39ea9c8028984\",\r\n            \"createOption\": \"FromImage\",\r\n            \"caching\": \"ReadWrite\",\r\n            \"managedDisk\": {\r\n              \"storageAccountType\": \"Premium_LRS\",\r\n              \"id\": \"/subscriptions/e37510d7-33b6-4676-886f-ee75bcc01871/resourceGroups/theo_CSES/providers/Microsoft.Compute/disks/vmvmvm2_OsDisk_1_884e83dc8f8d449bb2b39ea9c8028984\"\r\n            },\r\n            \"diskSizeGB\": 127\r\n          },\r\n          \"dataDisks\": []\r\n        },\r\n        \"osProfile\": {\r\n          \"computerName\": \"vmvmvm2\",\r\n          \"adminUsername\": \"grizzlytheodore\",\r\n          \"windowsConfiguration\": {\r\n            \"provisionVMAgent\": true,\r\n            \"enableAutomaticUpdates\": true,\r\n            \"patchSettings\": {\r\n              \"patchMode\": \"AutomaticByOS\",\r\n              \"assessmentMode\": \"ImageDefault\",\r\n              \"enableHotpatching\": false\r\n            }\r\n          },\r\n          \"secrets\": [],\r\n          \"allowExtensionOperations\": true,\r\n          \"requireGuestProvisionSignal\": true\r\n        },\r\n        \"networkProfile\": {\r\n          \"networkInterfaces\": [\r\n            {\r\n              \"id\": \"/subscriptions/e37510d7-33b6-4676-886f-ee75bcc01871/resourceGroups/theo_CSES/providers/Microsoft.Network/networkInterfaces/vmvmvm2973\"\r\n            }\r\n          ]\r\n        },\r\n        \"diagnosticsProfile\": {\r\n          \"bootDiagnostics\": {\r\n            \"enabled\": true\r\n          }\r\n        },\r\n        \"provisioningState\": \"Succeeded\"\r\n      },\r\n      \"resources\": [\r\n        {\r\n          \"id\": \"/subscriptions/e37510d7-33b6-4676-886f-ee75bcc01871/resourceGroups/THEO_CSES/providers/Microsoft.Compute/virtualMachines/vmvmvm2/extensions/Microsoft.Azure.Geneva.GenevaMonitoring\"\r\n        },\r\n        {\r\n          \"id\": \"/subscriptions/e37510d7-33b6-4676-886f-ee75bcc01871/resourceGroups/THEO_CSES/providers/Microsoft.Compute/virtualMachines/vmvmvm2/extensions/Microsoft.Azure.Security.AntimalwareSignature.AntimalwareConfiguration\"\r\n        }\r\n      ]\r\n    }\r\n  ]\r\n}",
      "StatusCode": 200
    },
    {
      "RequestUri": "/subscriptions/e37510d7-33b6-4676-886f-ee75bcc01871/resourceGroups/crptestar5938/providers/Microsoft.Compute/disks/test?api-version=2020-12-01",
      "EncodedRequestUri": "L3N1YnNjcmlwdGlvbnMvZTM3NTEwZDctMzNiNi00Njc2LTg4NmYtZWU3NWJjYzAxODcxL3Jlc291cmNlR3JvdXBzL2NycHRlc3RhcjU5MzgvcHJvdmlkZXJzL01pY3Jvc29mdC5Db21wdXRlL2Rpc2tzL3Rlc3Q/YXBpLXZlcnNpb249MjAyMC0xMi0wMQ==",
      "RequestMethod": "GET",
      "RequestBody": "",
      "RequestHeaders": {
        "x-ms-client-request-id": [
          "38f282b1-bae9-42a5-a1cc-854d4790fa2c"
        ],
        "Accept-Language": [
          "en-US"
        ],
        "User-Agent": [
          "FxVersion/4.6.29518.01",
          "OSName/Windows",
          "OSVersion/Microsoft.Windows.10.0.19042.",
          "Microsoft.Azure.Management.Compute.ComputeManagementClient/47.0.0"
        ]
      },
      "ResponseHeaders": {
        "Cache-Control": [
          "no-cache"
        ],
        "Pragma": [
          "no-cache"
        ],
        "x-ms-ratelimit-remaining-resource": [
          "Microsoft.Compute/LowCostGet3Min;14997,Microsoft.Compute/LowCostGet30Min;119995"
        ],
        "Strict-Transport-Security": [
          "max-age=31536000; includeSubDomains"
        ],
        "x-ms-served-by": [
          "bf22254a-89c5-4c2c-b03b-33e09f30cf73_132599744228920903"
        ],
        "x-ms-request-id": [
          "e77075aa-9f68-44a4-8d4f-3eb119f2bb8a"
        ],
        "Server": [
          "Microsoft-HTTPAPI/2.0",
          "Microsoft-HTTPAPI/2.0"
        ],
        "x-ms-ratelimit-remaining-subscription-reads": [
          "11990"
        ],
        "x-ms-correlation-request-id": [
          "054a46ba-b0f9-47d8-8bd7-bd567bd303c5"
        ],
        "x-ms-routing-request-id": [
          "EASTUS2:20210619T025121Z:054a46ba-b0f9-47d8-8bd7-bd567bd303c5"
        ],
        "X-Content-Type-Options": [
          "nosniff"
        ],
        "Date": [
          "Sat, 19 Jun 2021 02:51:20 GMT"
        ],
        "Content-Length": [
          "1472"
        ],
        "Content-Type": [
          "application/json; charset=utf-8"
        ],
        "Expires": [
          "-1"
        ]
      },
      "ResponseBody": "{\r\n  \"name\": \"test\",\r\n  \"id\": \"/subscriptions/e37510d7-33b6-4676-886f-ee75bcc01871/resourceGroups/crptestar5938/providers/Microsoft.Compute/disks/test\",\r\n  \"type\": \"Microsoft.Compute/disks\",\r\n  \"location\": \"southeastasia\",\r\n  \"tags\": {\r\n    \"RG\": \"rg\",\r\n    \"testTag\": \"1\",\r\n    \"azsecpack\": \"nonprod\",\r\n    \"platformsettings.host_environment.service.platform_optedin_for_rootcerts\": \"true\"\r\n  },\r\n  \"managedBy\": \"/subscriptions/e37510d7-33b6-4676-886f-ee75bcc01871/resourceGroups/crptestar5938/providers/Microsoft.Compute/virtualMachines/vm8776\",\r\n  \"sku\": {\r\n    \"name\": \"Standard_LRS\",\r\n    \"tier\": \"Standard\"\r\n  },\r\n  \"properties\": {\r\n    \"osType\": \"Windows\",\r\n    \"hyperVGeneration\": \"V1\",\r\n    \"creationData\": {\r\n      \"createOption\": \"FromImage\",\r\n      \"imageReference\": {\r\n        \"id\": \"/Subscriptions/e37510d7-33b6-4676-886f-ee75bcc01871/Providers/Microsoft.Compute/Locations/southeastasia/Publishers/MicrosoftWindowsServer/ArtifactTypes/VMImage/Offers/WindowsServer/Skus/2012-R2-Datacenter/Versions/4.127.20180315\"\r\n      }\r\n    },\r\n    \"diskSizeGB\": 127,\r\n    \"diskIOPSReadWrite\": 500,\r\n    \"diskMBpsReadWrite\": 60,\r\n    \"encryption\": {\r\n      \"type\": \"EncryptionAtRestWithPlatformKey\"\r\n    },\r\n    \"timeCreated\": \"2021-06-19T02:47:46.2305088+00:00\",\r\n    \"provisioningState\": \"Succeeded\",\r\n    \"diskState\": \"Attached\",\r\n    \"diskSizeBytes\": 136367308800,\r\n    \"uniqueId\": \"c99e5399-d7f0-4474-9fe8-586a140c55fd\",\r\n    \"networkAccessPolicy\": \"AllowAll\"\r\n  }\r\n}",
      "StatusCode": 200
    },
    {
      "RequestUri": "/subscriptions/e37510d7-33b6-4676-886f-ee75bcc01871/resourceGroups/crptestar5938/providers/Microsoft.Compute/virtualMachines/vm8776?api-version=2021-04-01",
      "EncodedRequestUri": "L3N1YnNjcmlwdGlvbnMvZTM3NTEwZDctMzNiNi00Njc2LTg4NmYtZWU3NWJjYzAxODcxL3Jlc291cmNlR3JvdXBzL2NycHRlc3RhcjU5MzgvcHJvdmlkZXJzL01pY3Jvc29mdC5Db21wdXRlL3ZpcnR1YWxNYWNoaW5lcy92bTg3NzY/YXBpLXZlcnNpb249MjAyMS0wNC0wMQ==",
      "RequestMethod": "DELETE",
      "RequestBody": "",
      "RequestHeaders": {
        "x-ms-client-request-id": [
          "32ae4815-fb58-4562-ad88-97f0c0171609"
        ],
        "Accept-Language": [
          "en-US"
        ],
        "User-Agent": [
          "FxVersion/4.6.29518.01",
          "OSName/Windows",
          "OSVersion/Microsoft.Windows.10.0.19042.",
          "Microsoft.Azure.Management.Compute.ComputeManagementClient/47.0.0"
        ]
      },
      "ResponseHeaders": {
        "Cache-Control": [
          "no-cache"
        ],
        "Pragma": [
          "no-cache"
        ],
        "Location": [
          "https://management.azure.com/subscriptions/e37510d7-33b6-4676-886f-ee75bcc01871/providers/Microsoft.Compute/locations/southeastasia/operations/fdce502a-bddc-4e0d-ba3d-35e006f8ab4f?monitor=true&api-version=2021-04-01"
        ],
        "Retry-After": [
          "10"
        ],
        "Azure-AsyncOperation": [
          "https://management.azure.com/subscriptions/e37510d7-33b6-4676-886f-ee75bcc01871/providers/Microsoft.Compute/locations/southeastasia/operations/fdce502a-bddc-4e0d-ba3d-35e006f8ab4f?api-version=2021-04-01"
        ],
        "Azure-AsyncNotification": [
          "Enabled"
        ],
        "x-ms-ratelimit-remaining-resource": [
          "Microsoft.Compute/DeleteVM3Min;239,Microsoft.Compute/DeleteVM30Min;1199"
        ],
        "Strict-Transport-Security": [
          "max-age=31536000; includeSubDomains"
        ],
        "x-ms-request-id": [
          "fdce502a-bddc-4e0d-ba3d-35e006f8ab4f"
        ],
        "Server": [
          "Microsoft-HTTPAPI/2.0",
          "Microsoft-HTTPAPI/2.0"
        ],
        "x-ms-ratelimit-remaining-subscription-deletes": [
          "14999"
        ],
        "x-ms-correlation-request-id": [
          "c8102ae0-005e-43bc-bfb0-8bfdd245b9f0"
        ],
        "x-ms-routing-request-id": [
          "EASTUS2:20210619T025122Z:c8102ae0-005e-43bc-bfb0-8bfdd245b9f0"
        ],
        "X-Content-Type-Options": [
          "nosniff"
        ],
        "Date": [
          "Sat, 19 Jun 2021 02:51:22 GMT"
        ],
        "Expires": [
          "-1"
        ],
        "Content-Length": [
          "0"
        ]
      },
      "ResponseBody": "",
      "StatusCode": 202
    },
    {
      "RequestUri": "/subscriptions/e37510d7-33b6-4676-886f-ee75bcc01871/resourceGroups/crptestar5938/providers/Microsoft.Compute/virtualMachines/vm8776?api-version=2021-04-01",
      "EncodedRequestUri": "L3N1YnNjcmlwdGlvbnMvZTM3NTEwZDctMzNiNi00Njc2LTg4NmYtZWU3NWJjYzAxODcxL3Jlc291cmNlR3JvdXBzL2NycHRlc3RhcjU5MzgvcHJvdmlkZXJzL01pY3Jvc29mdC5Db21wdXRlL3ZpcnR1YWxNYWNoaW5lcy92bTg3NzY/YXBpLXZlcnNpb249MjAyMS0wNC0wMQ==",
      "RequestMethod": "DELETE",
      "RequestBody": "",
      "RequestHeaders": {
        "x-ms-client-request-id": [
          "6abecfb6-bec1-493f-a05f-1589de8ba35d"
        ],
        "Accept-Language": [
          "en-US"
        ],
        "User-Agent": [
          "FxVersion/4.6.29518.01",
          "OSName/Windows",
          "OSVersion/Microsoft.Windows.10.0.19042.",
          "Microsoft.Azure.Management.Compute.ComputeManagementClient/47.0.0"
        ]
      },
      "ResponseHeaders": {
        "Cache-Control": [
          "no-cache"
        ],
        "Pragma": [
          "no-cache"
        ],
        "x-ms-ratelimit-remaining-resource": [
          "Microsoft.Compute/DeleteVM3Min;238,Microsoft.Compute/DeleteVM30Min;1198"
        ],
        "Strict-Transport-Security": [
          "max-age=31536000; includeSubDomains"
        ],
        "x-ms-request-id": [
          "fff9509f-c93e-4a61-a581-86a5624663fd"
        ],
        "Server": [
          "Microsoft-HTTPAPI/2.0",
          "Microsoft-HTTPAPI/2.0"
        ],
        "x-ms-ratelimit-remaining-subscription-deletes": [
          "14998"
        ],
        "x-ms-correlation-request-id": [
          "05435834-fdcb-44b2-8744-6c5c6649ccb5"
        ],
        "x-ms-routing-request-id": [
          "EASTUS2:20210619T025212Z:05435834-fdcb-44b2-8744-6c5c6649ccb5"
        ],
        "X-Content-Type-Options": [
          "nosniff"
        ],
        "Date": [
          "Sat, 19 Jun 2021 02:52:12 GMT"
        ],
        "Expires": [
          "-1"
        ]
      },
      "ResponseBody": "",
      "StatusCode": 204
    },
    {
      "RequestUri": "/subscriptions/e37510d7-33b6-4676-886f-ee75bcc01871/providers/Microsoft.Compute/locations/southeastasia/operations/fdce502a-bddc-4e0d-ba3d-35e006f8ab4f?api-version=2021-04-01",
      "EncodedRequestUri": "L3N1YnNjcmlwdGlvbnMvZTM3NTEwZDctMzNiNi00Njc2LTg4NmYtZWU3NWJjYzAxODcxL3Byb3ZpZGVycy9NaWNyb3NvZnQuQ29tcHV0ZS9sb2NhdGlvbnMvc291dGhlYXN0YXNpYS9vcGVyYXRpb25zL2ZkY2U1MDJhLWJkZGMtNGUwZC1iYTNkLTM1ZTAwNmY4YWI0Zj9hcGktdmVyc2lvbj0yMDIxLTA0LTAx",
      "RequestMethod": "GET",
      "RequestBody": "",
      "RequestHeaders": {
        "User-Agent": [
          "FxVersion/4.6.29518.01",
          "OSName/Windows",
          "OSVersion/Microsoft.Windows.10.0.19042.",
          "Microsoft.Azure.Management.Compute.ComputeManagementClient/47.0.0"
        ]
      },
      "ResponseHeaders": {
        "Cache-Control": [
          "no-cache"
        ],
        "Pragma": [
          "no-cache"
        ],
        "Retry-After": [
          "30"
        ],
        "x-ms-ratelimit-remaining-resource": [
          "Microsoft.Compute/GetOperation3Min;14994,Microsoft.Compute/GetOperation30Min;29992"
        ],
        "Strict-Transport-Security": [
          "max-age=31536000; includeSubDomains"
        ],
        "x-ms-request-id": [
          "56444957-989f-41aa-9e43-796995717068"
        ],
        "Server": [
          "Microsoft-HTTPAPI/2.0",
          "Microsoft-HTTPAPI/2.0"
        ],
        "x-ms-ratelimit-remaining-subscription-reads": [
          "11989"
        ],
        "x-ms-correlation-request-id": [
          "3eb88ae3-5f14-4cef-a91b-cf93c28a92d3"
        ],
        "x-ms-routing-request-id": [
          "EASTUS2:20210619T025132Z:3eb88ae3-5f14-4cef-a91b-cf93c28a92d3"
        ],
        "X-Content-Type-Options": [
          "nosniff"
        ],
        "Date": [
          "Sat, 19 Jun 2021 02:51:32 GMT"
        ],
        "Content-Length": [
          "134"
        ],
        "Content-Type": [
          "application/json; charset=utf-8"
        ],
        "Expires": [
          "-1"
        ]
      },
      "ResponseBody": "{\r\n  \"startTime\": \"2021-06-19T02:51:22.4401248+00:00\",\r\n  \"status\": \"InProgress\",\r\n  \"name\": \"fdce502a-bddc-4e0d-ba3d-35e006f8ab4f\"\r\n}",
      "StatusCode": 200
    },
    {
      "RequestUri": "/subscriptions/e37510d7-33b6-4676-886f-ee75bcc01871/providers/Microsoft.Compute/locations/southeastasia/operations/fdce502a-bddc-4e0d-ba3d-35e006f8ab4f?api-version=2021-04-01",
      "EncodedRequestUri": "L3N1YnNjcmlwdGlvbnMvZTM3NTEwZDctMzNiNi00Njc2LTg4NmYtZWU3NWJjYzAxODcxL3Byb3ZpZGVycy9NaWNyb3NvZnQuQ29tcHV0ZS9sb2NhdGlvbnMvc291dGhlYXN0YXNpYS9vcGVyYXRpb25zL2ZkY2U1MDJhLWJkZGMtNGUwZC1iYTNkLTM1ZTAwNmY4YWI0Zj9hcGktdmVyc2lvbj0yMDIxLTA0LTAx",
      "RequestMethod": "GET",
      "RequestBody": "",
      "RequestHeaders": {
        "User-Agent": [
          "FxVersion/4.6.29518.01",
          "OSName/Windows",
          "OSVersion/Microsoft.Windows.10.0.19042.",
          "Microsoft.Azure.Management.Compute.ComputeManagementClient/47.0.0"
        ]
      },
      "ResponseHeaders": {
        "Cache-Control": [
          "no-cache"
        ],
        "Pragma": [
          "no-cache"
        ],
        "x-ms-ratelimit-remaining-resource": [
          "Microsoft.Compute/GetOperation3Min;14993,Microsoft.Compute/GetOperation30Min;29991"
        ],
        "Strict-Transport-Security": [
          "max-age=31536000; includeSubDomains"
        ],
        "x-ms-request-id": [
          "a95344f6-5d58-49c5-886a-25e3c58b8555"
        ],
        "Server": [
          "Microsoft-HTTPAPI/2.0",
          "Microsoft-HTTPAPI/2.0"
        ],
        "x-ms-ratelimit-remaining-subscription-reads": [
          "11988"
        ],
        "x-ms-correlation-request-id": [
          "9739bed1-bbfd-44f4-ba3a-34648c0f29e6"
        ],
        "x-ms-routing-request-id": [
          "EASTUS2:20210619T025203Z:9739bed1-bbfd-44f4-ba3a-34648c0f29e6"
        ],
        "X-Content-Type-Options": [
          "nosniff"
        ],
        "Date": [
          "Sat, 19 Jun 2021 02:52:02 GMT"
        ],
        "Content-Length": [
          "184"
        ],
        "Content-Type": [
          "application/json; charset=utf-8"
        ],
        "Expires": [
          "-1"
        ]
      },
      "ResponseBody": "{\r\n  \"startTime\": \"2021-06-19T02:51:22.4401248+00:00\",\r\n  \"endTime\": \"2021-06-19T02:52:02.6740192+00:00\",\r\n  \"status\": \"Succeeded\",\r\n  \"name\": \"fdce502a-bddc-4e0d-ba3d-35e006f8ab4f\"\r\n}",
      "StatusCode": 200
    },
    {
      "RequestUri": "/subscriptions/e37510d7-33b6-4676-886f-ee75bcc01871/providers/Microsoft.Compute/locations/southeastasia/operations/fdce502a-bddc-4e0d-ba3d-35e006f8ab4f?monitor=true&api-version=2021-04-01",
      "EncodedRequestUri": "L3N1YnNjcmlwdGlvbnMvZTM3NTEwZDctMzNiNi00Njc2LTg4NmYtZWU3NWJjYzAxODcxL3Byb3ZpZGVycy9NaWNyb3NvZnQuQ29tcHV0ZS9sb2NhdGlvbnMvc291dGhlYXN0YXNpYS9vcGVyYXRpb25zL2ZkY2U1MDJhLWJkZGMtNGUwZC1iYTNkLTM1ZTAwNmY4YWI0Zj9tb25pdG9yPXRydWUmYXBpLXZlcnNpb249MjAyMS0wNC0wMQ==",
      "RequestMethod": "GET",
      "RequestBody": "",
      "RequestHeaders": {
        "User-Agent": [
          "FxVersion/4.6.29518.01",
          "OSName/Windows",
          "OSVersion/Microsoft.Windows.10.0.19042.",
          "Microsoft.Azure.Management.Compute.ComputeManagementClient/47.0.0"
        ]
      },
      "ResponseHeaders": {
        "Cache-Control": [
          "no-cache"
        ],
        "Pragma": [
          "no-cache"
        ],
        "x-ms-ratelimit-remaining-resource": [
          "Microsoft.Compute/GetOperation3Min;14992,Microsoft.Compute/GetOperation30Min;29990"
        ],
        "Strict-Transport-Security": [
          "max-age=31536000; includeSubDomains"
        ],
        "x-ms-request-id": [
          "01701ef8-75bf-4a9d-872f-378a31481832"
        ],
        "Server": [
          "Microsoft-HTTPAPI/2.0",
          "Microsoft-HTTPAPI/2.0"
        ],
        "x-ms-ratelimit-remaining-subscription-reads": [
          "11987"
        ],
        "x-ms-correlation-request-id": [
          "c17923cb-9754-47a7-a0b9-924b71f486ed"
        ],
        "x-ms-routing-request-id": [
          "EASTUS2:20210619T025203Z:c17923cb-9754-47a7-a0b9-924b71f486ed"
        ],
        "X-Content-Type-Options": [
          "nosniff"
        ],
        "Date": [
          "Sat, 19 Jun 2021 02:52:02 GMT"
        ],
        "Expires": [
          "-1"
        ],
        "Content-Length": [
          "0"
        ]
      },
      "ResponseBody": "",
      "StatusCode": 200
    },
    {
      "RequestUri": "/subscriptions/e37510d7-33b6-4676-886f-ee75bcc01871/resourceGroups/crptestar5938/providers/Microsoft.Compute/disks/diskrp193?api-version=2020-12-01",
      "EncodedRequestUri": "L3N1YnNjcmlwdGlvbnMvZTM3NTEwZDctMzNiNi00Njc2LTg4NmYtZWU3NWJjYzAxODcxL3Jlc291cmNlR3JvdXBzL2NycHRlc3RhcjU5MzgvcHJvdmlkZXJzL01pY3Jvc29mdC5Db21wdXRlL2Rpc2tzL2Rpc2tycDE5Mz9hcGktdmVyc2lvbj0yMDIwLTEyLTAx",
      "RequestMethod": "DELETE",
      "RequestBody": "",
      "RequestHeaders": {
        "x-ms-client-request-id": [
          "161bbdbd-f193-4221-8717-79f595207862"
        ],
        "Accept-Language": [
          "en-US"
        ],
        "User-Agent": [
          "FxVersion/4.6.29518.01",
          "OSName/Windows",
          "OSVersion/Microsoft.Windows.10.0.19042.",
          "Microsoft.Azure.Management.Compute.ComputeManagementClient/47.0.0"
        ]
      },
      "ResponseHeaders": {
        "Cache-Control": [
          "no-cache"
        ],
        "Pragma": [
          "no-cache"
        ],
        "x-ms-ratelimit-remaining-subscription-deletes": [
          "14997"
        ],
        "x-ms-request-id": [
          "dcb19db4-ec80-468a-b8ed-2f39cfaaa5d7"
        ],
        "x-ms-correlation-request-id": [
          "dcb19db4-ec80-468a-b8ed-2f39cfaaa5d7"
        ],
        "x-ms-routing-request-id": [
          "EASTUS2:20210619T025212Z:dcb19db4-ec80-468a-b8ed-2f39cfaaa5d7"
        ],
        "Strict-Transport-Security": [
          "max-age=31536000; includeSubDomains"
        ],
        "X-Content-Type-Options": [
          "nosniff"
        ],
        "Date": [
          "Sat, 19 Jun 2021 02:52:12 GMT"
        ],
        "Expires": [
          "-1"
        ]
      },
      "ResponseBody": "",
      "StatusCode": 204
    },
    {
      "RequestUri": "/subscriptions/e37510d7-33b6-4676-886f-ee75bcc01871/resourcegroups/crptestar5938?api-version=2017-05-10",
      "EncodedRequestUri": "L3N1YnNjcmlwdGlvbnMvZTM3NTEwZDctMzNiNi00Njc2LTg4NmYtZWU3NWJjYzAxODcxL3Jlc291cmNlZ3JvdXBzL2NycHRlc3RhcjU5Mzg/YXBpLXZlcnNpb249MjAxNy0wNS0xMA==",
      "RequestMethod": "DELETE",
      "RequestBody": "",
      "RequestHeaders": {
        "x-ms-client-request-id": [
          "687fbd8d-605e-4012-82d8-d4aa9b595f32"
        ],
        "Accept-Language": [
          "en-US"
        ],
        "User-Agent": [
          "FxVersion/4.6.29518.01",
          "OSName/Windows",
          "OSVersion/Microsoft.Windows.10.0.19042.",
          "Microsoft.Azure.Management.ResourceManager.ResourceManagementClient/1.6.0.0"
        ]
      },
      "ResponseHeaders": {
        "Cache-Control": [
          "no-cache"
        ],
        "Pragma": [
          "no-cache"
        ],
        "Location": [
          "https://management.azure.com/subscriptions/e37510d7-33b6-4676-886f-ee75bcc01871/operationresults/eyJqb2JJZCI6IlJFU09VUkNFR1JPVVBERUxFVElPTkpPQi1DUlBURVNUQVI1OTM4LVNPVVRIRUFTVEFTSUEiLCJqb2JMb2NhdGlvbiI6InNvdXRoZWFzdGFzaWEifQ?api-version=2017-05-10"
        ],
        "Retry-After": [
          "15"
        ],
        "x-ms-ratelimit-remaining-subscription-deletes": [
          "14999"
        ],
        "x-ms-request-id": [
          "245a4400-12dc-43d3-a901-5e3e33ee71f1"
        ],
        "x-ms-correlation-request-id": [
          "245a4400-12dc-43d3-a901-5e3e33ee71f1"
        ],
        "x-ms-routing-request-id": [
          "EASTUS2:20210619T025218Z:245a4400-12dc-43d3-a901-5e3e33ee71f1"
        ],
        "Strict-Transport-Security": [
          "max-age=31536000; includeSubDomains"
        ],
        "X-Content-Type-Options": [
          "nosniff"
        ],
        "Date": [
          "Sat, 19 Jun 2021 02:52:18 GMT"
        ],
        "Expires": [
          "-1"
        ],
        "Content-Length": [
          "0"
        ]
      },
      "ResponseBody": "",
      "StatusCode": 202
    },
    {
      "RequestUri": "/subscriptions/e37510d7-33b6-4676-886f-ee75bcc01871/operationresults/eyJqb2JJZCI6IlJFU09VUkNFR1JPVVBERUxFVElPTkpPQi1DUlBURVNUQVI1OTM4LVNPVVRIRUFTVEFTSUEiLCJqb2JMb2NhdGlvbiI6InNvdXRoZWFzdGFzaWEifQ?api-version=2017-05-10",
      "EncodedRequestUri": "L3N1YnNjcmlwdGlvbnMvZTM3NTEwZDctMzNiNi00Njc2LTg4NmYtZWU3NWJjYzAxODcxL29wZXJhdGlvbnJlc3VsdHMvZXlKcWIySkpaQ0k2SWxKRlUwOVZVa05GUjFKUFZWQkVSVXhGVkVsUFRrcFBRaTFEVWxCVVJWTlVRVkkxT1RNNExWTlBWVlJJUlVGVFZFRlRTVUVpTENKcWIySk1iMk5oZEdsdmJpSTZJbk52ZFhSb1pXRnpkR0Z6YVdFaWZRP2FwaS12ZXJzaW9uPTIwMTctMDUtMTA=",
      "RequestMethod": "GET",
      "RequestBody": "",
      "RequestHeaders": {
        "User-Agent": [
          "FxVersion/4.6.29518.01",
          "OSName/Windows",
          "OSVersion/Microsoft.Windows.10.0.19042.",
          "Microsoft.Azure.Management.ResourceManager.ResourceManagementClient/1.6.0.0"
        ]
      },
      "ResponseHeaders": {
        "Cache-Control": [
          "no-cache"
        ],
        "Pragma": [
          "no-cache"
        ],
        "Location": [
          "https://management.azure.com/subscriptions/e37510d7-33b6-4676-886f-ee75bcc01871/operationresults/eyJqb2JJZCI6IlJFU09VUkNFR1JPVVBERUxFVElPTkpPQi1DUlBURVNUQVI1OTM4LVNPVVRIRUFTVEFTSUEiLCJqb2JMb2NhdGlvbiI6InNvdXRoZWFzdGFzaWEifQ?api-version=2017-05-10"
        ],
        "Retry-After": [
          "15"
        ],
        "x-ms-ratelimit-remaining-subscription-reads": [
          "11999"
        ],
        "x-ms-request-id": [
          "a83ae3b9-f9b7-40c9-bbd9-6e0f9caf4665"
        ],
        "x-ms-correlation-request-id": [
          "a83ae3b9-f9b7-40c9-bbd9-6e0f9caf4665"
        ],
        "x-ms-routing-request-id": [
          "EASTUS2:20210619T025234Z:a83ae3b9-f9b7-40c9-bbd9-6e0f9caf4665"
        ],
        "Strict-Transport-Security": [
          "max-age=31536000; includeSubDomains"
        ],
        "X-Content-Type-Options": [
          "nosniff"
        ],
        "Date": [
          "Sat, 19 Jun 2021 02:52:33 GMT"
        ],
        "Expires": [
          "-1"
        ],
        "Content-Length": [
          "0"
        ]
      },
      "ResponseBody": "",
      "StatusCode": 202
    },
    {
      "RequestUri": "/subscriptions/e37510d7-33b6-4676-886f-ee75bcc01871/operationresults/eyJqb2JJZCI6IlJFU09VUkNFR1JPVVBERUxFVElPTkpPQi1DUlBURVNUQVI1OTM4LVNPVVRIRUFTVEFTSUEiLCJqb2JMb2NhdGlvbiI6InNvdXRoZWFzdGFzaWEifQ?api-version=2017-05-10",
      "EncodedRequestUri": "L3N1YnNjcmlwdGlvbnMvZTM3NTEwZDctMzNiNi00Njc2LTg4NmYtZWU3NWJjYzAxODcxL29wZXJhdGlvbnJlc3VsdHMvZXlKcWIySkpaQ0k2SWxKRlUwOVZVa05GUjFKUFZWQkVSVXhGVkVsUFRrcFBRaTFEVWxCVVJWTlVRVkkxT1RNNExWTlBWVlJJUlVGVFZFRlRTVUVpTENKcWIySk1iMk5oZEdsdmJpSTZJbk52ZFhSb1pXRnpkR0Z6YVdFaWZRP2FwaS12ZXJzaW9uPTIwMTctMDUtMTA=",
      "RequestMethod": "GET",
      "RequestBody": "",
      "RequestHeaders": {
        "User-Agent": [
          "FxVersion/4.6.29518.01",
          "OSName/Windows",
          "OSVersion/Microsoft.Windows.10.0.19042.",
          "Microsoft.Azure.Management.ResourceManager.ResourceManagementClient/1.6.0.0"
        ]
      },
      "ResponseHeaders": {
        "Cache-Control": [
          "no-cache"
        ],
        "Pragma": [
          "no-cache"
        ],
        "Location": [
          "https://management.azure.com/subscriptions/e37510d7-33b6-4676-886f-ee75bcc01871/operationresults/eyJqb2JJZCI6IlJFU09VUkNFR1JPVVBERUxFVElPTkpPQi1DUlBURVNUQVI1OTM4LVNPVVRIRUFTVEFTSUEiLCJqb2JMb2NhdGlvbiI6InNvdXRoZWFzdGFzaWEifQ?api-version=2017-05-10"
        ],
        "Retry-After": [
          "15"
        ],
        "x-ms-ratelimit-remaining-subscription-reads": [
          "11998"
        ],
        "x-ms-request-id": [
          "0bba1d7c-a810-42d2-8c39-032ba3f6292b"
        ],
        "x-ms-correlation-request-id": [
          "0bba1d7c-a810-42d2-8c39-032ba3f6292b"
        ],
        "x-ms-routing-request-id": [
          "EASTUS2:20210619T025249Z:0bba1d7c-a810-42d2-8c39-032ba3f6292b"
        ],
        "Strict-Transport-Security": [
          "max-age=31536000; includeSubDomains"
        ],
        "X-Content-Type-Options": [
          "nosniff"
        ],
        "Date": [
          "Sat, 19 Jun 2021 02:52:49 GMT"
        ],
        "Expires": [
          "-1"
        ],
        "Content-Length": [
          "0"
        ]
      },
      "ResponseBody": "",
      "StatusCode": 202
    },
    {
      "RequestUri": "/subscriptions/e37510d7-33b6-4676-886f-ee75bcc01871/operationresults/eyJqb2JJZCI6IlJFU09VUkNFR1JPVVBERUxFVElPTkpPQi1DUlBURVNUQVI1OTM4LVNPVVRIRUFTVEFTSUEiLCJqb2JMb2NhdGlvbiI6InNvdXRoZWFzdGFzaWEifQ?api-version=2017-05-10",
      "EncodedRequestUri": "L3N1YnNjcmlwdGlvbnMvZTM3NTEwZDctMzNiNi00Njc2LTg4NmYtZWU3NWJjYzAxODcxL29wZXJhdGlvbnJlc3VsdHMvZXlKcWIySkpaQ0k2SWxKRlUwOVZVa05GUjFKUFZWQkVSVXhGVkVsUFRrcFBRaTFEVWxCVVJWTlVRVkkxT1RNNExWTlBWVlJJUlVGVFZFRlRTVUVpTENKcWIySk1iMk5oZEdsdmJpSTZJbk52ZFhSb1pXRnpkR0Z6YVdFaWZRP2FwaS12ZXJzaW9uPTIwMTctMDUtMTA=",
      "RequestMethod": "GET",
      "RequestBody": "",
      "RequestHeaders": {
        "User-Agent": [
          "FxVersion/4.6.29518.01",
          "OSName/Windows",
          "OSVersion/Microsoft.Windows.10.0.19042.",
          "Microsoft.Azure.Management.ResourceManager.ResourceManagementClient/1.6.0.0"
        ]
      },
      "ResponseHeaders": {
        "Cache-Control": [
          "no-cache"
        ],
        "Pragma": [
          "no-cache"
        ],
        "Location": [
          "https://management.azure.com/subscriptions/e37510d7-33b6-4676-886f-ee75bcc01871/operationresults/eyJqb2JJZCI6IlJFU09VUkNFR1JPVVBERUxFVElPTkpPQi1DUlBURVNUQVI1OTM4LVNPVVRIRUFTVEFTSUEiLCJqb2JMb2NhdGlvbiI6InNvdXRoZWFzdGFzaWEifQ?api-version=2017-05-10"
        ],
        "Retry-After": [
          "15"
        ],
        "x-ms-ratelimit-remaining-subscription-reads": [
          "11997"
        ],
        "x-ms-request-id": [
          "c0945e2e-e138-4405-9aee-ab36d8323550"
        ],
        "x-ms-correlation-request-id": [
          "c0945e2e-e138-4405-9aee-ab36d8323550"
        ],
        "x-ms-routing-request-id": [
          "EASTUS2:20210619T025305Z:c0945e2e-e138-4405-9aee-ab36d8323550"
        ],
        "Strict-Transport-Security": [
          "max-age=31536000; includeSubDomains"
        ],
        "X-Content-Type-Options": [
          "nosniff"
        ],
        "Date": [
          "Sat, 19 Jun 2021 02:53:04 GMT"
        ],
        "Expires": [
          "-1"
        ],
        "Content-Length": [
          "0"
        ]
      },
      "ResponseBody": "",
      "StatusCode": 202
    },
    {
      "RequestUri": "/subscriptions/e37510d7-33b6-4676-886f-ee75bcc01871/operationresults/eyJqb2JJZCI6IlJFU09VUkNFR1JPVVBERUxFVElPTkpPQi1DUlBURVNUQVI1OTM4LVNPVVRIRUFTVEFTSUEiLCJqb2JMb2NhdGlvbiI6InNvdXRoZWFzdGFzaWEifQ?api-version=2017-05-10",
      "EncodedRequestUri": "L3N1YnNjcmlwdGlvbnMvZTM3NTEwZDctMzNiNi00Njc2LTg4NmYtZWU3NWJjYzAxODcxL29wZXJhdGlvbnJlc3VsdHMvZXlKcWIySkpaQ0k2SWxKRlUwOVZVa05GUjFKUFZWQkVSVXhGVkVsUFRrcFBRaTFEVWxCVVJWTlVRVkkxT1RNNExWTlBWVlJJUlVGVFZFRlRTVUVpTENKcWIySk1iMk5oZEdsdmJpSTZJbk52ZFhSb1pXRnpkR0Z6YVdFaWZRP2FwaS12ZXJzaW9uPTIwMTctMDUtMTA=",
      "RequestMethod": "GET",
      "RequestBody": "",
      "RequestHeaders": {
        "User-Agent": [
          "FxVersion/4.6.29518.01",
          "OSName/Windows",
          "OSVersion/Microsoft.Windows.10.0.19042.",
          "Microsoft.Azure.Management.ResourceManager.ResourceManagementClient/1.6.0.0"
        ]
      },
      "ResponseHeaders": {
        "Cache-Control": [
          "no-cache"
        ],
        "Pragma": [
          "no-cache"
        ],
        "Location": [
          "https://management.azure.com/subscriptions/e37510d7-33b6-4676-886f-ee75bcc01871/operationresults/eyJqb2JJZCI6IlJFU09VUkNFR1JPVVBERUxFVElPTkpPQi1DUlBURVNUQVI1OTM4LVNPVVRIRUFTVEFTSUEiLCJqb2JMb2NhdGlvbiI6InNvdXRoZWFzdGFzaWEifQ?api-version=2017-05-10"
        ],
        "Retry-After": [
          "15"
        ],
        "x-ms-ratelimit-remaining-subscription-reads": [
          "11996"
        ],
        "x-ms-request-id": [
          "bd5dcaa3-a3e3-4b97-afb1-514b8cc59479"
        ],
        "x-ms-correlation-request-id": [
          "bd5dcaa3-a3e3-4b97-afb1-514b8cc59479"
        ],
        "x-ms-routing-request-id": [
          "EASTUS2:20210619T025320Z:bd5dcaa3-a3e3-4b97-afb1-514b8cc59479"
        ],
        "Strict-Transport-Security": [
          "max-age=31536000; includeSubDomains"
        ],
        "X-Content-Type-Options": [
          "nosniff"
        ],
        "Date": [
          "Sat, 19 Jun 2021 02:53:19 GMT"
        ],
        "Expires": [
          "-1"
        ],
        "Content-Length": [
          "0"
        ]
      },
      "ResponseBody": "",
      "StatusCode": 202
    },
    {
      "RequestUri": "/subscriptions/e37510d7-33b6-4676-886f-ee75bcc01871/operationresults/eyJqb2JJZCI6IlJFU09VUkNFR1JPVVBERUxFVElPTkpPQi1DUlBURVNUQVI1OTM4LVNPVVRIRUFTVEFTSUEiLCJqb2JMb2NhdGlvbiI6InNvdXRoZWFzdGFzaWEifQ?api-version=2017-05-10",
      "EncodedRequestUri": "L3N1YnNjcmlwdGlvbnMvZTM3NTEwZDctMzNiNi00Njc2LTg4NmYtZWU3NWJjYzAxODcxL29wZXJhdGlvbnJlc3VsdHMvZXlKcWIySkpaQ0k2SWxKRlUwOVZVa05GUjFKUFZWQkVSVXhGVkVsUFRrcFBRaTFEVWxCVVJWTlVRVkkxT1RNNExWTlBWVlJJUlVGVFZFRlRTVUVpTENKcWIySk1iMk5oZEdsdmJpSTZJbk52ZFhSb1pXRnpkR0Z6YVdFaWZRP2FwaS12ZXJzaW9uPTIwMTctMDUtMTA=",
      "RequestMethod": "GET",
      "RequestBody": "",
      "RequestHeaders": {
        "User-Agent": [
          "FxVersion/4.6.29518.01",
          "OSName/Windows",
          "OSVersion/Microsoft.Windows.10.0.19042.",
          "Microsoft.Azure.Management.ResourceManager.ResourceManagementClient/1.6.0.0"
        ]
      },
      "ResponseHeaders": {
        "Cache-Control": [
          "no-cache"
        ],
        "Pragma": [
          "no-cache"
        ],
        "Location": [
          "https://management.azure.com/subscriptions/e37510d7-33b6-4676-886f-ee75bcc01871/operationresults/eyJqb2JJZCI6IlJFU09VUkNFR1JPVVBERUxFVElPTkpPQi1DUlBURVNUQVI1OTM4LVNPVVRIRUFTVEFTSUEiLCJqb2JMb2NhdGlvbiI6InNvdXRoZWFzdGFzaWEifQ?api-version=2017-05-10"
        ],
        "Retry-After": [
          "15"
        ],
        "x-ms-ratelimit-remaining-subscription-reads": [
          "11995"
        ],
        "x-ms-request-id": [
          "e7143e54-3ad2-4ff5-8636-d2a8c7664ab0"
        ],
        "x-ms-correlation-request-id": [
          "e7143e54-3ad2-4ff5-8636-d2a8c7664ab0"
        ],
        "x-ms-routing-request-id": [
          "EASTUS2:20210619T025335Z:e7143e54-3ad2-4ff5-8636-d2a8c7664ab0"
        ],
        "Strict-Transport-Security": [
          "max-age=31536000; includeSubDomains"
        ],
        "X-Content-Type-Options": [
          "nosniff"
        ],
        "Date": [
          "Sat, 19 Jun 2021 02:53:35 GMT"
        ],
        "Expires": [
          "-1"
        ],
        "Content-Length": [
          "0"
        ]
      },
      "ResponseBody": "",
      "StatusCode": 202
    },
    {
      "RequestUri": "/subscriptions/e37510d7-33b6-4676-886f-ee75bcc01871/operationresults/eyJqb2JJZCI6IlJFU09VUkNFR1JPVVBERUxFVElPTkpPQi1DUlBURVNUQVI1OTM4LVNPVVRIRUFTVEFTSUEiLCJqb2JMb2NhdGlvbiI6InNvdXRoZWFzdGFzaWEifQ?api-version=2017-05-10",
      "EncodedRequestUri": "L3N1YnNjcmlwdGlvbnMvZTM3NTEwZDctMzNiNi00Njc2LTg4NmYtZWU3NWJjYzAxODcxL29wZXJhdGlvbnJlc3VsdHMvZXlKcWIySkpaQ0k2SWxKRlUwOVZVa05GUjFKUFZWQkVSVXhGVkVsUFRrcFBRaTFEVWxCVVJWTlVRVkkxT1RNNExWTlBWVlJJUlVGVFZFRlRTVUVpTENKcWIySk1iMk5oZEdsdmJpSTZJbk52ZFhSb1pXRnpkR0Z6YVdFaWZRP2FwaS12ZXJzaW9uPTIwMTctMDUtMTA=",
      "RequestMethod": "GET",
      "RequestBody": "",
      "RequestHeaders": {
        "User-Agent": [
          "FxVersion/4.6.29518.01",
          "OSName/Windows",
          "OSVersion/Microsoft.Windows.10.0.19042.",
          "Microsoft.Azure.Management.ResourceManager.ResourceManagementClient/1.6.0.0"
        ]
      },
      "ResponseHeaders": {
        "Cache-Control": [
          "no-cache"
        ],
        "Pragma": [
          "no-cache"
        ],
        "Location": [
          "https://management.azure.com/subscriptions/e37510d7-33b6-4676-886f-ee75bcc01871/operationresults/eyJqb2JJZCI6IlJFU09VUkNFR1JPVVBERUxFVElPTkpPQi1DUlBURVNUQVI1OTM4LVNPVVRIRUFTVEFTSUEiLCJqb2JMb2NhdGlvbiI6InNvdXRoZWFzdGFzaWEifQ?api-version=2017-05-10"
        ],
        "Retry-After": [
          "15"
        ],
        "x-ms-ratelimit-remaining-subscription-reads": [
          "11994"
        ],
        "x-ms-request-id": [
          "2931983f-2ecc-49c0-8944-7d89f764bc1b"
        ],
        "x-ms-correlation-request-id": [
          "2931983f-2ecc-49c0-8944-7d89f764bc1b"
        ],
        "x-ms-routing-request-id": [
          "EASTUS2:20210619T025351Z:2931983f-2ecc-49c0-8944-7d89f764bc1b"
        ],
        "Strict-Transport-Security": [
          "max-age=31536000; includeSubDomains"
        ],
        "X-Content-Type-Options": [
          "nosniff"
        ],
        "Date": [
          "Sat, 19 Jun 2021 02:53:51 GMT"
        ],
        "Expires": [
          "-1"
        ],
        "Content-Length": [
          "0"
        ]
      },
      "ResponseBody": "",
      "StatusCode": 202
    },
    {
      "RequestUri": "/subscriptions/e37510d7-33b6-4676-886f-ee75bcc01871/operationresults/eyJqb2JJZCI6IlJFU09VUkNFR1JPVVBERUxFVElPTkpPQi1DUlBURVNUQVI1OTM4LVNPVVRIRUFTVEFTSUEiLCJqb2JMb2NhdGlvbiI6InNvdXRoZWFzdGFzaWEifQ?api-version=2017-05-10",
      "EncodedRequestUri": "L3N1YnNjcmlwdGlvbnMvZTM3NTEwZDctMzNiNi00Njc2LTg4NmYtZWU3NWJjYzAxODcxL29wZXJhdGlvbnJlc3VsdHMvZXlKcWIySkpaQ0k2SWxKRlUwOVZVa05GUjFKUFZWQkVSVXhGVkVsUFRrcFBRaTFEVWxCVVJWTlVRVkkxT1RNNExWTlBWVlJJUlVGVFZFRlRTVUVpTENKcWIySk1iMk5oZEdsdmJpSTZJbk52ZFhSb1pXRnpkR0Z6YVdFaWZRP2FwaS12ZXJzaW9uPTIwMTctMDUtMTA=",
      "RequestMethod": "GET",
      "RequestBody": "",
      "RequestHeaders": {
        "User-Agent": [
          "FxVersion/4.6.29518.01",
          "OSName/Windows",
          "OSVersion/Microsoft.Windows.10.0.19042.",
          "Microsoft.Azure.Management.ResourceManager.ResourceManagementClient/1.6.0.0"
        ]
      },
      "ResponseHeaders": {
        "Cache-Control": [
          "no-cache"
        ],
        "Pragma": [
          "no-cache"
        ],
        "x-ms-ratelimit-remaining-subscription-reads": [
          "11993"
        ],
        "x-ms-request-id": [
          "ead6b0be-c55b-4442-b293-c0b53c5924cb"
        ],
        "x-ms-correlation-request-id": [
          "ead6b0be-c55b-4442-b293-c0b53c5924cb"
        ],
        "x-ms-routing-request-id": [
          "EASTUS2:20210619T025406Z:ead6b0be-c55b-4442-b293-c0b53c5924cb"
        ],
        "Strict-Transport-Security": [
          "max-age=31536000; includeSubDomains"
        ],
        "X-Content-Type-Options": [
          "nosniff"
        ],
        "Date": [
          "Sat, 19 Jun 2021 02:54:06 GMT"
        ],
        "Expires": [
          "-1"
        ],
        "Content-Length": [
          "0"
        ]
      },
      "ResponseBody": "",
      "StatusCode": 200
    },
    {
      "RequestUri": "/subscriptions/e37510d7-33b6-4676-886f-ee75bcc01871/operationresults/eyJqb2JJZCI6IlJFU09VUkNFR1JPVVBERUxFVElPTkpPQi1DUlBURVNUQVI1OTM4LVNPVVRIRUFTVEFTSUEiLCJqb2JMb2NhdGlvbiI6InNvdXRoZWFzdGFzaWEifQ?api-version=2017-05-10",
      "EncodedRequestUri": "L3N1YnNjcmlwdGlvbnMvZTM3NTEwZDctMzNiNi00Njc2LTg4NmYtZWU3NWJjYzAxODcxL29wZXJhdGlvbnJlc3VsdHMvZXlKcWIySkpaQ0k2SWxKRlUwOVZVa05GUjFKUFZWQkVSVXhGVkVsUFRrcFBRaTFEVWxCVVJWTlVRVkkxT1RNNExWTlBWVlJJUlVGVFZFRlRTVUVpTENKcWIySk1iMk5oZEdsdmJpSTZJbk52ZFhSb1pXRnpkR0Z6YVdFaWZRP2FwaS12ZXJzaW9uPTIwMTctMDUtMTA=",
      "RequestMethod": "GET",
      "RequestBody": "",
      "RequestHeaders": {
        "User-Agent": [
          "FxVersion/4.6.29518.01",
          "OSName/Windows",
          "OSVersion/Microsoft.Windows.10.0.19042.",
          "Microsoft.Azure.Management.ResourceManager.ResourceManagementClient/1.6.0.0"
        ]
      },
      "ResponseHeaders": {
        "Cache-Control": [
          "no-cache"
        ],
        "Pragma": [
          "no-cache"
        ],
        "x-ms-ratelimit-remaining-subscription-reads": [
          "11992"
        ],
        "x-ms-request-id": [
          "6974a0f1-c2e5-4d43-ae96-6780af2e0251"
        ],
        "x-ms-correlation-request-id": [
          "6974a0f1-c2e5-4d43-ae96-6780af2e0251"
        ],
        "x-ms-routing-request-id": [
          "EASTUS2:20210619T025407Z:6974a0f1-c2e5-4d43-ae96-6780af2e0251"
        ],
        "Strict-Transport-Security": [
          "max-age=31536000; includeSubDomains"
        ],
        "X-Content-Type-Options": [
          "nosniff"
        ],
        "Date": [
          "Sat, 19 Jun 2021 02:54:07 GMT"
        ],
        "Expires": [
          "-1"
        ],
        "Content-Length": [
          "0"
        ]
      },
      "ResponseBody": "",
      "StatusCode": 200
    }
  ],
  "Names": {
    "DiskManagedByTest": [
      "crptestar5938",
      "diskrp193",
      "diskrp8814",
      "avSet1561"
    ],
    "CreatePublicIP": [
      "pip7819",
      "dn5761"
    ],
    "CreateVNET": [
      "vn1818",
      "sn1032"
    ],
    "CreateNIC": [
      "nic8778",
      "ip5769"
    ],
    "CreateDefaultVMInput": [
      "crptestar9833",
      "crptestar3126",
      "crptestar2519",
      "vm8776",
      "Microsoft.Compute/virtualMachines7072"
    ]
  },
  "Variables": {
    "SubscriptionId": "e37510d7-33b6-4676-886f-ee75bcc01871"
  }
}