{
  "Entries": [
    {
      "RequestUri": "https://management.azure.com/subscriptions/db1ab6f0-4769-4b27-930e-01e2ef9c123c?api-version=2019-11-01",
      "RequestMethod": "GET",
      "RequestHeaders": {
        "Accept": "application/json",
        "Authorization": "Sanitized",
        "User-Agent": [
          "azsdk-net-ResourceManager.Core/1.0.0-alpha.20210723.1",
          "(.NET 5.0.8; Microsoft Windows 10.0.19043)"
        ],
        "x-ms-client-request-id": "28fc6e63372677cad082e1cf1acff86c",
        "x-ms-return-client-request-id": "true"
      },
      "RequestBody": null,
      "StatusCode": 200,
      "ResponseHeaders": {
        "Cache-Control": "no-cache",
        "Content-Length": "468",
        "Content-Type": "application/json; charset=utf-8",
        "Date": "Fri, 23 Jul 2021 09:16:51 GMT",
        "Expires": "-1",
        "Pragma": "no-cache",
        "Strict-Transport-Security": "max-age=31536000; includeSubDomains",
        "X-Content-Type-Options": "nosniff",
        "x-ms-correlation-request-id": "f26b6cec-c1ba-4035-969a-9e00e5d53856",
        "x-ms-ratelimit-remaining-subscription-reads": "11959",
        "x-ms-request-id": "f26b6cec-c1ba-4035-969a-9e00e5d53856",
        "x-ms-routing-request-id": "SOUTHEASTASIA:20210723T091651Z:f26b6cec-c1ba-4035-969a-9e00e5d53856"
      },
      "ResponseBody": {
        "id": "/subscriptions/db1ab6f0-4769-4b27-930e-01e2ef9c123c",
        "authorizationSource": "RoleBased",
        "managedByTenants": [],
        "tags": {
          "tagKey1": "tagValue1",
          "tagKey2": "tagValue2"
        },
        "subscriptionId": "db1ab6f0-4769-4b27-930e-01e2ef9c123c",
        "tenantId": "72f988bf-86f1-41af-91ab-2d7cd011db47",
        "displayName": ".NET Mgmt SDK Test with TTL = 1 Day",
        "state": "Enabled",
        "subscriptionPolicies": {
          "locationPlacementId": "Internal_2014-09-01",
          "quotaId": "Internal_2014-09-01",
          "spendingLimit": "Off"
        }
      }
    },
    {
      "RequestUri": "https://management.azure.com/subscriptions/db1ab6f0-4769-4b27-930e-01e2ef9c123c/providers/Microsoft.KeyVault?api-version=2019-10-01",
      "RequestMethod": "GET",
      "RequestHeaders": {
        "Accept": "application/json",
        "Authorization": "Sanitized",
        "traceparent": "00-2741843790eb944c86c4da644ec01fca-8439e35db8c5c647-00",
        "User-Agent": [
          "azsdk-net-ResourceManager.Resources/1.0.0-preview.2",
          "(.NET 5.0.8; Microsoft Windows 10.0.19043)"
        ],
        "x-ms-client-request-id": "03234b96c1028976a170a77004696688",
        "x-ms-return-client-request-id": "true"
      },
      "RequestBody": null,
      "StatusCode": 200,
      "ResponseHeaders": {
        "Cache-Control": "no-cache",
        "Content-Length": "11193",
        "Content-Type": "application/json; charset=utf-8",
        "Date": "Fri, 23 Jul 2021 09:16:51 GMT",
        "Expires": "-1",
        "Pragma": "no-cache",
        "Strict-Transport-Security": "max-age=31536000; includeSubDomains",
        "X-Content-Type-Options": "nosniff",
        "x-ms-correlation-request-id": "3273365d-2f5e-43ba-98b7-203c18e6e127",
        "x-ms-ratelimit-remaining-subscription-reads": "11958",
        "x-ms-request-id": "3273365d-2f5e-43ba-98b7-203c18e6e127",
        "x-ms-routing-request-id": "SOUTHEASTASIA:20210723T091652Z:3273365d-2f5e-43ba-98b7-203c18e6e127"
      },
      "ResponseBody": {
        "id": "/subscriptions/db1ab6f0-4769-4b27-930e-01e2ef9c123c/providers/Microsoft.KeyVault",
        "namespace": "Microsoft.KeyVault",
        "authorizations": [
          {
            "applicationId": "cfa8b339-82a2-471a-a3c9-0fc0be7a4093",
            "roleDefinitionId": "1cf9858a-28a2-4228-abba-94e606305b95"
          },
          {
            "applicationId": "589d5083-6f11-4d30-a62a-a4b316a14abf"
          }
        ],
        "resourceTypes": [
          {
            "resourceType": "vaults",
            "locations": [
              "North Central US",
              "East US",
              "North Europe",
              "West Europe",
              "East Asia",
              "Southeast Asia",
              "East US 2",
              "Central US",
              "South Central US",
              "West US",
              "Japan East",
              "Japan West",
              "Australia East",
              "Australia Southeast",
              "Brazil South",
              "Central India",
              "South India",
              "West India",
              "Canada Central",
              "Canada East",
              "UK South",
              "UK West",
              "West Central US",
              "West US 2",
              "Korea Central",
              "Korea South",
              "France Central",
              "Australia Central",
              "UAE North",
              "South Africa North",
              "Switzerland North",
              "Germany West Central",
              "Norway East",
              "West US 3",
              "Jio India West"
            ],
            "apiVersions": [
              "2021-04-01-preview",
              "2020-04-01-preview",
              "2019-09-01",
              "2018-02-14-preview",
              "2018-02-14",
              "2016-10-01",
              "2015-06-01"
            ],
            "defaultApiVersion": "2019-09-01",
            "apiProfiles": [
              {
                "profileVersion": "2019-03-01-hybrid",
                "apiVersion": "2016-10-01"
              },
              {
                "profileVersion": "2018-03-01-hybrid",
                "apiVersion": "2016-10-01"
              },
              {
                "profileVersion": "2018-06-01-profile",
                "apiVersion": "2016-10-01"
              }
            ],
            "capabilities": "CrossResourceGroupResourceMove, CrossSubscriptionResourceMove, SupportsTags, SupportsLocation"
          },
          {
            "resourceType": "vaults/secrets",
            "locations": [
              "North Central US",
              "East US",
              "North Europe",
              "West Europe",
              "East Asia",
              "Southeast Asia",
              "East US 2",
              "Central US",
              "South Central US",
              "West US",
              "Japan East",
              "Japan West",
              "Australia East",
              "Australia Southeast",
              "Brazil South",
              "Central India",
              "South India",
              "West India",
              "Canada Central",
              "Canada East",
              "UK South",
              "UK West",
              "West Central US",
              "West US 2",
              "Korea Central",
              "Korea South",
              "France Central",
              "Australia Central",
              "UAE North",
              "South Africa North",
              "Switzerland North",
              "Germany West Central",
              "Norway East",
              "West US 3",
              "Jio India West"
            ],
            "apiVersions": [
              "2021-04-01-preview",
              "2020-04-01-preview",
              "2019-09-01",
              "2018-02-14-preview",
              "2018-02-14",
              "2016-10-01",
              "2015-06-01"
            ],
            "defaultApiVersion": "2019-09-01",
            "apiProfiles": [
              {
                "profileVersion": "2019-03-01-hybrid",
                "apiVersion": "2016-10-01"
              },
              {
                "profileVersion": "2018-03-01-hybrid",
                "apiVersion": "2016-10-01"
              },
              {
                "profileVersion": "2018-06-01-profile",
                "apiVersion": "2016-10-01"
              }
            ],
            "capabilities": "None"
          },
          {
            "resourceType": "vaults/accessPolicies",
            "locations": [
              "North Central US",
              "East US",
              "North Europe",
              "West Europe",
              "East Asia",
              "Southeast Asia",
              "East US 2",
              "Central US",
              "South Central US",
              "West US",
              "Japan East",
              "Japan West",
              "Australia East",
              "Australia Southeast",
              "Brazil South",
              "Central India",
              "South India",
              "West India",
              "Canada Central",
              "Canada East",
              "UK South",
              "UK West",
              "West Central US",
              "West US 2",
              "Korea Central",
              "Korea South",
              "France Central",
              "Australia Central",
              "UAE North",
              "South Africa North",
              "Switzerland North",
              "Germany West Central",
              "Norway East",
              "West US 3",
              "Jio India West"
            ],
            "apiVersions": [
              "2021-04-01-preview",
              "2020-04-01-preview",
              "2019-09-01",
              "2018-02-14-preview",
              "2018-02-14",
              "2016-10-01",
              "2015-06-01"
            ],
            "defaultApiVersion": "2019-09-01",
            "apiProfiles": [
              {
                "profileVersion": "2019-03-01-hybrid",
                "apiVersion": "2016-10-01"
              },
              {
                "profileVersion": "2018-03-01-hybrid",
                "apiVersion": "2016-10-01"
              },
              {
                "profileVersion": "2018-06-01-profile",
                "apiVersion": "2016-10-01"
              }
            ],
            "capabilities": "None"
          },
          {
            "resourceType": "operations",
            "locations": [],
            "apiVersions": [
              "2021-04-01-preview",
              "2020-04-01-preview",
              "2019-09-01",
              "2018-02-14-preview",
              "2018-02-14",
              "2016-10-01",
              "2015-06-01",
              "2014-12-19-preview"
            ],
            "defaultApiVersion": "2019-09-01",
            "apiProfiles": [
              {
                "profileVersion": "2019-03-01-hybrid",
                "apiVersion": "2016-10-01"
              },
              {
                "profileVersion": "2018-03-01-hybrid",
                "apiVersion": "2016-10-01"
              },
              {
                "profileVersion": "2018-06-01-profile",
                "apiVersion": "2016-10-01"
              }
            ],
            "capabilities": "None"
          },
          {
            "resourceType": "checkNameAvailability",
            "locations": [],
            "apiVersions": [
              "2021-04-01-preview",
              "2020-04-01-preview",
              "2019-09-01",
              "2018-02-14-preview",
              "2018-02-14",
              "2016-10-01",
              "2015-06-01"
            ],
            "defaultApiVersion": "2019-09-01",
            "apiProfiles": [
              {
                "profileVersion": "2018-06-01-profile",
                "apiVersion": "2016-10-01"
              }
            ],
            "capabilities": "None"
          },
          {
            "resourceType": "deletedVaults",
            "locations": [
              "North Central US",
              "East US",
              "North Europe",
              "West Europe",
              "East Asia",
              "Southeast Asia",
              "East US 2",
              "Central US",
              "South Central US",
              "West US",
              "Japan East",
              "Japan West",
              "Australia East",
              "Australia Southeast",
              "Brazil South",
              "Central India",
              "South India",
              "West India",
              "Canada Central",
              "Canada East",
              "UK South",
              "UK West",
              "West Central US",
              "West US 2",
              "Korea Central",
              "Korea South",
              "France Central",
              "Australia Central",
              "UAE North",
              "South Africa North",
              "Switzerland North",
              "Germany West Central",
              "Norway East",
              "West US 3",
              "Jio India West"
            ],
            "apiVersions": [
              "2021-04-01-preview",
              "2020-04-01-preview",
              "2019-09-01",
              "2018-02-14-preview",
              "2018-02-14",
              "2016-10-01"
            ],
            "defaultApiVersion": "2019-09-01",
            "apiProfiles": [
              {
                "profileVersion": "2018-06-01-profile",
                "apiVersion": "2016-10-01"
              }
            ],
            "capabilities": "None"
          },
          {
            "resourceType": "locations",
            "locations": [],
            "apiVersions": [
              "2021-04-01-preview",
              "2020-04-01-preview",
              "2019-09-01",
              "2018-02-14-preview",
              "2018-02-14",
              "2016-10-01"
            ],
            "defaultApiVersion": "2019-09-01",
            "apiProfiles": [
              {
                "profileVersion": "2018-06-01-profile",
                "apiVersion": "2016-10-01"
              }
            ],
            "capabilities": "None"
          },
          {
            "resourceType": "locations/deletedVaults",
            "locations": [
              "North Central US",
              "East US",
              "North Europe",
              "West Europe",
              "East Asia",
              "Southeast Asia",
              "East US 2",
              "Central US",
              "South Central US",
              "West US",
              "Japan East",
              "Japan West",
              "Australia East",
              "Australia Southeast",
              "Brazil South",
              "Central India",
              "South India",
              "West India",
              "Canada Central",
              "Canada East",
              "UK South",
              "UK West",
              "West Central US",
              "West US 2",
              "Korea Central",
              "Korea South",
              "France Central",
              "Australia Central",
              "UAE North",
              "South Africa North",
              "Switzerland North",
              "Germany West Central",
              "Norway East",
              "West US 3",
              "Jio India West"
            ],
            "apiVersions": [
              "2021-04-01-preview",
              "2020-04-01-preview",
              "2019-09-01",
              "2018-02-14-preview",
              "2018-02-14",
              "2016-10-01"
            ],
            "defaultApiVersion": "2019-09-01",
            "apiProfiles": [
              {
                "profileVersion": "2018-06-01-profile",
                "apiVersion": "2016-10-01"
              }
            ],
            "capabilities": "None"
          },
          {
            "resourceType": "locations/deleteVirtualNetworkOrSubnets",
            "locations": [
              "East US",
              "North Central US",
              "West Europe",
              "North Europe",
              "East Asia",
              "Southeast Asia",
              "East US 2",
              "Central US",
              "South Central US",
              "West Central US",
              "West US 2",
              "West US",
              "Japan East",
              "Japan West",
              "Australia East",
              "Australia Southeast",
              "Australia Central",
              "Brazil South",
              "Central India",
              "South India",
              "West India",
              "Canada Central",
              "Canada East",
              "UK South",
              "UK West",
              "Korea Central",
              "Korea South",
              "France Central",
              "UAE North",
              "South Africa North",
              "Switzerland North",
              "Germany West Central",
              "Norway East",
              "West US 3",
              "Jio India West"
            ],
            "apiVersions": [
              "2021-04-01-preview",
              "2020-04-01-preview",
              "2019-09-01",
              "2018-02-14-preview",
              "2018-02-14",
              "2016-10-01"
            ],
            "defaultApiVersion": "2019-09-01",
            "capabilities": "None"
          },
          {
            "resourceType": "locations/operationResults",
            "locations": [
              "North Central US",
              "East US",
              "North Europe",
              "West Europe",
              "East Asia",
              "Southeast Asia",
              "East US 2",
              "Central US",
              "South Central US",
              "West US",
              "Japan East",
              "Japan West",
              "Australia East",
              "Australia Southeast",
              "Brazil South",
              "Central India",
              "South India",
              "West India",
              "Canada Central",
              "Canada East",
              "UK South",
              "UK West",
              "West Central US",
              "West US 2",
              "Korea Central",
              "Korea South",
              "France Central",
              "Australia Central",
              "UAE North",
              "South Africa North",
              "Switzerland North",
              "Germany West Central",
              "Norway East",
              "West US 3",
              "Jio India West"
            ],
            "apiVersions": [
              "2021-04-01-preview",
              "2020-04-01-preview",
              "2019-09-01",
              "2018-02-14-preview",
              "2018-02-14",
              "2016-10-01"
            ],
            "defaultApiVersion": "2019-09-01",
            "apiProfiles": [
              {
                "profileVersion": "2018-06-01-profile",
                "apiVersion": "2016-10-01"
              }
            ],
            "capabilities": "None"
          },
          {
            "resourceType": "vaults/eventGridFilters",
            "locations": [
              "North Central US",
              "East US",
              "North Europe",
              "West Europe",
              "East Asia",
              "Southeast Asia",
              "East US 2",
              "Central US",
              "South Central US",
              "West US",
              "Japan East",
              "Japan West",
              "Australia East",
              "Australia Southeast",
              "Brazil South",
              "Central India",
              "South India",
              "West India",
              "Canada Central",
              "Canada East",
              "UK South",
              "UK West",
              "West Central US",
              "West US 2",
              "Korea Central",
              "Korea South",
              "France Central",
              "Australia Central",
              "UAE North",
              "South Africa North",
              "Switzerland North",
              "Germany West Central",
              "Norway East",
              "West US 3",
              "Jio India West"
            ],
            "apiVersions": [
              "2021-04-01-preview",
              "2020-04-01-preview",
              "2019-09-01",
              "2018-02-14-preview",
              "2018-02-14"
            ],
            "defaultApiVersion": "2019-09-01",
            "capabilities": "None"
          },
          {
            "resourceType": "managedHSMs",
            "locations": [
              "East US 2",
              "South Central US",
              "North Europe",
              "West Europe",
              "Canada Central",
              "Central US",
              "Switzerland North",
              "South Africa North",
              "UK South",
              "SouthEast Asia",
              "East Asia",
              "Korea Central",
              "Australia Central",
              "West US",
              "East US"
            ],
            "apiVersions": [
              "2021-04-01-preview",
              "2020-04-01-preview"
            ],
            "defaultApiVersion": "2020-04-01-preview",
            "capabilities": "CrossResourceGroupResourceMove, CrossSubscriptionResourceMove, SupportsTags, SupportsLocation"
          },
          {
            "resourceType": "deletedManagedHSMs",
            "locations": [
              "East US 2",
              "South Central US",
              "North Europe",
              "West Europe",
              "Canada Central",
              "Central US",
              "Switzerland North",
              "South Africa North",
              "UK South",
              "SouthEast Asia",
              "East Asia",
              "Korea Central",
              "Australia Central",
              "West US",
              "East US"
            ],
            "apiVersions": [
              "2021-04-01-preview"
            ],
            "defaultApiVersion": "2021-04-01-preview",
            "capabilities": "None"
          },
          {
            "resourceType": "locations/deletedManagedHSMs",
            "locations": [
              "East US 2",
              "South Central US",
              "North Europe",
              "West Europe",
              "Canada Central",
              "Central US",
              "Switzerland North",
              "South Africa North",
              "UK South",
              "SouthEast Asia",
              "East Asia",
              "Korea Central",
              "Australia Central",
              "West US",
              "East US"
            ],
            "apiVersions": [
              "2021-04-01-preview"
            ],
            "capabilities": "None"
          },
          {
            "resourceType": "vaults/keys",
            "locations": [
              "North Central US",
              "East US",
              "North Europe",
              "West Europe",
              "East Asia",
              "Southeast Asia",
              "East US 2",
              "Central US",
              "South Central US",
              "West US",
              "Japan East",
              "Japan West",
              "Australia East",
              "Australia Southeast",
              "Brazil South",
              "Central India",
              "South India",
              "West India",
              "Canada Central",
              "Canada East",
              "UK South",
              "UK West",
              "West Central US",
              "West US 2",
              "Korea Central",
              "Korea South",
              "France Central",
              "Australia Central",
              "UAE North",
              "South Africa North",
              "Switzerland North",
              "Germany West Central",
              "Norway East",
              "West US 3",
              "Jio India West"
            ],
            "apiVersions": [
              "2021-04-01-preview",
              "2020-04-01-preview",
              "2019-09-01"
            ],
            "defaultApiVersion": "2019-09-01",
            "capabilities": "None"
          },
          {
            "resourceType": "vaults/keys/versions",
            "locations": [
              "North Central US",
              "East US",
              "North Europe",
              "West Europe",
              "East Asia",
              "Southeast Asia",
              "East US 2",
              "Central US",
              "South Central US",
              "West US",
              "Japan East",
              "Japan West",
              "Australia East",
              "Australia Southeast",
              "Brazil South",
              "Central India",
              "South India",
              "West India",
              "Canada Central",
              "Canada East",
              "UK South",
              "UK West",
              "West Central US",
              "West US 2",
              "Korea Central",
              "Korea South",
              "France Central",
              "Australia Central",
              "UAE North",
              "South Africa North",
              "Switzerland North",
              "Germany West Central",
              "Norway East",
              "West US 3",
              "Jio India West"
            ],
            "apiVersions": [
              "2021-04-01-preview",
              "2020-04-01-preview",
              "2019-09-01"
            ],
            "defaultApiVersion": "2019-09-01",
            "capabilities": "None"
          }
        ],
        "registrationState": "Registered",
        "registrationPolicy": "RegistrationRequired"
      }
    },
    {
      "RequestUri": "https://management.azure.com/subscriptions/db1ab6f0-4769-4b27-930e-01e2ef9c123c/resourcegroups/sdktestrg5540?api-version=2019-10-01",
      "RequestMethod": "PUT",
      "RequestHeaders": {
        "Accept": "application/json",
        "Authorization": "Sanitized",
        "Content-Length": "39",
        "Content-Type": "application/json",
        "traceparent": "00-532f13dc231ccf47bc8a58cffa095b8c-62521db32fb9ef4b-00",
        "User-Agent": [
          "azsdk-net-ResourceManager.Core/1.0.0-alpha.20210723.1",
          "(.NET 5.0.8; Microsoft Windows 10.0.19043)"
        ],
        "x-ms-client-request-id": "f2bebfd2057c77b6fc4f636c4dbc631d",
        "x-ms-return-client-request-id": "true"
      },
      "RequestBody": {
        "location": "northcentralus",
        "tags": {}
      },
      "StatusCode": 201,
      "ResponseHeaders": {
        "Cache-Control": "no-cache",
        "Content-Length": "241",
        "Content-Type": "application/json; charset=utf-8",
        "Date": "Fri, 23 Jul 2021 09:16:52 GMT",
        "Expires": "-1",
        "Pragma": "no-cache",
        "Strict-Transport-Security": "max-age=31536000; includeSubDomains",
        "X-Content-Type-Options": "nosniff",
        "x-ms-correlation-request-id": "454a5a97-10ce-42e5-b477-3f88d13ec692",
        "x-ms-ratelimit-remaining-subscription-writes": "1191",
        "x-ms-request-id": "454a5a97-10ce-42e5-b477-3f88d13ec692",
        "x-ms-routing-request-id": "SOUTHEASTASIA:20210723T091652Z:454a5a97-10ce-42e5-b477-3f88d13ec692"
      },
      "ResponseBody": {
        "id": "/subscriptions/db1ab6f0-4769-4b27-930e-01e2ef9c123c/resourceGroups/sdktestrg5540",
        "name": "sdktestrg5540",
        "type": "Microsoft.Resources/resourceGroups",
        "location": "northcentralus",
        "tags": {},
        "properties": {
          "provisioningState": "Succeeded"
        }
      }
    },
    {
      "RequestUri": "https://management.azure.com/subscriptions/db1ab6f0-4769-4b27-930e-01e2ef9c123c/resourceGroups/sdktestrg5540/providers/Microsoft.KeyVault/vaults/sdktestvault3542?api-version=2021-04-01-preview",
      "RequestMethod": "PUT",
      "RequestHeaders": {
        "Accept": "application/json",
        "Authorization": "Sanitized",
        "Content-Length": "636",
        "Content-Type": "application/json",
        "User-Agent": [
          "azsdk-net-ResourceManager.Core/1.0.0-alpha.20210723.1",
          "(.NET 5.0.8; Microsoft Windows 10.0.19043)"
        ],
        "x-ms-client-request-id": "4a702c06f7a18772b58f5972671c58fd",
        "x-ms-return-client-request-id": "true"
      },
      "RequestBody": {
        "location": "North Central US",
        "tags": {
          "tag1": "value1",
          "tag2": "value2",
          "tag3": "value3"
        },
        "properties": {
          "tenantId": "72f988bf-86f1-41af-91ab-2d7cd011db47",
          "sku": {
            "family": "A",
            "name": "standard"
          },
          "accessPolicies": [
            {
              "tenantId": "72f988bf-86f1-41af-91ab-2d7cd011db47",
              "objectId": "7bee3764-dbea-4729-9c33-446f321aa721",
              "permissions": {
                "keys": [
                  "all"
                ],
                "secrets": [
                  "all"
                ],
                "certificates": [
                  "all"
                ],
                "storage": [
                  "all"
                ]
              }
            }
          ],
          "vaultUri": "",
          "enabledForDeployment": true,
          "enabledForDiskEncryption": true,
          "enabledForTemplateDeployment": true,
          "networkAcls": {
            "bypass": "AzureServices",
            "defaultAction": "Allow",
            "ipRules": [
              {
                "value": "1.2.3.4/32"
              },
              {
                "value": "1.0.0.0/25"
              }
            ]
          }
        }
      },
      "StatusCode": 200,
      "ResponseHeaders": {
        "Cache-Control": "no-cache",
        "Content-Length": "1234",
        "Content-Type": "application/json; charset=utf-8",
        "Date": "Fri, 23 Jul 2021 09:16:59 GMT",
        "Expires": "-1",
        "Pragma": "no-cache",
        "Server": "Microsoft-IIS/10.0",
        "Strict-Transport-Security": "max-age=31536000; includeSubDomains",
        "X-AspNet-Version": "4.0.30319",
        "X-Content-Type-Options": "nosniff",
        "x-ms-client-request-id": "4a702c06f7a18772b58f5972671c58fd",
        "x-ms-correlation-request-id": "6b9bb767-8877-454a-bedf-1fd43cbd8330",
        "x-ms-keyvault-service-version": "1.5.23.5",
        "x-ms-ratelimit-remaining-subscription-writes": "1190",
        "x-ms-request-id": "aba9805b-3e33-4ed1-987a-86a3d3ddcfe0",
        "x-ms-routing-request-id": "SOUTHEASTASIA:20210723T091700Z:6b9bb767-8877-454a-bedf-1fd43cbd8330",
        "X-Powered-By": "ASP.NET"
      },
      "ResponseBody": {
        "id": "/subscriptions/db1ab6f0-4769-4b27-930e-01e2ef9c123c/resourceGroups/sdktestrg5540/providers/Microsoft.KeyVault/vaults/sdktestvault3542",
        "name": "sdktestvault3542",
        "type": "Microsoft.KeyVault/vaults",
        "location": "North Central US",
        "tags": {
          "tag1": "value1",
          "tag2": "value2",
          "tag3": "value3"
        },
        "systemData": {
          "createdBy": "8e6d47e0-7969-4fde-a62c-4fea4f165e98",
          "createdByType": "Application",
          "createdAt": "1970-01-19T19:57:11.815Z",
          "lastModifiedBy": "8e6d47e0-7969-4fde-a62c-4fea4f165e98",
          "lastModifiedByType": "Application",
          "lastModifiedAt": "1970-01-19T19:57:11.815Z"
        },
        "properties": {
          "sku": {
            "family": "A",
            "name": "standard"
          },
          "tenantId": "72f988bf-86f1-41af-91ab-2d7cd011db47",
          "networkAcls": {
            "bypass": "AzureServices",
            "defaultAction": "Allow",
            "ipRules": [
              {
                "value": "1.2.3.4/32"
              },
              {
                "value": "1.0.0.0/25"
              }
            ],
            "virtualNetworkRules": []
          },
          "accessPolicies": [
            {
              "tenantId": "72f988bf-86f1-41af-91ab-2d7cd011db47",
              "objectId": "7bee3764-dbea-4729-9c33-446f321aa721",
              "permissions": {
                "keys": [
                  "all"
                ],
                "secrets": [
                  "all"
                ],
                "certificates": [
                  "all"
                ],
                "storage": [
                  "all"
                ]
              }
            }
          ],
          "enabledForDeployment": true,
          "enabledForDiskEncryption": true,
          "enabledForTemplateDeployment": true,
          "enableSoftDelete": true,
          "vaultUri": "https://sdktestvault3542.vault.azure.net",
          "provisioningState": "RegisteringDns"
        }
      }
    },
    {
      "RequestUri": "https://management.azure.com/subscriptions/db1ab6f0-4769-4b27-930e-01e2ef9c123c/resourceGroups/sdktestrg5540/providers/Microsoft.KeyVault/vaults/sdktestvault3542?api-version=2021-04-01-preview",
      "RequestMethod": "GET",
      "RequestHeaders": {
        "Authorization": "Sanitized",
        "User-Agent": [
          "azsdk-net-ResourceManager.Core/1.0.0-alpha.20210723.1",
          "(.NET 5.0.8; Microsoft Windows 10.0.19043)"
        ],
        "x-ms-client-request-id": "5c5f32428760c61d80f54f271d89e747",
        "x-ms-return-client-request-id": "true"
      },
      "RequestBody": null,
      "StatusCode": 200,
      "ResponseHeaders": {
        "Cache-Control": "no-cache",
        "Content-Length": "1235",
        "Content-Type": "application/json; charset=utf-8",
        "Date": "Fri, 23 Jul 2021 09:17:01 GMT",
        "Expires": "-1",
        "Pragma": "no-cache",
        "Server": "Microsoft-IIS/10.0",
        "Strict-Transport-Security": "max-age=31536000; includeSubDomains",
        "X-AspNet-Version": "4.0.30319",
        "X-Content-Type-Options": "nosniff",
        "x-ms-client-request-id": "5c5f32428760c61d80f54f271d89e747",
        "x-ms-correlation-request-id": "dba540a1-128e-4acc-948b-1070e9dfe641",
        "x-ms-keyvault-service-version": "1.5.23.5",
        "x-ms-ratelimit-remaining-subscription-reads": "11957",
        "x-ms-request-id": "2ebac69a-f4e5-46e2-baf2-07e4176fafd3",
        "x-ms-routing-request-id": "SOUTHEASTASIA:20210723T091701Z:dba540a1-128e-4acc-948b-1070e9dfe641",
        "X-Powered-By": "ASP.NET"
      },
      "ResponseBody": {
        "id": "/subscriptions/db1ab6f0-4769-4b27-930e-01e2ef9c123c/resourceGroups/sdktestrg5540/providers/Microsoft.KeyVault/vaults/sdktestvault3542",
        "name": "sdktestvault3542",
        "type": "Microsoft.KeyVault/vaults",
        "location": "North Central US",
        "tags": {
          "tag1": "value1",
          "tag2": "value2",
          "tag3": "value3"
        },
        "systemData": {
          "createdBy": "8e6d47e0-7969-4fde-a62c-4fea4f165e98",
          "createdByType": "Application",
          "createdAt": "1970-01-19T19:57:11.815Z",
          "lastModifiedBy": "8e6d47e0-7969-4fde-a62c-4fea4f165e98",
          "lastModifiedByType": "Application",
          "lastModifiedAt": "1970-01-19T19:57:11.815Z"
        },
        "properties": {
          "sku": {
            "family": "A",
            "name": "standard"
          },
          "tenantId": "72f988bf-86f1-41af-91ab-2d7cd011db47",
          "networkAcls": {
            "bypass": "AzureServices",
            "defaultAction": "Allow",
            "ipRules": [
              {
                "value": "1.2.3.4/32"
              },
              {
                "value": "1.0.0.0/25"
              }
            ],
            "virtualNetworkRules": []
          },
          "accessPolicies": [
            {
              "tenantId": "72f988bf-86f1-41af-91ab-2d7cd011db47",
              "objectId": "7bee3764-dbea-4729-9c33-446f321aa721",
              "permissions": {
                "keys": [
                  "all"
                ],
                "secrets": [
                  "all"
                ],
                "certificates": [
                  "all"
                ],
                "storage": [
                  "all"
                ]
              }
            }
          ],
          "enabledForDeployment": true,
          "enabledForDiskEncryption": true,
          "enabledForTemplateDeployment": true,
          "enableSoftDelete": true,
          "vaultUri": "https://sdktestvault3542.vault.azure.net/",
          "provisioningState": "RegisteringDns"
        }
      }
    },
    {
      "RequestUri": "https://management.azure.com/subscriptions/db1ab6f0-4769-4b27-930e-01e2ef9c123c/resourceGroups/sdktestrg5540/providers/Microsoft.KeyVault/vaults/sdktestvault3542?api-version=2021-04-01-preview",
      "RequestMethod": "GET",
      "RequestHeaders": {
        "Authorization": "Sanitized",
        "User-Agent": [
          "azsdk-net-ResourceManager.Core/1.0.0-alpha.20210723.1",
          "(.NET 5.0.8; Microsoft Windows 10.0.19043)"
        ],
        "x-ms-client-request-id": "5374501448e4c01cbfe4432fe5553301",
        "x-ms-return-client-request-id": "true"
      },
      "RequestBody": null,
      "StatusCode": 200,
      "ResponseHeaders": {
        "Cache-Control": "no-cache",
        "Content-Length": "1235",
        "Content-Type": "application/json; charset=utf-8",
        "Date": "Fri, 23 Jul 2021 09:17:02 GMT",
        "Expires": "-1",
        "Pragma": "no-cache",
        "Server": "Microsoft-IIS/10.0",
        "Strict-Transport-Security": "max-age=31536000; includeSubDomains",
        "X-AspNet-Version": "4.0.30319",
        "X-Content-Type-Options": "nosniff",
        "x-ms-client-request-id": "5374501448e4c01cbfe4432fe5553301",
        "x-ms-correlation-request-id": "2c8a0cdc-fccd-4848-a5ff-63b97f3931f5",
        "x-ms-keyvault-service-version": "1.5.23.5",
        "x-ms-ratelimit-remaining-subscription-reads": "11956",
        "x-ms-request-id": "95aa3bf5-81fd-4fcd-97c4-62a83fbd8299",
        "x-ms-routing-request-id": "SOUTHEASTASIA:20210723T091702Z:2c8a0cdc-fccd-4848-a5ff-63b97f3931f5",
        "X-Powered-By": "ASP.NET"
      },
      "ResponseBody": {
        "id": "/subscriptions/db1ab6f0-4769-4b27-930e-01e2ef9c123c/resourceGroups/sdktestrg5540/providers/Microsoft.KeyVault/vaults/sdktestvault3542",
        "name": "sdktestvault3542",
        "type": "Microsoft.KeyVault/vaults",
        "location": "North Central US",
        "tags": {
          "tag1": "value1",
          "tag2": "value2",
          "tag3": "value3"
        },
        "systemData": {
          "createdBy": "8e6d47e0-7969-4fde-a62c-4fea4f165e98",
          "createdByType": "Application",
          "createdAt": "1970-01-19T19:57:11.815Z",
          "lastModifiedBy": "8e6d47e0-7969-4fde-a62c-4fea4f165e98",
          "lastModifiedByType": "Application",
          "lastModifiedAt": "1970-01-19T19:57:11.815Z"
        },
        "properties": {
          "sku": {
            "family": "A",
            "name": "standard"
          },
          "tenantId": "72f988bf-86f1-41af-91ab-2d7cd011db47",
          "networkAcls": {
            "bypass": "AzureServices",
            "defaultAction": "Allow",
            "ipRules": [
              {
                "value": "1.2.3.4/32"
              },
              {
                "value": "1.0.0.0/25"
              }
            ],
            "virtualNetworkRules": []
          },
          "accessPolicies": [
            {
              "tenantId": "72f988bf-86f1-41af-91ab-2d7cd011db47",
              "objectId": "7bee3764-dbea-4729-9c33-446f321aa721",
              "permissions": {
                "keys": [
                  "all"
                ],
                "secrets": [
                  "all"
                ],
                "certificates": [
                  "all"
                ],
                "storage": [
                  "all"
                ]
              }
            }
          ],
          "enabledForDeployment": true,
          "enabledForDiskEncryption": true,
          "enabledForTemplateDeployment": true,
          "enableSoftDelete": true,
          "vaultUri": "https://sdktestvault3542.vault.azure.net/",
          "provisioningState": "RegisteringDns"
        }
      }
    },
    {
      "RequestUri": "https://management.azure.com/subscriptions/db1ab6f0-4769-4b27-930e-01e2ef9c123c/resourceGroups/sdktestrg5540/providers/Microsoft.KeyVault/vaults/sdktestvault3542?api-version=2021-04-01-preview",
      "RequestMethod": "GET",
      "RequestHeaders": {
        "Authorization": "Sanitized",
        "User-Agent": [
          "azsdk-net-ResourceManager.Core/1.0.0-alpha.20210723.1",
          "(.NET 5.0.8; Microsoft Windows 10.0.19043)"
        ],
        "x-ms-client-request-id": "3530074bfcbcc09cf272f925f7466e7d",
        "x-ms-return-client-request-id": "true"
      },
      "RequestBody": null,
      "StatusCode": 200,
      "ResponseHeaders": {
        "Cache-Control": "no-cache",
        "Content-Length": "1235",
        "Content-Type": "application/json; charset=utf-8",
        "Date": "Fri, 23 Jul 2021 09:17:03 GMT",
        "Expires": "-1",
        "Pragma": "no-cache",
        "Server": "Microsoft-IIS/10.0",
        "Strict-Transport-Security": "max-age=31536000; includeSubDomains",
        "X-AspNet-Version": "4.0.30319",
        "X-Content-Type-Options": "nosniff",
        "x-ms-client-request-id": "3530074bfcbcc09cf272f925f7466e7d",
        "x-ms-correlation-request-id": "93c76743-836c-4665-a18e-ff385981047f",
        "x-ms-keyvault-service-version": "1.5.23.5",
        "x-ms-ratelimit-remaining-subscription-reads": "11955",
        "x-ms-request-id": "a60120e1-e5f6-43fe-a618-6cd47931ae28",
        "x-ms-routing-request-id": "SOUTHEASTASIA:20210723T091704Z:93c76743-836c-4665-a18e-ff385981047f",
        "X-Powered-By": "ASP.NET"
      },
      "ResponseBody": {
        "id": "/subscriptions/db1ab6f0-4769-4b27-930e-01e2ef9c123c/resourceGroups/sdktestrg5540/providers/Microsoft.KeyVault/vaults/sdktestvault3542",
        "name": "sdktestvault3542",
        "type": "Microsoft.KeyVault/vaults",
        "location": "North Central US",
        "tags": {
          "tag1": "value1",
          "tag2": "value2",
          "tag3": "value3"
        },
        "systemData": {
          "createdBy": "8e6d47e0-7969-4fde-a62c-4fea4f165e98",
          "createdByType": "Application",
          "createdAt": "1970-01-19T19:57:11.815Z",
          "lastModifiedBy": "8e6d47e0-7969-4fde-a62c-4fea4f165e98",
          "lastModifiedByType": "Application",
          "lastModifiedAt": "1970-01-19T19:57:11.815Z"
        },
        "properties": {
          "sku": {
            "family": "A",
            "name": "standard"
          },
          "tenantId": "72f988bf-86f1-41af-91ab-2d7cd011db47",
          "networkAcls": {
            "bypass": "AzureServices",
            "defaultAction": "Allow",
            "ipRules": [
              {
                "value": "1.2.3.4/32"
              },
              {
                "value": "1.0.0.0/25"
              }
            ],
            "virtualNetworkRules": []
          },
          "accessPolicies": [
            {
              "tenantId": "72f988bf-86f1-41af-91ab-2d7cd011db47",
              "objectId": "7bee3764-dbea-4729-9c33-446f321aa721",
              "permissions": {
                "keys": [
                  "all"
                ],
                "secrets": [
                  "all"
                ],
                "certificates": [
                  "all"
                ],
                "storage": [
                  "all"
                ]
              }
            }
          ],
          "enabledForDeployment": true,
          "enabledForDiskEncryption": true,
          "enabledForTemplateDeployment": true,
          "enableSoftDelete": true,
          "vaultUri": "https://sdktestvault3542.vault.azure.net/",
          "provisioningState": "RegisteringDns"
        }
      }
    },
    {
      "RequestUri": "https://management.azure.com/subscriptions/db1ab6f0-4769-4b27-930e-01e2ef9c123c/resourceGroups/sdktestrg5540/providers/Microsoft.KeyVault/vaults/sdktestvault3542?api-version=2021-04-01-preview",
      "RequestMethod": "GET",
      "RequestHeaders": {
        "Authorization": "Sanitized",
        "User-Agent": [
          "azsdk-net-ResourceManager.Core/1.0.0-alpha.20210723.1",
          "(.NET 5.0.8; Microsoft Windows 10.0.19043)"
        ],
        "x-ms-client-request-id": "0308cb8aef40f96d159f9c7c44eee12b",
        "x-ms-return-client-request-id": "true"
      },
      "RequestBody": null,
      "StatusCode": 200,
      "ResponseHeaders": {
        "Cache-Control": "no-cache",
        "Content-Length": "1235",
        "Content-Type": "application/json; charset=utf-8",
        "Date": "Fri, 23 Jul 2021 09:17:05 GMT",
        "Expires": "-1",
        "Pragma": "no-cache",
        "Server": "Microsoft-IIS/10.0",
        "Strict-Transport-Security": "max-age=31536000; includeSubDomains",
        "X-AspNet-Version": "4.0.30319",
        "X-Content-Type-Options": "nosniff",
        "x-ms-client-request-id": "0308cb8aef40f96d159f9c7c44eee12b",
        "x-ms-correlation-request-id": "2bc20a7e-1af8-46e8-9047-f7c52c5e9887",
        "x-ms-keyvault-service-version": "1.5.23.5",
        "x-ms-ratelimit-remaining-subscription-reads": "11954",
        "x-ms-request-id": "51c4616d-5eba-48c6-a932-afaec1777d4f",
        "x-ms-routing-request-id": "SOUTHEASTASIA:20210723T091705Z:2bc20a7e-1af8-46e8-9047-f7c52c5e9887",
        "X-Powered-By": "ASP.NET"
      },
      "ResponseBody": {
        "id": "/subscriptions/db1ab6f0-4769-4b27-930e-01e2ef9c123c/resourceGroups/sdktestrg5540/providers/Microsoft.KeyVault/vaults/sdktestvault3542",
        "name": "sdktestvault3542",
        "type": "Microsoft.KeyVault/vaults",
        "location": "North Central US",
        "tags": {
          "tag1": "value1",
          "tag2": "value2",
          "tag3": "value3"
        },
        "systemData": {
          "createdBy": "8e6d47e0-7969-4fde-a62c-4fea4f165e98",
          "createdByType": "Application",
          "createdAt": "1970-01-19T19:57:11.815Z",
          "lastModifiedBy": "8e6d47e0-7969-4fde-a62c-4fea4f165e98",
          "lastModifiedByType": "Application",
          "lastModifiedAt": "1970-01-19T19:57:11.815Z"
        },
        "properties": {
          "sku": {
            "family": "A",
            "name": "standard"
          },
          "tenantId": "72f988bf-86f1-41af-91ab-2d7cd011db47",
          "networkAcls": {
            "bypass": "AzureServices",
            "defaultAction": "Allow",
            "ipRules": [
              {
                "value": "1.2.3.4/32"
              },
              {
                "value": "1.0.0.0/25"
              }
            ],
            "virtualNetworkRules": []
          },
          "accessPolicies": [
            {
              "tenantId": "72f988bf-86f1-41af-91ab-2d7cd011db47",
              "objectId": "7bee3764-dbea-4729-9c33-446f321aa721",
              "permissions": {
                "keys": [
                  "all"
                ],
                "secrets": [
                  "all"
                ],
                "certificates": [
                  "all"
                ],
                "storage": [
                  "all"
                ]
              }
            }
          ],
          "enabledForDeployment": true,
          "enabledForDiskEncryption": true,
          "enabledForTemplateDeployment": true,
          "enableSoftDelete": true,
          "vaultUri": "https://sdktestvault3542.vault.azure.net/",
          "provisioningState": "RegisteringDns"
        }
      }
    },
    {
      "RequestUri": "https://management.azure.com/subscriptions/db1ab6f0-4769-4b27-930e-01e2ef9c123c/resourceGroups/sdktestrg5540/providers/Microsoft.KeyVault/vaults/sdktestvault3542?api-version=2021-04-01-preview",
      "RequestMethod": "GET",
      "RequestHeaders": {
        "Authorization": "Sanitized",
        "User-Agent": [
          "azsdk-net-ResourceManager.Core/1.0.0-alpha.20210723.1",
          "(.NET 5.0.8; Microsoft Windows 10.0.19043)"
        ],
        "x-ms-client-request-id": "16db4dc1b258178ab3b361724ff7c979",
        "x-ms-return-client-request-id": "true"
      },
      "RequestBody": null,
      "StatusCode": 200,
      "ResponseHeaders": {
        "Cache-Control": "no-cache",
        "Content-Length": "1235",
        "Content-Type": "application/json; charset=utf-8",
        "Date": "Fri, 23 Jul 2021 09:17:06 GMT",
        "Expires": "-1",
        "Pragma": "no-cache",
        "Server": "Microsoft-IIS/10.0",
        "Strict-Transport-Security": "max-age=31536000; includeSubDomains",
        "X-AspNet-Version": "4.0.30319",
        "X-Content-Type-Options": "nosniff",
        "x-ms-client-request-id": "16db4dc1b258178ab3b361724ff7c979",
        "x-ms-correlation-request-id": "f5537db9-9bba-4078-83ef-04048822d65f",
        "x-ms-keyvault-service-version": "1.5.23.5",
        "x-ms-ratelimit-remaining-subscription-reads": "11953",
        "x-ms-request-id": "3d0e049e-15aa-433e-a187-db47a4de71fa",
        "x-ms-routing-request-id": "SOUTHEASTASIA:20210723T091707Z:f5537db9-9bba-4078-83ef-04048822d65f",
        "X-Powered-By": "ASP.NET"
      },
      "ResponseBody": {
        "id": "/subscriptions/db1ab6f0-4769-4b27-930e-01e2ef9c123c/resourceGroups/sdktestrg5540/providers/Microsoft.KeyVault/vaults/sdktestvault3542",
        "name": "sdktestvault3542",
        "type": "Microsoft.KeyVault/vaults",
        "location": "North Central US",
        "tags": {
          "tag1": "value1",
          "tag2": "value2",
          "tag3": "value3"
        },
        "systemData": {
          "createdBy": "8e6d47e0-7969-4fde-a62c-4fea4f165e98",
          "createdByType": "Application",
          "createdAt": "1970-01-19T19:57:11.815Z",
          "lastModifiedBy": "8e6d47e0-7969-4fde-a62c-4fea4f165e98",
          "lastModifiedByType": "Application",
          "lastModifiedAt": "1970-01-19T19:57:11.815Z"
        },
        "properties": {
          "sku": {
            "family": "A",
            "name": "standard"
          },
          "tenantId": "72f988bf-86f1-41af-91ab-2d7cd011db47",
          "networkAcls": {
            "bypass": "AzureServices",
            "defaultAction": "Allow",
            "ipRules": [
              {
                "value": "1.2.3.4/32"
              },
              {
                "value": "1.0.0.0/25"
              }
            ],
            "virtualNetworkRules": []
          },
          "accessPolicies": [
            {
              "tenantId": "72f988bf-86f1-41af-91ab-2d7cd011db47",
              "objectId": "7bee3764-dbea-4729-9c33-446f321aa721",
              "permissions": {
                "keys": [
                  "all"
                ],
                "secrets": [
                  "all"
                ],
                "certificates": [
                  "all"
                ],
                "storage": [
                  "all"
                ]
              }
            }
          ],
          "enabledForDeployment": true,
          "enabledForDiskEncryption": true,
          "enabledForTemplateDeployment": true,
          "enableSoftDelete": true,
          "vaultUri": "https://sdktestvault3542.vault.azure.net/",
          "provisioningState": "RegisteringDns"
        }
      }
    },
    {
      "RequestUri": "https://management.azure.com/subscriptions/db1ab6f0-4769-4b27-930e-01e2ef9c123c/resourceGroups/sdktestrg5540/providers/Microsoft.KeyVault/vaults/sdktestvault3542?api-version=2021-04-01-preview",
      "RequestMethod": "GET",
      "RequestHeaders": {
        "Authorization": "Sanitized",
        "User-Agent": [
          "azsdk-net-ResourceManager.Core/1.0.0-alpha.20210723.1",
          "(.NET 5.0.8; Microsoft Windows 10.0.19043)"
        ],
        "x-ms-client-request-id": "1aa4c5762f4c5bc199371f1d5f207c03",
        "x-ms-return-client-request-id": "true"
      },
      "RequestBody": null,
      "StatusCode": 200,
      "ResponseHeaders": {
        "Cache-Control": "no-cache",
        "Content-Length": "1235",
        "Content-Type": "application/json; charset=utf-8",
        "Date": "Fri, 23 Jul 2021 09:17:07 GMT",
        "Expires": "-1",
        "Pragma": "no-cache",
        "Server": "Microsoft-IIS/10.0",
        "Strict-Transport-Security": "max-age=31536000; includeSubDomains",
        "X-AspNet-Version": "4.0.30319",
        "X-Content-Type-Options": "nosniff",
        "x-ms-client-request-id": "1aa4c5762f4c5bc199371f1d5f207c03",
        "x-ms-correlation-request-id": "103e9588-acb6-465a-ab64-35efc2fb1ecf",
        "x-ms-keyvault-service-version": "1.5.23.5",
        "x-ms-ratelimit-remaining-subscription-reads": "11952",
        "x-ms-request-id": "c7bd92cb-0c3e-4f94-95c2-e0c1976d048f",
        "x-ms-routing-request-id": "SOUTHEASTASIA:20210723T091708Z:103e9588-acb6-465a-ab64-35efc2fb1ecf",
        "X-Powered-By": "ASP.NET"
      },
      "ResponseBody": {
        "id": "/subscriptions/db1ab6f0-4769-4b27-930e-01e2ef9c123c/resourceGroups/sdktestrg5540/providers/Microsoft.KeyVault/vaults/sdktestvault3542",
        "name": "sdktestvault3542",
        "type": "Microsoft.KeyVault/vaults",
        "location": "North Central US",
        "tags": {
          "tag1": "value1",
          "tag2": "value2",
          "tag3": "value3"
        },
        "systemData": {
          "createdBy": "8e6d47e0-7969-4fde-a62c-4fea4f165e98",
          "createdByType": "Application",
          "createdAt": "1970-01-19T19:57:11.815Z",
          "lastModifiedBy": "8e6d47e0-7969-4fde-a62c-4fea4f165e98",
          "lastModifiedByType": "Application",
          "lastModifiedAt": "1970-01-19T19:57:11.815Z"
        },
        "properties": {
          "sku": {
            "family": "A",
            "name": "standard"
          },
          "tenantId": "72f988bf-86f1-41af-91ab-2d7cd011db47",
          "networkAcls": {
            "bypass": "AzureServices",
            "defaultAction": "Allow",
            "ipRules": [
              {
                "value": "1.2.3.4/32"
              },
              {
                "value": "1.0.0.0/25"
              }
            ],
            "virtualNetworkRules": []
          },
          "accessPolicies": [
            {
              "tenantId": "72f988bf-86f1-41af-91ab-2d7cd011db47",
              "objectId": "7bee3764-dbea-4729-9c33-446f321aa721",
              "permissions": {
                "keys": [
                  "all"
                ],
                "secrets": [
                  "all"
                ],
                "certificates": [
                  "all"
                ],
                "storage": [
                  "all"
                ]
              }
            }
          ],
          "enabledForDeployment": true,
          "enabledForDiskEncryption": true,
          "enabledForTemplateDeployment": true,
          "enableSoftDelete": true,
          "vaultUri": "https://sdktestvault3542.vault.azure.net/",
          "provisioningState": "RegisteringDns"
        }
      }
    },
    {
      "RequestUri": "https://management.azure.com/subscriptions/db1ab6f0-4769-4b27-930e-01e2ef9c123c/resourceGroups/sdktestrg5540/providers/Microsoft.KeyVault/vaults/sdktestvault3542?api-version=2021-04-01-preview",
      "RequestMethod": "GET",
      "RequestHeaders": {
        "Authorization": "Sanitized",
        "User-Agent": [
          "azsdk-net-ResourceManager.Core/1.0.0-alpha.20210723.1",
          "(.NET 5.0.8; Microsoft Windows 10.0.19043)"
        ],
        "x-ms-client-request-id": "a963cd90586ad72440f0508c8efbaa1d",
        "x-ms-return-client-request-id": "true"
      },
      "RequestBody": null,
      "StatusCode": 200,
      "ResponseHeaders": {
        "Cache-Control": "no-cache",
        "Content-Length": "1235",
        "Content-Type": "application/json; charset=utf-8",
        "Date": "Fri, 23 Jul 2021 09:17:09 GMT",
        "Expires": "-1",
        "Pragma": "no-cache",
        "Server": "Microsoft-IIS/10.0",
        "Strict-Transport-Security": "max-age=31536000; includeSubDomains",
        "X-AspNet-Version": "4.0.30319",
        "X-Content-Type-Options": "nosniff",
        "x-ms-client-request-id": "a963cd90586ad72440f0508c8efbaa1d",
        "x-ms-correlation-request-id": "cf9d8021-668e-4d45-bc44-e44851d3c216",
        "x-ms-keyvault-service-version": "1.5.23.5",
        "x-ms-ratelimit-remaining-subscription-reads": "11951",
        "x-ms-request-id": "3ce4ea0f-1834-4d4d-879d-d9ca4ba721a7",
        "x-ms-routing-request-id": "SOUTHEASTASIA:20210723T091709Z:cf9d8021-668e-4d45-bc44-e44851d3c216",
        "X-Powered-By": "ASP.NET"
      },
      "ResponseBody": {
        "id": "/subscriptions/db1ab6f0-4769-4b27-930e-01e2ef9c123c/resourceGroups/sdktestrg5540/providers/Microsoft.KeyVault/vaults/sdktestvault3542",
        "name": "sdktestvault3542",
        "type": "Microsoft.KeyVault/vaults",
        "location": "North Central US",
        "tags": {
          "tag1": "value1",
          "tag2": "value2",
          "tag3": "value3"
        },
        "systemData": {
          "createdBy": "8e6d47e0-7969-4fde-a62c-4fea4f165e98",
          "createdByType": "Application",
          "createdAt": "1970-01-19T19:57:11.815Z",
          "lastModifiedBy": "8e6d47e0-7969-4fde-a62c-4fea4f165e98",
          "lastModifiedByType": "Application",
          "lastModifiedAt": "1970-01-19T19:57:11.815Z"
        },
        "properties": {
          "sku": {
            "family": "A",
            "name": "standard"
          },
          "tenantId": "72f988bf-86f1-41af-91ab-2d7cd011db47",
          "networkAcls": {
            "bypass": "AzureServices",
            "defaultAction": "Allow",
            "ipRules": [
              {
                "value": "1.2.3.4/32"
              },
              {
                "value": "1.0.0.0/25"
              }
            ],
            "virtualNetworkRules": []
          },
          "accessPolicies": [
            {
              "tenantId": "72f988bf-86f1-41af-91ab-2d7cd011db47",
              "objectId": "7bee3764-dbea-4729-9c33-446f321aa721",
              "permissions": {
                "keys": [
                  "all"
                ],
                "secrets": [
                  "all"
                ],
                "certificates": [
                  "all"
                ],
                "storage": [
                  "all"
                ]
              }
            }
          ],
          "enabledForDeployment": true,
          "enabledForDiskEncryption": true,
          "enabledForTemplateDeployment": true,
          "enableSoftDelete": true,
          "vaultUri": "https://sdktestvault3542.vault.azure.net/",
          "provisioningState": "RegisteringDns"
        }
      }
    },
    {
      "RequestUri": "https://management.azure.com/subscriptions/db1ab6f0-4769-4b27-930e-01e2ef9c123c/resourceGroups/sdktestrg5540/providers/Microsoft.KeyVault/vaults/sdktestvault3542?api-version=2021-04-01-preview",
      "RequestMethod": "GET",
      "RequestHeaders": {
        "Authorization": "Sanitized",
        "User-Agent": [
          "azsdk-net-ResourceManager.Core/1.0.0-alpha.20210723.1",
          "(.NET 5.0.8; Microsoft Windows 10.0.19043)"
        ],
        "x-ms-client-request-id": "7e0623d6c74a92df8c7f7c21926db893",
        "x-ms-return-client-request-id": "true"
      },
      "RequestBody": null,
      "StatusCode": 200,
      "ResponseHeaders": {
        "Cache-Control": "no-cache",
        "Content-Length": "1235",
        "Content-Type": "application/json; charset=utf-8",
        "Date": "Fri, 23 Jul 2021 09:17:10 GMT",
        "Expires": "-1",
        "Pragma": "no-cache",
        "Server": "Microsoft-IIS/10.0",
        "Strict-Transport-Security": "max-age=31536000; includeSubDomains",
        "X-AspNet-Version": "4.0.30319",
        "X-Content-Type-Options": "nosniff",
        "x-ms-client-request-id": "7e0623d6c74a92df8c7f7c21926db893",
        "x-ms-correlation-request-id": "f790ac38-c8d9-49e7-9b88-37f8ee40328c",
        "x-ms-keyvault-service-version": "1.5.23.5",
        "x-ms-ratelimit-remaining-subscription-reads": "11950",
        "x-ms-request-id": "abe6bc19-c092-4386-bc46-236fc4ab095d",
        "x-ms-routing-request-id": "SOUTHEASTASIA:20210723T091711Z:f790ac38-c8d9-49e7-9b88-37f8ee40328c",
        "X-Powered-By": "ASP.NET"
      },
      "ResponseBody": {
        "id": "/subscriptions/db1ab6f0-4769-4b27-930e-01e2ef9c123c/resourceGroups/sdktestrg5540/providers/Microsoft.KeyVault/vaults/sdktestvault3542",
        "name": "sdktestvault3542",
        "type": "Microsoft.KeyVault/vaults",
        "location": "North Central US",
        "tags": {
          "tag1": "value1",
          "tag2": "value2",
          "tag3": "value3"
        },
        "systemData": {
          "createdBy": "8e6d47e0-7969-4fde-a62c-4fea4f165e98",
          "createdByType": "Application",
          "createdAt": "1970-01-19T19:57:11.815Z",
          "lastModifiedBy": "8e6d47e0-7969-4fde-a62c-4fea4f165e98",
          "lastModifiedByType": "Application",
          "lastModifiedAt": "1970-01-19T19:57:11.815Z"
        },
        "properties": {
          "sku": {
            "family": "A",
            "name": "standard"
          },
          "tenantId": "72f988bf-86f1-41af-91ab-2d7cd011db47",
          "networkAcls": {
            "bypass": "AzureServices",
            "defaultAction": "Allow",
            "ipRules": [
              {
                "value": "1.2.3.4/32"
              },
              {
                "value": "1.0.0.0/25"
              }
            ],
            "virtualNetworkRules": []
          },
          "accessPolicies": [
            {
              "tenantId": "72f988bf-86f1-41af-91ab-2d7cd011db47",
              "objectId": "7bee3764-dbea-4729-9c33-446f321aa721",
              "permissions": {
                "keys": [
                  "all"
                ],
                "secrets": [
                  "all"
                ],
                "certificates": [
                  "all"
                ],
                "storage": [
                  "all"
                ]
              }
            }
          ],
          "enabledForDeployment": true,
          "enabledForDiskEncryption": true,
          "enabledForTemplateDeployment": true,
          "enableSoftDelete": true,
          "vaultUri": "https://sdktestvault3542.vault.azure.net/",
          "provisioningState": "RegisteringDns"
        }
      }
    },
    {
      "RequestUri": "https://management.azure.com/subscriptions/db1ab6f0-4769-4b27-930e-01e2ef9c123c/resourceGroups/sdktestrg5540/providers/Microsoft.KeyVault/vaults/sdktestvault3542?api-version=2021-04-01-preview",
      "RequestMethod": "GET",
      "RequestHeaders": {
        "Authorization": "Sanitized",
        "User-Agent": [
          "azsdk-net-ResourceManager.Core/1.0.0-alpha.20210723.1",
          "(.NET 5.0.8; Microsoft Windows 10.0.19043)"
        ],
        "x-ms-client-request-id": "81e15e371f931d0ea1ccd95bdf34cd9d",
        "x-ms-return-client-request-id": "true"
      },
      "RequestBody": null,
      "StatusCode": 200,
      "ResponseHeaders": {
        "Cache-Control": "no-cache",
        "Content-Length": "1235",
        "Content-Type": "application/json; charset=utf-8",
        "Date": "Fri, 23 Jul 2021 09:17:11 GMT",
        "Expires": "-1",
        "Pragma": "no-cache",
        "Server": "Microsoft-IIS/10.0",
        "Strict-Transport-Security": "max-age=31536000; includeSubDomains",
        "X-AspNet-Version": "4.0.30319",
        "X-Content-Type-Options": "nosniff",
        "x-ms-client-request-id": "81e15e371f931d0ea1ccd95bdf34cd9d",
        "x-ms-correlation-request-id": "03e66ea3-f353-4ef7-9481-fd6955381017",
        "x-ms-keyvault-service-version": "1.5.23.5",
        "x-ms-ratelimit-remaining-subscription-reads": "11949",
        "x-ms-request-id": "0cc99cd3-47c8-4bb7-a6e4-d9d56b2b753f",
        "x-ms-routing-request-id": "SOUTHEASTASIA:20210723T091712Z:03e66ea3-f353-4ef7-9481-fd6955381017",
        "X-Powered-By": "ASP.NET"
      },
      "ResponseBody": {
        "id": "/subscriptions/db1ab6f0-4769-4b27-930e-01e2ef9c123c/resourceGroups/sdktestrg5540/providers/Microsoft.KeyVault/vaults/sdktestvault3542",
        "name": "sdktestvault3542",
        "type": "Microsoft.KeyVault/vaults",
        "location": "North Central US",
        "tags": {
          "tag1": "value1",
          "tag2": "value2",
          "tag3": "value3"
        },
        "systemData": {
          "createdBy": "8e6d47e0-7969-4fde-a62c-4fea4f165e98",
          "createdByType": "Application",
          "createdAt": "1970-01-19T19:57:11.815Z",
          "lastModifiedBy": "8e6d47e0-7969-4fde-a62c-4fea4f165e98",
          "lastModifiedByType": "Application",
          "lastModifiedAt": "1970-01-19T19:57:11.815Z"
        },
        "properties": {
          "sku": {
            "family": "A",
            "name": "standard"
          },
          "tenantId": "72f988bf-86f1-41af-91ab-2d7cd011db47",
          "networkAcls": {
            "bypass": "AzureServices",
            "defaultAction": "Allow",
            "ipRules": [
              {
                "value": "1.2.3.4/32"
              },
              {
                "value": "1.0.0.0/25"
              }
            ],
            "virtualNetworkRules": []
          },
          "accessPolicies": [
            {
              "tenantId": "72f988bf-86f1-41af-91ab-2d7cd011db47",
              "objectId": "7bee3764-dbea-4729-9c33-446f321aa721",
              "permissions": {
                "keys": [
                  "all"
                ],
                "secrets": [
                  "all"
                ],
                "certificates": [
                  "all"
                ],
                "storage": [
                  "all"
                ]
              }
            }
          ],
          "enabledForDeployment": true,
          "enabledForDiskEncryption": true,
          "enabledForTemplateDeployment": true,
          "enableSoftDelete": true,
          "vaultUri": "https://sdktestvault3542.vault.azure.net/",
          "provisioningState": "RegisteringDns"
        }
      }
    },
    {
      "RequestUri": "https://management.azure.com/subscriptions/db1ab6f0-4769-4b27-930e-01e2ef9c123c/resourceGroups/sdktestrg5540/providers/Microsoft.KeyVault/vaults/sdktestvault3542?api-version=2021-04-01-preview",
      "RequestMethod": "GET",
      "RequestHeaders": {
        "Authorization": "Sanitized",
        "User-Agent": [
          "azsdk-net-ResourceManager.Core/1.0.0-alpha.20210723.1",
          "(.NET 5.0.8; Microsoft Windows 10.0.19043)"
        ],
        "x-ms-client-request-id": "3c46028dfe1ac9b9eed11ceadb0345d2",
        "x-ms-return-client-request-id": "true"
      },
      "RequestBody": null,
      "StatusCode": 200,
      "ResponseHeaders": {
        "Cache-Control": "no-cache",
        "Content-Length": "1230",
        "Content-Type": "application/json; charset=utf-8",
        "Date": "Fri, 23 Jul 2021 09:17:13 GMT",
        "Expires": "-1",
        "Pragma": "no-cache",
        "Server": "Microsoft-IIS/10.0",
        "Strict-Transport-Security": "max-age=31536000; includeSubDomains",
        "X-AspNet-Version": "4.0.30319",
        "X-Content-Type-Options": "nosniff",
        "x-ms-client-request-id": "3c46028dfe1ac9b9eed11ceadb0345d2",
        "x-ms-correlation-request-id": "0bd60568-bf20-4b21-8066-4bd9280f269f",
        "x-ms-keyvault-service-version": "1.5.23.5",
        "x-ms-ratelimit-remaining-subscription-reads": "11948",
        "x-ms-request-id": "1b1e06b6-775d-4f7a-910f-236daeac908e",
        "x-ms-routing-request-id": "SOUTHEASTASIA:20210723T091713Z:0bd60568-bf20-4b21-8066-4bd9280f269f",
        "X-Powered-By": "ASP.NET"
      },
      "ResponseBody": {
        "id": "/subscriptions/db1ab6f0-4769-4b27-930e-01e2ef9c123c/resourceGroups/sdktestrg5540/providers/Microsoft.KeyVault/vaults/sdktestvault3542",
        "name": "sdktestvault3542",
        "type": "Microsoft.KeyVault/vaults",
        "location": "North Central US",
        "tags": {
          "tag1": "value1",
          "tag2": "value2",
          "tag3": "value3"
        },
        "systemData": {
          "createdBy": "8e6d47e0-7969-4fde-a62c-4fea4f165e98",
          "createdByType": "Application",
          "createdAt": "1970-01-19T19:57:11.815Z",
          "lastModifiedBy": "8e6d47e0-7969-4fde-a62c-4fea4f165e98",
          "lastModifiedByType": "Application",
          "lastModifiedAt": "1970-01-19T19:57:11.815Z"
        },
        "properties": {
          "sku": {
            "family": "A",
            "name": "standard"
          },
          "tenantId": "72f988bf-86f1-41af-91ab-2d7cd011db47",
          "networkAcls": {
            "bypass": "AzureServices",
            "defaultAction": "Allow",
            "ipRules": [
              {
                "value": "1.2.3.4/32"
              },
              {
                "value": "1.0.0.0/25"
              }
            ],
            "virtualNetworkRules": []
          },
          "accessPolicies": [
            {
              "tenantId": "72f988bf-86f1-41af-91ab-2d7cd011db47",
              "objectId": "7bee3764-dbea-4729-9c33-446f321aa721",
              "permissions": {
                "keys": [
                  "all"
                ],
                "secrets": [
                  "all"
                ],
                "certificates": [
                  "all"
                ],
                "storage": [
                  "all"
                ]
              }
            }
          ],
          "enabledForDeployment": true,
          "enabledForDiskEncryption": true,
          "enabledForTemplateDeployment": true,
          "enableSoftDelete": true,
          "vaultUri": "https://sdktestvault3542.vault.azure.net/",
          "provisioningState": "Succeeded"
        }
      }
    },
    {
      "RequestUri": "https://management.azure.com/subscriptions/db1ab6f0-4769-4b27-930e-01e2ef9c123c/resourceGroups/sdktestrg5540/providers/Microsoft.KeyVault/vaults/sdktestvault4530?api-version=2021-04-01-preview",
      "RequestMethod": "PUT",
      "RequestHeaders": {
        "Accept": "application/json",
        "Authorization": "Sanitized",
        "Content-Length": "636",
        "Content-Type": "application/json",
        "User-Agent": [
          "azsdk-net-ResourceManager.Core/1.0.0-alpha.20210723.1",
          "(.NET 5.0.8; Microsoft Windows 10.0.19043)"
        ],
        "x-ms-client-request-id": "1a3055bd8a2814b6e8dd7ded83b257b2",
        "x-ms-return-client-request-id": "true"
      },
      "RequestBody": {
        "location": "North Central US",
        "tags": {
          "tag1": "value1",
          "tag2": "value2",
          "tag3": "value3"
        },
        "properties": {
          "tenantId": "72f988bf-86f1-41af-91ab-2d7cd011db47",
          "sku": {
            "family": "A",
            "name": "standard"
          },
          "accessPolicies": [
            {
              "tenantId": "72f988bf-86f1-41af-91ab-2d7cd011db47",
              "objectId": "7bee3764-dbea-4729-9c33-446f321aa721",
              "permissions": {
                "keys": [
                  "all"
                ],
                "secrets": [
                  "all"
                ],
                "certificates": [
                  "all"
                ],
                "storage": [
                  "all"
                ]
              }
            }
          ],
          "vaultUri": "",
          "enabledForDeployment": true,
          "enabledForDiskEncryption": true,
          "enabledForTemplateDeployment": true,
          "networkAcls": {
            "bypass": "AzureServices",
            "defaultAction": "Allow",
            "ipRules": [
              {
                "value": "1.2.3.4/32"
              },
              {
                "value": "1.0.0.0/25"
              }
            ]
          }
        }
      },
      "StatusCode": 200,
      "ResponseHeaders": {
        "Cache-Control": "no-cache",
        "Content-Length": "1234",
        "Content-Type": "application/json; charset=utf-8",
        "Date": "Fri, 23 Jul 2021 09:17:18 GMT",
        "Expires": "-1",
        "Pragma": "no-cache",
        "Server": "Microsoft-IIS/10.0",
        "Strict-Transport-Security": "max-age=31536000; includeSubDomains",
        "X-AspNet-Version": "4.0.30319",
        "X-Content-Type-Options": "nosniff",
        "x-ms-client-request-id": "1a3055bd8a2814b6e8dd7ded83b257b2",
        "x-ms-correlation-request-id": "bc1e78f4-6372-4eba-a0de-dd0eefed0990",
        "x-ms-keyvault-service-version": "1.5.23.5",
        "x-ms-ratelimit-remaining-subscription-writes": "1189",
        "x-ms-request-id": "cdcd82b2-c62e-4843-bf45-d25001540ac9",
        "x-ms-routing-request-id": "SOUTHEASTASIA:20210723T091719Z:bc1e78f4-6372-4eba-a0de-dd0eefed0990",
        "X-Powered-By": "ASP.NET"
      },
      "ResponseBody": {
        "id": "/subscriptions/db1ab6f0-4769-4b27-930e-01e2ef9c123c/resourceGroups/sdktestrg5540/providers/Microsoft.KeyVault/vaults/sdktestvault4530",
        "name": "sdktestvault4530",
        "type": "Microsoft.KeyVault/vaults",
        "location": "North Central US",
        "tags": {
          "tag1": "value1",
          "tag2": "value2",
          "tag3": "value3"
        },
        "systemData": {
          "createdBy": "8e6d47e0-7969-4fde-a62c-4fea4f165e98",
          "createdByType": "Application",
          "createdAt": "1970-01-19T19:57:11.837Z",
          "lastModifiedBy": "8e6d47e0-7969-4fde-a62c-4fea4f165e98",
          "lastModifiedByType": "Application",
          "lastModifiedAt": "1970-01-19T19:57:11.837Z"
        },
        "properties": {
          "sku": {
            "family": "A",
            "name": "standard"
          },
          "tenantId": "72f988bf-86f1-41af-91ab-2d7cd011db47",
          "networkAcls": {
            "bypass": "AzureServices",
            "defaultAction": "Allow",
            "ipRules": [
              {
                "value": "1.2.3.4/32"
              },
              {
                "value": "1.0.0.0/25"
              }
            ],
            "virtualNetworkRules": []
          },
          "accessPolicies": [
            {
              "tenantId": "72f988bf-86f1-41af-91ab-2d7cd011db47",
              "objectId": "7bee3764-dbea-4729-9c33-446f321aa721",
              "permissions": {
                "keys": [
                  "all"
                ],
                "secrets": [
                  "all"
                ],
                "certificates": [
                  "all"
                ],
                "storage": [
                  "all"
                ]
              }
            }
          ],
          "enabledForDeployment": true,
          "enabledForDiskEncryption": true,
          "enabledForTemplateDeployment": true,
          "enableSoftDelete": true,
          "vaultUri": "https://sdktestvault4530.vault.azure.net",
          "provisioningState": "RegisteringDns"
        }
      }
    },
    {
      "RequestUri": "https://management.azure.com/subscriptions/db1ab6f0-4769-4b27-930e-01e2ef9c123c/resourceGroups/sdktestrg5540/providers/Microsoft.KeyVault/vaults/sdktestvault4530?api-version=2021-04-01-preview",
      "RequestMethod": "GET",
      "RequestHeaders": {
        "Authorization": "Sanitized",
        "User-Agent": [
          "azsdk-net-ResourceManager.Core/1.0.0-alpha.20210723.1",
          "(.NET 5.0.8; Microsoft Windows 10.0.19043)"
        ],
        "x-ms-client-request-id": "df222206829d7864902731213bdb6a1e",
        "x-ms-return-client-request-id": "true"
      },
      "RequestBody": null,
      "StatusCode": 200,
      "ResponseHeaders": {
        "Cache-Control": "no-cache",
        "Content-Length": "1235",
        "Content-Type": "application/json; charset=utf-8",
        "Date": "Fri, 23 Jul 2021 09:17:19 GMT",
        "Expires": "-1",
        "Pragma": "no-cache",
        "Server": "Microsoft-IIS/10.0",
        "Strict-Transport-Security": "max-age=31536000; includeSubDomains",
        "X-AspNet-Version": "4.0.30319",
        "X-Content-Type-Options": "nosniff",
        "x-ms-client-request-id": "df222206829d7864902731213bdb6a1e",
        "x-ms-correlation-request-id": "de0140cd-9b82-43d1-b972-ee24086b3512",
        "x-ms-keyvault-service-version": "1.5.23.5",
        "x-ms-ratelimit-remaining-subscription-reads": "11947",
        "x-ms-request-id": "f0bf8b3c-d239-4fd8-b9bd-51f3b29dc6f4",
        "x-ms-routing-request-id": "SOUTHEASTASIA:20210723T091720Z:de0140cd-9b82-43d1-b972-ee24086b3512",
        "X-Powered-By": "ASP.NET"
      },
      "ResponseBody": {
        "id": "/subscriptions/db1ab6f0-4769-4b27-930e-01e2ef9c123c/resourceGroups/sdktestrg5540/providers/Microsoft.KeyVault/vaults/sdktestvault4530",
        "name": "sdktestvault4530",
        "type": "Microsoft.KeyVault/vaults",
        "location": "North Central US",
        "tags": {
          "tag1": "value1",
          "tag2": "value2",
          "tag3": "value3"
        },
        "systemData": {
          "createdBy": "8e6d47e0-7969-4fde-a62c-4fea4f165e98",
          "createdByType": "Application",
          "createdAt": "1970-01-19T19:57:11.837Z",
          "lastModifiedBy": "8e6d47e0-7969-4fde-a62c-4fea4f165e98",
          "lastModifiedByType": "Application",
          "lastModifiedAt": "1970-01-19T19:57:11.837Z"
        },
        "properties": {
          "sku": {
            "family": "A",
            "name": "standard"
          },
          "tenantId": "72f988bf-86f1-41af-91ab-2d7cd011db47",
          "networkAcls": {
            "bypass": "AzureServices",
            "defaultAction": "Allow",
            "ipRules": [
              {
                "value": "1.2.3.4/32"
              },
              {
                "value": "1.0.0.0/25"
              }
            ],
            "virtualNetworkRules": []
          },
          "accessPolicies": [
            {
              "tenantId": "72f988bf-86f1-41af-91ab-2d7cd011db47",
              "objectId": "7bee3764-dbea-4729-9c33-446f321aa721",
              "permissions": {
                "keys": [
                  "all"
                ],
                "secrets": [
                  "all"
                ],
                "certificates": [
                  "all"
                ],
                "storage": [
                  "all"
                ]
              }
            }
          ],
          "enabledForDeployment": true,
          "enabledForDiskEncryption": true,
          "enabledForTemplateDeployment": true,
          "enableSoftDelete": true,
          "vaultUri": "https://sdktestvault4530.vault.azure.net/",
          "provisioningState": "RegisteringDns"
        }
      }
    },
    {
      "RequestUri": "https://management.azure.com/subscriptions/db1ab6f0-4769-4b27-930e-01e2ef9c123c/resourceGroups/sdktestrg5540/providers/Microsoft.KeyVault/vaults/sdktestvault4530?api-version=2021-04-01-preview",
      "RequestMethod": "GET",
      "RequestHeaders": {
        "Authorization": "Sanitized",
        "User-Agent": [
          "azsdk-net-ResourceManager.Core/1.0.0-alpha.20210723.1",
          "(.NET 5.0.8; Microsoft Windows 10.0.19043)"
        ],
        "x-ms-client-request-id": "6ffb38c4acb444bc1c8a0295c7b3f0a6",
        "x-ms-return-client-request-id": "true"
      },
      "RequestBody": null,
      "StatusCode": 200,
      "ResponseHeaders": {
        "Cache-Control": "no-cache",
        "Content-Length": "1235",
        "Content-Type": "application/json; charset=utf-8",
        "Date": "Fri, 23 Jul 2021 09:17:21 GMT",
        "Expires": "-1",
        "Pragma": "no-cache",
        "Server": "Microsoft-IIS/10.0",
        "Strict-Transport-Security": "max-age=31536000; includeSubDomains",
        "X-AspNet-Version": "4.0.30319",
        "X-Content-Type-Options": "nosniff",
        "x-ms-client-request-id": "6ffb38c4acb444bc1c8a0295c7b3f0a6",
        "x-ms-correlation-request-id": "fa542dd0-1b4c-4200-958c-eeabf3d0f2b3",
        "x-ms-keyvault-service-version": "1.5.23.5",
        "x-ms-ratelimit-remaining-subscription-reads": "11946",
        "x-ms-request-id": "14202f0a-39b3-4a77-b03e-7d0eaaaa41b9",
        "x-ms-routing-request-id": "SOUTHEASTASIA:20210723T091721Z:fa542dd0-1b4c-4200-958c-eeabf3d0f2b3",
        "X-Powered-By": "ASP.NET"
      },
      "ResponseBody": {
        "id": "/subscriptions/db1ab6f0-4769-4b27-930e-01e2ef9c123c/resourceGroups/sdktestrg5540/providers/Microsoft.KeyVault/vaults/sdktestvault4530",
        "name": "sdktestvault4530",
        "type": "Microsoft.KeyVault/vaults",
        "location": "North Central US",
        "tags": {
          "tag1": "value1",
          "tag2": "value2",
          "tag3": "value3"
        },
        "systemData": {
          "createdBy": "8e6d47e0-7969-4fde-a62c-4fea4f165e98",
          "createdByType": "Application",
          "createdAt": "1970-01-19T19:57:11.837Z",
          "lastModifiedBy": "8e6d47e0-7969-4fde-a62c-4fea4f165e98",
          "lastModifiedByType": "Application",
          "lastModifiedAt": "1970-01-19T19:57:11.837Z"
        },
        "properties": {
          "sku": {
            "family": "A",
            "name": "standard"
          },
          "tenantId": "72f988bf-86f1-41af-91ab-2d7cd011db47",
          "networkAcls": {
            "bypass": "AzureServices",
            "defaultAction": "Allow",
            "ipRules": [
              {
                "value": "1.2.3.4/32"
              },
              {
                "value": "1.0.0.0/25"
              }
            ],
            "virtualNetworkRules": []
          },
          "accessPolicies": [
            {
              "tenantId": "72f988bf-86f1-41af-91ab-2d7cd011db47",
              "objectId": "7bee3764-dbea-4729-9c33-446f321aa721",
              "permissions": {
                "keys": [
                  "all"
                ],
                "secrets": [
                  "all"
                ],
                "certificates": [
                  "all"
                ],
                "storage": [
                  "all"
                ]
              }
            }
          ],
          "enabledForDeployment": true,
          "enabledForDiskEncryption": true,
          "enabledForTemplateDeployment": true,
          "enableSoftDelete": true,
          "vaultUri": "https://sdktestvault4530.vault.azure.net/",
          "provisioningState": "RegisteringDns"
        }
      }
    },
    {
      "RequestUri": "https://management.azure.com/subscriptions/db1ab6f0-4769-4b27-930e-01e2ef9c123c/resourceGroups/sdktestrg5540/providers/Microsoft.KeyVault/vaults/sdktestvault4530?api-version=2021-04-01-preview",
      "RequestMethod": "GET",
      "RequestHeaders": {
        "Authorization": "Sanitized",
        "User-Agent": [
          "azsdk-net-ResourceManager.Core/1.0.0-alpha.20210723.1",
          "(.NET 5.0.8; Microsoft Windows 10.0.19043)"
        ],
        "x-ms-client-request-id": "60e7f63f78905c142f1895544617693c",
        "x-ms-return-client-request-id": "true"
      },
      "RequestBody": null,
      "StatusCode": 200,
      "ResponseHeaders": {
        "Cache-Control": "no-cache",
        "Content-Length": "1235",
        "Content-Type": "application/json; charset=utf-8",
        "Date": "Fri, 23 Jul 2021 09:17:22 GMT",
        "Expires": "-1",
        "Pragma": "no-cache",
        "Server": "Microsoft-IIS/10.0",
        "Strict-Transport-Security": "max-age=31536000; includeSubDomains",
        "X-AspNet-Version": "4.0.30319",
        "X-Content-Type-Options": "nosniff",
        "x-ms-client-request-id": "60e7f63f78905c142f1895544617693c",
        "x-ms-correlation-request-id": "fab55992-5a16-412b-a527-b81e1fd68d67",
        "x-ms-keyvault-service-version": "1.5.23.5",
        "x-ms-ratelimit-remaining-subscription-reads": "11945",
        "x-ms-request-id": "612e14ea-ce7a-4432-8f5b-fe809a281718",
        "x-ms-routing-request-id": "SOUTHEASTASIA:20210723T091723Z:fab55992-5a16-412b-a527-b81e1fd68d67",
        "X-Powered-By": "ASP.NET"
      },
      "ResponseBody": {
        "id": "/subscriptions/db1ab6f0-4769-4b27-930e-01e2ef9c123c/resourceGroups/sdktestrg5540/providers/Microsoft.KeyVault/vaults/sdktestvault4530",
        "name": "sdktestvault4530",
        "type": "Microsoft.KeyVault/vaults",
        "location": "North Central US",
        "tags": {
          "tag1": "value1",
          "tag2": "value2",
          "tag3": "value3"
        },
        "systemData": {
          "createdBy": "8e6d47e0-7969-4fde-a62c-4fea4f165e98",
          "createdByType": "Application",
          "createdAt": "1970-01-19T19:57:11.837Z",
          "lastModifiedBy": "8e6d47e0-7969-4fde-a62c-4fea4f165e98",
          "lastModifiedByType": "Application",
          "lastModifiedAt": "1970-01-19T19:57:11.837Z"
        },
        "properties": {
          "sku": {
            "family": "A",
            "name": "standard"
          },
          "tenantId": "72f988bf-86f1-41af-91ab-2d7cd011db47",
          "networkAcls": {
            "bypass": "AzureServices",
            "defaultAction": "Allow",
            "ipRules": [
              {
                "value": "1.2.3.4/32"
              },
              {
                "value": "1.0.0.0/25"
              }
            ],
            "virtualNetworkRules": []
          },
          "accessPolicies": [
            {
              "tenantId": "72f988bf-86f1-41af-91ab-2d7cd011db47",
              "objectId": "7bee3764-dbea-4729-9c33-446f321aa721",
              "permissions": {
                "keys": [
                  "all"
                ],
                "secrets": [
                  "all"
                ],
                "certificates": [
                  "all"
                ],
                "storage": [
                  "all"
                ]
              }
            }
          ],
          "enabledForDeployment": true,
          "enabledForDiskEncryption": true,
          "enabledForTemplateDeployment": true,
          "enableSoftDelete": true,
          "vaultUri": "https://sdktestvault4530.vault.azure.net/",
          "provisioningState": "RegisteringDns"
        }
      }
    },
    {
      "RequestUri": "https://management.azure.com/subscriptions/db1ab6f0-4769-4b27-930e-01e2ef9c123c/resourceGroups/sdktestrg5540/providers/Microsoft.KeyVault/vaults/sdktestvault4530?api-version=2021-04-01-preview",
      "RequestMethod": "GET",
      "RequestHeaders": {
        "Authorization": "Sanitized",
        "User-Agent": [
          "azsdk-net-ResourceManager.Core/1.0.0-alpha.20210723.1",
          "(.NET 5.0.8; Microsoft Windows 10.0.19043)"
        ],
        "x-ms-client-request-id": "eb3ea3282e465ad366ddc21280cfb0dd",
        "x-ms-return-client-request-id": "true"
      },
      "RequestBody": null,
      "StatusCode": 200,
      "ResponseHeaders": {
        "Cache-Control": "no-cache",
        "Content-Length": "1235",
        "Content-Type": "application/json; charset=utf-8",
        "Date": "Fri, 23 Jul 2021 09:17:23 GMT",
        "Expires": "-1",
        "Pragma": "no-cache",
        "Server": "Microsoft-IIS/10.0",
        "Strict-Transport-Security": "max-age=31536000; includeSubDomains",
        "X-AspNet-Version": "4.0.30319",
        "X-Content-Type-Options": "nosniff",
        "x-ms-client-request-id": "eb3ea3282e465ad366ddc21280cfb0dd",
        "x-ms-correlation-request-id": "7f8aa5b0-28dd-434a-812d-853c61b322cd",
        "x-ms-keyvault-service-version": "1.5.23.5",
        "x-ms-ratelimit-remaining-subscription-reads": "11944",
        "x-ms-request-id": "8623998d-cd96-4fc0-847b-5960a1a9c7dd",
        "x-ms-routing-request-id": "SOUTHEASTASIA:20210723T091724Z:7f8aa5b0-28dd-434a-812d-853c61b322cd",
        "X-Powered-By": "ASP.NET"
      },
      "ResponseBody": {
        "id": "/subscriptions/db1ab6f0-4769-4b27-930e-01e2ef9c123c/resourceGroups/sdktestrg5540/providers/Microsoft.KeyVault/vaults/sdktestvault4530",
        "name": "sdktestvault4530",
        "type": "Microsoft.KeyVault/vaults",
        "location": "North Central US",
        "tags": {
          "tag1": "value1",
          "tag2": "value2",
          "tag3": "value3"
        },
        "systemData": {
          "createdBy": "8e6d47e0-7969-4fde-a62c-4fea4f165e98",
          "createdByType": "Application",
          "createdAt": "1970-01-19T19:57:11.837Z",
          "lastModifiedBy": "8e6d47e0-7969-4fde-a62c-4fea4f165e98",
          "lastModifiedByType": "Application",
          "lastModifiedAt": "1970-01-19T19:57:11.837Z"
        },
        "properties": {
          "sku": {
            "family": "A",
            "name": "standard"
          },
          "tenantId": "72f988bf-86f1-41af-91ab-2d7cd011db47",
          "networkAcls": {
            "bypass": "AzureServices",
            "defaultAction": "Allow",
            "ipRules": [
              {
                "value": "1.2.3.4/32"
              },
              {
                "value": "1.0.0.0/25"
              }
            ],
            "virtualNetworkRules": []
          },
          "accessPolicies": [
            {
              "tenantId": "72f988bf-86f1-41af-91ab-2d7cd011db47",
              "objectId": "7bee3764-dbea-4729-9c33-446f321aa721",
              "permissions": {
                "keys": [
                  "all"
                ],
                "secrets": [
                  "all"
                ],
                "certificates": [
                  "all"
                ],
                "storage": [
                  "all"
                ]
              }
            }
          ],
          "enabledForDeployment": true,
          "enabledForDiskEncryption": true,
          "enabledForTemplateDeployment": true,
          "enableSoftDelete": true,
          "vaultUri": "https://sdktestvault4530.vault.azure.net/",
          "provisioningState": "RegisteringDns"
        }
      }
    },
    {
      "RequestUri": "https://management.azure.com/subscriptions/db1ab6f0-4769-4b27-930e-01e2ef9c123c/resourceGroups/sdktestrg5540/providers/Microsoft.KeyVault/vaults/sdktestvault4530?api-version=2021-04-01-preview",
      "RequestMethod": "GET",
      "RequestHeaders": {
        "Authorization": "Sanitized",
        "User-Agent": [
          "azsdk-net-ResourceManager.Core/1.0.0-alpha.20210723.1",
          "(.NET 5.0.8; Microsoft Windows 10.0.19043)"
        ],
        "x-ms-client-request-id": "44e18b3709f44c8e239f3f9b1667fd04",
        "x-ms-return-client-request-id": "true"
      },
      "RequestBody": null,
      "StatusCode": 200,
      "ResponseHeaders": {
        "Cache-Control": "no-cache",
        "Content-Length": "1235",
        "Content-Type": "application/json; charset=utf-8",
        "Date": "Fri, 23 Jul 2021 09:17:25 GMT",
        "Expires": "-1",
        "Pragma": "no-cache",
        "Server": "Microsoft-IIS/10.0",
        "Strict-Transport-Security": "max-age=31536000; includeSubDomains",
        "X-AspNet-Version": "4.0.30319",
        "X-Content-Type-Options": "nosniff",
        "x-ms-client-request-id": "44e18b3709f44c8e239f3f9b1667fd04",
        "x-ms-correlation-request-id": "40762747-adc8-4372-9eaa-c2bfb0f07828",
        "x-ms-keyvault-service-version": "1.5.23.5",
        "x-ms-ratelimit-remaining-subscription-reads": "11943",
        "x-ms-request-id": "871d04cb-5fc4-4c72-8cee-839ebffb19cb",
        "x-ms-routing-request-id": "SOUTHEASTASIA:20210723T091725Z:40762747-adc8-4372-9eaa-c2bfb0f07828",
        "X-Powered-By": "ASP.NET"
      },
      "ResponseBody": {
        "id": "/subscriptions/db1ab6f0-4769-4b27-930e-01e2ef9c123c/resourceGroups/sdktestrg5540/providers/Microsoft.KeyVault/vaults/sdktestvault4530",
        "name": "sdktestvault4530",
        "type": "Microsoft.KeyVault/vaults",
        "location": "North Central US",
        "tags": {
          "tag1": "value1",
          "tag2": "value2",
          "tag3": "value3"
        },
        "systemData": {
          "createdBy": "8e6d47e0-7969-4fde-a62c-4fea4f165e98",
          "createdByType": "Application",
          "createdAt": "1970-01-19T19:57:11.837Z",
          "lastModifiedBy": "8e6d47e0-7969-4fde-a62c-4fea4f165e98",
          "lastModifiedByType": "Application",
          "lastModifiedAt": "1970-01-19T19:57:11.837Z"
        },
        "properties": {
          "sku": {
            "family": "A",
            "name": "standard"
          },
          "tenantId": "72f988bf-86f1-41af-91ab-2d7cd011db47",
          "networkAcls": {
            "bypass": "AzureServices",
            "defaultAction": "Allow",
            "ipRules": [
              {
                "value": "1.2.3.4/32"
              },
              {
                "value": "1.0.0.0/25"
              }
            ],
            "virtualNetworkRules": []
          },
          "accessPolicies": [
            {
              "tenantId": "72f988bf-86f1-41af-91ab-2d7cd011db47",
              "objectId": "7bee3764-dbea-4729-9c33-446f321aa721",
              "permissions": {
                "keys": [
                  "all"
                ],
                "secrets": [
                  "all"
                ],
                "certificates": [
                  "all"
                ],
                "storage": [
                  "all"
                ]
              }
            }
          ],
          "enabledForDeployment": true,
          "enabledForDiskEncryption": true,
          "enabledForTemplateDeployment": true,
          "enableSoftDelete": true,
          "vaultUri": "https://sdktestvault4530.vault.azure.net/",
          "provisioningState": "RegisteringDns"
        }
      }
    },
    {
      "RequestUri": "https://management.azure.com/subscriptions/db1ab6f0-4769-4b27-930e-01e2ef9c123c/resourceGroups/sdktestrg5540/providers/Microsoft.KeyVault/vaults/sdktestvault4530?api-version=2021-04-01-preview",
      "RequestMethod": "GET",
      "RequestHeaders": {
        "Authorization": "Sanitized",
        "User-Agent": [
          "azsdk-net-ResourceManager.Core/1.0.0-alpha.20210723.1",
          "(.NET 5.0.8; Microsoft Windows 10.0.19043)"
        ],
        "x-ms-client-request-id": "236cc52104741160238cfab2b602dc5f",
        "x-ms-return-client-request-id": "true"
      },
      "RequestBody": null,
      "StatusCode": 200,
      "ResponseHeaders": {
        "Cache-Control": "no-cache",
        "Content-Length": "1235",
        "Content-Type": "application/json; charset=utf-8",
        "Date": "Fri, 23 Jul 2021 09:17:26 GMT",
        "Expires": "-1",
        "Pragma": "no-cache",
        "Server": "Microsoft-IIS/10.0",
        "Strict-Transport-Security": "max-age=31536000; includeSubDomains",
        "X-AspNet-Version": "4.0.30319",
        "X-Content-Type-Options": "nosniff",
        "x-ms-client-request-id": "236cc52104741160238cfab2b602dc5f",
        "x-ms-correlation-request-id": "fa36605f-6930-42a9-89b3-508c4e282cac",
        "x-ms-keyvault-service-version": "1.5.23.5",
        "x-ms-ratelimit-remaining-subscription-reads": "11942",
        "x-ms-request-id": "eaa0ad26-43f1-4057-af9d-0fa0c573cfdc",
        "x-ms-routing-request-id": "SOUTHEASTASIA:20210723T091727Z:fa36605f-6930-42a9-89b3-508c4e282cac",
        "X-Powered-By": "ASP.NET"
      },
      "ResponseBody": {
        "id": "/subscriptions/db1ab6f0-4769-4b27-930e-01e2ef9c123c/resourceGroups/sdktestrg5540/providers/Microsoft.KeyVault/vaults/sdktestvault4530",
        "name": "sdktestvault4530",
        "type": "Microsoft.KeyVault/vaults",
        "location": "North Central US",
        "tags": {
          "tag1": "value1",
          "tag2": "value2",
          "tag3": "value3"
        },
        "systemData": {
          "createdBy": "8e6d47e0-7969-4fde-a62c-4fea4f165e98",
          "createdByType": "Application",
          "createdAt": "1970-01-19T19:57:11.837Z",
          "lastModifiedBy": "8e6d47e0-7969-4fde-a62c-4fea4f165e98",
          "lastModifiedByType": "Application",
          "lastModifiedAt": "1970-01-19T19:57:11.837Z"
        },
        "properties": {
          "sku": {
            "family": "A",
            "name": "standard"
          },
          "tenantId": "72f988bf-86f1-41af-91ab-2d7cd011db47",
          "networkAcls": {
            "bypass": "AzureServices",
            "defaultAction": "Allow",
            "ipRules": [
              {
                "value": "1.2.3.4/32"
              },
              {
                "value": "1.0.0.0/25"
              }
            ],
            "virtualNetworkRules": []
          },
          "accessPolicies": [
            {
              "tenantId": "72f988bf-86f1-41af-91ab-2d7cd011db47",
              "objectId": "7bee3764-dbea-4729-9c33-446f321aa721",
              "permissions": {
                "keys": [
                  "all"
                ],
                "secrets": [
                  "all"
                ],
                "certificates": [
                  "all"
                ],
                "storage": [
                  "all"
                ]
              }
            }
          ],
          "enabledForDeployment": true,
          "enabledForDiskEncryption": true,
          "enabledForTemplateDeployment": true,
          "enableSoftDelete": true,
          "vaultUri": "https://sdktestvault4530.vault.azure.net/",
          "provisioningState": "RegisteringDns"
        }
      }
    },
    {
      "RequestUri": "https://management.azure.com/subscriptions/db1ab6f0-4769-4b27-930e-01e2ef9c123c/resourceGroups/sdktestrg5540/providers/Microsoft.KeyVault/vaults/sdktestvault4530?api-version=2021-04-01-preview",
      "RequestMethod": "GET",
      "RequestHeaders": {
        "Authorization": "Sanitized",
        "User-Agent": [
          "azsdk-net-ResourceManager.Core/1.0.0-alpha.20210723.1",
          "(.NET 5.0.8; Microsoft Windows 10.0.19043)"
        ],
        "x-ms-client-request-id": "bb1db86824361e4815f2c7a7ee3744ff",
        "x-ms-return-client-request-id": "true"
      },
      "RequestBody": null,
      "StatusCode": 200,
      "ResponseHeaders": {
        "Cache-Control": "no-cache",
        "Content-Length": "1235",
        "Content-Type": "application/json; charset=utf-8",
        "Date": "Fri, 23 Jul 2021 09:17:27 GMT",
        "Expires": "-1",
        "Pragma": "no-cache",
        "Server": "Microsoft-IIS/10.0",
        "Strict-Transport-Security": "max-age=31536000; includeSubDomains",
        "X-AspNet-Version": "4.0.30319",
        "X-Content-Type-Options": "nosniff",
        "x-ms-client-request-id": "bb1db86824361e4815f2c7a7ee3744ff",
        "x-ms-correlation-request-id": "59f9ab06-b387-44d0-91fe-33be454d2574",
        "x-ms-keyvault-service-version": "1.5.23.5",
        "x-ms-ratelimit-remaining-subscription-reads": "11941",
        "x-ms-request-id": "b51c1f44-d6f8-4e29-aa8c-664ec52f1af5",
        "x-ms-routing-request-id": "SOUTHEASTASIA:20210723T091728Z:59f9ab06-b387-44d0-91fe-33be454d2574",
        "X-Powered-By": "ASP.NET"
      },
      "ResponseBody": {
        "id": "/subscriptions/db1ab6f0-4769-4b27-930e-01e2ef9c123c/resourceGroups/sdktestrg5540/providers/Microsoft.KeyVault/vaults/sdktestvault4530",
        "name": "sdktestvault4530",
        "type": "Microsoft.KeyVault/vaults",
        "location": "North Central US",
        "tags": {
          "tag1": "value1",
          "tag2": "value2",
          "tag3": "value3"
        },
        "systemData": {
          "createdBy": "8e6d47e0-7969-4fde-a62c-4fea4f165e98",
          "createdByType": "Application",
          "createdAt": "1970-01-19T19:57:11.837Z",
          "lastModifiedBy": "8e6d47e0-7969-4fde-a62c-4fea4f165e98",
          "lastModifiedByType": "Application",
          "lastModifiedAt": "1970-01-19T19:57:11.837Z"
        },
        "properties": {
          "sku": {
            "family": "A",
            "name": "standard"
          },
          "tenantId": "72f988bf-86f1-41af-91ab-2d7cd011db47",
          "networkAcls": {
            "bypass": "AzureServices",
            "defaultAction": "Allow",
            "ipRules": [
              {
                "value": "1.2.3.4/32"
              },
              {
                "value": "1.0.0.0/25"
              }
            ],
            "virtualNetworkRules": []
          },
          "accessPolicies": [
            {
              "tenantId": "72f988bf-86f1-41af-91ab-2d7cd011db47",
              "objectId": "7bee3764-dbea-4729-9c33-446f321aa721",
              "permissions": {
                "keys": [
                  "all"
                ],
                "secrets": [
                  "all"
                ],
                "certificates": [
                  "all"
                ],
                "storage": [
                  "all"
                ]
              }
            }
          ],
          "enabledForDeployment": true,
          "enabledForDiskEncryption": true,
          "enabledForTemplateDeployment": true,
          "enableSoftDelete": true,
          "vaultUri": "https://sdktestvault4530.vault.azure.net/",
          "provisioningState": "RegisteringDns"
        }
      }
    },
    {
      "RequestUri": "https://management.azure.com/subscriptions/db1ab6f0-4769-4b27-930e-01e2ef9c123c/resourceGroups/sdktestrg5540/providers/Microsoft.KeyVault/vaults/sdktestvault4530?api-version=2021-04-01-preview",
      "RequestMethod": "GET",
      "RequestHeaders": {
        "Authorization": "Sanitized",
        "User-Agent": [
          "azsdk-net-ResourceManager.Core/1.0.0-alpha.20210723.1",
          "(.NET 5.0.8; Microsoft Windows 10.0.19043)"
        ],
        "x-ms-client-request-id": "baf1bde08c6232682bcf21670fdb9521",
        "x-ms-return-client-request-id": "true"
      },
      "RequestBody": null,
      "StatusCode": 200,
      "ResponseHeaders": {
        "Cache-Control": "no-cache",
        "Content-Length": "1235",
        "Content-Type": "application/json; charset=utf-8",
        "Date": "Fri, 23 Jul 2021 09:17:29 GMT",
        "Expires": "-1",
        "Pragma": "no-cache",
        "Server": "Microsoft-IIS/10.0",
        "Strict-Transport-Security": "max-age=31536000; includeSubDomains",
        "X-AspNet-Version": "4.0.30319",
        "X-Content-Type-Options": "nosniff",
        "x-ms-client-request-id": "baf1bde08c6232682bcf21670fdb9521",
        "x-ms-correlation-request-id": "0a86ef6b-e232-40c7-a92b-d920be220ae2",
        "x-ms-keyvault-service-version": "1.5.23.5",
        "x-ms-ratelimit-remaining-subscription-reads": "11940",
        "x-ms-request-id": "03a58952-6c6a-4658-bcd4-749d6f11776c",
        "x-ms-routing-request-id": "SOUTHEASTASIA:20210723T091729Z:0a86ef6b-e232-40c7-a92b-d920be220ae2",
        "X-Powered-By": "ASP.NET"
      },
      "ResponseBody": {
        "id": "/subscriptions/db1ab6f0-4769-4b27-930e-01e2ef9c123c/resourceGroups/sdktestrg5540/providers/Microsoft.KeyVault/vaults/sdktestvault4530",
        "name": "sdktestvault4530",
        "type": "Microsoft.KeyVault/vaults",
        "location": "North Central US",
        "tags": {
          "tag1": "value1",
          "tag2": "value2",
          "tag3": "value3"
        },
        "systemData": {
          "createdBy": "8e6d47e0-7969-4fde-a62c-4fea4f165e98",
          "createdByType": "Application",
          "createdAt": "1970-01-19T19:57:11.837Z",
          "lastModifiedBy": "8e6d47e0-7969-4fde-a62c-4fea4f165e98",
          "lastModifiedByType": "Application",
          "lastModifiedAt": "1970-01-19T19:57:11.837Z"
        },
        "properties": {
          "sku": {
            "family": "A",
            "name": "standard"
          },
          "tenantId": "72f988bf-86f1-41af-91ab-2d7cd011db47",
          "networkAcls": {
            "bypass": "AzureServices",
            "defaultAction": "Allow",
            "ipRules": [
              {
                "value": "1.2.3.4/32"
              },
              {
                "value": "1.0.0.0/25"
              }
            ],
            "virtualNetworkRules": []
          },
          "accessPolicies": [
            {
              "tenantId": "72f988bf-86f1-41af-91ab-2d7cd011db47",
              "objectId": "7bee3764-dbea-4729-9c33-446f321aa721",
              "permissions": {
                "keys": [
                  "all"
                ],
                "secrets": [
                  "all"
                ],
                "certificates": [
                  "all"
                ],
                "storage": [
                  "all"
                ]
              }
            }
          ],
          "enabledForDeployment": true,
          "enabledForDiskEncryption": true,
          "enabledForTemplateDeployment": true,
          "enableSoftDelete": true,
          "vaultUri": "https://sdktestvault4530.vault.azure.net/",
          "provisioningState": "RegisteringDns"
        }
      }
    },
    {
      "RequestUri": "https://management.azure.com/subscriptions/db1ab6f0-4769-4b27-930e-01e2ef9c123c/resourceGroups/sdktestrg5540/providers/Microsoft.KeyVault/vaults/sdktestvault4530?api-version=2021-04-01-preview",
      "RequestMethod": "GET",
      "RequestHeaders": {
        "Authorization": "Sanitized",
        "User-Agent": [
          "azsdk-net-ResourceManager.Core/1.0.0-alpha.20210723.1",
          "(.NET 5.0.8; Microsoft Windows 10.0.19043)"
        ],
        "x-ms-client-request-id": "5d33dfc2424afcce7d4e0e823cb922eb",
        "x-ms-return-client-request-id": "true"
      },
      "RequestBody": null,
      "StatusCode": 200,
      "ResponseHeaders": {
        "Cache-Control": "no-cache",
        "Content-Length": "1235",
        "Content-Type": "application/json; charset=utf-8",
        "Date": "Fri, 23 Jul 2021 09:17:30 GMT",
        "Expires": "-1",
        "Pragma": "no-cache",
        "Server": "Microsoft-IIS/10.0",
        "Strict-Transport-Security": "max-age=31536000; includeSubDomains",
        "X-AspNet-Version": "4.0.30319",
        "X-Content-Type-Options": "nosniff",
        "x-ms-client-request-id": "5d33dfc2424afcce7d4e0e823cb922eb",
        "x-ms-correlation-request-id": "f20fd9c2-6ca4-4731-aa57-b12a8d052275",
        "x-ms-keyvault-service-version": "1.5.23.5",
        "x-ms-ratelimit-remaining-subscription-reads": "11939",
        "x-ms-request-id": "40b6a549-cb6f-49c6-b057-0b656d4408d6",
        "x-ms-routing-request-id": "SOUTHEASTASIA:20210723T091731Z:f20fd9c2-6ca4-4731-aa57-b12a8d052275",
        "X-Powered-By": "ASP.NET"
      },
      "ResponseBody": {
        "id": "/subscriptions/db1ab6f0-4769-4b27-930e-01e2ef9c123c/resourceGroups/sdktestrg5540/providers/Microsoft.KeyVault/vaults/sdktestvault4530",
        "name": "sdktestvault4530",
        "type": "Microsoft.KeyVault/vaults",
        "location": "North Central US",
        "tags": {
          "tag1": "value1",
          "tag2": "value2",
          "tag3": "value3"
        },
        "systemData": {
          "createdBy": "8e6d47e0-7969-4fde-a62c-4fea4f165e98",
          "createdByType": "Application",
          "createdAt": "1970-01-19T19:57:11.837Z",
          "lastModifiedBy": "8e6d47e0-7969-4fde-a62c-4fea4f165e98",
          "lastModifiedByType": "Application",
          "lastModifiedAt": "1970-01-19T19:57:11.837Z"
        },
        "properties": {
          "sku": {
            "family": "A",
            "name": "standard"
          },
          "tenantId": "72f988bf-86f1-41af-91ab-2d7cd011db47",
          "networkAcls": {
            "bypass": "AzureServices",
            "defaultAction": "Allow",
            "ipRules": [
              {
                "value": "1.2.3.4/32"
              },
              {
                "value": "1.0.0.0/25"
              }
            ],
            "virtualNetworkRules": []
          },
          "accessPolicies": [
            {
              "tenantId": "72f988bf-86f1-41af-91ab-2d7cd011db47",
              "objectId": "7bee3764-dbea-4729-9c33-446f321aa721",
              "permissions": {
                "keys": [
                  "all"
                ],
                "secrets": [
                  "all"
                ],
                "certificates": [
                  "all"
                ],
                "storage": [
                  "all"
                ]
              }
            }
          ],
          "enabledForDeployment": true,
          "enabledForDiskEncryption": true,
          "enabledForTemplateDeployment": true,
          "enableSoftDelete": true,
          "vaultUri": "https://sdktestvault4530.vault.azure.net/",
          "provisioningState": "RegisteringDns"
        }
      }
    },
    {
      "RequestUri": "https://management.azure.com/subscriptions/db1ab6f0-4769-4b27-930e-01e2ef9c123c/resourceGroups/sdktestrg5540/providers/Microsoft.KeyVault/vaults/sdktestvault4530?api-version=2021-04-01-preview",
      "RequestMethod": "GET",
      "RequestHeaders": {
        "Authorization": "Sanitized",
        "User-Agent": [
          "azsdk-net-ResourceManager.Core/1.0.0-alpha.20210723.1",
          "(.NET 5.0.8; Microsoft Windows 10.0.19043)"
        ],
        "x-ms-client-request-id": "f8d2fa482210dbfd4fea906603e00e3a",
        "x-ms-return-client-request-id": "true"
      },
      "RequestBody": null,
      "StatusCode": 200,
      "ResponseHeaders": {
        "Cache-Control": "no-cache",
        "Content-Length": "1235",
        "Content-Type": "application/json; charset=utf-8",
        "Date": "Fri, 23 Jul 2021 09:17:31 GMT",
        "Expires": "-1",
        "Pragma": "no-cache",
        "Server": "Microsoft-IIS/10.0",
        "Strict-Transport-Security": "max-age=31536000; includeSubDomains",
        "X-AspNet-Version": "4.0.30319",
        "X-Content-Type-Options": "nosniff",
        "x-ms-client-request-id": "f8d2fa482210dbfd4fea906603e00e3a",
        "x-ms-correlation-request-id": "5305f51f-32bf-4bbb-9f93-f9b69268f096",
        "x-ms-keyvault-service-version": "1.5.23.5",
        "x-ms-ratelimit-remaining-subscription-reads": "11938",
        "x-ms-request-id": "f12a504a-c6d7-4545-8672-5291e465d9be",
        "x-ms-routing-request-id": "SOUTHEASTASIA:20210723T091732Z:5305f51f-32bf-4bbb-9f93-f9b69268f096",
        "X-Powered-By": "ASP.NET"
      },
      "ResponseBody": {
        "id": "/subscriptions/db1ab6f0-4769-4b27-930e-01e2ef9c123c/resourceGroups/sdktestrg5540/providers/Microsoft.KeyVault/vaults/sdktestvault4530",
        "name": "sdktestvault4530",
        "type": "Microsoft.KeyVault/vaults",
        "location": "North Central US",
        "tags": {
          "tag1": "value1",
          "tag2": "value2",
          "tag3": "value3"
        },
        "systemData": {
          "createdBy": "8e6d47e0-7969-4fde-a62c-4fea4f165e98",
          "createdByType": "Application",
          "createdAt": "1970-01-19T19:57:11.837Z",
          "lastModifiedBy": "8e6d47e0-7969-4fde-a62c-4fea4f165e98",
          "lastModifiedByType": "Application",
          "lastModifiedAt": "1970-01-19T19:57:11.837Z"
        },
        "properties": {
          "sku": {
            "family": "A",
            "name": "standard"
          },
          "tenantId": "72f988bf-86f1-41af-91ab-2d7cd011db47",
          "networkAcls": {
            "bypass": "AzureServices",
            "defaultAction": "Allow",
            "ipRules": [
              {
                "value": "1.2.3.4/32"
              },
              {
                "value": "1.0.0.0/25"
              }
            ],
            "virtualNetworkRules": []
          },
          "accessPolicies": [
            {
              "tenantId": "72f988bf-86f1-41af-91ab-2d7cd011db47",
              "objectId": "7bee3764-dbea-4729-9c33-446f321aa721",
              "permissions": {
                "keys": [
                  "all"
                ],
                "secrets": [
                  "all"
                ],
                "certificates": [
                  "all"
                ],
                "storage": [
                  "all"
                ]
              }
            }
          ],
          "enabledForDeployment": true,
          "enabledForDiskEncryption": true,
          "enabledForTemplateDeployment": true,
          "enableSoftDelete": true,
          "vaultUri": "https://sdktestvault4530.vault.azure.net/",
          "provisioningState": "RegisteringDns"
        }
      }
    },
    {
      "RequestUri": "https://management.azure.com/subscriptions/db1ab6f0-4769-4b27-930e-01e2ef9c123c/resourceGroups/sdktestrg5540/providers/Microsoft.KeyVault/vaults/sdktestvault4530?api-version=2021-04-01-preview",
      "RequestMethod": "GET",
      "RequestHeaders": {
        "Authorization": "Sanitized",
        "User-Agent": [
          "azsdk-net-ResourceManager.Core/1.0.0-alpha.20210723.1",
          "(.NET 5.0.8; Microsoft Windows 10.0.19043)"
        ],
        "x-ms-client-request-id": "0fe4a65ce6039eb5eff43c147ee6f571",
        "x-ms-return-client-request-id": "true"
      },
      "RequestBody": null,
      "StatusCode": 200,
      "ResponseHeaders": {
        "Cache-Control": "no-cache",
        "Content-Length": "1230",
        "Content-Type": "application/json; charset=utf-8",
        "Date": "Fri, 23 Jul 2021 09:17:33 GMT",
        "Expires": "-1",
        "Pragma": "no-cache",
        "Server": "Microsoft-IIS/10.0",
        "Strict-Transport-Security": "max-age=31536000; includeSubDomains",
        "X-AspNet-Version": "4.0.30319",
        "X-Content-Type-Options": "nosniff",
        "x-ms-client-request-id": "0fe4a65ce6039eb5eff43c147ee6f571",
        "x-ms-correlation-request-id": "34b3da1e-566c-43d0-9644-89d1a6d781f0",
        "x-ms-keyvault-service-version": "1.5.23.5",
        "x-ms-ratelimit-remaining-subscription-reads": "11937",
        "x-ms-request-id": "203636c7-128f-4590-8a14-0a70748d226a",
        "x-ms-routing-request-id": "SOUTHEASTASIA:20210723T091733Z:34b3da1e-566c-43d0-9644-89d1a6d781f0",
        "X-Powered-By": "ASP.NET"
      },
      "ResponseBody": {
        "id": "/subscriptions/db1ab6f0-4769-4b27-930e-01e2ef9c123c/resourceGroups/sdktestrg5540/providers/Microsoft.KeyVault/vaults/sdktestvault4530",
        "name": "sdktestvault4530",
        "type": "Microsoft.KeyVault/vaults",
        "location": "North Central US",
        "tags": {
          "tag1": "value1",
          "tag2": "value2",
          "tag3": "value3"
        },
        "systemData": {
          "createdBy": "8e6d47e0-7969-4fde-a62c-4fea4f165e98",
          "createdByType": "Application",
          "createdAt": "1970-01-19T19:57:11.837Z",
          "lastModifiedBy": "8e6d47e0-7969-4fde-a62c-4fea4f165e98",
          "lastModifiedByType": "Application",
          "lastModifiedAt": "1970-01-19T19:57:11.837Z"
        },
        "properties": {
          "sku": {
            "family": "A",
            "name": "standard"
          },
          "tenantId": "72f988bf-86f1-41af-91ab-2d7cd011db47",
          "networkAcls": {
            "bypass": "AzureServices",
            "defaultAction": "Allow",
            "ipRules": [
              {
                "value": "1.2.3.4/32"
              },
              {
                "value": "1.0.0.0/25"
              }
            ],
            "virtualNetworkRules": []
          },
          "accessPolicies": [
            {
              "tenantId": "72f988bf-86f1-41af-91ab-2d7cd011db47",
              "objectId": "7bee3764-dbea-4729-9c33-446f321aa721",
              "permissions": {
                "keys": [
                  "all"
                ],
                "secrets": [
                  "all"
                ],
                "certificates": [
                  "all"
                ],
                "storage": [
                  "all"
                ]
              }
            }
          ],
          "enabledForDeployment": true,
          "enabledForDiskEncryption": true,
          "enabledForTemplateDeployment": true,
          "enableSoftDelete": true,
          "vaultUri": "https://sdktestvault4530.vault.azure.net/",
          "provisioningState": "Succeeded"
        }
      }
    },
    {
      "RequestUri": "https://management.azure.com/subscriptions/db1ab6f0-4769-4b27-930e-01e2ef9c123c/resourceGroups/sdktestrg5540/providers/Microsoft.KeyVault/vaults/sdktestvault1811?api-version=2021-04-01-preview",
      "RequestMethod": "PUT",
      "RequestHeaders": {
        "Accept": "application/json",
        "Authorization": "Sanitized",
        "Content-Length": "636",
        "Content-Type": "application/json",
        "User-Agent": [
          "azsdk-net-ResourceManager.Core/1.0.0-alpha.20210723.1",
          "(.NET 5.0.8; Microsoft Windows 10.0.19043)"
        ],
        "x-ms-client-request-id": "09141f35109de29f580e5fb168f99c3f",
        "x-ms-return-client-request-id": "true"
      },
      "RequestBody": {
        "location": "North Central US",
        "tags": {
          "tag1": "value1",
          "tag2": "value2",
          "tag3": "value3"
        },
        "properties": {
          "tenantId": "72f988bf-86f1-41af-91ab-2d7cd011db47",
          "sku": {
            "family": "A",
            "name": "standard"
          },
          "accessPolicies": [
            {
              "tenantId": "72f988bf-86f1-41af-91ab-2d7cd011db47",
              "objectId": "7bee3764-dbea-4729-9c33-446f321aa721",
              "permissions": {
                "keys": [
                  "all"
                ],
                "secrets": [
                  "all"
                ],
                "certificates": [
                  "all"
                ],
                "storage": [
                  "all"
                ]
              }
            }
          ],
          "vaultUri": "",
          "enabledForDeployment": true,
          "enabledForDiskEncryption": true,
          "enabledForTemplateDeployment": true,
          "networkAcls": {
            "bypass": "AzureServices",
            "defaultAction": "Allow",
            "ipRules": [
              {
                "value": "1.2.3.4/32"
              },
              {
                "value": "1.0.0.0/25"
              }
            ]
          }
        }
      },
      "StatusCode": 200,
      "ResponseHeaders": {
        "Cache-Control": "no-cache",
        "Content-Length": "1234",
        "Content-Type": "application/json; charset=utf-8",
        "Date": "Fri, 23 Jul 2021 09:17:41 GMT",
        "Expires": "-1",
        "Pragma": "no-cache",
        "Server": "Microsoft-IIS/10.0",
        "Strict-Transport-Security": "max-age=31536000; includeSubDomains",
        "X-AspNet-Version": "4.0.30319",
        "X-Content-Type-Options": "nosniff",
        "x-ms-client-request-id": "09141f35109de29f580e5fb168f99c3f",
        "x-ms-correlation-request-id": "817df45e-06aa-4e4c-a0ae-f31adc99e63d",
        "x-ms-keyvault-service-version": "1.5.23.5",
        "x-ms-ratelimit-remaining-subscription-writes": "1188",
        "x-ms-request-id": "124114c5-016b-471a-b239-39e92eea35d3",
        "x-ms-routing-request-id": "SOUTHEASTASIA:20210723T091742Z:817df45e-06aa-4e4c-a0ae-f31adc99e63d",
        "X-Powered-By": "ASP.NET"
      },
      "ResponseBody": {
        "id": "/subscriptions/db1ab6f0-4769-4b27-930e-01e2ef9c123c/resourceGroups/sdktestrg5540/providers/Microsoft.KeyVault/vaults/sdktestvault1811",
        "name": "sdktestvault1811",
        "type": "Microsoft.KeyVault/vaults",
        "location": "North Central US",
        "tags": {
          "tag1": "value1",
          "tag2": "value2",
          "tag3": "value3"
        },
        "systemData": {
          "createdBy": "8e6d47e0-7969-4fde-a62c-4fea4f165e98",
          "createdByType": "Application",
          "createdAt": "1970-01-19T19:57:11.856Z",
          "lastModifiedBy": "8e6d47e0-7969-4fde-a62c-4fea4f165e98",
          "lastModifiedByType": "Application",
          "lastModifiedAt": "1970-01-19T19:57:11.856Z"
        },
        "properties": {
          "sku": {
            "family": "A",
            "name": "standard"
          },
          "tenantId": "72f988bf-86f1-41af-91ab-2d7cd011db47",
          "networkAcls": {
            "bypass": "AzureServices",
            "defaultAction": "Allow",
            "ipRules": [
              {
                "value": "1.2.3.4/32"
              },
              {
                "value": "1.0.0.0/25"
              }
            ],
            "virtualNetworkRules": []
          },
          "accessPolicies": [
            {
              "tenantId": "72f988bf-86f1-41af-91ab-2d7cd011db47",
              "objectId": "7bee3764-dbea-4729-9c33-446f321aa721",
              "permissions": {
                "keys": [
                  "all"
                ],
                "secrets": [
                  "all"
                ],
                "certificates": [
                  "all"
                ],
                "storage": [
                  "all"
                ]
              }
            }
          ],
          "enabledForDeployment": true,
          "enabledForDiskEncryption": true,
          "enabledForTemplateDeployment": true,
          "enableSoftDelete": true,
          "vaultUri": "https://sdktestvault1811.vault.azure.net",
          "provisioningState": "RegisteringDns"
        }
      }
    },
    {
      "RequestUri": "https://management.azure.com/subscriptions/db1ab6f0-4769-4b27-930e-01e2ef9c123c/resourceGroups/sdktestrg5540/providers/Microsoft.KeyVault/vaults/sdktestvault1811?api-version=2021-04-01-preview",
      "RequestMethod": "GET",
      "RequestHeaders": {
        "Authorization": "Sanitized",
        "User-Agent": [
          "azsdk-net-ResourceManager.Core/1.0.0-alpha.20210723.1",
          "(.NET 5.0.8; Microsoft Windows 10.0.19043)"
        ],
        "x-ms-client-request-id": "c0cdb91e30fa95bf452caad855ec87fb",
        "x-ms-return-client-request-id": "true"
      },
      "RequestBody": null,
      "StatusCode": 200,
      "ResponseHeaders": {
        "Cache-Control": "no-cache",
        "Content-Length": "1235",
        "Content-Type": "application/json; charset=utf-8",
        "Date": "Fri, 23 Jul 2021 09:17:42 GMT",
        "Expires": "-1",
        "Pragma": "no-cache",
        "Server": "Microsoft-IIS/10.0",
        "Strict-Transport-Security": "max-age=31536000; includeSubDomains",
        "X-AspNet-Version": "4.0.30319",
        "X-Content-Type-Options": "nosniff",
        "x-ms-client-request-id": "c0cdb91e30fa95bf452caad855ec87fb",
        "x-ms-correlation-request-id": "f4ba8ba5-4249-4f61-b1ec-d520f3b4e7cf",
        "x-ms-keyvault-service-version": "1.5.23.5",
        "x-ms-ratelimit-remaining-subscription-reads": "11936",
        "x-ms-request-id": "04000447-8059-4d9b-9194-88cf51d93e08",
        "x-ms-routing-request-id": "SOUTHEASTASIA:20210723T091743Z:f4ba8ba5-4249-4f61-b1ec-d520f3b4e7cf",
        "X-Powered-By": "ASP.NET"
      },
      "ResponseBody": {
        "id": "/subscriptions/db1ab6f0-4769-4b27-930e-01e2ef9c123c/resourceGroups/sdktestrg5540/providers/Microsoft.KeyVault/vaults/sdktestvault1811",
        "name": "sdktestvault1811",
        "type": "Microsoft.KeyVault/vaults",
        "location": "North Central US",
        "tags": {
          "tag1": "value1",
          "tag2": "value2",
          "tag3": "value3"
        },
        "systemData": {
          "createdBy": "8e6d47e0-7969-4fde-a62c-4fea4f165e98",
          "createdByType": "Application",
          "createdAt": "1970-01-19T19:57:11.856Z",
          "lastModifiedBy": "8e6d47e0-7969-4fde-a62c-4fea4f165e98",
          "lastModifiedByType": "Application",
          "lastModifiedAt": "1970-01-19T19:57:11.856Z"
        },
        "properties": {
          "sku": {
            "family": "A",
            "name": "standard"
          },
          "tenantId": "72f988bf-86f1-41af-91ab-2d7cd011db47",
          "networkAcls": {
            "bypass": "AzureServices",
            "defaultAction": "Allow",
            "ipRules": [
              {
                "value": "1.2.3.4/32"
              },
              {
                "value": "1.0.0.0/25"
              }
            ],
            "virtualNetworkRules": []
          },
          "accessPolicies": [
            {
              "tenantId": "72f988bf-86f1-41af-91ab-2d7cd011db47",
              "objectId": "7bee3764-dbea-4729-9c33-446f321aa721",
              "permissions": {
                "keys": [
                  "all"
                ],
                "secrets": [
                  "all"
                ],
                "certificates": [
                  "all"
                ],
                "storage": [
                  "all"
                ]
              }
            }
          ],
          "enabledForDeployment": true,
          "enabledForDiskEncryption": true,
          "enabledForTemplateDeployment": true,
          "enableSoftDelete": true,
          "vaultUri": "https://sdktestvault1811.vault.azure.net/",
          "provisioningState": "RegisteringDns"
        }
      }
    },
    {
      "RequestUri": "https://management.azure.com/subscriptions/db1ab6f0-4769-4b27-930e-01e2ef9c123c/resourceGroups/sdktestrg5540/providers/Microsoft.KeyVault/vaults/sdktestvault1811?api-version=2021-04-01-preview",
      "RequestMethod": "GET",
      "RequestHeaders": {
        "Authorization": "Sanitized",
        "User-Agent": [
          "azsdk-net-ResourceManager.Core/1.0.0-alpha.20210723.1",
          "(.NET 5.0.8; Microsoft Windows 10.0.19043)"
        ],
        "x-ms-client-request-id": "bfaad5a09d5e4d99beced593f4b9fafb",
        "x-ms-return-client-request-id": "true"
      },
      "RequestBody": null,
      "StatusCode": 200,
      "ResponseHeaders": {
        "Cache-Control": "no-cache",
        "Content-Length": "1235",
        "Content-Type": "application/json; charset=utf-8",
        "Date": "Fri, 23 Jul 2021 09:17:43 GMT",
        "Expires": "-1",
        "Pragma": "no-cache",
        "Server": "Microsoft-IIS/10.0",
        "Strict-Transport-Security": "max-age=31536000; includeSubDomains",
        "X-AspNet-Version": "4.0.30319",
        "X-Content-Type-Options": "nosniff",
        "x-ms-client-request-id": "bfaad5a09d5e4d99beced593f4b9fafb",
        "x-ms-correlation-request-id": "3424e684-a7d3-48c7-9cbe-fbc9326f72ef",
        "x-ms-keyvault-service-version": "1.5.23.5",
        "x-ms-ratelimit-remaining-subscription-reads": "11935",
        "x-ms-request-id": "d1f0094f-312a-4b2a-8599-ea0e12afe1e6",
        "x-ms-routing-request-id": "SOUTHEASTASIA:20210723T091744Z:3424e684-a7d3-48c7-9cbe-fbc9326f72ef",
        "X-Powered-By": "ASP.NET"
      },
      "ResponseBody": {
        "id": "/subscriptions/db1ab6f0-4769-4b27-930e-01e2ef9c123c/resourceGroups/sdktestrg5540/providers/Microsoft.KeyVault/vaults/sdktestvault1811",
        "name": "sdktestvault1811",
        "type": "Microsoft.KeyVault/vaults",
        "location": "North Central US",
        "tags": {
          "tag1": "value1",
          "tag2": "value2",
          "tag3": "value3"
        },
        "systemData": {
          "createdBy": "8e6d47e0-7969-4fde-a62c-4fea4f165e98",
          "createdByType": "Application",
          "createdAt": "1970-01-19T19:57:11.856Z",
          "lastModifiedBy": "8e6d47e0-7969-4fde-a62c-4fea4f165e98",
          "lastModifiedByType": "Application",
          "lastModifiedAt": "1970-01-19T19:57:11.856Z"
        },
        "properties": {
          "sku": {
            "family": "A",
            "name": "standard"
          },
          "tenantId": "72f988bf-86f1-41af-91ab-2d7cd011db47",
          "networkAcls": {
            "bypass": "AzureServices",
            "defaultAction": "Allow",
            "ipRules": [
              {
                "value": "1.2.3.4/32"
              },
              {
                "value": "1.0.0.0/25"
              }
            ],
            "virtualNetworkRules": []
          },
          "accessPolicies": [
            {
              "tenantId": "72f988bf-86f1-41af-91ab-2d7cd011db47",
              "objectId": "7bee3764-dbea-4729-9c33-446f321aa721",
              "permissions": {
                "keys": [
                  "all"
                ],
                "secrets": [
                  "all"
                ],
                "certificates": [
                  "all"
                ],
                "storage": [
                  "all"
                ]
              }
            }
          ],
          "enabledForDeployment": true,
          "enabledForDiskEncryption": true,
          "enabledForTemplateDeployment": true,
          "enableSoftDelete": true,
          "vaultUri": "https://sdktestvault1811.vault.azure.net/",
          "provisioningState": "RegisteringDns"
        }
      }
    },
    {
      "RequestUri": "https://management.azure.com/subscriptions/db1ab6f0-4769-4b27-930e-01e2ef9c123c/resourceGroups/sdktestrg5540/providers/Microsoft.KeyVault/vaults/sdktestvault1811?api-version=2021-04-01-preview",
      "RequestMethod": "GET",
      "RequestHeaders": {
        "Authorization": "Sanitized",
        "User-Agent": [
          "azsdk-net-ResourceManager.Core/1.0.0-alpha.20210723.1",
          "(.NET 5.0.8; Microsoft Windows 10.0.19043)"
        ],
        "x-ms-client-request-id": "ae9369a4db2ca34567018fe73d89f047",
        "x-ms-return-client-request-id": "true"
      },
      "RequestBody": null,
      "StatusCode": 200,
      "ResponseHeaders": {
        "Cache-Control": "no-cache",
        "Content-Length": "1235",
        "Content-Type": "application/json; charset=utf-8",
        "Date": "Fri, 23 Jul 2021 09:17:45 GMT",
        "Expires": "-1",
        "Pragma": "no-cache",
        "Server": "Microsoft-IIS/10.0",
        "Strict-Transport-Security": "max-age=31536000; includeSubDomains",
        "X-AspNet-Version": "4.0.30319",
        "X-Content-Type-Options": "nosniff",
        "x-ms-client-request-id": "ae9369a4db2ca34567018fe73d89f047",
        "x-ms-correlation-request-id": "c9dd5ffb-54db-4eac-aa20-5e88c8c9bfcb",
        "x-ms-keyvault-service-version": "1.5.23.5",
        "x-ms-ratelimit-remaining-subscription-reads": "11934",
        "x-ms-request-id": "681f5a70-86e0-40bb-b318-3d764064ae22",
        "x-ms-routing-request-id": "SOUTHEASTASIA:20210723T091746Z:c9dd5ffb-54db-4eac-aa20-5e88c8c9bfcb",
        "X-Powered-By": "ASP.NET"
      },
      "ResponseBody": {
        "id": "/subscriptions/db1ab6f0-4769-4b27-930e-01e2ef9c123c/resourceGroups/sdktestrg5540/providers/Microsoft.KeyVault/vaults/sdktestvault1811",
        "name": "sdktestvault1811",
        "type": "Microsoft.KeyVault/vaults",
        "location": "North Central US",
        "tags": {
          "tag1": "value1",
          "tag2": "value2",
          "tag3": "value3"
        },
        "systemData": {
          "createdBy": "8e6d47e0-7969-4fde-a62c-4fea4f165e98",
          "createdByType": "Application",
          "createdAt": "1970-01-19T19:57:11.856Z",
          "lastModifiedBy": "8e6d47e0-7969-4fde-a62c-4fea4f165e98",
          "lastModifiedByType": "Application",
          "lastModifiedAt": "1970-01-19T19:57:11.856Z"
        },
        "properties": {
          "sku": {
            "family": "A",
            "name": "standard"
          },
          "tenantId": "72f988bf-86f1-41af-91ab-2d7cd011db47",
          "networkAcls": {
            "bypass": "AzureServices",
            "defaultAction": "Allow",
            "ipRules": [
              {
                "value": "1.2.3.4/32"
              },
              {
                "value": "1.0.0.0/25"
              }
            ],
            "virtualNetworkRules": []
          },
          "accessPolicies": [
            {
              "tenantId": "72f988bf-86f1-41af-91ab-2d7cd011db47",
              "objectId": "7bee3764-dbea-4729-9c33-446f321aa721",
              "permissions": {
                "keys": [
                  "all"
                ],
                "secrets": [
                  "all"
                ],
                "certificates": [
                  "all"
                ],
                "storage": [
                  "all"
                ]
              }
            }
          ],
          "enabledForDeployment": true,
          "enabledForDiskEncryption": true,
          "enabledForTemplateDeployment": true,
          "enableSoftDelete": true,
          "vaultUri": "https://sdktestvault1811.vault.azure.net/",
          "provisioningState": "RegisteringDns"
        }
      }
    },
    {
      "RequestUri": "https://management.azure.com/subscriptions/db1ab6f0-4769-4b27-930e-01e2ef9c123c/resourceGroups/sdktestrg5540/providers/Microsoft.KeyVault/vaults/sdktestvault1811?api-version=2021-04-01-preview",
      "RequestMethod": "GET",
      "RequestHeaders": {
        "Authorization": "Sanitized",
        "User-Agent": [
          "azsdk-net-ResourceManager.Core/1.0.0-alpha.20210723.1",
          "(.NET 5.0.8; Microsoft Windows 10.0.19043)"
        ],
        "x-ms-client-request-id": "12452082a9b281961f7f022b5a2ba08b",
        "x-ms-return-client-request-id": "true"
      },
      "RequestBody": null,
      "StatusCode": 200,
      "ResponseHeaders": {
        "Cache-Control": "no-cache",
        "Content-Length": "1235",
        "Content-Type": "application/json; charset=utf-8",
        "Date": "Fri, 23 Jul 2021 09:17:46 GMT",
        "Expires": "-1",
        "Pragma": "no-cache",
        "Server": "Microsoft-IIS/10.0",
        "Strict-Transport-Security": "max-age=31536000; includeSubDomains",
        "X-AspNet-Version": "4.0.30319",
        "X-Content-Type-Options": "nosniff",
        "x-ms-client-request-id": "12452082a9b281961f7f022b5a2ba08b",
        "x-ms-correlation-request-id": "794caac3-d588-4621-bffc-a41be19b0e36",
        "x-ms-keyvault-service-version": "1.5.23.5",
        "x-ms-ratelimit-remaining-subscription-reads": "11933",
        "x-ms-request-id": "4cf6d655-c3b5-4fa3-9c8b-5c735ef777d8",
        "x-ms-routing-request-id": "SOUTHEASTASIA:20210723T091747Z:794caac3-d588-4621-bffc-a41be19b0e36",
        "X-Powered-By": "ASP.NET"
      },
      "ResponseBody": {
        "id": "/subscriptions/db1ab6f0-4769-4b27-930e-01e2ef9c123c/resourceGroups/sdktestrg5540/providers/Microsoft.KeyVault/vaults/sdktestvault1811",
        "name": "sdktestvault1811",
        "type": "Microsoft.KeyVault/vaults",
        "location": "North Central US",
        "tags": {
          "tag1": "value1",
          "tag2": "value2",
          "tag3": "value3"
        },
        "systemData": {
          "createdBy": "8e6d47e0-7969-4fde-a62c-4fea4f165e98",
          "createdByType": "Application",
          "createdAt": "1970-01-19T19:57:11.856Z",
          "lastModifiedBy": "8e6d47e0-7969-4fde-a62c-4fea4f165e98",
          "lastModifiedByType": "Application",
          "lastModifiedAt": "1970-01-19T19:57:11.856Z"
        },
        "properties": {
          "sku": {
            "family": "A",
            "name": "standard"
          },
          "tenantId": "72f988bf-86f1-41af-91ab-2d7cd011db47",
          "networkAcls": {
            "bypass": "AzureServices",
            "defaultAction": "Allow",
            "ipRules": [
              {
                "value": "1.2.3.4/32"
              },
              {
                "value": "1.0.0.0/25"
              }
            ],
            "virtualNetworkRules": []
          },
          "accessPolicies": [
            {
              "tenantId": "72f988bf-86f1-41af-91ab-2d7cd011db47",
              "objectId": "7bee3764-dbea-4729-9c33-446f321aa721",
              "permissions": {
                "keys": [
                  "all"
                ],
                "secrets": [
                  "all"
                ],
                "certificates": [
                  "all"
                ],
                "storage": [
                  "all"
                ]
              }
            }
          ],
          "enabledForDeployment": true,
          "enabledForDiskEncryption": true,
          "enabledForTemplateDeployment": true,
          "enableSoftDelete": true,
          "vaultUri": "https://sdktestvault1811.vault.azure.net/",
          "provisioningState": "RegisteringDns"
        }
      }
    },
    {
      "RequestUri": "https://management.azure.com/subscriptions/db1ab6f0-4769-4b27-930e-01e2ef9c123c/resourceGroups/sdktestrg5540/providers/Microsoft.KeyVault/vaults/sdktestvault1811?api-version=2021-04-01-preview",
      "RequestMethod": "GET",
      "RequestHeaders": {
        "Authorization": "Sanitized",
        "User-Agent": [
          "azsdk-net-ResourceManager.Core/1.0.0-alpha.20210723.1",
          "(.NET 5.0.8; Microsoft Windows 10.0.19043)"
        ],
        "x-ms-client-request-id": "eb33ae32d859c4cf9006585d0db20f34",
        "x-ms-return-client-request-id": "true"
      },
      "RequestBody": null,
      "StatusCode": 200,
      "ResponseHeaders": {
        "Cache-Control": "no-cache",
        "Content-Length": "1235",
        "Content-Type": "application/json; charset=utf-8",
        "Date": "Fri, 23 Jul 2021 09:17:47 GMT",
        "Expires": "-1",
        "Pragma": "no-cache",
        "Server": "Microsoft-IIS/10.0",
        "Strict-Transport-Security": "max-age=31536000; includeSubDomains",
        "X-AspNet-Version": "4.0.30319",
        "X-Content-Type-Options": "nosniff",
        "x-ms-client-request-id": "eb33ae32d859c4cf9006585d0db20f34",
        "x-ms-correlation-request-id": "4615ed83-440b-4bee-b7be-d416e8dc24ba",
        "x-ms-keyvault-service-version": "1.5.23.5",
        "x-ms-ratelimit-remaining-subscription-reads": "11932",
        "x-ms-request-id": "996160e5-09aa-4405-b3ba-deebea41b761",
        "x-ms-routing-request-id": "SOUTHEASTASIA:20210723T091748Z:4615ed83-440b-4bee-b7be-d416e8dc24ba",
        "X-Powered-By": "ASP.NET"
      },
      "ResponseBody": {
        "id": "/subscriptions/db1ab6f0-4769-4b27-930e-01e2ef9c123c/resourceGroups/sdktestrg5540/providers/Microsoft.KeyVault/vaults/sdktestvault1811",
        "name": "sdktestvault1811",
        "type": "Microsoft.KeyVault/vaults",
        "location": "North Central US",
        "tags": {
          "tag1": "value1",
          "tag2": "value2",
          "tag3": "value3"
        },
        "systemData": {
          "createdBy": "8e6d47e0-7969-4fde-a62c-4fea4f165e98",
          "createdByType": "Application",
          "createdAt": "1970-01-19T19:57:11.856Z",
          "lastModifiedBy": "8e6d47e0-7969-4fde-a62c-4fea4f165e98",
          "lastModifiedByType": "Application",
          "lastModifiedAt": "1970-01-19T19:57:11.856Z"
        },
        "properties": {
          "sku": {
            "family": "A",
            "name": "standard"
          },
          "tenantId": "72f988bf-86f1-41af-91ab-2d7cd011db47",
          "networkAcls": {
            "bypass": "AzureServices",
            "defaultAction": "Allow",
            "ipRules": [
              {
                "value": "1.2.3.4/32"
              },
              {
                "value": "1.0.0.0/25"
              }
            ],
            "virtualNetworkRules": []
          },
          "accessPolicies": [
            {
              "tenantId": "72f988bf-86f1-41af-91ab-2d7cd011db47",
              "objectId": "7bee3764-dbea-4729-9c33-446f321aa721",
              "permissions": {
                "keys": [
                  "all"
                ],
                "secrets": [
                  "all"
                ],
                "certificates": [
                  "all"
                ],
                "storage": [
                  "all"
                ]
              }
            }
          ],
          "enabledForDeployment": true,
          "enabledForDiskEncryption": true,
          "enabledForTemplateDeployment": true,
          "enableSoftDelete": true,
          "vaultUri": "https://sdktestvault1811.vault.azure.net/",
          "provisioningState": "RegisteringDns"
        }
      }
    },
    {
      "RequestUri": "https://management.azure.com/subscriptions/db1ab6f0-4769-4b27-930e-01e2ef9c123c/resourceGroups/sdktestrg5540/providers/Microsoft.KeyVault/vaults/sdktestvault1811?api-version=2021-04-01-preview",
      "RequestMethod": "GET",
      "RequestHeaders": {
        "Authorization": "Sanitized",
        "User-Agent": [
          "azsdk-net-ResourceManager.Core/1.0.0-alpha.20210723.1",
          "(.NET 5.0.8; Microsoft Windows 10.0.19043)"
        ],
        "x-ms-client-request-id": "d3118edee774fa49d3118eacd919483b",
        "x-ms-return-client-request-id": "true"
      },
      "RequestBody": null,
      "StatusCode": 200,
      "ResponseHeaders": {
        "Cache-Control": "no-cache",
        "Content-Length": "1235",
        "Content-Type": "application/json; charset=utf-8",
        "Date": "Fri, 23 Jul 2021 09:17:49 GMT",
        "Expires": "-1",
        "Pragma": "no-cache",
        "Server": "Microsoft-IIS/10.0",
        "Strict-Transport-Security": "max-age=31536000; includeSubDomains",
        "X-AspNet-Version": "4.0.30319",
        "X-Content-Type-Options": "nosniff",
        "x-ms-client-request-id": "d3118edee774fa49d3118eacd919483b",
        "x-ms-correlation-request-id": "c6b14b63-c04f-4787-90ef-c8c62e867d4e",
        "x-ms-keyvault-service-version": "1.5.23.5",
        "x-ms-ratelimit-remaining-subscription-reads": "11931",
        "x-ms-request-id": "4ba97480-faec-444b-a0be-4093da4fe97f",
        "x-ms-routing-request-id": "SOUTHEASTASIA:20210723T091750Z:c6b14b63-c04f-4787-90ef-c8c62e867d4e",
        "X-Powered-By": "ASP.NET"
      },
      "ResponseBody": {
        "id": "/subscriptions/db1ab6f0-4769-4b27-930e-01e2ef9c123c/resourceGroups/sdktestrg5540/providers/Microsoft.KeyVault/vaults/sdktestvault1811",
        "name": "sdktestvault1811",
        "type": "Microsoft.KeyVault/vaults",
        "location": "North Central US",
        "tags": {
          "tag1": "value1",
          "tag2": "value2",
          "tag3": "value3"
        },
        "systemData": {
          "createdBy": "8e6d47e0-7969-4fde-a62c-4fea4f165e98",
          "createdByType": "Application",
          "createdAt": "1970-01-19T19:57:11.856Z",
          "lastModifiedBy": "8e6d47e0-7969-4fde-a62c-4fea4f165e98",
          "lastModifiedByType": "Application",
          "lastModifiedAt": "1970-01-19T19:57:11.856Z"
        },
        "properties": {
          "sku": {
            "family": "A",
            "name": "standard"
          },
          "tenantId": "72f988bf-86f1-41af-91ab-2d7cd011db47",
          "networkAcls": {
            "bypass": "AzureServices",
            "defaultAction": "Allow",
            "ipRules": [
              {
                "value": "1.2.3.4/32"
              },
              {
                "value": "1.0.0.0/25"
              }
            ],
            "virtualNetworkRules": []
          },
          "accessPolicies": [
            {
              "tenantId": "72f988bf-86f1-41af-91ab-2d7cd011db47",
              "objectId": "7bee3764-dbea-4729-9c33-446f321aa721",
              "permissions": {
                "keys": [
                  "all"
                ],
                "secrets": [
                  "all"
                ],
                "certificates": [
                  "all"
                ],
                "storage": [
                  "all"
                ]
              }
            }
          ],
          "enabledForDeployment": true,
          "enabledForDiskEncryption": true,
          "enabledForTemplateDeployment": true,
          "enableSoftDelete": true,
          "vaultUri": "https://sdktestvault1811.vault.azure.net/",
          "provisioningState": "RegisteringDns"
        }
      }
    },
    {
      "RequestUri": "https://management.azure.com/subscriptions/db1ab6f0-4769-4b27-930e-01e2ef9c123c/resourceGroups/sdktestrg5540/providers/Microsoft.KeyVault/vaults/sdktestvault1811?api-version=2021-04-01-preview",
      "RequestMethod": "GET",
      "RequestHeaders": {
        "Authorization": "Sanitized",
        "User-Agent": [
          "azsdk-net-ResourceManager.Core/1.0.0-alpha.20210723.1",
          "(.NET 5.0.8; Microsoft Windows 10.0.19043)"
        ],
        "x-ms-client-request-id": "8eb404600455a9ed518182ab5039736d",
        "x-ms-return-client-request-id": "true"
      },
      "RequestBody": null,
      "StatusCode": 200,
      "ResponseHeaders": {
        "Cache-Control": "no-cache",
        "Content-Length": "1235",
        "Content-Type": "application/json; charset=utf-8",
        "Date": "Fri, 23 Jul 2021 09:17:50 GMT",
        "Expires": "-1",
        "Pragma": "no-cache",
        "Server": "Microsoft-IIS/10.0",
        "Strict-Transport-Security": "max-age=31536000; includeSubDomains",
        "X-AspNet-Version": "4.0.30319",
        "X-Content-Type-Options": "nosniff",
        "x-ms-client-request-id": "8eb404600455a9ed518182ab5039736d",
        "x-ms-correlation-request-id": "158dfb43-854c-43c2-9b0a-8a7112166cc9",
        "x-ms-keyvault-service-version": "1.5.23.5",
        "x-ms-ratelimit-remaining-subscription-reads": "11930",
        "x-ms-request-id": "f51840b0-d27e-4f97-b515-999d87af57a6",
        "x-ms-routing-request-id": "SOUTHEASTASIA:20210723T091751Z:158dfb43-854c-43c2-9b0a-8a7112166cc9",
        "X-Powered-By": "ASP.NET"
      },
      "ResponseBody": {
        "id": "/subscriptions/db1ab6f0-4769-4b27-930e-01e2ef9c123c/resourceGroups/sdktestrg5540/providers/Microsoft.KeyVault/vaults/sdktestvault1811",
        "name": "sdktestvault1811",
        "type": "Microsoft.KeyVault/vaults",
        "location": "North Central US",
        "tags": {
          "tag1": "value1",
          "tag2": "value2",
          "tag3": "value3"
        },
        "systemData": {
          "createdBy": "8e6d47e0-7969-4fde-a62c-4fea4f165e98",
          "createdByType": "Application",
          "createdAt": "1970-01-19T19:57:11.856Z",
          "lastModifiedBy": "8e6d47e0-7969-4fde-a62c-4fea4f165e98",
          "lastModifiedByType": "Application",
          "lastModifiedAt": "1970-01-19T19:57:11.856Z"
        },
        "properties": {
          "sku": {
            "family": "A",
            "name": "standard"
          },
          "tenantId": "72f988bf-86f1-41af-91ab-2d7cd011db47",
          "networkAcls": {
            "bypass": "AzureServices",
            "defaultAction": "Allow",
            "ipRules": [
              {
                "value": "1.2.3.4/32"
              },
              {
                "value": "1.0.0.0/25"
              }
            ],
            "virtualNetworkRules": []
          },
          "accessPolicies": [
            {
              "tenantId": "72f988bf-86f1-41af-91ab-2d7cd011db47",
              "objectId": "7bee3764-dbea-4729-9c33-446f321aa721",
              "permissions": {
                "keys": [
                  "all"
                ],
                "secrets": [
                  "all"
                ],
                "certificates": [
                  "all"
                ],
                "storage": [
                  "all"
                ]
              }
            }
          ],
          "enabledForDeployment": true,
          "enabledForDiskEncryption": true,
          "enabledForTemplateDeployment": true,
          "enableSoftDelete": true,
          "vaultUri": "https://sdktestvault1811.vault.azure.net/",
          "provisioningState": "RegisteringDns"
        }
      }
    },
    {
      "RequestUri": "https://management.azure.com/subscriptions/db1ab6f0-4769-4b27-930e-01e2ef9c123c/resourceGroups/sdktestrg5540/providers/Microsoft.KeyVault/vaults/sdktestvault1811?api-version=2021-04-01-preview",
      "RequestMethod": "GET",
      "RequestHeaders": {
        "Authorization": "Sanitized",
        "User-Agent": [
          "azsdk-net-ResourceManager.Core/1.0.0-alpha.20210723.1",
          "(.NET 5.0.8; Microsoft Windows 10.0.19043)"
        ],
        "x-ms-client-request-id": "cc4ccd70cd194b16643818474922eb76",
        "x-ms-return-client-request-id": "true"
      },
      "RequestBody": null,
      "StatusCode": 200,
      "ResponseHeaders": {
        "Cache-Control": "no-cache",
        "Content-Length": "1230",
        "Content-Type": "application/json; charset=utf-8",
        "Date": "Fri, 23 Jul 2021 09:17:51 GMT",
        "Expires": "-1",
        "Pragma": "no-cache",
        "Server": "Microsoft-IIS/10.0",
        "Strict-Transport-Security": "max-age=31536000; includeSubDomains",
        "X-AspNet-Version": "4.0.30319",
        "X-Content-Type-Options": "nosniff",
        "x-ms-client-request-id": "cc4ccd70cd194b16643818474922eb76",
        "x-ms-correlation-request-id": "5195edea-385b-48fc-9a76-74d314c46ebe",
        "x-ms-keyvault-service-version": "1.5.23.5",
        "x-ms-ratelimit-remaining-subscription-reads": "11929",
        "x-ms-request-id": "f98d8fc8-c40e-4c97-869b-20141fb86223",
        "x-ms-routing-request-id": "SOUTHEASTASIA:20210723T091752Z:5195edea-385b-48fc-9a76-74d314c46ebe",
        "X-Powered-By": "ASP.NET"
      },
      "ResponseBody": {
        "id": "/subscriptions/db1ab6f0-4769-4b27-930e-01e2ef9c123c/resourceGroups/sdktestrg5540/providers/Microsoft.KeyVault/vaults/sdktestvault1811",
        "name": "sdktestvault1811",
        "type": "Microsoft.KeyVault/vaults",
        "location": "North Central US",
        "tags": {
          "tag1": "value1",
          "tag2": "value2",
          "tag3": "value3"
        },
        "systemData": {
          "createdBy": "8e6d47e0-7969-4fde-a62c-4fea4f165e98",
          "createdByType": "Application",
          "createdAt": "1970-01-19T19:57:11.856Z",
          "lastModifiedBy": "8e6d47e0-7969-4fde-a62c-4fea4f165e98",
          "lastModifiedByType": "Application",
          "lastModifiedAt": "1970-01-19T19:57:11.856Z"
        },
        "properties": {
          "sku": {
            "family": "A",
            "name": "standard"
          },
          "tenantId": "72f988bf-86f1-41af-91ab-2d7cd011db47",
          "networkAcls": {
            "bypass": "AzureServices",
            "defaultAction": "Allow",
            "ipRules": [
              {
                "value": "1.2.3.4/32"
              },
              {
                "value": "1.0.0.0/25"
              }
            ],
            "virtualNetworkRules": []
          },
          "accessPolicies": [
            {
              "tenantId": "72f988bf-86f1-41af-91ab-2d7cd011db47",
              "objectId": "7bee3764-dbea-4729-9c33-446f321aa721",
              "permissions": {
                "keys": [
                  "all"
                ],
                "secrets": [
                  "all"
                ],
                "certificates": [
                  "all"
                ],
                "storage": [
                  "all"
                ]
              }
            }
          ],
          "enabledForDeployment": true,
          "enabledForDiskEncryption": true,
          "enabledForTemplateDeployment": true,
          "enableSoftDelete": true,
          "vaultUri": "https://sdktestvault1811.vault.azure.net/",
          "provisioningState": "Succeeded"
        }
      }
    },
    {
      "RequestUri": "https://management.azure.com/subscriptions/db1ab6f0-4769-4b27-930e-01e2ef9c123c/resourceGroups/sdktestrg5540/providers/Microsoft.KeyVault/vaults?$top=2\u0026api-version=2021-04-01-preview",
      "RequestMethod": "GET",
      "RequestHeaders": {
        "Accept": "application/json",
        "Authorization": "Sanitized",
        "User-Agent": [
          "azsdk-net-ResourceManager.Core/1.0.0-alpha.20210723.1",
          "(.NET 5.0.8; Microsoft Windows 10.0.19043)"
        ],
        "x-ms-client-request-id": "09fd1dbd80fddadfa06882f2649eaa9a",
        "x-ms-return-client-request-id": "true"
      },
      "RequestBody": null,
      "StatusCode": 200,
      "ResponseHeaders": {
        "Cache-Control": "no-cache",
        "Content-Length": "3965",
        "Content-Type": "application/json; charset=utf-8",
        "Date": "Fri, 23 Jul 2021 09:17:52 GMT",
        "Expires": "-1",
        "Pragma": "no-cache",
        "Server": "Microsoft-IIS/10.0",
        "Strict-Transport-Security": "max-age=31536000; includeSubDomains",
        "X-AspNet-Version": "4.0.30319",
        "X-Content-Type-Options": "nosniff",
        "x-ms-client-request-id": "09fd1dbd80fddadfa06882f2649eaa9a",
        "x-ms-correlation-request-id": "826c8f91-1e1f-45d3-8ac2-cbdbdd005d47",
        "x-ms-keyvault-service-version": "1.5.23.5",
        "x-ms-ratelimit-remaining-subscription-reads": "11928",
        "x-ms-request-id": "a013dd96-be2e-4945-9f79-4763b75a6df6",
        "x-ms-routing-request-id": "SOUTHEASTASIA:20210723T091753Z:826c8f91-1e1f-45d3-8ac2-cbdbdd005d47",
        "X-Powered-By": "ASP.NET"
      },
      "ResponseBody": {
        "value": [
          {
            "id": "/subscriptions/db1ab6f0-4769-4b27-930e-01e2ef9c123c/resourceGroups/sdktestrg5540/providers/Microsoft.KeyVault/vaults/sdktestvault1811",
            "name": "sdktestvault1811",
            "type": "Microsoft.KeyVault/vaults",
            "location": "North Central US",
            "tags": {
              "tag1": "value1",
              "tag2": "value2",
              "tag3": "value3"
            },
            "systemData": {
              "createdBy": "8e6d47e0-7969-4fde-a62c-4fea4f165e98",
              "createdByType": "Application",
              "createdAt": "1970-01-19T19:57:11.856Z",
              "lastModifiedBy": "8e6d47e0-7969-4fde-a62c-4fea4f165e98",
              "lastModifiedByType": "Application",
              "lastModifiedAt": "1970-01-19T19:57:11.856Z"
            },
            "properties": {
              "sku": {
                "family": "A",
                "name": "standard"
              },
              "tenantId": "72f988bf-86f1-41af-91ab-2d7cd011db47",
              "networkAcls": {
                "bypass": "AzureServices",
                "defaultAction": "Allow",
                "ipRules": [
                  {
                    "value": "1.2.3.4/32"
                  },
                  {
                    "value": "1.0.0.0/25"
                  }
                ],
                "virtualNetworkRules": []
              },
              "accessPolicies": [
                {
                  "tenantId": "72f988bf-86f1-41af-91ab-2d7cd011db47",
                  "objectId": "7bee3764-dbea-4729-9c33-446f321aa721",
                  "permissions": {
                    "keys": [
                      "all"
                    ],
                    "secrets": [
                      "all"
                    ],
                    "certificates": [
                      "all"
                    ],
                    "storage": [
                      "all"
                    ]
                  }
                }
              ],
              "enabledForDeployment": true,
              "enabledForDiskEncryption": true,
              "enabledForTemplateDeployment": true,
              "enableSoftDelete": true,
              "vaultUri": "https://sdktestvault1811.vault.azure.net/",
              "provisioningState": "Succeeded"
            }
          },
          {
            "id": "/subscriptions/db1ab6f0-4769-4b27-930e-01e2ef9c123c/resourceGroups/sdktestrg5540/providers/Microsoft.KeyVault/vaults/sdktestvault3542",
            "name": "sdktestvault3542",
            "type": "Microsoft.KeyVault/vaults",
            "location": "North Central US",
            "tags": {
              "tag1": "value1",
              "tag2": "value2",
              "tag3": "value3"
            },
            "systemData": {
              "createdBy": "8e6d47e0-7969-4fde-a62c-4fea4f165e98",
              "createdByType": "Application",
              "createdAt": "1970-01-19T19:57:11.815Z",
              "lastModifiedBy": "8e6d47e0-7969-4fde-a62c-4fea4f165e98",
              "lastModifiedByType": "Application",
              "lastModifiedAt": "1970-01-19T19:57:11.815Z"
            },
            "properties": {
              "sku": {
                "family": "A",
                "name": "standard"
              },
              "tenantId": "72f988bf-86f1-41af-91ab-2d7cd011db47",
              "networkAcls": {
                "bypass": "AzureServices",
                "defaultAction": "Allow",
                "ipRules": [
                  {
                    "value": "1.2.3.4/32"
                  },
                  {
                    "value": "1.0.0.0/25"
                  }
                ],
                "virtualNetworkRules": []
              },
              "accessPolicies": [
                {
                  "tenantId": "72f988bf-86f1-41af-91ab-2d7cd011db47",
                  "objectId": "7bee3764-dbea-4729-9c33-446f321aa721",
                  "permissions": {
                    "keys": [
                      "all"
                    ],
                    "secrets": [
                      "all"
                    ],
                    "certificates": [
                      "all"
                    ],
                    "storage": [
                      "all"
                    ]
                  }
                }
              ],
              "enabledForDeployment": true,
              "enabledForDiskEncryption": true,
              "enabledForTemplateDeployment": true,
              "enableSoftDelete": true,
              "vaultUri": "https://sdktestvault3542.vault.azure.net/",
              "provisioningState": "Succeeded"
            }
          },
          {
            "id": "/subscriptions/db1ab6f0-4769-4b27-930e-01e2ef9c123c/resourceGroups/sdktestrg5540/providers/Microsoft.KeyVault/vaults/sdktestvault4530",
            "name": "sdktestvault4530",
            "type": "Microsoft.KeyVault/vaults",
            "location": "North Central US",
            "tags": {
              "tag1": "value1",
              "tag2": "value2",
              "tag3": "value3"
            },
            "systemData": {
              "createdBy": "8e6d47e0-7969-4fde-a62c-4fea4f165e98",
              "createdByType": "Application",
              "createdAt": "1970-01-19T19:57:11.837Z",
              "lastModifiedBy": "8e6d47e0-7969-4fde-a62c-4fea4f165e98",
              "lastModifiedByType": "Application",
              "lastModifiedAt": "1970-01-19T19:57:11.837Z"
            },
            "properties": {
              "sku": {
                "family": "A",
                "name": "standard"
              },
              "tenantId": "72f988bf-86f1-41af-91ab-2d7cd011db47",
              "networkAcls": {
                "bypass": "AzureServices",
                "defaultAction": "Allow",
                "ipRules": [
                  {
                    "value": "1.2.3.4/32"
                  },
                  {
                    "value": "1.0.0.0/25"
                  }
                ],
                "virtualNetworkRules": []
              },
              "accessPolicies": [
                {
                  "tenantId": "72f988bf-86f1-41af-91ab-2d7cd011db47",
                  "objectId": "7bee3764-dbea-4729-9c33-446f321aa721",
                  "permissions": {
                    "keys": [
                      "all"
                    ],
                    "secrets": [
                      "all"
                    ],
                    "certificates": [
                      "all"
                    ],
                    "storage": [
                      "all"
                    ]
                  }
                }
              ],
              "enabledForDeployment": true,
              "enabledForDiskEncryption": true,
              "enabledForTemplateDeployment": true,
              "enableSoftDelete": true,
              "vaultUri": "https://sdktestvault4530.vault.azure.net/",
              "provisioningState": "Succeeded"
            }
          }
        ],
        "nextLink": "https://management.azure.com/subscriptions/db1ab6f0-4769-4b27-930e-01e2ef9c123c/resourceGroups/sdktestrg5540/providers/Microsoft.KeyVault/vaults?$top=2\u0026api-version=2021-04-01-preview\u0026$skiptoken=ServiceBased,Tm9uZSxjMlJyZEdWemRIWmhkV3gwTkRVek1BPT0="
      }
    },
    {
      "RequestUri": "https://management.azure.com/subscriptions/db1ab6f0-4769-4b27-930e-01e2ef9c123c/resourceGroups/sdktestrg5540/providers/Microsoft.KeyVault/vaults?$top=2\u0026api-version=2021-04-01-preview\u0026$skiptoken=ServiceBased,Tm9uZSxjMlJyZEdWemRIWmhkV3gwTkRVek1BPT0=",
      "RequestMethod": "GET",
      "RequestHeaders": {
        "Accept": "application/json",
        "Authorization": "Sanitized",
        "User-Agent": [
          "azsdk-net-ResourceManager.Core/1.0.0-alpha.20210723.1",
          "(.NET 5.0.8; Microsoft Windows 10.0.19043)"
        ],
        "x-ms-client-request-id": "0b3b219d7ccd9322ed69291ceba6602e",
        "x-ms-return-client-request-id": "true"
      },
      "RequestBody": null,
      "StatusCode": 200,
      "ResponseHeaders": {
        "Cache-Control": "no-cache",
        "Content-Length": "12",
        "Content-Type": "application/json; charset=utf-8",
        "Date": "Fri, 23 Jul 2021 09:17:52 GMT",
        "Expires": "-1",
        "Pragma": "no-cache",
        "Server": "Microsoft-IIS/10.0",
        "Strict-Transport-Security": "max-age=31536000; includeSubDomains",
        "X-AspNet-Version": "4.0.30319",
        "X-Content-Type-Options": "nosniff",
        "x-ms-client-request-id": "0b3b219d7ccd9322ed69291ceba6602e",
        "x-ms-correlation-request-id": "be263fe6-6216-4b11-8ed0-bda509541307",
        "x-ms-keyvault-service-version": "1.5.23.5",
        "x-ms-ratelimit-remaining-subscription-reads": "11927",
        "x-ms-request-id": "e71f3c20-9d82-4433-b73f-203a6ad40aaa",
        "x-ms-routing-request-id": "SOUTHEASTASIA:20210723T091753Z:be263fe6-6216-4b11-8ed0-bda509541307",
        "X-Powered-By": "ASP.NET"
      },
      "ResponseBody": {
        "value": []
      }
    },
    {
      "RequestUri": "https://management.azure.com/subscriptions/db1ab6f0-4769-4b27-930e-01e2ef9c123c/resourceGroups/sdktestrg5540/providers/Microsoft.KeyVault/vaults/sdktestvault3542?api-version=2021-04-01-preview",
      "RequestMethod": "DELETE",
      "RequestHeaders": {
        "Accept": "application/json",
        "Authorization": "Sanitized",
        "User-Agent": [
          "azsdk-net-ResourceManager.Core/1.0.0-alpha.20210723.1",
          "(.NET 5.0.8; Microsoft Windows 10.0.19043)"
        ],
        "x-ms-client-request-id": "33ed0c966a3bef6fee712bb14b24e6c5",
        "x-ms-return-client-request-id": "true"
      },
      "RequestBody": null,
      "StatusCode": 200,
      "ResponseHeaders": {
        "Cache-Control": "no-cache",
        "Content-Length": "0",
        "Date": "Fri, 23 Jul 2021 09:17:58 GMT",
        "Expires": "-1",
        "Pragma": "no-cache",
        "Server": "Microsoft-IIS/10.0",
        "Strict-Transport-Security": "max-age=31536000; includeSubDomains",
        "X-AspNet-Version": "4.0.30319",
        "X-Content-Type-Options": "nosniff",
        "x-ms-client-request-id": "33ed0c966a3bef6fee712bb14b24e6c5",
        "x-ms-correlation-request-id": "c89c73cc-c1dc-4c90-9538-fa3a3af36850",
        "x-ms-keyvault-service-version": "1.5.23.5",
        "x-ms-ratelimit-remaining-subscription-deletes": "14995",
        "x-ms-request-id": "52bf8055-306b-460b-bc6d-08c55d98c237",
        "x-ms-routing-request-id": "SOUTHEASTASIA:20210723T091759Z:c89c73cc-c1dc-4c90-9538-fa3a3af36850",
        "X-Powered-By": "ASP.NET"
      },
      "ResponseBody": []
    },
    {
      "RequestUri": "https://management.azure.com/subscriptions/db1ab6f0-4769-4b27-930e-01e2ef9c123c/resourceGroups/sdktestrg5540/providers/Microsoft.KeyVault/vaults/sdktestvault4530?api-version=2021-04-01-preview",
      "RequestMethod": "DELETE",
      "RequestHeaders": {
        "Accept": "application/json",
        "Authorization": "Sanitized",
        "User-Agent": [
          "azsdk-net-ResourceManager.Core/1.0.0-alpha.20210723.1",
          "(.NET 5.0.8; Microsoft Windows 10.0.19043)"
        ],
        "x-ms-client-request-id": "27aa7e8edfe641a9fa6a1b9456c2effa",
        "x-ms-return-client-request-id": "true"
      },
      "RequestBody": null,
      "StatusCode": 200,
      "ResponseHeaders": {
        "Cache-Control": "no-cache",
        "Content-Length": "0",
        "Date": "Fri, 23 Jul 2021 09:18:02 GMT",
        "Expires": "-1",
        "Pragma": "no-cache",
        "Server": "Microsoft-IIS/10.0",
        "Strict-Transport-Security": "max-age=31536000; includeSubDomains",
        "X-AspNet-Version": "4.0.30319",
        "X-Content-Type-Options": "nosniff",
        "x-ms-client-request-id": "27aa7e8edfe641a9fa6a1b9456c2effa",
        "x-ms-correlation-request-id": "83483112-d969-4bfb-90b4-c5be5faeffe8",
        "x-ms-keyvault-service-version": "1.5.23.5",
        "x-ms-ratelimit-remaining-subscription-deletes": "14994",
        "x-ms-request-id": "8919890b-3907-4f27-bee4-363f60ab7ac2",
        "x-ms-routing-request-id": "SOUTHEASTASIA:20210723T091803Z:83483112-d969-4bfb-90b4-c5be5faeffe8",
        "X-Powered-By": "ASP.NET"
      },
      "ResponseBody": []
    },
    {
      "RequestUri": "https://management.azure.com/subscriptions/db1ab6f0-4769-4b27-930e-01e2ef9c123c/resourceGroups/sdktestrg5540/providers/Microsoft.KeyVault/vaults/sdktestvault1811?api-version=2021-04-01-preview",
      "RequestMethod": "DELETE",
      "RequestHeaders": {
        "Accept": "application/json",
        "Authorization": "Sanitized",
        "User-Agent": [
          "azsdk-net-ResourceManager.Core/1.0.0-alpha.20210723.1",
          "(.NET 5.0.8; Microsoft Windows 10.0.19043)"
        ],
        "x-ms-client-request-id": "585c530776b1325eb14c1d5b507148c9",
        "x-ms-return-client-request-id": "true"
      },
      "RequestBody": null,
      "StatusCode": 200,
      "ResponseHeaders": {
        "Cache-Control": "no-cache",
        "Content-Length": "0",
        "Date": "Fri, 23 Jul 2021 09:18:07 GMT",
        "Expires": "-1",
        "Pragma": "no-cache",
        "Server": "Microsoft-IIS/10.0",
        "Strict-Transport-Security": "max-age=31536000; includeSubDomains",
        "X-AspNet-Version": "4.0.30319",
        "X-Content-Type-Options": "nosniff",
        "x-ms-client-request-id": "585c530776b1325eb14c1d5b507148c9",
        "x-ms-correlation-request-id": "c181e17a-6087-45f2-8efc-581ecdd229d1",
        "x-ms-keyvault-service-version": "1.5.23.5",
        "x-ms-ratelimit-remaining-subscription-deletes": "14993",
        "x-ms-request-id": "7a1c081c-3440-48c7-a9dc-7491ff388191",
        "x-ms-routing-request-id": "SOUTHEASTASIA:20210723T091808Z:c181e17a-6087-45f2-8efc-581ecdd229d1",
        "X-Powered-By": "ASP.NET"
      },
      "ResponseBody": []
    }
  ],
  "Variables": {
    "CLIENT_ID": "8e6d47e0-7969-4fde-a62c-4fea4f165e98",
    "ObjectId": "7bee3764-dbea-4729-9c33-446f321aa721",
    "RandomSeed": "1949756256",
    "SUBSCRIPTION_ID": "db1ab6f0-4769-4b27-930e-01e2ef9c123c",
    "TENANT_ID": "72f988bf-86f1-41af-91ab-2d7cd011db47"
  }
}