{
  "Entries": [
    {
      "RequestUri": "https://management.azure.com/subscriptions/0accec26-d6de-4757-8e74-d080f38eaaab?api-version=2019-11-01",
      "RequestMethod": "GET",
      "RequestHeaders": {
        "Accept": "application/json",
        "Authorization": "Sanitized",
        "User-Agent": [
          "azsdk-net-ResourceManager.Core/1.0.0-alpha.20210714.1",
          "(.NET Core 4.6.30015.01; Microsoft Windows 10.0.19043 )"
        ],
        "x-ms-client-request-id": "28fc6e63372677cad082e1cf1acff86c",
        "x-ms-return-client-request-id": "true"
      },
      "RequestBody": null,
      "StatusCode": 200,
      "ResponseHeaders": {
        "Cache-Control": "no-cache",
        "Content-Length": "413",
        "Content-Type": "application/json; charset=utf-8",
        "Date": "Wed, 14 Jul 2021 08:26:27 GMT",
        "Expires": "-1",
        "Pragma": "no-cache",
        "Strict-Transport-Security": "max-age=31536000; includeSubDomains",
        "X-Content-Type-Options": "nosniff",
        "x-ms-correlation-request-id": "a952169c-b80c-4cb1-aa78-7ce6ac153a6d",
        "x-ms-ratelimit-remaining-subscription-reads": "11999",
        "x-ms-request-id": "a952169c-b80c-4cb1-aa78-7ce6ac153a6d",
        "x-ms-routing-request-id": "SOUTHEASTASIA:20210714T082627Z:a952169c-b80c-4cb1-aa78-7ce6ac153a6d"
      },
      "ResponseBody": {
        "id": "/subscriptions/0accec26-d6de-4757-8e74-d080f38eaaab",
        "authorizationSource": "RoleBased",
        "managedByTenants": [],
        "tags": {},
        "subscriptionId": "0accec26-d6de-4757-8e74-d080f38eaaab",
        "tenantId": "72f988bf-86f1-41af-91ab-2d7cd011db47",
        "displayName": "ACR - TEST - China Team",
        "state": "Enabled",
        "subscriptionPolicies": {
          "locationPlacementId": "Internal_2014-09-01",
          "quotaId": "Internal_2014-09-01",
          "spendingLimit": "Off"
        }
      }
    },
    {
      "RequestUri": "https://management.azure.com/subscriptions/0accec26-d6de-4757-8e74-d080f38eaaab/providers/Microsoft.KeyVault?api-version=2019-10-01",
      "RequestMethod": "GET",
      "RequestHeaders": {
        "Accept": "application/json",
        "Authorization": "Sanitized",
        "traceparent": "00-25090dd394c446469cc3ee38f1b2941b-4715097ccde68a4b-00",
        "User-Agent": [
          "azsdk-net-ResourceManager.Resources/1.0.0-preview.2",
          "(.NET Core 4.6.30015.01; Microsoft Windows 10.0.19043 )"
        ],
        "x-ms-client-request-id": "03234b96c1028976a170a77004696688",
        "x-ms-return-client-request-id": "true"
      },
      "RequestBody": null,
      "StatusCode": 200,
      "ResponseHeaders": {
        "Cache-Control": "no-cache",
        "Content-Length": "13083",
        "Content-Type": "application/json; charset=utf-8",
        "Date": "Wed, 14 Jul 2021 08:26:28 GMT",
        "Expires": "-1",
        "Pragma": "no-cache",
        "Strict-Transport-Security": "max-age=31536000; includeSubDomains",
        "X-Content-Type-Options": "nosniff",
        "x-ms-correlation-request-id": "b7576573-c185-4467-a187-6b7fa4a0dd7a",
        "x-ms-ratelimit-remaining-subscription-reads": "11998",
        "x-ms-request-id": "b7576573-c185-4467-a187-6b7fa4a0dd7a",
        "x-ms-routing-request-id": "SOUTHEASTASIA:20210714T082628Z:b7576573-c185-4467-a187-6b7fa4a0dd7a"
      },
      "ResponseBody": {
        "id": "/subscriptions/0accec26-d6de-4757-8e74-d080f38eaaab/providers/Microsoft.KeyVault",
        "namespace": "Microsoft.KeyVault",
        "authorizations": [
          {
            "applicationId": "cfa8b339-82a2-471a-a3c9-0fc0be7a4093",
            "roleDefinitionId": "1cf9858a-28a2-4228-abba-94e606305b95"
          },
          {
            "applicationId": "589d5083-6f11-4d30-a62a-a4b316a14abf"
          }
        ],
        "resourceTypes": [
          {
            "resourceType": "vaults",
            "locations": [
              "North Central US",
              "East US",
              "North Europe",
              "West Europe",
              "East Asia",
              "Southeast Asia",
              "East US 2",
              "Central US",
              "South Central US",
              "West US",
              "Japan East",
              "Japan West",
              "Australia East",
              "Australia Southeast",
              "Brazil South",
              "Central India",
              "South India",
              "West India",
              "Canada Central",
              "Canada East",
              "UK South",
              "UK West",
              "West Central US",
              "West US 2",
              "Korea Central",
              "Korea South",
              "France Central",
              "Australia Central",
              "UAE North",
              "South Africa North",
              "Switzerland North",
              "Germany West Central",
              "Norway East",
              "Jio India West",
              "East US 2 EUAP",
              "Central US EUAP",
              "UAE Central",
              "South Africa West",
              "Switzerland West",
              "Germany North",
              "Norway West",
              "Brazil Southeast",
              "West US 3",
              "Jio India Central",
              "Sweden Central",
              "Sweden South"
            ],
            "apiVersions": [
              "2021-04-01-preview",
              "2020-04-01-preview",
              "2019-09-01",
              "2018-02-14-preview",
              "2018-02-14",
              "2016-10-01",
              "2015-06-01"
            ],
            "defaultApiVersion": "2019-09-01",
            "apiProfiles": [
              {
                "profileVersion": "2019-03-01-hybrid",
                "apiVersion": "2016-10-01"
              },
              {
                "profileVersion": "2018-03-01-hybrid",
                "apiVersion": "2016-10-01"
              },
              {
                "profileVersion": "2018-06-01-profile",
                "apiVersion": "2016-10-01"
              }
            ],
            "capabilities": "CrossResourceGroupResourceMove, CrossSubscriptionResourceMove, SupportsTags, SupportsLocation"
          },
          {
            "resourceType": "vaults/secrets",
            "locations": [
              "North Central US",
              "East US",
              "North Europe",
              "West Europe",
              "East Asia",
              "Southeast Asia",
              "East US 2",
              "Central US",
              "South Central US",
              "West US",
              "Japan East",
              "Japan West",
              "Australia East",
              "Australia Southeast",
              "Brazil South",
              "Central India",
              "South India",
              "West India",
              "Canada Central",
              "Canada East",
              "UK South",
              "UK West",
              "West Central US",
              "West US 2",
              "Korea Central",
              "Korea South",
              "France Central",
              "Australia Central",
              "UAE North",
              "South Africa North",
              "Switzerland North",
              "Germany West Central",
              "Norway East",
              "Jio India West",
              "East US 2 EUAP",
              "Central US EUAP",
              "UAE Central",
              "South Africa West",
              "Switzerland West",
              "Germany North",
              "Norway West",
              "Brazil Southeast",
              "West US 3",
              "Jio India Central",
              "Sweden Central",
              "Sweden South"
            ],
            "apiVersions": [
              "2021-04-01-preview",
              "2020-04-01-preview",
              "2019-09-01",
              "2018-02-14-preview",
              "2018-02-14",
              "2016-10-01",
              "2015-06-01"
            ],
            "defaultApiVersion": "2019-09-01",
            "apiProfiles": [
              {
                "profileVersion": "2019-03-01-hybrid",
                "apiVersion": "2016-10-01"
              },
              {
                "profileVersion": "2018-03-01-hybrid",
                "apiVersion": "2016-10-01"
              },
              {
                "profileVersion": "2018-06-01-profile",
                "apiVersion": "2016-10-01"
              }
            ],
            "capabilities": "None"
          },
          {
            "resourceType": "vaults/accessPolicies",
            "locations": [
              "North Central US",
              "East US",
              "North Europe",
              "West Europe",
              "East Asia",
              "Southeast Asia",
              "East US 2",
              "Central US",
              "South Central US",
              "West US",
              "Japan East",
              "Japan West",
              "Australia East",
              "Australia Southeast",
              "Brazil South",
              "Central India",
              "South India",
              "West India",
              "Canada Central",
              "Canada East",
              "UK South",
              "UK West",
              "West Central US",
              "West US 2",
              "Korea Central",
              "Korea South",
              "France Central",
              "Australia Central",
              "UAE North",
              "South Africa North",
              "Switzerland North",
              "Germany West Central",
              "Norway East",
              "Jio India West",
              "East US 2 EUAP",
              "Central US EUAP",
              "UAE Central",
              "South Africa West",
              "Switzerland West",
              "Germany North",
              "Norway West",
              "Brazil Southeast",
              "West US 3",
              "Jio India Central",
              "Sweden Central",
              "Sweden South"
            ],
            "apiVersions": [
              "2021-04-01-preview",
              "2020-04-01-preview",
              "2019-09-01",
              "2018-02-14-preview",
              "2018-02-14",
              "2016-10-01",
              "2015-06-01"
            ],
            "defaultApiVersion": "2019-09-01",
            "apiProfiles": [
              {
                "profileVersion": "2019-03-01-hybrid",
                "apiVersion": "2016-10-01"
              },
              {
                "profileVersion": "2018-03-01-hybrid",
                "apiVersion": "2016-10-01"
              },
              {
                "profileVersion": "2018-06-01-profile",
                "apiVersion": "2016-10-01"
              }
            ],
            "capabilities": "None"
          },
          {
            "resourceType": "operations",
            "locations": [],
            "apiVersions": [
              "2021-04-01-preview",
              "2020-04-01-preview",
              "2019-09-01",
              "2018-02-14-preview",
              "2018-02-14",
              "2016-10-01",
              "2015-06-01",
              "2014-12-19-preview"
            ],
            "defaultApiVersion": "2019-09-01",
            "apiProfiles": [
              {
                "profileVersion": "2019-03-01-hybrid",
                "apiVersion": "2016-10-01"
              },
              {
                "profileVersion": "2018-03-01-hybrid",
                "apiVersion": "2016-10-01"
              },
              {
                "profileVersion": "2018-06-01-profile",
                "apiVersion": "2016-10-01"
              }
            ],
            "capabilities": "None"
          },
          {
            "resourceType": "checkNameAvailability",
            "locations": [],
            "apiVersions": [
              "2021-04-01-preview",
              "2020-04-01-preview",
              "2019-09-01",
              "2018-02-14-preview",
              "2018-02-14",
              "2016-10-01",
              "2015-06-01"
            ],
            "defaultApiVersion": "2019-09-01",
            "apiProfiles": [
              {
                "profileVersion": "2018-06-01-profile",
                "apiVersion": "2016-10-01"
              }
            ],
            "capabilities": "None"
          },
          {
            "resourceType": "deletedVaults",
            "locations": [
              "North Central US",
              "East US",
              "North Europe",
              "West Europe",
              "East Asia",
              "Southeast Asia",
              "East US 2",
              "Central US",
              "South Central US",
              "West US",
              "Japan East",
              "Japan West",
              "Australia East",
              "Australia Southeast",
              "Brazil South",
              "Central India",
              "South India",
              "West India",
              "Canada Central",
              "Canada East",
              "UK South",
              "UK West",
              "West Central US",
              "West US 2",
              "Korea Central",
              "Korea South",
              "France Central",
              "Australia Central",
              "UAE North",
              "South Africa North",
              "Switzerland North",
              "Germany West Central",
              "Norway East",
              "Jio India West",
              "East US 2 EUAP",
              "Central US EUAP",
              "UAE Central",
              "South Africa West",
              "Switzerland West",
              "Germany North",
              "Norway West",
              "Brazil Southeast",
              "West US 3",
              "Jio India Central",
              "Sweden Central",
              "Sweden South"
            ],
            "apiVersions": [
              "2021-04-01-preview",
              "2020-04-01-preview",
              "2019-09-01",
              "2018-02-14-preview",
              "2018-02-14",
              "2016-10-01"
            ],
            "defaultApiVersion": "2019-09-01",
            "apiProfiles": [
              {
                "profileVersion": "2018-06-01-profile",
                "apiVersion": "2016-10-01"
              }
            ],
            "capabilities": "None"
          },
          {
            "resourceType": "locations",
            "locations": [],
            "apiVersions": [
              "2021-04-01-preview",
              "2020-04-01-preview",
              "2019-09-01",
              "2018-02-14-preview",
              "2018-02-14",
              "2016-10-01"
            ],
            "defaultApiVersion": "2019-09-01",
            "apiProfiles": [
              {
                "profileVersion": "2018-06-01-profile",
                "apiVersion": "2016-10-01"
              }
            ],
            "capabilities": "None"
          },
          {
            "resourceType": "locations/deletedVaults",
            "locations": [
              "North Central US",
              "East US",
              "North Europe",
              "West Europe",
              "East Asia",
              "Southeast Asia",
              "East US 2",
              "Central US",
              "South Central US",
              "West US",
              "Japan East",
              "Japan West",
              "Australia East",
              "Australia Southeast",
              "Brazil South",
              "Central India",
              "South India",
              "West India",
              "Canada Central",
              "Canada East",
              "UK South",
              "UK West",
              "West Central US",
              "West US 2",
              "Korea Central",
              "Korea South",
              "France Central",
              "Australia Central",
              "UAE North",
              "South Africa North",
              "Switzerland North",
              "Germany West Central",
              "Norway East",
              "Jio India West",
              "East US 2 EUAP",
              "Central US EUAP",
              "UAE Central",
              "South Africa West",
              "Switzerland West",
              "Germany North",
              "Norway West",
              "Brazil Southeast",
              "West US 3",
              "Jio India Central",
              "Sweden Central",
              "Sweden South"
            ],
            "apiVersions": [
              "2021-04-01-preview",
              "2020-04-01-preview",
              "2019-09-01",
              "2018-02-14-preview",
              "2018-02-14",
              "2016-10-01"
            ],
            "defaultApiVersion": "2019-09-01",
            "apiProfiles": [
              {
                "profileVersion": "2018-06-01-profile",
                "apiVersion": "2016-10-01"
              }
            ],
            "capabilities": "None"
          },
          {
            "resourceType": "locations/deleteVirtualNetworkOrSubnets",
            "locations": [
              "East US",
              "North Central US",
              "West Europe",
              "North Europe",
              "East Asia",
              "Southeast Asia",
              "East US 2",
              "Central US",
              "South Central US",
              "West Central US",
              "West US 2",
              "West US",
              "Japan East",
              "Japan West",
              "Australia East",
              "Australia Southeast",
              "Australia Central",
              "Brazil South",
              "Central India",
              "South India",
              "West India",
              "Canada Central",
              "Canada East",
              "UK South",
              "UK West",
              "Korea Central",
              "Korea South",
              "France Central",
              "UAE North",
              "South Africa North",
              "Switzerland North",
              "Germany West Central",
              "Norway East",
              "Jio India West",
              "Central US EUAP",
              "East US 2 EUAP",
              "UAE Central",
              "South Africa West",
              "Switzerland West",
              "Germany North",
              "Norway West",
              "Brazil Southeast",
              "West US 3",
              "Jio India Central",
              "Sweden Central",
              "Sweden South"
            ],
            "apiVersions": [
              "2021-04-01-preview",
              "2020-04-01-preview",
              "2019-09-01",
              "2018-02-14-preview",
              "2018-02-14",
              "2016-10-01"
            ],
            "defaultApiVersion": "2019-09-01",
            "capabilities": "None"
          },
          {
            "resourceType": "locations/operationResults",
            "locations": [
              "North Central US",
              "East US",
              "North Europe",
              "West Europe",
              "East Asia",
              "Southeast Asia",
              "East US 2",
              "Central US",
              "South Central US",
              "West US",
              "Japan East",
              "Japan West",
              "Australia East",
              "Australia Southeast",
              "Brazil South",
              "Central India",
              "South India",
              "West India",
              "Canada Central",
              "Canada East",
              "UK South",
              "UK West",
              "West Central US",
              "West US 2",
              "Korea Central",
              "Korea South",
              "France Central",
              "Australia Central",
              "UAE North",
              "South Africa North",
              "Switzerland North",
              "Germany West Central",
              "Norway East",
              "Jio India West",
              "East US 2 EUAP",
              "Central US EUAP",
              "UAE Central",
              "South Africa West",
              "Switzerland West",
              "Germany North",
              "Norway West",
              "Brazil Southeast",
              "West US 3",
              "Jio India Central",
              "Sweden Central",
              "Sweden South"
            ],
            "apiVersions": [
              "2021-04-01-preview",
              "2020-04-01-preview",
              "2019-09-01",
              "2018-02-14-preview",
              "2018-02-14",
              "2016-10-01"
            ],
            "defaultApiVersion": "2019-09-01",
            "apiProfiles": [
              {
                "profileVersion": "2018-06-01-profile",
                "apiVersion": "2016-10-01"
              }
            ],
            "capabilities": "None"
          },
          {
            "resourceType": "vaults/eventGridFilters",
            "locations": [
              "North Central US",
              "East US",
              "North Europe",
              "West Europe",
              "East Asia",
              "Southeast Asia",
              "East US 2",
              "Central US",
              "South Central US",
              "West US",
              "Japan East",
              "Japan West",
              "Australia East",
              "Australia Southeast",
              "Brazil South",
              "Central India",
              "South India",
              "West India",
              "Canada Central",
              "Canada East",
              "UK South",
              "UK West",
              "West Central US",
              "West US 2",
              "Korea Central",
              "Korea South",
              "France Central",
              "Australia Central",
              "UAE North",
              "South Africa North",
              "Switzerland North",
              "Germany West Central",
              "Norway East",
              "Jio India West",
              "East US 2 EUAP",
              "Central US EUAP",
              "UAE Central",
              "South Africa West",
              "Switzerland West",
              "Germany North",
              "Norway West",
              "Brazil Southeast",
              "West US 3",
              "Jio India Central",
              "Sweden Central",
              "Sweden South"
            ],
            "apiVersions": [
              "2021-04-01-preview",
              "2020-04-01-preview",
              "2019-09-01",
              "2018-02-14-preview",
              "2018-02-14"
            ],
            "defaultApiVersion": "2019-09-01",
            "capabilities": "None"
          },
          {
            "resourceType": "managedHSMs",
            "locations": [
              "East US 2",
              "South Central US",
              "North Europe",
              "West Europe",
              "Canada Central",
              "Central US",
              "Switzerland North",
              "South Africa North",
              "UK South",
              "SouthEast Asia",
              "East Asia",
              "Korea Central",
              "Australia Central",
              "West US",
              "East US"
            ],
            "apiVersions": [
              "2021-04-01-preview",
              "2020-04-01-preview"
            ],
            "defaultApiVersion": "2020-04-01-preview",
            "capabilities": "CrossResourceGroupResourceMove, CrossSubscriptionResourceMove, SupportsTags, SupportsLocation"
          },
          {
            "resourceType": "deletedManagedHSMs",
            "locations": [
              "East US 2",
              "South Central US",
              "North Europe",
              "West Europe",
              "Canada Central",
              "Central US",
              "Switzerland North",
              "South Africa North",
              "UK South",
              "SouthEast Asia",
              "East Asia",
              "Korea Central",
              "Australia Central",
              "West US",
              "East US"
            ],
            "apiVersions": [
              "2021-04-01-preview"
            ],
            "defaultApiVersion": "2021-04-01-preview",
            "capabilities": "None"
          },
          {
            "resourceType": "locations/deletedManagedHSMs",
            "locations": [
              "East US 2",
              "South Central US",
              "North Europe",
              "West Europe",
              "Canada Central",
              "Central US",
              "Switzerland North",
              "South Africa North",
              "UK South",
              "SouthEast Asia",
              "East Asia",
              "Korea Central",
              "Australia Central",
              "West US",
              "East US"
            ],
            "apiVersions": [
              "2021-04-01-preview"
            ],
            "capabilities": "None"
          },
          {
            "resourceType": "vaults/keys",
            "locations": [
              "North Central US",
              "East US",
              "North Europe",
              "West Europe",
              "East Asia",
              "Southeast Asia",
              "East US 2",
              "Central US",
              "South Central US",
              "West US",
              "Japan East",
              "Japan West",
              "Australia East",
              "Australia Southeast",
              "Brazil South",
              "Central India",
              "South India",
              "West India",
              "Canada Central",
              "Canada East",
              "UK South",
              "UK West",
              "West Central US",
              "West US 2",
              "Korea Central",
              "Korea South",
              "France Central",
              "Australia Central",
              "UAE North",
              "South Africa North",
              "Switzerland North",
              "Germany West Central",
              "Norway East",
              "Jio India West",
              "East US 2 EUAP",
              "Central US EUAP",
              "UAE Central",
              "South Africa West",
              "Switzerland West",
              "Germany North",
              "Norway West",
              "Brazil Southeast",
              "West US 3",
              "Jio India Central",
              "Sweden Central",
              "Sweden South"
            ],
            "apiVersions": [
              "2021-04-01-preview",
              "2020-04-01-preview",
              "2019-09-01"
            ],
            "defaultApiVersion": "2019-09-01",
            "capabilities": "None"
          },
          {
            "resourceType": "vaults/keys/versions",
            "locations": [
              "North Central US",
              "East US",
              "North Europe",
              "West Europe",
              "East Asia",
              "Southeast Asia",
              "East US 2",
              "Central US",
              "South Central US",
              "West US",
              "Japan East",
              "Japan West",
              "Australia East",
              "Australia Southeast",
              "Brazil South",
              "Central India",
              "South India",
              "West India",
              "Canada Central",
              "Canada East",
              "UK South",
              "UK West",
              "West Central US",
              "West US 2",
              "Korea Central",
              "Korea South",
              "France Central",
              "Australia Central",
              "UAE North",
              "South Africa North",
              "Switzerland North",
              "Germany West Central",
              "Norway East",
              "Jio India West",
              "East US 2 EUAP",
              "Central US EUAP",
              "UAE Central",
              "South Africa West",
              "Switzerland West",
              "Germany North",
              "Norway West",
              "Brazil Southeast",
              "West US 3",
              "Jio India Central",
              "Sweden Central",
              "Sweden South"
            ],
            "apiVersions": [
              "2021-04-01-preview",
              "2020-04-01-preview",
              "2019-09-01"
            ],
            "defaultApiVersion": "2019-09-01",
            "capabilities": "None"
          }
        ],
        "registrationState": "Registered",
        "registrationPolicy": "RegistrationRequired"
      }
    },
    {
      "RequestUri": "https://management.azure.com/subscriptions/0accec26-d6de-4757-8e74-d080f38eaaab/resourcegroups/sdktestrg5540?api-version=2019-10-01",
      "RequestMethod": "PUT",
      "RequestHeaders": {
        "Accept": "application/json",
        "Authorization": "Sanitized",
        "Content-Length": "39",
        "Content-Type": "application/json",
        "traceparent": "00-50e6a387906f774ba5ce2c4a7a08870d-902210765592604b-00",
        "User-Agent": [
          "azsdk-net-ResourceManager.Core/1.0.0-alpha.20210714.1",
          "(.NET Core 4.6.30015.01; Microsoft Windows 10.0.19043 )"
        ],
        "x-ms-client-request-id": "f2bebfd2057c77b6fc4f636c4dbc631d",
        "x-ms-return-client-request-id": "true"
      },
      "RequestBody": {
        "location": "northcentralus",
        "tags": {}
      },
      "StatusCode": 201,
      "ResponseHeaders": {
        "Cache-Control": "no-cache",
        "Content-Length": "241",
        "Content-Type": "application/json; charset=utf-8",
        "Date": "Wed, 14 Jul 2021 08:26:31 GMT",
        "Expires": "-1",
        "Pragma": "no-cache",
        "Strict-Transport-Security": "max-age=31536000; includeSubDomains",
        "X-Content-Type-Options": "nosniff",
        "x-ms-correlation-request-id": "cd0a6487-f4f4-44a9-9d74-39d8ffff53ec",
        "x-ms-ratelimit-remaining-subscription-writes": "1199",
        "x-ms-request-id": "cd0a6487-f4f4-44a9-9d74-39d8ffff53ec",
        "x-ms-routing-request-id": "SOUTHEASTASIA:20210714T082632Z:cd0a6487-f4f4-44a9-9d74-39d8ffff53ec"
      },
      "ResponseBody": {
        "id": "/subscriptions/0accec26-d6de-4757-8e74-d080f38eaaab/resourceGroups/sdktestrg5540",
        "name": "sdktestrg5540",
        "type": "Microsoft.Resources/resourceGroups",
        "location": "northcentralus",
        "tags": {},
        "properties": {
          "provisioningState": "Succeeded"
        }
      }
    },
    {
      "RequestUri": "https://management.azure.com/subscriptions/0accec26-d6de-4757-8e74-d080f38eaaab/resourceGroups/sdktestrg5540/providers/Microsoft.KeyVault/vaults/sdktestvault3542?api-version=2021-04-01-preview",
      "RequestMethod": "PUT",
      "RequestHeaders": {
        "Accept": "application/json",
        "Authorization": "Sanitized",
        "Content-Length": "636",
        "Content-Type": "application/json",
        "User-Agent": [
          "azsdk-net-ResourceManager.Core/1.0.0-alpha.20210714.1",
          "(.NET Core 4.6.30015.01; Microsoft Windows 10.0.19043 )"
        ],
        "x-ms-client-request-id": "4a702c06f7a18772b58f5972671c58fd",
        "x-ms-return-client-request-id": "true"
      },
      "RequestBody": {
        "location": "North Central US",
        "tags": {
          "tag1": "value1",
          "tag2": "value2",
          "tag3": "value3"
        },
        "properties": {
          "tenantId": "72f988bf-86f1-41af-91ab-2d7cd011db47",
          "sku": {
            "name": "standard",
            "family": "A"
          },
          "accessPolicies": [
            {
              "tenantId": "72f988bf-86f1-41af-91ab-2d7cd011db47",
              "objectId": "7bee3764-dbea-4729-9c33-446f321aa721",
              "permissions": {
                "keys": [
                  "all"
                ],
                "secrets": [
                  "all"
                ],
                "certificates": [
                  "all"
                ],
                "storage": [
                  "all"
                ]
              }
            }
          ],
          "vaultUri": "",
          "enabledForDeployment": true,
          "enabledForDiskEncryption": true,
          "enabledForTemplateDeployment": true,
          "networkAcls": {
            "bypass": "AzureServices",
            "defaultAction": "Allow",
            "ipRules": [
              {
                "value": "1.2.3.4/32"
              },
              {
                "value": "1.0.0.0/25"
              }
            ]
          }
        }
      },
      "StatusCode": 200,
      "ResponseHeaders": {
        "Cache-Control": "no-cache",
        "Content-Length": "1234",
        "Content-Type": "application/json; charset=utf-8",
        "Date": "Wed, 14 Jul 2021 08:26:42 GMT",
        "Expires": "-1",
        "Pragma": "no-cache",
        "Server": "Microsoft-IIS/10.0",
        "Strict-Transport-Security": "max-age=31536000; includeSubDomains",
        "X-AspNet-Version": "4.0.30319",
        "X-Content-Type-Options": "nosniff",
        "x-ms-client-request-id": "4a702c06f7a18772b58f5972671c58fd",
        "x-ms-correlation-request-id": "12ac3b5d-9403-4bc8-a2e7-11bcac0565b7",
        "x-ms-keyvault-service-version": "1.5.23.5",
        "x-ms-ratelimit-remaining-subscription-writes": "1198",
        "x-ms-request-id": "47204d2d-1316-4220-ba47-21239f6e05ea",
        "x-ms-routing-request-id": "SOUTHEASTASIA:20210714T082643Z:12ac3b5d-9403-4bc8-a2e7-11bcac0565b7",
        "X-Powered-By": "ASP.NET"
      },
      "ResponseBody": {
        "id": "/subscriptions/0accec26-d6de-4757-8e74-d080f38eaaab/resourceGroups/sdktestrg5540/providers/Microsoft.KeyVault/vaults/sdktestvault3542",
        "name": "sdktestvault3542",
        "type": "Microsoft.KeyVault/vaults",
        "location": "North Central US",
        "tags": {
          "tag1": "value1",
          "tag2": "value2",
          "tag3": "value3"
        },
        "systemData": {
          "createdBy": "8e6d47e0-7969-4fde-a62c-4fea4f165e98",
          "createdByType": "Application",
          "createdAt": "1970-01-19T19:44:11.199Z",
          "lastModifiedBy": "8e6d47e0-7969-4fde-a62c-4fea4f165e98",
          "lastModifiedByType": "Application",
          "lastModifiedAt": "1970-01-19T19:44:11.199Z"
        },
        "properties": {
          "sku": {
            "family": "A",
            "name": "standard"
          },
          "tenantId": "72f988bf-86f1-41af-91ab-2d7cd011db47",
          "networkAcls": {
            "bypass": "AzureServices",
            "defaultAction": "Allow",
            "ipRules": [
              {
                "value": "1.2.3.4/32"
              },
              {
                "value": "1.0.0.0/25"
              }
            ],
            "virtualNetworkRules": []
          },
          "accessPolicies": [
            {
              "tenantId": "72f988bf-86f1-41af-91ab-2d7cd011db47",
              "objectId": "7bee3764-dbea-4729-9c33-446f321aa721",
              "permissions": {
                "keys": [
                  "all"
                ],
                "secrets": [
                  "all"
                ],
                "certificates": [
                  "all"
                ],
                "storage": [
                  "all"
                ]
              }
            }
          ],
          "enabledForDeployment": true,
          "enabledForDiskEncryption": true,
          "enabledForTemplateDeployment": true,
          "enableSoftDelete": true,
          "vaultUri": "https://sdktestvault3542.vault.azure.net",
          "provisioningState": "RegisteringDns"
        }
      }
    },
    {
      "RequestUri": "https://management.azure.com/subscriptions/0accec26-d6de-4757-8e74-d080f38eaaab/resourceGroups/sdktestrg5540/providers/Microsoft.KeyVault/vaults/sdktestvault3542?api-version=2021-04-01-preview",
      "RequestMethod": "GET",
      "RequestHeaders": {
        "Authorization": "Sanitized",
        "User-Agent": [
          "azsdk-net-ResourceManager.Core/1.0.0-alpha.20210714.1",
          "(.NET Core 4.6.30015.01; Microsoft Windows 10.0.19043 )"
        ],
        "x-ms-client-request-id": "5c5f32428760c61d80f54f271d89e747",
        "x-ms-return-client-request-id": "true"
      },
      "RequestBody": null,
      "StatusCode": 200,
      "ResponseHeaders": {
        "Cache-Control": "no-cache",
        "Content-Length": "1235",
        "Content-Type": "application/json; charset=utf-8",
        "Date": "Wed, 14 Jul 2021 08:26:44 GMT",
        "Expires": "-1",
        "Pragma": "no-cache",
        "Server": "Microsoft-IIS/10.0",
        "Strict-Transport-Security": "max-age=31536000; includeSubDomains",
        "X-AspNet-Version": "4.0.30319",
        "X-Content-Type-Options": "nosniff",
        "x-ms-client-request-id": "5c5f32428760c61d80f54f271d89e747",
        "x-ms-correlation-request-id": "35801d42-0982-4a7a-98de-9dbe9418d7a6",
        "x-ms-keyvault-service-version": "1.5.23.5",
        "x-ms-ratelimit-remaining-subscription-reads": "11997",
        "x-ms-request-id": "4c17635e-5236-423a-9d6a-9590a7842ca2",
        "x-ms-routing-request-id": "SOUTHEASTASIA:20210714T082644Z:35801d42-0982-4a7a-98de-9dbe9418d7a6",
        "X-Powered-By": "ASP.NET"
      },
      "ResponseBody": {
        "id": "/subscriptions/0accec26-d6de-4757-8e74-d080f38eaaab/resourceGroups/sdktestrg5540/providers/Microsoft.KeyVault/vaults/sdktestvault3542",
        "name": "sdktestvault3542",
        "type": "Microsoft.KeyVault/vaults",
        "location": "North Central US",
        "tags": {
          "tag1": "value1",
          "tag2": "value2",
          "tag3": "value3"
        },
        "systemData": {
          "createdBy": "8e6d47e0-7969-4fde-a62c-4fea4f165e98",
          "createdByType": "Application",
          "createdAt": "1970-01-19T19:44:11.199Z",
          "lastModifiedBy": "8e6d47e0-7969-4fde-a62c-4fea4f165e98",
          "lastModifiedByType": "Application",
          "lastModifiedAt": "1970-01-19T19:44:11.199Z"
        },
        "properties": {
          "sku": {
            "family": "A",
            "name": "standard"
          },
          "tenantId": "72f988bf-86f1-41af-91ab-2d7cd011db47",
          "networkAcls": {
            "bypass": "AzureServices",
            "defaultAction": "Allow",
            "ipRules": [
              {
                "value": "1.2.3.4/32"
              },
              {
                "value": "1.0.0.0/25"
              }
            ],
            "virtualNetworkRules": []
          },
          "accessPolicies": [
            {
              "tenantId": "72f988bf-86f1-41af-91ab-2d7cd011db47",
              "objectId": "7bee3764-dbea-4729-9c33-446f321aa721",
              "permissions": {
                "keys": [
                  "all"
                ],
                "secrets": [
                  "all"
                ],
                "certificates": [
                  "all"
                ],
                "storage": [
                  "all"
                ]
              }
            }
          ],
          "enabledForDeployment": true,
          "enabledForDiskEncryption": true,
          "enabledForTemplateDeployment": true,
          "enableSoftDelete": true,
          "vaultUri": "https://sdktestvault3542.vault.azure.net/",
          "provisioningState": "RegisteringDns"
        }
      }
    },
    {
      "RequestUri": "https://management.azure.com/subscriptions/0accec26-d6de-4757-8e74-d080f38eaaab/resourceGroups/sdktestrg5540/providers/Microsoft.KeyVault/vaults/sdktestvault3542?api-version=2021-04-01-preview",
      "RequestMethod": "GET",
      "RequestHeaders": {
        "Authorization": "Sanitized",
        "User-Agent": [
          "azsdk-net-ResourceManager.Core/1.0.0-alpha.20210714.1",
          "(.NET Core 4.6.30015.01; Microsoft Windows 10.0.19043 )"
        ],
        "x-ms-client-request-id": "5374501448e4c01cbfe4432fe5553301",
        "x-ms-return-client-request-id": "true"
      },
      "RequestBody": null,
      "StatusCode": 200,
      "ResponseHeaders": {
        "Cache-Control": "no-cache",
        "Content-Length": "1235",
        "Content-Type": "application/json; charset=utf-8",
        "Date": "Wed, 14 Jul 2021 08:26:45 GMT",
        "Expires": "-1",
        "Pragma": "no-cache",
        "Server": "Microsoft-IIS/10.0",
        "Strict-Transport-Security": "max-age=31536000; includeSubDomains",
        "X-AspNet-Version": "4.0.30319",
        "X-Content-Type-Options": "nosniff",
        "x-ms-client-request-id": "5374501448e4c01cbfe4432fe5553301",
        "x-ms-correlation-request-id": "0d62d0a5-2e10-49ae-85f6-ea44c13c8bbb",
        "x-ms-keyvault-service-version": "1.5.23.5",
        "x-ms-ratelimit-remaining-subscription-reads": "11996",
        "x-ms-request-id": "ee2178ca-2c8c-495a-81ea-33b7cc59c796",
        "x-ms-routing-request-id": "SOUTHEASTASIA:20210714T082645Z:0d62d0a5-2e10-49ae-85f6-ea44c13c8bbb",
        "X-Powered-By": "ASP.NET"
      },
      "ResponseBody": {
        "id": "/subscriptions/0accec26-d6de-4757-8e74-d080f38eaaab/resourceGroups/sdktestrg5540/providers/Microsoft.KeyVault/vaults/sdktestvault3542",
        "name": "sdktestvault3542",
        "type": "Microsoft.KeyVault/vaults",
        "location": "North Central US",
        "tags": {
          "tag1": "value1",
          "tag2": "value2",
          "tag3": "value3"
        },
        "systemData": {
          "createdBy": "8e6d47e0-7969-4fde-a62c-4fea4f165e98",
          "createdByType": "Application",
          "createdAt": "1970-01-19T19:44:11.199Z",
          "lastModifiedBy": "8e6d47e0-7969-4fde-a62c-4fea4f165e98",
          "lastModifiedByType": "Application",
          "lastModifiedAt": "1970-01-19T19:44:11.199Z"
        },
        "properties": {
          "sku": {
            "family": "A",
            "name": "standard"
          },
          "tenantId": "72f988bf-86f1-41af-91ab-2d7cd011db47",
          "networkAcls": {
            "bypass": "AzureServices",
            "defaultAction": "Allow",
            "ipRules": [
              {
                "value": "1.2.3.4/32"
              },
              {
                "value": "1.0.0.0/25"
              }
            ],
            "virtualNetworkRules": []
          },
          "accessPolicies": [
            {
              "tenantId": "72f988bf-86f1-41af-91ab-2d7cd011db47",
              "objectId": "7bee3764-dbea-4729-9c33-446f321aa721",
              "permissions": {
                "keys": [
                  "all"
                ],
                "secrets": [
                  "all"
                ],
                "certificates": [
                  "all"
                ],
                "storage": [
                  "all"
                ]
              }
            }
          ],
          "enabledForDeployment": true,
          "enabledForDiskEncryption": true,
          "enabledForTemplateDeployment": true,
          "enableSoftDelete": true,
          "vaultUri": "https://sdktestvault3542.vault.azure.net/",
          "provisioningState": "RegisteringDns"
        }
      }
    },
    {
      "RequestUri": "https://management.azure.com/subscriptions/0accec26-d6de-4757-8e74-d080f38eaaab/resourceGroups/sdktestrg5540/providers/Microsoft.KeyVault/vaults/sdktestvault3542?api-version=2021-04-01-preview",
      "RequestMethod": "GET",
      "RequestHeaders": {
        "Authorization": "Sanitized",
        "User-Agent": [
          "azsdk-net-ResourceManager.Core/1.0.0-alpha.20210714.1",
          "(.NET Core 4.6.30015.01; Microsoft Windows 10.0.19043 )"
        ],
        "x-ms-client-request-id": "3530074bfcbcc09cf272f925f7466e7d",
        "x-ms-return-client-request-id": "true"
      },
      "RequestBody": null,
      "StatusCode": 200,
      "ResponseHeaders": {
        "Cache-Control": "no-cache",
        "Content-Length": "1235",
        "Content-Type": "application/json; charset=utf-8",
        "Date": "Wed, 14 Jul 2021 08:26:46 GMT",
        "Expires": "-1",
        "Pragma": "no-cache",
        "Server": "Microsoft-IIS/10.0",
        "Strict-Transport-Security": "max-age=31536000; includeSubDomains",
        "X-AspNet-Version": "4.0.30319",
        "X-Content-Type-Options": "nosniff",
        "x-ms-client-request-id": "3530074bfcbcc09cf272f925f7466e7d",
        "x-ms-correlation-request-id": "20957c0f-0a30-4408-9608-49a10b447a69",
        "x-ms-keyvault-service-version": "1.5.23.5",
        "x-ms-ratelimit-remaining-subscription-reads": "11995",
        "x-ms-request-id": "3861e66a-570c-4579-8da5-da1e1e481829",
        "x-ms-routing-request-id": "SOUTHEASTASIA:20210714T082647Z:20957c0f-0a30-4408-9608-49a10b447a69",
        "X-Powered-By": "ASP.NET"
      },
      "ResponseBody": {
        "id": "/subscriptions/0accec26-d6de-4757-8e74-d080f38eaaab/resourceGroups/sdktestrg5540/providers/Microsoft.KeyVault/vaults/sdktestvault3542",
        "name": "sdktestvault3542",
        "type": "Microsoft.KeyVault/vaults",
        "location": "North Central US",
        "tags": {
          "tag1": "value1",
          "tag2": "value2",
          "tag3": "value3"
        },
        "systemData": {
          "createdBy": "8e6d47e0-7969-4fde-a62c-4fea4f165e98",
          "createdByType": "Application",
          "createdAt": "1970-01-19T19:44:11.199Z",
          "lastModifiedBy": "8e6d47e0-7969-4fde-a62c-4fea4f165e98",
          "lastModifiedByType": "Application",
          "lastModifiedAt": "1970-01-19T19:44:11.199Z"
        },
        "properties": {
          "sku": {
            "family": "A",
            "name": "standard"
          },
          "tenantId": "72f988bf-86f1-41af-91ab-2d7cd011db47",
          "networkAcls": {
            "bypass": "AzureServices",
            "defaultAction": "Allow",
            "ipRules": [
              {
                "value": "1.2.3.4/32"
              },
              {
                "value": "1.0.0.0/25"
              }
            ],
            "virtualNetworkRules": []
          },
          "accessPolicies": [
            {
              "tenantId": "72f988bf-86f1-41af-91ab-2d7cd011db47",
              "objectId": "7bee3764-dbea-4729-9c33-446f321aa721",
              "permissions": {
                "keys": [
                  "all"
                ],
                "secrets": [
                  "all"
                ],
                "certificates": [
                  "all"
                ],
                "storage": [
                  "all"
                ]
              }
            }
          ],
          "enabledForDeployment": true,
          "enabledForDiskEncryption": true,
          "enabledForTemplateDeployment": true,
          "enableSoftDelete": true,
          "vaultUri": "https://sdktestvault3542.vault.azure.net/",
          "provisioningState": "RegisteringDns"
        }
      }
    },
    {
      "RequestUri": "https://management.azure.com/subscriptions/0accec26-d6de-4757-8e74-d080f38eaaab/resourceGroups/sdktestrg5540/providers/Microsoft.KeyVault/vaults/sdktestvault3542?api-version=2021-04-01-preview",
      "RequestMethod": "GET",
      "RequestHeaders": {
        "Authorization": "Sanitized",
        "User-Agent": [
          "azsdk-net-ResourceManager.Core/1.0.0-alpha.20210714.1",
          "(.NET Core 4.6.30015.01; Microsoft Windows 10.0.19043 )"
        ],
        "x-ms-client-request-id": "0308cb8aef40f96d159f9c7c44eee12b",
        "x-ms-return-client-request-id": "true"
      },
      "RequestBody": null,
      "StatusCode": 200,
      "ResponseHeaders": {
        "Cache-Control": "no-cache",
        "Content-Length": "1235",
        "Content-Type": "application/json; charset=utf-8",
        "Date": "Wed, 14 Jul 2021 08:26:48 GMT",
        "Expires": "-1",
        "Pragma": "no-cache",
        "Server": "Microsoft-IIS/10.0",
        "Strict-Transport-Security": "max-age=31536000; includeSubDomains",
        "X-AspNet-Version": "4.0.30319",
        "X-Content-Type-Options": "nosniff",
        "x-ms-client-request-id": "0308cb8aef40f96d159f9c7c44eee12b",
        "x-ms-correlation-request-id": "48a471c2-c26b-4edb-83b7-576ce14789ca",
        "x-ms-keyvault-service-version": "1.5.23.5",
        "x-ms-ratelimit-remaining-subscription-reads": "11994",
        "x-ms-request-id": "0057d2d8-4f43-41da-bb3f-f0419cca1323",
        "x-ms-routing-request-id": "SOUTHEASTASIA:20210714T082648Z:48a471c2-c26b-4edb-83b7-576ce14789ca",
        "X-Powered-By": "ASP.NET"
      },
      "ResponseBody": {
        "id": "/subscriptions/0accec26-d6de-4757-8e74-d080f38eaaab/resourceGroups/sdktestrg5540/providers/Microsoft.KeyVault/vaults/sdktestvault3542",
        "name": "sdktestvault3542",
        "type": "Microsoft.KeyVault/vaults",
        "location": "North Central US",
        "tags": {
          "tag1": "value1",
          "tag2": "value2",
          "tag3": "value3"
        },
        "systemData": {
          "createdBy": "8e6d47e0-7969-4fde-a62c-4fea4f165e98",
          "createdByType": "Application",
          "createdAt": "1970-01-19T19:44:11.199Z",
          "lastModifiedBy": "8e6d47e0-7969-4fde-a62c-4fea4f165e98",
          "lastModifiedByType": "Application",
          "lastModifiedAt": "1970-01-19T19:44:11.199Z"
        },
        "properties": {
          "sku": {
            "family": "A",
            "name": "standard"
          },
          "tenantId": "72f988bf-86f1-41af-91ab-2d7cd011db47",
          "networkAcls": {
            "bypass": "AzureServices",
            "defaultAction": "Allow",
            "ipRules": [
              {
                "value": "1.2.3.4/32"
              },
              {
                "value": "1.0.0.0/25"
              }
            ],
            "virtualNetworkRules": []
          },
          "accessPolicies": [
            {
              "tenantId": "72f988bf-86f1-41af-91ab-2d7cd011db47",
              "objectId": "7bee3764-dbea-4729-9c33-446f321aa721",
              "permissions": {
                "keys": [
                  "all"
                ],
                "secrets": [
                  "all"
                ],
                "certificates": [
                  "all"
                ],
                "storage": [
                  "all"
                ]
              }
            }
          ],
          "enabledForDeployment": true,
          "enabledForDiskEncryption": true,
          "enabledForTemplateDeployment": true,
          "enableSoftDelete": true,
          "vaultUri": "https://sdktestvault3542.vault.azure.net/",
          "provisioningState": "RegisteringDns"
        }
      }
    },
    {
      "RequestUri": "https://management.azure.com/subscriptions/0accec26-d6de-4757-8e74-d080f38eaaab/resourceGroups/sdktestrg5540/providers/Microsoft.KeyVault/vaults/sdktestvault3542?api-version=2021-04-01-preview",
      "RequestMethod": "GET",
      "RequestHeaders": {
        "Authorization": "Sanitized",
        "User-Agent": [
          "azsdk-net-ResourceManager.Core/1.0.0-alpha.20210714.1",
          "(.NET Core 4.6.30015.01; Microsoft Windows 10.0.19043 )"
        ],
        "x-ms-client-request-id": "16db4dc1b258178ab3b361724ff7c979",
        "x-ms-return-client-request-id": "true"
      },
      "RequestBody": null,
      "StatusCode": 200,
      "ResponseHeaders": {
        "Cache-Control": "no-cache",
        "Content-Length": "1235",
        "Content-Type": "application/json; charset=utf-8",
        "Date": "Wed, 14 Jul 2021 08:26:49 GMT",
        "Expires": "-1",
        "Pragma": "no-cache",
        "Server": "Microsoft-IIS/10.0",
        "Strict-Transport-Security": "max-age=31536000; includeSubDomains",
        "X-AspNet-Version": "4.0.30319",
        "X-Content-Type-Options": "nosniff",
        "x-ms-client-request-id": "16db4dc1b258178ab3b361724ff7c979",
        "x-ms-correlation-request-id": "619de84a-9fa1-406c-aa04-e7721ab2cb2f",
        "x-ms-keyvault-service-version": "1.5.23.5",
        "x-ms-ratelimit-remaining-subscription-reads": "11993",
        "x-ms-request-id": "8d15fa47-dbcf-4a10-a105-01ae499fd0a9",
        "x-ms-routing-request-id": "SOUTHEASTASIA:20210714T082649Z:619de84a-9fa1-406c-aa04-e7721ab2cb2f",
        "X-Powered-By": "ASP.NET"
      },
      "ResponseBody": {
        "id": "/subscriptions/0accec26-d6de-4757-8e74-d080f38eaaab/resourceGroups/sdktestrg5540/providers/Microsoft.KeyVault/vaults/sdktestvault3542",
        "name": "sdktestvault3542",
        "type": "Microsoft.KeyVault/vaults",
        "location": "North Central US",
        "tags": {
          "tag1": "value1",
          "tag2": "value2",
          "tag3": "value3"
        },
        "systemData": {
          "createdBy": "8e6d47e0-7969-4fde-a62c-4fea4f165e98",
          "createdByType": "Application",
          "createdAt": "1970-01-19T19:44:11.199Z",
          "lastModifiedBy": "8e6d47e0-7969-4fde-a62c-4fea4f165e98",
          "lastModifiedByType": "Application",
          "lastModifiedAt": "1970-01-19T19:44:11.199Z"
        },
        "properties": {
          "sku": {
            "family": "A",
            "name": "standard"
          },
          "tenantId": "72f988bf-86f1-41af-91ab-2d7cd011db47",
          "networkAcls": {
            "bypass": "AzureServices",
            "defaultAction": "Allow",
            "ipRules": [
              {
                "value": "1.2.3.4/32"
              },
              {
                "value": "1.0.0.0/25"
              }
            ],
            "virtualNetworkRules": []
          },
          "accessPolicies": [
            {
              "tenantId": "72f988bf-86f1-41af-91ab-2d7cd011db47",
              "objectId": "7bee3764-dbea-4729-9c33-446f321aa721",
              "permissions": {
                "keys": [
                  "all"
                ],
                "secrets": [
                  "all"
                ],
                "certificates": [
                  "all"
                ],
                "storage": [
                  "all"
                ]
              }
            }
          ],
          "enabledForDeployment": true,
          "enabledForDiskEncryption": true,
          "enabledForTemplateDeployment": true,
          "enableSoftDelete": true,
          "vaultUri": "https://sdktestvault3542.vault.azure.net/",
          "provisioningState": "RegisteringDns"
        }
      }
    },
    {
      "RequestUri": "https://management.azure.com/subscriptions/0accec26-d6de-4757-8e74-d080f38eaaab/resourceGroups/sdktestrg5540/providers/Microsoft.KeyVault/vaults/sdktestvault3542?api-version=2021-04-01-preview",
      "RequestMethod": "GET",
      "RequestHeaders": {
        "Authorization": "Sanitized",
        "User-Agent": [
          "azsdk-net-ResourceManager.Core/1.0.0-alpha.20210714.1",
          "(.NET Core 4.6.30015.01; Microsoft Windows 10.0.19043 )"
        ],
        "x-ms-client-request-id": "1aa4c5762f4c5bc199371f1d5f207c03",
        "x-ms-return-client-request-id": "true"
      },
      "RequestBody": null,
      "StatusCode": 200,
      "ResponseHeaders": {
        "Cache-Control": "no-cache",
        "Content-Length": "1235",
        "Content-Type": "application/json; charset=utf-8",
        "Date": "Wed, 14 Jul 2021 08:26:50 GMT",
        "Expires": "-1",
        "Pragma": "no-cache",
        "Server": "Microsoft-IIS/10.0",
        "Strict-Transport-Security": "max-age=31536000; includeSubDomains",
        "X-AspNet-Version": "4.0.30319",
        "X-Content-Type-Options": "nosniff",
        "x-ms-client-request-id": "1aa4c5762f4c5bc199371f1d5f207c03",
        "x-ms-correlation-request-id": "e1c76c40-72bd-4847-91d5-44af45a8c39e",
        "x-ms-keyvault-service-version": "1.5.23.5",
        "x-ms-ratelimit-remaining-subscription-reads": "11992",
        "x-ms-request-id": "cf5059cc-4b68-40cd-8e7e-2997d4aaffc7",
        "x-ms-routing-request-id": "SOUTHEASTASIA:20210714T082651Z:e1c76c40-72bd-4847-91d5-44af45a8c39e",
        "X-Powered-By": "ASP.NET"
      },
      "ResponseBody": {
        "id": "/subscriptions/0accec26-d6de-4757-8e74-d080f38eaaab/resourceGroups/sdktestrg5540/providers/Microsoft.KeyVault/vaults/sdktestvault3542",
        "name": "sdktestvault3542",
        "type": "Microsoft.KeyVault/vaults",
        "location": "North Central US",
        "tags": {
          "tag1": "value1",
          "tag2": "value2",
          "tag3": "value3"
        },
        "systemData": {
          "createdBy": "8e6d47e0-7969-4fde-a62c-4fea4f165e98",
          "createdByType": "Application",
          "createdAt": "1970-01-19T19:44:11.199Z",
          "lastModifiedBy": "8e6d47e0-7969-4fde-a62c-4fea4f165e98",
          "lastModifiedByType": "Application",
          "lastModifiedAt": "1970-01-19T19:44:11.199Z"
        },
        "properties": {
          "sku": {
            "family": "A",
            "name": "standard"
          },
          "tenantId": "72f988bf-86f1-41af-91ab-2d7cd011db47",
          "networkAcls": {
            "bypass": "AzureServices",
            "defaultAction": "Allow",
            "ipRules": [
              {
                "value": "1.2.3.4/32"
              },
              {
                "value": "1.0.0.0/25"
              }
            ],
            "virtualNetworkRules": []
          },
          "accessPolicies": [
            {
              "tenantId": "72f988bf-86f1-41af-91ab-2d7cd011db47",
              "objectId": "7bee3764-dbea-4729-9c33-446f321aa721",
              "permissions": {
                "keys": [
                  "all"
                ],
                "secrets": [
                  "all"
                ],
                "certificates": [
                  "all"
                ],
                "storage": [
                  "all"
                ]
              }
            }
          ],
          "enabledForDeployment": true,
          "enabledForDiskEncryption": true,
          "enabledForTemplateDeployment": true,
          "enableSoftDelete": true,
          "vaultUri": "https://sdktestvault3542.vault.azure.net/",
          "provisioningState": "RegisteringDns"
        }
      }
    },
    {
      "RequestUri": "https://management.azure.com/subscriptions/0accec26-d6de-4757-8e74-d080f38eaaab/resourceGroups/sdktestrg5540/providers/Microsoft.KeyVault/vaults/sdktestvault3542?api-version=2021-04-01-preview",
      "RequestMethod": "GET",
      "RequestHeaders": {
        "Authorization": "Sanitized",
        "User-Agent": [
          "azsdk-net-ResourceManager.Core/1.0.0-alpha.20210714.1",
          "(.NET Core 4.6.30015.01; Microsoft Windows 10.0.19043 )"
        ],
        "x-ms-client-request-id": "a963cd90586ad72440f0508c8efbaa1d",
        "x-ms-return-client-request-id": "true"
      },
      "RequestBody": null,
      "StatusCode": 200,
      "ResponseHeaders": {
        "Cache-Control": "no-cache",
        "Content-Length": "1235",
        "Content-Type": "application/json; charset=utf-8",
        "Date": "Wed, 14 Jul 2021 08:26:51 GMT",
        "Expires": "-1",
        "Pragma": "no-cache",
        "Server": "Microsoft-IIS/10.0",
        "Strict-Transport-Security": "max-age=31536000; includeSubDomains",
        "X-AspNet-Version": "4.0.30319",
        "X-Content-Type-Options": "nosniff",
        "x-ms-client-request-id": "a963cd90586ad72440f0508c8efbaa1d",
        "x-ms-correlation-request-id": "5f6ec68a-b4c0-4750-9906-aecda273e788",
        "x-ms-keyvault-service-version": "1.5.23.5",
        "x-ms-ratelimit-remaining-subscription-reads": "11991",
        "x-ms-request-id": "f1dab335-6ffb-4707-92c2-2c031798e7ff",
        "x-ms-routing-request-id": "SOUTHEASTASIA:20210714T082652Z:5f6ec68a-b4c0-4750-9906-aecda273e788",
        "X-Powered-By": "ASP.NET"
      },
      "ResponseBody": {
        "id": "/subscriptions/0accec26-d6de-4757-8e74-d080f38eaaab/resourceGroups/sdktestrg5540/providers/Microsoft.KeyVault/vaults/sdktestvault3542",
        "name": "sdktestvault3542",
        "type": "Microsoft.KeyVault/vaults",
        "location": "North Central US",
        "tags": {
          "tag1": "value1",
          "tag2": "value2",
          "tag3": "value3"
        },
        "systemData": {
          "createdBy": "8e6d47e0-7969-4fde-a62c-4fea4f165e98",
          "createdByType": "Application",
          "createdAt": "1970-01-19T19:44:11.199Z",
          "lastModifiedBy": "8e6d47e0-7969-4fde-a62c-4fea4f165e98",
          "lastModifiedByType": "Application",
          "lastModifiedAt": "1970-01-19T19:44:11.199Z"
        },
        "properties": {
          "sku": {
            "family": "A",
            "name": "standard"
          },
          "tenantId": "72f988bf-86f1-41af-91ab-2d7cd011db47",
          "networkAcls": {
            "bypass": "AzureServices",
            "defaultAction": "Allow",
            "ipRules": [
              {
                "value": "1.2.3.4/32"
              },
              {
                "value": "1.0.0.0/25"
              }
            ],
            "virtualNetworkRules": []
          },
          "accessPolicies": [
            {
              "tenantId": "72f988bf-86f1-41af-91ab-2d7cd011db47",
              "objectId": "7bee3764-dbea-4729-9c33-446f321aa721",
              "permissions": {
                "keys": [
                  "all"
                ],
                "secrets": [
                  "all"
                ],
                "certificates": [
                  "all"
                ],
                "storage": [
                  "all"
                ]
              }
            }
          ],
          "enabledForDeployment": true,
          "enabledForDiskEncryption": true,
          "enabledForTemplateDeployment": true,
          "enableSoftDelete": true,
          "vaultUri": "https://sdktestvault3542.vault.azure.net/",
          "provisioningState": "RegisteringDns"
        }
      }
    },
    {
      "RequestUri": "https://management.azure.com/subscriptions/0accec26-d6de-4757-8e74-d080f38eaaab/resourceGroups/sdktestrg5540/providers/Microsoft.KeyVault/vaults/sdktestvault3542?api-version=2021-04-01-preview",
      "RequestMethod": "GET",
      "RequestHeaders": {
        "Authorization": "Sanitized",
        "User-Agent": [
          "azsdk-net-ResourceManager.Core/1.0.0-alpha.20210714.1",
          "(.NET Core 4.6.30015.01; Microsoft Windows 10.0.19043 )"
        ],
        "x-ms-client-request-id": "7e0623d6c74a92df8c7f7c21926db893",
        "x-ms-return-client-request-id": "true"
      },
      "RequestBody": null,
      "StatusCode": 200,
      "ResponseHeaders": {
        "Cache-Control": "no-cache",
        "Content-Length": "1235",
        "Content-Type": "application/json; charset=utf-8",
        "Date": "Wed, 14 Jul 2021 08:26:53 GMT",
        "Expires": "-1",
        "Pragma": "no-cache",
        "Server": "Microsoft-IIS/10.0",
        "Strict-Transport-Security": "max-age=31536000; includeSubDomains",
        "X-AspNet-Version": "4.0.30319",
        "X-Content-Type-Options": "nosniff",
        "x-ms-client-request-id": "7e0623d6c74a92df8c7f7c21926db893",
        "x-ms-correlation-request-id": "6f2a8d1b-a31d-458a-b7e7-68b7070d6c77",
        "x-ms-keyvault-service-version": "1.5.23.5",
        "x-ms-ratelimit-remaining-subscription-reads": "11990",
        "x-ms-request-id": "f519c283-511d-4ca3-9926-f7c47dd7699b",
        "x-ms-routing-request-id": "SOUTHEASTASIA:20210714T082653Z:6f2a8d1b-a31d-458a-b7e7-68b7070d6c77",
        "X-Powered-By": "ASP.NET"
      },
      "ResponseBody": {
        "id": "/subscriptions/0accec26-d6de-4757-8e74-d080f38eaaab/resourceGroups/sdktestrg5540/providers/Microsoft.KeyVault/vaults/sdktestvault3542",
        "name": "sdktestvault3542",
        "type": "Microsoft.KeyVault/vaults",
        "location": "North Central US",
        "tags": {
          "tag1": "value1",
          "tag2": "value2",
          "tag3": "value3"
        },
        "systemData": {
          "createdBy": "8e6d47e0-7969-4fde-a62c-4fea4f165e98",
          "createdByType": "Application",
          "createdAt": "1970-01-19T19:44:11.199Z",
          "lastModifiedBy": "8e6d47e0-7969-4fde-a62c-4fea4f165e98",
          "lastModifiedByType": "Application",
          "lastModifiedAt": "1970-01-19T19:44:11.199Z"
        },
        "properties": {
          "sku": {
            "family": "A",
            "name": "standard"
          },
          "tenantId": "72f988bf-86f1-41af-91ab-2d7cd011db47",
          "networkAcls": {
            "bypass": "AzureServices",
            "defaultAction": "Allow",
            "ipRules": [
              {
                "value": "1.2.3.4/32"
              },
              {
                "value": "1.0.0.0/25"
              }
            ],
            "virtualNetworkRules": []
          },
          "accessPolicies": [
            {
              "tenantId": "72f988bf-86f1-41af-91ab-2d7cd011db47",
              "objectId": "7bee3764-dbea-4729-9c33-446f321aa721",
              "permissions": {
                "keys": [
                  "all"
                ],
                "secrets": [
                  "all"
                ],
                "certificates": [
                  "all"
                ],
                "storage": [
                  "all"
                ]
              }
            }
          ],
          "enabledForDeployment": true,
          "enabledForDiskEncryption": true,
          "enabledForTemplateDeployment": true,
          "enableSoftDelete": true,
          "vaultUri": "https://sdktestvault3542.vault.azure.net/",
          "provisioningState": "RegisteringDns"
        }
      }
    },
    {
      "RequestUri": "https://management.azure.com/subscriptions/0accec26-d6de-4757-8e74-d080f38eaaab/resourceGroups/sdktestrg5540/providers/Microsoft.KeyVault/vaults/sdktestvault3542?api-version=2021-04-01-preview",
      "RequestMethod": "GET",
      "RequestHeaders": {
        "Authorization": "Sanitized",
        "User-Agent": [
          "azsdk-net-ResourceManager.Core/1.0.0-alpha.20210714.1",
          "(.NET Core 4.6.30015.01; Microsoft Windows 10.0.19043 )"
        ],
        "x-ms-client-request-id": "81e15e371f931d0ea1ccd95bdf34cd9d",
        "x-ms-return-client-request-id": "true"
      },
      "RequestBody": null,
      "StatusCode": 200,
      "ResponseHeaders": {
        "Cache-Control": "no-cache",
        "Content-Length": "1235",
        "Content-Type": "application/json; charset=utf-8",
        "Date": "Wed, 14 Jul 2021 08:26:54 GMT",
        "Expires": "-1",
        "Pragma": "no-cache",
        "Server": "Microsoft-IIS/10.0",
        "Strict-Transport-Security": "max-age=31536000; includeSubDomains",
        "X-AspNet-Version": "4.0.30319",
        "X-Content-Type-Options": "nosniff",
        "x-ms-client-request-id": "81e15e371f931d0ea1ccd95bdf34cd9d",
        "x-ms-correlation-request-id": "06d004e2-6072-4ffc-b455-ea8c66665bd8",
        "x-ms-keyvault-service-version": "1.5.23.5",
        "x-ms-ratelimit-remaining-subscription-reads": "11989",
        "x-ms-request-id": "3f4e1c1e-8ab3-402b-9cb2-8706dd9c8905",
        "x-ms-routing-request-id": "SOUTHEASTASIA:20210714T082655Z:06d004e2-6072-4ffc-b455-ea8c66665bd8",
        "X-Powered-By": "ASP.NET"
      },
      "ResponseBody": {
        "id": "/subscriptions/0accec26-d6de-4757-8e74-d080f38eaaab/resourceGroups/sdktestrg5540/providers/Microsoft.KeyVault/vaults/sdktestvault3542",
        "name": "sdktestvault3542",
        "type": "Microsoft.KeyVault/vaults",
        "location": "North Central US",
        "tags": {
          "tag1": "value1",
          "tag2": "value2",
          "tag3": "value3"
        },
        "systemData": {
          "createdBy": "8e6d47e0-7969-4fde-a62c-4fea4f165e98",
          "createdByType": "Application",
          "createdAt": "1970-01-19T19:44:11.199Z",
          "lastModifiedBy": "8e6d47e0-7969-4fde-a62c-4fea4f165e98",
          "lastModifiedByType": "Application",
          "lastModifiedAt": "1970-01-19T19:44:11.199Z"
        },
        "properties": {
          "sku": {
            "family": "A",
            "name": "standard"
          },
          "tenantId": "72f988bf-86f1-41af-91ab-2d7cd011db47",
          "networkAcls": {
            "bypass": "AzureServices",
            "defaultAction": "Allow",
            "ipRules": [
              {
                "value": "1.2.3.4/32"
              },
              {
                "value": "1.0.0.0/25"
              }
            ],
            "virtualNetworkRules": []
          },
          "accessPolicies": [
            {
              "tenantId": "72f988bf-86f1-41af-91ab-2d7cd011db47",
              "objectId": "7bee3764-dbea-4729-9c33-446f321aa721",
              "permissions": {
                "keys": [
                  "all"
                ],
                "secrets": [
                  "all"
                ],
                "certificates": [
                  "all"
                ],
                "storage": [
                  "all"
                ]
              }
            }
          ],
          "enabledForDeployment": true,
          "enabledForDiskEncryption": true,
          "enabledForTemplateDeployment": true,
          "enableSoftDelete": true,
          "vaultUri": "https://sdktestvault3542.vault.azure.net/",
          "provisioningState": "RegisteringDns"
        }
      }
    },
    {
      "RequestUri": "https://management.azure.com/subscriptions/0accec26-d6de-4757-8e74-d080f38eaaab/resourceGroups/sdktestrg5540/providers/Microsoft.KeyVault/vaults/sdktestvault3542?api-version=2021-04-01-preview",
      "RequestMethod": "GET",
      "RequestHeaders": {
        "Authorization": "Sanitized",
        "User-Agent": [
          "azsdk-net-ResourceManager.Core/1.0.0-alpha.20210714.1",
          "(.NET Core 4.6.30015.01; Microsoft Windows 10.0.19043 )"
        ],
        "x-ms-client-request-id": "3c46028dfe1ac9b9eed11ceadb0345d2",
        "x-ms-return-client-request-id": "true"
      },
      "RequestBody": null,
      "StatusCode": 200,
      "ResponseHeaders": {
        "Cache-Control": "no-cache",
        "Content-Length": "1230",
        "Content-Type": "application/json; charset=utf-8",
        "Date": "Wed, 14 Jul 2021 08:26:55 GMT",
        "Expires": "-1",
        "Pragma": "no-cache",
        "Server": "Microsoft-IIS/10.0",
        "Strict-Transport-Security": "max-age=31536000; includeSubDomains",
        "X-AspNet-Version": "4.0.30319",
        "X-Content-Type-Options": "nosniff",
        "x-ms-client-request-id": "3c46028dfe1ac9b9eed11ceadb0345d2",
        "x-ms-correlation-request-id": "c1982b1c-2258-4b92-a6f9-1bd48e020e34",
        "x-ms-keyvault-service-version": "1.5.23.5",
        "x-ms-ratelimit-remaining-subscription-reads": "11988",
        "x-ms-request-id": "df219364-0b4e-4f96-84b2-e38938915264",
        "x-ms-routing-request-id": "SOUTHEASTASIA:20210714T082656Z:c1982b1c-2258-4b92-a6f9-1bd48e020e34",
        "X-Powered-By": "ASP.NET"
      },
      "ResponseBody": {
        "id": "/subscriptions/0accec26-d6de-4757-8e74-d080f38eaaab/resourceGroups/sdktestrg5540/providers/Microsoft.KeyVault/vaults/sdktestvault3542",
        "name": "sdktestvault3542",
        "type": "Microsoft.KeyVault/vaults",
        "location": "North Central US",
        "tags": {
          "tag1": "value1",
          "tag2": "value2",
          "tag3": "value3"
        },
        "systemData": {
          "createdBy": "8e6d47e0-7969-4fde-a62c-4fea4f165e98",
          "createdByType": "Application",
          "createdAt": "1970-01-19T19:44:11.199Z",
          "lastModifiedBy": "8e6d47e0-7969-4fde-a62c-4fea4f165e98",
          "lastModifiedByType": "Application",
          "lastModifiedAt": "1970-01-19T19:44:11.199Z"
        },
        "properties": {
          "sku": {
            "family": "A",
            "name": "standard"
          },
          "tenantId": "72f988bf-86f1-41af-91ab-2d7cd011db47",
          "networkAcls": {
            "bypass": "AzureServices",
            "defaultAction": "Allow",
            "ipRules": [
              {
                "value": "1.2.3.4/32"
              },
              {
                "value": "1.0.0.0/25"
              }
            ],
            "virtualNetworkRules": []
          },
          "accessPolicies": [
            {
              "tenantId": "72f988bf-86f1-41af-91ab-2d7cd011db47",
              "objectId": "7bee3764-dbea-4729-9c33-446f321aa721",
              "permissions": {
                "keys": [
                  "all"
                ],
                "secrets": [
                  "all"
                ],
                "certificates": [
                  "all"
                ],
                "storage": [
                  "all"
                ]
              }
            }
          ],
          "enabledForDeployment": true,
          "enabledForDiskEncryption": true,
          "enabledForTemplateDeployment": true,
          "enableSoftDelete": true,
          "vaultUri": "https://sdktestvault3542.vault.azure.net/",
          "provisioningState": "Succeeded"
        }
      }
    },
    {
      "RequestUri": "https://management.azure.com/subscriptions/0accec26-d6de-4757-8e74-d080f38eaaab/resourceGroups/sdktestrg5540/providers/Microsoft.KeyVault/vaults/sdktestvault4530?api-version=2021-04-01-preview",
      "RequestMethod": "PUT",
      "RequestHeaders": {
        "Accept": "application/json",
        "Authorization": "Sanitized",
        "Content-Length": "636",
        "Content-Type": "application/json",
        "User-Agent": [
          "azsdk-net-ResourceManager.Core/1.0.0-alpha.20210714.1",
          "(.NET Core 4.6.30015.01; Microsoft Windows 10.0.19043 )"
        ],
        "x-ms-client-request-id": "1a3055bd8a2814b6e8dd7ded83b257b2",
        "x-ms-return-client-request-id": "true"
      },
      "RequestBody": {
        "location": "North Central US",
        "tags": {
          "tag1": "value1",
          "tag2": "value2",
          "tag3": "value3"
        },
        "properties": {
          "tenantId": "72f988bf-86f1-41af-91ab-2d7cd011db47",
          "sku": {
            "name": "standard",
            "family": "A"
          },
          "accessPolicies": [
            {
              "tenantId": "72f988bf-86f1-41af-91ab-2d7cd011db47",
              "objectId": "7bee3764-dbea-4729-9c33-446f321aa721",
              "permissions": {
                "keys": [
                  "all"
                ],
                "secrets": [
                  "all"
                ],
                "certificates": [
                  "all"
                ],
                "storage": [
                  "all"
                ]
              }
            }
          ],
          "vaultUri": "",
          "enabledForDeployment": true,
          "enabledForDiskEncryption": true,
          "enabledForTemplateDeployment": true,
          "networkAcls": {
            "bypass": "AzureServices",
            "defaultAction": "Allow",
            "ipRules": [
              {
                "value": "1.2.3.4/32"
              },
              {
                "value": "1.0.0.0/25"
              }
            ]
          }
        }
      },
      "StatusCode": 200,
      "ResponseHeaders": {
        "Cache-Control": "no-cache",
        "Content-Length": "1234",
        "Content-Type": "application/json; charset=utf-8",
        "Date": "Wed, 14 Jul 2021 08:27:01 GMT",
        "Expires": "-1",
        "Pragma": "no-cache",
        "Server": "Microsoft-IIS/10.0",
        "Strict-Transport-Security": "max-age=31536000; includeSubDomains",
        "X-AspNet-Version": "4.0.30319",
        "X-Content-Type-Options": "nosniff",
        "x-ms-client-request-id": "1a3055bd8a2814b6e8dd7ded83b257b2",
        "x-ms-correlation-request-id": "011f3475-36b7-4ad0-a118-6e0fa09d60b7",
        "x-ms-keyvault-service-version": "1.5.23.5",
        "x-ms-ratelimit-remaining-subscription-writes": "1197",
        "x-ms-request-id": "f52cb5f0-ca50-45ef-bfca-ab0c506b64fa",
        "x-ms-routing-request-id": "SOUTHEASTASIA:20210714T082701Z:011f3475-36b7-4ad0-a118-6e0fa09d60b7",
        "X-Powered-By": "ASP.NET"
      },
      "ResponseBody": {
        "id": "/subscriptions/0accec26-d6de-4757-8e74-d080f38eaaab/resourceGroups/sdktestrg5540/providers/Microsoft.KeyVault/vaults/sdktestvault4530",
        "name": "sdktestvault4530",
        "type": "Microsoft.KeyVault/vaults",
        "location": "North Central US",
        "tags": {
          "tag1": "value1",
          "tag2": "value2",
          "tag3": "value3"
        },
        "systemData": {
          "createdBy": "8e6d47e0-7969-4fde-a62c-4fea4f165e98",
          "createdByType": "Application",
          "createdAt": "1970-01-19T19:44:11.218Z",
          "lastModifiedBy": "8e6d47e0-7969-4fde-a62c-4fea4f165e98",
          "lastModifiedByType": "Application",
          "lastModifiedAt": "1970-01-19T19:44:11.218Z"
        },
        "properties": {
          "sku": {
            "family": "A",
            "name": "standard"
          },
          "tenantId": "72f988bf-86f1-41af-91ab-2d7cd011db47",
          "networkAcls": {
            "bypass": "AzureServices",
            "defaultAction": "Allow",
            "ipRules": [
              {
                "value": "1.2.3.4/32"
              },
              {
                "value": "1.0.0.0/25"
              }
            ],
            "virtualNetworkRules": []
          },
          "accessPolicies": [
            {
              "tenantId": "72f988bf-86f1-41af-91ab-2d7cd011db47",
              "objectId": "7bee3764-dbea-4729-9c33-446f321aa721",
              "permissions": {
                "keys": [
                  "all"
                ],
                "secrets": [
                  "all"
                ],
                "certificates": [
                  "all"
                ],
                "storage": [
                  "all"
                ]
              }
            }
          ],
          "enabledForDeployment": true,
          "enabledForDiskEncryption": true,
          "enabledForTemplateDeployment": true,
          "enableSoftDelete": true,
          "vaultUri": "https://sdktestvault4530.vault.azure.net",
          "provisioningState": "RegisteringDns"
        }
      }
    },
    {
      "RequestUri": "https://management.azure.com/subscriptions/0accec26-d6de-4757-8e74-d080f38eaaab/resourceGroups/sdktestrg5540/providers/Microsoft.KeyVault/vaults/sdktestvault4530?api-version=2021-04-01-preview",
      "RequestMethod": "GET",
      "RequestHeaders": {
        "Authorization": "Sanitized",
        "User-Agent": [
          "azsdk-net-ResourceManager.Core/1.0.0-alpha.20210714.1",
          "(.NET Core 4.6.30015.01; Microsoft Windows 10.0.19043 )"
        ],
        "x-ms-client-request-id": "df222206829d7864902731213bdb6a1e",
        "x-ms-return-client-request-id": "true"
      },
      "RequestBody": null,
      "StatusCode": 200,
      "ResponseHeaders": {
        "Cache-Control": "no-cache",
        "Content-Length": "1235",
        "Content-Type": "application/json; charset=utf-8",
        "Date": "Wed, 14 Jul 2021 08:27:02 GMT",
        "Expires": "-1",
        "Pragma": "no-cache",
        "Server": "Microsoft-IIS/10.0",
        "Strict-Transport-Security": "max-age=31536000; includeSubDomains",
        "X-AspNet-Version": "4.0.30319",
        "X-Content-Type-Options": "nosniff",
        "x-ms-client-request-id": "df222206829d7864902731213bdb6a1e",
        "x-ms-correlation-request-id": "df9c6727-91b4-44ea-8368-01ae4418f4e8",
        "x-ms-keyvault-service-version": "1.5.23.5",
        "x-ms-ratelimit-remaining-subscription-reads": "11987",
        "x-ms-request-id": "bce8b995-076a-40e5-af77-cf0bfabebf97",
        "x-ms-routing-request-id": "SOUTHEASTASIA:20210714T082702Z:df9c6727-91b4-44ea-8368-01ae4418f4e8",
        "X-Powered-By": "ASP.NET"
      },
      "ResponseBody": {
        "id": "/subscriptions/0accec26-d6de-4757-8e74-d080f38eaaab/resourceGroups/sdktestrg5540/providers/Microsoft.KeyVault/vaults/sdktestvault4530",
        "name": "sdktestvault4530",
        "type": "Microsoft.KeyVault/vaults",
        "location": "North Central US",
        "tags": {
          "tag1": "value1",
          "tag2": "value2",
          "tag3": "value3"
        },
        "systemData": {
          "createdBy": "8e6d47e0-7969-4fde-a62c-4fea4f165e98",
          "createdByType": "Application",
          "createdAt": "1970-01-19T19:44:11.218Z",
          "lastModifiedBy": "8e6d47e0-7969-4fde-a62c-4fea4f165e98",
          "lastModifiedByType": "Application",
          "lastModifiedAt": "1970-01-19T19:44:11.218Z"
        },
        "properties": {
          "sku": {
            "family": "A",
            "name": "standard"
          },
          "tenantId": "72f988bf-86f1-41af-91ab-2d7cd011db47",
          "networkAcls": {
            "bypass": "AzureServices",
            "defaultAction": "Allow",
            "ipRules": [
              {
                "value": "1.2.3.4/32"
              },
              {
                "value": "1.0.0.0/25"
              }
            ],
            "virtualNetworkRules": []
          },
          "accessPolicies": [
            {
              "tenantId": "72f988bf-86f1-41af-91ab-2d7cd011db47",
              "objectId": "7bee3764-dbea-4729-9c33-446f321aa721",
              "permissions": {
                "keys": [
                  "all"
                ],
                "secrets": [
                  "all"
                ],
                "certificates": [
                  "all"
                ],
                "storage": [
                  "all"
                ]
              }
            }
          ],
          "enabledForDeployment": true,
          "enabledForDiskEncryption": true,
          "enabledForTemplateDeployment": true,
          "enableSoftDelete": true,
          "vaultUri": "https://sdktestvault4530.vault.azure.net/",
          "provisioningState": "RegisteringDns"
        }
      }
    },
    {
      "RequestUri": "https://management.azure.com/subscriptions/0accec26-d6de-4757-8e74-d080f38eaaab/resourceGroups/sdktestrg5540/providers/Microsoft.KeyVault/vaults/sdktestvault4530?api-version=2021-04-01-preview",
      "RequestMethod": "GET",
      "RequestHeaders": {
        "Authorization": "Sanitized",
        "User-Agent": [
          "azsdk-net-ResourceManager.Core/1.0.0-alpha.20210714.1",
          "(.NET Core 4.6.30015.01; Microsoft Windows 10.0.19043 )"
        ],
        "x-ms-client-request-id": "6ffb38c4acb444bc1c8a0295c7b3f0a6",
        "x-ms-return-client-request-id": "true"
      },
      "RequestBody": null,
      "StatusCode": 200,
      "ResponseHeaders": {
        "Cache-Control": "no-cache",
        "Content-Length": "1235",
        "Content-Type": "application/json; charset=utf-8",
        "Date": "Wed, 14 Jul 2021 08:27:03 GMT",
        "Expires": "-1",
        "Pragma": "no-cache",
        "Server": "Microsoft-IIS/10.0",
        "Strict-Transport-Security": "max-age=31536000; includeSubDomains",
        "X-AspNet-Version": "4.0.30319",
        "X-Content-Type-Options": "nosniff",
        "x-ms-client-request-id": "6ffb38c4acb444bc1c8a0295c7b3f0a6",
        "x-ms-correlation-request-id": "701ef622-77be-46d0-9989-0a0aae49467b",
        "x-ms-keyvault-service-version": "1.5.23.5",
        "x-ms-ratelimit-remaining-subscription-reads": "11986",
        "x-ms-request-id": "f3121de1-1baa-43bc-8bbb-e7a48fbcad7f",
        "x-ms-routing-request-id": "SOUTHEASTASIA:20210714T082704Z:701ef622-77be-46d0-9989-0a0aae49467b",
        "X-Powered-By": "ASP.NET"
      },
      "ResponseBody": {
        "id": "/subscriptions/0accec26-d6de-4757-8e74-d080f38eaaab/resourceGroups/sdktestrg5540/providers/Microsoft.KeyVault/vaults/sdktestvault4530",
        "name": "sdktestvault4530",
        "type": "Microsoft.KeyVault/vaults",
        "location": "North Central US",
        "tags": {
          "tag1": "value1",
          "tag2": "value2",
          "tag3": "value3"
        },
        "systemData": {
          "createdBy": "8e6d47e0-7969-4fde-a62c-4fea4f165e98",
          "createdByType": "Application",
          "createdAt": "1970-01-19T19:44:11.218Z",
          "lastModifiedBy": "8e6d47e0-7969-4fde-a62c-4fea4f165e98",
          "lastModifiedByType": "Application",
          "lastModifiedAt": "1970-01-19T19:44:11.218Z"
        },
        "properties": {
          "sku": {
            "family": "A",
            "name": "standard"
          },
          "tenantId": "72f988bf-86f1-41af-91ab-2d7cd011db47",
          "networkAcls": {
            "bypass": "AzureServices",
            "defaultAction": "Allow",
            "ipRules": [
              {
                "value": "1.2.3.4/32"
              },
              {
                "value": "1.0.0.0/25"
              }
            ],
            "virtualNetworkRules": []
          },
          "accessPolicies": [
            {
              "tenantId": "72f988bf-86f1-41af-91ab-2d7cd011db47",
              "objectId": "7bee3764-dbea-4729-9c33-446f321aa721",
              "permissions": {
                "keys": [
                  "all"
                ],
                "secrets": [
                  "all"
                ],
                "certificates": [
                  "all"
                ],
                "storage": [
                  "all"
                ]
              }
            }
          ],
          "enabledForDeployment": true,
          "enabledForDiskEncryption": true,
          "enabledForTemplateDeployment": true,
          "enableSoftDelete": true,
          "vaultUri": "https://sdktestvault4530.vault.azure.net/",
          "provisioningState": "RegisteringDns"
        }
      }
    },
    {
      "RequestUri": "https://management.azure.com/subscriptions/0accec26-d6de-4757-8e74-d080f38eaaab/resourceGroups/sdktestrg5540/providers/Microsoft.KeyVault/vaults/sdktestvault4530?api-version=2021-04-01-preview",
      "RequestMethod": "GET",
      "RequestHeaders": {
        "Authorization": "Sanitized",
        "User-Agent": [
          "azsdk-net-ResourceManager.Core/1.0.0-alpha.20210714.1",
          "(.NET Core 4.6.30015.01; Microsoft Windows 10.0.19043 )"
        ],
        "x-ms-client-request-id": "60e7f63f78905c142f1895544617693c",
        "x-ms-return-client-request-id": "true"
      },
      "RequestBody": null,
      "StatusCode": 200,
      "ResponseHeaders": {
        "Cache-Control": "no-cache",
        "Content-Length": "1235",
        "Content-Type": "application/json; charset=utf-8",
        "Date": "Wed, 14 Jul 2021 08:27:05 GMT",
        "Expires": "-1",
        "Pragma": "no-cache",
        "Server": "Microsoft-IIS/10.0",
        "Strict-Transport-Security": "max-age=31536000; includeSubDomains",
        "X-AspNet-Version": "4.0.30319",
        "X-Content-Type-Options": "nosniff",
        "x-ms-client-request-id": "60e7f63f78905c142f1895544617693c",
        "x-ms-correlation-request-id": "098cd1a0-46fc-4bca-b4cf-f73965bdba79",
        "x-ms-keyvault-service-version": "1.5.23.5",
        "x-ms-ratelimit-remaining-subscription-reads": "11985",
        "x-ms-request-id": "554d03b4-bb15-47f7-9724-995f8c3b80cd",
        "x-ms-routing-request-id": "SOUTHEASTASIA:20210714T082705Z:098cd1a0-46fc-4bca-b4cf-f73965bdba79",
        "X-Powered-By": "ASP.NET"
      },
      "ResponseBody": {
        "id": "/subscriptions/0accec26-d6de-4757-8e74-d080f38eaaab/resourceGroups/sdktestrg5540/providers/Microsoft.KeyVault/vaults/sdktestvault4530",
        "name": "sdktestvault4530",
        "type": "Microsoft.KeyVault/vaults",
        "location": "North Central US",
        "tags": {
          "tag1": "value1",
          "tag2": "value2",
          "tag3": "value3"
        },
        "systemData": {
          "createdBy": "8e6d47e0-7969-4fde-a62c-4fea4f165e98",
          "createdByType": "Application",
          "createdAt": "1970-01-19T19:44:11.218Z",
          "lastModifiedBy": "8e6d47e0-7969-4fde-a62c-4fea4f165e98",
          "lastModifiedByType": "Application",
          "lastModifiedAt": "1970-01-19T19:44:11.218Z"
        },
        "properties": {
          "sku": {
            "family": "A",
            "name": "standard"
          },
          "tenantId": "72f988bf-86f1-41af-91ab-2d7cd011db47",
          "networkAcls": {
            "bypass": "AzureServices",
            "defaultAction": "Allow",
            "ipRules": [
              {
                "value": "1.2.3.4/32"
              },
              {
                "value": "1.0.0.0/25"
              }
            ],
            "virtualNetworkRules": []
          },
          "accessPolicies": [
            {
              "tenantId": "72f988bf-86f1-41af-91ab-2d7cd011db47",
              "objectId": "7bee3764-dbea-4729-9c33-446f321aa721",
              "permissions": {
                "keys": [
                  "all"
                ],
                "secrets": [
                  "all"
                ],
                "certificates": [
                  "all"
                ],
                "storage": [
                  "all"
                ]
              }
            }
          ],
          "enabledForDeployment": true,
          "enabledForDiskEncryption": true,
          "enabledForTemplateDeployment": true,
          "enableSoftDelete": true,
          "vaultUri": "https://sdktestvault4530.vault.azure.net/",
          "provisioningState": "RegisteringDns"
        }
      }
    },
    {
      "RequestUri": "https://management.azure.com/subscriptions/0accec26-d6de-4757-8e74-d080f38eaaab/resourceGroups/sdktestrg5540/providers/Microsoft.KeyVault/vaults/sdktestvault4530?api-version=2021-04-01-preview",
      "RequestMethod": "GET",
      "RequestHeaders": {
        "Authorization": "Sanitized",
        "User-Agent": [
          "azsdk-net-ResourceManager.Core/1.0.0-alpha.20210714.1",
          "(.NET Core 4.6.30015.01; Microsoft Windows 10.0.19043 )"
        ],
        "x-ms-client-request-id": "eb3ea3282e465ad366ddc21280cfb0dd",
        "x-ms-return-client-request-id": "true"
      },
      "RequestBody": null,
      "StatusCode": 200,
      "ResponseHeaders": {
        "Cache-Control": "no-cache",
        "Content-Length": "1235",
        "Content-Type": "application/json; charset=utf-8",
        "Date": "Wed, 14 Jul 2021 08:27:06 GMT",
        "Expires": "-1",
        "Pragma": "no-cache",
        "Server": "Microsoft-IIS/10.0",
        "Strict-Transport-Security": "max-age=31536000; includeSubDomains",
        "X-AspNet-Version": "4.0.30319",
        "X-Content-Type-Options": "nosniff",
        "x-ms-client-request-id": "eb3ea3282e465ad366ddc21280cfb0dd",
        "x-ms-correlation-request-id": "2af90db8-c506-48f0-b48a-5f4df9eee4de",
        "x-ms-keyvault-service-version": "1.5.23.5",
        "x-ms-ratelimit-remaining-subscription-reads": "11984",
        "x-ms-request-id": "c39f2307-68cd-443c-be52-8aadf35cd631",
        "x-ms-routing-request-id": "SOUTHEASTASIA:20210714T082706Z:2af90db8-c506-48f0-b48a-5f4df9eee4de",
        "X-Powered-By": "ASP.NET"
      },
      "ResponseBody": {
        "id": "/subscriptions/0accec26-d6de-4757-8e74-d080f38eaaab/resourceGroups/sdktestrg5540/providers/Microsoft.KeyVault/vaults/sdktestvault4530",
        "name": "sdktestvault4530",
        "type": "Microsoft.KeyVault/vaults",
        "location": "North Central US",
        "tags": {
          "tag1": "value1",
          "tag2": "value2",
          "tag3": "value3"
        },
        "systemData": {
          "createdBy": "8e6d47e0-7969-4fde-a62c-4fea4f165e98",
          "createdByType": "Application",
          "createdAt": "1970-01-19T19:44:11.218Z",
          "lastModifiedBy": "8e6d47e0-7969-4fde-a62c-4fea4f165e98",
          "lastModifiedByType": "Application",
          "lastModifiedAt": "1970-01-19T19:44:11.218Z"
        },
        "properties": {
          "sku": {
            "family": "A",
            "name": "standard"
          },
          "tenantId": "72f988bf-86f1-41af-91ab-2d7cd011db47",
          "networkAcls": {
            "bypass": "AzureServices",
            "defaultAction": "Allow",
            "ipRules": [
              {
                "value": "1.2.3.4/32"
              },
              {
                "value": "1.0.0.0/25"
              }
            ],
            "virtualNetworkRules": []
          },
          "accessPolicies": [
            {
              "tenantId": "72f988bf-86f1-41af-91ab-2d7cd011db47",
              "objectId": "7bee3764-dbea-4729-9c33-446f321aa721",
              "permissions": {
                "keys": [
                  "all"
                ],
                "secrets": [
                  "all"
                ],
                "certificates": [
                  "all"
                ],
                "storage": [
                  "all"
                ]
              }
            }
          ],
          "enabledForDeployment": true,
          "enabledForDiskEncryption": true,
          "enabledForTemplateDeployment": true,
          "enableSoftDelete": true,
          "vaultUri": "https://sdktestvault4530.vault.azure.net/",
          "provisioningState": "RegisteringDns"
        }
      }
    },
    {
      "RequestUri": "https://management.azure.com/subscriptions/0accec26-d6de-4757-8e74-d080f38eaaab/resourceGroups/sdktestrg5540/providers/Microsoft.KeyVault/vaults/sdktestvault4530?api-version=2021-04-01-preview",
      "RequestMethod": "GET",
      "RequestHeaders": {
        "Authorization": "Sanitized",
        "User-Agent": [
          "azsdk-net-ResourceManager.Core/1.0.0-alpha.20210714.1",
          "(.NET Core 4.6.30015.01; Microsoft Windows 10.0.19043 )"
        ],
        "x-ms-client-request-id": "44e18b3709f44c8e239f3f9b1667fd04",
        "x-ms-return-client-request-id": "true"
      },
      "RequestBody": null,
      "StatusCode": 200,
      "ResponseHeaders": {
        "Cache-Control": "no-cache",
        "Content-Length": "1235",
        "Content-Type": "application/json; charset=utf-8",
        "Date": "Wed, 14 Jul 2021 08:27:07 GMT",
        "Expires": "-1",
        "Pragma": "no-cache",
        "Server": "Microsoft-IIS/10.0",
        "Strict-Transport-Security": "max-age=31536000; includeSubDomains",
        "X-AspNet-Version": "4.0.30319",
        "X-Content-Type-Options": "nosniff",
        "x-ms-client-request-id": "44e18b3709f44c8e239f3f9b1667fd04",
        "x-ms-correlation-request-id": "c20d8f62-5592-45fc-9db7-6aa2f553c688",
        "x-ms-keyvault-service-version": "1.5.23.5",
        "x-ms-ratelimit-remaining-subscription-reads": "11983",
        "x-ms-request-id": "be444def-3dc8-4775-9f0d-1bd573df87a3",
        "x-ms-routing-request-id": "SOUTHEASTASIA:20210714T082708Z:c20d8f62-5592-45fc-9db7-6aa2f553c688",
        "X-Powered-By": "ASP.NET"
      },
      "ResponseBody": {
        "id": "/subscriptions/0accec26-d6de-4757-8e74-d080f38eaaab/resourceGroups/sdktestrg5540/providers/Microsoft.KeyVault/vaults/sdktestvault4530",
        "name": "sdktestvault4530",
        "type": "Microsoft.KeyVault/vaults",
        "location": "North Central US",
        "tags": {
          "tag1": "value1",
          "tag2": "value2",
          "tag3": "value3"
        },
        "systemData": {
          "createdBy": "8e6d47e0-7969-4fde-a62c-4fea4f165e98",
          "createdByType": "Application",
          "createdAt": "1970-01-19T19:44:11.218Z",
          "lastModifiedBy": "8e6d47e0-7969-4fde-a62c-4fea4f165e98",
          "lastModifiedByType": "Application",
          "lastModifiedAt": "1970-01-19T19:44:11.218Z"
        },
        "properties": {
          "sku": {
            "family": "A",
            "name": "standard"
          },
          "tenantId": "72f988bf-86f1-41af-91ab-2d7cd011db47",
          "networkAcls": {
            "bypass": "AzureServices",
            "defaultAction": "Allow",
            "ipRules": [
              {
                "value": "1.2.3.4/32"
              },
              {
                "value": "1.0.0.0/25"
              }
            ],
            "virtualNetworkRules": []
          },
          "accessPolicies": [
            {
              "tenantId": "72f988bf-86f1-41af-91ab-2d7cd011db47",
              "objectId": "7bee3764-dbea-4729-9c33-446f321aa721",
              "permissions": {
                "keys": [
                  "all"
                ],
                "secrets": [
                  "all"
                ],
                "certificates": [
                  "all"
                ],
                "storage": [
                  "all"
                ]
              }
            }
          ],
          "enabledForDeployment": true,
          "enabledForDiskEncryption": true,
          "enabledForTemplateDeployment": true,
          "enableSoftDelete": true,
          "vaultUri": "https://sdktestvault4530.vault.azure.net/",
          "provisioningState": "RegisteringDns"
        }
      }
    },
    {
      "RequestUri": "https://management.azure.com/subscriptions/0accec26-d6de-4757-8e74-d080f38eaaab/resourceGroups/sdktestrg5540/providers/Microsoft.KeyVault/vaults/sdktestvault4530?api-version=2021-04-01-preview",
      "RequestMethod": "GET",
      "RequestHeaders": {
        "Authorization": "Sanitized",
        "User-Agent": [
          "azsdk-net-ResourceManager.Core/1.0.0-alpha.20210714.1",
          "(.NET Core 4.6.30015.01; Microsoft Windows 10.0.19043 )"
        ],
        "x-ms-client-request-id": "236cc52104741160238cfab2b602dc5f",
        "x-ms-return-client-request-id": "true"
      },
      "RequestBody": null,
      "StatusCode": 200,
      "ResponseHeaders": {
        "Cache-Control": "no-cache",
        "Content-Length": "1235",
        "Content-Type": "application/json; charset=utf-8",
        "Date": "Wed, 14 Jul 2021 08:27:09 GMT",
        "Expires": "-1",
        "Pragma": "no-cache",
        "Server": "Microsoft-IIS/10.0",
        "Strict-Transport-Security": "max-age=31536000; includeSubDomains",
        "X-AspNet-Version": "4.0.30319",
        "X-Content-Type-Options": "nosniff",
        "x-ms-client-request-id": "236cc52104741160238cfab2b602dc5f",
        "x-ms-correlation-request-id": "58001055-913a-4c5b-9a50-9cd641c30f1a",
        "x-ms-keyvault-service-version": "1.5.23.5",
        "x-ms-ratelimit-remaining-subscription-reads": "11982",
        "x-ms-request-id": "5b0a49c0-f441-4994-9184-849a84d92f17",
        "x-ms-routing-request-id": "SOUTHEASTASIA:20210714T082709Z:58001055-913a-4c5b-9a50-9cd641c30f1a",
        "X-Powered-By": "ASP.NET"
      },
      "ResponseBody": {
        "id": "/subscriptions/0accec26-d6de-4757-8e74-d080f38eaaab/resourceGroups/sdktestrg5540/providers/Microsoft.KeyVault/vaults/sdktestvault4530",
        "name": "sdktestvault4530",
        "type": "Microsoft.KeyVault/vaults",
        "location": "North Central US",
        "tags": {
          "tag1": "value1",
          "tag2": "value2",
          "tag3": "value3"
        },
        "systemData": {
          "createdBy": "8e6d47e0-7969-4fde-a62c-4fea4f165e98",
          "createdByType": "Application",
          "createdAt": "1970-01-19T19:44:11.218Z",
          "lastModifiedBy": "8e6d47e0-7969-4fde-a62c-4fea4f165e98",
          "lastModifiedByType": "Application",
          "lastModifiedAt": "1970-01-19T19:44:11.218Z"
        },
        "properties": {
          "sku": {
            "family": "A",
            "name": "standard"
          },
          "tenantId": "72f988bf-86f1-41af-91ab-2d7cd011db47",
          "networkAcls": {
            "bypass": "AzureServices",
            "defaultAction": "Allow",
            "ipRules": [
              {
                "value": "1.2.3.4/32"
              },
              {
                "value": "1.0.0.0/25"
              }
            ],
            "virtualNetworkRules": []
          },
          "accessPolicies": [
            {
              "tenantId": "72f988bf-86f1-41af-91ab-2d7cd011db47",
              "objectId": "7bee3764-dbea-4729-9c33-446f321aa721",
              "permissions": {
                "keys": [
                  "all"
                ],
                "secrets": [
                  "all"
                ],
                "certificates": [
                  "all"
                ],
                "storage": [
                  "all"
                ]
              }
            }
          ],
          "enabledForDeployment": true,
          "enabledForDiskEncryption": true,
          "enabledForTemplateDeployment": true,
          "enableSoftDelete": true,
          "vaultUri": "https://sdktestvault4530.vault.azure.net/",
          "provisioningState": "RegisteringDns"
        }
      }
    },
    {
      "RequestUri": "https://management.azure.com/subscriptions/0accec26-d6de-4757-8e74-d080f38eaaab/resourceGroups/sdktestrg5540/providers/Microsoft.KeyVault/vaults/sdktestvault4530?api-version=2021-04-01-preview",
      "RequestMethod": "GET",
      "RequestHeaders": {
        "Authorization": "Sanitized",
        "User-Agent": [
          "azsdk-net-ResourceManager.Core/1.0.0-alpha.20210714.1",
          "(.NET Core 4.6.30015.01; Microsoft Windows 10.0.19043 )"
        ],
        "x-ms-client-request-id": "bb1db86824361e4815f2c7a7ee3744ff",
        "x-ms-return-client-request-id": "true"
      },
      "RequestBody": null,
      "StatusCode": 200,
      "ResponseHeaders": {
        "Cache-Control": "no-cache",
        "Content-Length": "1235",
        "Content-Type": "application/json; charset=utf-8",
        "Date": "Wed, 14 Jul 2021 08:27:10 GMT",
        "Expires": "-1",
        "Pragma": "no-cache",
        "Server": "Microsoft-IIS/10.0",
        "Strict-Transport-Security": "max-age=31536000; includeSubDomains",
        "X-AspNet-Version": "4.0.30319",
        "X-Content-Type-Options": "nosniff",
        "x-ms-client-request-id": "bb1db86824361e4815f2c7a7ee3744ff",
        "x-ms-correlation-request-id": "6d83405f-97fd-474e-a598-744353567052",
        "x-ms-keyvault-service-version": "1.5.23.5",
        "x-ms-ratelimit-remaining-subscription-reads": "11981",
        "x-ms-request-id": "013e6f41-6610-4c8c-8fec-5f5da4bcf256",
        "x-ms-routing-request-id": "SOUTHEASTASIA:20210714T082710Z:6d83405f-97fd-474e-a598-744353567052",
        "X-Powered-By": "ASP.NET"
      },
      "ResponseBody": {
        "id": "/subscriptions/0accec26-d6de-4757-8e74-d080f38eaaab/resourceGroups/sdktestrg5540/providers/Microsoft.KeyVault/vaults/sdktestvault4530",
        "name": "sdktestvault4530",
        "type": "Microsoft.KeyVault/vaults",
        "location": "North Central US",
        "tags": {
          "tag1": "value1",
          "tag2": "value2",
          "tag3": "value3"
        },
        "systemData": {
          "createdBy": "8e6d47e0-7969-4fde-a62c-4fea4f165e98",
          "createdByType": "Application",
          "createdAt": "1970-01-19T19:44:11.218Z",
          "lastModifiedBy": "8e6d47e0-7969-4fde-a62c-4fea4f165e98",
          "lastModifiedByType": "Application",
          "lastModifiedAt": "1970-01-19T19:44:11.218Z"
        },
        "properties": {
          "sku": {
            "family": "A",
            "name": "standard"
          },
          "tenantId": "72f988bf-86f1-41af-91ab-2d7cd011db47",
          "networkAcls": {
            "bypass": "AzureServices",
            "defaultAction": "Allow",
            "ipRules": [
              {
                "value": "1.2.3.4/32"
              },
              {
                "value": "1.0.0.0/25"
              }
            ],
            "virtualNetworkRules": []
          },
          "accessPolicies": [
            {
              "tenantId": "72f988bf-86f1-41af-91ab-2d7cd011db47",
              "objectId": "7bee3764-dbea-4729-9c33-446f321aa721",
              "permissions": {
                "keys": [
                  "all"
                ],
                "secrets": [
                  "all"
                ],
                "certificates": [
                  "all"
                ],
                "storage": [
                  "all"
                ]
              }
            }
          ],
          "enabledForDeployment": true,
          "enabledForDiskEncryption": true,
          "enabledForTemplateDeployment": true,
          "enableSoftDelete": true,
          "vaultUri": "https://sdktestvault4530.vault.azure.net/",
          "provisioningState": "RegisteringDns"
        }
      }
    },
    {
      "RequestUri": "https://management.azure.com/subscriptions/0accec26-d6de-4757-8e74-d080f38eaaab/resourceGroups/sdktestrg5540/providers/Microsoft.KeyVault/vaults/sdktestvault4530?api-version=2021-04-01-preview",
      "RequestMethod": "GET",
      "RequestHeaders": {
        "Authorization": "Sanitized",
        "User-Agent": [
          "azsdk-net-ResourceManager.Core/1.0.0-alpha.20210714.1",
          "(.NET Core 4.6.30015.01; Microsoft Windows 10.0.19043 )"
        ],
        "x-ms-client-request-id": "baf1bde08c6232682bcf21670fdb9521",
        "x-ms-return-client-request-id": "true"
      },
      "RequestBody": null,
      "StatusCode": 200,
      "ResponseHeaders": {
        "Cache-Control": "no-cache",
        "Content-Length": "1235",
        "Content-Type": "application/json; charset=utf-8",
        "Date": "Wed, 14 Jul 2021 08:27:11 GMT",
        "Expires": "-1",
        "Pragma": "no-cache",
        "Server": "Microsoft-IIS/10.0",
        "Strict-Transport-Security": "max-age=31536000; includeSubDomains",
        "X-AspNet-Version": "4.0.30319",
        "X-Content-Type-Options": "nosniff",
        "x-ms-client-request-id": "baf1bde08c6232682bcf21670fdb9521",
        "x-ms-correlation-request-id": "39f48d3a-2ab3-4773-8b53-81e1cdc7a82e",
        "x-ms-keyvault-service-version": "1.5.23.5",
        "x-ms-ratelimit-remaining-subscription-reads": "11980",
        "x-ms-request-id": "a40bd0e0-980e-445d-afde-f09f79831863",
        "x-ms-routing-request-id": "SOUTHEASTASIA:20210714T082712Z:39f48d3a-2ab3-4773-8b53-81e1cdc7a82e",
        "X-Powered-By": "ASP.NET"
      },
      "ResponseBody": {
        "id": "/subscriptions/0accec26-d6de-4757-8e74-d080f38eaaab/resourceGroups/sdktestrg5540/providers/Microsoft.KeyVault/vaults/sdktestvault4530",
        "name": "sdktestvault4530",
        "type": "Microsoft.KeyVault/vaults",
        "location": "North Central US",
        "tags": {
          "tag1": "value1",
          "tag2": "value2",
          "tag3": "value3"
        },
        "systemData": {
          "createdBy": "8e6d47e0-7969-4fde-a62c-4fea4f165e98",
          "createdByType": "Application",
          "createdAt": "1970-01-19T19:44:11.218Z",
          "lastModifiedBy": "8e6d47e0-7969-4fde-a62c-4fea4f165e98",
          "lastModifiedByType": "Application",
          "lastModifiedAt": "1970-01-19T19:44:11.218Z"
        },
        "properties": {
          "sku": {
            "family": "A",
            "name": "standard"
          },
          "tenantId": "72f988bf-86f1-41af-91ab-2d7cd011db47",
          "networkAcls": {
            "bypass": "AzureServices",
            "defaultAction": "Allow",
            "ipRules": [
              {
                "value": "1.2.3.4/32"
              },
              {
                "value": "1.0.0.0/25"
              }
            ],
            "virtualNetworkRules": []
          },
          "accessPolicies": [
            {
              "tenantId": "72f988bf-86f1-41af-91ab-2d7cd011db47",
              "objectId": "7bee3764-dbea-4729-9c33-446f321aa721",
              "permissions": {
                "keys": [
                  "all"
                ],
                "secrets": [
                  "all"
                ],
                "certificates": [
                  "all"
                ],
                "storage": [
                  "all"
                ]
              }
            }
          ],
          "enabledForDeployment": true,
          "enabledForDiskEncryption": true,
          "enabledForTemplateDeployment": true,
          "enableSoftDelete": true,
          "vaultUri": "https://sdktestvault4530.vault.azure.net/",
          "provisioningState": "RegisteringDns"
        }
      }
    },
    {
      "RequestUri": "https://management.azure.com/subscriptions/0accec26-d6de-4757-8e74-d080f38eaaab/resourceGroups/sdktestrg5540/providers/Microsoft.KeyVault/vaults/sdktestvault4530?api-version=2021-04-01-preview",
      "RequestMethod": "GET",
      "RequestHeaders": {
        "Authorization": "Sanitized",
        "User-Agent": [
          "azsdk-net-ResourceManager.Core/1.0.0-alpha.20210714.1",
          "(.NET Core 4.6.30015.01; Microsoft Windows 10.0.19043 )"
        ],
        "x-ms-client-request-id": "5d33dfc2424afcce7d4e0e823cb922eb",
        "x-ms-return-client-request-id": "true"
      },
      "RequestBody": null,
      "StatusCode": 200,
      "ResponseHeaders": {
        "Cache-Control": "no-cache",
        "Content-Length": "1235",
        "Content-Type": "application/json; charset=utf-8",
        "Date": "Wed, 14 Jul 2021 08:27:13 GMT",
        "Expires": "-1",
        "Pragma": "no-cache",
        "Server": "Microsoft-IIS/10.0",
        "Strict-Transport-Security": "max-age=31536000; includeSubDomains",
        "X-AspNet-Version": "4.0.30319",
        "X-Content-Type-Options": "nosniff",
        "x-ms-client-request-id": "5d33dfc2424afcce7d4e0e823cb922eb",
        "x-ms-correlation-request-id": "d2977a16-3b6f-42ea-bdbe-216a3b816c34",
        "x-ms-keyvault-service-version": "1.5.23.5",
        "x-ms-ratelimit-remaining-subscription-reads": "11979",
        "x-ms-request-id": "6b9377d1-1f7d-470c-9d25-4f6bc1bd4106",
        "x-ms-routing-request-id": "SOUTHEASTASIA:20210714T082713Z:d2977a16-3b6f-42ea-bdbe-216a3b816c34",
        "X-Powered-By": "ASP.NET"
      },
      "ResponseBody": {
        "id": "/subscriptions/0accec26-d6de-4757-8e74-d080f38eaaab/resourceGroups/sdktestrg5540/providers/Microsoft.KeyVault/vaults/sdktestvault4530",
        "name": "sdktestvault4530",
        "type": "Microsoft.KeyVault/vaults",
        "location": "North Central US",
        "tags": {
          "tag1": "value1",
          "tag2": "value2",
          "tag3": "value3"
        },
        "systemData": {
          "createdBy": "8e6d47e0-7969-4fde-a62c-4fea4f165e98",
          "createdByType": "Application",
          "createdAt": "1970-01-19T19:44:11.218Z",
          "lastModifiedBy": "8e6d47e0-7969-4fde-a62c-4fea4f165e98",
          "lastModifiedByType": "Application",
          "lastModifiedAt": "1970-01-19T19:44:11.218Z"
        },
        "properties": {
          "sku": {
            "family": "A",
            "name": "standard"
          },
          "tenantId": "72f988bf-86f1-41af-91ab-2d7cd011db47",
          "networkAcls": {
            "bypass": "AzureServices",
            "defaultAction": "Allow",
            "ipRules": [
              {
                "value": "1.2.3.4/32"
              },
              {
                "value": "1.0.0.0/25"
              }
            ],
            "virtualNetworkRules": []
          },
          "accessPolicies": [
            {
              "tenantId": "72f988bf-86f1-41af-91ab-2d7cd011db47",
              "objectId": "7bee3764-dbea-4729-9c33-446f321aa721",
              "permissions": {
                "keys": [
                  "all"
                ],
                "secrets": [
                  "all"
                ],
                "certificates": [
                  "all"
                ],
                "storage": [
                  "all"
                ]
              }
            }
          ],
          "enabledForDeployment": true,
          "enabledForDiskEncryption": true,
          "enabledForTemplateDeployment": true,
          "enableSoftDelete": true,
          "vaultUri": "https://sdktestvault4530.vault.azure.net/",
          "provisioningState": "RegisteringDns"
        }
      }
    },
    {
      "RequestUri": "https://management.azure.com/subscriptions/0accec26-d6de-4757-8e74-d080f38eaaab/resourceGroups/sdktestrg5540/providers/Microsoft.KeyVault/vaults/sdktestvault4530?api-version=2021-04-01-preview",
      "RequestMethod": "GET",
      "RequestHeaders": {
        "Authorization": "Sanitized",
        "User-Agent": [
          "azsdk-net-ResourceManager.Core/1.0.0-alpha.20210714.1",
          "(.NET Core 4.6.30015.01; Microsoft Windows 10.0.19043 )"
        ],
        "x-ms-client-request-id": "f8d2fa482210dbfd4fea906603e00e3a",
        "x-ms-return-client-request-id": "true"
      },
      "RequestBody": null,
      "StatusCode": 200,
      "ResponseHeaders": {
        "Cache-Control": "no-cache",
        "Content-Length": "1230",
        "Content-Type": "application/json; charset=utf-8",
        "Date": "Wed, 14 Jul 2021 08:27:14 GMT",
        "Expires": "-1",
        "Pragma": "no-cache",
        "Server": "Microsoft-IIS/10.0",
        "Strict-Transport-Security": "max-age=31536000; includeSubDomains",
        "X-AspNet-Version": "4.0.30319",
        "X-Content-Type-Options": "nosniff",
        "x-ms-client-request-id": "f8d2fa482210dbfd4fea906603e00e3a",
        "x-ms-correlation-request-id": "015ab5c3-ebb2-4e2c-9e4d-291a9347b9a0",
        "x-ms-keyvault-service-version": "1.5.23.5",
        "x-ms-ratelimit-remaining-subscription-reads": "11978",
        "x-ms-request-id": "30e6e8fb-2347-41a2-91cd-9a3054e62168",
        "x-ms-routing-request-id": "SOUTHEASTASIA:20210714T082714Z:015ab5c3-ebb2-4e2c-9e4d-291a9347b9a0",
        "X-Powered-By": "ASP.NET"
      },
      "ResponseBody": {
        "id": "/subscriptions/0accec26-d6de-4757-8e74-d080f38eaaab/resourceGroups/sdktestrg5540/providers/Microsoft.KeyVault/vaults/sdktestvault4530",
        "name": "sdktestvault4530",
        "type": "Microsoft.KeyVault/vaults",
        "location": "North Central US",
        "tags": {
          "tag1": "value1",
          "tag2": "value2",
          "tag3": "value3"
        },
        "systemData": {
          "createdBy": "8e6d47e0-7969-4fde-a62c-4fea4f165e98",
          "createdByType": "Application",
          "createdAt": "1970-01-19T19:44:11.218Z",
          "lastModifiedBy": "8e6d47e0-7969-4fde-a62c-4fea4f165e98",
          "lastModifiedByType": "Application",
          "lastModifiedAt": "1970-01-19T19:44:11.218Z"
        },
        "properties": {
          "sku": {
            "family": "A",
            "name": "standard"
          },
          "tenantId": "72f988bf-86f1-41af-91ab-2d7cd011db47",
          "networkAcls": {
            "bypass": "AzureServices",
            "defaultAction": "Allow",
            "ipRules": [
              {
                "value": "1.2.3.4/32"
              },
              {
                "value": "1.0.0.0/25"
              }
            ],
            "virtualNetworkRules": []
          },
          "accessPolicies": [
            {
              "tenantId": "72f988bf-86f1-41af-91ab-2d7cd011db47",
              "objectId": "7bee3764-dbea-4729-9c33-446f321aa721",
              "permissions": {
                "keys": [
                  "all"
                ],
                "secrets": [
                  "all"
                ],
                "certificates": [
                  "all"
                ],
                "storage": [
                  "all"
                ]
              }
            }
          ],
          "enabledForDeployment": true,
          "enabledForDiskEncryption": true,
          "enabledForTemplateDeployment": true,
          "enableSoftDelete": true,
          "vaultUri": "https://sdktestvault4530.vault.azure.net/",
          "provisioningState": "Succeeded"
        }
      }
    },
    {
      "RequestUri": "https://management.azure.com/subscriptions/0accec26-d6de-4757-8e74-d080f38eaaab/resourceGroups/sdktestrg5540/providers/Microsoft.KeyVault/vaults/sdktestvault4227?api-version=2021-04-01-preview",
      "RequestMethod": "PUT",
      "RequestHeaders": {
        "Accept": "application/json",
        "Authorization": "Sanitized",
        "Content-Length": "636",
        "Content-Type": "application/json",
        "User-Agent": [
          "azsdk-net-ResourceManager.Core/1.0.0-alpha.20210714.1",
          "(.NET Core 4.6.30015.01; Microsoft Windows 10.0.19043 )"
        ],
        "x-ms-client-request-id": "030fe4a6b5e6ef9ef43c147ee6f571ad",
        "x-ms-return-client-request-id": "true"
      },
      "RequestBody": {
        "location": "North Central US",
        "tags": {
          "tag1": "value1",
          "tag2": "value2",
          "tag3": "value3"
        },
        "properties": {
          "tenantId": "72f988bf-86f1-41af-91ab-2d7cd011db47",
          "sku": {
            "name": "standard",
            "family": "A"
          },
          "accessPolicies": [
            {
              "tenantId": "72f988bf-86f1-41af-91ab-2d7cd011db47",
              "objectId": "7bee3764-dbea-4729-9c33-446f321aa721",
              "permissions": {
                "keys": [
                  "all"
                ],
                "secrets": [
                  "all"
                ],
                "certificates": [
                  "all"
                ],
                "storage": [
                  "all"
                ]
              }
            }
          ],
          "vaultUri": "",
          "enabledForDeployment": true,
          "enabledForDiskEncryption": true,
          "enabledForTemplateDeployment": true,
          "networkAcls": {
            "bypass": "AzureServices",
            "defaultAction": "Allow",
            "ipRules": [
              {
                "value": "1.2.3.4/32"
              },
              {
                "value": "1.0.0.0/25"
              }
            ]
          }
        }
      },
      "StatusCode": 200,
      "ResponseHeaders": {
        "Cache-Control": "no-cache",
        "Content-Length": "1234",
        "Content-Type": "application/json; charset=utf-8",
        "Date": "Wed, 14 Jul 2021 08:27:18 GMT",
        "Expires": "-1",
        "Pragma": "no-cache",
        "Server": "Microsoft-IIS/10.0",
        "Strict-Transport-Security": "max-age=31536000; includeSubDomains",
        "X-AspNet-Version": "4.0.30319",
        "X-Content-Type-Options": "nosniff",
        "x-ms-client-request-id": "030fe4a6b5e6ef9ef43c147ee6f571ad",
        "x-ms-correlation-request-id": "bbea1d39-c590-4e17-aed7-87f0ee11c57e",
        "x-ms-keyvault-service-version": "1.5.23.5",
        "x-ms-ratelimit-remaining-subscription-writes": "1196",
        "x-ms-request-id": "3d5c0d1b-bda2-40ba-ae6e-895cd456cbae",
        "x-ms-routing-request-id": "SOUTHEASTASIA:20210714T082719Z:bbea1d39-c590-4e17-aed7-87f0ee11c57e",
        "X-Powered-By": "ASP.NET"
      },
      "ResponseBody": {
        "id": "/subscriptions/0accec26-d6de-4757-8e74-d080f38eaaab/resourceGroups/sdktestrg5540/providers/Microsoft.KeyVault/vaults/sdktestvault4227",
        "name": "sdktestvault4227",
        "type": "Microsoft.KeyVault/vaults",
        "location": "North Central US",
        "tags": {
          "tag1": "value1",
          "tag2": "value2",
          "tag3": "value3"
        },
        "systemData": {
          "createdBy": "8e6d47e0-7969-4fde-a62c-4fea4f165e98",
          "createdByType": "Application",
          "createdAt": "1970-01-19T19:44:11.237Z",
          "lastModifiedBy": "8e6d47e0-7969-4fde-a62c-4fea4f165e98",
          "lastModifiedByType": "Application",
          "lastModifiedAt": "1970-01-19T19:44:11.237Z"
        },
        "properties": {
          "sku": {
            "family": "A",
            "name": "standard"
          },
          "tenantId": "72f988bf-86f1-41af-91ab-2d7cd011db47",
          "networkAcls": {
            "bypass": "AzureServices",
            "defaultAction": "Allow",
            "ipRules": [
              {
                "value": "1.2.3.4/32"
              },
              {
                "value": "1.0.0.0/25"
              }
            ],
            "virtualNetworkRules": []
          },
          "accessPolicies": [
            {
              "tenantId": "72f988bf-86f1-41af-91ab-2d7cd011db47",
              "objectId": "7bee3764-dbea-4729-9c33-446f321aa721",
              "permissions": {
                "keys": [
                  "all"
                ],
                "secrets": [
                  "all"
                ],
                "certificates": [
                  "all"
                ],
                "storage": [
                  "all"
                ]
              }
            }
          ],
          "enabledForDeployment": true,
          "enabledForDiskEncryption": true,
          "enabledForTemplateDeployment": true,
          "enableSoftDelete": true,
          "vaultUri": "https://sdktestvault4227.vault.azure.net",
          "provisioningState": "RegisteringDns"
        }
      }
    },
    {
      "RequestUri": "https://management.azure.com/subscriptions/0accec26-d6de-4757-8e74-d080f38eaaab/resourceGroups/sdktestrg5540/providers/Microsoft.KeyVault/vaults/sdktestvault4227?api-version=2021-04-01-preview",
      "RequestMethod": "GET",
      "RequestHeaders": {
        "Authorization": "Sanitized",
        "User-Agent": [
          "azsdk-net-ResourceManager.Core/1.0.0-alpha.20210714.1",
          "(.NET Core 4.6.30015.01; Microsoft Windows 10.0.19043 )"
        ],
        "x-ms-client-request-id": "d49626d4e813456133091ce5e85c69f5",
        "x-ms-return-client-request-id": "true"
      },
      "RequestBody": null,
      "StatusCode": 200,
      "ResponseHeaders": {
        "Cache-Control": "no-cache",
        "Content-Length": "1235",
        "Content-Type": "application/json; charset=utf-8",
        "Date": "Wed, 14 Jul 2021 08:27:20 GMT",
        "Expires": "-1",
        "Pragma": "no-cache",
        "Server": "Microsoft-IIS/10.0",
        "Strict-Transport-Security": "max-age=31536000; includeSubDomains",
        "X-AspNet-Version": "4.0.30319",
        "X-Content-Type-Options": "nosniff",
        "x-ms-client-request-id": "d49626d4e813456133091ce5e85c69f5",
        "x-ms-correlation-request-id": "f9d894de-e260-4b4c-9654-95b74a713fe0",
        "x-ms-keyvault-service-version": "1.5.23.5",
        "x-ms-ratelimit-remaining-subscription-reads": "11977",
        "x-ms-request-id": "8ecf71be-aa28-42c3-a73b-da43afb24437",
        "x-ms-routing-request-id": "SOUTHEASTASIA:20210714T082720Z:f9d894de-e260-4b4c-9654-95b74a713fe0",
        "X-Powered-By": "ASP.NET"
      },
      "ResponseBody": {
        "id": "/subscriptions/0accec26-d6de-4757-8e74-d080f38eaaab/resourceGroups/sdktestrg5540/providers/Microsoft.KeyVault/vaults/sdktestvault4227",
        "name": "sdktestvault4227",
        "type": "Microsoft.KeyVault/vaults",
        "location": "North Central US",
        "tags": {
          "tag1": "value1",
          "tag2": "value2",
          "tag3": "value3"
        },
        "systemData": {
          "createdBy": "8e6d47e0-7969-4fde-a62c-4fea4f165e98",
          "createdByType": "Application",
          "createdAt": "1970-01-19T19:44:11.237Z",
          "lastModifiedBy": "8e6d47e0-7969-4fde-a62c-4fea4f165e98",
          "lastModifiedByType": "Application",
          "lastModifiedAt": "1970-01-19T19:44:11.237Z"
        },
        "properties": {
          "sku": {
            "family": "A",
            "name": "standard"
          },
          "tenantId": "72f988bf-86f1-41af-91ab-2d7cd011db47",
          "networkAcls": {
            "bypass": "AzureServices",
            "defaultAction": "Allow",
            "ipRules": [
              {
                "value": "1.2.3.4/32"
              },
              {
                "value": "1.0.0.0/25"
              }
            ],
            "virtualNetworkRules": []
          },
          "accessPolicies": [
            {
              "tenantId": "72f988bf-86f1-41af-91ab-2d7cd011db47",
              "objectId": "7bee3764-dbea-4729-9c33-446f321aa721",
              "permissions": {
                "keys": [
                  "all"
                ],
                "secrets": [
                  "all"
                ],
                "certificates": [
                  "all"
                ],
                "storage": [
                  "all"
                ]
              }
            }
          ],
          "enabledForDeployment": true,
          "enabledForDiskEncryption": true,
          "enabledForTemplateDeployment": true,
          "enableSoftDelete": true,
          "vaultUri": "https://sdktestvault4227.vault.azure.net/",
          "provisioningState": "RegisteringDns"
        }
      }
    },
    {
      "RequestUri": "https://management.azure.com/subscriptions/0accec26-d6de-4757-8e74-d080f38eaaab/resourceGroups/sdktestrg5540/providers/Microsoft.KeyVault/vaults/sdktestvault4227?api-version=2021-04-01-preview",
      "RequestMethod": "GET",
      "RequestHeaders": {
        "Authorization": "Sanitized",
        "User-Agent": [
          "azsdk-net-ResourceManager.Core/1.0.0-alpha.20210714.1",
          "(.NET Core 4.6.30015.01; Microsoft Windows 10.0.19043 )"
        ],
        "x-ms-client-request-id": "c0cdb91e30fa95bf452caad855ec87fb",
        "x-ms-return-client-request-id": "true"
      },
      "RequestBody": null,
      "StatusCode": 200,
      "ResponseHeaders": {
        "Cache-Control": "no-cache",
        "Content-Length": "1235",
        "Content-Type": "application/json; charset=utf-8",
        "Date": "Wed, 14 Jul 2021 08:27:21 GMT",
        "Expires": "-1",
        "Pragma": "no-cache",
        "Server": "Microsoft-IIS/10.0",
        "Strict-Transport-Security": "max-age=31536000; includeSubDomains",
        "X-AspNet-Version": "4.0.30319",
        "X-Content-Type-Options": "nosniff",
        "x-ms-client-request-id": "c0cdb91e30fa95bf452caad855ec87fb",
        "x-ms-correlation-request-id": "75018b38-9e38-4cfa-ad10-083a2db353a5",
        "x-ms-keyvault-service-version": "1.5.23.5",
        "x-ms-ratelimit-remaining-subscription-reads": "11976",
        "x-ms-request-id": "80ac7741-8a1d-4c43-841e-367ff5b0f766",
        "x-ms-routing-request-id": "SOUTHEASTASIA:20210714T082722Z:75018b38-9e38-4cfa-ad10-083a2db353a5",
        "X-Powered-By": "ASP.NET"
      },
      "ResponseBody": {
        "id": "/subscriptions/0accec26-d6de-4757-8e74-d080f38eaaab/resourceGroups/sdktestrg5540/providers/Microsoft.KeyVault/vaults/sdktestvault4227",
        "name": "sdktestvault4227",
        "type": "Microsoft.KeyVault/vaults",
        "location": "North Central US",
        "tags": {
          "tag1": "value1",
          "tag2": "value2",
          "tag3": "value3"
        },
        "systemData": {
          "createdBy": "8e6d47e0-7969-4fde-a62c-4fea4f165e98",
          "createdByType": "Application",
          "createdAt": "1970-01-19T19:44:11.237Z",
          "lastModifiedBy": "8e6d47e0-7969-4fde-a62c-4fea4f165e98",
          "lastModifiedByType": "Application",
          "lastModifiedAt": "1970-01-19T19:44:11.237Z"
        },
        "properties": {
          "sku": {
            "family": "A",
            "name": "standard"
          },
          "tenantId": "72f988bf-86f1-41af-91ab-2d7cd011db47",
          "networkAcls": {
            "bypass": "AzureServices",
            "defaultAction": "Allow",
            "ipRules": [
              {
                "value": "1.2.3.4/32"
              },
              {
                "value": "1.0.0.0/25"
              }
            ],
            "virtualNetworkRules": []
          },
          "accessPolicies": [
            {
              "tenantId": "72f988bf-86f1-41af-91ab-2d7cd011db47",
              "objectId": "7bee3764-dbea-4729-9c33-446f321aa721",
              "permissions": {
                "keys": [
                  "all"
                ],
                "secrets": [
                  "all"
                ],
                "certificates": [
                  "all"
                ],
                "storage": [
                  "all"
                ]
              }
            }
          ],
          "enabledForDeployment": true,
          "enabledForDiskEncryption": true,
          "enabledForTemplateDeployment": true,
          "enableSoftDelete": true,
          "vaultUri": "https://sdktestvault4227.vault.azure.net/",
          "provisioningState": "RegisteringDns"
        }
      }
    },
    {
      "RequestUri": "https://management.azure.com/subscriptions/0accec26-d6de-4757-8e74-d080f38eaaab/resourceGroups/sdktestrg5540/providers/Microsoft.KeyVault/vaults/sdktestvault4227?api-version=2021-04-01-preview",
      "RequestMethod": "GET",
      "RequestHeaders": {
        "Authorization": "Sanitized",
        "User-Agent": [
          "azsdk-net-ResourceManager.Core/1.0.0-alpha.20210714.1",
          "(.NET Core 4.6.30015.01; Microsoft Windows 10.0.19043 )"
        ],
        "x-ms-client-request-id": "bfaad5a09d5e4d99beced593f4b9fafb",
        "x-ms-return-client-request-id": "true"
      },
      "RequestBody": null,
      "StatusCode": 200,
      "ResponseHeaders": {
        "Cache-Control": "no-cache",
        "Content-Length": "1235",
        "Content-Type": "application/json; charset=utf-8",
        "Date": "Wed, 14 Jul 2021 08:27:22 GMT",
        "Expires": "-1",
        "Pragma": "no-cache",
        "Server": "Microsoft-IIS/10.0",
        "Strict-Transport-Security": "max-age=31536000; includeSubDomains",
        "X-AspNet-Version": "4.0.30319",
        "X-Content-Type-Options": "nosniff",
        "x-ms-client-request-id": "bfaad5a09d5e4d99beced593f4b9fafb",
        "x-ms-correlation-request-id": "0936a2eb-4657-4503-9315-6b78527180bc",
        "x-ms-keyvault-service-version": "1.5.23.5",
        "x-ms-ratelimit-remaining-subscription-reads": "11975",
        "x-ms-request-id": "1f69374d-38ab-4ea5-9228-2afa9b680b07",
        "x-ms-routing-request-id": "SOUTHEASTASIA:20210714T082723Z:0936a2eb-4657-4503-9315-6b78527180bc",
        "X-Powered-By": "ASP.NET"
      },
      "ResponseBody": {
        "id": "/subscriptions/0accec26-d6de-4757-8e74-d080f38eaaab/resourceGroups/sdktestrg5540/providers/Microsoft.KeyVault/vaults/sdktestvault4227",
        "name": "sdktestvault4227",
        "type": "Microsoft.KeyVault/vaults",
        "location": "North Central US",
        "tags": {
          "tag1": "value1",
          "tag2": "value2",
          "tag3": "value3"
        },
        "systemData": {
          "createdBy": "8e6d47e0-7969-4fde-a62c-4fea4f165e98",
          "createdByType": "Application",
          "createdAt": "1970-01-19T19:44:11.237Z",
          "lastModifiedBy": "8e6d47e0-7969-4fde-a62c-4fea4f165e98",
          "lastModifiedByType": "Application",
          "lastModifiedAt": "1970-01-19T19:44:11.237Z"
        },
        "properties": {
          "sku": {
            "family": "A",
            "name": "standard"
          },
          "tenantId": "72f988bf-86f1-41af-91ab-2d7cd011db47",
          "networkAcls": {
            "bypass": "AzureServices",
            "defaultAction": "Allow",
            "ipRules": [
              {
                "value": "1.2.3.4/32"
              },
              {
                "value": "1.0.0.0/25"
              }
            ],
            "virtualNetworkRules": []
          },
          "accessPolicies": [
            {
              "tenantId": "72f988bf-86f1-41af-91ab-2d7cd011db47",
              "objectId": "7bee3764-dbea-4729-9c33-446f321aa721",
              "permissions": {
                "keys": [
                  "all"
                ],
                "secrets": [
                  "all"
                ],
                "certificates": [
                  "all"
                ],
                "storage": [
                  "all"
                ]
              }
            }
          ],
          "enabledForDeployment": true,
          "enabledForDiskEncryption": true,
          "enabledForTemplateDeployment": true,
          "enableSoftDelete": true,
          "vaultUri": "https://sdktestvault4227.vault.azure.net/",
          "provisioningState": "RegisteringDns"
        }
      }
    },
    {
      "RequestUri": "https://management.azure.com/subscriptions/0accec26-d6de-4757-8e74-d080f38eaaab/resourceGroups/sdktestrg5540/providers/Microsoft.KeyVault/vaults/sdktestvault4227?api-version=2021-04-01-preview",
      "RequestMethod": "GET",
      "RequestHeaders": {
        "Authorization": "Sanitized",
        "User-Agent": [
          "azsdk-net-ResourceManager.Core/1.0.0-alpha.20210714.1",
          "(.NET Core 4.6.30015.01; Microsoft Windows 10.0.19043 )"
        ],
        "x-ms-client-request-id": "ae9369a4db2ca34567018fe73d89f047",
        "x-ms-return-client-request-id": "true"
      },
      "RequestBody": null,
      "StatusCode": 200,
      "ResponseHeaders": {
        "Cache-Control": "no-cache",
        "Content-Length": "1235",
        "Content-Type": "application/json; charset=utf-8",
        "Date": "Wed, 14 Jul 2021 08:27:24 GMT",
        "Expires": "-1",
        "Pragma": "no-cache",
        "Server": "Microsoft-IIS/10.0",
        "Strict-Transport-Security": "max-age=31536000; includeSubDomains",
        "X-AspNet-Version": "4.0.30319",
        "X-Content-Type-Options": "nosniff",
        "x-ms-client-request-id": "ae9369a4db2ca34567018fe73d89f047",
        "x-ms-correlation-request-id": "b1c8711a-2cc8-4c80-a6d7-3dc4f36047e1",
        "x-ms-keyvault-service-version": "1.5.23.5",
        "x-ms-ratelimit-remaining-subscription-reads": "11974",
        "x-ms-request-id": "8f74e8f1-4914-44de-b743-f14275ff78c3",
        "x-ms-routing-request-id": "SOUTHEASTASIA:20210714T082724Z:b1c8711a-2cc8-4c80-a6d7-3dc4f36047e1",
        "X-Powered-By": "ASP.NET"
      },
      "ResponseBody": {
        "id": "/subscriptions/0accec26-d6de-4757-8e74-d080f38eaaab/resourceGroups/sdktestrg5540/providers/Microsoft.KeyVault/vaults/sdktestvault4227",
        "name": "sdktestvault4227",
        "type": "Microsoft.KeyVault/vaults",
        "location": "North Central US",
        "tags": {
          "tag1": "value1",
          "tag2": "value2",
          "tag3": "value3"
        },
        "systemData": {
          "createdBy": "8e6d47e0-7969-4fde-a62c-4fea4f165e98",
          "createdByType": "Application",
          "createdAt": "1970-01-19T19:44:11.237Z",
          "lastModifiedBy": "8e6d47e0-7969-4fde-a62c-4fea4f165e98",
          "lastModifiedByType": "Application",
          "lastModifiedAt": "1970-01-19T19:44:11.237Z"
        },
        "properties": {
          "sku": {
            "family": "A",
            "name": "standard"
          },
          "tenantId": "72f988bf-86f1-41af-91ab-2d7cd011db47",
          "networkAcls": {
            "bypass": "AzureServices",
            "defaultAction": "Allow",
            "ipRules": [
              {
                "value": "1.2.3.4/32"
              },
              {
                "value": "1.0.0.0/25"
              }
            ],
            "virtualNetworkRules": []
          },
          "accessPolicies": [
            {
              "tenantId": "72f988bf-86f1-41af-91ab-2d7cd011db47",
              "objectId": "7bee3764-dbea-4729-9c33-446f321aa721",
              "permissions": {
                "keys": [
                  "all"
                ],
                "secrets": [
                  "all"
                ],
                "certificates": [
                  "all"
                ],
                "storage": [
                  "all"
                ]
              }
            }
          ],
          "enabledForDeployment": true,
          "enabledForDiskEncryption": true,
          "enabledForTemplateDeployment": true,
          "enableSoftDelete": true,
          "vaultUri": "https://sdktestvault4227.vault.azure.net/",
          "provisioningState": "RegisteringDns"
        }
      }
    },
    {
      "RequestUri": "https://management.azure.com/subscriptions/0accec26-d6de-4757-8e74-d080f38eaaab/resourceGroups/sdktestrg5540/providers/Microsoft.KeyVault/vaults/sdktestvault4227?api-version=2021-04-01-preview",
      "RequestMethod": "GET",
      "RequestHeaders": {
        "Authorization": "Sanitized",
        "User-Agent": [
          "azsdk-net-ResourceManager.Core/1.0.0-alpha.20210714.1",
          "(.NET Core 4.6.30015.01; Microsoft Windows 10.0.19043 )"
        ],
        "x-ms-client-request-id": "12452082a9b281961f7f022b5a2ba08b",
        "x-ms-return-client-request-id": "true"
      },
      "RequestBody": null,
      "StatusCode": 200,
      "ResponseHeaders": {
        "Cache-Control": "no-cache",
        "Content-Length": "1235",
        "Content-Type": "application/json; charset=utf-8",
        "Date": "Wed, 14 Jul 2021 08:27:25 GMT",
        "Expires": "-1",
        "Pragma": "no-cache",
        "Server": "Microsoft-IIS/10.0",
        "Strict-Transport-Security": "max-age=31536000; includeSubDomains",
        "X-AspNet-Version": "4.0.30319",
        "X-Content-Type-Options": "nosniff",
        "x-ms-client-request-id": "12452082a9b281961f7f022b5a2ba08b",
        "x-ms-correlation-request-id": "93bfc8cc-4aff-45e3-9e29-c804a558eb4d",
        "x-ms-keyvault-service-version": "1.5.23.5",
        "x-ms-ratelimit-remaining-subscription-reads": "11973",
        "x-ms-request-id": "a62efe4e-ff8e-408f-95fb-09ac182de902",
        "x-ms-routing-request-id": "SOUTHEASTASIA:20210714T082726Z:93bfc8cc-4aff-45e3-9e29-c804a558eb4d",
        "X-Powered-By": "ASP.NET"
      },
      "ResponseBody": {
        "id": "/subscriptions/0accec26-d6de-4757-8e74-d080f38eaaab/resourceGroups/sdktestrg5540/providers/Microsoft.KeyVault/vaults/sdktestvault4227",
        "name": "sdktestvault4227",
        "type": "Microsoft.KeyVault/vaults",
        "location": "North Central US",
        "tags": {
          "tag1": "value1",
          "tag2": "value2",
          "tag3": "value3"
        },
        "systemData": {
          "createdBy": "8e6d47e0-7969-4fde-a62c-4fea4f165e98",
          "createdByType": "Application",
          "createdAt": "1970-01-19T19:44:11.237Z",
          "lastModifiedBy": "8e6d47e0-7969-4fde-a62c-4fea4f165e98",
          "lastModifiedByType": "Application",
          "lastModifiedAt": "1970-01-19T19:44:11.237Z"
        },
        "properties": {
          "sku": {
            "family": "A",
            "name": "standard"
          },
          "tenantId": "72f988bf-86f1-41af-91ab-2d7cd011db47",
          "networkAcls": {
            "bypass": "AzureServices",
            "defaultAction": "Allow",
            "ipRules": [
              {
                "value": "1.2.3.4/32"
              },
              {
                "value": "1.0.0.0/25"
              }
            ],
            "virtualNetworkRules": []
          },
          "accessPolicies": [
            {
              "tenantId": "72f988bf-86f1-41af-91ab-2d7cd011db47",
              "objectId": "7bee3764-dbea-4729-9c33-446f321aa721",
              "permissions": {
                "keys": [
                  "all"
                ],
                "secrets": [
                  "all"
                ],
                "certificates": [
                  "all"
                ],
                "storage": [
                  "all"
                ]
              }
            }
          ],
          "enabledForDeployment": true,
          "enabledForDiskEncryption": true,
          "enabledForTemplateDeployment": true,
          "enableSoftDelete": true,
          "vaultUri": "https://sdktestvault4227.vault.azure.net/",
          "provisioningState": "RegisteringDns"
        }
      }
    },
    {
      "RequestUri": "https://management.azure.com/subscriptions/0accec26-d6de-4757-8e74-d080f38eaaab/resourceGroups/sdktestrg5540/providers/Microsoft.KeyVault/vaults/sdktestvault4227?api-version=2021-04-01-preview",
      "RequestMethod": "GET",
      "RequestHeaders": {
        "Authorization": "Sanitized",
        "User-Agent": [
          "azsdk-net-ResourceManager.Core/1.0.0-alpha.20210714.1",
          "(.NET Core 4.6.30015.01; Microsoft Windows 10.0.19043 )"
        ],
        "x-ms-client-request-id": "eb33ae32d859c4cf9006585d0db20f34",
        "x-ms-return-client-request-id": "true"
      },
      "RequestBody": null,
      "StatusCode": 200,
      "ResponseHeaders": {
        "Cache-Control": "no-cache",
        "Content-Length": "1235",
        "Content-Type": "application/json; charset=utf-8",
        "Date": "Wed, 14 Jul 2021 08:27:26 GMT",
        "Expires": "-1",
        "Pragma": "no-cache",
        "Server": "Microsoft-IIS/10.0",
        "Strict-Transport-Security": "max-age=31536000; includeSubDomains",
        "X-AspNet-Version": "4.0.30319",
        "X-Content-Type-Options": "nosniff",
        "x-ms-client-request-id": "eb33ae32d859c4cf9006585d0db20f34",
        "x-ms-correlation-request-id": "6a998a43-4148-4c3c-85b1-36c72bf7c5fd",
        "x-ms-keyvault-service-version": "1.5.23.5",
        "x-ms-ratelimit-remaining-subscription-reads": "11972",
        "x-ms-request-id": "2ed25174-65fe-42cc-9d50-5ba59b9a5678",
        "x-ms-routing-request-id": "SOUTHEASTASIA:20210714T082727Z:6a998a43-4148-4c3c-85b1-36c72bf7c5fd",
        "X-Powered-By": "ASP.NET"
      },
      "ResponseBody": {
        "id": "/subscriptions/0accec26-d6de-4757-8e74-d080f38eaaab/resourceGroups/sdktestrg5540/providers/Microsoft.KeyVault/vaults/sdktestvault4227",
        "name": "sdktestvault4227",
        "type": "Microsoft.KeyVault/vaults",
        "location": "North Central US",
        "tags": {
          "tag1": "value1",
          "tag2": "value2",
          "tag3": "value3"
        },
        "systemData": {
          "createdBy": "8e6d47e0-7969-4fde-a62c-4fea4f165e98",
          "createdByType": "Application",
          "createdAt": "1970-01-19T19:44:11.237Z",
          "lastModifiedBy": "8e6d47e0-7969-4fde-a62c-4fea4f165e98",
          "lastModifiedByType": "Application",
          "lastModifiedAt": "1970-01-19T19:44:11.237Z"
        },
        "properties": {
          "sku": {
            "family": "A",
            "name": "standard"
          },
          "tenantId": "72f988bf-86f1-41af-91ab-2d7cd011db47",
          "networkAcls": {
            "bypass": "AzureServices",
            "defaultAction": "Allow",
            "ipRules": [
              {
                "value": "1.2.3.4/32"
              },
              {
                "value": "1.0.0.0/25"
              }
            ],
            "virtualNetworkRules": []
          },
          "accessPolicies": [
            {
              "tenantId": "72f988bf-86f1-41af-91ab-2d7cd011db47",
              "objectId": "7bee3764-dbea-4729-9c33-446f321aa721",
              "permissions": {
                "keys": [
                  "all"
                ],
                "secrets": [
                  "all"
                ],
                "certificates": [
                  "all"
                ],
                "storage": [
                  "all"
                ]
              }
            }
          ],
          "enabledForDeployment": true,
          "enabledForDiskEncryption": true,
          "enabledForTemplateDeployment": true,
          "enableSoftDelete": true,
          "vaultUri": "https://sdktestvault4227.vault.azure.net/",
          "provisioningState": "RegisteringDns"
        }
      }
    },
    {
      "RequestUri": "https://management.azure.com/subscriptions/0accec26-d6de-4757-8e74-d080f38eaaab/resourceGroups/sdktestrg5540/providers/Microsoft.KeyVault/vaults/sdktestvault4227?api-version=2021-04-01-preview",
      "RequestMethod": "GET",
      "RequestHeaders": {
        "Authorization": "Sanitized",
        "User-Agent": [
          "azsdk-net-ResourceManager.Core/1.0.0-alpha.20210714.1",
          "(.NET Core 4.6.30015.01; Microsoft Windows 10.0.19043 )"
        ],
        "x-ms-client-request-id": "d3118edee774fa49d3118eacd919483b",
        "x-ms-return-client-request-id": "true"
      },
      "RequestBody": null,
      "StatusCode": 200,
      "ResponseHeaders": {
        "Cache-Control": "no-cache",
        "Content-Length": "1235",
        "Content-Type": "application/json; charset=utf-8",
        "Date": "Wed, 14 Jul 2021 08:27:28 GMT",
        "Expires": "-1",
        "Pragma": "no-cache",
        "Server": "Microsoft-IIS/10.0",
        "Strict-Transport-Security": "max-age=31536000; includeSubDomains",
        "X-AspNet-Version": "4.0.30319",
        "X-Content-Type-Options": "nosniff",
        "x-ms-client-request-id": "d3118edee774fa49d3118eacd919483b",
        "x-ms-correlation-request-id": "c350cb7d-57be-4087-b87b-5ad7199662b4",
        "x-ms-keyvault-service-version": "1.5.23.5",
        "x-ms-ratelimit-remaining-subscription-reads": "11971",
        "x-ms-request-id": "21f6bfa3-754d-440c-ad47-f60971483e22",
        "x-ms-routing-request-id": "SOUTHEASTASIA:20210714T082728Z:c350cb7d-57be-4087-b87b-5ad7199662b4",
        "X-Powered-By": "ASP.NET"
      },
      "ResponseBody": {
        "id": "/subscriptions/0accec26-d6de-4757-8e74-d080f38eaaab/resourceGroups/sdktestrg5540/providers/Microsoft.KeyVault/vaults/sdktestvault4227",
        "name": "sdktestvault4227",
        "type": "Microsoft.KeyVault/vaults",
        "location": "North Central US",
        "tags": {
          "tag1": "value1",
          "tag2": "value2",
          "tag3": "value3"
        },
        "systemData": {
          "createdBy": "8e6d47e0-7969-4fde-a62c-4fea4f165e98",
          "createdByType": "Application",
          "createdAt": "1970-01-19T19:44:11.237Z",
          "lastModifiedBy": "8e6d47e0-7969-4fde-a62c-4fea4f165e98",
          "lastModifiedByType": "Application",
          "lastModifiedAt": "1970-01-19T19:44:11.237Z"
        },
        "properties": {
          "sku": {
            "family": "A",
            "name": "standard"
          },
          "tenantId": "72f988bf-86f1-41af-91ab-2d7cd011db47",
          "networkAcls": {
            "bypass": "AzureServices",
            "defaultAction": "Allow",
            "ipRules": [
              {
                "value": "1.2.3.4/32"
              },
              {
                "value": "1.0.0.0/25"
              }
            ],
            "virtualNetworkRules": []
          },
          "accessPolicies": [
            {
              "tenantId": "72f988bf-86f1-41af-91ab-2d7cd011db47",
              "objectId": "7bee3764-dbea-4729-9c33-446f321aa721",
              "permissions": {
                "keys": [
                  "all"
                ],
                "secrets": [
                  "all"
                ],
                "certificates": [
                  "all"
                ],
                "storage": [
                  "all"
                ]
              }
            }
          ],
          "enabledForDeployment": true,
          "enabledForDiskEncryption": true,
          "enabledForTemplateDeployment": true,
          "enableSoftDelete": true,
          "vaultUri": "https://sdktestvault4227.vault.azure.net/",
          "provisioningState": "RegisteringDns"
        }
      }
    },
    {
      "RequestUri": "https://management.azure.com/subscriptions/0accec26-d6de-4757-8e74-d080f38eaaab/resourceGroups/sdktestrg5540/providers/Microsoft.KeyVault/vaults/sdktestvault4227?api-version=2021-04-01-preview",
      "RequestMethod": "GET",
      "RequestHeaders": {
        "Authorization": "Sanitized",
        "User-Agent": [
          "azsdk-net-ResourceManager.Core/1.0.0-alpha.20210714.1",
          "(.NET Core 4.6.30015.01; Microsoft Windows 10.0.19043 )"
        ],
        "x-ms-client-request-id": "8eb404600455a9ed518182ab5039736d",
        "x-ms-return-client-request-id": "true"
      },
      "RequestBody": null,
      "StatusCode": 200,
      "ResponseHeaders": {
        "Cache-Control": "no-cache",
        "Content-Length": "1235",
        "Content-Type": "application/json; charset=utf-8",
        "Date": "Wed, 14 Jul 2021 08:27:29 GMT",
        "Expires": "-1",
        "Pragma": "no-cache",
        "Server": "Microsoft-IIS/10.0",
        "Strict-Transport-Security": "max-age=31536000; includeSubDomains",
        "X-AspNet-Version": "4.0.30319",
        "X-Content-Type-Options": "nosniff",
        "x-ms-client-request-id": "8eb404600455a9ed518182ab5039736d",
        "x-ms-correlation-request-id": "a2831cf0-4d27-4b1f-9d70-3ea4e908d07a",
        "x-ms-keyvault-service-version": "1.5.23.5",
        "x-ms-ratelimit-remaining-subscription-reads": "11970",
        "x-ms-request-id": "d1ec06b2-f5a5-4d77-8a40-5ea534570e3a",
        "x-ms-routing-request-id": "SOUTHEASTASIA:20210714T082730Z:a2831cf0-4d27-4b1f-9d70-3ea4e908d07a",
        "X-Powered-By": "ASP.NET"
      },
      "ResponseBody": {
        "id": "/subscriptions/0accec26-d6de-4757-8e74-d080f38eaaab/resourceGroups/sdktestrg5540/providers/Microsoft.KeyVault/vaults/sdktestvault4227",
        "name": "sdktestvault4227",
        "type": "Microsoft.KeyVault/vaults",
        "location": "North Central US",
        "tags": {
          "tag1": "value1",
          "tag2": "value2",
          "tag3": "value3"
        },
        "systemData": {
          "createdBy": "8e6d47e0-7969-4fde-a62c-4fea4f165e98",
          "createdByType": "Application",
          "createdAt": "1970-01-19T19:44:11.237Z",
          "lastModifiedBy": "8e6d47e0-7969-4fde-a62c-4fea4f165e98",
          "lastModifiedByType": "Application",
          "lastModifiedAt": "1970-01-19T19:44:11.237Z"
        },
        "properties": {
          "sku": {
            "family": "A",
            "name": "standard"
          },
          "tenantId": "72f988bf-86f1-41af-91ab-2d7cd011db47",
          "networkAcls": {
            "bypass": "AzureServices",
            "defaultAction": "Allow",
            "ipRules": [
              {
                "value": "1.2.3.4/32"
              },
              {
                "value": "1.0.0.0/25"
              }
            ],
            "virtualNetworkRules": []
          },
          "accessPolicies": [
            {
              "tenantId": "72f988bf-86f1-41af-91ab-2d7cd011db47",
              "objectId": "7bee3764-dbea-4729-9c33-446f321aa721",
              "permissions": {
                "keys": [
                  "all"
                ],
                "secrets": [
                  "all"
                ],
                "certificates": [
                  "all"
                ],
                "storage": [
                  "all"
                ]
              }
            }
          ],
          "enabledForDeployment": true,
          "enabledForDiskEncryption": true,
          "enabledForTemplateDeployment": true,
          "enableSoftDelete": true,
          "vaultUri": "https://sdktestvault4227.vault.azure.net/",
          "provisioningState": "RegisteringDns"
        }
      }
    },
    {
      "RequestUri": "https://management.azure.com/subscriptions/0accec26-d6de-4757-8e74-d080f38eaaab/resourceGroups/sdktestrg5540/providers/Microsoft.KeyVault/vaults/sdktestvault4227?api-version=2021-04-01-preview",
      "RequestMethod": "GET",
      "RequestHeaders": {
        "Authorization": "Sanitized",
        "User-Agent": [
          "azsdk-net-ResourceManager.Core/1.0.0-alpha.20210714.1",
          "(.NET Core 4.6.30015.01; Microsoft Windows 10.0.19043 )"
        ],
        "x-ms-client-request-id": "cc4ccd70cd194b16643818474922eb76",
        "x-ms-return-client-request-id": "true"
      },
      "RequestBody": null,
      "StatusCode": 200,
      "ResponseHeaders": {
        "Cache-Control": "no-cache",
        "Content-Length": "1235",
        "Content-Type": "application/json; charset=utf-8",
        "Date": "Wed, 14 Jul 2021 08:27:30 GMT",
        "Expires": "-1",
        "Pragma": "no-cache",
        "Server": "Microsoft-IIS/10.0",
        "Strict-Transport-Security": "max-age=31536000; includeSubDomains",
        "X-AspNet-Version": "4.0.30319",
        "X-Content-Type-Options": "nosniff",
        "x-ms-client-request-id": "cc4ccd70cd194b16643818474922eb76",
        "x-ms-correlation-request-id": "f71a532c-2db5-4eef-a0ef-28bd60f9810a",
        "x-ms-keyvault-service-version": "1.5.23.5",
        "x-ms-ratelimit-remaining-subscription-reads": "11969",
        "x-ms-request-id": "e68fdd6d-33b1-4bd5-9538-0e8198f2d06c",
        "x-ms-routing-request-id": "SOUTHEASTASIA:20210714T082731Z:f71a532c-2db5-4eef-a0ef-28bd60f9810a",
        "X-Powered-By": "ASP.NET"
      },
      "ResponseBody": {
        "id": "/subscriptions/0accec26-d6de-4757-8e74-d080f38eaaab/resourceGroups/sdktestrg5540/providers/Microsoft.KeyVault/vaults/sdktestvault4227",
        "name": "sdktestvault4227",
        "type": "Microsoft.KeyVault/vaults",
        "location": "North Central US",
        "tags": {
          "tag1": "value1",
          "tag2": "value2",
          "tag3": "value3"
        },
        "systemData": {
          "createdBy": "8e6d47e0-7969-4fde-a62c-4fea4f165e98",
          "createdByType": "Application",
          "createdAt": "1970-01-19T19:44:11.237Z",
          "lastModifiedBy": "8e6d47e0-7969-4fde-a62c-4fea4f165e98",
          "lastModifiedByType": "Application",
          "lastModifiedAt": "1970-01-19T19:44:11.237Z"
        },
        "properties": {
          "sku": {
            "family": "A",
            "name": "standard"
          },
          "tenantId": "72f988bf-86f1-41af-91ab-2d7cd011db47",
          "networkAcls": {
            "bypass": "AzureServices",
            "defaultAction": "Allow",
            "ipRules": [
              {
                "value": "1.2.3.4/32"
              },
              {
                "value": "1.0.0.0/25"
              }
            ],
            "virtualNetworkRules": []
          },
          "accessPolicies": [
            {
              "tenantId": "72f988bf-86f1-41af-91ab-2d7cd011db47",
              "objectId": "7bee3764-dbea-4729-9c33-446f321aa721",
              "permissions": {
                "keys": [
                  "all"
                ],
                "secrets": [
                  "all"
                ],
                "certificates": [
                  "all"
                ],
                "storage": [
                  "all"
                ]
              }
            }
          ],
          "enabledForDeployment": true,
          "enabledForDiskEncryption": true,
          "enabledForTemplateDeployment": true,
          "enableSoftDelete": true,
          "vaultUri": "https://sdktestvault4227.vault.azure.net/",
          "provisioningState": "RegisteringDns"
        }
      }
    },
    {
      "RequestUri": "https://management.azure.com/subscriptions/0accec26-d6de-4757-8e74-d080f38eaaab/resourceGroups/sdktestrg5540/providers/Microsoft.KeyVault/vaults/sdktestvault4227?api-version=2021-04-01-preview",
      "RequestMethod": "GET",
      "RequestHeaders": {
        "Authorization": "Sanitized",
        "User-Agent": [
          "azsdk-net-ResourceManager.Core/1.0.0-alpha.20210714.1",
          "(.NET Core 4.6.30015.01; Microsoft Windows 10.0.19043 )"
        ],
        "x-ms-client-request-id": "09fd1dbd80fddadfa06882f2649eaa9a",
        "x-ms-return-client-request-id": "true"
      },
      "RequestBody": null,
      "StatusCode": 200,
      "ResponseHeaders": {
        "Cache-Control": "no-cache",
        "Content-Length": "1235",
        "Content-Type": "application/json; charset=utf-8",
        "Date": "Wed, 14 Jul 2021 08:27:32 GMT",
        "Expires": "-1",
        "Pragma": "no-cache",
        "Server": "Microsoft-IIS/10.0",
        "Strict-Transport-Security": "max-age=31536000; includeSubDomains",
        "X-AspNet-Version": "4.0.30319",
        "X-Content-Type-Options": "nosniff",
        "x-ms-client-request-id": "09fd1dbd80fddadfa06882f2649eaa9a",
        "x-ms-correlation-request-id": "663f2172-e253-4250-9fd4-619b17ff0e5d",
        "x-ms-keyvault-service-version": "1.5.23.5",
        "x-ms-ratelimit-remaining-subscription-reads": "11968",
        "x-ms-request-id": "42923d3e-02e2-4060-b3f2-9834f2ce0e52",
        "x-ms-routing-request-id": "SOUTHEASTASIA:20210714T082732Z:663f2172-e253-4250-9fd4-619b17ff0e5d",
        "X-Powered-By": "ASP.NET"
      },
      "ResponseBody": {
        "id": "/subscriptions/0accec26-d6de-4757-8e74-d080f38eaaab/resourceGroups/sdktestrg5540/providers/Microsoft.KeyVault/vaults/sdktestvault4227",
        "name": "sdktestvault4227",
        "type": "Microsoft.KeyVault/vaults",
        "location": "North Central US",
        "tags": {
          "tag1": "value1",
          "tag2": "value2",
          "tag3": "value3"
        },
        "systemData": {
          "createdBy": "8e6d47e0-7969-4fde-a62c-4fea4f165e98",
          "createdByType": "Application",
          "createdAt": "1970-01-19T19:44:11.237Z",
          "lastModifiedBy": "8e6d47e0-7969-4fde-a62c-4fea4f165e98",
          "lastModifiedByType": "Application",
          "lastModifiedAt": "1970-01-19T19:44:11.237Z"
        },
        "properties": {
          "sku": {
            "family": "A",
            "name": "standard"
          },
          "tenantId": "72f988bf-86f1-41af-91ab-2d7cd011db47",
          "networkAcls": {
            "bypass": "AzureServices",
            "defaultAction": "Allow",
            "ipRules": [
              {
                "value": "1.2.3.4/32"
              },
              {
                "value": "1.0.0.0/25"
              }
            ],
            "virtualNetworkRules": []
          },
          "accessPolicies": [
            {
              "tenantId": "72f988bf-86f1-41af-91ab-2d7cd011db47",
              "objectId": "7bee3764-dbea-4729-9c33-446f321aa721",
              "permissions": {
                "keys": [
                  "all"
                ],
                "secrets": [
                  "all"
                ],
                "certificates": [
                  "all"
                ],
                "storage": [
                  "all"
                ]
              }
            }
          ],
          "enabledForDeployment": true,
          "enabledForDiskEncryption": true,
          "enabledForTemplateDeployment": true,
          "enableSoftDelete": true,
          "vaultUri": "https://sdktestvault4227.vault.azure.net/",
          "provisioningState": "RegisteringDns"
        }
      }
    },
    {
      "RequestUri": "https://management.azure.com/subscriptions/0accec26-d6de-4757-8e74-d080f38eaaab/resourceGroups/sdktestrg5540/providers/Microsoft.KeyVault/vaults/sdktestvault4227?api-version=2021-04-01-preview",
      "RequestMethod": "GET",
      "RequestHeaders": {
        "Authorization": "Sanitized",
        "User-Agent": [
          "azsdk-net-ResourceManager.Core/1.0.0-alpha.20210714.1",
          "(.NET Core 4.6.30015.01; Microsoft Windows 10.0.19043 )"
        ],
        "x-ms-client-request-id": "0b3b219d7ccd9322ed69291ceba6602e",
        "x-ms-return-client-request-id": "true"
      },
      "RequestBody": null,
      "StatusCode": 200,
      "ResponseHeaders": {
        "Cache-Control": "no-cache",
        "Content-Length": "1230",
        "Content-Type": "application/json; charset=utf-8",
        "Date": "Wed, 14 Jul 2021 08:27:33 GMT",
        "Expires": "-1",
        "Pragma": "no-cache",
        "Server": "Microsoft-IIS/10.0",
        "Strict-Transport-Security": "max-age=31536000; includeSubDomains",
        "X-AspNet-Version": "4.0.30319",
        "X-Content-Type-Options": "nosniff",
        "x-ms-client-request-id": "0b3b219d7ccd9322ed69291ceba6602e",
        "x-ms-correlation-request-id": "8a6a4bb5-1c4f-4c1c-9919-8bd3b47b497e",
        "x-ms-keyvault-service-version": "1.5.23.5",
        "x-ms-ratelimit-remaining-subscription-reads": "11967",
        "x-ms-request-id": "70908729-3fc8-43fc-9524-de96f43cd961",
        "x-ms-routing-request-id": "SOUTHEASTASIA:20210714T082734Z:8a6a4bb5-1c4f-4c1c-9919-8bd3b47b497e",
        "X-Powered-By": "ASP.NET"
      },
      "ResponseBody": {
        "id": "/subscriptions/0accec26-d6de-4757-8e74-d080f38eaaab/resourceGroups/sdktestrg5540/providers/Microsoft.KeyVault/vaults/sdktestvault4227",
        "name": "sdktestvault4227",
        "type": "Microsoft.KeyVault/vaults",
        "location": "North Central US",
        "tags": {
          "tag1": "value1",
          "tag2": "value2",
          "tag3": "value3"
        },
        "systemData": {
          "createdBy": "8e6d47e0-7969-4fde-a62c-4fea4f165e98",
          "createdByType": "Application",
          "createdAt": "1970-01-19T19:44:11.237Z",
          "lastModifiedBy": "8e6d47e0-7969-4fde-a62c-4fea4f165e98",
          "lastModifiedByType": "Application",
          "lastModifiedAt": "1970-01-19T19:44:11.237Z"
        },
        "properties": {
          "sku": {
            "family": "A",
            "name": "standard"
          },
          "tenantId": "72f988bf-86f1-41af-91ab-2d7cd011db47",
          "networkAcls": {
            "bypass": "AzureServices",
            "defaultAction": "Allow",
            "ipRules": [
              {
                "value": "1.2.3.4/32"
              },
              {
                "value": "1.0.0.0/25"
              }
            ],
            "virtualNetworkRules": []
          },
          "accessPolicies": [
            {
              "tenantId": "72f988bf-86f1-41af-91ab-2d7cd011db47",
              "objectId": "7bee3764-dbea-4729-9c33-446f321aa721",
              "permissions": {
                "keys": [
                  "all"
                ],
                "secrets": [
                  "all"
                ],
                "certificates": [
                  "all"
                ],
                "storage": [
                  "all"
                ]
              }
            }
          ],
          "enabledForDeployment": true,
          "enabledForDiskEncryption": true,
          "enabledForTemplateDeployment": true,
          "enableSoftDelete": true,
          "vaultUri": "https://sdktestvault4227.vault.azure.net/",
          "provisioningState": "Succeeded"
        }
      }
    },
    {
      "RequestUri": "https://management.azure.com/subscriptions/0accec26-d6de-4757-8e74-d080f38eaaab/resourceGroups/sdktestrg5540/providers/Microsoft.KeyVault/vaults?$top=2\u0026api-version=2021-04-01-preview",
      "RequestMethod": "GET",
      "RequestHeaders": {
        "Accept": "application/json",
        "Authorization": "Sanitized",
        "User-Agent": [
          "azsdk-net-ResourceManager.Core/1.0.0-alpha.20210714.1",
          "(.NET Core 4.6.30015.01; Microsoft Windows 10.0.19043 )"
        ],
        "x-ms-client-request-id": "33ed0c966a3bef6fee712bb14b24e6c5",
        "x-ms-return-client-request-id": "true"
      },
      "RequestBody": null,
      "StatusCode": 200,
      "ResponseHeaders": {
        "Cache-Control": "no-cache",
        "Content-Length": "3965",
        "Content-Type": "application/json; charset=utf-8",
        "Date": "Wed, 14 Jul 2021 08:27:33 GMT",
        "Expires": "-1",
        "Pragma": "no-cache",
        "Server": "Microsoft-IIS/10.0",
        "Strict-Transport-Security": "max-age=31536000; includeSubDomains",
        "X-AspNet-Version": "4.0.30319",
        "X-Content-Type-Options": "nosniff",
        "x-ms-client-request-id": "33ed0c966a3bef6fee712bb14b24e6c5",
        "x-ms-correlation-request-id": "5332b66f-6419-4da0-af2c-1c04d295191b",
        "x-ms-keyvault-service-version": "1.5.23.5",
        "x-ms-ratelimit-remaining-subscription-reads": "11966",
        "x-ms-request-id": "62d2fd95-559f-4f99-bbee-4a00c02ba8ef",
        "x-ms-routing-request-id": "SOUTHEASTASIA:20210714T082734Z:5332b66f-6419-4da0-af2c-1c04d295191b",
        "X-Powered-By": "ASP.NET"
      },
      "ResponseBody": {
        "value": [
          {
            "id": "/subscriptions/0accec26-d6de-4757-8e74-d080f38eaaab/resourceGroups/sdktestrg5540/providers/Microsoft.KeyVault/vaults/sdktestvault3542",
            "name": "sdktestvault3542",
            "type": "Microsoft.KeyVault/vaults",
            "location": "North Central US",
            "tags": {
              "tag1": "value1",
              "tag2": "value2",
              "tag3": "value3"
            },
            "systemData": {
              "createdBy": "8e6d47e0-7969-4fde-a62c-4fea4f165e98",
              "createdByType": "Application",
              "createdAt": "1970-01-19T19:44:11.199Z",
              "lastModifiedBy": "8e6d47e0-7969-4fde-a62c-4fea4f165e98",
              "lastModifiedByType": "Application",
              "lastModifiedAt": "1970-01-19T19:44:11.199Z"
            },
            "properties": {
              "sku": {
                "family": "A",
                "name": "standard"
              },
              "tenantId": "72f988bf-86f1-41af-91ab-2d7cd011db47",
              "networkAcls": {
                "bypass": "AzureServices",
                "defaultAction": "Allow",
                "ipRules": [
                  {
                    "value": "1.2.3.4/32"
                  },
                  {
                    "value": "1.0.0.0/25"
                  }
                ],
                "virtualNetworkRules": []
              },
              "accessPolicies": [
                {
                  "tenantId": "72f988bf-86f1-41af-91ab-2d7cd011db47",
                  "objectId": "7bee3764-dbea-4729-9c33-446f321aa721",
                  "permissions": {
                    "keys": [
                      "all"
                    ],
                    "secrets": [
                      "all"
                    ],
                    "certificates": [
                      "all"
                    ],
                    "storage": [
                      "all"
                    ]
                  }
                }
              ],
              "enabledForDeployment": true,
              "enabledForDiskEncryption": true,
              "enabledForTemplateDeployment": true,
              "enableSoftDelete": true,
              "vaultUri": "https://sdktestvault3542.vault.azure.net/",
              "provisioningState": "Succeeded"
            }
          },
          {
            "id": "/subscriptions/0accec26-d6de-4757-8e74-d080f38eaaab/resourceGroups/sdktestrg5540/providers/Microsoft.KeyVault/vaults/sdktestvault4227",
            "name": "sdktestvault4227",
            "type": "Microsoft.KeyVault/vaults",
            "location": "North Central US",
            "tags": {
              "tag1": "value1",
              "tag2": "value2",
              "tag3": "value3"
            },
            "systemData": {
              "createdBy": "8e6d47e0-7969-4fde-a62c-4fea4f165e98",
              "createdByType": "Application",
              "createdAt": "1970-01-19T19:44:11.237Z",
              "lastModifiedBy": "8e6d47e0-7969-4fde-a62c-4fea4f165e98",
              "lastModifiedByType": "Application",
              "lastModifiedAt": "1970-01-19T19:44:11.237Z"
            },
            "properties": {
              "sku": {
                "family": "A",
                "name": "standard"
              },
              "tenantId": "72f988bf-86f1-41af-91ab-2d7cd011db47",
              "networkAcls": {
                "bypass": "AzureServices",
                "defaultAction": "Allow",
                "ipRules": [
                  {
                    "value": "1.2.3.4/32"
                  },
                  {
                    "value": "1.0.0.0/25"
                  }
                ],
                "virtualNetworkRules": []
              },
              "accessPolicies": [
                {
                  "tenantId": "72f988bf-86f1-41af-91ab-2d7cd011db47",
                  "objectId": "7bee3764-dbea-4729-9c33-446f321aa721",
                  "permissions": {
                    "keys": [
                      "all"
                    ],
                    "secrets": [
                      "all"
                    ],
                    "certificates": [
                      "all"
                    ],
                    "storage": [
                      "all"
                    ]
                  }
                }
              ],
              "enabledForDeployment": true,
              "enabledForDiskEncryption": true,
              "enabledForTemplateDeployment": true,
              "enableSoftDelete": true,
              "vaultUri": "https://sdktestvault4227.vault.azure.net/",
              "provisioningState": "Succeeded"
            }
          },
          {
            "id": "/subscriptions/0accec26-d6de-4757-8e74-d080f38eaaab/resourceGroups/sdktestrg5540/providers/Microsoft.KeyVault/vaults/sdktestvault4530",
            "name": "sdktestvault4530",
            "type": "Microsoft.KeyVault/vaults",
            "location": "North Central US",
            "tags": {
              "tag1": "value1",
              "tag2": "value2",
              "tag3": "value3"
            },
            "systemData": {
              "createdBy": "8e6d47e0-7969-4fde-a62c-4fea4f165e98",
              "createdByType": "Application",
              "createdAt": "1970-01-19T19:44:11.218Z",
              "lastModifiedBy": "8e6d47e0-7969-4fde-a62c-4fea4f165e98",
              "lastModifiedByType": "Application",
              "lastModifiedAt": "1970-01-19T19:44:11.218Z"
            },
            "properties": {
              "sku": {
                "family": "A",
                "name": "standard"
              },
              "tenantId": "72f988bf-86f1-41af-91ab-2d7cd011db47",
              "networkAcls": {
                "bypass": "AzureServices",
                "defaultAction": "Allow",
                "ipRules": [
                  {
                    "value": "1.2.3.4/32"
                  },
                  {
                    "value": "1.0.0.0/25"
                  }
                ],
                "virtualNetworkRules": []
              },
              "accessPolicies": [
                {
                  "tenantId": "72f988bf-86f1-41af-91ab-2d7cd011db47",
                  "objectId": "7bee3764-dbea-4729-9c33-446f321aa721",
                  "permissions": {
                    "keys": [
                      "all"
                    ],
                    "secrets": [
                      "all"
                    ],
                    "certificates": [
                      "all"
                    ],
                    "storage": [
                      "all"
                    ]
                  }
                }
              ],
              "enabledForDeployment": true,
              "enabledForDiskEncryption": true,
              "enabledForTemplateDeployment": true,
              "enableSoftDelete": true,
              "vaultUri": "https://sdktestvault4530.vault.azure.net/",
              "provisioningState": "Succeeded"
            }
          }
        ],
        "nextLink": "https://management.azure.com/subscriptions/0accec26-d6de-4757-8e74-d080f38eaaab/resourceGroups/sdktestrg5540/providers/Microsoft.KeyVault/vaults?$top=2\u0026api-version=2021-04-01-preview\u0026$skiptoken=ServiceBased,Tm9uZSxjMlJyZEdWemRIWmhkV3gwTkRVek1BPT0="
      }
    },
    {
      "RequestUri": "https://management.azure.com/subscriptions/0accec26-d6de-4757-8e74-d080f38eaaab/resourceGroups/sdktestrg5540/providers/Microsoft.KeyVault/vaults?$top=2\u0026api-version=2021-04-01-preview\u0026$skiptoken=ServiceBased,Tm9uZSxjMlJyZEdWemRIWmhkV3gwTkRVek1BPT0=",
      "RequestMethod": "GET",
      "RequestHeaders": {
        "Accept": "application/json",
        "Authorization": "Sanitized",
        "User-Agent": [
          "azsdk-net-ResourceManager.Core/1.0.0-alpha.20210714.1",
          "(.NET Core 4.6.30015.01; Microsoft Windows 10.0.19043 )"
        ],
        "x-ms-client-request-id": "27aa7e8edfe641a9fa6a1b9456c2effa",
        "x-ms-return-client-request-id": "true"
      },
      "RequestBody": null,
      "StatusCode": 200,
      "ResponseHeaders": {
        "Cache-Control": "no-cache",
        "Content-Length": "12",
        "Content-Type": "application/json; charset=utf-8",
        "Date": "Wed, 14 Jul 2021 08:27:34 GMT",
        "Expires": "-1",
        "Pragma": "no-cache",
        "Server": "Microsoft-IIS/10.0",
        "Strict-Transport-Security": "max-age=31536000; includeSubDomains",
        "X-AspNet-Version": "4.0.30319",
        "X-Content-Type-Options": "nosniff",
        "x-ms-client-request-id": "27aa7e8edfe641a9fa6a1b9456c2effa",
        "x-ms-correlation-request-id": "ddf0dce0-8dee-4f1e-9c4f-97a2221f3b07",
        "x-ms-keyvault-service-version": "1.5.23.5",
        "x-ms-ratelimit-remaining-subscription-reads": "11965",
        "x-ms-request-id": "bf2e4d87-330c-4d4d-936c-25f83c0f1486",
        "x-ms-routing-request-id": "SOUTHEASTASIA:20210714T082734Z:ddf0dce0-8dee-4f1e-9c4f-97a2221f3b07",
        "X-Powered-By": "ASP.NET"
      },
      "ResponseBody": {
        "value": []
      }
    },
    {
      "RequestUri": "https://management.azure.com/subscriptions/0accec26-d6de-4757-8e74-d080f38eaaab/resourceGroups/sdktestrg5540/providers/Microsoft.KeyVault/vaults/sdktestvault3542?api-version=2021-04-01-preview",
      "RequestMethod": "DELETE",
      "RequestHeaders": {
        "Accept": "application/json",
        "Authorization": "Sanitized",
        "User-Agent": [
          "azsdk-net-ResourceManager.Core/1.0.0-alpha.20210714.1",
          "(.NET Core 4.6.30015.01; Microsoft Windows 10.0.19043 )"
        ],
        "x-ms-client-request-id": "585c530776b1325eb14c1d5b507148c9",
        "x-ms-return-client-request-id": "true"
      },
      "RequestBody": null,
      "StatusCode": 200,
      "ResponseHeaders": {
        "Cache-Control": "no-cache",
        "Content-Length": "0",
        "Date": "Wed, 14 Jul 2021 08:27:41 GMT",
        "Expires": "-1",
        "Pragma": "no-cache",
        "Server": "Microsoft-IIS/10.0",
        "Strict-Transport-Security": "max-age=31536000; includeSubDomains",
        "X-AspNet-Version": "4.0.30319",
        "X-Content-Type-Options": "nosniff",
        "x-ms-client-request-id": "585c530776b1325eb14c1d5b507148c9",
        "x-ms-correlation-request-id": "2efcefc7-0e40-4d13-863e-6ad3bba0d7ed",
        "x-ms-keyvault-service-version": "1.5.23.5",
        "x-ms-ratelimit-remaining-subscription-deletes": "14999",
        "x-ms-request-id": "d822b66e-8121-4b2a-8b84-2b6a5a2aee0f",
        "x-ms-routing-request-id": "SOUTHEASTASIA:20210714T082741Z:2efcefc7-0e40-4d13-863e-6ad3bba0d7ed",
        "X-Powered-By": "ASP.NET"
      },
      "ResponseBody": []
    },
    {
      "RequestUri": "https://management.azure.com/subscriptions/0accec26-d6de-4757-8e74-d080f38eaaab/resourceGroups/sdktestrg5540/providers/Microsoft.KeyVault/vaults/sdktestvault4530?api-version=2021-04-01-preview",
      "RequestMethod": "DELETE",
      "RequestHeaders": {
        "Accept": "application/json",
        "Authorization": "Sanitized",
        "User-Agent": [
          "azsdk-net-ResourceManager.Core/1.0.0-alpha.20210714.1",
          "(.NET Core 4.6.30015.01; Microsoft Windows 10.0.19043 )"
        ],
        "x-ms-client-request-id": "6d8e648238fbb64763ab39d14fdb982b",
        "x-ms-return-client-request-id": "true"
      },
      "RequestBody": null,
      "StatusCode": 200,
      "ResponseHeaders": {
        "Cache-Control": "no-cache",
        "Content-Length": "0",
        "Date": "Wed, 14 Jul 2021 08:27:45 GMT",
        "Expires": "-1",
        "Pragma": "no-cache",
        "Server": "Microsoft-IIS/10.0",
        "Strict-Transport-Security": "max-age=31536000; includeSubDomains",
        "X-AspNet-Version": "4.0.30319",
        "X-Content-Type-Options": "nosniff",
        "x-ms-client-request-id": "6d8e648238fbb64763ab39d14fdb982b",
        "x-ms-correlation-request-id": "db548a8a-2939-4a98-af39-29f8e785e515",
        "x-ms-keyvault-service-version": "1.5.23.5",
        "x-ms-ratelimit-remaining-subscription-deletes": "14998",
        "x-ms-request-id": "7d199ac2-5979-4819-b86e-f711fcdb606c",
        "x-ms-routing-request-id": "SOUTHEASTASIA:20210714T082746Z:db548a8a-2939-4a98-af39-29f8e785e515",
        "X-Powered-By": "ASP.NET"
      },
      "ResponseBody": []
    },
    {
      "RequestUri": "https://management.azure.com/subscriptions/0accec26-d6de-4757-8e74-d080f38eaaab/resourceGroups/sdktestrg5540/providers/Microsoft.KeyVault/vaults/sdktestvault4227?api-version=2021-04-01-preview",
      "RequestMethod": "DELETE",
      "RequestHeaders": {
        "Accept": "application/json",
        "Authorization": "Sanitized",
        "User-Agent": [
          "azsdk-net-ResourceManager.Core/1.0.0-alpha.20210714.1",
          "(.NET Core 4.6.30015.01; Microsoft Windows 10.0.19043 )"
        ],
        "x-ms-client-request-id": "f7a931828ec718142077769ac24df089",
        "x-ms-return-client-request-id": "true"
      },
      "RequestBody": null,
      "StatusCode": 200,
      "ResponseHeaders": {
        "Cache-Control": "no-cache",
        "Content-Length": "0",
        "Date": "Wed, 14 Jul 2021 08:27:50 GMT",
        "Expires": "-1",
        "Pragma": "no-cache",
        "Server": "Microsoft-IIS/10.0",
        "Strict-Transport-Security": "max-age=31536000; includeSubDomains",
        "X-AspNet-Version": "4.0.30319",
        "X-Content-Type-Options": "nosniff",
        "x-ms-client-request-id": "f7a931828ec718142077769ac24df089",
        "x-ms-correlation-request-id": "336ff0a5-f7f3-467c-8bdb-710cb6a8faaf",
        "x-ms-keyvault-service-version": "1.5.23.5",
        "x-ms-ratelimit-remaining-subscription-deletes": "14997",
        "x-ms-request-id": "21c373e4-0bca-42a4-8d0e-ea4d5f0c4edd",
        "x-ms-routing-request-id": "SOUTHEASTASIA:20210714T082751Z:336ff0a5-f7f3-467c-8bdb-710cb6a8faaf",
        "X-Powered-By": "ASP.NET"
      },
      "ResponseBody": []
    }
  ],
  "Variables": {
    "CLIENT_ID": "8e6d47e0-7969-4fde-a62c-4fea4f165e98",
    "ObjectId": "7bee3764-dbea-4729-9c33-446f321aa721",
    "RandomSeed": "1949756256",
    "SUBSCRIPTION_ID": "0accec26-d6de-4757-8e74-d080f38eaaab",
    "TENANT_ID": "72f988bf-86f1-41af-91ab-2d7cd011db47"
  }
}