{
  "Entries": [
    {
      "RequestUri": "https://management.azure.com/subscriptions/0b1f6471-1bf0-4dda-aec3-cb9272f09590/providers/Microsoft.KeyVault?api-version=2017-05-10",
      "RequestMethod": "GET",
      "RequestHeaders": {
        "Authorization": "Sanitized",
        "traceparent": "00-874e4860a31ded4ba013b1c143d905e5-a417b84a8e197645-00",
        "User-Agent": [
          "azsdk-net-Management.Resource/0.1.6-dev.20200518.1",
          "(.NET Core 4.6.28619.01; Microsoft Windows 10.0.18363 )"
        ],
        "x-ms-client-request-id": "6f23290a98165b1823b2b96cbe11c1d7",
        "x-ms-return-client-request-id": "true"
      },
      "RequestBody": null,
      "StatusCode": 200,
      "ResponseHeaders": {
        "Cache-Control": "no-cache",
        "Content-Length": "7496",
        "Content-Type": "application/json; charset=utf-8",
        "Date": "Mon, 18 May 2020 08:25:34 GMT",
        "Expires": "-1",
        "Pragma": "no-cache",
        "Strict-Transport-Security": "max-age=31536000; includeSubDomains",
        "X-Content-Type-Options": "nosniff",
        "x-ms-correlation-request-id": "eea385da-0bb2-44b9-9f32-c2ebe9ba5c55",
        "x-ms-ratelimit-remaining-subscription-reads": "11897",
        "x-ms-request-id": "eea385da-0bb2-44b9-9f32-c2ebe9ba5c55",
        "x-ms-routing-request-id": "SOUTHEASTASIA:20200518T082534Z:eea385da-0bb2-44b9-9f32-c2ebe9ba5c55"
      },
      "ResponseBody": {
        "id": "/subscriptions/0b1f6471-1bf0-4dda-aec3-cb9272f09590/providers/Microsoft.KeyVault",
        "namespace": "Microsoft.KeyVault",
        "authorizations": [
          {
            "applicationId": "cfa8b339-82a2-471a-a3c9-0fc0be7a4093",
            "roleDefinitionId": "1cf9858a-28a2-4228-abba-94e606305b95"
          },
          {
            "applicationId": "589d5083-6f11-4d30-a62a-a4b316a14abf"
          }
        ],
        "resourceTypes": [
          {
            "resourceType": "vaults",
            "locations": [
              "North Central US",
              "East US",
              "North Europe",
              "West Europe",
              "East Asia",
              "Southeast Asia",
              "East US 2",
              "Central US",
              "South Central US",
              "West US",
              "Japan East",
              "Japan West",
              "Australia East",
              "Australia Southeast",
              "Brazil South",
              "Central India",
              "South India",
              "West India",
              "Canada Central",
              "Canada East",
              "UK South",
              "UK West",
              "West Central US",
              "West US 2",
              "Korea Central",
              "Korea South",
              "France Central",
              "Australia Central",
              "UAE North",
              "South Africa North",
              "Switzerland North",
              "Germany West Central",
              "Norway East",
              "East US 2 EUAP",
              "Central US EUAP"
            ],
            "apiVersions": [
              "2019-09-01",
              "2018-02-14-preview",
              "2018-02-14",
              "2016-10-01",
              "2015-06-01"
            ],
            "apiProfiles": [
              {
                "profileVersion": "2019-03-01-hybrid",
                "apiVersion": "2016-10-01"
              },
              {
                "profileVersion": "2018-03-01-hybrid",
                "apiVersion": "2016-10-01"
              },
              {
                "profileVersion": "2018-06-01-profile",
                "apiVersion": "2016-10-01"
              }
            ],
            "capabilities": "CrossResourceGroupResourceMove, CrossSubscriptionResourceMove"
          },
          {
            "resourceType": "vaults/secrets",
            "locations": [
              "North Central US",
              "East US",
              "North Europe",
              "West Europe",
              "East Asia",
              "Southeast Asia",
              "East US 2",
              "Central US",
              "South Central US",
              "West US",
              "Japan East",
              "Japan West",
              "Australia East",
              "Australia Southeast",
              "Brazil South",
              "Central India",
              "South India",
              "West India",
              "Canada Central",
              "Canada East",
              "UK South",
              "UK West",
              "West Central US",
              "West US 2",
              "Korea Central",
              "Korea South",
              "France Central",
              "Australia Central",
              "UAE North",
              "South Africa North",
              "Switzerland North",
              "Germany West Central",
              "Norway East",
              "East US 2 EUAP",
              "Central US EUAP"
            ],
            "apiVersions": [
              "2019-09-01",
              "2018-02-14-preview",
              "2018-02-14",
              "2016-10-01",
              "2015-06-01"
            ],
            "apiProfiles": [
              {
                "profileVersion": "2019-03-01-hybrid",
                "apiVersion": "2016-10-01"
              },
              {
                "profileVersion": "2018-03-01-hybrid",
                "apiVersion": "2016-10-01"
              },
              {
                "profileVersion": "2018-06-01-profile",
                "apiVersion": "2016-10-01"
              }
            ]
          },
          {
            "resourceType": "vaults/accessPolicies",
            "locations": [
              "North Central US",
              "East US",
              "North Europe",
              "West Europe",
              "East Asia",
              "Southeast Asia",
              "East US 2",
              "Central US",
              "South Central US",
              "West US",
              "Japan East",
              "Japan West",
              "Australia East",
              "Australia Southeast",
              "Brazil South",
              "Central India",
              "South India",
              "West India",
              "Canada Central",
              "Canada East",
              "UK South",
              "UK West",
              "West Central US",
              "West US 2",
              "Korea Central",
              "Korea South",
              "France Central",
              "Australia Central",
              "UAE North",
              "South Africa North",
              "Switzerland North",
              "Germany West Central",
              "Norway East",
              "East US 2 EUAP",
              "Central US EUAP"
            ],
            "apiVersions": [
              "2019-09-01",
              "2018-02-14-preview",
              "2018-02-14",
              "2016-10-01",
              "2015-06-01"
            ],
            "apiProfiles": [
              {
                "profileVersion": "2019-03-01-hybrid",
                "apiVersion": "2016-10-01"
              },
              {
                "profileVersion": "2018-03-01-hybrid",
                "apiVersion": "2016-10-01"
              },
              {
                "profileVersion": "2018-06-01-profile",
                "apiVersion": "2016-10-01"
              }
            ]
          },
          {
            "resourceType": "operations",
            "locations": [],
            "apiVersions": [
              "2019-09-01",
              "2018-02-14-preview",
              "2018-02-14",
              "2016-10-01",
              "2015-06-01",
              "2014-12-19-preview"
            ],
            "apiProfiles": [
              {
                "profileVersion": "2019-03-01-hybrid",
                "apiVersion": "2016-10-01"
              },
              {
                "profileVersion": "2018-03-01-hybrid",
                "apiVersion": "2016-10-01"
              },
              {
                "profileVersion": "2018-06-01-profile",
                "apiVersion": "2016-10-01"
              }
            ]
          },
          {
            "resourceType": "checkNameAvailability",
            "locations": [],
            "apiVersions": [
              "2019-09-01",
              "2018-02-14-preview",
              "2018-02-14",
              "2016-10-01",
              "2015-06-01"
            ],
            "apiProfiles": [
              {
                "profileVersion": "2018-06-01-profile",
                "apiVersion": "2016-10-01"
              }
            ]
          },
          {
            "resourceType": "deletedVaults",
            "locations": [
              "North Central US",
              "East US",
              "North Europe",
              "West Europe",
              "East Asia",
              "Southeast Asia",
              "East US 2",
              "Central US",
              "South Central US",
              "West US",
              "Japan East",
              "Japan West",
              "Australia East",
              "Australia Southeast",
              "Brazil South",
              "Central India",
              "South India",
              "West India",
              "Canada Central",
              "Canada East",
              "UK South",
              "UK West",
              "West Central US",
              "West US 2",
              "Korea Central",
              "Korea South",
              "France Central",
              "Australia Central",
              "UAE North",
              "South Africa North",
              "Switzerland North",
              "Germany West Central",
              "Norway East",
              "East US 2 EUAP",
              "Central US EUAP"
            ],
            "apiVersions": [
              "2019-09-01",
              "2018-02-14-preview",
              "2018-02-14",
              "2016-10-01"
            ],
            "apiProfiles": [
              {
                "profileVersion": "2018-06-01-profile",
                "apiVersion": "2016-10-01"
              }
            ]
          },
          {
            "resourceType": "locations",
            "locations": [],
            "apiVersions": [
              "2019-09-01",
              "2018-02-14-preview",
              "2018-02-14",
              "2016-10-01"
            ],
            "apiProfiles": [
              {
                "profileVersion": "2018-06-01-profile",
                "apiVersion": "2016-10-01"
              }
            ]
          },
          {
            "resourceType": "locations/deletedVaults",
            "locations": [
              "North Central US",
              "East US",
              "North Europe",
              "West Europe",
              "East Asia",
              "Southeast Asia",
              "East US 2",
              "Central US",
              "South Central US",
              "West US",
              "Japan East",
              "Japan West",
              "Australia East",
              "Australia Southeast",
              "Brazil South",
              "Central India",
              "South India",
              "West India",
              "Canada Central",
              "Canada East",
              "UK South",
              "UK West",
              "West Central US",
              "West US 2",
              "Korea Central",
              "Korea South",
              "France Central",
              "Australia Central",
              "UAE North",
              "South Africa North",
              "Switzerland North",
              "Germany West Central",
              "Norway East",
              "East US 2 EUAP",
              "Central US EUAP"
            ],
            "apiVersions": [
              "2019-09-01",
              "2018-02-14-preview",
              "2018-02-14",
              "2016-10-01"
            ],
            "apiProfiles": [
              {
                "profileVersion": "2018-06-01-profile",
                "apiVersion": "2016-10-01"
              }
            ]
          },
          {
            "resourceType": "locations/deleteVirtualNetworkOrSubnets",
            "locations": [
              "East US",
              "North Central US",
              "West Europe",
              "North Europe",
              "East Asia",
              "Southeast Asia",
              "East US 2",
              "Central US",
              "South Central US",
              "West Central US",
              "West US 2",
              "West US",
              "Japan East",
              "Japan West",
              "Australia East",
              "Australia Southeast",
              "Australia Central",
              "Brazil South",
              "Central India",
              "South India",
              "West India",
              "Canada Central",
              "Canada East",
              "UK South",
              "UK West",
              "Korea Central",
              "Korea South",
              "France Central",
              "UAE North",
              "South Africa North",
              "Switzerland North",
              "Germany West Central",
              "Norway East",
              "Central US EUAP",
              "East US 2 EUAP"
            ],
            "apiVersions": [
              "2019-09-01",
              "2018-02-14-preview",
              "2018-02-14",
              "2016-10-01"
            ]
          },
          {
            "resourceType": "locations/operationResults",
            "locations": [
              "North Central US",
              "East US",
              "North Europe",
              "West Europe",
              "East Asia",
              "Southeast Asia",
              "East US 2",
              "Central US",
              "South Central US",
              "West US",
              "Japan East",
              "Japan West",
              "Australia East",
              "Australia Southeast",
              "Brazil South",
              "Central India",
              "South India",
              "West India",
              "Canada Central",
              "Canada East",
              "UK South",
              "UK West",
              "West Central US",
              "West US 2",
              "Korea Central",
              "Korea South",
              "France Central",
              "Australia Central",
              "UAE North",
              "South Africa North",
              "Switzerland North",
              "Germany West Central",
              "Norway East",
              "East US 2 EUAP",
              "Central US EUAP"
            ],
            "apiVersions": [
              "2019-09-01",
              "2018-02-14-preview",
              "2018-02-14",
              "2016-10-01"
            ],
            "apiProfiles": [
              {
                "profileVersion": "2018-06-01-profile",
                "apiVersion": "2016-10-01"
              }
            ]
          },
          {
            "resourceType": "vaults/eventGridFilters",
            "locations": [
              "North Central US",
              "East US",
              "North Europe",
              "West Europe",
              "East Asia",
              "Southeast Asia",
              "East US 2",
              "Central US",
              "South Central US",
              "West US",
              "Japan East",
              "Japan West",
              "Australia East",
              "Australia Southeast",
              "Brazil South",
              "Central India",
              "South India",
              "West India",
              "Canada Central",
              "Canada East",
              "UK South",
              "UK West",
              "West Central US",
              "West US 2",
              "Korea Central",
              "Korea South",
              "France Central",
              "Australia Central",
              "UAE North",
              "South Africa North",
              "Switzerland North",
              "Germany West Central",
              "Norway East",
              "East US 2 EUAP",
              "Central US EUAP"
            ],
            "apiVersions": [
              "2019-09-01",
              "2018-02-14-preview",
              "2018-02-14"
            ]
          }
        ],
        "registrationState": "Registered"
      }
    },
    {
      "RequestUri": "https://management.azure.com/subscriptions/0b1f6471-1bf0-4dda-aec3-cb9272f09590/resourcegroups/sdktestrg7255?api-version=2017-05-10",
      "RequestMethod": "PUT",
      "RequestHeaders": {
        "Authorization": "Sanitized",
        "Content-Length": "31",
        "Content-Type": "application/json",
        "traceparent": "00-764d02e36fdb9d4b89c53c5e2313e177-e6c457cd6f0e124f-00",
        "User-Agent": [
          "azsdk-net-Management.Resource/0.1.6-dev.20200518.1",
          "(.NET Core 4.6.28619.01; Microsoft Windows 10.0.18363 )"
        ],
        "x-ms-client-request-id": "e65f0fc284701bd98666935d2249b3f0",
        "x-ms-return-client-request-id": "true"
      },
      "RequestBody": {
        "location": "North Central US"
      },
      "StatusCode": 201,
      "ResponseHeaders": {
        "Cache-Control": "no-cache",
        "Content-Length": "239",
        "Content-Type": "application/json; charset=utf-8",
        "Date": "Mon, 18 May 2020 08:25:35 GMT",
        "Expires": "-1",
        "Pragma": "no-cache",
        "Strict-Transport-Security": "max-age=31536000; includeSubDomains",
        "X-Content-Type-Options": "nosniff",
        "x-ms-correlation-request-id": "4379f122-b9fa-4bd1-93f0-c4d073fbf07c",
        "x-ms-ratelimit-remaining-subscription-writes": "1192",
        "x-ms-request-id": "4379f122-b9fa-4bd1-93f0-c4d073fbf07c",
        "x-ms-routing-request-id": "SOUTHEASTASIA:20200518T082536Z:4379f122-b9fa-4bd1-93f0-c4d073fbf07c"
      },
      "ResponseBody": {
        "id": "/subscriptions/0b1f6471-1bf0-4dda-aec3-cb9272f09590/resourceGroups/sdktestrg7255",
        "name": "sdktestrg7255",
        "location": "northcentralus",
        "tags": {
          "StorageType": "Standard_LRS",
          "type": "test"
        },
        "properties": {
          "provisioningState": "Succeeded"
        }
      }
    },
    {
      "RequestUri": "https://management.azure.com/subscriptions/0b1f6471-1bf0-4dda-aec3-cb9272f09590/resourceGroups/sdktestrg7255/providers/Microsoft.KeyVault/vaults/sdktestvault4147?api-version=2019-09-01",
      "RequestMethod": "PUT",
      "RequestHeaders": {
        "Authorization": "Sanitized",
        "Content-Length": "691",
        "Content-Type": "application/json",
        "traceparent": "00-393fcc1b69615e4fab2e572f068d6904-c0a4e5f3cb5be949-00",
        "User-Agent": [
          "azsdk-net-Management.KeyVault/1.0.0-dev.20200518.1",
          "(.NET Core 4.6.28619.01; Microsoft Windows 10.0.18363 )"
        ],
        "x-ms-client-request-id": "b056b9a7b3e7e1c7e7b4ec16528a2a03",
        "x-ms-return-client-request-id": "true"
      },
      "RequestBody": {
        "location": "North Central US",
        "tags": {
          "tag1": "value1",
          "tag2": "value2",
          "tag3": "value3"
        },
        "properties": {
          "tenantId": "54826b22-38d6-4fb2-bad9-b7b93a3e9c5a",
          "sku": {
            "family": "A",
            "name": "standard"
          },
          "accessPolicies": [
            {
              "tenantId": "54826b22-38d6-4fb2-bad9-b7b93a3e9c5a",
              "objectId": "1aa92e15-ee4e-4dda-9e61-5b4dc35d280b",
              "applicationId": "c445f1d5-499c-45ee-a5ff-024d36ade650",
              "permissions": {
                "keys": [
                  "all"
                ],
                "secrets": [
                  "all"
                ],
                "certificates": [
                  "all"
                ],
                "storage": [
                  "all"
                ]
              }
            }
          ],
          "vaultUri": "",
          "enabledForDeployment": true,
          "enabledForDiskEncryption": true,
          "enabledForTemplateDeployment": true,
          "networkAcls": {
            "bypass": "AzureServices",
            "defaultAction": "Allow",
            "ipRules": [
              {
                "value": "1.2.3.4/32"
              },
              {
                "value": "1.0.0.0/25"
              }
            ]
          }
        }
      },
      "StatusCode": 200,
      "ResponseHeaders": {
        "Cache-Control": "no-cache",
        "Content-Length": "1019",
        "Content-Type": "application/json; charset=utf-8",
        "Date": "Mon, 18 May 2020 08:25:42 GMT",
        "Expires": "-1",
        "Pragma": "no-cache",
        "Server": "Microsoft-IIS/10.0",
        "Strict-Transport-Security": "max-age=31536000; includeSubDomains",
        "X-AspNet-Version": "4.0.30319",
        "X-Content-Type-Options": "nosniff",
        "x-ms-correlation-request-id": "17e15dbf-dd5b-417f-887e-6a7a15342959",
        "x-ms-keyvault-service-version": "1.1.0.280",
        "x-ms-ratelimit-remaining-subscription-writes": "1191",
        "x-ms-request-id": "b8fa239e-49e6-4092-a95e-d9cbdd0c637b",
        "x-ms-routing-request-id": "SOUTHEASTASIA:20200518T082543Z:17e15dbf-dd5b-417f-887e-6a7a15342959",
        "X-Powered-By": "ASP.NET"
      },
      "ResponseBody": {
        "id": "/subscriptions/0b1f6471-1bf0-4dda-aec3-cb9272f09590/resourceGroups/sdktestrg7255/providers/Microsoft.KeyVault/vaults/sdktestvault4147",
        "name": "sdktestvault4147",
        "type": "Microsoft.KeyVault/vaults",
        "location": "North Central US",
        "tags": {
          "tag1": "value1",
          "tag2": "value2",
          "tag3": "value3"
        },
        "properties": {
          "sku": {
            "family": "A",
            "name": "standard"
          },
          "tenantId": "54826b22-38d6-4fb2-bad9-b7b93a3e9c5a",
          "networkAcls": {
            "bypass": "AzureServices",
            "defaultAction": "Allow",
            "ipRules": [
              {
                "value": "1.2.3.4/32"
              },
              {
                "value": "1.0.0.0/25"
              }
            ],
            "virtualNetworkRules": []
          },
          "accessPolicies": [
            {
              "tenantId": "54826b22-38d6-4fb2-bad9-b7b93a3e9c5a",
              "objectId": "1aa92e15-ee4e-4dda-9e61-5b4dc35d280b",
              "applicationId": "c445f1d5-499c-45ee-a5ff-024d36ade650",
              "permissions": {
                "keys": [
                  "all"
                ],
                "secrets": [
                  "all"
                ],
                "certificates": [
                  "all"
                ],
                "storage": [
                  "all"
                ]
              }
            }
          ],
          "enabledForDeployment": true,
          "enabledForDiskEncryption": true,
          "enabledForTemplateDeployment": true,
          "enableSoftDelete": true,
          "vaultUri": "https://sdktestvault4147.vault.azure.net",
          "provisioningState": "RegisteringDns"
        }
      }
    },
    {
      "RequestUri": "https://management.azure.com/subscriptions/0b1f6471-1bf0-4dda-aec3-cb9272f09590/resourceGroups/sdktestrg7255/providers/Microsoft.KeyVault/vaults/sdktestvault4147?api-version=2019-09-01",
      "RequestMethod": "GET",
      "RequestHeaders": {
        "Authorization": "Sanitized",
        "User-Agent": [
          "azsdk-net-Management.KeyVault/1.0.0-dev.20200518.1",
          "(.NET Core 4.6.28619.01; Microsoft Windows 10.0.18363 )"
        ],
        "x-ms-client-request-id": "076ae07b69805cdb980489d0ec0433db",
        "x-ms-return-client-request-id": "true"
      },
      "RequestBody": null,
      "StatusCode": 200,
      "ResponseHeaders": {
        "Cache-Control": "no-cache",
        "Content-Length": "1020",
        "Content-Type": "application/json; charset=utf-8",
        "Date": "Mon, 18 May 2020 08:25:44 GMT",
        "Expires": "-1",
        "Pragma": "no-cache",
        "Server": "Microsoft-IIS/10.0",
        "Strict-Transport-Security": "max-age=31536000; includeSubDomains",
        "X-AspNet-Version": "4.0.30319",
        "X-Content-Type-Options": "nosniff",
        "x-ms-correlation-request-id": "096fc827-e52e-4934-bd1c-49906b49cb2a",
        "x-ms-keyvault-service-version": "1.1.0.280",
        "x-ms-ratelimit-remaining-subscription-reads": "11896",
        "x-ms-request-id": "9813cdbf-b537-46c8-b055-e398e6867865",
        "x-ms-routing-request-id": "SOUTHEASTASIA:20200518T082544Z:096fc827-e52e-4934-bd1c-49906b49cb2a",
        "X-Powered-By": "ASP.NET"
      },
      "ResponseBody": {
        "id": "/subscriptions/0b1f6471-1bf0-4dda-aec3-cb9272f09590/resourceGroups/sdktestrg7255/providers/Microsoft.KeyVault/vaults/sdktestvault4147",
        "name": "sdktestvault4147",
        "type": "Microsoft.KeyVault/vaults",
        "location": "North Central US",
        "tags": {
          "tag1": "value1",
          "tag2": "value2",
          "tag3": "value3"
        },
        "properties": {
          "sku": {
            "family": "A",
            "name": "standard"
          },
          "tenantId": "54826b22-38d6-4fb2-bad9-b7b93a3e9c5a",
          "networkAcls": {
            "bypass": "AzureServices",
            "defaultAction": "Allow",
            "ipRules": [
              {
                "value": "1.2.3.4/32"
              },
              {
                "value": "1.0.0.0/25"
              }
            ],
            "virtualNetworkRules": []
          },
          "accessPolicies": [
            {
              "tenantId": "54826b22-38d6-4fb2-bad9-b7b93a3e9c5a",
              "objectId": "1aa92e15-ee4e-4dda-9e61-5b4dc35d280b",
              "applicationId": "c445f1d5-499c-45ee-a5ff-024d36ade650",
              "permissions": {
                "keys": [
                  "all"
                ],
                "secrets": [
                  "all"
                ],
                "certificates": [
                  "all"
                ],
                "storage": [
                  "all"
                ]
              }
            }
          ],
          "enabledForDeployment": true,
          "enabledForDiskEncryption": true,
          "enabledForTemplateDeployment": true,
          "enableSoftDelete": true,
          "vaultUri": "https://sdktestvault4147.vault.azure.net/",
          "provisioningState": "RegisteringDns"
        }
      }
    },
    {
      "RequestUri": "https://management.azure.com/subscriptions/0b1f6471-1bf0-4dda-aec3-cb9272f09590/resourceGroups/sdktestrg7255/providers/Microsoft.KeyVault/vaults/sdktestvault4147?api-version=2019-09-01",
      "RequestMethod": "GET",
      "RequestHeaders": {
        "Authorization": "Sanitized",
        "User-Agent": [
          "azsdk-net-Management.KeyVault/1.0.0-dev.20200518.1",
          "(.NET Core 4.6.28619.01; Microsoft Windows 10.0.18363 )"
        ],
        "x-ms-client-request-id": "bf2c5969033c0c6d140b5b578142e3e5",
        "x-ms-return-client-request-id": "true"
      },
      "RequestBody": null,
      "StatusCode": 200,
      "ResponseHeaders": {
        "Cache-Control": "no-cache",
        "Content-Length": "1020",
        "Content-Type": "application/json; charset=utf-8",
        "Date": "Mon, 18 May 2020 08:25:45 GMT",
        "Expires": "-1",
        "Pragma": "no-cache",
        "Server": "Microsoft-IIS/10.0",
        "Strict-Transport-Security": "max-age=31536000; includeSubDomains",
        "X-AspNet-Version": "4.0.30319",
        "X-Content-Type-Options": "nosniff",
        "x-ms-correlation-request-id": "ff6d4853-25b6-4c36-a302-e42fda80448a",
        "x-ms-keyvault-service-version": "1.1.0.280",
        "x-ms-ratelimit-remaining-subscription-reads": "11895",
        "x-ms-request-id": "bb030425-cd4d-49f5-b76c-11fd4be7400b",
        "x-ms-routing-request-id": "SOUTHEASTASIA:20200518T082545Z:ff6d4853-25b6-4c36-a302-e42fda80448a",
        "X-Powered-By": "ASP.NET"
      },
      "ResponseBody": {
        "id": "/subscriptions/0b1f6471-1bf0-4dda-aec3-cb9272f09590/resourceGroups/sdktestrg7255/providers/Microsoft.KeyVault/vaults/sdktestvault4147",
        "name": "sdktestvault4147",
        "type": "Microsoft.KeyVault/vaults",
        "location": "North Central US",
        "tags": {
          "tag1": "value1",
          "tag2": "value2",
          "tag3": "value3"
        },
        "properties": {
          "sku": {
            "family": "A",
            "name": "standard"
          },
          "tenantId": "54826b22-38d6-4fb2-bad9-b7b93a3e9c5a",
          "networkAcls": {
            "bypass": "AzureServices",
            "defaultAction": "Allow",
            "ipRules": [
              {
                "value": "1.2.3.4/32"
              },
              {
                "value": "1.0.0.0/25"
              }
            ],
            "virtualNetworkRules": []
          },
          "accessPolicies": [
            {
              "tenantId": "54826b22-38d6-4fb2-bad9-b7b93a3e9c5a",
              "objectId": "1aa92e15-ee4e-4dda-9e61-5b4dc35d280b",
              "applicationId": "c445f1d5-499c-45ee-a5ff-024d36ade650",
              "permissions": {
                "keys": [
                  "all"
                ],
                "secrets": [
                  "all"
                ],
                "certificates": [
                  "all"
                ],
                "storage": [
                  "all"
                ]
              }
            }
          ],
          "enabledForDeployment": true,
          "enabledForDiskEncryption": true,
          "enabledForTemplateDeployment": true,
          "enableSoftDelete": true,
          "vaultUri": "https://sdktestvault4147.vault.azure.net/",
          "provisioningState": "RegisteringDns"
        }
      }
    },
    {
      "RequestUri": "https://management.azure.com/subscriptions/0b1f6471-1bf0-4dda-aec3-cb9272f09590/resourceGroups/sdktestrg7255/providers/Microsoft.KeyVault/vaults/sdktestvault4147?api-version=2019-09-01",
      "RequestMethod": "GET",
      "RequestHeaders": {
        "Authorization": "Sanitized",
        "User-Agent": [
          "azsdk-net-Management.KeyVault/1.0.0-dev.20200518.1",
          "(.NET Core 4.6.28619.01; Microsoft Windows 10.0.18363 )"
        ],
        "x-ms-client-request-id": "729be64b22208c82af19556c11d45d4f",
        "x-ms-return-client-request-id": "true"
      },
      "RequestBody": null,
      "StatusCode": 200,
      "ResponseHeaders": {
        "Cache-Control": "no-cache",
        "Content-Length": "1020",
        "Content-Type": "application/json; charset=utf-8",
        "Date": "Mon, 18 May 2020 08:25:46 GMT",
        "Expires": "-1",
        "Pragma": "no-cache",
        "Server": "Microsoft-IIS/10.0",
        "Strict-Transport-Security": "max-age=31536000; includeSubDomains",
        "X-AspNet-Version": "4.0.30319",
        "X-Content-Type-Options": "nosniff",
        "x-ms-correlation-request-id": "7f7f5098-d820-4f2e-8180-97f91f817a61",
        "x-ms-keyvault-service-version": "1.1.0.280",
        "x-ms-ratelimit-remaining-subscription-reads": "11894",
        "x-ms-request-id": "95bd83c2-c38c-4324-a705-129e85d8931c",
        "x-ms-routing-request-id": "SOUTHEASTASIA:20200518T082547Z:7f7f5098-d820-4f2e-8180-97f91f817a61",
        "X-Powered-By": "ASP.NET"
      },
      "ResponseBody": {
        "id": "/subscriptions/0b1f6471-1bf0-4dda-aec3-cb9272f09590/resourceGroups/sdktestrg7255/providers/Microsoft.KeyVault/vaults/sdktestvault4147",
        "name": "sdktestvault4147",
        "type": "Microsoft.KeyVault/vaults",
        "location": "North Central US",
        "tags": {
          "tag1": "value1",
          "tag2": "value2",
          "tag3": "value3"
        },
        "properties": {
          "sku": {
            "family": "A",
            "name": "standard"
          },
          "tenantId": "54826b22-38d6-4fb2-bad9-b7b93a3e9c5a",
          "networkAcls": {
            "bypass": "AzureServices",
            "defaultAction": "Allow",
            "ipRules": [
              {
                "value": "1.2.3.4/32"
              },
              {
                "value": "1.0.0.0/25"
              }
            ],
            "virtualNetworkRules": []
          },
          "accessPolicies": [
            {
              "tenantId": "54826b22-38d6-4fb2-bad9-b7b93a3e9c5a",
              "objectId": "1aa92e15-ee4e-4dda-9e61-5b4dc35d280b",
              "applicationId": "c445f1d5-499c-45ee-a5ff-024d36ade650",
              "permissions": {
                "keys": [
                  "all"
                ],
                "secrets": [
                  "all"
                ],
                "certificates": [
                  "all"
                ],
                "storage": [
                  "all"
                ]
              }
            }
          ],
          "enabledForDeployment": true,
          "enabledForDiskEncryption": true,
          "enabledForTemplateDeployment": true,
          "enableSoftDelete": true,
          "vaultUri": "https://sdktestvault4147.vault.azure.net/",
          "provisioningState": "RegisteringDns"
        }
      }
    },
    {
      "RequestUri": "https://management.azure.com/subscriptions/0b1f6471-1bf0-4dda-aec3-cb9272f09590/resourceGroups/sdktestrg7255/providers/Microsoft.KeyVault/vaults/sdktestvault4147?api-version=2019-09-01",
      "RequestMethod": "GET",
      "RequestHeaders": {
        "Authorization": "Sanitized",
        "User-Agent": [
          "azsdk-net-Management.KeyVault/1.0.0-dev.20200518.1",
          "(.NET Core 4.6.28619.01; Microsoft Windows 10.0.18363 )"
        ],
        "x-ms-client-request-id": "a41c565ca9d577c8725df3750d84db56",
        "x-ms-return-client-request-id": "true"
      },
      "RequestBody": null,
      "StatusCode": 200,
      "ResponseHeaders": {
        "Cache-Control": "no-cache",
        "Content-Length": "1020",
        "Content-Type": "application/json; charset=utf-8",
        "Date": "Mon, 18 May 2020 08:25:47 GMT",
        "Expires": "-1",
        "Pragma": "no-cache",
        "Server": "Microsoft-IIS/10.0",
        "Strict-Transport-Security": "max-age=31536000; includeSubDomains",
        "X-AspNet-Version": "4.0.30319",
        "X-Content-Type-Options": "nosniff",
        "x-ms-correlation-request-id": "bc093911-f28f-43f4-98ad-d87946fa63f2",
        "x-ms-keyvault-service-version": "1.1.0.280",
        "x-ms-ratelimit-remaining-subscription-reads": "11893",
        "x-ms-request-id": "e7f280c1-7904-4042-a604-88f59827975c",
        "x-ms-routing-request-id": "SOUTHEASTASIA:20200518T082548Z:bc093911-f28f-43f4-98ad-d87946fa63f2",
        "X-Powered-By": "ASP.NET"
      },
      "ResponseBody": {
        "id": "/subscriptions/0b1f6471-1bf0-4dda-aec3-cb9272f09590/resourceGroups/sdktestrg7255/providers/Microsoft.KeyVault/vaults/sdktestvault4147",
        "name": "sdktestvault4147",
        "type": "Microsoft.KeyVault/vaults",
        "location": "North Central US",
        "tags": {
          "tag1": "value1",
          "tag2": "value2",
          "tag3": "value3"
        },
        "properties": {
          "sku": {
            "family": "A",
            "name": "standard"
          },
          "tenantId": "54826b22-38d6-4fb2-bad9-b7b93a3e9c5a",
          "networkAcls": {
            "bypass": "AzureServices",
            "defaultAction": "Allow",
            "ipRules": [
              {
                "value": "1.2.3.4/32"
              },
              {
                "value": "1.0.0.0/25"
              }
            ],
            "virtualNetworkRules": []
          },
          "accessPolicies": [
            {
              "tenantId": "54826b22-38d6-4fb2-bad9-b7b93a3e9c5a",
              "objectId": "1aa92e15-ee4e-4dda-9e61-5b4dc35d280b",
              "applicationId": "c445f1d5-499c-45ee-a5ff-024d36ade650",
              "permissions": {
                "keys": [
                  "all"
                ],
                "secrets": [
                  "all"
                ],
                "certificates": [
                  "all"
                ],
                "storage": [
                  "all"
                ]
              }
            }
          ],
          "enabledForDeployment": true,
          "enabledForDiskEncryption": true,
          "enabledForTemplateDeployment": true,
          "enableSoftDelete": true,
          "vaultUri": "https://sdktestvault4147.vault.azure.net/",
          "provisioningState": "RegisteringDns"
        }
      }
    },
    {
      "RequestUri": "https://management.azure.com/subscriptions/0b1f6471-1bf0-4dda-aec3-cb9272f09590/resourceGroups/sdktestrg7255/providers/Microsoft.KeyVault/vaults/sdktestvault4147?api-version=2019-09-01",
      "RequestMethod": "GET",
      "RequestHeaders": {
        "Authorization": "Sanitized",
        "User-Agent": [
          "azsdk-net-Management.KeyVault/1.0.0-dev.20200518.1",
          "(.NET Core 4.6.28619.01; Microsoft Windows 10.0.18363 )"
        ],
        "x-ms-client-request-id": "0684a320c16947bbd69f1022ae01fb3f",
        "x-ms-return-client-request-id": "true"
      },
      "RequestBody": null,
      "StatusCode": 200,
      "ResponseHeaders": {
        "Cache-Control": "no-cache",
        "Content-Length": "1020",
        "Content-Type": "application/json; charset=utf-8",
        "Date": "Mon, 18 May 2020 08:25:49 GMT",
        "Expires": "-1",
        "Pragma": "no-cache",
        "Server": "Microsoft-IIS/10.0",
        "Strict-Transport-Security": "max-age=31536000; includeSubDomains",
        "X-AspNet-Version": "4.0.30319",
        "X-Content-Type-Options": "nosniff",
        "x-ms-correlation-request-id": "cf6bed70-0caf-40a8-9c78-192aa96a090b",
        "x-ms-keyvault-service-version": "1.1.0.280",
        "x-ms-ratelimit-remaining-subscription-reads": "11892",
        "x-ms-request-id": "561ac8d2-8ae2-4b21-8a6e-9b3f65b0bc5b",
        "x-ms-routing-request-id": "SOUTHEASTASIA:20200518T082549Z:cf6bed70-0caf-40a8-9c78-192aa96a090b",
        "X-Powered-By": "ASP.NET"
      },
      "ResponseBody": {
        "id": "/subscriptions/0b1f6471-1bf0-4dda-aec3-cb9272f09590/resourceGroups/sdktestrg7255/providers/Microsoft.KeyVault/vaults/sdktestvault4147",
        "name": "sdktestvault4147",
        "type": "Microsoft.KeyVault/vaults",
        "location": "North Central US",
        "tags": {
          "tag1": "value1",
          "tag2": "value2",
          "tag3": "value3"
        },
        "properties": {
          "sku": {
            "family": "A",
            "name": "standard"
          },
          "tenantId": "54826b22-38d6-4fb2-bad9-b7b93a3e9c5a",
          "networkAcls": {
            "bypass": "AzureServices",
            "defaultAction": "Allow",
            "ipRules": [
              {
                "value": "1.2.3.4/32"
              },
              {
                "value": "1.0.0.0/25"
              }
            ],
            "virtualNetworkRules": []
          },
          "accessPolicies": [
            {
              "tenantId": "54826b22-38d6-4fb2-bad9-b7b93a3e9c5a",
              "objectId": "1aa92e15-ee4e-4dda-9e61-5b4dc35d280b",
              "applicationId": "c445f1d5-499c-45ee-a5ff-024d36ade650",
              "permissions": {
                "keys": [
                  "all"
                ],
                "secrets": [
                  "all"
                ],
                "certificates": [
                  "all"
                ],
                "storage": [
                  "all"
                ]
              }
            }
          ],
          "enabledForDeployment": true,
          "enabledForDiskEncryption": true,
          "enabledForTemplateDeployment": true,
          "enableSoftDelete": true,
          "vaultUri": "https://sdktestvault4147.vault.azure.net/",
          "provisioningState": "RegisteringDns"
        }
      }
    },
    {
      "RequestUri": "https://management.azure.com/subscriptions/0b1f6471-1bf0-4dda-aec3-cb9272f09590/resourceGroups/sdktestrg7255/providers/Microsoft.KeyVault/vaults/sdktestvault4147?api-version=2019-09-01",
      "RequestMethod": "GET",
      "RequestHeaders": {
        "Authorization": "Sanitized",
        "User-Agent": [
          "azsdk-net-Management.KeyVault/1.0.0-dev.20200518.1",
          "(.NET Core 4.6.28619.01; Microsoft Windows 10.0.18363 )"
        ],
        "x-ms-client-request-id": "2afb0cad3f25a20f1d23ffc22e0d7e2b",
        "x-ms-return-client-request-id": "true"
      },
      "RequestBody": null,
      "StatusCode": 200,
      "ResponseHeaders": {
        "Cache-Control": "no-cache",
        "Content-Length": "1020",
        "Content-Type": "application/json; charset=utf-8",
        "Date": "Mon, 18 May 2020 08:25:50 GMT",
        "Expires": "-1",
        "Pragma": "no-cache",
        "Server": "Microsoft-IIS/10.0",
        "Strict-Transport-Security": "max-age=31536000; includeSubDomains",
        "X-AspNet-Version": "4.0.30319",
        "X-Content-Type-Options": "nosniff",
        "x-ms-correlation-request-id": "523303b9-0c6b-448c-92e4-3683dfd59ee5",
        "x-ms-keyvault-service-version": "1.1.0.280",
        "x-ms-ratelimit-remaining-subscription-reads": "11891",
        "x-ms-request-id": "322a54d8-0278-4030-b3d1-e348489ecfb7",
        "x-ms-routing-request-id": "SOUTHEASTASIA:20200518T082551Z:523303b9-0c6b-448c-92e4-3683dfd59ee5",
        "X-Powered-By": "ASP.NET"
      },
      "ResponseBody": {
        "id": "/subscriptions/0b1f6471-1bf0-4dda-aec3-cb9272f09590/resourceGroups/sdktestrg7255/providers/Microsoft.KeyVault/vaults/sdktestvault4147",
        "name": "sdktestvault4147",
        "type": "Microsoft.KeyVault/vaults",
        "location": "North Central US",
        "tags": {
          "tag1": "value1",
          "tag2": "value2",
          "tag3": "value3"
        },
        "properties": {
          "sku": {
            "family": "A",
            "name": "standard"
          },
          "tenantId": "54826b22-38d6-4fb2-bad9-b7b93a3e9c5a",
          "networkAcls": {
            "bypass": "AzureServices",
            "defaultAction": "Allow",
            "ipRules": [
              {
                "value": "1.2.3.4/32"
              },
              {
                "value": "1.0.0.0/25"
              }
            ],
            "virtualNetworkRules": []
          },
          "accessPolicies": [
            {
              "tenantId": "54826b22-38d6-4fb2-bad9-b7b93a3e9c5a",
              "objectId": "1aa92e15-ee4e-4dda-9e61-5b4dc35d280b",
              "applicationId": "c445f1d5-499c-45ee-a5ff-024d36ade650",
              "permissions": {
                "keys": [
                  "all"
                ],
                "secrets": [
                  "all"
                ],
                "certificates": [
                  "all"
                ],
                "storage": [
                  "all"
                ]
              }
            }
          ],
          "enabledForDeployment": true,
          "enabledForDiskEncryption": true,
          "enabledForTemplateDeployment": true,
          "enableSoftDelete": true,
          "vaultUri": "https://sdktestvault4147.vault.azure.net/",
          "provisioningState": "RegisteringDns"
        }
      }
    },
    {
      "RequestUri": "https://management.azure.com/subscriptions/0b1f6471-1bf0-4dda-aec3-cb9272f09590/resourceGroups/sdktestrg7255/providers/Microsoft.KeyVault/vaults/sdktestvault4147?api-version=2019-09-01",
      "RequestMethod": "GET",
      "RequestHeaders": {
        "Authorization": "Sanitized",
        "User-Agent": [
          "azsdk-net-Management.KeyVault/1.0.0-dev.20200518.1",
          "(.NET Core 4.6.28619.01; Microsoft Windows 10.0.18363 )"
        ],
        "x-ms-client-request-id": "6d4bfe3e574f9ae59ad5cd3598a6c971",
        "x-ms-return-client-request-id": "true"
      },
      "RequestBody": null,
      "StatusCode": 200,
      "ResponseHeaders": {
        "Cache-Control": "no-cache",
        "Content-Length": "1020",
        "Content-Type": "application/json; charset=utf-8",
        "Date": "Mon, 18 May 2020 08:25:51 GMT",
        "Expires": "-1",
        "Pragma": "no-cache",
        "Server": "Microsoft-IIS/10.0",
        "Strict-Transport-Security": "max-age=31536000; includeSubDomains",
        "X-AspNet-Version": "4.0.30319",
        "X-Content-Type-Options": "nosniff",
        "x-ms-correlation-request-id": "4a666524-f9e9-4c35-a6b4-7adfe17e96f6",
        "x-ms-keyvault-service-version": "1.1.0.280",
        "x-ms-ratelimit-remaining-subscription-reads": "11890",
        "x-ms-request-id": "2f5a9608-b050-4789-82e3-7d7575466894",
        "x-ms-routing-request-id": "SOUTHEASTASIA:20200518T082552Z:4a666524-f9e9-4c35-a6b4-7adfe17e96f6",
        "X-Powered-By": "ASP.NET"
      },
      "ResponseBody": {
        "id": "/subscriptions/0b1f6471-1bf0-4dda-aec3-cb9272f09590/resourceGroups/sdktestrg7255/providers/Microsoft.KeyVault/vaults/sdktestvault4147",
        "name": "sdktestvault4147",
        "type": "Microsoft.KeyVault/vaults",
        "location": "North Central US",
        "tags": {
          "tag1": "value1",
          "tag2": "value2",
          "tag3": "value3"
        },
        "properties": {
          "sku": {
            "family": "A",
            "name": "standard"
          },
          "tenantId": "54826b22-38d6-4fb2-bad9-b7b93a3e9c5a",
          "networkAcls": {
            "bypass": "AzureServices",
            "defaultAction": "Allow",
            "ipRules": [
              {
                "value": "1.2.3.4/32"
              },
              {
                "value": "1.0.0.0/25"
              }
            ],
            "virtualNetworkRules": []
          },
          "accessPolicies": [
            {
              "tenantId": "54826b22-38d6-4fb2-bad9-b7b93a3e9c5a",
              "objectId": "1aa92e15-ee4e-4dda-9e61-5b4dc35d280b",
              "applicationId": "c445f1d5-499c-45ee-a5ff-024d36ade650",
              "permissions": {
                "keys": [
                  "all"
                ],
                "secrets": [
                  "all"
                ],
                "certificates": [
                  "all"
                ],
                "storage": [
                  "all"
                ]
              }
            }
          ],
          "enabledForDeployment": true,
          "enabledForDiskEncryption": true,
          "enabledForTemplateDeployment": true,
          "enableSoftDelete": true,
          "vaultUri": "https://sdktestvault4147.vault.azure.net/",
          "provisioningState": "RegisteringDns"
        }
      }
    },
    {
      "RequestUri": "https://management.azure.com/subscriptions/0b1f6471-1bf0-4dda-aec3-cb9272f09590/resourceGroups/sdktestrg7255/providers/Microsoft.KeyVault/vaults/sdktestvault4147?api-version=2019-09-01",
      "RequestMethod": "GET",
      "RequestHeaders": {
        "Authorization": "Sanitized",
        "User-Agent": [
          "azsdk-net-Management.KeyVault/1.0.0-dev.20200518.1",
          "(.NET Core 4.6.28619.01; Microsoft Windows 10.0.18363 )"
        ],
        "x-ms-client-request-id": "01c8b462b088e13093e2e846c2f818c9",
        "x-ms-return-client-request-id": "true"
      },
      "RequestBody": null,
      "StatusCode": 200,
      "ResponseHeaders": {
        "Cache-Control": "no-cache",
        "Content-Length": "1020",
        "Content-Type": "application/json; charset=utf-8",
        "Date": "Mon, 18 May 2020 08:25:53 GMT",
        "Expires": "-1",
        "Pragma": "no-cache",
        "Server": "Microsoft-IIS/10.0",
        "Strict-Transport-Security": "max-age=31536000; includeSubDomains",
        "X-AspNet-Version": "4.0.30319",
        "X-Content-Type-Options": "nosniff",
        "x-ms-correlation-request-id": "cd123b2d-e031-4da7-bdcb-c37f2fdbd83f",
        "x-ms-keyvault-service-version": "1.1.0.280",
        "x-ms-ratelimit-remaining-subscription-reads": "11889",
        "x-ms-request-id": "3212ea75-9bdb-462d-b484-9c71169b7107",
        "x-ms-routing-request-id": "SOUTHEASTASIA:20200518T082553Z:cd123b2d-e031-4da7-bdcb-c37f2fdbd83f",
        "X-Powered-By": "ASP.NET"
      },
      "ResponseBody": {
        "id": "/subscriptions/0b1f6471-1bf0-4dda-aec3-cb9272f09590/resourceGroups/sdktestrg7255/providers/Microsoft.KeyVault/vaults/sdktestvault4147",
        "name": "sdktestvault4147",
        "type": "Microsoft.KeyVault/vaults",
        "location": "North Central US",
        "tags": {
          "tag1": "value1",
          "tag2": "value2",
          "tag3": "value3"
        },
        "properties": {
          "sku": {
            "family": "A",
            "name": "standard"
          },
          "tenantId": "54826b22-38d6-4fb2-bad9-b7b93a3e9c5a",
          "networkAcls": {
            "bypass": "AzureServices",
            "defaultAction": "Allow",
            "ipRules": [
              {
                "value": "1.2.3.4/32"
              },
              {
                "value": "1.0.0.0/25"
              }
            ],
            "virtualNetworkRules": []
          },
          "accessPolicies": [
            {
              "tenantId": "54826b22-38d6-4fb2-bad9-b7b93a3e9c5a",
              "objectId": "1aa92e15-ee4e-4dda-9e61-5b4dc35d280b",
              "applicationId": "c445f1d5-499c-45ee-a5ff-024d36ade650",
              "permissions": {
                "keys": [
                  "all"
                ],
                "secrets": [
                  "all"
                ],
                "certificates": [
                  "all"
                ],
                "storage": [
                  "all"
                ]
              }
            }
          ],
          "enabledForDeployment": true,
          "enabledForDiskEncryption": true,
          "enabledForTemplateDeployment": true,
          "enableSoftDelete": true,
          "vaultUri": "https://sdktestvault4147.vault.azure.net/",
          "provisioningState": "RegisteringDns"
        }
      }
    },
    {
      "RequestUri": "https://management.azure.com/subscriptions/0b1f6471-1bf0-4dda-aec3-cb9272f09590/resourceGroups/sdktestrg7255/providers/Microsoft.KeyVault/vaults/sdktestvault4147?api-version=2019-09-01",
      "RequestMethod": "GET",
      "RequestHeaders": {
        "Authorization": "Sanitized",
        "User-Agent": [
          "azsdk-net-Management.KeyVault/1.0.0-dev.20200518.1",
          "(.NET Core 4.6.28619.01; Microsoft Windows 10.0.18363 )"
        ],
        "x-ms-client-request-id": "afe4e5218db655ef26608f5072da0977",
        "x-ms-return-client-request-id": "true"
      },
      "RequestBody": null,
      "StatusCode": 200,
      "ResponseHeaders": {
        "Cache-Control": "no-cache",
        "Content-Length": "1020",
        "Content-Type": "application/json; charset=utf-8",
        "Date": "Mon, 18 May 2020 08:25:54 GMT",
        "Expires": "-1",
        "Pragma": "no-cache",
        "Server": "Microsoft-IIS/10.0",
        "Strict-Transport-Security": "max-age=31536000; includeSubDomains",
        "X-AspNet-Version": "4.0.30319",
        "X-Content-Type-Options": "nosniff",
        "x-ms-correlation-request-id": "eaecb31a-882c-49ef-8cc9-0e9d21f65a30",
        "x-ms-keyvault-service-version": "1.1.0.280",
        "x-ms-ratelimit-remaining-subscription-reads": "11888",
        "x-ms-request-id": "c5421acc-e473-4057-9a8f-64dd23d5f9e7",
        "x-ms-routing-request-id": "SOUTHEASTASIA:20200518T082555Z:eaecb31a-882c-49ef-8cc9-0e9d21f65a30",
        "X-Powered-By": "ASP.NET"
      },
      "ResponseBody": {
        "id": "/subscriptions/0b1f6471-1bf0-4dda-aec3-cb9272f09590/resourceGroups/sdktestrg7255/providers/Microsoft.KeyVault/vaults/sdktestvault4147",
        "name": "sdktestvault4147",
        "type": "Microsoft.KeyVault/vaults",
        "location": "North Central US",
        "tags": {
          "tag1": "value1",
          "tag2": "value2",
          "tag3": "value3"
        },
        "properties": {
          "sku": {
            "family": "A",
            "name": "standard"
          },
          "tenantId": "54826b22-38d6-4fb2-bad9-b7b93a3e9c5a",
          "networkAcls": {
            "bypass": "AzureServices",
            "defaultAction": "Allow",
            "ipRules": [
              {
                "value": "1.2.3.4/32"
              },
              {
                "value": "1.0.0.0/25"
              }
            ],
            "virtualNetworkRules": []
          },
          "accessPolicies": [
            {
              "tenantId": "54826b22-38d6-4fb2-bad9-b7b93a3e9c5a",
              "objectId": "1aa92e15-ee4e-4dda-9e61-5b4dc35d280b",
              "applicationId": "c445f1d5-499c-45ee-a5ff-024d36ade650",
              "permissions": {
                "keys": [
                  "all"
                ],
                "secrets": [
                  "all"
                ],
                "certificates": [
                  "all"
                ],
                "storage": [
                  "all"
                ]
              }
            }
          ],
          "enabledForDeployment": true,
          "enabledForDiskEncryption": true,
          "enabledForTemplateDeployment": true,
          "enableSoftDelete": true,
          "vaultUri": "https://sdktestvault4147.vault.azure.net/",
          "provisioningState": "RegisteringDns"
        }
      }
    },
    {
      "RequestUri": "https://management.azure.com/subscriptions/0b1f6471-1bf0-4dda-aec3-cb9272f09590/resourceGroups/sdktestrg7255/providers/Microsoft.KeyVault/vaults/sdktestvault4147?api-version=2019-09-01",
      "RequestMethod": "GET",
      "RequestHeaders": {
        "Authorization": "Sanitized",
        "User-Agent": [
          "azsdk-net-Management.KeyVault/1.0.0-dev.20200518.1",
          "(.NET Core 4.6.28619.01; Microsoft Windows 10.0.18363 )"
        ],
        "x-ms-client-request-id": "7a608d5a7d458da2ce69da6d6e9fd8a2",
        "x-ms-return-client-request-id": "true"
      },
      "RequestBody": null,
      "StatusCode": 200,
      "ResponseHeaders": {
        "Cache-Control": "no-cache",
        "Content-Length": "1020",
        "Content-Type": "application/json; charset=utf-8",
        "Date": "Mon, 18 May 2020 08:25:55 GMT",
        "Expires": "-1",
        "Pragma": "no-cache",
        "Server": "Microsoft-IIS/10.0",
        "Strict-Transport-Security": "max-age=31536000; includeSubDomains",
        "X-AspNet-Version": "4.0.30319",
        "X-Content-Type-Options": "nosniff",
        "x-ms-correlation-request-id": "22c01bb3-57e0-405e-a716-2037f243c424",
        "x-ms-keyvault-service-version": "1.1.0.280",
        "x-ms-ratelimit-remaining-subscription-reads": "11887",
        "x-ms-request-id": "24a3d8a6-2361-4e03-b60e-2e7bc7d89a78",
        "x-ms-routing-request-id": "SOUTHEASTASIA:20200518T082556Z:22c01bb3-57e0-405e-a716-2037f243c424",
        "X-Powered-By": "ASP.NET"
      },
      "ResponseBody": {
        "id": "/subscriptions/0b1f6471-1bf0-4dda-aec3-cb9272f09590/resourceGroups/sdktestrg7255/providers/Microsoft.KeyVault/vaults/sdktestvault4147",
        "name": "sdktestvault4147",
        "type": "Microsoft.KeyVault/vaults",
        "location": "North Central US",
        "tags": {
          "tag1": "value1",
          "tag2": "value2",
          "tag3": "value3"
        },
        "properties": {
          "sku": {
            "family": "A",
            "name": "standard"
          },
          "tenantId": "54826b22-38d6-4fb2-bad9-b7b93a3e9c5a",
          "networkAcls": {
            "bypass": "AzureServices",
            "defaultAction": "Allow",
            "ipRules": [
              {
                "value": "1.2.3.4/32"
              },
              {
                "value": "1.0.0.0/25"
              }
            ],
            "virtualNetworkRules": []
          },
          "accessPolicies": [
            {
              "tenantId": "54826b22-38d6-4fb2-bad9-b7b93a3e9c5a",
              "objectId": "1aa92e15-ee4e-4dda-9e61-5b4dc35d280b",
              "applicationId": "c445f1d5-499c-45ee-a5ff-024d36ade650",
              "permissions": {
                "keys": [
                  "all"
                ],
                "secrets": [
                  "all"
                ],
                "certificates": [
                  "all"
                ],
                "storage": [
                  "all"
                ]
              }
            }
          ],
          "enabledForDeployment": true,
          "enabledForDiskEncryption": true,
          "enabledForTemplateDeployment": true,
          "enableSoftDelete": true,
          "vaultUri": "https://sdktestvault4147.vault.azure.net/",
          "provisioningState": "RegisteringDns"
        }
      }
    },
    {
      "RequestUri": "https://management.azure.com/subscriptions/0b1f6471-1bf0-4dda-aec3-cb9272f09590/resourceGroups/sdktestrg7255/providers/Microsoft.KeyVault/vaults/sdktestvault4147?api-version=2019-09-01",
      "RequestMethod": "GET",
      "RequestHeaders": {
        "Authorization": "Sanitized",
        "User-Agent": [
          "azsdk-net-Management.KeyVault/1.0.0-dev.20200518.1",
          "(.NET Core 4.6.28619.01; Microsoft Windows 10.0.18363 )"
        ],
        "x-ms-client-request-id": "b31403bc19c1d4bbc472da2820df6eb9",
        "x-ms-return-client-request-id": "true"
      },
      "RequestBody": null,
      "StatusCode": 200,
      "ResponseHeaders": {
        "Cache-Control": "no-cache",
        "Content-Length": "1015",
        "Content-Type": "application/json; charset=utf-8",
        "Date": "Mon, 18 May 2020 08:25:57 GMT",
        "Expires": "-1",
        "Pragma": "no-cache",
        "Server": "Microsoft-IIS/10.0",
        "Strict-Transport-Security": "max-age=31536000; includeSubDomains",
        "X-AspNet-Version": "4.0.30319",
        "X-Content-Type-Options": "nosniff",
        "x-ms-correlation-request-id": "73e112fb-7e5b-4d97-a897-7e5b78ccb245",
        "x-ms-keyvault-service-version": "1.1.0.280",
        "x-ms-ratelimit-remaining-subscription-reads": "11886",
        "x-ms-request-id": "eca60f5a-10c1-4bbd-a796-3c9404144874",
        "x-ms-routing-request-id": "SOUTHEASTASIA:20200518T082557Z:73e112fb-7e5b-4d97-a897-7e5b78ccb245",
        "X-Powered-By": "ASP.NET"
      },
      "ResponseBody": {
        "id": "/subscriptions/0b1f6471-1bf0-4dda-aec3-cb9272f09590/resourceGroups/sdktestrg7255/providers/Microsoft.KeyVault/vaults/sdktestvault4147",
        "name": "sdktestvault4147",
        "type": "Microsoft.KeyVault/vaults",
        "location": "North Central US",
        "tags": {
          "tag1": "value1",
          "tag2": "value2",
          "tag3": "value3"
        },
        "properties": {
          "sku": {
            "family": "A",
            "name": "standard"
          },
          "tenantId": "54826b22-38d6-4fb2-bad9-b7b93a3e9c5a",
          "networkAcls": {
            "bypass": "AzureServices",
            "defaultAction": "Allow",
            "ipRules": [
              {
                "value": "1.2.3.4/32"
              },
              {
                "value": "1.0.0.0/25"
              }
            ],
            "virtualNetworkRules": []
          },
          "accessPolicies": [
            {
              "tenantId": "54826b22-38d6-4fb2-bad9-b7b93a3e9c5a",
              "objectId": "1aa92e15-ee4e-4dda-9e61-5b4dc35d280b",
              "applicationId": "c445f1d5-499c-45ee-a5ff-024d36ade650",
              "permissions": {
                "keys": [
                  "all"
                ],
                "secrets": [
                  "all"
                ],
                "certificates": [
                  "all"
                ],
                "storage": [
                  "all"
                ]
              }
            }
          ],
          "enabledForDeployment": true,
          "enabledForDiskEncryption": true,
          "enabledForTemplateDeployment": true,
          "enableSoftDelete": true,
          "vaultUri": "https://sdktestvault4147.vault.azure.net/",
          "provisioningState": "Succeeded"
        }
      }
    },
    {
      "RequestUri": "https://management.azure.com/subscriptions/0b1f6471-1bf0-4dda-aec3-cb9272f09590/resourceGroups/sdktestrg7255/providers/Microsoft.KeyVault/vaults/sdktestvault4147?api-version=2019-09-01",
      "RequestMethod": "GET",
      "RequestHeaders": {
        "Authorization": "Sanitized",
        "traceparent": "00-245ac0976824304f86ef33f3ffe474af-e693fbc3b8713a41-00",
        "User-Agent": [
          "azsdk-net-Management.KeyVault/1.0.0-dev.20200518.1",
          "(.NET Core 4.6.28619.01; Microsoft Windows 10.0.18363 )"
        ],
        "x-ms-client-request-id": "34eb71d89d98a3844357e14cb381e787",
        "x-ms-return-client-request-id": "true"
      },
      "RequestBody": null,
      "StatusCode": 200,
      "ResponseHeaders": {
        "Cache-Control": "no-cache",
        "Content-Length": "1015",
        "Content-Type": "application/json; charset=utf-8",
        "Date": "Mon, 18 May 2020 08:25:57 GMT",
        "Expires": "-1",
        "Pragma": "no-cache",
        "Server": "Microsoft-IIS/10.0",
        "Strict-Transport-Security": "max-age=31536000; includeSubDomains",
        "X-AspNet-Version": "4.0.30319",
        "X-Content-Type-Options": "nosniff",
        "x-ms-correlation-request-id": "b1c8e1c1-60ee-41d2-bb31-a41bc8aa7abd",
        "x-ms-keyvault-service-version": "1.1.0.280",
        "x-ms-ratelimit-remaining-subscription-reads": "11885",
        "x-ms-request-id": "9ea1bdac-d60e-4c75-851e-3cb29d9a3ee3",
        "x-ms-routing-request-id": "SOUTHEASTASIA:20200518T082558Z:b1c8e1c1-60ee-41d2-bb31-a41bc8aa7abd",
        "X-Powered-By": "ASP.NET"
      },
      "ResponseBody": {
        "id": "/subscriptions/0b1f6471-1bf0-4dda-aec3-cb9272f09590/resourceGroups/sdktestrg7255/providers/Microsoft.KeyVault/vaults/sdktestvault4147",
        "name": "sdktestvault4147",
        "type": "Microsoft.KeyVault/vaults",
        "location": "North Central US",
        "tags": {
          "tag1": "value1",
          "tag2": "value2",
          "tag3": "value3"
        },
        "properties": {
          "sku": {
            "family": "A",
            "name": "standard"
          },
          "tenantId": "54826b22-38d6-4fb2-bad9-b7b93a3e9c5a",
          "networkAcls": {
            "bypass": "AzureServices",
            "defaultAction": "Allow",
            "ipRules": [
              {
                "value": "1.2.3.4/32"
              },
              {
                "value": "1.0.0.0/25"
              }
            ],
            "virtualNetworkRules": []
          },
          "accessPolicies": [
            {
              "tenantId": "54826b22-38d6-4fb2-bad9-b7b93a3e9c5a",
              "objectId": "1aa92e15-ee4e-4dda-9e61-5b4dc35d280b",
              "applicationId": "c445f1d5-499c-45ee-a5ff-024d36ade650",
              "permissions": {
                "keys": [
                  "all"
                ],
                "secrets": [
                  "all"
                ],
                "certificates": [
                  "all"
                ],
                "storage": [
                  "all"
                ]
              }
            }
          ],
          "enabledForDeployment": true,
          "enabledForDiskEncryption": true,
          "enabledForTemplateDeployment": true,
          "enableSoftDelete": true,
          "vaultUri": "https://sdktestvault4147.vault.azure.net/",
          "provisioningState": "Succeeded"
        }
      }
    },
    {
      "RequestUri": "https://management.azure.com/subscriptions/0b1f6471-1bf0-4dda-aec3-cb9272f09590/resourceGroups/sdktestrg7255/providers/Microsoft.KeyVault/vaults/sdktestvault4147?api-version=2019-09-01",
      "RequestMethod": "DELETE",
      "RequestHeaders": {
        "Authorization": "Sanitized",
        "traceparent": "00-2ee1f99be0311b468d34e7fa26712282-1445d0146a2b984f-00",
        "User-Agent": [
          "azsdk-net-Management.KeyVault/1.0.0-dev.20200518.1",
          "(.NET Core 4.6.28619.01; Microsoft Windows 10.0.18363 )"
        ],
        "x-ms-client-request-id": "6e94ed8756c541b5d28bb6d2a3796cef",
        "x-ms-return-client-request-id": "true"
      },
      "RequestBody": null,
      "StatusCode": 200,
      "ResponseHeaders": {
        "Cache-Control": "no-cache",
        "Content-Length": "0",
        "Date": "Mon, 18 May 2020 08:26:00 GMT",
        "Expires": "-1",
        "Pragma": "no-cache",
        "Server": "Microsoft-IIS/10.0",
        "Strict-Transport-Security": "max-age=31536000; includeSubDomains",
        "X-AspNet-Version": "4.0.30319",
        "X-Content-Type-Options": "nosniff",
        "x-ms-correlation-request-id": "f3938fa6-1ba5-4fe5-a96d-ef713a146883",
        "x-ms-keyvault-service-version": "1.1.0.280",
        "x-ms-ratelimit-remaining-subscription-deletes": "14989",
        "x-ms-request-id": "3ba00c9a-4375-407c-b8a2-b53f422abff8",
        "x-ms-routing-request-id": "SOUTHEASTASIA:20200518T082601Z:f3938fa6-1ba5-4fe5-a96d-ef713a146883",
        "X-Powered-By": "ASP.NET"
      },
      "ResponseBody": []
    },
    {
      "RequestUri": "https://management.azure.com/subscriptions/0b1f6471-1bf0-4dda-aec3-cb9272f09590/resourceGroups/sdktestrg7255/providers/Microsoft.KeyVault/vaults/sdktestvault4147?api-version=2019-09-01",
      "RequestMethod": "GET",
      "RequestHeaders": {
        "Authorization": "Sanitized",
        "traceparent": "00-921b4e93201ec344bdf5ec787e07458a-37adefabea9e244a-00",
        "User-Agent": [
          "azsdk-net-Management.KeyVault/1.0.0-dev.20200518.1",
          "(.NET Core 4.6.28619.01; Microsoft Windows 10.0.18363 )"
        ],
        "x-ms-client-request-id": "fc9520fba4b31f097f716f6a386e2142",
        "x-ms-return-client-request-id": "true"
      },
      "RequestBody": null,
      "StatusCode": 404,
      "ResponseHeaders": {
        "Cache-Control": "no-cache",
        "Content-Length": "159",
        "Content-Type": "application/json; charset=utf-8",
        "Date": "Mon, 18 May 2020 08:26:01 GMT",
        "Expires": "-1",
        "Pragma": "no-cache",
        "Strict-Transport-Security": "max-age=31536000; includeSubDomains",
        "X-Content-Type-Options": "nosniff",
        "x-ms-correlation-request-id": "769c5bc3-4952-47c1-870f-2bc88fc82e67",
        "x-ms-failure-cause": "gateway",
        "x-ms-request-id": "769c5bc3-4952-47c1-870f-2bc88fc82e67",
        "x-ms-routing-request-id": "SOUTHEASTASIA:20200518T082601Z:769c5bc3-4952-47c1-870f-2bc88fc82e67"
      },
      "ResponseBody": {
        "error": {
          "code": "ResourceNotFound",
          "message": "The Resource \u0027Microsoft.KeyVault/vaults/sdktestvault4147\u0027 under resource group \u0027sdktestrg7255\u0027 was not found."
        }
      }
    },
    {
      "RequestUri": "https://management.azure.com/subscriptions/0b1f6471-1bf0-4dda-aec3-cb9272f09590/resourcegroups/sdktestrg7255?api-version=2017-05-10",
      "RequestMethod": "DELETE",
      "RequestHeaders": {
        "Authorization": "Sanitized",
        "traceparent": "00-a1631e0bc0f41345848609ce55ebe91f-0208d4f20ab01240-00",
        "User-Agent": [
          "azsdk-net-Management.Resource/0.1.6-dev.20200518.1",
          "(.NET Core 4.6.28619.01; Microsoft Windows 10.0.18363 )"
        ],
        "x-ms-client-request-id": "33a0538a004b81f3bcaa610de7b100c9",
        "x-ms-return-client-request-id": "true"
      },
      "RequestBody": null,
      "StatusCode": 202,
      "ResponseHeaders": {
        "Cache-Control": "no-cache",
        "Content-Length": "0",
        "Date": "Mon, 18 May 2020 08:26:04 GMT",
        "Expires": "-1",
        "Location": "https://management.azure.com/subscriptions/0b1f6471-1bf0-4dda-aec3-cb9272f09590/operationresults/eyJqb2JJZCI6IlJFU09VUkNFR1JPVVBERUxFVElPTkpPQi1TREtURVNUUkc3MjU1LU5PUlRIQ0VOVFJBTFVTIiwiam9iTG9jYXRpb24iOiJub3J0aGNlbnRyYWx1cyJ9?api-version=2017-05-10",
        "Pragma": "no-cache",
        "Retry-After": "15",
        "Strict-Transport-Security": "max-age=31536000; includeSubDomains",
        "X-Content-Type-Options": "nosniff",
        "x-ms-correlation-request-id": "0d3e7795-96e4-4f67-9260-728b08ea612a",
        "x-ms-ratelimit-remaining-subscription-deletes": "14988",
        "x-ms-request-id": "0d3e7795-96e4-4f67-9260-728b08ea612a",
        "x-ms-routing-request-id": "SOUTHEASTASIA:20200518T082604Z:0d3e7795-96e4-4f67-9260-728b08ea612a"
      },
      "ResponseBody": []
    },
    {
      "RequestUri": "https://management.azure.com/subscriptions/0b1f6471-1bf0-4dda-aec3-cb9272f09590/operationresults/eyJqb2JJZCI6IlJFU09VUkNFR1JPVVBERUxFVElPTkpPQi1TREtURVNUUkc3MjU1LU5PUlRIQ0VOVFJBTFVTIiwiam9iTG9jYXRpb24iOiJub3J0aGNlbnRyYWx1cyJ9?api-version=2017-05-10",
      "RequestMethod": "GET",
      "RequestHeaders": {
        "Authorization": "Sanitized",
        "User-Agent": [
          "azsdk-net-Management.Resource/0.1.6-dev.20200518.1",
          "(.NET Core 4.6.28619.01; Microsoft Windows 10.0.18363 )"
        ],
        "x-ms-client-request-id": "4f48736939d9faa42d13400942fc37cd",
        "x-ms-return-client-request-id": "true"
      },
      "RequestBody": null,
      "StatusCode": 202,
      "ResponseHeaders": {
        "Cache-Control": "no-cache",
        "Content-Length": "0",
        "Date": "Mon, 18 May 2020 08:26:04 GMT",
        "Expires": "-1",
        "Location": "https://management.azure.com/subscriptions/0b1f6471-1bf0-4dda-aec3-cb9272f09590/operationresults/eyJqb2JJZCI6IlJFU09VUkNFR1JPVVBERUxFVElPTkpPQi1TREtURVNUUkc3MjU1LU5PUlRIQ0VOVFJBTFVTIiwiam9iTG9jYXRpb24iOiJub3J0aGNlbnRyYWx1cyJ9?api-version=2017-05-10",
        "Pragma": "no-cache",
        "Retry-After": "15",
        "Strict-Transport-Security": "max-age=31536000; includeSubDomains",
        "X-Content-Type-Options": "nosniff",
        "x-ms-correlation-request-id": "c9d547b4-b151-47cd-9492-71e1e72f3cbe",
        "x-ms-ratelimit-remaining-subscription-reads": "11883",
        "x-ms-request-id": "c9d547b4-b151-47cd-9492-71e1e72f3cbe",
        "x-ms-routing-request-id": "SOUTHEASTASIA:20200518T082605Z:c9d547b4-b151-47cd-9492-71e1e72f3cbe"
      },
      "ResponseBody": []
    },
    {
      "RequestUri": "https://management.azure.com/subscriptions/0b1f6471-1bf0-4dda-aec3-cb9272f09590/operationresults/eyJqb2JJZCI6IlJFU09VUkNFR1JPVVBERUxFVElPTkpPQi1TREtURVNUUkc3MjU1LU5PUlRIQ0VOVFJBTFVTIiwiam9iTG9jYXRpb24iOiJub3J0aGNlbnRyYWx1cyJ9?api-version=2017-05-10",
      "RequestMethod": "GET",
      "RequestHeaders": {
        "Authorization": "Sanitized",
        "User-Agent": [
          "azsdk-net-Management.Resource/0.1.6-dev.20200518.1",
          "(.NET Core 4.6.28619.01; Microsoft Windows 10.0.18363 )"
        ],
        "x-ms-client-request-id": "467fa6718f1da05580bd4fd6119f9b70",
        "x-ms-return-client-request-id": "true"
      },
      "RequestBody": null,
      "StatusCode": 202,
      "ResponseHeaders": {
        "Cache-Control": "no-cache",
        "Content-Length": "0",
        "Date": "Mon, 18 May 2020 08:26:06 GMT",
        "Expires": "-1",
        "Location": "https://management.azure.com/subscriptions/0b1f6471-1bf0-4dda-aec3-cb9272f09590/operationresults/eyJqb2JJZCI6IlJFU09VUkNFR1JPVVBERUxFVElPTkpPQi1TREtURVNUUkc3MjU1LU5PUlRIQ0VOVFJBTFVTIiwiam9iTG9jYXRpb24iOiJub3J0aGNlbnRyYWx1cyJ9?api-version=2017-05-10",
        "Pragma": "no-cache",
        "Retry-After": "15",
        "Strict-Transport-Security": "max-age=31536000; includeSubDomains",
        "X-Content-Type-Options": "nosniff",
        "x-ms-correlation-request-id": "a5a8691c-3ee7-4664-93ee-9064b2112a38",
        "x-ms-ratelimit-remaining-subscription-reads": "11882",
        "x-ms-request-id": "a5a8691c-3ee7-4664-93ee-9064b2112a38",
        "x-ms-routing-request-id": "SOUTHEASTASIA:20200518T082606Z:a5a8691c-3ee7-4664-93ee-9064b2112a38"
      },
      "ResponseBody": []
    },
    {
      "RequestUri": "https://management.azure.com/subscriptions/0b1f6471-1bf0-4dda-aec3-cb9272f09590/operationresults/eyJqb2JJZCI6IlJFU09VUkNFR1JPVVBERUxFVElPTkpPQi1TREtURVNUUkc3MjU1LU5PUlRIQ0VOVFJBTFVTIiwiam9iTG9jYXRpb24iOiJub3J0aGNlbnRyYWx1cyJ9?api-version=2017-05-10",
      "RequestMethod": "GET",
      "RequestHeaders": {
        "Authorization": "Sanitized",
        "User-Agent": [
          "azsdk-net-Management.Resource/0.1.6-dev.20200518.1",
          "(.NET Core 4.6.28619.01; Microsoft Windows 10.0.18363 )"
        ],
        "x-ms-client-request-id": "73a3fda1b069b1f04d5665d9a9c9a0e7",
        "x-ms-return-client-request-id": "true"
      },
      "RequestBody": null,
      "StatusCode": 202,
      "ResponseHeaders": {
        "Cache-Control": "no-cache",
        "Content-Length": "0",
        "Date": "Mon, 18 May 2020 08:26:07 GMT",
        "Expires": "-1",
        "Location": "https://management.azure.com/subscriptions/0b1f6471-1bf0-4dda-aec3-cb9272f09590/operationresults/eyJqb2JJZCI6IlJFU09VUkNFR1JPVVBERUxFVElPTkpPQi1TREtURVNUUkc3MjU1LU5PUlRIQ0VOVFJBTFVTIiwiam9iTG9jYXRpb24iOiJub3J0aGNlbnRyYWx1cyJ9?api-version=2017-05-10",
        "Pragma": "no-cache",
        "Retry-After": "15",
        "Strict-Transport-Security": "max-age=31536000; includeSubDomains",
        "X-Content-Type-Options": "nosniff",
        "x-ms-correlation-request-id": "0f6450c7-e4e3-48f8-86cf-c426e0f33775",
        "x-ms-ratelimit-remaining-subscription-reads": "11881",
        "x-ms-request-id": "0f6450c7-e4e3-48f8-86cf-c426e0f33775",
        "x-ms-routing-request-id": "SOUTHEASTASIA:20200518T082608Z:0f6450c7-e4e3-48f8-86cf-c426e0f33775"
      },
      "ResponseBody": []
    },
    {
      "RequestUri": "https://management.azure.com/subscriptions/0b1f6471-1bf0-4dda-aec3-cb9272f09590/operationresults/eyJqb2JJZCI6IlJFU09VUkNFR1JPVVBERUxFVElPTkpPQi1TREtURVNUUkc3MjU1LU5PUlRIQ0VOVFJBTFVTIiwiam9iTG9jYXRpb24iOiJub3J0aGNlbnRyYWx1cyJ9?api-version=2017-05-10",
      "RequestMethod": "GET",
      "RequestHeaders": {
        "Authorization": "Sanitized",
        "User-Agent": [
          "azsdk-net-Management.Resource/0.1.6-dev.20200518.1",
          "(.NET Core 4.6.28619.01; Microsoft Windows 10.0.18363 )"
        ],
        "x-ms-client-request-id": "40e3213cc2cbda461ea7cf1beacde98d",
        "x-ms-return-client-request-id": "true"
      },
      "RequestBody": null,
      "StatusCode": 202,
      "ResponseHeaders": {
        "Cache-Control": "no-cache",
        "Content-Length": "0",
        "Date": "Mon, 18 May 2020 08:26:09 GMT",
        "Expires": "-1",
        "Location": "https://management.azure.com/subscriptions/0b1f6471-1bf0-4dda-aec3-cb9272f09590/operationresults/eyJqb2JJZCI6IlJFU09VUkNFR1JPVVBERUxFVElPTkpPQi1TREtURVNUUkc3MjU1LU5PUlRIQ0VOVFJBTFVTIiwiam9iTG9jYXRpb24iOiJub3J0aGNlbnRyYWx1cyJ9?api-version=2017-05-10",
        "Pragma": "no-cache",
        "Retry-After": "15",
        "Strict-Transport-Security": "max-age=31536000; includeSubDomains",
        "X-Content-Type-Options": "nosniff",
        "x-ms-correlation-request-id": "ac6d5ff1-57bd-4862-98bd-7e58612f2fd0",
        "x-ms-ratelimit-remaining-subscription-reads": "11880",
        "x-ms-request-id": "ac6d5ff1-57bd-4862-98bd-7e58612f2fd0",
        "x-ms-routing-request-id": "SOUTHEASTASIA:20200518T082609Z:ac6d5ff1-57bd-4862-98bd-7e58612f2fd0"
      },
      "ResponseBody": []
    },
    {
      "RequestUri": "https://management.azure.com/subscriptions/0b1f6471-1bf0-4dda-aec3-cb9272f09590/operationresults/eyJqb2JJZCI6IlJFU09VUkNFR1JPVVBERUxFVElPTkpPQi1TREtURVNUUkc3MjU1LU5PUlRIQ0VOVFJBTFVTIiwiam9iTG9jYXRpb24iOiJub3J0aGNlbnRyYWx1cyJ9?api-version=2017-05-10",
      "RequestMethod": "GET",
      "RequestHeaders": {
        "Authorization": "Sanitized",
        "User-Agent": [
          "azsdk-net-Management.Resource/0.1.6-dev.20200518.1",
          "(.NET Core 4.6.28619.01; Microsoft Windows 10.0.18363 )"
        ],
        "x-ms-client-request-id": "4567cf78c459c164b5cef9c7297bf6b6",
        "x-ms-return-client-request-id": "true"
      },
      "RequestBody": null,
      "StatusCode": 202,
      "ResponseHeaders": {
        "Cache-Control": "no-cache",
        "Content-Length": "0",
        "Date": "Mon, 18 May 2020 08:26:10 GMT",
        "Expires": "-1",
        "Location": "https://management.azure.com/subscriptions/0b1f6471-1bf0-4dda-aec3-cb9272f09590/operationresults/eyJqb2JJZCI6IlJFU09VUkNFR1JPVVBERUxFVElPTkpPQi1TREtURVNUUkc3MjU1LU5PUlRIQ0VOVFJBTFVTIiwiam9iTG9jYXRpb24iOiJub3J0aGNlbnRyYWx1cyJ9?api-version=2017-05-10",
        "Pragma": "no-cache",
        "Retry-After": "15",
        "Strict-Transport-Security": "max-age=31536000; includeSubDomains",
        "X-Content-Type-Options": "nosniff",
        "x-ms-correlation-request-id": "289183d4-71d0-4634-a51c-401e5368edc9",
        "x-ms-ratelimit-remaining-subscription-reads": "11879",
        "x-ms-request-id": "289183d4-71d0-4634-a51c-401e5368edc9",
        "x-ms-routing-request-id": "SOUTHEASTASIA:20200518T082611Z:289183d4-71d0-4634-a51c-401e5368edc9"
      },
      "ResponseBody": []
    },
    {
      "RequestUri": "https://management.azure.com/subscriptions/0b1f6471-1bf0-4dda-aec3-cb9272f09590/operationresults/eyJqb2JJZCI6IlJFU09VUkNFR1JPVVBERUxFVElPTkpPQi1TREtURVNUUkc3MjU1LU5PUlRIQ0VOVFJBTFVTIiwiam9iTG9jYXRpb24iOiJub3J0aGNlbnRyYWx1cyJ9?api-version=2017-05-10",
      "RequestMethod": "GET",
      "RequestHeaders": {
        "Authorization": "Sanitized",
        "User-Agent": [
          "azsdk-net-Management.Resource/0.1.6-dev.20200518.1",
          "(.NET Core 4.6.28619.01; Microsoft Windows 10.0.18363 )"
        ],
        "x-ms-client-request-id": "ef99671c5abcdfa5b6c855c1e0d4c67f",
        "x-ms-return-client-request-id": "true"
      },
      "RequestBody": null,
      "StatusCode": 202,
      "ResponseHeaders": {
        "Cache-Control": "no-cache",
        "Content-Length": "0",
        "Date": "Mon, 18 May 2020 08:26:12 GMT",
        "Expires": "-1",
        "Location": "https://management.azure.com/subscriptions/0b1f6471-1bf0-4dda-aec3-cb9272f09590/operationresults/eyJqb2JJZCI6IlJFU09VUkNFR1JPVVBERUxFVElPTkpPQi1TREtURVNUUkc3MjU1LU5PUlRIQ0VOVFJBTFVTIiwiam9iTG9jYXRpb24iOiJub3J0aGNlbnRyYWx1cyJ9?api-version=2017-05-10",
        "Pragma": "no-cache",
        "Retry-After": "15",
        "Strict-Transport-Security": "max-age=31536000; includeSubDomains",
        "X-Content-Type-Options": "nosniff",
        "x-ms-correlation-request-id": "81b07add-90d8-4296-9b02-cd52ec5c15bf",
        "x-ms-ratelimit-remaining-subscription-reads": "11878",
        "x-ms-request-id": "81b07add-90d8-4296-9b02-cd52ec5c15bf",
        "x-ms-routing-request-id": "SOUTHEASTASIA:20200518T082612Z:81b07add-90d8-4296-9b02-cd52ec5c15bf"
      },
      "ResponseBody": []
    },
    {
      "RequestUri": "https://management.azure.com/subscriptions/0b1f6471-1bf0-4dda-aec3-cb9272f09590/operationresults/eyJqb2JJZCI6IlJFU09VUkNFR1JPVVBERUxFVElPTkpPQi1TREtURVNUUkc3MjU1LU5PUlRIQ0VOVFJBTFVTIiwiam9iTG9jYXRpb24iOiJub3J0aGNlbnRyYWx1cyJ9?api-version=2017-05-10",
      "RequestMethod": "GET",
      "RequestHeaders": {
        "Authorization": "Sanitized",
        "User-Agent": [
          "azsdk-net-Management.Resource/0.1.6-dev.20200518.1",
          "(.NET Core 4.6.28619.01; Microsoft Windows 10.0.18363 )"
        ],
        "x-ms-client-request-id": "da61d76c5a62788ebd218afcc97fb0a2",
        "x-ms-return-client-request-id": "true"
      },
      "RequestBody": null,
      "StatusCode": 202,
      "ResponseHeaders": {
        "Cache-Control": "no-cache",
        "Content-Length": "0",
        "Date": "Mon, 18 May 2020 08:26:13 GMT",
        "Expires": "-1",
        "Location": "https://management.azure.com/subscriptions/0b1f6471-1bf0-4dda-aec3-cb9272f09590/operationresults/eyJqb2JJZCI6IlJFU09VUkNFR1JPVVBERUxFVElPTkpPQi1TREtURVNUUkc3MjU1LU5PUlRIQ0VOVFJBTFVTIiwiam9iTG9jYXRpb24iOiJub3J0aGNlbnRyYWx1cyJ9?api-version=2017-05-10",
        "Pragma": "no-cache",
        "Retry-After": "15",
        "Strict-Transport-Security": "max-age=31536000; includeSubDomains",
        "X-Content-Type-Options": "nosniff",
        "x-ms-correlation-request-id": "89f2d6b8-02b4-430e-a1b9-9c8ab3d25d7e",
        "x-ms-ratelimit-remaining-subscription-reads": "11877",
        "x-ms-request-id": "89f2d6b8-02b4-430e-a1b9-9c8ab3d25d7e",
        "x-ms-routing-request-id": "SOUTHEASTASIA:20200518T082614Z:89f2d6b8-02b4-430e-a1b9-9c8ab3d25d7e"
      },
      "ResponseBody": []
    },
    {
      "RequestUri": "https://management.azure.com/subscriptions/0b1f6471-1bf0-4dda-aec3-cb9272f09590/operationresults/eyJqb2JJZCI6IlJFU09VUkNFR1JPVVBERUxFVElPTkpPQi1TREtURVNUUkc3MjU1LU5PUlRIQ0VOVFJBTFVTIiwiam9iTG9jYXRpb24iOiJub3J0aGNlbnRyYWx1cyJ9?api-version=2017-05-10",
      "RequestMethod": "GET",
      "RequestHeaders": {
        "Authorization": "Sanitized",
        "User-Agent": [
          "azsdk-net-Management.Resource/0.1.6-dev.20200518.1",
          "(.NET Core 4.6.28619.01; Microsoft Windows 10.0.18363 )"
        ],
        "x-ms-client-request-id": "82ff19b1f9341dd129888f906fa2e0e0",
        "x-ms-return-client-request-id": "true"
      },
      "RequestBody": null,
      "StatusCode": 202,
      "ResponseHeaders": {
        "Cache-Control": "no-cache",
        "Content-Length": "0",
        "Date": "Mon, 18 May 2020 08:26:15 GMT",
        "Expires": "-1",
        "Location": "https://management.azure.com/subscriptions/0b1f6471-1bf0-4dda-aec3-cb9272f09590/operationresults/eyJqb2JJZCI6IlJFU09VUkNFR1JPVVBERUxFVElPTkpPQi1TREtURVNUUkc3MjU1LU5PUlRIQ0VOVFJBTFVTIiwiam9iTG9jYXRpb24iOiJub3J0aGNlbnRyYWx1cyJ9?api-version=2017-05-10",
        "Pragma": "no-cache",
        "Retry-After": "15",
        "Strict-Transport-Security": "max-age=31536000; includeSubDomains",
        "X-Content-Type-Options": "nosniff",
        "x-ms-correlation-request-id": "43ad8f81-fa69-4cc8-b136-264fed89a59d",
        "x-ms-ratelimit-remaining-subscription-reads": "11876",
        "x-ms-request-id": "43ad8f81-fa69-4cc8-b136-264fed89a59d",
        "x-ms-routing-request-id": "SOUTHEASTASIA:20200518T082615Z:43ad8f81-fa69-4cc8-b136-264fed89a59d"
      },
      "ResponseBody": []
    },
    {
      "RequestUri": "https://management.azure.com/subscriptions/0b1f6471-1bf0-4dda-aec3-cb9272f09590/operationresults/eyJqb2JJZCI6IlJFU09VUkNFR1JPVVBERUxFVElPTkpPQi1TREtURVNUUkc3MjU1LU5PUlRIQ0VOVFJBTFVTIiwiam9iTG9jYXRpb24iOiJub3J0aGNlbnRyYWx1cyJ9?api-version=2017-05-10",
      "RequestMethod": "GET",
      "RequestHeaders": {
        "Authorization": "Sanitized",
        "User-Agent": [
          "azsdk-net-Management.Resource/0.1.6-dev.20200518.1",
          "(.NET Core 4.6.28619.01; Microsoft Windows 10.0.18363 )"
        ],
        "x-ms-client-request-id": "525a79081c1ac154d921329acfa91636",
        "x-ms-return-client-request-id": "true"
      },
      "RequestBody": null,
      "StatusCode": 202,
      "ResponseHeaders": {
        "Cache-Control": "no-cache",
        "Content-Length": "0",
        "Date": "Mon, 18 May 2020 08:26:16 GMT",
        "Expires": "-1",
        "Location": "https://management.azure.com/subscriptions/0b1f6471-1bf0-4dda-aec3-cb9272f09590/operationresults/eyJqb2JJZCI6IlJFU09VUkNFR1JPVVBERUxFVElPTkpPQi1TREtURVNUUkc3MjU1LU5PUlRIQ0VOVFJBTFVTIiwiam9iTG9jYXRpb24iOiJub3J0aGNlbnRyYWx1cyJ9?api-version=2017-05-10",
        "Pragma": "no-cache",
        "Retry-After": "15",
        "Strict-Transport-Security": "max-age=31536000; includeSubDomains",
        "X-Content-Type-Options": "nosniff",
        "x-ms-correlation-request-id": "7402947d-196a-4915-a7f3-39d0c42e5dba",
        "x-ms-ratelimit-remaining-subscription-reads": "11875",
        "x-ms-request-id": "7402947d-196a-4915-a7f3-39d0c42e5dba",
        "x-ms-routing-request-id": "SOUTHEASTASIA:20200518T082617Z:7402947d-196a-4915-a7f3-39d0c42e5dba"
      },
      "ResponseBody": []
    },
    {
      "RequestUri": "https://management.azure.com/subscriptions/0b1f6471-1bf0-4dda-aec3-cb9272f09590/operationresults/eyJqb2JJZCI6IlJFU09VUkNFR1JPVVBERUxFVElPTkpPQi1TREtURVNUUkc3MjU1LU5PUlRIQ0VOVFJBTFVTIiwiam9iTG9jYXRpb24iOiJub3J0aGNlbnRyYWx1cyJ9?api-version=2017-05-10",
      "RequestMethod": "GET",
      "RequestHeaders": {
        "Authorization": "Sanitized",
        "User-Agent": [
          "azsdk-net-Management.Resource/0.1.6-dev.20200518.1",
          "(.NET Core 4.6.28619.01; Microsoft Windows 10.0.18363 )"
        ],
        "x-ms-client-request-id": "c710b31744d5724b0544b0d9cbfd091a",
        "x-ms-return-client-request-id": "true"
      },
      "RequestBody": null,
      "StatusCode": 202,
      "ResponseHeaders": {
        "Cache-Control": "no-cache",
        "Content-Length": "0",
        "Date": "Mon, 18 May 2020 08:26:18 GMT",
        "Expires": "-1",
        "Location": "https://management.azure.com/subscriptions/0b1f6471-1bf0-4dda-aec3-cb9272f09590/operationresults/eyJqb2JJZCI6IlJFU09VUkNFR1JPVVBERUxFVElPTkpPQi1TREtURVNUUkc3MjU1LU5PUlRIQ0VOVFJBTFVTIiwiam9iTG9jYXRpb24iOiJub3J0aGNlbnRyYWx1cyJ9?api-version=2017-05-10",
        "Pragma": "no-cache",
        "Retry-After": "15",
        "Strict-Transport-Security": "max-age=31536000; includeSubDomains",
        "X-Content-Type-Options": "nosniff",
        "x-ms-correlation-request-id": "ae35c199-4ed9-4d9a-ac67-ceef4a97e959",
        "x-ms-ratelimit-remaining-subscription-reads": "11874",
        "x-ms-request-id": "ae35c199-4ed9-4d9a-ac67-ceef4a97e959",
        "x-ms-routing-request-id": "SOUTHEASTASIA:20200518T082619Z:ae35c199-4ed9-4d9a-ac67-ceef4a97e959"
      },
      "ResponseBody": []
    },
    {
      "RequestUri": "https://management.azure.com/subscriptions/0b1f6471-1bf0-4dda-aec3-cb9272f09590/operationresults/eyJqb2JJZCI6IlJFU09VUkNFR1JPVVBERUxFVElPTkpPQi1TREtURVNUUkc3MjU1LU5PUlRIQ0VOVFJBTFVTIiwiam9iTG9jYXRpb24iOiJub3J0aGNlbnRyYWx1cyJ9?api-version=2017-05-10",
      "RequestMethod": "GET",
      "RequestHeaders": {
        "Authorization": "Sanitized",
        "User-Agent": [
          "azsdk-net-Management.Resource/0.1.6-dev.20200518.1",
          "(.NET Core 4.6.28619.01; Microsoft Windows 10.0.18363 )"
        ],
        "x-ms-client-request-id": "50f4a9415e259587c43da813c7374d80",
        "x-ms-return-client-request-id": "true"
      },
      "RequestBody": null,
      "StatusCode": 202,
      "ResponseHeaders": {
        "Cache-Control": "no-cache",
        "Content-Length": "0",
        "Date": "Mon, 18 May 2020 08:26:19 GMT",
        "Expires": "-1",
        "Location": "https://management.azure.com/subscriptions/0b1f6471-1bf0-4dda-aec3-cb9272f09590/operationresults/eyJqb2JJZCI6IlJFU09VUkNFR1JPVVBERUxFVElPTkpPQi1TREtURVNUUkc3MjU1LU5PUlRIQ0VOVFJBTFVTIiwiam9iTG9jYXRpb24iOiJub3J0aGNlbnRyYWx1cyJ9?api-version=2017-05-10",
        "Pragma": "no-cache",
        "Retry-After": "15",
        "Strict-Transport-Security": "max-age=31536000; includeSubDomains",
        "X-Content-Type-Options": "nosniff",
        "x-ms-correlation-request-id": "6c072023-bfb4-4fc8-9727-02fa3ebed029",
        "x-ms-ratelimit-remaining-subscription-reads": "11873",
        "x-ms-request-id": "6c072023-bfb4-4fc8-9727-02fa3ebed029",
        "x-ms-routing-request-id": "SOUTHEASTASIA:20200518T082620Z:6c072023-bfb4-4fc8-9727-02fa3ebed029"
      },
      "ResponseBody": []
    },
    {
      "RequestUri": "https://management.azure.com/subscriptions/0b1f6471-1bf0-4dda-aec3-cb9272f09590/operationresults/eyJqb2JJZCI6IlJFU09VUkNFR1JPVVBERUxFVElPTkpPQi1TREtURVNUUkc3MjU1LU5PUlRIQ0VOVFJBTFVTIiwiam9iTG9jYXRpb24iOiJub3J0aGNlbnRyYWx1cyJ9?api-version=2017-05-10",
      "RequestMethod": "GET",
      "RequestHeaders": {
        "Authorization": "Sanitized",
        "User-Agent": [
          "azsdk-net-Management.Resource/0.1.6-dev.20200518.1",
          "(.NET Core 4.6.28619.01; Microsoft Windows 10.0.18363 )"
        ],
        "x-ms-client-request-id": "bc7858711992c30b2de74cd66b7af6dc",
        "x-ms-return-client-request-id": "true"
      },
      "RequestBody": null,
      "StatusCode": 202,
      "ResponseHeaders": {
        "Cache-Control": "no-cache",
        "Content-Length": "0",
        "Date": "Mon, 18 May 2020 08:26:21 GMT",
        "Expires": "-1",
        "Location": "https://management.azure.com/subscriptions/0b1f6471-1bf0-4dda-aec3-cb9272f09590/operationresults/eyJqb2JJZCI6IlJFU09VUkNFR1JPVVBERUxFVElPTkpPQi1TREtURVNUUkc3MjU1LU5PUlRIQ0VOVFJBTFVTIiwiam9iTG9jYXRpb24iOiJub3J0aGNlbnRyYWx1cyJ9?api-version=2017-05-10",
        "Pragma": "no-cache",
        "Retry-After": "15",
        "Strict-Transport-Security": "max-age=31536000; includeSubDomains",
        "X-Content-Type-Options": "nosniff",
        "x-ms-correlation-request-id": "9fdc41f2-fbb5-4a21-ba33-f68e3a001a9e",
        "x-ms-ratelimit-remaining-subscription-reads": "11872",
        "x-ms-request-id": "9fdc41f2-fbb5-4a21-ba33-f68e3a001a9e",
        "x-ms-routing-request-id": "SOUTHEASTASIA:20200518T082622Z:9fdc41f2-fbb5-4a21-ba33-f68e3a001a9e"
      },
      "ResponseBody": []
    },
    {
      "RequestUri": "https://management.azure.com/subscriptions/0b1f6471-1bf0-4dda-aec3-cb9272f09590/operationresults/eyJqb2JJZCI6IlJFU09VUkNFR1JPVVBERUxFVElPTkpPQi1TREtURVNUUkc3MjU1LU5PUlRIQ0VOVFJBTFVTIiwiam9iTG9jYXRpb24iOiJub3J0aGNlbnRyYWx1cyJ9?api-version=2017-05-10",
      "RequestMethod": "GET",
      "RequestHeaders": {
        "Authorization": "Sanitized",
        "User-Agent": [
          "azsdk-net-Management.Resource/0.1.6-dev.20200518.1",
          "(.NET Core 4.6.28619.01; Microsoft Windows 10.0.18363 )"
        ],
        "x-ms-client-request-id": "25591818c6b5b9112b7a02989c38abcd",
        "x-ms-return-client-request-id": "true"
      },
      "RequestBody": null,
      "StatusCode": 202,
      "ResponseHeaders": {
        "Cache-Control": "no-cache",
        "Content-Length": "0",
        "Date": "Mon, 18 May 2020 08:26:22 GMT",
        "Expires": "-1",
        "Location": "https://management.azure.com/subscriptions/0b1f6471-1bf0-4dda-aec3-cb9272f09590/operationresults/eyJqb2JJZCI6IlJFU09VUkNFR1JPVVBERUxFVElPTkpPQi1TREtURVNUUkc3MjU1LU5PUlRIQ0VOVFJBTFVTIiwiam9iTG9jYXRpb24iOiJub3J0aGNlbnRyYWx1cyJ9?api-version=2017-05-10",
        "Pragma": "no-cache",
        "Retry-After": "15",
        "Strict-Transport-Security": "max-age=31536000; includeSubDomains",
        "X-Content-Type-Options": "nosniff",
        "x-ms-correlation-request-id": "75f410e5-d8af-4db0-bb9a-d429aea8e170",
        "x-ms-ratelimit-remaining-subscription-reads": "11871",
        "x-ms-request-id": "75f410e5-d8af-4db0-bb9a-d429aea8e170",
        "x-ms-routing-request-id": "SOUTHEASTASIA:20200518T082623Z:75f410e5-d8af-4db0-bb9a-d429aea8e170"
      },
      "ResponseBody": []
    },
    {
      "RequestUri": "https://management.azure.com/subscriptions/0b1f6471-1bf0-4dda-aec3-cb9272f09590/operationresults/eyJqb2JJZCI6IlJFU09VUkNFR1JPVVBERUxFVElPTkpPQi1TREtURVNUUkc3MjU1LU5PUlRIQ0VOVFJBTFVTIiwiam9iTG9jYXRpb24iOiJub3J0aGNlbnRyYWx1cyJ9?api-version=2017-05-10",
      "RequestMethod": "GET",
      "RequestHeaders": {
        "Authorization": "Sanitized",
        "User-Agent": [
          "azsdk-net-Management.Resource/0.1.6-dev.20200518.1",
          "(.NET Core 4.6.28619.01; Microsoft Windows 10.0.18363 )"
        ],
        "x-ms-client-request-id": "73682ff64c8527889e30223d11b1294a",
        "x-ms-return-client-request-id": "true"
      },
      "RequestBody": null,
      "StatusCode": 202,
      "ResponseHeaders": {
        "Cache-Control": "no-cache",
        "Content-Length": "0",
        "Date": "Mon, 18 May 2020 08:26:24 GMT",
        "Expires": "-1",
        "Location": "https://management.azure.com/subscriptions/0b1f6471-1bf0-4dda-aec3-cb9272f09590/operationresults/eyJqb2JJZCI6IlJFU09VUkNFR1JPVVBERUxFVElPTkpPQi1TREtURVNUUkc3MjU1LU5PUlRIQ0VOVFJBTFVTIiwiam9iTG9jYXRpb24iOiJub3J0aGNlbnRyYWx1cyJ9?api-version=2017-05-10",
        "Pragma": "no-cache",
        "Retry-After": "15",
        "Strict-Transport-Security": "max-age=31536000; includeSubDomains",
        "X-Content-Type-Options": "nosniff",
        "x-ms-correlation-request-id": "7bd0e4cc-e9e0-4470-b860-dec673e87047",
        "x-ms-ratelimit-remaining-subscription-reads": "11870",
        "x-ms-request-id": "7bd0e4cc-e9e0-4470-b860-dec673e87047",
        "x-ms-routing-request-id": "SOUTHEASTASIA:20200518T082625Z:7bd0e4cc-e9e0-4470-b860-dec673e87047"
      },
      "ResponseBody": []
    },
    {
      "RequestUri": "https://management.azure.com/subscriptions/0b1f6471-1bf0-4dda-aec3-cb9272f09590/operationresults/eyJqb2JJZCI6IlJFU09VUkNFR1JPVVBERUxFVElPTkpPQi1TREtURVNUUkc3MjU1LU5PUlRIQ0VOVFJBTFVTIiwiam9iTG9jYXRpb24iOiJub3J0aGNlbnRyYWx1cyJ9?api-version=2017-05-10",
      "RequestMethod": "GET",
      "RequestHeaders": {
        "Authorization": "Sanitized",
        "User-Agent": [
          "azsdk-net-Management.Resource/0.1.6-dev.20200518.1",
          "(.NET Core 4.6.28619.01; Microsoft Windows 10.0.18363 )"
        ],
        "x-ms-client-request-id": "affbcc4727deabcb46bf9118177327f5",
        "x-ms-return-client-request-id": "true"
      },
      "RequestBody": null,
      "StatusCode": 202,
      "ResponseHeaders": {
        "Cache-Control": "no-cache",
        "Content-Length": "0",
        "Date": "Mon, 18 May 2020 08:26:25 GMT",
        "Expires": "-1",
        "Location": "https://management.azure.com/subscriptions/0b1f6471-1bf0-4dda-aec3-cb9272f09590/operationresults/eyJqb2JJZCI6IlJFU09VUkNFR1JPVVBERUxFVElPTkpPQi1TREtURVNUUkc3MjU1LU5PUlRIQ0VOVFJBTFVTIiwiam9iTG9jYXRpb24iOiJub3J0aGNlbnRyYWx1cyJ9?api-version=2017-05-10",
        "Pragma": "no-cache",
        "Retry-After": "15",
        "Strict-Transport-Security": "max-age=31536000; includeSubDomains",
        "X-Content-Type-Options": "nosniff",
        "x-ms-correlation-request-id": "ad78a909-e14b-44a4-8fa6-7a6eb3041b1a",
        "x-ms-ratelimit-remaining-subscription-reads": "11869",
        "x-ms-request-id": "ad78a909-e14b-44a4-8fa6-7a6eb3041b1a",
        "x-ms-routing-request-id": "SOUTHEASTASIA:20200518T082626Z:ad78a909-e14b-44a4-8fa6-7a6eb3041b1a"
      },
      "ResponseBody": []
    },
    {
      "RequestUri": "https://management.azure.com/subscriptions/0b1f6471-1bf0-4dda-aec3-cb9272f09590/operationresults/eyJqb2JJZCI6IlJFU09VUkNFR1JPVVBERUxFVElPTkpPQi1TREtURVNUUkc3MjU1LU5PUlRIQ0VOVFJBTFVTIiwiam9iTG9jYXRpb24iOiJub3J0aGNlbnRyYWx1cyJ9?api-version=2017-05-10",
      "RequestMethod": "GET",
      "RequestHeaders": {
        "Authorization": "Sanitized",
        "User-Agent": [
          "azsdk-net-Management.Resource/0.1.6-dev.20200518.1",
          "(.NET Core 4.6.28619.01; Microsoft Windows 10.0.18363 )"
        ],
        "x-ms-client-request-id": "3bdf7f3c8212cb5790318784a3d4a779",
        "x-ms-return-client-request-id": "true"
      },
      "RequestBody": null,
      "StatusCode": 202,
      "ResponseHeaders": {
        "Cache-Control": "no-cache",
        "Content-Length": "0",
        "Date": "Mon, 18 May 2020 08:26:27 GMT",
        "Expires": "-1",
        "Location": "https://management.azure.com/subscriptions/0b1f6471-1bf0-4dda-aec3-cb9272f09590/operationresults/eyJqb2JJZCI6IlJFU09VUkNFR1JPVVBERUxFVElPTkpPQi1TREtURVNUUkc3MjU1LU5PUlRIQ0VOVFJBTFVTIiwiam9iTG9jYXRpb24iOiJub3J0aGNlbnRyYWx1cyJ9?api-version=2017-05-10",
        "Pragma": "no-cache",
        "Retry-After": "15",
        "Strict-Transport-Security": "max-age=31536000; includeSubDomains",
        "X-Content-Type-Options": "nosniff",
        "x-ms-correlation-request-id": "d22507df-1ee9-4ea4-b80e-f8754b544805",
        "x-ms-ratelimit-remaining-subscription-reads": "11868",
        "x-ms-request-id": "d22507df-1ee9-4ea4-b80e-f8754b544805",
        "x-ms-routing-request-id": "SOUTHEASTASIA:20200518T082628Z:d22507df-1ee9-4ea4-b80e-f8754b544805"
      },
      "ResponseBody": []
    },
    {
      "RequestUri": "https://management.azure.com/subscriptions/0b1f6471-1bf0-4dda-aec3-cb9272f09590/operationresults/eyJqb2JJZCI6IlJFU09VUkNFR1JPVVBERUxFVElPTkpPQi1TREtURVNUUkc3MjU1LU5PUlRIQ0VOVFJBTFVTIiwiam9iTG9jYXRpb24iOiJub3J0aGNlbnRyYWx1cyJ9?api-version=2017-05-10",
      "RequestMethod": "GET",
      "RequestHeaders": {
        "Authorization": "Sanitized",
        "User-Agent": [
          "azsdk-net-Management.Resource/0.1.6-dev.20200518.1",
          "(.NET Core 4.6.28619.01; Microsoft Windows 10.0.18363 )"
        ],
        "x-ms-client-request-id": "cf51b750fc3dceef64bc2dc6bb700f2b",
        "x-ms-return-client-request-id": "true"
      },
      "RequestBody": null,
      "StatusCode": 202,
      "ResponseHeaders": {
        "Cache-Control": "no-cache",
        "Content-Length": "0",
        "Date": "Mon, 18 May 2020 08:26:28 GMT",
        "Expires": "-1",
        "Location": "https://management.azure.com/subscriptions/0b1f6471-1bf0-4dda-aec3-cb9272f09590/operationresults/eyJqb2JJZCI6IlJFU09VUkNFR1JPVVBERUxFVElPTkpPQi1TREtURVNUUkc3MjU1LU5PUlRIQ0VOVFJBTFVTIiwiam9iTG9jYXRpb24iOiJub3J0aGNlbnRyYWx1cyJ9?api-version=2017-05-10",
        "Pragma": "no-cache",
        "Retry-After": "15",
        "Strict-Transport-Security": "max-age=31536000; includeSubDomains",
        "X-Content-Type-Options": "nosniff",
        "x-ms-correlation-request-id": "b53b816b-92ce-4263-b0e1-582bb96c2ae1",
        "x-ms-ratelimit-remaining-subscription-reads": "11867",
        "x-ms-request-id": "b53b816b-92ce-4263-b0e1-582bb96c2ae1",
        "x-ms-routing-request-id": "SOUTHEASTASIA:20200518T082629Z:b53b816b-92ce-4263-b0e1-582bb96c2ae1"
      },
      "ResponseBody": []
    },
    {
      "RequestUri": "https://management.azure.com/subscriptions/0b1f6471-1bf0-4dda-aec3-cb9272f09590/operationresults/eyJqb2JJZCI6IlJFU09VUkNFR1JPVVBERUxFVElPTkpPQi1TREtURVNUUkc3MjU1LU5PUlRIQ0VOVFJBTFVTIiwiam9iTG9jYXRpb24iOiJub3J0aGNlbnRyYWx1cyJ9?api-version=2017-05-10",
      "RequestMethod": "GET",
      "RequestHeaders": {
        "Authorization": "Sanitized",
        "User-Agent": [
          "azsdk-net-Management.Resource/0.1.6-dev.20200518.1",
          "(.NET Core 4.6.28619.01; Microsoft Windows 10.0.18363 )"
        ],
        "x-ms-client-request-id": "92012d09eed2c437752f1faca0460872",
        "x-ms-return-client-request-id": "true"
      },
      "RequestBody": null,
      "StatusCode": 202,
      "ResponseHeaders": {
        "Cache-Control": "no-cache",
        "Content-Length": "0",
        "Date": "Mon, 18 May 2020 08:26:30 GMT",
        "Expires": "-1",
        "Location": "https://management.azure.com/subscriptions/0b1f6471-1bf0-4dda-aec3-cb9272f09590/operationresults/eyJqb2JJZCI6IlJFU09VUkNFR1JPVVBERUxFVElPTkpPQi1TREtURVNUUkc3MjU1LU5PUlRIQ0VOVFJBTFVTIiwiam9iTG9jYXRpb24iOiJub3J0aGNlbnRyYWx1cyJ9?api-version=2017-05-10",
        "Pragma": "no-cache",
        "Retry-After": "15",
        "Strict-Transport-Security": "max-age=31536000; includeSubDomains",
        "X-Content-Type-Options": "nosniff",
        "x-ms-correlation-request-id": "71d9063d-a441-4bcf-9c03-33eb987fe5f5",
        "x-ms-ratelimit-remaining-subscription-reads": "11866",
        "x-ms-request-id": "71d9063d-a441-4bcf-9c03-33eb987fe5f5",
        "x-ms-routing-request-id": "SOUTHEASTASIA:20200518T082631Z:71d9063d-a441-4bcf-9c03-33eb987fe5f5"
      },
      "ResponseBody": []
    },
    {
      "RequestUri": "https://management.azure.com/subscriptions/0b1f6471-1bf0-4dda-aec3-cb9272f09590/operationresults/eyJqb2JJZCI6IlJFU09VUkNFR1JPVVBERUxFVElPTkpPQi1TREtURVNUUkc3MjU1LU5PUlRIQ0VOVFJBTFVTIiwiam9iTG9jYXRpb24iOiJub3J0aGNlbnRyYWx1cyJ9?api-version=2017-05-10",
      "RequestMethod": "GET",
      "RequestHeaders": {
        "Authorization": "Sanitized",
        "User-Agent": [
          "azsdk-net-Management.Resource/0.1.6-dev.20200518.1",
          "(.NET Core 4.6.28619.01; Microsoft Windows 10.0.18363 )"
        ],
        "x-ms-client-request-id": "5fc7181757213fb78f10d65655900f20",
        "x-ms-return-client-request-id": "true"
      },
      "RequestBody": null,
      "StatusCode": 202,
      "ResponseHeaders": {
        "Cache-Control": "no-cache",
        "Content-Length": "0",
        "Date": "Mon, 18 May 2020 08:26:31 GMT",
        "Expires": "-1",
        "Location": "https://management.azure.com/subscriptions/0b1f6471-1bf0-4dda-aec3-cb9272f09590/operationresults/eyJqb2JJZCI6IlJFU09VUkNFR1JPVVBERUxFVElPTkpPQi1TREtURVNUUkc3MjU1LU5PUlRIQ0VOVFJBTFVTIiwiam9iTG9jYXRpb24iOiJub3J0aGNlbnRyYWx1cyJ9?api-version=2017-05-10",
        "Pragma": "no-cache",
        "Retry-After": "15",
        "Strict-Transport-Security": "max-age=31536000; includeSubDomains",
        "X-Content-Type-Options": "nosniff",
        "x-ms-correlation-request-id": "d4e542e2-b42a-4dd2-b8c8-c455fb39050c",
        "x-ms-ratelimit-remaining-subscription-reads": "11865",
        "x-ms-request-id": "d4e542e2-b42a-4dd2-b8c8-c455fb39050c",
        "x-ms-routing-request-id": "SOUTHEASTASIA:20200518T082632Z:d4e542e2-b42a-4dd2-b8c8-c455fb39050c"
      },
      "ResponseBody": []
    },
    {
      "RequestUri": "https://management.azure.com/subscriptions/0b1f6471-1bf0-4dda-aec3-cb9272f09590/operationresults/eyJqb2JJZCI6IlJFU09VUkNFR1JPVVBERUxFVElPTkpPQi1TREtURVNUUkc3MjU1LU5PUlRIQ0VOVFJBTFVTIiwiam9iTG9jYXRpb24iOiJub3J0aGNlbnRyYWx1cyJ9?api-version=2017-05-10",
      "RequestMethod": "GET",
      "RequestHeaders": {
        "Authorization": "Sanitized",
        "User-Agent": [
          "azsdk-net-Management.Resource/0.1.6-dev.20200518.1",
          "(.NET Core 4.6.28619.01; Microsoft Windows 10.0.18363 )"
        ],
        "x-ms-client-request-id": "767b5b2214d262a6808c5a0ddd422e1e",
        "x-ms-return-client-request-id": "true"
      },
      "RequestBody": null,
      "StatusCode": 202,
      "ResponseHeaders": {
        "Cache-Control": "no-cache",
        "Content-Length": "0",
        "Date": "Mon, 18 May 2020 08:26:33 GMT",
        "Expires": "-1",
        "Location": "https://management.azure.com/subscriptions/0b1f6471-1bf0-4dda-aec3-cb9272f09590/operationresults/eyJqb2JJZCI6IlJFU09VUkNFR1JPVVBERUxFVElPTkpPQi1TREtURVNUUkc3MjU1LU5PUlRIQ0VOVFJBTFVTIiwiam9iTG9jYXRpb24iOiJub3J0aGNlbnRyYWx1cyJ9?api-version=2017-05-10",
        "Pragma": "no-cache",
        "Retry-After": "15",
        "Strict-Transport-Security": "max-age=31536000; includeSubDomains",
        "X-Content-Type-Options": "nosniff",
        "x-ms-correlation-request-id": "42a32a08-9b3a-4f9f-b809-7588dd1a6ac7",
        "x-ms-ratelimit-remaining-subscription-reads": "11864",
        "x-ms-request-id": "42a32a08-9b3a-4f9f-b809-7588dd1a6ac7",
        "x-ms-routing-request-id": "SOUTHEASTASIA:20200518T082634Z:42a32a08-9b3a-4f9f-b809-7588dd1a6ac7"
      },
      "ResponseBody": []
    },
    {
      "RequestUri": "https://management.azure.com/subscriptions/0b1f6471-1bf0-4dda-aec3-cb9272f09590/operationresults/eyJqb2JJZCI6IlJFU09VUkNFR1JPVVBERUxFVElPTkpPQi1TREtURVNUUkc3MjU1LU5PUlRIQ0VOVFJBTFVTIiwiam9iTG9jYXRpb24iOiJub3J0aGNlbnRyYWx1cyJ9?api-version=2017-05-10",
      "RequestMethod": "GET",
      "RequestHeaders": {
        "Authorization": "Sanitized",
        "User-Agent": [
          "azsdk-net-Management.Resource/0.1.6-dev.20200518.1",
          "(.NET Core 4.6.28619.01; Microsoft Windows 10.0.18363 )"
        ],
        "x-ms-client-request-id": "a3aebab4b0a8b10975c102c117e16ee4",
        "x-ms-return-client-request-id": "true"
      },
      "RequestBody": null,
      "StatusCode": 202,
      "ResponseHeaders": {
        "Cache-Control": "no-cache",
        "Content-Length": "0",
        "Date": "Mon, 18 May 2020 08:26:35 GMT",
        "Expires": "-1",
        "Location": "https://management.azure.com/subscriptions/0b1f6471-1bf0-4dda-aec3-cb9272f09590/operationresults/eyJqb2JJZCI6IlJFU09VUkNFR1JPVVBERUxFVElPTkpPQi1TREtURVNUUkc3MjU1LU5PUlRIQ0VOVFJBTFVTIiwiam9iTG9jYXRpb24iOiJub3J0aGNlbnRyYWx1cyJ9?api-version=2017-05-10",
        "Pragma": "no-cache",
        "Retry-After": "15",
        "Strict-Transport-Security": "max-age=31536000; includeSubDomains",
        "X-Content-Type-Options": "nosniff",
        "x-ms-correlation-request-id": "22ba5af2-4453-4b94-9f66-a1be33122295",
        "x-ms-ratelimit-remaining-subscription-reads": "11863",
        "x-ms-request-id": "22ba5af2-4453-4b94-9f66-a1be33122295",
        "x-ms-routing-request-id": "SOUTHEASTASIA:20200518T082635Z:22ba5af2-4453-4b94-9f66-a1be33122295"
      },
      "ResponseBody": []
    },
    {
      "RequestUri": "https://management.azure.com/subscriptions/0b1f6471-1bf0-4dda-aec3-cb9272f09590/operationresults/eyJqb2JJZCI6IlJFU09VUkNFR1JPVVBERUxFVElPTkpPQi1TREtURVNUUkc3MjU1LU5PUlRIQ0VOVFJBTFVTIiwiam9iTG9jYXRpb24iOiJub3J0aGNlbnRyYWx1cyJ9?api-version=2017-05-10",
      "RequestMethod": "GET",
      "RequestHeaders": {
        "Authorization": "Sanitized",
        "User-Agent": [
          "azsdk-net-Management.Resource/0.1.6-dev.20200518.1",
          "(.NET Core 4.6.28619.01; Microsoft Windows 10.0.18363 )"
        ],
        "x-ms-client-request-id": "448aff2091cb02a07164df94fca9624d",
        "x-ms-return-client-request-id": "true"
      },
      "RequestBody": null,
      "StatusCode": 202,
      "ResponseHeaders": {
        "Cache-Control": "no-cache",
        "Content-Length": "0",
        "Date": "Mon, 18 May 2020 08:26:37 GMT",
        "Expires": "-1",
        "Location": "https://management.azure.com/subscriptions/0b1f6471-1bf0-4dda-aec3-cb9272f09590/operationresults/eyJqb2JJZCI6IlJFU09VUkNFR1JPVVBERUxFVElPTkpPQi1TREtURVNUUkc3MjU1LU5PUlRIQ0VOVFJBTFVTIiwiam9iTG9jYXRpb24iOiJub3J0aGNlbnRyYWx1cyJ9?api-version=2017-05-10",
        "Pragma": "no-cache",
        "Retry-After": "15",
        "Strict-Transport-Security": "max-age=31536000; includeSubDomains",
        "X-Content-Type-Options": "nosniff",
        "x-ms-correlation-request-id": "5f674e5b-4b66-4db1-bb2d-0e66743a15fb",
        "x-ms-ratelimit-remaining-subscription-reads": "11862",
        "x-ms-request-id": "5f674e5b-4b66-4db1-bb2d-0e66743a15fb",
        "x-ms-routing-request-id": "SOUTHEASTASIA:20200518T082637Z:5f674e5b-4b66-4db1-bb2d-0e66743a15fb"
      },
      "ResponseBody": []
    },
    {
      "RequestUri": "https://management.azure.com/subscriptions/0b1f6471-1bf0-4dda-aec3-cb9272f09590/operationresults/eyJqb2JJZCI6IlJFU09VUkNFR1JPVVBERUxFVElPTkpPQi1TREtURVNUUkc3MjU1LU5PUlRIQ0VOVFJBTFVTIiwiam9iTG9jYXRpb24iOiJub3J0aGNlbnRyYWx1cyJ9?api-version=2017-05-10",
      "RequestMethod": "GET",
      "RequestHeaders": {
        "Authorization": "Sanitized",
        "User-Agent": [
          "azsdk-net-Management.Resource/0.1.6-dev.20200518.1",
          "(.NET Core 4.6.28619.01; Microsoft Windows 10.0.18363 )"
        ],
        "x-ms-client-request-id": "9aa1b8e26be2727752c9001012e54b9e",
        "x-ms-return-client-request-id": "true"
      },
      "RequestBody": null,
      "StatusCode": 202,
      "ResponseHeaders": {
        "Cache-Control": "no-cache",
        "Content-Length": "0",
        "Date": "Mon, 18 May 2020 08:26:38 GMT",
        "Expires": "-1",
        "Location": "https://management.azure.com/subscriptions/0b1f6471-1bf0-4dda-aec3-cb9272f09590/operationresults/eyJqb2JJZCI6IlJFU09VUkNFR1JPVVBERUxFVElPTkpPQi1TREtURVNUUkc3MjU1LU5PUlRIQ0VOVFJBTFVTIiwiam9iTG9jYXRpb24iOiJub3J0aGNlbnRyYWx1cyJ9?api-version=2017-05-10",
        "Pragma": "no-cache",
        "Retry-After": "15",
        "Strict-Transport-Security": "max-age=31536000; includeSubDomains",
        "X-Content-Type-Options": "nosniff",
        "x-ms-correlation-request-id": "ae8f87a0-ae4f-4110-b22d-1cc0faceea2f",
        "x-ms-ratelimit-remaining-subscription-reads": "11861",
        "x-ms-request-id": "ae8f87a0-ae4f-4110-b22d-1cc0faceea2f",
        "x-ms-routing-request-id": "SOUTHEASTASIA:20200518T082638Z:ae8f87a0-ae4f-4110-b22d-1cc0faceea2f"
      },
      "ResponseBody": []
    },
    {
      "RequestUri": "https://management.azure.com/subscriptions/0b1f6471-1bf0-4dda-aec3-cb9272f09590/operationresults/eyJqb2JJZCI6IlJFU09VUkNFR1JPVVBERUxFVElPTkpPQi1TREtURVNUUkc3MjU1LU5PUlRIQ0VOVFJBTFVTIiwiam9iTG9jYXRpb24iOiJub3J0aGNlbnRyYWx1cyJ9?api-version=2017-05-10",
      "RequestMethod": "GET",
      "RequestHeaders": {
        "Authorization": "Sanitized",
        "User-Agent": [
          "azsdk-net-Management.Resource/0.1.6-dev.20200518.1",
          "(.NET Core 4.6.28619.01; Microsoft Windows 10.0.18363 )"
        ],
        "x-ms-client-request-id": "dded761ee9b822521aac3243d074b4cb",
        "x-ms-return-client-request-id": "true"
      },
      "RequestBody": null,
      "StatusCode": 202,
      "ResponseHeaders": {
        "Cache-Control": "no-cache",
        "Content-Length": "0",
        "Date": "Mon, 18 May 2020 08:26:40 GMT",
        "Expires": "-1",
        "Location": "https://management.azure.com/subscriptions/0b1f6471-1bf0-4dda-aec3-cb9272f09590/operationresults/eyJqb2JJZCI6IlJFU09VUkNFR1JPVVBERUxFVElPTkpPQi1TREtURVNUUkc3MjU1LU5PUlRIQ0VOVFJBTFVTIiwiam9iTG9jYXRpb24iOiJub3J0aGNlbnRyYWx1cyJ9?api-version=2017-05-10",
        "Pragma": "no-cache",
        "Retry-After": "15",
        "Strict-Transport-Security": "max-age=31536000; includeSubDomains",
        "X-Content-Type-Options": "nosniff",
        "x-ms-correlation-request-id": "c1a55720-8b09-4f96-b6b8-29ea819d0645",
        "x-ms-ratelimit-remaining-subscription-reads": "11860",
        "x-ms-request-id": "c1a55720-8b09-4f96-b6b8-29ea819d0645",
        "x-ms-routing-request-id": "SOUTHEASTASIA:20200518T082640Z:c1a55720-8b09-4f96-b6b8-29ea819d0645"
      },
      "ResponseBody": []
    },
    {
      "RequestUri": "https://management.azure.com/subscriptions/0b1f6471-1bf0-4dda-aec3-cb9272f09590/operationresults/eyJqb2JJZCI6IlJFU09VUkNFR1JPVVBERUxFVElPTkpPQi1TREtURVNUUkc3MjU1LU5PUlRIQ0VOVFJBTFVTIiwiam9iTG9jYXRpb24iOiJub3J0aGNlbnRyYWx1cyJ9?api-version=2017-05-10",
      "RequestMethod": "GET",
      "RequestHeaders": {
        "Authorization": "Sanitized",
        "User-Agent": [
          "azsdk-net-Management.Resource/0.1.6-dev.20200518.1",
          "(.NET Core 4.6.28619.01; Microsoft Windows 10.0.18363 )"
        ],
        "x-ms-client-request-id": "5edeb55fd43fb4028718f201918ff08b",
        "x-ms-return-client-request-id": "true"
      },
      "RequestBody": null,
      "StatusCode": 202,
      "ResponseHeaders": {
        "Cache-Control": "no-cache",
        "Content-Length": "0",
        "Date": "Mon, 18 May 2020 08:26:42 GMT",
        "Expires": "-1",
        "Location": "https://management.azure.com/subscriptions/0b1f6471-1bf0-4dda-aec3-cb9272f09590/operationresults/eyJqb2JJZCI6IlJFU09VUkNFR1JPVVBERUxFVElPTkpPQi1TREtURVNUUkc3MjU1LU5PUlRIQ0VOVFJBTFVTIiwiam9iTG9jYXRpb24iOiJub3J0aGNlbnRyYWx1cyJ9?api-version=2017-05-10",
        "Pragma": "no-cache",
        "Retry-After": "15",
        "Strict-Transport-Security": "max-age=31536000; includeSubDomains",
        "X-Content-Type-Options": "nosniff",
        "x-ms-correlation-request-id": "f40eccf7-3e5a-4e81-b0d3-686135328423",
        "x-ms-ratelimit-remaining-subscription-reads": "11859",
        "x-ms-request-id": "f40eccf7-3e5a-4e81-b0d3-686135328423",
        "x-ms-routing-request-id": "SOUTHEASTASIA:20200518T082642Z:f40eccf7-3e5a-4e81-b0d3-686135328423"
      },
      "ResponseBody": []
    },
    {
      "RequestUri": "https://management.azure.com/subscriptions/0b1f6471-1bf0-4dda-aec3-cb9272f09590/operationresults/eyJqb2JJZCI6IlJFU09VUkNFR1JPVVBERUxFVElPTkpPQi1TREtURVNUUkc3MjU1LU5PUlRIQ0VOVFJBTFVTIiwiam9iTG9jYXRpb24iOiJub3J0aGNlbnRyYWx1cyJ9?api-version=2017-05-10",
      "RequestMethod": "GET",
      "RequestHeaders": {
        "Authorization": "Sanitized",
        "User-Agent": [
          "azsdk-net-Management.Resource/0.1.6-dev.20200518.1",
          "(.NET Core 4.6.28619.01; Microsoft Windows 10.0.18363 )"
        ],
        "x-ms-client-request-id": "8676401984bcf995667f7f353933a1dd",
        "x-ms-return-client-request-id": "true"
      },
      "RequestBody": null,
      "StatusCode": 202,
      "ResponseHeaders": {
        "Cache-Control": "no-cache",
        "Content-Length": "0",
        "Date": "Mon, 18 May 2020 08:26:43 GMT",
        "Expires": "-1",
        "Location": "https://management.azure.com/subscriptions/0b1f6471-1bf0-4dda-aec3-cb9272f09590/operationresults/eyJqb2JJZCI6IlJFU09VUkNFR1JPVVBERUxFVElPTkpPQi1TREtURVNUUkc3MjU1LU5PUlRIQ0VOVFJBTFVTIiwiam9iTG9jYXRpb24iOiJub3J0aGNlbnRyYWx1cyJ9?api-version=2017-05-10",
        "Pragma": "no-cache",
        "Retry-After": "15",
        "Strict-Transport-Security": "max-age=31536000; includeSubDomains",
        "X-Content-Type-Options": "nosniff",
        "x-ms-correlation-request-id": "f25e5a00-7a94-4211-b97f-fd753a2bcc0e",
        "x-ms-ratelimit-remaining-subscription-reads": "11858",
        "x-ms-request-id": "f25e5a00-7a94-4211-b97f-fd753a2bcc0e",
        "x-ms-routing-request-id": "SOUTHEASTASIA:20200518T082643Z:f25e5a00-7a94-4211-b97f-fd753a2bcc0e"
      },
      "ResponseBody": []
    },
    {
      "RequestUri": "https://management.azure.com/subscriptions/0b1f6471-1bf0-4dda-aec3-cb9272f09590/operationresults/eyJqb2JJZCI6IlJFU09VUkNFR1JPVVBERUxFVElPTkpPQi1TREtURVNUUkc3MjU1LU5PUlRIQ0VOVFJBTFVTIiwiam9iTG9jYXRpb24iOiJub3J0aGNlbnRyYWx1cyJ9?api-version=2017-05-10",
      "RequestMethod": "GET",
      "RequestHeaders": {
        "Authorization": "Sanitized",
        "User-Agent": [
          "azsdk-net-Management.Resource/0.1.6-dev.20200518.1",
          "(.NET Core 4.6.28619.01; Microsoft Windows 10.0.18363 )"
        ],
        "x-ms-client-request-id": "5cb13415ec07495e7439569ff751918b",
        "x-ms-return-client-request-id": "true"
      },
      "RequestBody": null,
      "StatusCode": 202,
      "ResponseHeaders": {
        "Cache-Control": "no-cache",
        "Content-Length": "0",
        "Date": "Mon, 18 May 2020 08:26:45 GMT",
        "Expires": "-1",
        "Location": "https://management.azure.com/subscriptions/0b1f6471-1bf0-4dda-aec3-cb9272f09590/operationresults/eyJqb2JJZCI6IlJFU09VUkNFR1JPVVBERUxFVElPTkpPQi1TREtURVNUUkc3MjU1LU5PUlRIQ0VOVFJBTFVTIiwiam9iTG9jYXRpb24iOiJub3J0aGNlbnRyYWx1cyJ9?api-version=2017-05-10",
        "Pragma": "no-cache",
        "Retry-After": "15",
        "Strict-Transport-Security": "max-age=31536000; includeSubDomains",
        "X-Content-Type-Options": "nosniff",
        "x-ms-correlation-request-id": "eae5b873-d230-45d0-9e1f-006f3b6da4c7",
        "x-ms-ratelimit-remaining-subscription-reads": "11857",
        "x-ms-request-id": "eae5b873-d230-45d0-9e1f-006f3b6da4c7",
        "x-ms-routing-request-id": "SOUTHEASTASIA:20200518T082645Z:eae5b873-d230-45d0-9e1f-006f3b6da4c7"
      },
      "ResponseBody": []
    },
    {
      "RequestUri": "https://management.azure.com/subscriptions/0b1f6471-1bf0-4dda-aec3-cb9272f09590/operationresults/eyJqb2JJZCI6IlJFU09VUkNFR1JPVVBERUxFVElPTkpPQi1TREtURVNUUkc3MjU1LU5PUlRIQ0VOVFJBTFVTIiwiam9iTG9jYXRpb24iOiJub3J0aGNlbnRyYWx1cyJ9?api-version=2017-05-10",
      "RequestMethod": "GET",
      "RequestHeaders": {
        "Authorization": "Sanitized",
        "User-Agent": [
          "azsdk-net-Management.Resource/0.1.6-dev.20200518.1",
          "(.NET Core 4.6.28619.01; Microsoft Windows 10.0.18363 )"
        ],
        "x-ms-client-request-id": "8f29a6bb2dfdda0f20e4f7c054cc7a54",
        "x-ms-return-client-request-id": "true"
      },
      "RequestBody": null,
      "StatusCode": 202,
      "ResponseHeaders": {
        "Cache-Control": "no-cache",
        "Content-Length": "0",
        "Date": "Mon, 18 May 2020 08:26:46 GMT",
        "Expires": "-1",
        "Location": "https://management.azure.com/subscriptions/0b1f6471-1bf0-4dda-aec3-cb9272f09590/operationresults/eyJqb2JJZCI6IlJFU09VUkNFR1JPVVBERUxFVElPTkpPQi1TREtURVNUUkc3MjU1LU5PUlRIQ0VOVFJBTFVTIiwiam9iTG9jYXRpb24iOiJub3J0aGNlbnRyYWx1cyJ9?api-version=2017-05-10",
        "Pragma": "no-cache",
        "Retry-After": "15",
        "Strict-Transport-Security": "max-age=31536000; includeSubDomains",
        "X-Content-Type-Options": "nosniff",
        "x-ms-correlation-request-id": "5392defd-3417-4d23-8748-5d395e30797f",
        "x-ms-ratelimit-remaining-subscription-reads": "11856",
        "x-ms-request-id": "5392defd-3417-4d23-8748-5d395e30797f",
        "x-ms-routing-request-id": "SOUTHEASTASIA:20200518T082646Z:5392defd-3417-4d23-8748-5d395e30797f"
      },
      "ResponseBody": []
    },
    {
      "RequestUri": "https://management.azure.com/subscriptions/0b1f6471-1bf0-4dda-aec3-cb9272f09590/operationresults/eyJqb2JJZCI6IlJFU09VUkNFR1JPVVBERUxFVElPTkpPQi1TREtURVNUUkc3MjU1LU5PUlRIQ0VOVFJBTFVTIiwiam9iTG9jYXRpb24iOiJub3J0aGNlbnRyYWx1cyJ9?api-version=2017-05-10",
      "RequestMethod": "GET",
      "RequestHeaders": {
        "Authorization": "Sanitized",
        "User-Agent": [
          "azsdk-net-Management.Resource/0.1.6-dev.20200518.1",
          "(.NET Core 4.6.28619.01; Microsoft Windows 10.0.18363 )"
        ],
        "x-ms-client-request-id": "5ceb147694de2c84e22d12832ef50214",
        "x-ms-return-client-request-id": "true"
      },
      "RequestBody": null,
      "StatusCode": 202,
      "ResponseHeaders": {
        "Cache-Control": "no-cache",
        "Content-Length": "0",
        "Date": "Mon, 18 May 2020 08:26:48 GMT",
        "Expires": "-1",
        "Location": "https://management.azure.com/subscriptions/0b1f6471-1bf0-4dda-aec3-cb9272f09590/operationresults/eyJqb2JJZCI6IlJFU09VUkNFR1JPVVBERUxFVElPTkpPQi1TREtURVNUUkc3MjU1LU5PUlRIQ0VOVFJBTFVTIiwiam9iTG9jYXRpb24iOiJub3J0aGNlbnRyYWx1cyJ9?api-version=2017-05-10",
        "Pragma": "no-cache",
        "Retry-After": "15",
        "Strict-Transport-Security": "max-age=31536000; includeSubDomains",
        "X-Content-Type-Options": "nosniff",
        "x-ms-correlation-request-id": "86e53530-dfb0-488f-b258-648764602321",
        "x-ms-ratelimit-remaining-subscription-reads": "11855",
        "x-ms-request-id": "86e53530-dfb0-488f-b258-648764602321",
        "x-ms-routing-request-id": "SOUTHEASTASIA:20200518T082648Z:86e53530-dfb0-488f-b258-648764602321"
      },
      "ResponseBody": []
    },
    {
      "RequestUri": "https://management.azure.com/subscriptions/0b1f6471-1bf0-4dda-aec3-cb9272f09590/operationresults/eyJqb2JJZCI6IlJFU09VUkNFR1JPVVBERUxFVElPTkpPQi1TREtURVNUUkc3MjU1LU5PUlRIQ0VOVFJBTFVTIiwiam9iTG9jYXRpb24iOiJub3J0aGNlbnRyYWx1cyJ9?api-version=2017-05-10",
      "RequestMethod": "GET",
      "RequestHeaders": {
        "Authorization": "Sanitized",
        "User-Agent": [
          "azsdk-net-Management.Resource/0.1.6-dev.20200518.1",
          "(.NET Core 4.6.28619.01; Microsoft Windows 10.0.18363 )"
        ],
        "x-ms-client-request-id": "9279f4ed1109e7df25d63b22f59df5a7",
        "x-ms-return-client-request-id": "true"
      },
      "RequestBody": null,
      "StatusCode": 202,
      "ResponseHeaders": {
        "Cache-Control": "no-cache",
        "Content-Length": "0",
        "Date": "Mon, 18 May 2020 08:26:49 GMT",
        "Expires": "-1",
        "Location": "https://management.azure.com/subscriptions/0b1f6471-1bf0-4dda-aec3-cb9272f09590/operationresults/eyJqb2JJZCI6IlJFU09VUkNFR1JPVVBERUxFVElPTkpPQi1TREtURVNUUkc3MjU1LU5PUlRIQ0VOVFJBTFVTIiwiam9iTG9jYXRpb24iOiJub3J0aGNlbnRyYWx1cyJ9?api-version=2017-05-10",
        "Pragma": "no-cache",
        "Retry-After": "15",
        "Strict-Transport-Security": "max-age=31536000; includeSubDomains",
        "X-Content-Type-Options": "nosniff",
        "x-ms-correlation-request-id": "478f1e42-202d-4952-a473-c6814e43de47",
        "x-ms-ratelimit-remaining-subscription-reads": "11854",
        "x-ms-request-id": "478f1e42-202d-4952-a473-c6814e43de47",
        "x-ms-routing-request-id": "SOUTHEASTASIA:20200518T082649Z:478f1e42-202d-4952-a473-c6814e43de47"
      },
      "ResponseBody": []
    },
    {
      "RequestUri": "https://management.azure.com/subscriptions/0b1f6471-1bf0-4dda-aec3-cb9272f09590/operationresults/eyJqb2JJZCI6IlJFU09VUkNFR1JPVVBERUxFVElPTkpPQi1TREtURVNUUkc3MjU1LU5PUlRIQ0VOVFJBTFVTIiwiam9iTG9jYXRpb24iOiJub3J0aGNlbnRyYWx1cyJ9?api-version=2017-05-10",
      "RequestMethod": "GET",
      "RequestHeaders": {
        "Authorization": "Sanitized",
        "User-Agent": [
          "azsdk-net-Management.Resource/0.1.6-dev.20200518.1",
          "(.NET Core 4.6.28619.01; Microsoft Windows 10.0.18363 )"
        ],
        "x-ms-client-request-id": "e22902be346527ad22fdadd01b8bab2b",
        "x-ms-return-client-request-id": "true"
      },
      "RequestBody": null,
      "StatusCode": 202,
      "ResponseHeaders": {
        "Cache-Control": "no-cache",
        "Content-Length": "0",
        "Date": "Mon, 18 May 2020 08:26:51 GMT",
        "Expires": "-1",
        "Location": "https://management.azure.com/subscriptions/0b1f6471-1bf0-4dda-aec3-cb9272f09590/operationresults/eyJqb2JJZCI6IlJFU09VUkNFR1JPVVBERUxFVElPTkpPQi1TREtURVNUUkc3MjU1LU5PUlRIQ0VOVFJBTFVTIiwiam9iTG9jYXRpb24iOiJub3J0aGNlbnRyYWx1cyJ9?api-version=2017-05-10",
        "Pragma": "no-cache",
        "Retry-After": "15",
        "Strict-Transport-Security": "max-age=31536000; includeSubDomains",
        "X-Content-Type-Options": "nosniff",
        "x-ms-correlation-request-id": "f9f895e1-eeae-4690-b232-d27d62056618",
        "x-ms-ratelimit-remaining-subscription-reads": "11853",
        "x-ms-request-id": "f9f895e1-eeae-4690-b232-d27d62056618",
        "x-ms-routing-request-id": "SOUTHEASTASIA:20200518T082651Z:f9f895e1-eeae-4690-b232-d27d62056618"
      },
      "ResponseBody": []
    },
    {
      "RequestUri": "https://management.azure.com/subscriptions/0b1f6471-1bf0-4dda-aec3-cb9272f09590/operationresults/eyJqb2JJZCI6IlJFU09VUkNFR1JPVVBERUxFVElPTkpPQi1TREtURVNUUkc3MjU1LU5PUlRIQ0VOVFJBTFVTIiwiam9iTG9jYXRpb24iOiJub3J0aGNlbnRyYWx1cyJ9?api-version=2017-05-10",
      "RequestMethod": "GET",
      "RequestHeaders": {
        "Authorization": "Sanitized",
        "User-Agent": [
          "azsdk-net-Management.Resource/0.1.6-dev.20200518.1",
          "(.NET Core 4.6.28619.01; Microsoft Windows 10.0.18363 )"
        ],
        "x-ms-client-request-id": "5fd2e3e2e752654a3404370758623744",
        "x-ms-return-client-request-id": "true"
      },
      "RequestBody": null,
      "StatusCode": 200,
      "ResponseHeaders": {
        "Cache-Control": "no-cache",
        "Content-Length": "0",
        "Date": "Mon, 18 May 2020 08:26:52 GMT",
        "Expires": "-1",
        "Pragma": "no-cache",
        "Strict-Transport-Security": "max-age=31536000; includeSubDomains",
        "X-Content-Type-Options": "nosniff",
        "x-ms-correlation-request-id": "b70666d2-c643-4f90-89c0-2675e8e6df9a",
        "x-ms-ratelimit-remaining-subscription-reads": "11852",
        "x-ms-request-id": "b70666d2-c643-4f90-89c0-2675e8e6df9a",
        "x-ms-routing-request-id": "SOUTHEASTASIA:20200518T082652Z:b70666d2-c643-4f90-89c0-2675e8e6df9a"
      },
      "ResponseBody": []
    }
  ],
  "Variables": {
    "CLIENT_ID": "c445f1d5-499c-45ee-a5ff-024d36ade650",
    "ObjectId": "1aa92e15-ee4e-4dda-9e61-5b4dc35d280b",
    "RandomSeed": "231899435",
    "SUBSCRIPTION_ID": "0b1f6471-1bf0-4dda-aec3-cb9272f09590",
    "TENANT_ID": "54826b22-38d6-4fb2-bad9-b7b93a3e9c5a"
  }
}