{
  "Entries": [
    {
      "RequestUri": "https://management.azure.com/subscriptions/0b1f6471-1bf0-4dda-aec3-cb9272f09590/providers/Microsoft.KeyVault?api-version=2019-10-01",
      "RequestMethod": "GET",
      "RequestHeaders": {
        "Accept": "application/json",
        "Authorization": "Sanitized",
        "traceparent": "00-6a1d9b27a99e764cacbacc4305c41be1-dd59d1ac2b3de347-00",
        "User-Agent": "azsdk-net-ResourceManager.Resources/1.0.0-preview.2 (.NET Framework 4.8.4220.0; Microsoft Windows 10.0.19041 )",
        "x-ms-client-request-id": "eb58d09992170e0bc4a920f0f7b3cb70",
        "x-ms-return-client-request-id": "true"
      },
      "RequestBody": null,
      "StatusCode": 200,
      "ResponseHeaders": {
        "Cache-Control": "no-cache",
        "Content-Length": "11255",
        "Content-Type": "application/json; charset=utf-8",
        "Date": "Thu, 24 Sep 2020 09:21:31 GMT",
        "Expires": "-1",
        "Pragma": "no-cache",
        "Strict-Transport-Security": "max-age=31536000; includeSubDomains",
        "X-Content-Type-Options": "nosniff",
        "x-ms-correlation-request-id": "e808bd0b-fe63-4d60-a9ff-9a4dbe00211c",
        "x-ms-ratelimit-remaining-subscription-reads": "11871",
        "x-ms-request-id": "e808bd0b-fe63-4d60-a9ff-9a4dbe00211c",
        "x-ms-routing-request-id": "SOUTHEASTASIA:20200924T092131Z:e808bd0b-fe63-4d60-a9ff-9a4dbe00211c"
      },
      "ResponseBody": {
        "id": "/subscriptions/0b1f6471-1bf0-4dda-aec3-cb9272f09590/providers/Microsoft.KeyVault",
        "namespace": "Microsoft.KeyVault",
        "authorizations": [
          {
            "applicationId": "cfa8b339-82a2-471a-a3c9-0fc0be7a4093",
            "roleDefinitionId": "1cf9858a-28a2-4228-abba-94e606305b95"
          },
          {
            "applicationId": "589d5083-6f11-4d30-a62a-a4b316a14abf"
          }
        ],
        "resourceTypes": [
          {
            "resourceType": "operations",
            "locations": [],
            "apiVersions": [
              "2020-04-01-preview",
              "2019-09-01",
              "2018-02-14-preview",
              "2018-02-14",
              "2016-10-01",
              "2015-06-01",
              "2014-12-19-preview"
            ],
            "defaultApiVersion": "2019-09-01",
            "apiProfiles": [
              {
                "profileVersion": "2019-03-01-hybrid",
                "apiVersion": "2016-10-01"
              },
              {
                "profileVersion": "2018-03-01-hybrid",
                "apiVersion": "2016-10-01"
              },
              {
                "profileVersion": "2018-06-01-profile",
                "apiVersion": "2016-10-01"
              }
            ],
            "capabilities": "None"
          },
          {
            "resourceType": "checkNameAvailability",
            "locations": [],
            "apiVersions": [
              "2019-09-01",
              "2018-02-14-preview",
              "2018-02-14",
              "2016-10-01",
              "2015-06-01"
            ],
            "defaultApiVersion": "2019-09-01",
            "apiProfiles": [
              {
                "profileVersion": "2018-06-01-profile",
                "apiVersion": "2016-10-01"
              }
            ],
            "capabilities": "None"
          },
          {
            "resourceType": "locations",
            "locations": [],
            "apiVersions": [
              "2019-09-01",
              "2018-02-14-preview",
              "2018-02-14",
              "2016-10-01"
            ],
            "defaultApiVersion": "2019-09-01",
            "apiProfiles": [
              {
                "profileVersion": "2018-06-01-profile",
                "apiVersion": "2016-10-01"
              }
            ],
            "capabilities": "None"
          },
          {
            "resourceType": "vaults",
            "locations": [
              "North Central US",
              "East US",
              "North Europe",
              "West Europe",
              "East Asia",
              "Southeast Asia",
              "East US 2",
              "Central US",
              "South Central US",
              "West US",
              "Japan East",
              "Japan West",
              "Australia East",
              "Australia Southeast",
              "Brazil South",
              "Central India",
              "South India",
              "West India",
              "Canada Central",
              "Canada East",
              "UK South",
              "UK West",
              "West Central US",
              "West US 2",
              "East US 2 EUAP",
              "Central US EUAP",
              "Korea Central",
              "Korea South",
              "France Central",
              "France South",
              "Australia Central",
              "Australia Central 2",
              "UAE Central",
              "UAE North",
              "South Africa North",
              "South Africa West",
              "Switzerland North",
              "Switzerland West",
              "Germany North",
              "Germany West Central",
              "Norway East",
              "Norway West",
              "Brazil Southeast"
            ],
            "apiVersions": [
              "2019-09-01",
              "2018-02-14-preview",
              "2018-02-14",
              "2016-10-01",
              "2015-06-01"
            ],
            "defaultApiVersion": "2019-09-01",
            "apiProfiles": [
              {
                "profileVersion": "2019-03-01-hybrid",
                "apiVersion": "2016-10-01"
              },
              {
                "profileVersion": "2018-03-01-hybrid",
                "apiVersion": "2016-10-01"
              },
              {
                "profileVersion": "2018-06-01-profile",
                "apiVersion": "2016-10-01"
              }
            ],
            "capabilities": "CrossResourceGroupResourceMove, CrossSubscriptionResourceMove, SupportsTags, SupportsLocation"
          },
          {
            "resourceType": "vaults/secrets",
            "locations": [
              "North Central US",
              "East US",
              "North Europe",
              "West Europe",
              "East Asia",
              "Southeast Asia",
              "East US 2",
              "Central US",
              "South Central US",
              "West US",
              "Japan East",
              "Japan West",
              "Australia East",
              "Australia Southeast",
              "Brazil South",
              "Central India",
              "South India",
              "West India",
              "Canada Central",
              "Canada East",
              "UK South",
              "UK West",
              "West Central US",
              "West US 2",
              "East US 2 EUAP",
              "Central US EUAP",
              "Korea Central",
              "Korea South",
              "France Central",
              "France South",
              "Australia Central",
              "Australia Central 2",
              "UAE Central",
              "UAE North",
              "South Africa North",
              "South Africa West",
              "Switzerland North",
              "Switzerland West",
              "Germany North",
              "Germany West Central",
              "Norway East",
              "Norway West",
              "Brazil Southeast"
            ],
            "apiVersions": [
              "2019-09-01",
              "2018-02-14-preview",
              "2018-02-14",
              "2016-10-01",
              "2015-06-01"
            ],
            "defaultApiVersion": "2019-09-01",
            "apiProfiles": [
              {
                "profileVersion": "2019-03-01-hybrid",
                "apiVersion": "2016-10-01"
              },
              {
                "profileVersion": "2018-03-01-hybrid",
                "apiVersion": "2016-10-01"
              },
              {
                "profileVersion": "2018-06-01-profile",
                "apiVersion": "2016-10-01"
              }
            ],
            "capabilities": "None"
          },
          {
            "resourceType": "vaults/accessPolicies",
            "locations": [
              "North Central US",
              "East US",
              "North Europe",
              "West Europe",
              "East Asia",
              "Southeast Asia",
              "East US 2",
              "Central US",
              "South Central US",
              "West US",
              "Japan East",
              "Japan West",
              "Australia East",
              "Australia Southeast",
              "Brazil South",
              "Central India",
              "South India",
              "West India",
              "Canada Central",
              "Canada East",
              "UK South",
              "UK West",
              "West Central US",
              "West US 2",
              "East US 2 EUAP",
              "Central US EUAP",
              "Korea Central",
              "Korea South",
              "France Central",
              "France South",
              "Australia Central",
              "Australia Central 2",
              "UAE Central",
              "UAE North",
              "South Africa North",
              "South Africa West",
              "Switzerland North",
              "Switzerland West",
              "Germany North",
              "Germany West Central",
              "Norway East",
              "Norway West",
              "Brazil Southeast"
            ],
            "apiVersions": [
              "2019-09-01",
              "2018-02-14-preview",
              "2018-02-14",
              "2016-10-01",
              "2015-06-01"
            ],
            "defaultApiVersion": "2019-09-01",
            "apiProfiles": [
              {
                "profileVersion": "2019-03-01-hybrid",
                "apiVersion": "2016-10-01"
              },
              {
                "profileVersion": "2018-03-01-hybrid",
                "apiVersion": "2016-10-01"
              },
              {
                "profileVersion": "2018-06-01-profile",
                "apiVersion": "2016-10-01"
              }
            ],
            "capabilities": "None"
          },
          {
            "resourceType": "deletedVaults",
            "locations": [
              "North Central US",
              "East US",
              "North Europe",
              "West Europe",
              "East Asia",
              "Southeast Asia",
              "East US 2",
              "Central US",
              "South Central US",
              "West US",
              "Japan East",
              "Japan West",
              "Australia East",
              "Australia Southeast",
              "Brazil South",
              "Central India",
              "South India",
              "West India",
              "Canada Central",
              "Canada East",
              "UK South",
              "UK West",
              "West Central US",
              "West US 2",
              "East US 2 EUAP",
              "Central US EUAP",
              "Korea Central",
              "Korea South",
              "France Central",
              "France South",
              "Australia Central",
              "Australia Central 2",
              "UAE Central",
              "UAE North",
              "South Africa North",
              "South Africa West",
              "Switzerland North",
              "Switzerland West",
              "Germany North",
              "Germany West Central",
              "Norway East",
              "Norway West",
              "Brazil Southeast"
            ],
            "apiVersions": [
              "2019-09-01",
              "2018-02-14-preview",
              "2018-02-14",
              "2016-10-01"
            ],
            "defaultApiVersion": "2019-09-01",
            "apiProfiles": [
              {
                "profileVersion": "2018-06-01-profile",
                "apiVersion": "2016-10-01"
              }
            ],
            "capabilities": "None"
          },
          {
            "resourceType": "locations/deletedVaults",
            "locations": [
              "North Central US",
              "East US",
              "North Europe",
              "West Europe",
              "East Asia",
              "Southeast Asia",
              "East US 2",
              "Central US",
              "South Central US",
              "West US",
              "Japan East",
              "Japan West",
              "Australia East",
              "Australia Southeast",
              "Brazil South",
              "Central India",
              "South India",
              "West India",
              "Canada Central",
              "Canada East",
              "UK South",
              "UK West",
              "West Central US",
              "West US 2",
              "East US 2 EUAP",
              "Central US EUAP",
              "Korea Central",
              "Korea South",
              "France Central",
              "France South",
              "Australia Central",
              "Australia Central 2",
              "UAE Central",
              "UAE North",
              "South Africa North",
              "South Africa West",
              "Switzerland North",
              "Switzerland West",
              "Germany North",
              "Germany West Central",
              "Norway East",
              "Norway West",
              "Brazil Southeast"
            ],
            "apiVersions": [
              "2019-09-01",
              "2018-02-14-preview",
              "2018-02-14",
              "2016-10-01"
            ],
            "defaultApiVersion": "2019-09-01",
            "apiProfiles": [
              {
                "profileVersion": "2018-06-01-profile",
                "apiVersion": "2016-10-01"
              }
            ],
            "capabilities": "None"
          },
          {
            "resourceType": "locations/deleteVirtualNetworkOrSubnets",
            "locations": [
              "East US",
              "North Central US",
              "West Europe",
              "North Europe",
              "East Asia",
              "Southeast Asia",
              "East US 2",
              "Central US",
              "South Central US",
              "West Central US",
              "West US 2",
              "West US",
              "Japan East",
              "Japan West",
              "Australia East",
              "Australia Southeast",
              "Australia Central",
              "Australia Central 2",
              "Brazil South",
              "Central India",
              "South India",
              "West India",
              "Canada Central",
              "Canada East",
              "UK South",
              "UK West",
              "Central US EUAP",
              "East US 2 EUAP",
              "Korea Central",
              "Korea South",
              "France Central",
              "France South",
              "UAE Central",
              "UAE North",
              "South Africa North",
              "South Africa West",
              "Switzerland North",
              "Switzerland West",
              "Germany North",
              "Germany West Central",
              "Norway East",
              "Norway West",
              "Brazil Southeast"
            ],
            "apiVersions": [
              "2019-09-01",
              "2018-02-14-preview",
              "2018-02-14",
              "2016-10-01"
            ],
            "defaultApiVersion": "2019-09-01",
            "capabilities": "None"
          },
          {
            "resourceType": "locations/operationResults",
            "locations": [
              "North Central US",
              "East US",
              "North Europe",
              "West Europe",
              "East Asia",
              "Southeast Asia",
              "East US 2",
              "Central US",
              "South Central US",
              "West US",
              "Japan East",
              "Japan West",
              "Australia East",
              "Australia Southeast",
              "Brazil South",
              "Central India",
              "South India",
              "West India",
              "Canada Central",
              "Canada East",
              "UK South",
              "UK West",
              "West Central US",
              "West US 2",
              "East US 2 EUAP",
              "Central US EUAP",
              "Korea Central",
              "Korea South",
              "France Central",
              "France South",
              "Australia Central",
              "Australia Central 2",
              "UAE Central",
              "UAE North",
              "South Africa North",
              "South Africa West",
              "Switzerland North",
              "Switzerland West",
              "Germany North",
              "Germany West Central",
              "Norway East",
              "Norway West",
              "Brazil Southeast"
            ],
            "apiVersions": [
              "2019-09-01",
              "2018-02-14-preview",
              "2018-02-14",
              "2016-10-01"
            ],
            "defaultApiVersion": "2019-09-01",
            "apiProfiles": [
              {
                "profileVersion": "2018-06-01-profile",
                "apiVersion": "2016-10-01"
              }
            ],
            "capabilities": "None"
          },
          {
            "resourceType": "vaults/eventGridFilters",
            "locations": [
              "North Central US",
              "East US",
              "North Europe",
              "West Europe",
              "East Asia",
              "Southeast Asia",
              "East US 2",
              "Central US",
              "South Central US",
              "West US",
              "Japan East",
              "Japan West",
              "Australia East",
              "Australia Southeast",
              "Brazil South",
              "Central India",
              "South India",
              "West India",
              "Canada Central",
              "Canada East",
              "UK South",
              "UK West",
              "West Central US",
              "West US 2",
              "East US 2 EUAP",
              "Central US EUAP",
              "Korea Central",
              "Korea South",
              "France Central",
              "France South",
              "Australia Central",
              "Australia Central 2",
              "UAE Central",
              "UAE North",
              "South Africa North",
              "South Africa West",
              "Switzerland North",
              "Switzerland West",
              "Germany North",
              "Germany West Central",
              "Norway East",
              "Norway West",
              "Brazil Southeast"
            ],
            "apiVersions": [
              "2019-09-01",
              "2018-02-14-preview",
              "2018-02-14"
            ],
            "defaultApiVersion": "2019-09-01",
            "capabilities": "None"
          },
          {
            "resourceType": "managedHSMs",
            "locations": [
              "Central US EUAP",
              "East US 2",
              "East US 2 EUAP",
              "South Central US",
              "North Europe",
              "West Europe",
              "Canada Central"
            ],
            "apiVersions": [
              "2020-04-01-preview"
            ],
            "defaultApiVersion": "2020-04-01-preview",
            "capabilities": "CrossResourceGroupResourceMove, CrossSubscriptionResourceMove, SupportsTags, SupportsLocation"
          },
          {
            "resourceType": "vaults/keys",
            "locations": [
              "North Central US",
              "East US",
              "North Europe",
              "West Europe",
              "East Asia",
              "Southeast Asia",
              "East US 2",
              "Central US",
              "South Central US",
              "West US",
              "Japan East",
              "Japan West",
              "Australia East",
              "Australia Southeast",
              "Brazil South",
              "Central India",
              "South India",
              "West India",
              "Canada Central",
              "Canada East",
              "UK South",
              "UK West",
              "West Central US",
              "West US 2",
              "East US 2 EUAP",
              "Central US EUAP",
              "Korea Central",
              "Korea South",
              "France Central",
              "France South",
              "Australia Central",
              "Australia Central 2",
              "UAE Central",
              "UAE North",
              "South Africa North",
              "South Africa West",
              "Switzerland North",
              "Switzerland West",
              "Germany North",
              "Germany West Central",
              "Norway East",
              "Norway West",
              "Brazil Southeast"
            ],
            "apiVersions": [
              "2019-09-01"
            ],
            "defaultApiVersion": "2019-09-01",
            "capabilities": "None"
          },
          {
            "resourceType": "vaults/keys/versions",
            "locations": [
              "North Central US",
              "East US",
              "North Europe",
              "West Europe",
              "East Asia",
              "Southeast Asia",
              "East US 2",
              "Central US",
              "South Central US",
              "West US",
              "Japan East",
              "Japan West",
              "Australia East",
              "Australia Southeast",
              "Brazil South",
              "Central India",
              "South India",
              "West India",
              "Canada Central",
              "Canada East",
              "UK South",
              "UK West",
              "West Central US",
              "West US 2",
              "East US 2 EUAP",
              "Central US EUAP",
              "Korea Central",
              "Korea South",
              "France Central",
              "France South",
              "Australia Central",
              "Australia Central 2",
              "UAE Central",
              "UAE North",
              "South Africa North",
              "South Africa West",
              "Switzerland North",
              "Switzerland West",
              "Germany North",
              "Germany West Central",
              "Norway East",
              "Norway West",
              "Brazil Southeast"
            ],
            "apiVersions": [
              "2019-09-01"
            ],
            "defaultApiVersion": "2019-09-01",
            "capabilities": "None"
          }
        ],
        "registrationState": "Registered",
        "registrationPolicy": "RegistrationRequired"
      }
    },
    {
      "RequestUri": "https://management.azure.com/subscriptions/0b1f6471-1bf0-4dda-aec3-cb9272f09590/resourcegroups/sdktestrg420?api-version=2019-10-01",
      "RequestMethod": "PUT",
      "RequestHeaders": {
        "Accept": "application/json",
        "Authorization": "Sanitized",
        "Content-Length": "31",
        "Content-Type": "application/json",
        "traceparent": "00-1954e50a7d1f1947a035a0ede968db19-104b08ef3bc73f46-00",
        "User-Agent": "azsdk-net-ResourceManager.Resources/1.0.0-preview.2 (.NET Framework 4.8.4220.0; Microsoft Windows 10.0.19041 )",
        "x-ms-client-request-id": "621ffefc5cccbbc9d2b632912845c3d8",
        "x-ms-return-client-request-id": "true"
      },
      "RequestBody": {
        "location": "North Central US"
      },
      "StatusCode": 201,
      "ResponseHeaders": {
        "Cache-Control": "no-cache",
        "Content-Length": "229",
        "Content-Type": "application/json; charset=utf-8",
        "Date": "Thu, 24 Sep 2020 09:21:32 GMT",
        "Expires": "-1",
        "Pragma": "no-cache",
        "Strict-Transport-Security": "max-age=31536000; includeSubDomains",
        "X-Content-Type-Options": "nosniff",
        "x-ms-correlation-request-id": "e97ef26a-c070-453b-b312-d7882495a673",
        "x-ms-ratelimit-remaining-subscription-writes": "1182",
        "x-ms-request-id": "e97ef26a-c070-453b-b312-d7882495a673",
        "x-ms-routing-request-id": "SOUTHEASTASIA:20200924T092132Z:e97ef26a-c070-453b-b312-d7882495a673"
      },
      "ResponseBody": {
        "id": "/subscriptions/0b1f6471-1bf0-4dda-aec3-cb9272f09590/resourceGroups/sdktestrg420",
        "name": "sdktestrg420",
        "type": "Microsoft.Resources/resourceGroups",
        "location": "northcentralus",
        "properties": {
          "provisioningState": "Succeeded"
        }
      }
    },
    {
      "RequestUri": "https://management.azure.com/subscriptions/0b1f6471-1bf0-4dda-aec3-cb9272f09590/resourceGroups/sdktestrg420/providers/Microsoft.KeyVault/vaults/sdktestvault7780?api-version=2019-09-01",
      "RequestMethod": "PUT",
      "RequestHeaders": {
        "Accept": "application/json",
        "Authorization": "Sanitized",
        "Content-Length": "691",
        "Content-Type": "application/json",
        "traceparent": "00-9b7908269113ba41a54643a128c71ea5-9f44b4c375e8824c-00",
        "User-Agent": "azsdk-net-ResourceManager.KeyVault/1.0.0-alpha.20200924.1 (.NET Framework 4.8.4220.0; Microsoft Windows 10.0.19041 )",
        "x-ms-client-request-id": "17e0e2cec5a829e539b092e9d7f27ce3",
        "x-ms-return-client-request-id": "true"
      },
      "RequestBody": {
        "location": "North Central US",
        "tags": {
          "tag1": "value1",
          "tag2": "value2",
          "tag3": "value3"
        },
        "properties": {
          "tenantId": "54826b22-38d6-4fb2-bad9-b7b93a3e9c5a",
          "sku": {
            "family": "A",
            "name": "standard"
          },
          "accessPolicies": [
            {
              "tenantId": "54826b22-38d6-4fb2-bad9-b7b93a3e9c5a",
              "objectId": "1aa92e15-ee4e-4dda-9e61-5b4dc35d280b",
              "applicationId": "c445f1d5-499c-45ee-a5ff-024d36ade650",
              "permissions": {
                "keys": [
                  "all"
                ],
                "secrets": [
                  "all"
                ],
                "certificates": [
                  "all"
                ],
                "storage": [
                  "all"
                ]
              }
            }
          ],
          "vaultUri": "",
          "enabledForDeployment": true,
          "enabledForDiskEncryption": true,
          "enabledForTemplateDeployment": true,
          "networkAcls": {
            "bypass": "AzureServices",
            "defaultAction": "Allow",
            "ipRules": [
              {
                "value": "1.2.3.4/32"
              },
              {
                "value": "1.0.0.0/25"
              }
            ]
          }
        }
      },
      "StatusCode": 200,
      "ResponseHeaders": {
        "Cache-Control": "no-cache",
        "Content-Length": "1018",
        "Content-Type": "application/json; charset=utf-8",
        "Date": "Thu, 24 Sep 2020 09:21:36 GMT",
        "Expires": "-1",
        "Pragma": "no-cache",
        "Server": "Microsoft-IIS/10.0",
        "Strict-Transport-Security": "max-age=31536000; includeSubDomains",
        "X-AspNet-Version": "4.0.30319",
        "X-Content-Type-Options": "nosniff",
        "x-ms-correlation-request-id": "ff0b56be-90e8-46e2-b773-a14a3b3ab429",
        "x-ms-keyvault-service-version": "1.1.77.0",
        "x-ms-ratelimit-remaining-subscription-writes": "1181",
        "x-ms-request-id": "250f0d59-6e42-496e-9a91-61d72141f5e4",
        "x-ms-routing-request-id": "SOUTHEASTASIA:20200924T092136Z:ff0b56be-90e8-46e2-b773-a14a3b3ab429",
        "X-Powered-By": "ASP.NET"
      },
      "ResponseBody": {
        "id": "/subscriptions/0b1f6471-1bf0-4dda-aec3-cb9272f09590/resourceGroups/sdktestrg420/providers/Microsoft.KeyVault/vaults/sdktestvault7780",
        "name": "sdktestvault7780",
        "type": "Microsoft.KeyVault/vaults",
        "location": "North Central US",
        "tags": {
          "tag1": "value1",
          "tag2": "value2",
          "tag3": "value3"
        },
        "properties": {
          "sku": {
            "family": "A",
            "name": "standard"
          },
          "tenantId": "54826b22-38d6-4fb2-bad9-b7b93a3e9c5a",
          "networkAcls": {
            "bypass": "AzureServices",
            "defaultAction": "Allow",
            "ipRules": [
              {
                "value": "1.2.3.4/32"
              },
              {
                "value": "1.0.0.0/25"
              }
            ],
            "virtualNetworkRules": []
          },
          "accessPolicies": [
            {
              "tenantId": "54826b22-38d6-4fb2-bad9-b7b93a3e9c5a",
              "objectId": "1aa92e15-ee4e-4dda-9e61-5b4dc35d280b",
              "applicationId": "c445f1d5-499c-45ee-a5ff-024d36ade650",
              "permissions": {
                "keys": [
                  "all"
                ],
                "secrets": [
                  "all"
                ],
                "certificates": [
                  "all"
                ],
                "storage": [
                  "all"
                ]
              }
            }
          ],
          "enabledForDeployment": true,
          "enabledForDiskEncryption": true,
          "enabledForTemplateDeployment": true,
          "enableSoftDelete": true,
          "vaultUri": "https://sdktestvault7780.vault.azure.net",
          "provisioningState": "RegisteringDns"
        }
      }
    },
    {
      "RequestUri": "https://management.azure.com/subscriptions/0b1f6471-1bf0-4dda-aec3-cb9272f09590/resourceGroups/sdktestrg420/providers/Microsoft.KeyVault/vaults/sdktestvault7780?api-version=2019-09-01",
      "RequestMethod": "GET",
      "RequestHeaders": {
        "Authorization": "Sanitized",
        "User-Agent": "azsdk-net-ResourceManager.KeyVault/1.0.0-alpha.20200924.1 (.NET Framework 4.8.4220.0; Microsoft Windows 10.0.19041 )",
        "x-ms-client-request-id": "e8e42918279038543a3892ab37d1fac3",
        "x-ms-return-client-request-id": "true"
      },
      "RequestBody": null,
      "StatusCode": 200,
      "ResponseHeaders": {
        "Cache-Control": "no-cache",
        "Content-Length": "1019",
        "Content-Type": "application/json; charset=utf-8",
        "Date": "Thu, 24 Sep 2020 09:21:38 GMT",
        "Expires": "-1",
        "Pragma": "no-cache",
        "Server": "Microsoft-IIS/10.0",
        "Strict-Transport-Security": "max-age=31536000; includeSubDomains",
        "X-AspNet-Version": "4.0.30319",
        "X-Content-Type-Options": "nosniff",
        "x-ms-correlation-request-id": "9d9bf006-720f-4541-9df6-9bbe1b95fee2",
        "x-ms-keyvault-service-version": "1.1.77.0",
        "x-ms-ratelimit-remaining-subscription-reads": "11870",
        "x-ms-request-id": "5bdea878-a035-4626-8b5c-5239c3f7b556",
        "x-ms-routing-request-id": "SOUTHEASTASIA:20200924T092138Z:9d9bf006-720f-4541-9df6-9bbe1b95fee2",
        "X-Powered-By": "ASP.NET"
      },
      "ResponseBody": {
        "id": "/subscriptions/0b1f6471-1bf0-4dda-aec3-cb9272f09590/resourceGroups/sdktestrg420/providers/Microsoft.KeyVault/vaults/sdktestvault7780",
        "name": "sdktestvault7780",
        "type": "Microsoft.KeyVault/vaults",
        "location": "North Central US",
        "tags": {
          "tag1": "value1",
          "tag2": "value2",
          "tag3": "value3"
        },
        "properties": {
          "sku": {
            "family": "A",
            "name": "standard"
          },
          "tenantId": "54826b22-38d6-4fb2-bad9-b7b93a3e9c5a",
          "networkAcls": {
            "bypass": "AzureServices",
            "defaultAction": "Allow",
            "ipRules": [
              {
                "value": "1.2.3.4/32"
              },
              {
                "value": "1.0.0.0/25"
              }
            ],
            "virtualNetworkRules": []
          },
          "accessPolicies": [
            {
              "tenantId": "54826b22-38d6-4fb2-bad9-b7b93a3e9c5a",
              "objectId": "1aa92e15-ee4e-4dda-9e61-5b4dc35d280b",
              "applicationId": "c445f1d5-499c-45ee-a5ff-024d36ade650",
              "permissions": {
                "keys": [
                  "all"
                ],
                "secrets": [
                  "all"
                ],
                "certificates": [
                  "all"
                ],
                "storage": [
                  "all"
                ]
              }
            }
          ],
          "enabledForDeployment": true,
          "enabledForDiskEncryption": true,
          "enabledForTemplateDeployment": true,
          "enableSoftDelete": true,
          "vaultUri": "https://sdktestvault7780.vault.azure.net/",
          "provisioningState": "RegisteringDns"
        }
      }
    },
    {
      "RequestUri": "https://management.azure.com/subscriptions/0b1f6471-1bf0-4dda-aec3-cb9272f09590/resourceGroups/sdktestrg420/providers/Microsoft.KeyVault/vaults/sdktestvault7780?api-version=2019-09-01",
      "RequestMethod": "GET",
      "RequestHeaders": {
        "Authorization": "Sanitized",
        "User-Agent": "azsdk-net-ResourceManager.KeyVault/1.0.0-alpha.20200924.1 (.NET Framework 4.8.4220.0; Microsoft Windows 10.0.19041 )",
        "x-ms-client-request-id": "009badb5a28e00ca6f51e762ea0dac9c",
        "x-ms-return-client-request-id": "true"
      },
      "RequestBody": null,
      "StatusCode": 200,
      "ResponseHeaders": {
        "Cache-Control": "no-cache",
        "Content-Length": "1019",
        "Content-Type": "application/json; charset=utf-8",
        "Date": "Thu, 24 Sep 2020 09:21:39 GMT",
        "Expires": "-1",
        "Pragma": "no-cache",
        "Server": "Microsoft-IIS/10.0",
        "Strict-Transport-Security": "max-age=31536000; includeSubDomains",
        "X-AspNet-Version": "4.0.30319",
        "X-Content-Type-Options": "nosniff",
        "x-ms-correlation-request-id": "8b437f4c-a08e-40ff-81cb-ac19cc5a8f5c",
        "x-ms-keyvault-service-version": "1.1.77.0",
        "x-ms-ratelimit-remaining-subscription-reads": "11869",
        "x-ms-request-id": "2772cbdf-40d9-4e97-8482-bf4fa3f9cdbe",
        "x-ms-routing-request-id": "SOUTHEASTASIA:20200924T092139Z:8b437f4c-a08e-40ff-81cb-ac19cc5a8f5c",
        "X-Powered-By": "ASP.NET"
      },
      "ResponseBody": {
        "id": "/subscriptions/0b1f6471-1bf0-4dda-aec3-cb9272f09590/resourceGroups/sdktestrg420/providers/Microsoft.KeyVault/vaults/sdktestvault7780",
        "name": "sdktestvault7780",
        "type": "Microsoft.KeyVault/vaults",
        "location": "North Central US",
        "tags": {
          "tag1": "value1",
          "tag2": "value2",
          "tag3": "value3"
        },
        "properties": {
          "sku": {
            "family": "A",
            "name": "standard"
          },
          "tenantId": "54826b22-38d6-4fb2-bad9-b7b93a3e9c5a",
          "networkAcls": {
            "bypass": "AzureServices",
            "defaultAction": "Allow",
            "ipRules": [
              {
                "value": "1.2.3.4/32"
              },
              {
                "value": "1.0.0.0/25"
              }
            ],
            "virtualNetworkRules": []
          },
          "accessPolicies": [
            {
              "tenantId": "54826b22-38d6-4fb2-bad9-b7b93a3e9c5a",
              "objectId": "1aa92e15-ee4e-4dda-9e61-5b4dc35d280b",
              "applicationId": "c445f1d5-499c-45ee-a5ff-024d36ade650",
              "permissions": {
                "keys": [
                  "all"
                ],
                "secrets": [
                  "all"
                ],
                "certificates": [
                  "all"
                ],
                "storage": [
                  "all"
                ]
              }
            }
          ],
          "enabledForDeployment": true,
          "enabledForDiskEncryption": true,
          "enabledForTemplateDeployment": true,
          "enableSoftDelete": true,
          "vaultUri": "https://sdktestvault7780.vault.azure.net/",
          "provisioningState": "RegisteringDns"
        }
      }
    },
    {
      "RequestUri": "https://management.azure.com/subscriptions/0b1f6471-1bf0-4dda-aec3-cb9272f09590/resourceGroups/sdktestrg420/providers/Microsoft.KeyVault/vaults/sdktestvault7780?api-version=2019-09-01",
      "RequestMethod": "GET",
      "RequestHeaders": {
        "Authorization": "Sanitized",
        "User-Agent": "azsdk-net-ResourceManager.KeyVault/1.0.0-alpha.20200924.1 (.NET Framework 4.8.4220.0; Microsoft Windows 10.0.19041 )",
        "x-ms-client-request-id": "aed0354c940e6553f0fcfbca3bc7565e",
        "x-ms-return-client-request-id": "true"
      },
      "RequestBody": null,
      "StatusCode": 200,
      "ResponseHeaders": {
        "Cache-Control": "no-cache",
        "Content-Length": "1019",
        "Content-Type": "application/json; charset=utf-8",
        "Date": "Thu, 24 Sep 2020 09:21:40 GMT",
        "Expires": "-1",
        "Pragma": "no-cache",
        "Server": "Microsoft-IIS/10.0",
        "Strict-Transport-Security": "max-age=31536000; includeSubDomains",
        "X-AspNet-Version": "4.0.30319",
        "X-Content-Type-Options": "nosniff",
        "x-ms-correlation-request-id": "ccd5cabf-139e-45b1-97f1-0d719b194389",
        "x-ms-keyvault-service-version": "1.1.77.0",
        "x-ms-ratelimit-remaining-subscription-reads": "11868",
        "x-ms-request-id": "6a7137eb-3653-431f-828d-0240aa1677ca",
        "x-ms-routing-request-id": "SOUTHEASTASIA:20200924T092141Z:ccd5cabf-139e-45b1-97f1-0d719b194389",
        "X-Powered-By": "ASP.NET"
      },
      "ResponseBody": {
        "id": "/subscriptions/0b1f6471-1bf0-4dda-aec3-cb9272f09590/resourceGroups/sdktestrg420/providers/Microsoft.KeyVault/vaults/sdktestvault7780",
        "name": "sdktestvault7780",
        "type": "Microsoft.KeyVault/vaults",
        "location": "North Central US",
        "tags": {
          "tag1": "value1",
          "tag2": "value2",
          "tag3": "value3"
        },
        "properties": {
          "sku": {
            "family": "A",
            "name": "standard"
          },
          "tenantId": "54826b22-38d6-4fb2-bad9-b7b93a3e9c5a",
          "networkAcls": {
            "bypass": "AzureServices",
            "defaultAction": "Allow",
            "ipRules": [
              {
                "value": "1.2.3.4/32"
              },
              {
                "value": "1.0.0.0/25"
              }
            ],
            "virtualNetworkRules": []
          },
          "accessPolicies": [
            {
              "tenantId": "54826b22-38d6-4fb2-bad9-b7b93a3e9c5a",
              "objectId": "1aa92e15-ee4e-4dda-9e61-5b4dc35d280b",
              "applicationId": "c445f1d5-499c-45ee-a5ff-024d36ade650",
              "permissions": {
                "keys": [
                  "all"
                ],
                "secrets": [
                  "all"
                ],
                "certificates": [
                  "all"
                ],
                "storage": [
                  "all"
                ]
              }
            }
          ],
          "enabledForDeployment": true,
          "enabledForDiskEncryption": true,
          "enabledForTemplateDeployment": true,
          "enableSoftDelete": true,
          "vaultUri": "https://sdktestvault7780.vault.azure.net/",
          "provisioningState": "RegisteringDns"
        }
      }
    },
    {
      "RequestUri": "https://management.azure.com/subscriptions/0b1f6471-1bf0-4dda-aec3-cb9272f09590/resourceGroups/sdktestrg420/providers/Microsoft.KeyVault/vaults/sdktestvault7780?api-version=2019-09-01",
      "RequestMethod": "GET",
      "RequestHeaders": {
        "Authorization": "Sanitized",
        "User-Agent": "azsdk-net-ResourceManager.KeyVault/1.0.0-alpha.20200924.1 (.NET Framework 4.8.4220.0; Microsoft Windows 10.0.19041 )",
        "x-ms-client-request-id": "cf23174a640075cd5ee3793e3ff14e2c",
        "x-ms-return-client-request-id": "true"
      },
      "RequestBody": null,
      "StatusCode": 200,
      "ResponseHeaders": {
        "Cache-Control": "no-cache",
        "Content-Length": "1019",
        "Content-Type": "application/json; charset=utf-8",
        "Date": "Thu, 24 Sep 2020 09:21:42 GMT",
        "Expires": "-1",
        "Pragma": "no-cache",
        "Server": "Microsoft-IIS/10.0",
        "Strict-Transport-Security": "max-age=31536000; includeSubDomains",
        "X-AspNet-Version": "4.0.30319",
        "X-Content-Type-Options": "nosniff",
        "x-ms-correlation-request-id": "781876d6-1686-4502-b25d-4c17654cc57e",
        "x-ms-keyvault-service-version": "1.1.77.0",
        "x-ms-ratelimit-remaining-subscription-reads": "11867",
        "x-ms-request-id": "fc20bbac-16e9-4531-8f29-19aa1e0e2f25",
        "x-ms-routing-request-id": "SOUTHEASTASIA:20200924T092142Z:781876d6-1686-4502-b25d-4c17654cc57e",
        "X-Powered-By": "ASP.NET"
      },
      "ResponseBody": {
        "id": "/subscriptions/0b1f6471-1bf0-4dda-aec3-cb9272f09590/resourceGroups/sdktestrg420/providers/Microsoft.KeyVault/vaults/sdktestvault7780",
        "name": "sdktestvault7780",
        "type": "Microsoft.KeyVault/vaults",
        "location": "North Central US",
        "tags": {
          "tag1": "value1",
          "tag2": "value2",
          "tag3": "value3"
        },
        "properties": {
          "sku": {
            "family": "A",
            "name": "standard"
          },
          "tenantId": "54826b22-38d6-4fb2-bad9-b7b93a3e9c5a",
          "networkAcls": {
            "bypass": "AzureServices",
            "defaultAction": "Allow",
            "ipRules": [
              {
                "value": "1.2.3.4/32"
              },
              {
                "value": "1.0.0.0/25"
              }
            ],
            "virtualNetworkRules": []
          },
          "accessPolicies": [
            {
              "tenantId": "54826b22-38d6-4fb2-bad9-b7b93a3e9c5a",
              "objectId": "1aa92e15-ee4e-4dda-9e61-5b4dc35d280b",
              "applicationId": "c445f1d5-499c-45ee-a5ff-024d36ade650",
              "permissions": {
                "keys": [
                  "all"
                ],
                "secrets": [
                  "all"
                ],
                "certificates": [
                  "all"
                ],
                "storage": [
                  "all"
                ]
              }
            }
          ],
          "enabledForDeployment": true,
          "enabledForDiskEncryption": true,
          "enabledForTemplateDeployment": true,
          "enableSoftDelete": true,
          "vaultUri": "https://sdktestvault7780.vault.azure.net/",
          "provisioningState": "RegisteringDns"
        }
      }
    },
    {
      "RequestUri": "https://management.azure.com/subscriptions/0b1f6471-1bf0-4dda-aec3-cb9272f09590/resourceGroups/sdktestrg420/providers/Microsoft.KeyVault/vaults/sdktestvault7780?api-version=2019-09-01",
      "RequestMethod": "GET",
      "RequestHeaders": {
        "Authorization": "Sanitized",
        "User-Agent": "azsdk-net-ResourceManager.KeyVault/1.0.0-alpha.20200924.1 (.NET Framework 4.8.4220.0; Microsoft Windows 10.0.19041 )",
        "x-ms-client-request-id": "015ff58c4c0121b55a350f91a600c5a7",
        "x-ms-return-client-request-id": "true"
      },
      "RequestBody": null,
      "StatusCode": 200,
      "ResponseHeaders": {
        "Cache-Control": "no-cache",
        "Content-Length": "1019",
        "Content-Type": "application/json; charset=utf-8",
        "Date": "Thu, 24 Sep 2020 09:21:43 GMT",
        "Expires": "-1",
        "Pragma": "no-cache",
        "Server": "Microsoft-IIS/10.0",
        "Strict-Transport-Security": "max-age=31536000; includeSubDomains",
        "X-AspNet-Version": "4.0.30319",
        "X-Content-Type-Options": "nosniff",
        "x-ms-correlation-request-id": "e213fddf-7220-4e35-8897-bdc3ae5d4c30",
        "x-ms-keyvault-service-version": "1.1.77.0",
        "x-ms-ratelimit-remaining-subscription-reads": "11866",
        "x-ms-request-id": "a79f9278-d68e-4182-9222-d0520bd76aac",
        "x-ms-routing-request-id": "SOUTHEASTASIA:20200924T092143Z:e213fddf-7220-4e35-8897-bdc3ae5d4c30",
        "X-Powered-By": "ASP.NET"
      },
      "ResponseBody": {
        "id": "/subscriptions/0b1f6471-1bf0-4dda-aec3-cb9272f09590/resourceGroups/sdktestrg420/providers/Microsoft.KeyVault/vaults/sdktestvault7780",
        "name": "sdktestvault7780",
        "type": "Microsoft.KeyVault/vaults",
        "location": "North Central US",
        "tags": {
          "tag1": "value1",
          "tag2": "value2",
          "tag3": "value3"
        },
        "properties": {
          "sku": {
            "family": "A",
            "name": "standard"
          },
          "tenantId": "54826b22-38d6-4fb2-bad9-b7b93a3e9c5a",
          "networkAcls": {
            "bypass": "AzureServices",
            "defaultAction": "Allow",
            "ipRules": [
              {
                "value": "1.2.3.4/32"
              },
              {
                "value": "1.0.0.0/25"
              }
            ],
            "virtualNetworkRules": []
          },
          "accessPolicies": [
            {
              "tenantId": "54826b22-38d6-4fb2-bad9-b7b93a3e9c5a",
              "objectId": "1aa92e15-ee4e-4dda-9e61-5b4dc35d280b",
              "applicationId": "c445f1d5-499c-45ee-a5ff-024d36ade650",
              "permissions": {
                "keys": [
                  "all"
                ],
                "secrets": [
                  "all"
                ],
                "certificates": [
                  "all"
                ],
                "storage": [
                  "all"
                ]
              }
            }
          ],
          "enabledForDeployment": true,
          "enabledForDiskEncryption": true,
          "enabledForTemplateDeployment": true,
          "enableSoftDelete": true,
          "vaultUri": "https://sdktestvault7780.vault.azure.net/",
          "provisioningState": "RegisteringDns"
        }
      }
    },
    {
      "RequestUri": "https://management.azure.com/subscriptions/0b1f6471-1bf0-4dda-aec3-cb9272f09590/resourceGroups/sdktestrg420/providers/Microsoft.KeyVault/vaults/sdktestvault7780?api-version=2019-09-01",
      "RequestMethod": "GET",
      "RequestHeaders": {
        "Authorization": "Sanitized",
        "User-Agent": "azsdk-net-ResourceManager.KeyVault/1.0.0-alpha.20200924.1 (.NET Framework 4.8.4220.0; Microsoft Windows 10.0.19041 )",
        "x-ms-client-request-id": "d21789fbdceae89c685b4f2a1a1426fe",
        "x-ms-return-client-request-id": "true"
      },
      "RequestBody": null,
      "StatusCode": 200,
      "ResponseHeaders": {
        "Cache-Control": "no-cache",
        "Content-Length": "1019",
        "Content-Type": "application/json; charset=utf-8",
        "Date": "Thu, 24 Sep 2020 09:21:44 GMT",
        "Expires": "-1",
        "Pragma": "no-cache",
        "Server": "Microsoft-IIS/10.0",
        "Strict-Transport-Security": "max-age=31536000; includeSubDomains",
        "X-AspNet-Version": "4.0.30319",
        "X-Content-Type-Options": "nosniff",
        "x-ms-correlation-request-id": "97876fc3-af5c-468c-956a-2c13cb74372d",
        "x-ms-keyvault-service-version": "1.1.77.0",
        "x-ms-ratelimit-remaining-subscription-reads": "11865",
        "x-ms-request-id": "46b08810-0132-4965-adda-e481bd24f897",
        "x-ms-routing-request-id": "SOUTHEASTASIA:20200924T092145Z:97876fc3-af5c-468c-956a-2c13cb74372d",
        "X-Powered-By": "ASP.NET"
      },
      "ResponseBody": {
        "id": "/subscriptions/0b1f6471-1bf0-4dda-aec3-cb9272f09590/resourceGroups/sdktestrg420/providers/Microsoft.KeyVault/vaults/sdktestvault7780",
        "name": "sdktestvault7780",
        "type": "Microsoft.KeyVault/vaults",
        "location": "North Central US",
        "tags": {
          "tag1": "value1",
          "tag2": "value2",
          "tag3": "value3"
        },
        "properties": {
          "sku": {
            "family": "A",
            "name": "standard"
          },
          "tenantId": "54826b22-38d6-4fb2-bad9-b7b93a3e9c5a",
          "networkAcls": {
            "bypass": "AzureServices",
            "defaultAction": "Allow",
            "ipRules": [
              {
                "value": "1.2.3.4/32"
              },
              {
                "value": "1.0.0.0/25"
              }
            ],
            "virtualNetworkRules": []
          },
          "accessPolicies": [
            {
              "tenantId": "54826b22-38d6-4fb2-bad9-b7b93a3e9c5a",
              "objectId": "1aa92e15-ee4e-4dda-9e61-5b4dc35d280b",
              "applicationId": "c445f1d5-499c-45ee-a5ff-024d36ade650",
              "permissions": {
                "keys": [
                  "all"
                ],
                "secrets": [
                  "all"
                ],
                "certificates": [
                  "all"
                ],
                "storage": [
                  "all"
                ]
              }
            }
          ],
          "enabledForDeployment": true,
          "enabledForDiskEncryption": true,
          "enabledForTemplateDeployment": true,
          "enableSoftDelete": true,
          "vaultUri": "https://sdktestvault7780.vault.azure.net/",
          "provisioningState": "RegisteringDns"
        }
      }
    },
    {
      "RequestUri": "https://management.azure.com/subscriptions/0b1f6471-1bf0-4dda-aec3-cb9272f09590/resourceGroups/sdktestrg420/providers/Microsoft.KeyVault/vaults/sdktestvault7780?api-version=2019-09-01",
      "RequestMethod": "GET",
      "RequestHeaders": {
        "Authorization": "Sanitized",
        "User-Agent": "azsdk-net-ResourceManager.KeyVault/1.0.0-alpha.20200924.1 (.NET Framework 4.8.4220.0; Microsoft Windows 10.0.19041 )",
        "x-ms-client-request-id": "453ecead5468fe5d610174ca543cce5e",
        "x-ms-return-client-request-id": "true"
      },
      "RequestBody": null,
      "StatusCode": 200,
      "ResponseHeaders": {
        "Cache-Control": "no-cache",
        "Content-Length": "1019",
        "Content-Type": "application/json; charset=utf-8",
        "Date": "Thu, 24 Sep 2020 09:21:46 GMT",
        "Expires": "-1",
        "Pragma": "no-cache",
        "Server": "Microsoft-IIS/10.0",
        "Strict-Transport-Security": "max-age=31536000; includeSubDomains",
        "X-AspNet-Version": "4.0.30319",
        "X-Content-Type-Options": "nosniff",
        "x-ms-correlation-request-id": "6a4094d4-bd63-468d-b3ea-49743bcab4fb",
        "x-ms-keyvault-service-version": "1.1.77.0",
        "x-ms-ratelimit-remaining-subscription-reads": "11864",
        "x-ms-request-id": "be40583a-546f-49b1-a4be-c8965efdaec4",
        "x-ms-routing-request-id": "SOUTHEASTASIA:20200924T092146Z:6a4094d4-bd63-468d-b3ea-49743bcab4fb",
        "X-Powered-By": "ASP.NET"
      },
      "ResponseBody": {
        "id": "/subscriptions/0b1f6471-1bf0-4dda-aec3-cb9272f09590/resourceGroups/sdktestrg420/providers/Microsoft.KeyVault/vaults/sdktestvault7780",
        "name": "sdktestvault7780",
        "type": "Microsoft.KeyVault/vaults",
        "location": "North Central US",
        "tags": {
          "tag1": "value1",
          "tag2": "value2",
          "tag3": "value3"
        },
        "properties": {
          "sku": {
            "family": "A",
            "name": "standard"
          },
          "tenantId": "54826b22-38d6-4fb2-bad9-b7b93a3e9c5a",
          "networkAcls": {
            "bypass": "AzureServices",
            "defaultAction": "Allow",
            "ipRules": [
              {
                "value": "1.2.3.4/32"
              },
              {
                "value": "1.0.0.0/25"
              }
            ],
            "virtualNetworkRules": []
          },
          "accessPolicies": [
            {
              "tenantId": "54826b22-38d6-4fb2-bad9-b7b93a3e9c5a",
              "objectId": "1aa92e15-ee4e-4dda-9e61-5b4dc35d280b",
              "applicationId": "c445f1d5-499c-45ee-a5ff-024d36ade650",
              "permissions": {
                "keys": [
                  "all"
                ],
                "secrets": [
                  "all"
                ],
                "certificates": [
                  "all"
                ],
                "storage": [
                  "all"
                ]
              }
            }
          ],
          "enabledForDeployment": true,
          "enabledForDiskEncryption": true,
          "enabledForTemplateDeployment": true,
          "enableSoftDelete": true,
          "vaultUri": "https://sdktestvault7780.vault.azure.net/",
          "provisioningState": "RegisteringDns"
        }
      }
    },
    {
      "RequestUri": "https://management.azure.com/subscriptions/0b1f6471-1bf0-4dda-aec3-cb9272f09590/resourceGroups/sdktestrg420/providers/Microsoft.KeyVault/vaults/sdktestvault7780?api-version=2019-09-01",
      "RequestMethod": "GET",
      "RequestHeaders": {
        "Authorization": "Sanitized",
        "User-Agent": "azsdk-net-ResourceManager.KeyVault/1.0.0-alpha.20200924.1 (.NET Framework 4.8.4220.0; Microsoft Windows 10.0.19041 )",
        "x-ms-client-request-id": "b643d21d7cdaaf42597799a6fd8b0646",
        "x-ms-return-client-request-id": "true"
      },
      "RequestBody": null,
      "StatusCode": 200,
      "ResponseHeaders": {
        "Cache-Control": "no-cache",
        "Content-Length": "1019",
        "Content-Type": "application/json; charset=utf-8",
        "Date": "Thu, 24 Sep 2020 09:21:47 GMT",
        "Expires": "-1",
        "Pragma": "no-cache",
        "Server": "Microsoft-IIS/10.0",
        "Strict-Transport-Security": "max-age=31536000; includeSubDomains",
        "X-AspNet-Version": "4.0.30319",
        "X-Content-Type-Options": "nosniff",
        "x-ms-correlation-request-id": "58b7ce4a-e8cf-47fe-a7b2-b31935a7357f",
        "x-ms-keyvault-service-version": "1.1.77.0",
        "x-ms-ratelimit-remaining-subscription-reads": "11863",
        "x-ms-request-id": "1393143e-34f4-47ac-804e-52fd6c2fd718",
        "x-ms-routing-request-id": "SOUTHEASTASIA:20200924T092147Z:58b7ce4a-e8cf-47fe-a7b2-b31935a7357f",
        "X-Powered-By": "ASP.NET"
      },
      "ResponseBody": {
        "id": "/subscriptions/0b1f6471-1bf0-4dda-aec3-cb9272f09590/resourceGroups/sdktestrg420/providers/Microsoft.KeyVault/vaults/sdktestvault7780",
        "name": "sdktestvault7780",
        "type": "Microsoft.KeyVault/vaults",
        "location": "North Central US",
        "tags": {
          "tag1": "value1",
          "tag2": "value2",
          "tag3": "value3"
        },
        "properties": {
          "sku": {
            "family": "A",
            "name": "standard"
          },
          "tenantId": "54826b22-38d6-4fb2-bad9-b7b93a3e9c5a",
          "networkAcls": {
            "bypass": "AzureServices",
            "defaultAction": "Allow",
            "ipRules": [
              {
                "value": "1.2.3.4/32"
              },
              {
                "value": "1.0.0.0/25"
              }
            ],
            "virtualNetworkRules": []
          },
          "accessPolicies": [
            {
              "tenantId": "54826b22-38d6-4fb2-bad9-b7b93a3e9c5a",
              "objectId": "1aa92e15-ee4e-4dda-9e61-5b4dc35d280b",
              "applicationId": "c445f1d5-499c-45ee-a5ff-024d36ade650",
              "permissions": {
                "keys": [
                  "all"
                ],
                "secrets": [
                  "all"
                ],
                "certificates": [
                  "all"
                ],
                "storage": [
                  "all"
                ]
              }
            }
          ],
          "enabledForDeployment": true,
          "enabledForDiskEncryption": true,
          "enabledForTemplateDeployment": true,
          "enableSoftDelete": true,
          "vaultUri": "https://sdktestvault7780.vault.azure.net/",
          "provisioningState": "RegisteringDns"
        }
      }
    },
    {
      "RequestUri": "https://management.azure.com/subscriptions/0b1f6471-1bf0-4dda-aec3-cb9272f09590/resourceGroups/sdktestrg420/providers/Microsoft.KeyVault/vaults/sdktestvault7780?api-version=2019-09-01",
      "RequestMethod": "GET",
      "RequestHeaders": {
        "Authorization": "Sanitized",
        "User-Agent": "azsdk-net-ResourceManager.KeyVault/1.0.0-alpha.20200924.1 (.NET Framework 4.8.4220.0; Microsoft Windows 10.0.19041 )",
        "x-ms-client-request-id": "d8e3110f80c2a63f2b1970e867d1932c",
        "x-ms-return-client-request-id": "true"
      },
      "RequestBody": null,
      "StatusCode": 200,
      "ResponseHeaders": {
        "Cache-Control": "no-cache",
        "Content-Length": "1019",
        "Content-Type": "application/json; charset=utf-8",
        "Date": "Thu, 24 Sep 2020 09:21:49 GMT",
        "Expires": "-1",
        "Pragma": "no-cache",
        "Server": "Microsoft-IIS/10.0",
        "Strict-Transport-Security": "max-age=31536000; includeSubDomains",
        "X-AspNet-Version": "4.0.30319",
        "X-Content-Type-Options": "nosniff",
        "x-ms-correlation-request-id": "483268b1-c6c5-4dbb-b9c5-a30a05c87d17",
        "x-ms-keyvault-service-version": "1.1.77.0",
        "x-ms-ratelimit-remaining-subscription-reads": "11862",
        "x-ms-request-id": "c3f13944-4f53-45d2-8d57-07d367eee6f9",
        "x-ms-routing-request-id": "SOUTHEASTASIA:20200924T092149Z:483268b1-c6c5-4dbb-b9c5-a30a05c87d17",
        "X-Powered-By": "ASP.NET"
      },
      "ResponseBody": {
        "id": "/subscriptions/0b1f6471-1bf0-4dda-aec3-cb9272f09590/resourceGroups/sdktestrg420/providers/Microsoft.KeyVault/vaults/sdktestvault7780",
        "name": "sdktestvault7780",
        "type": "Microsoft.KeyVault/vaults",
        "location": "North Central US",
        "tags": {
          "tag1": "value1",
          "tag2": "value2",
          "tag3": "value3"
        },
        "properties": {
          "sku": {
            "family": "A",
            "name": "standard"
          },
          "tenantId": "54826b22-38d6-4fb2-bad9-b7b93a3e9c5a",
          "networkAcls": {
            "bypass": "AzureServices",
            "defaultAction": "Allow",
            "ipRules": [
              {
                "value": "1.2.3.4/32"
              },
              {
                "value": "1.0.0.0/25"
              }
            ],
            "virtualNetworkRules": []
          },
          "accessPolicies": [
            {
              "tenantId": "54826b22-38d6-4fb2-bad9-b7b93a3e9c5a",
              "objectId": "1aa92e15-ee4e-4dda-9e61-5b4dc35d280b",
              "applicationId": "c445f1d5-499c-45ee-a5ff-024d36ade650",
              "permissions": {
                "keys": [
                  "all"
                ],
                "secrets": [
                  "all"
                ],
                "certificates": [
                  "all"
                ],
                "storage": [
                  "all"
                ]
              }
            }
          ],
          "enabledForDeployment": true,
          "enabledForDiskEncryption": true,
          "enabledForTemplateDeployment": true,
          "enableSoftDelete": true,
          "vaultUri": "https://sdktestvault7780.vault.azure.net/",
          "provisioningState": "RegisteringDns"
        }
      }
    },
    {
      "RequestUri": "https://management.azure.com/subscriptions/0b1f6471-1bf0-4dda-aec3-cb9272f09590/resourceGroups/sdktestrg420/providers/Microsoft.KeyVault/vaults/sdktestvault7780?api-version=2019-09-01",
      "RequestMethod": "GET",
      "RequestHeaders": {
        "Authorization": "Sanitized",
        "User-Agent": "azsdk-net-ResourceManager.KeyVault/1.0.0-alpha.20200924.1 (.NET Framework 4.8.4220.0; Microsoft Windows 10.0.19041 )",
        "x-ms-client-request-id": "480cf08c70d131248b8eebf0bbb700d6",
        "x-ms-return-client-request-id": "true"
      },
      "RequestBody": null,
      "StatusCode": 200,
      "ResponseHeaders": {
        "Cache-Control": "no-cache",
        "Content-Length": "1019",
        "Content-Type": "application/json; charset=utf-8",
        "Date": "Thu, 24 Sep 2020 09:21:50 GMT",
        "Expires": "-1",
        "Pragma": "no-cache",
        "Server": "Microsoft-IIS/10.0",
        "Strict-Transport-Security": "max-age=31536000; includeSubDomains",
        "X-AspNet-Version": "4.0.30319",
        "X-Content-Type-Options": "nosniff",
        "x-ms-correlation-request-id": "e43abfbc-e739-407a-a8b1-a58cd63ff9b4",
        "x-ms-keyvault-service-version": "1.1.77.0",
        "x-ms-ratelimit-remaining-subscription-reads": "11861",
        "x-ms-request-id": "1ef62351-9f52-4fff-b00e-4561448e6e77",
        "x-ms-routing-request-id": "SOUTHEASTASIA:20200924T092150Z:e43abfbc-e739-407a-a8b1-a58cd63ff9b4",
        "X-Powered-By": "ASP.NET"
      },
      "ResponseBody": {
        "id": "/subscriptions/0b1f6471-1bf0-4dda-aec3-cb9272f09590/resourceGroups/sdktestrg420/providers/Microsoft.KeyVault/vaults/sdktestvault7780",
        "name": "sdktestvault7780",
        "type": "Microsoft.KeyVault/vaults",
        "location": "North Central US",
        "tags": {
          "tag1": "value1",
          "tag2": "value2",
          "tag3": "value3"
        },
        "properties": {
          "sku": {
            "family": "A",
            "name": "standard"
          },
          "tenantId": "54826b22-38d6-4fb2-bad9-b7b93a3e9c5a",
          "networkAcls": {
            "bypass": "AzureServices",
            "defaultAction": "Allow",
            "ipRules": [
              {
                "value": "1.2.3.4/32"
              },
              {
                "value": "1.0.0.0/25"
              }
            ],
            "virtualNetworkRules": []
          },
          "accessPolicies": [
            {
              "tenantId": "54826b22-38d6-4fb2-bad9-b7b93a3e9c5a",
              "objectId": "1aa92e15-ee4e-4dda-9e61-5b4dc35d280b",
              "applicationId": "c445f1d5-499c-45ee-a5ff-024d36ade650",
              "permissions": {
                "keys": [
                  "all"
                ],
                "secrets": [
                  "all"
                ],
                "certificates": [
                  "all"
                ],
                "storage": [
                  "all"
                ]
              }
            }
          ],
          "enabledForDeployment": true,
          "enabledForDiskEncryption": true,
          "enabledForTemplateDeployment": true,
          "enableSoftDelete": true,
          "vaultUri": "https://sdktestvault7780.vault.azure.net/",
          "provisioningState": "RegisteringDns"
        }
      }
    },
    {
      "RequestUri": "https://management.azure.com/subscriptions/0b1f6471-1bf0-4dda-aec3-cb9272f09590/resourceGroups/sdktestrg420/providers/Microsoft.KeyVault/vaults/sdktestvault7780?api-version=2019-09-01",
      "RequestMethod": "GET",
      "RequestHeaders": {
        "Authorization": "Sanitized",
        "User-Agent": "azsdk-net-ResourceManager.KeyVault/1.0.0-alpha.20200924.1 (.NET Framework 4.8.4220.0; Microsoft Windows 10.0.19041 )",
        "x-ms-client-request-id": "43bb2efaf6589d9c929c8ac00c5a4787",
        "x-ms-return-client-request-id": "true"
      },
      "RequestBody": null,
      "StatusCode": 200,
      "ResponseHeaders": {
        "Cache-Control": "no-cache",
        "Content-Length": "1014",
        "Content-Type": "application/json; charset=utf-8",
        "Date": "Thu, 24 Sep 2020 09:21:51 GMT",
        "Expires": "-1",
        "Pragma": "no-cache",
        "Server": "Microsoft-IIS/10.0",
        "Strict-Transport-Security": "max-age=31536000; includeSubDomains",
        "X-AspNet-Version": "4.0.30319",
        "X-Content-Type-Options": "nosniff",
        "x-ms-correlation-request-id": "44e7b2a2-8390-4e4c-a259-bbc28394a85f",
        "x-ms-keyvault-service-version": "1.1.77.0",
        "x-ms-ratelimit-remaining-subscription-reads": "11860",
        "x-ms-request-id": "199a1f92-fe5d-4334-b678-9a88c8cc08ae",
        "x-ms-routing-request-id": "SOUTHEASTASIA:20200924T092151Z:44e7b2a2-8390-4e4c-a259-bbc28394a85f",
        "X-Powered-By": "ASP.NET"
      },
      "ResponseBody": {
        "id": "/subscriptions/0b1f6471-1bf0-4dda-aec3-cb9272f09590/resourceGroups/sdktestrg420/providers/Microsoft.KeyVault/vaults/sdktestvault7780",
        "name": "sdktestvault7780",
        "type": "Microsoft.KeyVault/vaults",
        "location": "North Central US",
        "tags": {
          "tag1": "value1",
          "tag2": "value2",
          "tag3": "value3"
        },
        "properties": {
          "sku": {
            "family": "A",
            "name": "standard"
          },
          "tenantId": "54826b22-38d6-4fb2-bad9-b7b93a3e9c5a",
          "networkAcls": {
            "bypass": "AzureServices",
            "defaultAction": "Allow",
            "ipRules": [
              {
                "value": "1.2.3.4/32"
              },
              {
                "value": "1.0.0.0/25"
              }
            ],
            "virtualNetworkRules": []
          },
          "accessPolicies": [
            {
              "tenantId": "54826b22-38d6-4fb2-bad9-b7b93a3e9c5a",
              "objectId": "1aa92e15-ee4e-4dda-9e61-5b4dc35d280b",
              "applicationId": "c445f1d5-499c-45ee-a5ff-024d36ade650",
              "permissions": {
                "keys": [
                  "all"
                ],
                "secrets": [
                  "all"
                ],
                "certificates": [
                  "all"
                ],
                "storage": [
                  "all"
                ]
              }
            }
          ],
          "enabledForDeployment": true,
          "enabledForDiskEncryption": true,
          "enabledForTemplateDeployment": true,
          "enableSoftDelete": true,
          "vaultUri": "https://sdktestvault7780.vault.azure.net/",
          "provisioningState": "Succeeded"
        }
      }
    },
    {
      "RequestUri": "https://management.azure.com/subscriptions/0b1f6471-1bf0-4dda-aec3-cb9272f09590/resourceGroups/sdktestrg420/providers/Microsoft.KeyVault/vaults/sdktestvault7780?api-version=2019-09-01",
      "RequestMethod": "GET",
      "RequestHeaders": {
        "Accept": "application/json",
        "Authorization": "Sanitized",
        "traceparent": "00-c173d0526a85964088a9d4b6407d9f14-715a450d4d8c6441-00",
        "User-Agent": "azsdk-net-ResourceManager.KeyVault/1.0.0-alpha.20200924.1 (.NET Framework 4.8.4220.0; Microsoft Windows 10.0.19041 )",
        "x-ms-client-request-id": "0c1a6de3be7e9f75ecb24c33944eeb74",
        "x-ms-return-client-request-id": "true"
      },
      "RequestBody": null,
      "StatusCode": 200,
      "ResponseHeaders": {
        "Cache-Control": "no-cache",
        "Content-Length": "1014",
        "Content-Type": "application/json; charset=utf-8",
        "Date": "Thu, 24 Sep 2020 09:21:52 GMT",
        "Expires": "-1",
        "Pragma": "no-cache",
        "Server": "Microsoft-IIS/10.0",
        "Strict-Transport-Security": "max-age=31536000; includeSubDomains",
        "X-AspNet-Version": "4.0.30319",
        "X-Content-Type-Options": "nosniff",
        "x-ms-correlation-request-id": "1ca5db7f-27ac-4451-a090-4b8ec12ccb02",
        "x-ms-keyvault-service-version": "1.1.77.0",
        "x-ms-ratelimit-remaining-subscription-reads": "11859",
        "x-ms-request-id": "7b946716-951e-4801-b152-8e4c0d5b4c12",
        "x-ms-routing-request-id": "SOUTHEASTASIA:20200924T092152Z:1ca5db7f-27ac-4451-a090-4b8ec12ccb02",
        "X-Powered-By": "ASP.NET"
      },
      "ResponseBody": {
        "id": "/subscriptions/0b1f6471-1bf0-4dda-aec3-cb9272f09590/resourceGroups/sdktestrg420/providers/Microsoft.KeyVault/vaults/sdktestvault7780",
        "name": "sdktestvault7780",
        "type": "Microsoft.KeyVault/vaults",
        "location": "North Central US",
        "tags": {
          "tag1": "value1",
          "tag2": "value2",
          "tag3": "value3"
        },
        "properties": {
          "sku": {
            "family": "A",
            "name": "standard"
          },
          "tenantId": "54826b22-38d6-4fb2-bad9-b7b93a3e9c5a",
          "networkAcls": {
            "bypass": "AzureServices",
            "defaultAction": "Allow",
            "ipRules": [
              {
                "value": "1.2.3.4/32"
              },
              {
                "value": "1.0.0.0/25"
              }
            ],
            "virtualNetworkRules": []
          },
          "accessPolicies": [
            {
              "tenantId": "54826b22-38d6-4fb2-bad9-b7b93a3e9c5a",
              "objectId": "1aa92e15-ee4e-4dda-9e61-5b4dc35d280b",
              "applicationId": "c445f1d5-499c-45ee-a5ff-024d36ade650",
              "permissions": {
                "keys": [
                  "all"
                ],
                "secrets": [
                  "all"
                ],
                "certificates": [
                  "all"
                ],
                "storage": [
                  "all"
                ]
              }
            }
          ],
          "enabledForDeployment": true,
          "enabledForDiskEncryption": true,
          "enabledForTemplateDeployment": true,
          "enableSoftDelete": true,
          "vaultUri": "https://sdktestvault7780.vault.azure.net/",
          "provisioningState": "Succeeded"
        }
      }
    },
    {
      "RequestUri": "https://management.azure.com/subscriptions/0b1f6471-1bf0-4dda-aec3-cb9272f09590/resourceGroups/sdktestrg420/providers/Microsoft.KeyVault/vaults/sdktestvault7780?api-version=2019-09-01",
      "RequestMethod": "DELETE",
      "RequestHeaders": {
        "Authorization": "Sanitized",
        "traceparent": "00-23c035d22385d34bab29732b21524d92-b2ab8bed9cc3ab41-00",
        "User-Agent": "azsdk-net-ResourceManager.KeyVault/1.0.0-alpha.20200924.1 (.NET Framework 4.8.4220.0; Microsoft Windows 10.0.19041 )",
        "x-ms-client-request-id": "39ed9918501595d3546fb534e5632531",
        "x-ms-return-client-request-id": "true"
      },
      "RequestBody": null,
      "StatusCode": 200,
      "ResponseHeaders": {
        "Cache-Control": "no-cache",
        "Content-Length": "0",
        "Date": "Thu, 24 Sep 2020 09:21:56 GMT",
        "Expires": "-1",
        "Pragma": "no-cache",
        "Server": "Microsoft-IIS/10.0",
        "Strict-Transport-Security": "max-age=31536000; includeSubDomains",
        "X-AspNet-Version": "4.0.30319",
        "X-Content-Type-Options": "nosniff",
        "x-ms-correlation-request-id": "26684656-43d3-4ab7-b2ff-7ad2af3a27e4",
        "x-ms-keyvault-service-version": "1.1.77.0",
        "x-ms-ratelimit-remaining-subscription-deletes": "14983",
        "x-ms-request-id": "75b78f93-ff66-4c45-92bb-42d434df7cf6",
        "x-ms-routing-request-id": "SOUTHEASTASIA:20200924T092156Z:26684656-43d3-4ab7-b2ff-7ad2af3a27e4",
        "X-Powered-By": "ASP.NET"
      },
      "ResponseBody": []
    },
    {
      "RequestUri": "https://management.azure.com/subscriptions/0b1f6471-1bf0-4dda-aec3-cb9272f09590/resourceGroups/sdktestrg420/providers/Microsoft.KeyVault/vaults/sdktestvault7780?api-version=2019-09-01",
      "RequestMethod": "GET",
      "RequestHeaders": {
        "Accept": "application/json",
        "Authorization": "Sanitized",
        "traceparent": "00-393a91529804b04888e748360ef6e4f3-36a7f467f15e9844-00",
        "User-Agent": "azsdk-net-ResourceManager.KeyVault/1.0.0-alpha.20200924.1 (.NET Framework 4.8.4220.0; Microsoft Windows 10.0.19041 )",
        "x-ms-client-request-id": "4d0c6346f49d3c57b91c56a6a9680844",
        "x-ms-return-client-request-id": "true"
      },
      "RequestBody": null,
      "StatusCode": 404,
      "ResponseHeaders": {
        "Cache-Control": "no-cache",
        "Content-Length": "226",
        "Content-Type": "application/json; charset=utf-8",
        "Date": "Thu, 24 Sep 2020 09:21:57 GMT",
        "Expires": "-1",
        "Pragma": "no-cache",
        "Strict-Transport-Security": "max-age=31536000; includeSubDomains",
        "X-Content-Type-Options": "nosniff",
        "x-ms-correlation-request-id": "86ad2723-7c77-43a9-9dbb-242f36251cc1",
        "x-ms-failure-cause": "gateway",
        "x-ms-request-id": "86ad2723-7c77-43a9-9dbb-242f36251cc1",
        "x-ms-routing-request-id": "SOUTHEASTASIA:20200924T092157Z:86ad2723-7c77-43a9-9dbb-242f36251cc1"
      },
      "ResponseBody": {
        "error": {
          "code": "ResourceNotFound",
          "message": "The Resource \u0027Microsoft.KeyVault/vaults/sdktestvault7780\u0027 under resource group \u0027sdktestrg420\u0027 was not found. For more details please go to https://aka.ms/ARMResourceNotFoundFix"
        }
      }
    }
  ],
  "Variables": {
    "CLIENT_ID": "c445f1d5-499c-45ee-a5ff-024d36ade650",
    "ObjectId": "1aa92e15-ee4e-4dda-9e61-5b4dc35d280b",
    "RandomSeed": "1033828089",
    "SUBSCRIPTION_ID": "0b1f6471-1bf0-4dda-aec3-cb9272f09590",
    "TENANT_ID": "54826b22-38d6-4fb2-bad9-b7b93a3e9c5a"
  }
}