{
  "Entries": [
    {
      "RequestUri": "https://management.azure.com/subscriptions/db1ab6f0-4769-4b27-930e-01e2ef9c123c?api-version=2021-01-01",
      "RequestMethod": "GET",
      "RequestHeaders": {
        "Accept": "application/json",
        "Authorization": "Sanitized",
        "traceparent": "00-99ff36b4f92b8e18c76909477b658568-bb8cd3e8e2dc5b55-00",
        "User-Agent": "azsdk-net-ResourceManager/1.4.0 (.NET 7.0.4; Microsoft Windows 10.0.22621)",
        "x-ms-client-request-id": "36a989d7d884b75b21774541815f3891",
        "x-ms-return-client-request-id": "true"
      },
      "RequestBody": null,
      "StatusCode": 200,
      "ResponseHeaders": {
        "Cache-Control": "no-cache",
        "Content-Length": "748",
        "Content-Type": "application/json; charset=utf-8",
        "Date": "Fri, 24 Mar 2023 06:46:27 GMT",
        "Expires": "-1",
        "Pragma": "no-cache",
        "Strict-Transport-Security": "max-age=31536000; includeSubDomains",
        "X-Content-Type-Options": "nosniff",
        "x-ms-correlation-request-id": "f251a235-3a9d-4afa-9f79-640639260c95",
        "x-ms-ratelimit-remaining-subscription-reads": "11957",
        "x-ms-request-id": "f251a235-3a9d-4afa-9f79-640639260c95",
        "x-ms-routing-request-id": "SOUTHEASTASIA:20230324T064627Z:f251a235-3a9d-4afa-9f79-640639260c95"
      },
      "ResponseBody": {
        "id": "/subscriptions/db1ab6f0-4769-4b27-930e-01e2ef9c123c",
        "authorizationSource": "RoleBased",
        "managedByTenants": [],
        "tags": {
          "TagKey-9823": "TagValue-1254",
          "TagKey-3481": "TagValue-320",
          "TagKey-4926": "TagValue-1187",
          "TagKey-751": "TagValue-3921",
          "TagKey-1866": "TagValue-8559",
          "TagKey-3094": "TagValue-9190",
          "TagKey-2449": "TagValue-9",
          "TagKey-8379": "TagValue-164",
          "TagKey-7470": "TagValue-2205",
          "TagKey-4236": "TagValue-3698",
          "TagKey-5316": "TagValue-2725"
        },
        "subscriptionId": "db1ab6f0-4769-4b27-930e-01e2ef9c123c",
        "tenantId": "72f988bf-86f1-41af-91ab-2d7cd011db47",
        "displayName": ".NET Mgmt SDK Test with TTL = 1 Day",
        "state": "Enabled",
        "subscriptionPolicies": {
          "locationPlacementId": "Internal_2014-09-01",
          "quotaId": "Internal_2014-09-01",
          "spendingLimit": "Off"
        }
      }
    },
    {
      "RequestUri": "https://management.azure.com/subscriptions/db1ab6f0-4769-4b27-930e-01e2ef9c123c/resourcegroups/SecurityCenterRG7805?api-version=**",
      "RequestMethod": "PUT",
      "RequestHeaders": {
        "Accept": "application/json",
        "Authorization": "Sanitized",
        "Content-Length": "24",
        "Content-Type": "application/json",
        "traceparent": "00-5bf0bda128e655a3a15dddd275a65f48-62f5341e1a3502a3-00",
        "User-Agent": "azsdk-net-ResourceManager/1.4.0 (.NET 7.0.4; Microsoft Windows 10.0.22621)",
        "x-ms-client-request-id": "12dc731353dfecac55e1d7243e6b27f9",
        "x-ms-return-client-request-id": "true"
      },
      "RequestBody": {
        "location": "centralus"
      },
      "StatusCode": 201,
      "ResponseHeaders": {
        "Cache-Control": "no-cache",
        "Content-Length": "240",
        "Content-Type": "application/json; charset=utf-8",
        "Date": "Fri, 24 Mar 2023 06:46:28 GMT",
        "Expires": "-1",
        "Pragma": "no-cache",
        "Strict-Transport-Security": "max-age=31536000; includeSubDomains",
        "X-Content-Type-Options": "nosniff",
        "x-ms-correlation-request-id": "3e227674-d2d5-4e9c-86ec-72349eedca1f",
        "x-ms-ratelimit-remaining-subscription-writes": "1178",
        "x-ms-request-id": "3e227674-d2d5-4e9c-86ec-72349eedca1f",
        "x-ms-routing-request-id": "SOUTHEASTASIA:20230324T064629Z:3e227674-d2d5-4e9c-86ec-72349eedca1f"
      },
      "ResponseBody": {
        "id": "/subscriptions/db1ab6f0-4769-4b27-930e-01e2ef9c123c/resourceGroups/SecurityCenterRG7805",
        "name": "SecurityCenterRG7805",
        "type": "Microsoft.Resources/resourceGroups",
        "location": "centralus",
        "properties": {
          "provisioningState": "Succeeded"
        }
      }
    },
    {
      "RequestUri": "https://management.azure.com/subscriptions/db1ab6f0-4769-4b27-930e-01e2ef9c123c/resourceGroups/SecurityCenterRG7805/providers/Microsoft.Security/locations/centralus/jitNetworkAccessPolicies/jit7533?api-version=2020-01-01",
      "RequestMethod": "PUT",
      "RequestHeaders": {
        "Accept": "application/json",
        "Authorization": "Sanitized",
        "Content-Length": "318",
        "Content-Type": "application/json",
        "traceparent": "00-540e74c0f16000745c9802d62fb4e226-f8cab6353f0a5e01-00",
        "User-Agent": "azsdk-net-ResourceManager.SecurityCenter/1.2.0-alpha.20230324.1 (.NET 7.0.4; Microsoft Windows 10.0.22621)",
        "x-ms-client-request-id": "d62e0832fbe93ffdc7198e4c3621423f",
        "x-ms-return-client-request-id": "true"
      },
      "RequestBody": {
        "kind": "Basic",
        "properties": {
          "virtualMachines": [
            {
              "id": "/subscriptions/db1ab6f0-4769-4b27-930e-01e2ef9c123c/resourceGroups/SecurityCenterRG7805/providers/Microsoft.Compute/virtualMachines/vm584",
              "ports": [
                {
                  "number": 8080,
                  "protocol": "TCP",
                  "allowedSourceAddressPrefix": "192.168.0.5",
                  "maxRequestAccessDuration": "PT5H"
                }
              ]
            }
          ]
        }
      },
      "StatusCode": 200,
      "ResponseHeaders": {
        "Cache-Control": "no-cache",
        "Content-Length": "662",
        "Content-Type": "application/json; charset=utf-8",
        "Date": "Fri, 24 Mar 2023 06:47:44 GMT",
        "Expires": "-1",
        "Pragma": "no-cache",
        "Server": "Kestrel",
        "Strict-Transport-Security": "max-age=31536000; includeSubDomains",
        "X-Content-Type-Options": "nosniff",
        "x-ms-correlation-request-id": "8306af76-b4ac-44d8-bdfc-f487a4ee05d7",
        "x-ms-ratelimit-remaining-subscription-writes": "1172",
        "x-ms-request-id": "",
        "x-ms-routing-request-id": "SOUTHEASTASIA:20230324T064745Z:8306af76-b4ac-44d8-bdfc-f487a4ee05d7"
      },
      "ResponseBody": {
        "kind": "Basic",
        "properties": {
          "virtualMachines": [
            {
              "id": "/subscriptions/db1ab6f0-4769-4b27-930e-01e2ef9c123c/resourceGroups/SecurityCenterRG7805/providers/Microsoft.Compute/virtualMachines/vm584",
              "ports": [
                {
                  "number": 8080,
                  "protocol": "TCP",
                  "allowedSourceAddressPrefix": "192.168.0.5",
                  "maxRequestAccessDuration": "PT5H"
                }
              ]
            }
          ],
          "requests": [],
          "provisioningState": "Updating",
          "appendMode": false
        },
        "id": "/subscriptions/db1ab6f0-4769-4b27-930e-01e2ef9c123c/resourceGroups/SecurityCenterRG7805/providers/Microsoft.Security/locations/centralus/jitNetworkAccessPolicies/jit7533",
        "name": "jit7533",
        "type": "Microsoft.Security/locations/jitNetworkAccessPolicies",
        "location": "centralus"
      }
    },
    {
      "RequestUri": "https://management.azure.com/subscriptions/db1ab6f0-4769-4b27-930e-01e2ef9c123c/resourceGroups/SecurityCenterRG7805/providers/Microsoft.Security/locations/centralus/jitNetworkAccessPolicies?api-version=2020-01-01",
      "RequestMethod": "GET",
      "RequestHeaders": {
        "Accept": "application/json",
        "Authorization": "Sanitized",
        "traceparent": "00-5bdae29fb9b736d408e0d12840ec57ff-a518ad97c2e550f6-00",
        "User-Agent": "azsdk-net-ResourceManager.SecurityCenter/1.2.0-alpha.20230324.1 (.NET 7.0.4; Microsoft Windows 10.0.22621)",
        "x-ms-client-request-id": "b85d3291124c616a6d6bb63db5dab633",
        "x-ms-return-client-request-id": "true"
      },
      "RequestBody": null,
      "StatusCode": 200,
      "ResponseHeaders": {
        "Cache-Control": "no-cache",
        "Content-Length": "674",
        "Content-Type": "application/json; charset=utf-8",
        "Date": "Fri, 24 Mar 2023 06:47:45 GMT",
        "Expires": "-1",
        "Pragma": "no-cache",
        "Server": "Kestrel",
        "Strict-Transport-Security": "max-age=31536000; includeSubDomains",
        "X-Content-Type-Options": "nosniff",
        "x-ms-correlation-request-id": "c1237a86-6941-43d8-9763-91ad0a8c88b1",
        "x-ms-ratelimit-remaining-subscription-resource-requests": "745",
        "x-ms-request-id": "c1237a86-6941-43d8-9763-91ad0a8c88b1",
        "x-ms-routing-request-id": "SOUTHEASTASIA:20230324T064745Z:c1237a86-6941-43d8-9763-91ad0a8c88b1"
      },
      "ResponseBody": {
        "value": [
          {
            "kind": "Basic",
            "properties": {
              "virtualMachines": [
                {
                  "id": "/subscriptions/db1ab6f0-4769-4b27-930e-01e2ef9c123c/resourceGroups/SecurityCenterRG7805/providers/Microsoft.Compute/virtualMachines/vm584",
                  "ports": [
                    {
                      "number": 8080,
                      "protocol": "TCP",
                      "allowedSourceAddressPrefix": "192.168.0.5",
                      "maxRequestAccessDuration": "PT5H"
                    }
                  ]
                }
              ],
              "requests": [],
              "provisioningState": "Updating",
              "appendMode": false
            },
            "id": "/subscriptions/db1ab6f0-4769-4b27-930e-01e2ef9c123c/resourceGroups/SecurityCenterRG7805/providers/Microsoft.Security/locations/centralus/jitNetworkAccessPolicies/jit7533",
            "name": "jit7533",
            "type": "Microsoft.Security/locations/jitNetworkAccessPolicies",
            "location": "centralus"
          }
        ]
      }
    }
  ],
  "Variables": {
    "AZURE_AUTHORITY_HOST": "https://login.microsoftonline.com",
    "RandomSeed": "237454436",
    "RESOURCE_MANAGER_URL": null,
    "SUBSCRIPTION_ID": "db1ab6f0-4769-4b27-930e-01e2ef9c123c"
  }
}
