{
  "Entries": [
    {
      "RequestUri": "https://amandadev3.blob.core.windows.net/test-container-ff64b09f-c9f1-8489-3660-4eeb61e48216?restype=container",
      "RequestMethod": "PUT",
      "RequestHeaders": {
        "Accept": "application/xml",
        "Authorization": "Sanitized",
        "Content-Length": "0",
        "traceparent": "00-ee9c9156f0a4a5c78f03d976a556fb56-4d45e6c3a82ec753-00",
        "User-Agent": "azsdk-net-Storage.Blobs/12.14.0-alpha.20220726.1 (.NET 6.0.7; Microsoft Windows 10.0.22000)",
        "x-ms-blob-public-access": "container",
        "x-ms-client-request-id": "00dc68fe-b799-cbe4-e97d-3c69129ce1d4",
        "x-ms-date": "Wed, 27 Jul 2022 05:59:54 GMT",
        "x-ms-return-client-request-id": "true",
        "x-ms-version": "2021-10-04"
      },
      "RequestBody": null,
      "StatusCode": 201,
      "ResponseHeaders": {
        "Content-Length": "0",
        "Date": "Wed, 27 Jul 2022 05:59:55 GMT",
        "ETag": "\u00220x8DA6F953B1A254F\u0022",
        "Last-Modified": "Wed, 27 Jul 2022 05:59:55 GMT",
        "Server": [
          "Windows-Azure-Blob/1.0",
          "Microsoft-HTTPAPI/2.0"
        ],
        "x-ms-client-request-id": "00dc68fe-b799-cbe4-e97d-3c69129ce1d4",
        "x-ms-request-id": "78d68126-e01e-0031-717e-a1acb3000000",
        "x-ms-version": "2021-10-04"
      },
      "ResponseBody": null
    },
    {
      "RequestUri": "https://amandadev3.blob.core.windows.net/test-container-ff64b09f-c9f1-8489-3660-4eeb61e48216/test-blob-73017295-61c9-4388-b86c-0691972786c2",
      "RequestMethod": "PUT",
      "RequestHeaders": {
        "Accept": "application/xml",
        "Authorization": "Sanitized",
        "Content-Length": "0",
        "traceparent": "00-9afe3a7839f3813b224699829909ef4c-56ed375d27e42d33-00",
        "User-Agent": "azsdk-net-Storage.Blobs/12.14.0-alpha.20220726.1 (.NET 6.0.7; Microsoft Windows 10.0.22000)",
        "x-ms-blob-type": "AppendBlob",
        "x-ms-client-request-id": "f8ec9c3e-8107-ca7c-d520-a8ae48d1b238",
        "x-ms-date": "Wed, 27 Jul 2022 05:59:54 GMT",
        "x-ms-return-client-request-id": "true",
        "x-ms-version": "2021-10-04"
      },
      "RequestBody": null,
      "StatusCode": 201,
      "ResponseHeaders": {
        "Content-Length": "0",
        "Date": "Wed, 27 Jul 2022 05:59:55 GMT",
        "ETag": "\u00220x8DA6F953B25B1A9\u0022",
        "Last-Modified": "Wed, 27 Jul 2022 05:59:55 GMT",
        "Server": [
          "Windows-Azure-Blob/1.0",
          "Microsoft-HTTPAPI/2.0"
        ],
        "x-ms-client-request-id": "f8ec9c3e-8107-ca7c-d520-a8ae48d1b238",
        "x-ms-request-id": "78d6812d-e01e-0031-777e-a1acb3000000",
        "x-ms-request-server-encrypted": "true",
        "x-ms-version": "2021-10-04",
        "x-ms-version-id": "2022-07-27T05:59:55.9482793Z"
      },
      "ResponseBody": null
    },
    {
      "RequestUri": "https://amandadev3.blob.core.windows.net/test-container-ff64b09f-c9f1-8489-3660-4eeb61e48216?restype=container",
      "RequestMethod": "DELETE",
      "RequestHeaders": {
        "Accept": "application/xml",
        "Authorization": "Sanitized",
        "traceparent": "00-e7b94ca75c69076664cb4bcb0b3da8f7-cdc286faec66b682-00",
        "User-Agent": "azsdk-net-Storage.Blobs/12.14.0-alpha.20220726.1 (.NET 6.0.7; Microsoft Windows 10.0.22000)",
        "x-ms-client-request-id": "762ac0b2-e8b0-68cc-7345-07194de7d1a4",
        "x-ms-date": "Wed, 27 Jul 2022 05:59:54 GMT",
        "x-ms-return-client-request-id": "true",
        "x-ms-version": "2021-10-04"
      },
      "RequestBody": null,
      "StatusCode": 202,
      "ResponseHeaders": {
        "Content-Length": "0",
        "Date": "Wed, 27 Jul 2022 05:59:55 GMT",
        "Server": [
          "Windows-Azure-Blob/1.0",
          "Microsoft-HTTPAPI/2.0"
        ],
        "x-ms-client-request-id": "762ac0b2-e8b0-68cc-7345-07194de7d1a4",
        "x-ms-request-id": "78d6813b-e01e-0031-027e-a1acb3000000",
        "x-ms-version": "2021-10-04"
      },
      "ResponseBody": null
    }
  ],
  "Variables": {
    "DateTimeOffsetNow": "2022-07-26T22:59:54.2180472-07:00",
    "RandomSeed": "670889715",
    "Storage_TestConfigDefault": "ProductionTenant\namandadev3\nU2FuaXRpemVk\nhttps://amandadev3.blob.core.windows.net\nhttps://amandadev3.file.core.windows.net\nhttps://amandadev3.queue.core.windows.net\nhttps://amandadev3.table.core.windows.net\n\n\n\n\nhttps://amandadev3-secondary.core.windows.net\nhttps://amandadev3-secondary.file.core.windows.net\nhttps://amandadev3-secondary.queue.core.windows.net\nhttps://amandadev3-secondary.table.core.windows.net\n\nSanitized\n\n\nCloud\nBlobEndpoint=https://amandadev3.blob.core.windows.net/;QueueEndpoint=https://amandadev3.queue.core.windows.net/;FileEndpoint=https://amandadev3.file.core.windows.net/;BlobSecondaryEndpoint=https://amandadev3-secondary.core.windows.net/;QueueSecondaryEndpoint=https://amandadev3-secondary.queue.core.windows.net/;FileSecondaryEndpoint=https://amandadev3-secondary.file.core.windows.net/;AccountName=amandadev3;AccountKey=Sanitized\nencryptionScope1\n\n"
  }
}
