{
  "Entries": [
    {
      "RequestUri": "https://seancanaryversioning.blob.core.windows.net/test-container-c1d621e6-fcd7-c6fb-9f2d-daa31714dccc?restype=container",
      "RequestMethod": "PUT",
      "RequestHeaders": {
        "Accept": "application/xml",
        "Authorization": "Sanitized",
        "Content-Length": "0",
        "traceparent": "00-c938511f6692f836d1aff03077853e23-4b027f6eb6d65991-00",
        "User-Agent": "azsdk-net-Storage.Blobs/12.14.0-alpha.20220714.1 (.NET 6.0.7; Microsoft Windows 10.0.19044)",
        "x-ms-blob-public-access": "container",
        "x-ms-client-request-id": "d30d2c98-2de3-d246-ec8c-cfcf0ee2b735",
        "x-ms-date": "Thu, 14 Jul 2022 15:21:26 GMT",
        "x-ms-return-client-request-id": "true",
        "x-ms-version": "2021-10-04"
      },
      "RequestBody": null,
      "StatusCode": 201,
      "ResponseHeaders": {
        "Content-Length": "0",
        "Date": "Thu, 14 Jul 2022 15:21:25 GMT",
        "ETag": "\u00220x8DA65AC85076669\u0022",
        "Last-Modified": "Thu, 14 Jul 2022 15:21:26 GMT",
        "Server": [
          "Windows-Azure-Blob/1.0",
          "Microsoft-HTTPAPI/2.0"
        ],
        "x-ms-client-request-id": "d30d2c98-2de3-d246-ec8c-cfcf0ee2b735",
        "x-ms-request-id": "23bbc2f8-e01e-0021-2295-9769db000000",
        "x-ms-version": "2021-10-04"
      },
      "ResponseBody": null
    },
    {
      "RequestUri": "https://seancanaryversioning.blob.core.windows.net/test-container-c1d621e6-fcd7-c6fb-9f2d-daa31714dccc/test-blob-a61849ec-c19a-1477-6bdd-f27607cbd3f7",
      "RequestMethod": "PUT",
      "RequestHeaders": {
        "Accept": "application/xml",
        "Authorization": "Sanitized",
        "Content-Length": "0",
        "traceparent": "00-e1eb875e582f42a1f60a1db873e904c8-0b2c657c16138e26-00",
        "User-Agent": "azsdk-net-Storage.Blobs/12.14.0-alpha.20220714.1 (.NET 6.0.7; Microsoft Windows 10.0.19044)",
        "x-ms-blob-type": "AppendBlob",
        "x-ms-client-request-id": "a943bea8-608f-d79f-b5f9-68063acfcb20",
        "x-ms-date": "Thu, 14 Jul 2022 15:21:26 GMT",
        "x-ms-return-client-request-id": "true",
        "x-ms-version": "2021-10-04"
      },
      "RequestBody": null,
      "StatusCode": 201,
      "ResponseHeaders": {
        "Content-Length": "0",
        "Date": "Thu, 14 Jul 2022 15:21:26 GMT",
        "ETag": "\u00220x8DA65AC8510F178\u0022",
        "Last-Modified": "Thu, 14 Jul 2022 15:21:26 GMT",
        "Server": [
          "Windows-Azure-Blob/1.0",
          "Microsoft-HTTPAPI/2.0"
        ],
        "x-ms-client-request-id": "a943bea8-608f-d79f-b5f9-68063acfcb20",
        "x-ms-request-id": "23bbc301-e01e-0021-2a95-9769db000000",
        "x-ms-request-server-encrypted": "true",
        "x-ms-version": "2021-10-04",
        "x-ms-version-id": "2022-07-14T15:21:26.7606904Z"
      },
      "ResponseBody": null
    },
    {
      "RequestUri": "https://seancanaryversioning.blob.core.windows.net/test-container-c1d621e6-fcd7-c6fb-9f2d-daa31714dccc/test-blob-a61849ec-c19a-1477-6bdd-f27607cbd3f7?sv=2023-01-03\u0026ss=bqtf\u0026srt=cos\u0026se=2022-07-15T15%3A21%3A26Z\u0026sp=rwdylacuptfi\u0026sig=Sanitized",
      "RequestMethod": "HEAD",
      "RequestHeaders": {
        "Accept": "application/xml",
        "traceparent": "00-dbd33a9fe264cdc0684a79ee79614be2-b76edf1d3edf5285-00",
        "User-Agent": "azsdk-net-Storage.Blobs/12.14.0-alpha.20220714.1 (.NET 6.0.7; Microsoft Windows 10.0.19044)",
        "x-ms-client-request-id": "49ce05f2-2a88-c767-0132-350da0e3e7a0",
        "x-ms-return-client-request-id": "true",
        "x-ms-version": "2021-10-04"
      },
      "RequestBody": null,
      "StatusCode": 200,
      "ResponseHeaders": {
        "Accept-Ranges": "bytes",
        "Content-Length": "0",
        "Content-Type": "application/octet-stream",
        "Date": "Thu, 14 Jul 2022 15:21:26 GMT",
        "ETag": "\u00220x8DA65AC8510F178\u0022",
        "Last-Modified": "Thu, 14 Jul 2022 15:21:26 GMT",
        "Server": [
          "Windows-Azure-Blob/1.0",
          "Microsoft-HTTPAPI/2.0"
        ],
        "x-ms-blob-committed-block-count": "0",
        "x-ms-blob-type": "AppendBlob",
        "x-ms-client-request-id": "49ce05f2-2a88-c767-0132-350da0e3e7a0",
        "x-ms-creation-time": "Thu, 14 Jul 2022 15:21:26 GMT",
        "x-ms-is-current-version": "true",
        "x-ms-lease-state": "available",
        "x-ms-lease-status": "unlocked",
        "x-ms-request-id": "23bbc30a-e01e-0021-3395-9769db000000",
        "x-ms-server-encrypted": "true",
        "x-ms-version": "2021-10-04",
        "x-ms-version-id": "2022-07-14T15:21:26.7606904Z"
      },
      "ResponseBody": null
    },
    {
      "RequestUri": "https://seancanaryversioning.blob.core.windows.net/test-container-c1d621e6-fcd7-c6fb-9f2d-daa31714dccc?restype=container",
      "RequestMethod": "DELETE",
      "RequestHeaders": {
        "Accept": "application/xml",
        "Authorization": "Sanitized",
        "traceparent": "00-0f53e33cbaf5fdc1c15272f634f0a77e-5a5931a64bab2668-00",
        "User-Agent": "azsdk-net-Storage.Blobs/12.14.0-alpha.20220714.1 (.NET 6.0.7; Microsoft Windows 10.0.19044)",
        "x-ms-client-request-id": "3513e1e7-8101-8d98-71e0-6da59620437c",
        "x-ms-date": "Thu, 14 Jul 2022 15:21:26 GMT",
        "x-ms-return-client-request-id": "true",
        "x-ms-version": "2021-10-04"
      },
      "RequestBody": null,
      "StatusCode": 202,
      "ResponseHeaders": {
        "Content-Length": "0",
        "Date": "Thu, 14 Jul 2022 15:21:26 GMT",
        "Server": [
          "Windows-Azure-Blob/1.0",
          "Microsoft-HTTPAPI/2.0"
        ],
        "x-ms-client-request-id": "3513e1e7-8101-8d98-71e0-6da59620437c",
        "x-ms-request-id": "23bbc314-e01e-0021-3c95-9769db000000",
        "x-ms-version": "2021-10-04"
      },
      "ResponseBody": null
    }
  ],
  "Variables": {
    "DateTimeOffsetNow": "2022-07-14T10:21:26.4535245-05:00",
    "RandomSeed": "2077700670",
    "Storage_TestConfigDefault": "ProductionTenant\nseancanaryversioning\nU2FuaXRpemVk\nhttps://seancanaryversioning.blob.core.windows.net\nhttps://seancanaryversioning.file.preprod.core.windows.net\nhttps://seancanaryversioning.queue.core.windows.net\nhttps://seancanaryversioning.table.core.windows.net\n\n\n\n\nhttps://seancanaryversioning-secondary.blob.core.windows.net\nhttps://seancanaryversioning-secondary.file.preprod.core.windows.net\nhttps://seancanaryversioning-secondary.queue.core.windows.net\nhttps://seancanaryversioning-secondary.table.core.windows.net\n\nSanitized\n\n\nCloud\nBlobEndpoint=https://seancanaryversioning.blob.core.windows.net/;QueueEndpoint=https://seancanaryversioning.queue.core.windows.net/;FileEndpoint=https://seancanaryversioning.file.preprod.core.windows.net/;BlobSecondaryEndpoint=https://seancanaryversioning-secondary.blob.core.windows.net/;QueueSecondaryEndpoint=https://seancanaryversioning-secondary.queue.core.windows.net/;FileSecondaryEndpoint=https://seancanaryversioning-secondary.file.preprod.core.windows.net/;AccountName=seancanaryversioning;AccountKey=Sanitized\nseanscope1\n\n"
  }
}
