{
  "Entries": [
    {
      "RequestUri": "https://amandadev3.blob.core.windows.net/test-container-9bb056cb-6eba-203b-4b23-be987a5c8b72?restype=container",
      "RequestMethod": "PUT",
      "RequestHeaders": {
        "Accept": "application/xml",
        "Authorization": "Sanitized",
        "Content-Length": "0",
        "traceparent": "00-a012119bb4e473329633fad3421f1e6d-f31aa99c6c225956-00",
        "User-Agent": "azsdk-net-Storage.Blobs/12.14.0-alpha.20220726.1 (.NET 6.0.7; Microsoft Windows 10.0.22000)",
        "x-ms-blob-public-access": "container",
        "x-ms-client-request-id": "87dedb66-896b-b67a-da54-bbf43125a0b7",
        "x-ms-date": "Wed, 27 Jul 2022 05:59:26 GMT",
        "x-ms-return-client-request-id": "true",
        "x-ms-version": "2021-10-04"
      },
      "RequestBody": null,
      "StatusCode": 201,
      "ResponseHeaders": {
        "Content-Length": "0",
        "Date": "Wed, 27 Jul 2022 05:59:27 GMT",
        "ETag": "\u00220x8DA6F952AC8167D\u0022",
        "Last-Modified": "Wed, 27 Jul 2022 05:59:28 GMT",
        "Server": [
          "Windows-Azure-Blob/1.0",
          "Microsoft-HTTPAPI/2.0"
        ],
        "x-ms-client-request-id": "87dedb66-896b-b67a-da54-bbf43125a0b7",
        "x-ms-request-id": "78d6731a-e01e-0031-0b7e-a1acb3000000",
        "x-ms-version": "2021-10-04"
      },
      "ResponseBody": null
    },
    {
      "RequestUri": "https://amandadev3.blob.core.windows.net/test-container-9bb056cb-6eba-203b-4b23-be987a5c8b72/test-blob-7429813e-6bd3-66f7-2c42-a47fd906dc77",
      "RequestMethod": "PUT",
      "RequestHeaders": {
        "Accept": "application/xml",
        "Authorization": "Sanitized",
        "Content-Length": "0",
        "traceparent": "00-98d0ba96d203b50a6211d3953153899b-da2b73e8240c307e-00",
        "User-Agent": "azsdk-net-Storage.Blobs/12.14.0-alpha.20220726.1 (.NET 6.0.7; Microsoft Windows 10.0.22000)",
        "x-ms-blob-type": "AppendBlob",
        "x-ms-client-request-id": "c2f6de99-08ab-fb1e-e478-5a29e5faddd4",
        "x-ms-date": "Wed, 27 Jul 2022 05:59:26 GMT",
        "x-ms-return-client-request-id": "true",
        "x-ms-version": "2021-10-04"
      },
      "RequestBody": null,
      "StatusCode": 201,
      "ResponseHeaders": {
        "Content-Length": "0",
        "Date": "Wed, 27 Jul 2022 05:59:27 GMT",
        "ETag": "\u00220x8DA6F952AD504BA\u0022",
        "Last-Modified": "Wed, 27 Jul 2022 05:59:28 GMT",
        "Server": [
          "Windows-Azure-Blob/1.0",
          "Microsoft-HTTPAPI/2.0"
        ],
        "x-ms-client-request-id": "c2f6de99-08ab-fb1e-e478-5a29e5faddd4",
        "x-ms-request-id": "78d67329-e01e-0031-177e-a1acb3000000",
        "x-ms-request-server-encrypted": "true",
        "x-ms-version": "2021-10-04",
        "x-ms-version-id": "2022-07-27T05:59:28.5760186Z"
      },
      "ResponseBody": null
    },
    {
      "RequestUri": "https://amandadev3.blob.core.windows.net/test-container-9bb056cb-6eba-203b-4b23-be987a5c8b72/test-blob-7429813e-6bd3-66f7-2c42-a47fd906dc77?sv=2021-10-04\u0026ss=bqtf\u0026srt=sco\u0026se=2022-07-28T05%3A59%3A26Z\u0026sp=cuprwdylatfi\u0026sig=Sanitized",
      "RequestMethod": "HEAD",
      "RequestHeaders": {
        "Accept": "application/xml",
        "traceparent": "00-48f988448bf85e07e54e88c7ed721db4-2abb37917ad2e289-00",
        "User-Agent": "azsdk-net-Storage.Blobs/12.14.0-alpha.20220726.1 (.NET 6.0.7; Microsoft Windows 10.0.22000)",
        "x-ms-client-request-id": "fae5d305-1a0f-9ecb-ae36-b904a9dc5b09",
        "x-ms-return-client-request-id": "true",
        "x-ms-version": "2021-10-04"
      },
      "RequestBody": null,
      "StatusCode": 200,
      "ResponseHeaders": {
        "Accept-Ranges": "bytes",
        "Content-Length": "0",
        "Content-Type": "application/octet-stream",
        "Date": "Wed, 27 Jul 2022 05:59:28 GMT",
        "ETag": "\u00220x8DA6F952AD504BA\u0022",
        "Last-Modified": "Wed, 27 Jul 2022 05:59:28 GMT",
        "Server": [
          "Windows-Azure-Blob/1.0",
          "Microsoft-HTTPAPI/2.0"
        ],
        "x-ms-blob-committed-block-count": "0",
        "x-ms-blob-type": "AppendBlob",
        "x-ms-client-request-id": "fae5d305-1a0f-9ecb-ae36-b904a9dc5b09",
        "x-ms-creation-time": "Wed, 27 Jul 2022 05:59:28 GMT",
        "x-ms-is-current-version": "true",
        "x-ms-lease-state": "available",
        "x-ms-lease-status": "unlocked",
        "x-ms-request-id": "78d6733a-e01e-0031-247e-a1acb3000000",
        "x-ms-server-encrypted": "true",
        "x-ms-version": "2021-10-04",
        "x-ms-version-id": "2022-07-27T05:59:28.5760186Z"
      },
      "ResponseBody": null
    },
    {
      "RequestUri": "https://amandadev3.blob.core.windows.net/test-container-9bb056cb-6eba-203b-4b23-be987a5c8b72?restype=container",
      "RequestMethod": "DELETE",
      "RequestHeaders": {
        "Accept": "application/xml",
        "Authorization": "Sanitized",
        "traceparent": "00-a876cb119c9b737ea9ee411b4bff9cdd-4e101011528dadfa-00",
        "User-Agent": "azsdk-net-Storage.Blobs/12.14.0-alpha.20220726.1 (.NET 6.0.7; Microsoft Windows 10.0.22000)",
        "x-ms-client-request-id": "122363bc-e215-5cc4-77ae-b5be4835909d",
        "x-ms-date": "Wed, 27 Jul 2022 05:59:26 GMT",
        "x-ms-return-client-request-id": "true",
        "x-ms-version": "2021-10-04"
      },
      "RequestBody": null,
      "StatusCode": 202,
      "ResponseHeaders": {
        "Content-Length": "0",
        "Date": "Wed, 27 Jul 2022 05:59:28 GMT",
        "Server": [
          "Windows-Azure-Blob/1.0",
          "Microsoft-HTTPAPI/2.0"
        ],
        "x-ms-client-request-id": "122363bc-e215-5cc4-77ae-b5be4835909d",
        "x-ms-request-id": "78d67345-e01e-0031-2d7e-a1acb3000000",
        "x-ms-version": "2021-10-04"
      },
      "ResponseBody": null
    }
  ],
  "Variables": {
    "DateTimeOffsetNow": "2022-07-26T22:59:26.8488499-07:00",
    "RandomSeed": "1119293939",
    "Storage_TestConfigDefault": "ProductionTenant\namandadev3\nU2FuaXRpemVk\nhttps://amandadev3.blob.core.windows.net\nhttps://amandadev3.file.core.windows.net\nhttps://amandadev3.queue.core.windows.net\nhttps://amandadev3.table.core.windows.net\n\n\n\n\nhttps://amandadev3-secondary.core.windows.net\nhttps://amandadev3-secondary.file.core.windows.net\nhttps://amandadev3-secondary.queue.core.windows.net\nhttps://amandadev3-secondary.table.core.windows.net\n\nSanitized\n\n\nCloud\nBlobEndpoint=https://amandadev3.blob.core.windows.net/;QueueEndpoint=https://amandadev3.queue.core.windows.net/;FileEndpoint=https://amandadev3.file.core.windows.net/;BlobSecondaryEndpoint=https://amandadev3-secondary.core.windows.net/;QueueSecondaryEndpoint=https://amandadev3-secondary.queue.core.windows.net/;FileSecondaryEndpoint=https://amandadev3-secondary.file.core.windows.net/;AccountName=amandadev3;AccountKey=Sanitized\nencryptionScope1\n\n"
  }
}
