{
  "Entries": [
    {
      "RequestUri": "https://amandadev3.blob.core.windows.net/test-container-9e8f1ee7-de0d-f4dc-8cfd-2cc4afc3d477?restype=container",
      "RequestMethod": "PUT",
      "RequestHeaders": {
        "Accept": "application/xml",
        "Authorization": "Sanitized",
        "Content-Length": "0",
        "traceparent": "00-a67c8082a54b103986659019567618b4-d3c413100a5be0e2-00",
        "User-Agent": "azsdk-net-Storage.Blobs/12.14.0-alpha.20220727.1 (.NET 6.0.7; Microsoft Windows 10.0.22000)",
        "x-ms-blob-public-access": "container",
        "x-ms-client-request-id": "f55e85b6-7771-b0ef-3b3f-526356edaba6",
        "x-ms-date": "Wed, 27 Jul 2022 21:44:46 GMT",
        "x-ms-return-client-request-id": "true",
        "x-ms-version": "2021-10-04"
      },
      "RequestBody": null,
      "StatusCode": 201,
      "ResponseHeaders": {
        "Content-Length": "0",
        "Date": "Wed, 27 Jul 2022 21:44:48 GMT",
        "ETag": "\u00220x8DA70193AEF788E\u0022",
        "Last-Modified": "Wed, 27 Jul 2022 21:44:49 GMT",
        "Server": [
          "Windows-Azure-Blob/1.0",
          "Microsoft-HTTPAPI/2.0"
        ],
        "x-ms-client-request-id": "f55e85b6-7771-b0ef-3b3f-526356edaba6",
        "x-ms-request-id": "90e13962-301e-008b-1a02-a249cd000000",
        "x-ms-version": "2021-10-04"
      },
      "ResponseBody": null
    },
    {
      "RequestUri": "https://amandadev3.blob.core.windows.net/test-container-9e8f1ee7-de0d-f4dc-8cfd-2cc4afc3d477/test-blob-de34178f-8261-5ab1-6931-082ed852c7d2",
      "RequestMethod": "PUT",
      "RequestHeaders": {
        "Accept": "application/xml",
        "Authorization": "Sanitized",
        "Content-Length": "0",
        "traceparent": "00-bb52883eadfa6989a2cbc93fb711531b-c14a7dcec0bff58a-00",
        "User-Agent": "azsdk-net-Storage.Blobs/12.14.0-alpha.20220727.1 (.NET 6.0.7; Microsoft Windows 10.0.22000)",
        "x-ms-blob-content-length": "1024",
        "x-ms-blob-type": "PageBlob",
        "x-ms-client-request-id": "290ec112-de65-b905-7073-eef335e5f353",
        "x-ms-date": "Wed, 27 Jul 2022 21:44:46 GMT",
        "x-ms-return-client-request-id": "true",
        "x-ms-version": "2021-10-04"
      },
      "RequestBody": null,
      "StatusCode": 201,
      "ResponseHeaders": {
        "Content-Length": "0",
        "Date": "Wed, 27 Jul 2022 21:44:48 GMT",
        "ETag": "\u00220x8DA70193B01353C\u0022",
        "Last-Modified": "Wed, 27 Jul 2022 21:44:49 GMT",
        "Server": [
          "Windows-Azure-Blob/1.0",
          "Microsoft-HTTPAPI/2.0"
        ],
        "x-ms-client-request-id": "290ec112-de65-b905-7073-eef335e5f353",
        "x-ms-request-id": "90e13971-301e-008b-2802-a249cd000000",
        "x-ms-request-server-encrypted": "true",
        "x-ms-version": "2021-10-04",
        "x-ms-version-id": "2022-07-27T21:44:49.2784705Z"
      },
      "ResponseBody": null
    },
    {
      "RequestUri": "https://amandadev3.blob.core.windows.net/test-container-9e8f1ee7-de0d-f4dc-8cfd-2cc4afc3d477/test-blob-de34178f-8261-5ab1-6931-082ed852c7d2?comp=snapshot",
      "RequestMethod": "PUT",
      "RequestHeaders": {
        "Accept": "application/xml",
        "Authorization": "Sanitized",
        "Content-Length": "0",
        "traceparent": "00-c836fb76e9754440f09bb5cfc22d558e-2260ccaaa538b437-00",
        "User-Agent": "azsdk-net-Storage.Blobs/12.14.0-alpha.20220727.1 (.NET 6.0.7; Microsoft Windows 10.0.22000)",
        "x-ms-client-request-id": "9451f9f3-81df-7e41-8b44-07bbadac29ef",
        "x-ms-date": "Wed, 27 Jul 2022 21:44:46 GMT",
        "x-ms-return-client-request-id": "true",
        "x-ms-version": "2021-10-04"
      },
      "RequestBody": null,
      "StatusCode": 201,
      "ResponseHeaders": {
        "Content-Length": "0",
        "Date": "Wed, 27 Jul 2022 21:44:48 GMT",
        "ETag": "\u00220x8DA70193B01353C\u0022",
        "Last-Modified": "Wed, 27 Jul 2022 21:44:49 GMT",
        "Server": [
          "Windows-Azure-Blob/1.0",
          "Microsoft-HTTPAPI/2.0"
        ],
        "x-ms-client-request-id": "9451f9f3-81df-7e41-8b44-07bbadac29ef",
        "x-ms-request-id": "90e1398b-301e-008b-3902-a249cd000000",
        "x-ms-request-server-encrypted": "false",
        "x-ms-snapshot": "2022-07-27T21:44:49.4034000Z",
        "x-ms-version": "2021-10-04",
        "x-ms-version-id": "2022-07-27T21:44:49.4044000Z"
      },
      "ResponseBody": null
    },
    {
      "RequestUri": "https://amandadev3.blob.core.windows.net/test-container-9e8f1ee7-de0d-f4dc-8cfd-2cc4afc3d477/test-blob-de34178f-8261-5ab1-6931-082ed852c7d2?snapshot=2022-07-27T21:44:49.4034000Z\u0026sv=2021-10-04\u0026ss=bqtf\u0026srt=soc\u0026se=2022-07-28T21%3A44%3A46Z\u0026sp=racwdlxyuptfi\u0026sig=Sanitized",
      "RequestMethod": "HEAD",
      "RequestHeaders": {
        "Accept": "application/xml",
        "User-Agent": "azsdk-net-Storage.Blobs/12.14.0-alpha.20220727.1 (.NET 6.0.7; Microsoft Windows 10.0.22000)",
        "x-ms-client-request-id": "3c0069f5-5e93-e074-c449-8bf16b816b39",
        "x-ms-return-client-request-id": "true",
        "x-ms-version": "2021-10-04"
      },
      "RequestBody": null,
      "StatusCode": 200,
      "ResponseHeaders": {
        "Accept-Ranges": "bytes",
        "Content-Length": "1024",
        "Content-Type": "application/octet-stream",
        "Date": "Wed, 27 Jul 2022 21:44:48 GMT",
        "ETag": "\u00220x8DA70193B01353C\u0022",
        "Last-Modified": "Wed, 27 Jul 2022 21:44:49 GMT",
        "Server": [
          "Windows-Azure-Blob/1.0",
          "Microsoft-HTTPAPI/2.0"
        ],
        "x-ms-blob-sequence-number": "0",
        "x-ms-blob-type": "PageBlob",
        "x-ms-client-request-id": "3c0069f5-5e93-e074-c449-8bf16b816b39",
        "x-ms-creation-time": "Wed, 27 Jul 2022 21:44:49 GMT",
        "x-ms-request-id": "90e13996-301e-008b-4402-a249cd000000",
        "x-ms-server-encrypted": "true",
        "x-ms-version": "2021-10-04"
      },
      "ResponseBody": null
    },
    {
      "RequestUri": "https://amandadev3.blob.core.windows.net/test-container-9e8f1ee7-de0d-f4dc-8cfd-2cc4afc3d477?restype=container",
      "RequestMethod": "DELETE",
      "RequestHeaders": {
        "Accept": "application/xml",
        "Authorization": "Sanitized",
        "traceparent": "00-459642a5a911b2265214f944993c5e65-727b06d1f50dfa05-00",
        "User-Agent": "azsdk-net-Storage.Blobs/12.14.0-alpha.20220727.1 (.NET 6.0.7; Microsoft Windows 10.0.22000)",
        "x-ms-client-request-id": "44c685a4-edab-f25b-96be-69a5a9313303",
        "x-ms-date": "Wed, 27 Jul 2022 21:44:47 GMT",
        "x-ms-return-client-request-id": "true",
        "x-ms-version": "2021-10-04"
      },
      "RequestBody": null,
      "StatusCode": 202,
      "ResponseHeaders": {
        "Content-Length": "0",
        "Date": "Wed, 27 Jul 2022 21:44:48 GMT",
        "Server": [
          "Windows-Azure-Blob/1.0",
          "Microsoft-HTTPAPI/2.0"
        ],
        "x-ms-client-request-id": "44c685a4-edab-f25b-96be-69a5a9313303",
        "x-ms-request-id": "90e139a1-301e-008b-4d02-a249cd000000",
        "x-ms-version": "2021-10-04"
      },
      "ResponseBody": null
    }
  ],
  "Variables": {
    "DateTimeOffsetNow": "2022-07-27T14:44:46.9995007-07:00",
    "RandomSeed": "554320217",
    "Storage_TestConfigDefault": "ProductionTenant\namandadev3\nU2FuaXRpemVk\nhttps://amandadev3.blob.core.windows.net\nhttps://amandadev3.file.core.windows.net\nhttps://amandadev3.queue.core.windows.net\nhttps://amandadev3.table.core.windows.net\n\n\n\n\nhttps://amandadev3-secondary.core.windows.net\nhttps://amandadev3-secondary.file.core.windows.net\nhttps://amandadev3-secondary.queue.core.windows.net\nhttps://amandadev3-secondary.table.core.windows.net\n\nSanitized\n\n\nCloud\nBlobEndpoint=https://amandadev3.blob.core.windows.net/;QueueEndpoint=https://amandadev3.queue.core.windows.net/;FileEndpoint=https://amandadev3.file.core.windows.net/;BlobSecondaryEndpoint=https://amandadev3-secondary.core.windows.net/;QueueSecondaryEndpoint=https://amandadev3-secondary.queue.core.windows.net/;FileSecondaryEndpoint=https://amandadev3-secondary.file.core.windows.net/;AccountName=amandadev3;AccountKey=Sanitized\nencryptionScope1\n\n"
  }
}
