{
  "Entries": [
    {
      "RequestUri": "https://amandadev3.blob.core.windows.net/test-container-c167fc14-4534-d822-0915-7b1f1eff33f9?restype=container",
      "RequestMethod": "PUT",
      "RequestHeaders": {
        "Accept": "application/xml",
        "Authorization": "Sanitized",
        "Content-Length": "0",
        "traceparent": "00-9185028913488886e8acd21ede3f9d92-502a5a43e70aaeb8-00",
        "User-Agent": "azsdk-net-Storage.Blobs/12.14.0-alpha.20220726.1 (.NET 6.0.7; Microsoft Windows 10.0.22000)",
        "x-ms-blob-public-access": "container",
        "x-ms-client-request-id": "47ee3631-2976-53ad-c99c-ca4b52ceb844",
        "x-ms-date": "Wed, 27 Jul 2022 06:00:39 GMT",
        "x-ms-return-client-request-id": "true",
        "x-ms-version": "2021-10-04"
      },
      "RequestBody": null,
      "StatusCode": 201,
      "ResponseHeaders": {
        "Content-Length": "0",
        "Date": "Wed, 27 Jul 2022 06:00:40 GMT",
        "ETag": "\u00220x8DA6F95563C8BF7\u0022",
        "Last-Modified": "Wed, 27 Jul 2022 06:00:41 GMT",
        "Server": [
          "Windows-Azure-Blob/1.0",
          "Microsoft-HTTPAPI/2.0"
        ],
        "x-ms-client-request-id": "47ee3631-2976-53ad-c99c-ca4b52ceb844",
        "x-ms-request-id": "78d69be7-e01e-0031-237e-a1acb3000000",
        "x-ms-version": "2021-10-04"
      },
      "ResponseBody": null
    },
    {
      "RequestUri": "https://amandadev3.blob.core.windows.net/test-container-c167fc14-4534-d822-0915-7b1f1eff33f9/test-blob-bf90084b-1de6-5d2e-352e-45431c7d5a93",
      "RequestMethod": "PUT",
      "RequestHeaders": {
        "Accept": "application/xml",
        "Authorization": "Sanitized",
        "Content-Length": "0",
        "User-Agent": "azsdk-net-Storage.Blobs/12.14.0-alpha.20220726.1 (.NET 6.0.7; Microsoft Windows 10.0.22000)",
        "x-ms-blob-content-length": "1024",
        "x-ms-blob-type": "PageBlob",
        "x-ms-client-request-id": "f0e52551-8ba5-b038-9190-b2e2a63f8ca5",
        "x-ms-date": "Wed, 27 Jul 2022 06:00:39 GMT",
        "x-ms-encryption-algorithm": "AES256",
        "x-ms-encryption-key": "Sanitized",
        "x-ms-encryption-key-sha256": "FhwLkmJooaQtZcO6LDF9ogNfjYzg9uCY3y8fj7laTfw=",
        "x-ms-return-client-request-id": "true",
        "x-ms-version": "2021-10-04"
      },
      "RequestBody": null,
      "StatusCode": 201,
      "ResponseHeaders": {
        "Content-Length": "0",
        "Date": "Wed, 27 Jul 2022 06:00:40 GMT",
        "ETag": "\u00220x8DA6F955649256B\u0022",
        "Last-Modified": "Wed, 27 Jul 2022 06:00:41 GMT",
        "Server": [
          "Windows-Azure-Blob/1.0",
          "Microsoft-HTTPAPI/2.0"
        ],
        "x-ms-client-request-id": "f0e52551-8ba5-b038-9190-b2e2a63f8ca5",
        "x-ms-encryption-key-sha256": "FhwLkmJooaQtZcO6LDF9ogNfjYzg9uCY3y8fj7laTfw=",
        "x-ms-request-id": "78d69bee-e01e-0031-297e-a1acb3000000",
        "x-ms-request-server-encrypted": "true",
        "x-ms-version": "2021-10-04",
        "x-ms-version-id": "2022-07-27T06:00:41.4791019Z"
      },
      "ResponseBody": null
    },
    {
      "RequestUri": "https://amandadev3.blob.core.windows.net/test-container-c167fc14-4534-d822-0915-7b1f1eff33f9/test-blob-bf90084b-1de6-5d2e-352e-45431c7d5a93?sv=2021-10-04\u0026ss=fqb\u0026srt=sco\u0026se=2022-07-28T06%3A00%3A39Z\u0026sp=racwdlxyuptfi\u0026sig=Sanitized",
      "RequestMethod": "HEAD",
      "RequestHeaders": {
        "Accept": "application/xml",
        "User-Agent": "azsdk-net-Storage.Blobs/12.14.0-alpha.20220726.1 (.NET 6.0.7; Microsoft Windows 10.0.22000)",
        "x-ms-client-request-id": "f7f2f3fa-6997-c6ed-73cd-014e1d50c90c",
        "x-ms-encryption-algorithm": "AES256",
        "x-ms-encryption-key": "Sanitized",
        "x-ms-encryption-key-sha256": "FhwLkmJooaQtZcO6LDF9ogNfjYzg9uCY3y8fj7laTfw=",
        "x-ms-return-client-request-id": "true",
        "x-ms-version": "2021-10-04"
      },
      "RequestBody": null,
      "StatusCode": 200,
      "ResponseHeaders": {
        "Accept-Ranges": "bytes",
        "Content-Length": "1024",
        "Content-Type": "application/octet-stream",
        "Date": "Wed, 27 Jul 2022 06:00:40 GMT",
        "ETag": "\u00220x8DA6F955649256B\u0022",
        "Last-Modified": "Wed, 27 Jul 2022 06:00:41 GMT",
        "Server": [
          "Windows-Azure-Blob/1.0",
          "Microsoft-HTTPAPI/2.0"
        ],
        "x-ms-blob-sequence-number": "0",
        "x-ms-blob-type": "PageBlob",
        "x-ms-client-request-id": "f7f2f3fa-6997-c6ed-73cd-014e1d50c90c",
        "x-ms-creation-time": "Wed, 27 Jul 2022 06:00:41 GMT",
        "x-ms-encryption-key-sha256": "FhwLkmJooaQtZcO6LDF9ogNfjYzg9uCY3y8fj7laTfw=",
        "x-ms-is-current-version": "true",
        "x-ms-lease-state": "available",
        "x-ms-lease-status": "unlocked",
        "x-ms-request-id": "78d69bfa-e01e-0031-347e-a1acb3000000",
        "x-ms-server-encrypted": "true",
        "x-ms-version": "2021-10-04",
        "x-ms-version-id": "2022-07-27T06:00:41.4791019Z"
      },
      "ResponseBody": null
    },
    {
      "RequestUri": "https://amandadev3.blob.core.windows.net/test-container-c167fc14-4534-d822-0915-7b1f1eff33f9?restype=container",
      "RequestMethod": "DELETE",
      "RequestHeaders": {
        "Accept": "application/xml",
        "Authorization": "Sanitized",
        "traceparent": "00-281339b2c465106e52304920c5d4277e-d721dd31b344ffd0-00",
        "User-Agent": "azsdk-net-Storage.Blobs/12.14.0-alpha.20220726.1 (.NET 6.0.7; Microsoft Windows 10.0.22000)",
        "x-ms-client-request-id": "b3e7be96-954c-b20d-efa9-6c634db75d85",
        "x-ms-date": "Wed, 27 Jul 2022 06:00:39 GMT",
        "x-ms-return-client-request-id": "true",
        "x-ms-version": "2021-10-04"
      },
      "RequestBody": null,
      "StatusCode": 202,
      "ResponseHeaders": {
        "Content-Length": "0",
        "Date": "Wed, 27 Jul 2022 06:00:40 GMT",
        "Server": [
          "Windows-Azure-Blob/1.0",
          "Microsoft-HTTPAPI/2.0"
        ],
        "x-ms-client-request-id": "b3e7be96-954c-b20d-efa9-6c634db75d85",
        "x-ms-request-id": "78d69c05-e01e-0031-3e7e-a1acb3000000",
        "x-ms-version": "2021-10-04"
      },
      "ResponseBody": null
    }
  ],
  "Variables": {
    "DateTimeOffsetNow": "2022-07-26T23:00:39.7487638-07:00",
    "RandomSeed": "376078865",
    "Storage_TestConfigDefault": "ProductionTenant\namandadev3\nU2FuaXRpemVk\nhttps://amandadev3.blob.core.windows.net\nhttps://amandadev3.file.core.windows.net\nhttps://amandadev3.queue.core.windows.net\nhttps://amandadev3.table.core.windows.net\n\n\n\n\nhttps://amandadev3-secondary.core.windows.net\nhttps://amandadev3-secondary.file.core.windows.net\nhttps://amandadev3-secondary.queue.core.windows.net\nhttps://amandadev3-secondary.table.core.windows.net\n\nSanitized\n\n\nCloud\nBlobEndpoint=https://amandadev3.blob.core.windows.net/;QueueEndpoint=https://amandadev3.queue.core.windows.net/;FileEndpoint=https://amandadev3.file.core.windows.net/;BlobSecondaryEndpoint=https://amandadev3-secondary.core.windows.net/;QueueSecondaryEndpoint=https://amandadev3-secondary.queue.core.windows.net/;FileSecondaryEndpoint=https://amandadev3-secondary.file.core.windows.net/;AccountName=amandadev3;AccountKey=Sanitized\nencryptionScope1\n\n"
  }
}
