{
  "Entries": [
    {
      "RequestUri": "https://amandadev3.blob.core.windows.net/test-container-26a76582-eef7-330d-4619-9c43b2dde4fe?restype=container",
      "RequestMethod": "PUT",
      "RequestHeaders": {
        "Accept": "application/xml",
        "Authorization": "Sanitized",
        "Content-Length": "0",
        "traceparent": "00-01567781862f766640ec32bc452a75fd-5b1d133c05b45f05-00",
        "User-Agent": "azsdk-net-Storage.Blobs/12.14.0-alpha.20220726.1 (.NET 6.0.7; Microsoft Windows 10.0.22000)",
        "x-ms-blob-public-access": "container",
        "x-ms-client-request-id": "e17ae0b3-0ef7-db10-e44b-7ae2fad74c2c",
        "x-ms-date": "Wed, 27 Jul 2022 05:57:27 GMT",
        "x-ms-return-client-request-id": "true",
        "x-ms-version": "2021-10-04"
      },
      "RequestBody": null,
      "StatusCode": 201,
      "ResponseHeaders": {
        "Content-Length": "0",
        "Date": "Wed, 27 Jul 2022 05:57:28 GMT",
        "ETag": "\u00220x8DA6F94E3C0F62B\u0022",
        "Last-Modified": "Wed, 27 Jul 2022 05:57:29 GMT",
        "Server": [
          "Windows-Azure-Blob/1.0",
          "Microsoft-HTTPAPI/2.0"
        ],
        "x-ms-client-request-id": "e17ae0b3-0ef7-db10-e44b-7ae2fad74c2c",
        "x-ms-request-id": "cba71ac1-b01e-0003-5c7d-a1acc4000000",
        "x-ms-version": "2021-10-04"
      },
      "ResponseBody": null
    },
    {
      "RequestUri": "https://amandadev3.blob.core.windows.net/test-container-26a76582-eef7-330d-4619-9c43b2dde4fe/test-blob-14f19de0-56d4-7857-1a0a-4b78f1c3645b",
      "RequestMethod": "PUT",
      "RequestHeaders": {
        "Accept": "application/xml",
        "Authorization": "Sanitized",
        "Content-Length": "0",
        "traceparent": "00-4e3fe593da10f2b7d69774c110922105-b88f0b0168b8d179-00",
        "User-Agent": "azsdk-net-Storage.Blobs/12.14.0-alpha.20220726.1 (.NET 6.0.7; Microsoft Windows 10.0.22000)",
        "x-ms-blob-type": "AppendBlob",
        "x-ms-client-request-id": "3169d032-75f9-5d81-8901-c7edc297ea21",
        "x-ms-date": "Wed, 27 Jul 2022 05:57:27 GMT",
        "x-ms-return-client-request-id": "true",
        "x-ms-version": "2021-10-04"
      },
      "RequestBody": null,
      "StatusCode": 201,
      "ResponseHeaders": {
        "Content-Length": "0",
        "Date": "Wed, 27 Jul 2022 05:57:29 GMT",
        "ETag": "\u00220x8DA6F94E3CCBF02\u0022",
        "Last-Modified": "Wed, 27 Jul 2022 05:57:29 GMT",
        "Server": [
          "Windows-Azure-Blob/1.0",
          "Microsoft-HTTPAPI/2.0"
        ],
        "x-ms-client-request-id": "3169d032-75f9-5d81-8901-c7edc297ea21",
        "x-ms-request-id": "cba71ade-b01e-0003-697d-a1acc4000000",
        "x-ms-request-server-encrypted": "true",
        "x-ms-version": "2021-10-04",
        "x-ms-version-id": "2022-07-27T05:57:29.4035714Z"
      },
      "ResponseBody": null
    },
    {
      "RequestUri": "https://amandadev3.blob.core.windows.net/test-container-26a76582-eef7-330d-4619-9c43b2dde4fe/test-blob-14f19de0-56d4-7857-1a0a-4b78f1c3645b?sv=2021-10-04\u0026ss=bqtf\u0026srt=cos\u0026se=2022-07-28T05%3A57%3A27Z\u0026sp=rwdylacuptfi\u0026sig=Sanitized",
      "RequestMethod": "HEAD",
      "RequestHeaders": {
        "Accept": "application/xml",
        "traceparent": "00-575bc9e38eea7f374bf01eebd29b76ed-296b402623779be6-00",
        "User-Agent": "azsdk-net-Storage.Blobs/12.14.0-alpha.20220726.1 (.NET 6.0.7; Microsoft Windows 10.0.22000)",
        "x-ms-client-request-id": "20464768-3359-1962-c532-49603b18c1db",
        "x-ms-return-client-request-id": "true",
        "x-ms-version": "2021-10-04"
      },
      "RequestBody": null,
      "StatusCode": 200,
      "ResponseHeaders": {
        "Accept-Ranges": "bytes",
        "Content-Length": "0",
        "Content-Type": "application/octet-stream",
        "Date": "Wed, 27 Jul 2022 05:57:29 GMT",
        "ETag": "\u00220x8DA6F94E3CCBF02\u0022",
        "Last-Modified": "Wed, 27 Jul 2022 05:57:29 GMT",
        "Server": [
          "Windows-Azure-Blob/1.0",
          "Microsoft-HTTPAPI/2.0"
        ],
        "x-ms-blob-committed-block-count": "0",
        "x-ms-blob-type": "AppendBlob",
        "x-ms-client-request-id": "20464768-3359-1962-c532-49603b18c1db",
        "x-ms-creation-time": "Wed, 27 Jul 2022 05:57:29 GMT",
        "x-ms-is-current-version": "true",
        "x-ms-lease-state": "available",
        "x-ms-lease-status": "unlocked",
        "x-ms-request-id": "cba71afa-b01e-0003-737d-a1acc4000000",
        "x-ms-server-encrypted": "true",
        "x-ms-version": "2021-10-04",
        "x-ms-version-id": "2022-07-27T05:57:29.4035714Z"
      },
      "ResponseBody": null
    },
    {
      "RequestUri": "https://amandadev3.blob.core.windows.net/test-container-26a76582-eef7-330d-4619-9c43b2dde4fe?restype=container",
      "RequestMethod": "DELETE",
      "RequestHeaders": {
        "Accept": "application/xml",
        "Authorization": "Sanitized",
        "traceparent": "00-87b1ebcb4e2c1f1fccb485e5835f1d6b-3a44d005e1242dea-00",
        "User-Agent": "azsdk-net-Storage.Blobs/12.14.0-alpha.20220726.1 (.NET 6.0.7; Microsoft Windows 10.0.22000)",
        "x-ms-client-request-id": "7b851517-c950-b4c7-bc39-ee153169a27e",
        "x-ms-date": "Wed, 27 Jul 2022 05:57:27 GMT",
        "x-ms-return-client-request-id": "true",
        "x-ms-version": "2021-10-04"
      },
      "RequestBody": null,
      "StatusCode": 202,
      "ResponseHeaders": {
        "Content-Length": "0",
        "Date": "Wed, 27 Jul 2022 05:57:29 GMT",
        "Server": [
          "Windows-Azure-Blob/1.0",
          "Microsoft-HTTPAPI/2.0"
        ],
        "x-ms-client-request-id": "7b851517-c950-b4c7-bc39-ee153169a27e",
        "x-ms-request-id": "cba71b07-b01e-0003-787d-a1acc4000000",
        "x-ms-version": "2021-10-04"
      },
      "ResponseBody": null
    }
  ],
  "Variables": {
    "DateTimeOffsetNow": "2022-07-26T22:57:27.6734660-07:00",
    "RandomSeed": "1748319559",
    "Storage_TestConfigDefault": "ProductionTenant\namandadev3\nU2FuaXRpemVk\nhttps://amandadev3.blob.core.windows.net\nhttps://amandadev3.file.core.windows.net\nhttps://amandadev3.queue.core.windows.net\nhttps://amandadev3.table.core.windows.net\n\n\n\n\nhttps://amandadev3-secondary.core.windows.net\nhttps://amandadev3-secondary.file.core.windows.net\nhttps://amandadev3-secondary.queue.core.windows.net\nhttps://amandadev3-secondary.table.core.windows.net\n\nSanitized\n\n\nCloud\nBlobEndpoint=https://amandadev3.blob.core.windows.net/;QueueEndpoint=https://amandadev3.queue.core.windows.net/;FileEndpoint=https://amandadev3.file.core.windows.net/;BlobSecondaryEndpoint=https://amandadev3-secondary.core.windows.net/;QueueSecondaryEndpoint=https://amandadev3-secondary.queue.core.windows.net/;FileSecondaryEndpoint=https://amandadev3-secondary.file.core.windows.net/;AccountName=amandadev3;AccountKey=Sanitized\nencryptionScope1\n\n"
  }
}
