{
  "Entries": [
    {
      "RequestUri": "https://management.azure.com/subscriptions/259fbb24-9bcd-4cfc-865c-fc33b22fe38a?api-version=2021-01-01",
      "RequestMethod": "GET",
      "RequestHeaders": {
        "Accept": "application/json",
        "Authorization": "Sanitized",
        "traceparent": "00-2072256152b8b444855208063773a13d-59cf87d48e5a0645-00",
        "User-Agent": "azsdk-net-ResourceManager/1.4.0 (.NET Framework 4.8.4614.0; Microsoft Windows 10.0.19044 )",
        "x-ms-client-request-id": "1c5cedada12e4b34e1619752a0d9f5ec",
        "x-ms-return-client-request-id": "true"
      },
      "RequestBody": null,
      "StatusCode": 200,
      "ResponseHeaders": {
        "Cache-Control": "no-cache",
        "Content-Length": "454",
        "Content-Type": "application/json; charset=utf-8",
        "Date": "Thu, 23 Mar 2023 00:48:23 GMT",
        "Expires": "-1",
        "Pragma": "no-cache",
        "Strict-Transport-Security": "max-age=31536000; includeSubDomains",
        "X-Content-Type-Options": "nosniff",
        "x-ms-correlation-request-id": "d52d0467-fa75-4bfe-9825-1f0638a276c5",
        "x-ms-ratelimit-remaining-subscription-reads": "11992",
        "x-ms-request-id": "d52d0467-fa75-4bfe-9825-1f0638a276c5",
        "x-ms-routing-request-id": "EASTUS:20230323T004823Z:d52d0467-fa75-4bfe-9825-1f0638a276c5"
      },
      "ResponseBody": {
        "id": "/subscriptions/259fbb24-9bcd-4cfc-865c-fc33b22fe38a",
        "authorizationSource": "RoleBased",
        "managedByTenants": [
          {
            "tenantId": "2f4a9838-26b7-47ee-be60-ccc1fdec5953"
          }
        ],
        "subscriptionId": "259fbb24-9bcd-4cfc-865c-fc33b22fe38a",
        "tenantId": "72f988bf-86f1-41af-91ab-2d7cd011db47",
        "displayName": "CosmosDB-Backup-Restore",
        "state": "Enabled",
        "subscriptionPolicies": {
          "locationPlacementId": "Internal_2014-09-01",
          "quotaId": "Internal_2014-09-01",
          "spendingLimit": "Off"
        }
      }
    },
    {
      "RequestUri": "https://management.azure.com/subscriptions/259fbb24-9bcd-4cfc-865c-fc33b22fe38a/resourcegroups/dbaccount-5226?api-version=**",
      "RequestMethod": "PUT",
      "RequestHeaders": {
        "Accept": "application/json",
        "Authorization": "Sanitized",
        "Content-Length": "22",
        "Content-Type": "application/json",
        "traceparent": "00-841b337ff37ef746b66acecf080b6898-497308dae0c81341-00",
        "User-Agent": "azsdk-net-ResourceManager/1.4.0 (.NET Framework 4.8.4614.0; Microsoft Windows 10.0.19044 )",
        "x-ms-client-request-id": "3b8783981427d8ac9c39f46c3c13c97a",
        "x-ms-return-client-request-id": "true"
      },
      "RequestBody": {
        "location": "westus2"
      },
      "StatusCode": 201,
      "ResponseHeaders": {
        "Cache-Control": "no-cache",
        "Content-Length": "226",
        "Content-Type": "application/json; charset=utf-8",
        "Date": "Thu, 23 Mar 2023 00:48:25 GMT",
        "Expires": "-1",
        "Pragma": "no-cache",
        "Strict-Transport-Security": "max-age=31536000; includeSubDomains",
        "X-Content-Type-Options": "nosniff",
        "x-ms-correlation-request-id": "b2412b7a-a4c6-4584-b080-ade1399daf6b",
        "x-ms-ratelimit-remaining-subscription-writes": "1199",
        "x-ms-request-id": "b2412b7a-a4c6-4584-b080-ade1399daf6b",
        "x-ms-routing-request-id": "EASTUS:20230323T004825Z:b2412b7a-a4c6-4584-b080-ade1399daf6b"
      },
      "ResponseBody": {
        "id": "/subscriptions/259fbb24-9bcd-4cfc-865c-fc33b22fe38a/resourceGroups/dbaccount-5226",
        "name": "dbaccount-5226",
        "type": "Microsoft.Resources/resourceGroups",
        "location": "westus2",
        "properties": {
          "provisioningState": "Succeeded"
        }
      }
    },
    {
      "RequestUri": "https://management.azure.com/subscriptions/259fbb24-9bcd-4cfc-865c-fc33b22fe38a/resourcegroups/dbaccount-5226?api-version=**",
      "RequestMethod": "GET",
      "RequestHeaders": {
        "Accept": "application/json",
        "Authorization": "Sanitized",
        "traceparent": "00-1fe61479d0001847beb858b56d0746b6-e9640ecb65ed5143-00",
        "User-Agent": "azsdk-net-ResourceManager/1.4.0 (.NET Framework 4.8.4614.0; Microsoft Windows 10.0.19044 )",
        "x-ms-client-request-id": "139bcb7eb3af05df5a61a17dca29ba3f",
        "x-ms-return-client-request-id": "true"
      },
      "RequestBody": null,
      "StatusCode": 200,
      "ResponseHeaders": {
        "Cache-Control": "no-cache",
        "Content-Length": "226",
        "Content-Type": "application/json; charset=utf-8",
        "Date": "Thu, 23 Mar 2023 00:48:25 GMT",
        "Expires": "-1",
        "Pragma": "no-cache",
        "Strict-Transport-Security": "max-age=31536000; includeSubDomains",
        "X-Content-Type-Options": "nosniff",
        "x-ms-correlation-request-id": "a4682ac0-808e-4f24-a6a5-ab24eede3193",
        "x-ms-ratelimit-remaining-subscription-reads": "11991",
        "x-ms-request-id": "a4682ac0-808e-4f24-a6a5-ab24eede3193",
        "x-ms-routing-request-id": "EASTUS:20230323T004825Z:a4682ac0-808e-4f24-a6a5-ab24eede3193"
      },
      "ResponseBody": {
        "id": "/subscriptions/259fbb24-9bcd-4cfc-865c-fc33b22fe38a/resourceGroups/dbaccount-5226",
        "name": "dbaccount-5226",
        "type": "Microsoft.Resources/resourceGroups",
        "location": "westus2",
        "properties": {
          "provisioningState": "Succeeded"
        }
      }
    },
    {
      "RequestUri": "https://management.azure.com/subscriptions/259fbb24-9bcd-4cfc-865c-fc33b22fe38a/resourceGroups/dbaccount-5226/providers/Microsoft.DocumentDB/databaseAccounts/dbaccount-3763?api-version=2022-11-15",
      "RequestMethod": "PUT",
      "RequestHeaders": {
        "Accept": "application/json",
        "Authorization": "Sanitized",
        "Content-Length": "556",
        "Content-Type": "application/json",
        "traceparent": "00-5a22fc97e39b2448854e234a0a286ad1-8cf492c0282d9c4d-00",
        "User-Agent": "azsdk-net-ResourceManager.CosmosDB/1.3.0-alpha.20230322.1 (.NET Framework 4.8.4614.0; Microsoft Windows 10.0.19044 )",
        "x-ms-client-request-id": "3223ef19855fafd843926740dfa54dce",
        "x-ms-return-client-request-id": "true"
      },
      "RequestBody": {
        "kind": "GlobalDocumentDB",
        "tags": {
          "key1": "value1",
          "key2": "value2"
        },
        "location": "westus2",
        "properties": {
          "consistencyPolicy": {
            "defaultConsistencyLevel": "BoundedStaleness",
            "maxStalenessPrefix": 300,
            "maxIntervalInSeconds": 1000
          },
          "locations": [
            {
              "locationName": "westus",
              "isZoneRedundant": false
            }
          ],
          "databaseAccountOfferType": "Standard",
          "ipRules": [
            {
              "ipAddressOrRange": "23.43.230.120"
            }
          ],
          "isVirtualNetworkFilterEnabled": true,
          "enableAutomaticFailover": false,
          "capabilities": [
            {
              "name": "EnableCassandra"
            }
          ],
          "connectorOffer": "Small",
          "disableKeyBasedMetadataWriteAccess": false
        }
      },
      "StatusCode": 200,
      "ResponseHeaders": {
        "Azure-AsyncOperation": "https://management.azure.com/subscriptions/259fbb24-9bcd-4cfc-865c-fc33b22fe38a/providers/Microsoft.DocumentDB/locations/westus2/operationsStatus/2272ebe2-ba42-42f8-b262-2833fd782da8?api-version=2022-11-15",
        "Cache-Control": "no-store, no-cache",
        "Content-Length": "2356",
        "Content-Type": "application/json",
        "Date": "Thu, 23 Mar 2023 00:48:30 GMT",
        "Location": "https://management.azure.com/subscriptions/259fbb24-9bcd-4cfc-865c-fc33b22fe38a/resourceGroups/dbaccount-5226/providers/Microsoft.DocumentDB/databaseAccounts/dbaccount-3763/operationResults/2272ebe2-ba42-42f8-b262-2833fd782da8?api-version=2022-11-15",
        "Pragma": "no-cache",
        "Server": "Microsoft-HTTPAPI/2.0",
        "Strict-Transport-Security": "max-age=31536000; includeSubDomains",
        "X-Content-Type-Options": "nosniff",
        "x-ms-correlation-request-id": "6d395221-a2d1-400c-abbe-a1f4991c20b6",
        "x-ms-gatewayversion": "version=2.14.0",
        "x-ms-ratelimit-remaining-subscription-writes": "1198",
        "x-ms-request-id": "2272ebe2-ba42-42f8-b262-2833fd782da8",
        "x-ms-routing-request-id": "EASTUS:20230323T004830Z:6d395221-a2d1-400c-abbe-a1f4991c20b6"
      },
      "ResponseBody": {
        "id": "/subscriptions/259fbb24-9bcd-4cfc-865c-fc33b22fe38a/resourceGroups/dbaccount-5226/providers/Microsoft.DocumentDB/databaseAccounts/dbaccount-3763",
        "name": "dbaccount-3763",
        "location": "West US 2",
        "type": "Microsoft.DocumentDB/databaseAccounts",
        "kind": "GlobalDocumentDB",
        "tags": {
          "key1": "value1",
          "key2": "value2"
        },
        "systemData": {
          "createdAt": "2023-03-23T00:48:27.7893833Z"
        },
        "properties": {
          "provisioningState": "Creating",
          "publicNetworkAccess": "Enabled",
          "enableAutomaticFailover": false,
          "enableMultipleWriteLocations": false,
          "enablePartitionKeyMonitor": false,
          "isVirtualNetworkFilterEnabled": true,
          "virtualNetworkRules": [],
          "EnabledApiTypes": "Cassandra",
          "disableKeyBasedMetadataWriteAccess": false,
          "enableFreeTier": false,
          "enableAnalyticalStorage": false,
          "analyticalStorageConfiguration": {
            "schemaType": "WellDefined"
          },
          "instanceId": "7c04eecc-e3e0-4e70-ab0c-e96c07a740c6",
          "databaseAccountOfferType": "Standard",
          "defaultIdentity": "",
          "networkAclBypass": "None",
          "disableLocalAuth": false,
          "enablePartitionMerge": false,
          "minimalTlsVersion": "Tls12",
          "consistencyPolicy": {
            "defaultConsistencyLevel": "BoundedStaleness",
            "maxIntervalInSeconds": 1000,
            "maxStalenessPrefix": 300
          },
          "configurationOverrides": {},
          "writeLocations": [
            {
              "id": "dbaccount-3763-westus",
              "locationName": "West US",
              "provisioningState": "Creating",
              "failoverPriority": 0,
              "isZoneRedundant": false
            }
          ],
          "readLocations": [
            {
              "id": "dbaccount-3763-westus",
              "locationName": "West US",
              "provisioningState": "Creating",
              "failoverPriority": 0,
              "isZoneRedundant": false
            }
          ],
          "locations": [
            {
              "id": "dbaccount-3763-westus",
              "locationName": "West US",
              "provisioningState": "Creating",
              "failoverPriority": 0,
              "isZoneRedundant": false
            }
          ],
          "failoverPolicies": [
            {
              "id": "dbaccount-3763-westus",
              "locationName": "West US",
              "failoverPriority": 0
            }
          ],
          "cors": [],
          "capabilities": [
            {
              "name": "EnableCassandra"
            }
          ],
          "ipRules": [
            {
              "ipAddressOrRange": "23.43.230.120"
            }
          ],
          "backupPolicy": {
            "type": "Periodic",
            "periodicModeProperties": {
              "backupIntervalInMinutes": 240,
              "backupRetentionIntervalInHours": 8,
              "backupStorageRedundancy": "Invalid"
            }
          },
          "networkAclBypassResourceIds": [],
          "keysMetadata": {
            "primaryMasterKey": {
              "generationTime": "2023-03-23T00:48:27.7893833Z"
            },
            "secondaryMasterKey": {
              "generationTime": "2023-03-23T00:48:27.7893833Z"
            },
            "primaryReadonlyMasterKey": {
              "generationTime": "2023-03-23T00:48:27.7893833Z"
            },
            "secondaryReadonlyMasterKey": {
              "generationTime": "2023-03-23T00:48:27.7893833Z"
            }
          }
        },
        "identity": {
          "type": "None"
        }
      }
    },
    {
      "RequestUri": "https://management.azure.com/subscriptions/259fbb24-9bcd-4cfc-865c-fc33b22fe38a/providers/Microsoft.DocumentDB/locations/westus2/operationsStatus/2272ebe2-ba42-42f8-b262-2833fd782da8?api-version=2022-11-15",
      "RequestMethod": "GET",
      "RequestHeaders": {
        "Authorization": "Sanitized",
        "traceparent": "00-5a22fc97e39b2448854e234a0a286ad1-8865730e1ac14348-00",
        "User-Agent": "azsdk-net-ResourceManager/1.4.0 (.NET Framework 4.8.4614.0; Microsoft Windows 10.0.19044 )",
        "x-ms-client-request-id": "242257b547a6451ec2636b2177c47bbc",
        "x-ms-return-client-request-id": "true"
      },
      "RequestBody": null,
      "StatusCode": 200,
      "ResponseHeaders": {
        "Cache-Control": "no-store, no-cache",
        "Content-Length": "21",
        "Content-Type": "application/json",
        "Date": "Thu, 23 Mar 2023 00:48:30 GMT",
        "Pragma": "no-cache",
        "Server": "Microsoft-HTTPAPI/2.0",
        "Strict-Transport-Security": "max-age=31536000; includeSubDomains",
        "X-Content-Type-Options": "nosniff",
        "x-ms-correlation-request-id": "a16dc54a-e0cf-4eab-9820-09bca57349d2",
        "x-ms-gatewayversion": "version=2.14.0",
        "x-ms-ratelimit-remaining-subscription-reads": "11990",
        "x-ms-request-id": "a16dc54a-e0cf-4eab-9820-09bca57349d2",
        "x-ms-routing-request-id": "EASTUS:20230323T004830Z:a16dc54a-e0cf-4eab-9820-09bca57349d2"
      },
      "ResponseBody": {
        "status": "Enqueued"
      }
    },
    {
      "RequestUri": "https://management.azure.com/subscriptions/259fbb24-9bcd-4cfc-865c-fc33b22fe38a/providers/Microsoft.DocumentDB/locations/westus2/operationsStatus/2272ebe2-ba42-42f8-b262-2833fd782da8?api-version=2022-11-15",
      "RequestMethod": "GET",
      "RequestHeaders": {
        "Authorization": "Sanitized",
        "traceparent": "00-5a22fc97e39b2448854e234a0a286ad1-e90eb1bd24f9ed46-00",
        "User-Agent": "azsdk-net-ResourceManager/1.4.0 (.NET Framework 4.8.4614.0; Microsoft Windows 10.0.19044 )",
        "x-ms-client-request-id": "06f2af54e4ace23b0b7faf7ebf668035",
        "x-ms-return-client-request-id": "true"
      },
      "RequestBody": null,
      "StatusCode": 200,
      "ResponseHeaders": {
        "Cache-Control": "no-store, no-cache",
        "Content-Length": "21",
        "Content-Type": "application/json",
        "Date": "Thu, 23 Mar 2023 00:48:31 GMT",
        "Pragma": "no-cache",
        "Server": "Microsoft-HTTPAPI/2.0",
        "Strict-Transport-Security": "max-age=31536000; includeSubDomains",
        "X-Content-Type-Options": "nosniff",
        "x-ms-correlation-request-id": "ca057c27-a756-45e4-b582-1d273c2f2dff",
        "x-ms-gatewayversion": "version=2.14.0",
        "x-ms-ratelimit-remaining-subscription-reads": "11989",
        "x-ms-request-id": "ca057c27-a756-45e4-b582-1d273c2f2dff",
        "x-ms-routing-request-id": "EASTUS:20230323T004831Z:ca057c27-a756-45e4-b582-1d273c2f2dff"
      },
      "ResponseBody": {
        "status": "Enqueued"
      }
    },
    {
      "RequestUri": "https://management.azure.com/subscriptions/259fbb24-9bcd-4cfc-865c-fc33b22fe38a/providers/Microsoft.DocumentDB/locations/westus2/operationsStatus/2272ebe2-ba42-42f8-b262-2833fd782da8?api-version=2022-11-15",
      "RequestMethod": "GET",
      "RequestHeaders": {
        "Authorization": "Sanitized",
        "traceparent": "00-5a22fc97e39b2448854e234a0a286ad1-a81d0e1063d5ec4c-00",
        "User-Agent": "azsdk-net-ResourceManager/1.4.0 (.NET Framework 4.8.4614.0; Microsoft Windows 10.0.19044 )",
        "x-ms-client-request-id": "878be8202982902704c79775cbc32cbe",
        "x-ms-return-client-request-id": "true"
      },
      "RequestBody": null,
      "StatusCode": 200,
      "ResponseHeaders": {
        "Cache-Control": "no-store, no-cache",
        "Content-Length": "21",
        "Content-Type": "application/json",
        "Date": "Thu, 23 Mar 2023 00:48:32 GMT",
        "Pragma": "no-cache",
        "Server": "Microsoft-HTTPAPI/2.0",
        "Strict-Transport-Security": "max-age=31536000; includeSubDomains",
        "X-Content-Type-Options": "nosniff",
        "x-ms-correlation-request-id": "a935a3af-2ecf-4bda-a26a-80a4010e9eba",
        "x-ms-gatewayversion": "version=2.14.0",
        "x-ms-ratelimit-remaining-subscription-reads": "11988",
        "x-ms-request-id": "a935a3af-2ecf-4bda-a26a-80a4010e9eba",
        "x-ms-routing-request-id": "EASTUS:20230323T004833Z:a935a3af-2ecf-4bda-a26a-80a4010e9eba"
      },
      "ResponseBody": {
        "status": "Enqueued"
      }
    },
    {
      "RequestUri": "https://management.azure.com/subscriptions/259fbb24-9bcd-4cfc-865c-fc33b22fe38a/providers/Microsoft.DocumentDB/locations/westus2/operationsStatus/2272ebe2-ba42-42f8-b262-2833fd782da8?api-version=2022-11-15",
      "RequestMethod": "GET",
      "RequestHeaders": {
        "Authorization": "Sanitized",
        "traceparent": "00-5a22fc97e39b2448854e234a0a286ad1-840b9b2f34566944-00",
        "User-Agent": "azsdk-net-ResourceManager/1.4.0 (.NET Framework 4.8.4614.0; Microsoft Windows 10.0.19044 )",
        "x-ms-client-request-id": "7f1e0a666b1cd0d21c3f1926979f865c",
        "x-ms-return-client-request-id": "true"
      },
      "RequestBody": null,
      "StatusCode": 200,
      "ResponseHeaders": {
        "Cache-Control": "no-store, no-cache",
        "Content-Length": "21",
        "Content-Type": "application/json",
        "Date": "Thu, 23 Mar 2023 00:48:33 GMT",
        "Pragma": "no-cache",
        "Server": "Microsoft-HTTPAPI/2.0",
        "Strict-Transport-Security": "max-age=31536000; includeSubDomains",
        "X-Content-Type-Options": "nosniff",
        "x-ms-correlation-request-id": "b8bc99a1-50f5-49df-b624-db5f9b47b122",
        "x-ms-gatewayversion": "version=2.14.0",
        "x-ms-ratelimit-remaining-subscription-reads": "11987",
        "x-ms-request-id": "b8bc99a1-50f5-49df-b624-db5f9b47b122",
        "x-ms-routing-request-id": "EASTUS:20230323T004834Z:b8bc99a1-50f5-49df-b624-db5f9b47b122"
      },
      "ResponseBody": {
        "status": "Dequeued"
      }
    },
    {
      "RequestUri": "https://management.azure.com/subscriptions/259fbb24-9bcd-4cfc-865c-fc33b22fe38a/providers/Microsoft.DocumentDB/locations/westus2/operationsStatus/2272ebe2-ba42-42f8-b262-2833fd782da8?api-version=2022-11-15",
      "RequestMethod": "GET",
      "RequestHeaders": {
        "Authorization": "Sanitized",
        "traceparent": "00-5a22fc97e39b2448854e234a0a286ad1-cae9a27b0a33024b-00",
        "User-Agent": "azsdk-net-ResourceManager/1.4.0 (.NET Framework 4.8.4614.0; Microsoft Windows 10.0.19044 )",
        "x-ms-client-request-id": "8f0036e3f4392a39876102e44cc51647",
        "x-ms-return-client-request-id": "true"
      },
      "RequestBody": null,
      "StatusCode": 200,
      "ResponseHeaders": {
        "Cache-Control": "no-store, no-cache",
        "Content-Length": "21",
        "Content-Type": "application/json",
        "Date": "Thu, 23 Mar 2023 00:48:35 GMT",
        "Pragma": "no-cache",
        "Server": "Microsoft-HTTPAPI/2.0",
        "Strict-Transport-Security": "max-age=31536000; includeSubDomains",
        "X-Content-Type-Options": "nosniff",
        "x-ms-correlation-request-id": "3d5ca660-0293-47e5-bacc-5819d34df4ae",
        "x-ms-gatewayversion": "version=2.14.0",
        "x-ms-ratelimit-remaining-subscription-reads": "11986",
        "x-ms-request-id": "3d5ca660-0293-47e5-bacc-5819d34df4ae",
        "x-ms-routing-request-id": "EASTUS:20230323T004836Z:3d5ca660-0293-47e5-bacc-5819d34df4ae"
      },
      "ResponseBody": {
        "status": "Dequeued"
      }
    },
    {
      "RequestUri": "https://management.azure.com/subscriptions/259fbb24-9bcd-4cfc-865c-fc33b22fe38a/providers/Microsoft.DocumentDB/locations/westus2/operationsStatus/2272ebe2-ba42-42f8-b262-2833fd782da8?api-version=2022-11-15",
      "RequestMethod": "GET",
      "RequestHeaders": {
        "Authorization": "Sanitized",
        "traceparent": "00-5a22fc97e39b2448854e234a0a286ad1-f87d5e4ac6d8d144-00",
        "User-Agent": "azsdk-net-ResourceManager/1.4.0 (.NET Framework 4.8.4614.0; Microsoft Windows 10.0.19044 )",
        "x-ms-client-request-id": "b518f1530047b41815bb6a430f01f964",
        "x-ms-return-client-request-id": "true"
      },
      "RequestBody": null,
      "StatusCode": 200,
      "ResponseHeaders": {
        "Cache-Control": "no-store, no-cache",
        "Content-Length": "21",
        "Content-Type": "application/json",
        "Date": "Thu, 23 Mar 2023 00:48:40 GMT",
        "Pragma": "no-cache",
        "Server": "Microsoft-HTTPAPI/2.0",
        "Strict-Transport-Security": "max-age=31536000; includeSubDomains",
        "X-Content-Type-Options": "nosniff",
        "x-ms-correlation-request-id": "adb342e1-a452-4be9-b7bb-d481498a2cc0",
        "x-ms-gatewayversion": "version=2.14.0",
        "x-ms-ratelimit-remaining-subscription-reads": "11985",
        "x-ms-request-id": "adb342e1-a452-4be9-b7bb-d481498a2cc0",
        "x-ms-routing-request-id": "EASTUS:20230323T004840Z:adb342e1-a452-4be9-b7bb-d481498a2cc0"
      },
      "ResponseBody": {
        "status": "Dequeued"
      }
    },
    {
      "RequestUri": "https://management.azure.com/subscriptions/259fbb24-9bcd-4cfc-865c-fc33b22fe38a/providers/Microsoft.DocumentDB/locations/westus2/operationsStatus/2272ebe2-ba42-42f8-b262-2833fd782da8?api-version=2022-11-15",
      "RequestMethod": "GET",
      "RequestHeaders": {
        "Authorization": "Sanitized",
        "traceparent": "00-5a22fc97e39b2448854e234a0a286ad1-7fec453dc0588544-00",
        "User-Agent": "azsdk-net-ResourceManager/1.4.0 (.NET Framework 4.8.4614.0; Microsoft Windows 10.0.19044 )",
        "x-ms-client-request-id": "95923b419cc27184d0f3f8bb69ee8357",
        "x-ms-return-client-request-id": "true"
      },
      "RequestBody": null,
      "StatusCode": 200,
      "ResponseHeaders": {
        "Cache-Control": "no-store, no-cache",
        "Content-Length": "21",
        "Content-Type": "application/json",
        "Date": "Thu, 23 Mar 2023 00:48:48 GMT",
        "Pragma": "no-cache",
        "Server": "Microsoft-HTTPAPI/2.0",
        "Strict-Transport-Security": "max-age=31536000; includeSubDomains",
        "X-Content-Type-Options": "nosniff",
        "x-ms-correlation-request-id": "6eb50e4b-fd95-4d8b-969c-13c46e6950d0",
        "x-ms-gatewayversion": "version=2.14.0",
        "x-ms-ratelimit-remaining-subscription-reads": "11984",
        "x-ms-request-id": "6eb50e4b-fd95-4d8b-969c-13c46e6950d0",
        "x-ms-routing-request-id": "EASTUS:20230323T004848Z:6eb50e4b-fd95-4d8b-969c-13c46e6950d0"
      },
      "ResponseBody": {
        "status": "Dequeued"
      }
    },
    {
      "RequestUri": "https://management.azure.com/subscriptions/259fbb24-9bcd-4cfc-865c-fc33b22fe38a/providers/Microsoft.DocumentDB/locations/westus2/operationsStatus/2272ebe2-ba42-42f8-b262-2833fd782da8?api-version=2022-11-15",
      "RequestMethod": "GET",
      "RequestHeaders": {
        "Authorization": "Sanitized",
        "traceparent": "00-5a22fc97e39b2448854e234a0a286ad1-b292502cc9c5c04b-00",
        "User-Agent": "azsdk-net-ResourceManager/1.4.0 (.NET Framework 4.8.4614.0; Microsoft Windows 10.0.19044 )",
        "x-ms-client-request-id": "a5d3d129d187e2151d4c7a7e89f61a86",
        "x-ms-return-client-request-id": "true"
      },
      "RequestBody": null,
      "StatusCode": 200,
      "ResponseHeaders": {
        "Cache-Control": "no-store, no-cache",
        "Content-Length": "21",
        "Content-Type": "application/json",
        "Date": "Thu, 23 Mar 2023 00:49:04 GMT",
        "Pragma": "no-cache",
        "Server": "Microsoft-HTTPAPI/2.0",
        "Strict-Transport-Security": "max-age=31536000; includeSubDomains",
        "X-Content-Type-Options": "nosniff",
        "x-ms-correlation-request-id": "0aba5cd0-bb5c-4191-b59e-2fdae90c7e4c",
        "x-ms-gatewayversion": "version=2.14.0",
        "x-ms-ratelimit-remaining-subscription-reads": "11983",
        "x-ms-request-id": "0aba5cd0-bb5c-4191-b59e-2fdae90c7e4c",
        "x-ms-routing-request-id": "EASTUS:20230323T004904Z:0aba5cd0-bb5c-4191-b59e-2fdae90c7e4c"
      },
      "ResponseBody": {
        "status": "Dequeued"
      }
    },
    {
      "RequestUri": "https://management.azure.com/subscriptions/259fbb24-9bcd-4cfc-865c-fc33b22fe38a/providers/Microsoft.DocumentDB/locations/westus2/operationsStatus/2272ebe2-ba42-42f8-b262-2833fd782da8?api-version=2022-11-15",
      "RequestMethod": "GET",
      "RequestHeaders": {
        "Authorization": "Sanitized",
        "traceparent": "00-5a22fc97e39b2448854e234a0a286ad1-c56b98d59421fc4c-00",
        "User-Agent": "azsdk-net-ResourceManager/1.4.0 (.NET Framework 4.8.4614.0; Microsoft Windows 10.0.19044 )",
        "x-ms-client-request-id": "11a29d678033b6856ca6e453085c4b27",
        "x-ms-return-client-request-id": "true"
      },
      "RequestBody": null,
      "StatusCode": 200,
      "ResponseHeaders": {
        "Cache-Control": "no-store, no-cache",
        "Content-Length": "21",
        "Content-Type": "application/json",
        "Date": "Thu, 23 Mar 2023 00:49:36 GMT",
        "Pragma": "no-cache",
        "Server": "Microsoft-HTTPAPI/2.0",
        "Strict-Transport-Security": "max-age=31536000; includeSubDomains",
        "X-Content-Type-Options": "nosniff",
        "x-ms-correlation-request-id": "a53c4b9e-16a8-4efb-b35e-42f2a8484b72",
        "x-ms-gatewayversion": "version=2.14.0",
        "x-ms-ratelimit-remaining-subscription-reads": "11982",
        "x-ms-request-id": "a53c4b9e-16a8-4efb-b35e-42f2a8484b72",
        "x-ms-routing-request-id": "EASTUS:20230323T004936Z:a53c4b9e-16a8-4efb-b35e-42f2a8484b72"
      },
      "ResponseBody": {
        "status": "Dequeued"
      }
    },
    {
      "RequestUri": "https://management.azure.com/subscriptions/259fbb24-9bcd-4cfc-865c-fc33b22fe38a/providers/Microsoft.DocumentDB/locations/westus2/operationsStatus/2272ebe2-ba42-42f8-b262-2833fd782da8?api-version=2022-11-15",
      "RequestMethod": "GET",
      "RequestHeaders": {
        "Authorization": "Sanitized",
        "traceparent": "00-5a22fc97e39b2448854e234a0a286ad1-d78f088fb4920d41-00",
        "User-Agent": "azsdk-net-ResourceManager/1.4.0 (.NET Framework 4.8.4614.0; Microsoft Windows 10.0.19044 )",
        "x-ms-client-request-id": "3e1a1337532d70dd26b077762206e8da",
        "x-ms-return-client-request-id": "true"
      },
      "RequestBody": null,
      "StatusCode": 200,
      "ResponseHeaders": {
        "Cache-Control": "no-store, no-cache",
        "Content-Length": "21",
        "Content-Type": "application/json",
        "Date": "Thu, 23 Mar 2023 00:50:08 GMT",
        "Pragma": "no-cache",
        "Server": "Microsoft-HTTPAPI/2.0",
        "Strict-Transport-Security": "max-age=31536000; includeSubDomains",
        "X-Content-Type-Options": "nosniff",
        "x-ms-correlation-request-id": "8615b76b-534c-48e5-a1b6-a20eb0575985",
        "x-ms-gatewayversion": "version=2.14.0",
        "x-ms-ratelimit-remaining-subscription-reads": "11981",
        "x-ms-request-id": "8615b76b-534c-48e5-a1b6-a20eb0575985",
        "x-ms-routing-request-id": "EASTUS:20230323T005008Z:8615b76b-534c-48e5-a1b6-a20eb0575985"
      },
      "ResponseBody": {
        "status": "Dequeued"
      }
    },
    {
      "RequestUri": "https://management.azure.com/subscriptions/259fbb24-9bcd-4cfc-865c-fc33b22fe38a/providers/Microsoft.DocumentDB/locations/westus2/operationsStatus/2272ebe2-ba42-42f8-b262-2833fd782da8?api-version=2022-11-15",
      "RequestMethod": "GET",
      "RequestHeaders": {
        "Authorization": "Sanitized",
        "traceparent": "00-5a22fc97e39b2448854e234a0a286ad1-17c7f720f40c974e-00",
        "User-Agent": "azsdk-net-ResourceManager/1.4.0 (.NET Framework 4.8.4614.0; Microsoft Windows 10.0.19044 )",
        "x-ms-client-request-id": "cb5371d9714ba8244b1d39e0ecc1d9c1",
        "x-ms-return-client-request-id": "true"
      },
      "RequestBody": null,
      "StatusCode": 200,
      "ResponseHeaders": {
        "Cache-Control": "no-store, no-cache",
        "Content-Length": "21",
        "Content-Type": "application/json",
        "Date": "Thu, 23 Mar 2023 00:50:39 GMT",
        "Pragma": "no-cache",
        "Server": "Microsoft-HTTPAPI/2.0",
        "Strict-Transport-Security": "max-age=31536000; includeSubDomains",
        "X-Content-Type-Options": "nosniff",
        "x-ms-correlation-request-id": "5d5c647f-aa46-4ca7-9594-9a77db70e950",
        "x-ms-gatewayversion": "version=2.14.0",
        "x-ms-ratelimit-remaining-subscription-reads": "11980",
        "x-ms-request-id": "5d5c647f-aa46-4ca7-9594-9a77db70e950",
        "x-ms-routing-request-id": "EASTUS:20230323T005040Z:5d5c647f-aa46-4ca7-9594-9a77db70e950"
      },
      "ResponseBody": {
        "status": "Dequeued"
      }
    },
    {
      "RequestUri": "https://management.azure.com/subscriptions/259fbb24-9bcd-4cfc-865c-fc33b22fe38a/providers/Microsoft.DocumentDB/locations/westus2/operationsStatus/2272ebe2-ba42-42f8-b262-2833fd782da8?api-version=2022-11-15",
      "RequestMethod": "GET",
      "RequestHeaders": {
        "Authorization": "Sanitized",
        "Connection": "close",
        "traceparent": "00-5a22fc97e39b2448854e234a0a286ad1-342a3d8d084e8148-00",
        "User-Agent": "azsdk-net-ResourceManager/1.4.0 (.NET Framework 4.8.4614.0; Microsoft Windows 10.0.19044 )",
        "x-ms-client-request-id": "76465300dcdc1458c032eb82090f9365",
        "x-ms-return-client-request-id": "true"
      },
      "RequestBody": null,
      "StatusCode": 200,
      "ResponseHeaders": {
        "Cache-Control": "no-store, no-cache",
        "Connection": "close",
        "Content-Length": "21",
        "Content-Type": "application/json",
        "Date": "Thu, 23 Mar 2023 00:51:13 GMT",
        "Pragma": "no-cache",
        "Server": "Microsoft-HTTPAPI/2.0",
        "Strict-Transport-Security": "max-age=31536000; includeSubDomains",
        "X-Content-Type-Options": "nosniff",
        "x-ms-correlation-request-id": "30fac8f1-dab2-4870-b1f4-8b598c33bde7",
        "x-ms-gatewayversion": "version=2.14.0",
        "x-ms-ratelimit-remaining-subscription-reads": "11979",
        "x-ms-request-id": "30fac8f1-dab2-4870-b1f4-8b598c33bde7",
        "x-ms-routing-request-id": "EASTUS:20230323T005113Z:30fac8f1-dab2-4870-b1f4-8b598c33bde7"
      },
      "ResponseBody": {
        "status": "Dequeued"
      }
    },
    {
      "RequestUri": "https://management.azure.com/subscriptions/259fbb24-9bcd-4cfc-865c-fc33b22fe38a/providers/Microsoft.DocumentDB/locations/westus2/operationsStatus/2272ebe2-ba42-42f8-b262-2833fd782da8?api-version=2022-11-15",
      "RequestMethod": "GET",
      "RequestHeaders": {
        "Authorization": "Sanitized",
        "traceparent": "00-5a22fc97e39b2448854e234a0a286ad1-0958589949510a4d-00",
        "User-Agent": "azsdk-net-ResourceManager/1.4.0 (.NET Framework 4.8.4614.0; Microsoft Windows 10.0.19044 )",
        "x-ms-client-request-id": "967a0abe8009c6dbef71f2101afc8364",
        "x-ms-return-client-request-id": "true"
      },
      "RequestBody": null,
      "StatusCode": 200,
      "ResponseHeaders": {
        "Cache-Control": "no-store, no-cache",
        "Content-Length": "21",
        "Content-Type": "application/json",
        "Date": "Thu, 23 Mar 2023 00:51:44 GMT",
        "Pragma": "no-cache",
        "Server": "Microsoft-HTTPAPI/2.0",
        "Strict-Transport-Security": "max-age=31536000; includeSubDomains",
        "X-Content-Type-Options": "nosniff",
        "x-ms-correlation-request-id": "42c80d8f-5e28-4330-9db0-068c833c9524",
        "x-ms-gatewayversion": "version=2.14.0",
        "x-ms-ratelimit-remaining-subscription-reads": "11999",
        "x-ms-request-id": "42c80d8f-5e28-4330-9db0-068c833c9524",
        "x-ms-routing-request-id": "EASTUS:20230323T005145Z:42c80d8f-5e28-4330-9db0-068c833c9524"
      },
      "ResponseBody": {
        "status": "Dequeued"
      }
    },
    {
      "RequestUri": "https://management.azure.com/subscriptions/259fbb24-9bcd-4cfc-865c-fc33b22fe38a/providers/Microsoft.DocumentDB/locations/westus2/operationsStatus/2272ebe2-ba42-42f8-b262-2833fd782da8?api-version=2022-11-15",
      "RequestMethod": "GET",
      "RequestHeaders": {
        "Authorization": "Sanitized",
        "traceparent": "00-5a22fc97e39b2448854e234a0a286ad1-bb8ddf6ea1f90048-00",
        "User-Agent": "azsdk-net-ResourceManager/1.4.0 (.NET Framework 4.8.4614.0; Microsoft Windows 10.0.19044 )",
        "x-ms-client-request-id": "cf75b6d671c0fcfe193f0a1886a19f3c",
        "x-ms-return-client-request-id": "true"
      },
      "RequestBody": null,
      "StatusCode": 200,
      "ResponseHeaders": {
        "Cache-Control": "no-store, no-cache",
        "Content-Length": "21",
        "Content-Type": "application/json",
        "Date": "Thu, 23 Mar 2023 00:52:17 GMT",
        "Pragma": "no-cache",
        "Server": "Microsoft-HTTPAPI/2.0",
        "Strict-Transport-Security": "max-age=31536000; includeSubDomains",
        "X-Content-Type-Options": "nosniff",
        "x-ms-correlation-request-id": "7ecce336-3368-457e-bae8-27c7990036af",
        "x-ms-gatewayversion": "version=2.14.0",
        "x-ms-ratelimit-remaining-subscription-reads": "11998",
        "x-ms-request-id": "7ecce336-3368-457e-bae8-27c7990036af",
        "x-ms-routing-request-id": "EASTUS:20230323T005217Z:7ecce336-3368-457e-bae8-27c7990036af"
      },
      "ResponseBody": {
        "status": "Dequeued"
      }
    },
    {
      "RequestUri": "https://management.azure.com/subscriptions/259fbb24-9bcd-4cfc-865c-fc33b22fe38a/providers/Microsoft.DocumentDB/locations/westus2/operationsStatus/2272ebe2-ba42-42f8-b262-2833fd782da8?api-version=2022-11-15",
      "RequestMethod": "GET",
      "RequestHeaders": {
        "Authorization": "Sanitized",
        "traceparent": "00-5a22fc97e39b2448854e234a0a286ad1-0dbd351bf2286e40-00",
        "User-Agent": "azsdk-net-ResourceManager/1.4.0 (.NET Framework 4.8.4614.0; Microsoft Windows 10.0.19044 )",
        "x-ms-client-request-id": "e222d389424680b87780876ae948fac4",
        "x-ms-return-client-request-id": "true"
      },
      "RequestBody": null,
      "StatusCode": 200,
      "ResponseHeaders": {
        "Cache-Control": "no-store, no-cache",
        "Content-Length": "22",
        "Content-Type": "application/json",
        "Date": "Thu, 23 Mar 2023 00:52:49 GMT",
        "Pragma": "no-cache",
        "Server": "Microsoft-HTTPAPI/2.0",
        "Strict-Transport-Security": "max-age=31536000; includeSubDomains",
        "X-Content-Type-Options": "nosniff",
        "x-ms-correlation-request-id": "2d5841d2-da33-4610-9cf6-ec25594e26c5",
        "x-ms-gatewayversion": "version=2.14.0",
        "x-ms-ratelimit-remaining-subscription-reads": "11997",
        "x-ms-request-id": "2d5841d2-da33-4610-9cf6-ec25594e26c5",
        "x-ms-routing-request-id": "EASTUS:20230323T005249Z:2d5841d2-da33-4610-9cf6-ec25594e26c5"
      },
      "ResponseBody": {
        "status": "Succeeded"
      }
    },
    {
      "RequestUri": "https://management.azure.com/subscriptions/259fbb24-9bcd-4cfc-865c-fc33b22fe38a/resourceGroups/dbaccount-5226/providers/Microsoft.DocumentDB/databaseAccounts/dbaccount-3763?api-version=2022-11-15",
      "RequestMethod": "GET",
      "RequestHeaders": {
        "Authorization": "Sanitized",
        "traceparent": "00-5a22fc97e39b2448854e234a0a286ad1-f40b48540554a545-00",
        "User-Agent": "azsdk-net-ResourceManager/1.4.0 (.NET Framework 4.8.4614.0; Microsoft Windows 10.0.19044 )",
        "x-ms-client-request-id": "52ac86aec39a4da50b7d7dc975c23f4d",
        "x-ms-return-client-request-id": "true"
      },
      "RequestBody": null,
      "StatusCode": 200,
      "ResponseHeaders": {
        "Cache-Control": "no-store, no-cache",
        "Content-Length": "2812",
        "Content-Type": "application/json",
        "Date": "Thu, 23 Mar 2023 00:52:49 GMT",
        "Pragma": "no-cache",
        "Server": "Microsoft-HTTPAPI/2.0",
        "Strict-Transport-Security": "max-age=31536000; includeSubDomains",
        "X-Content-Type-Options": "nosniff",
        "x-ms-correlation-request-id": "96ae6d37-826a-4b12-8fc3-8bb1e71fae29",
        "x-ms-gatewayversion": "version=2.14.0",
        "x-ms-ratelimit-remaining-subscription-reads": "11996",
        "x-ms-request-id": "96ae6d37-826a-4b12-8fc3-8bb1e71fae29",
        "x-ms-routing-request-id": "EASTUS:20230323T005250Z:96ae6d37-826a-4b12-8fc3-8bb1e71fae29"
      },
      "ResponseBody": {
        "id": "/subscriptions/259fbb24-9bcd-4cfc-865c-fc33b22fe38a/resourceGroups/dbaccount-5226/providers/Microsoft.DocumentDB/databaseAccounts/dbaccount-3763",
        "name": "dbaccount-3763",
        "location": "West US 2",
        "type": "Microsoft.DocumentDB/databaseAccounts",
        "kind": "GlobalDocumentDB",
        "tags": {
          "key1": "value1",
          "key2": "value2"
        },
        "systemData": {
          "createdAt": "2023-03-23T00:52:24.2705789Z"
        },
        "properties": {
          "provisioningState": "Succeeded",
          "documentEndpoint": "https://dbaccount-3763.documents.azure.com:443/",
          "cassandraEndpoint": "https://dbaccount-3763.cassandra.cosmos.azure.com:443/",
          "sqlEndpoint": "https://dbaccount-3763.documents.azure.com:443/",
          "publicNetworkAccess": "Enabled",
          "enableAutomaticFailover": false,
          "enableMultipleWriteLocations": false,
          "enablePartitionKeyMonitor": false,
          "isVirtualNetworkFilterEnabled": true,
          "virtualNetworkRules": [],
          "EnabledApiTypes": "Cassandra",
          "disableKeyBasedMetadataWriteAccess": false,
          "enableFreeTier": false,
          "enableAnalyticalStorage": false,
          "analyticalStorageConfiguration": {
            "schemaType": "WellDefined"
          },
          "instanceId": "7c04eecc-e3e0-4e70-ab0c-e96c07a740c6",
          "databaseAccountOfferType": "Standard",
          "defaultIdentity": "FirstPartyIdentity",
          "networkAclBypass": "None",
          "disableLocalAuth": false,
          "enablePartitionMerge": false,
          "minimalTlsVersion": "Tls12",
          "consistencyPolicy": {
            "defaultConsistencyLevel": "BoundedStaleness",
            "maxIntervalInSeconds": 1000,
            "maxStalenessPrefix": 300
          },
          "configurationOverrides": {},
          "writeLocations": [
            {
              "id": "dbaccount-3763-westus",
              "locationName": "West US",
              "documentEndpoint": "https://dbaccount-3763-westus.documents.azure.com:443/",
              "provisioningState": "Succeeded",
              "failoverPriority": 0,
              "isZoneRedundant": false
            }
          ],
          "readLocations": [
            {
              "id": "dbaccount-3763-westus",
              "locationName": "West US",
              "documentEndpoint": "https://dbaccount-3763-westus.documents.azure.com:443/",
              "provisioningState": "Succeeded",
              "failoverPriority": 0,
              "isZoneRedundant": false
            }
          ],
          "locations": [
            {
              "id": "dbaccount-3763-westus",
              "locationName": "West US",
              "documentEndpoint": "https://dbaccount-3763-westus.documents.azure.com:443/",
              "provisioningState": "Succeeded",
              "failoverPriority": 0,
              "isZoneRedundant": false
            }
          ],
          "failoverPolicies": [
            {
              "id": "dbaccount-3763-westus",
              "locationName": "West US",
              "failoverPriority": 0
            }
          ],
          "cors": [],
          "capabilities": [
            {
              "name": "EnableCassandra"
            }
          ],
          "ipRules": [
            {
              "ipAddressOrRange": "23.43.230.120"
            }
          ],
          "backupPolicy": {
            "type": "Periodic",
            "periodicModeProperties": {
              "backupIntervalInMinutes": 240,
              "backupRetentionIntervalInHours": 8,
              "backupStorageRedundancy": "Geo"
            }
          },
          "networkAclBypassResourceIds": [],
          "keysMetadata": {
            "primaryMasterKey": {
              "generationTime": "2023-03-23T00:52:24.2705789Z"
            },
            "secondaryMasterKey": {
              "generationTime": "2023-03-23T00:52:24.2705789Z"
            },
            "primaryReadonlyMasterKey": {
              "generationTime": "2023-03-23T00:52:24.2705789Z"
            },
            "secondaryReadonlyMasterKey": {
              "generationTime": "2023-03-23T00:52:24.2705789Z"
            }
          }
        },
        "identity": {
          "type": "None"
        }
      }
    }
  ],
  "Variables": {
    "AZURE_AUTHORITY_HOST": "https://login.microsoftonline.com/",
    "RandomSeed": "1047633026",
    "RESOURCE_MANAGER_URL": "https://management.azure.com/",
    "SUBSCRIPTION_ID": "259fbb24-9bcd-4cfc-865c-fc33b22fe38a"
  }
}
