{
  "Entries": [
    {
      "RequestUri": "https://srnagar-healthinsights.cognitiveservices.azure.com/healthinsights/trialmatcher/jobs?api-version=2023-03-01-preview",
      "RequestMethod": "POST",
      "RequestHeaders": {
        "Accept": "application/json",
        "Content-Length": "2404",
        "Content-Type": "application/json",
        "Ocp-Apim-Subscription-Key": "Sanitized",
        "Repeatability-First-Sent": "Fri, 14 Jul 2023 06:39:05 GMT",
        "Repeatability-Request-ID": "7ee666e4-4631-467b-841e-788b8e59a4fa",
        "traceparent": "00-50b8bd3c7db27cdfab36be4d1f6af16d-4c44f827d3c0ab64-00",
        "User-Agent": "azsdk-net-Health.Insights.ClinicalMatching/1.0.0-alpha.20230714.1 (.NET 6.0.20; Microsoft Windows 10.0.19045)",
        "x-ms-client-request-id": "c55ca13f093e4d56674cb2f6e60c34d2",
        "x-ms-return-client-request-id": "true"
      },
      "RequestBody": {
        "configuration": {
          "clinicalTrials": {
            "registryFilters": [
              {
                "conditions": [
                  "non small cell lung cancer (nsclc)"
                ],
                "sources": [
                  "clinicaltrials_gov"
                ],
                "recruitmentStatuses": [
                  "recruiting"
                ],
                "facilityLocations": [
                  {
                    "city": "gilbert",
                    "state": "arizona",
                    "countryOrRegion": "United States"
                  }
                ]
              }
            ]
          },
          "includeEvidence": true
        },
        "patients": [
          {
            "id": "patient1",
            "info": {
              "sex": "male",
              "birthDate": "1961-04-25",
              "clinicalInfo": [
                {
                  "system": "http://www.nlm.nih.gov/research/umls",
                  "code": "C0032181",
                  "name": "Platelet count",
                  "value": "250000"
                },
                {
                  "system": "http://www.nlm.nih.gov/research/umls",
                  "code": "C0002965",
                  "name": "Unstable Angina",
                  "value": "true"
                },
                {
                  "system": "http://www.nlm.nih.gov/research/umls",
                  "code": "C1522449",
                  "name": "Radiotherapy",
                  "value": "false"
                },
                {
                  "system": "http://www.nlm.nih.gov/research/umls",
                  "code": "C0242957",
                  "name": "GeneOrProtein-Expression",
                  "value": "Negative;EntityType:GENEORPROTEIN-EXPRESSION"
                },
                {
                  "system": "http://www.nlm.nih.gov/research/umls",
                  "code": "C1300072",
                  "name": "cancer stage",
                  "value": "2"
                }
              ]
            }
          }
        ]
      },
      "StatusCode": 202,
      "ResponseHeaders": {
        "apim-request-id": "fe79c1ed-9829-4f48-9aeb-2d7c5af5e8d2",
        "Content-Length": "0",
        "Date": "Fri, 14 Jul 2023 06:39:07 GMT",
        "operation-location": "https://srnagar-healthinsights.cognitiveservices.azure.com/healthinsights/trialmatcher/jobs/7ee666e4-4631-467b-841e-788b8e59a4fa?api-version=2023-03-01-preview",
        "repeatability-result": "accepted",
        "Retry-After": "1",
        "Strict-Transport-Security": "max-age=31536000; includeSubDomains; preload",
        "X-Content-Type-Options": "nosniff",
        "x-envoy-upstream-service-time": "1123",
        "x-ms-region": "West US 2"
      },
      "ResponseBody": null
    },
    {
      "RequestUri": "https://srnagar-healthinsights.cognitiveservices.azure.com/healthinsights/trialmatcher/jobs/7ee666e4-4631-467b-841e-788b8e59a4fa?api-version=2023-03-01-preview",
      "RequestMethod": "GET",
      "RequestHeaders": {
        "Ocp-Apim-Subscription-Key": "Sanitized",
        "traceparent": "00-50b8bd3c7db27cdfab36be4d1f6af16d-bbd1c7814e39db87-00",
        "User-Agent": "azsdk-net-Health.Insights.ClinicalMatching/1.0.0-alpha.20230714.1 (.NET 6.0.20; Microsoft Windows 10.0.19045)",
        "x-ms-client-request-id": "fdcc3889ec88d5dede8b083ee85e3b79",
        "x-ms-return-client-request-id": "true"
      },
      "RequestBody": null,
      "StatusCode": 200,
      "ResponseHeaders": {
        "apim-request-id": "d337b567-41f9-40b5-b8d7-cdaa4aeccde3",
        "Content-Length": "196",
        "Content-Type": "application/json; charset=utf-8",
        "Date": "Fri, 14 Jul 2023 06:39:08 GMT",
        "Retry-After": "1",
        "Strict-Transport-Security": "max-age=31536000; includeSubDomains; preload",
        "X-Content-Type-Options": "nosniff",
        "x-envoy-upstream-service-time": "446",
        "x-ms-region": "West US 2"
      },
      "ResponseBody": {
        "jobId": "7ee666e4-4631-467b-841e-788b8e59a4fa",
        "createdDateTime": "2023-07-14T06:39:07Z",
        "expirationDateTime": "2023-07-15T06:39:07Z",
        "lastUpdateDateTime": "2023-07-14T06:39:07Z",
        "status": "running"
      }
    },
    {
      "RequestUri": "https://srnagar-healthinsights.cognitiveservices.azure.com/healthinsights/trialmatcher/jobs/7ee666e4-4631-467b-841e-788b8e59a4fa?api-version=2023-03-01-preview",
      "RequestMethod": "GET",
      "RequestHeaders": {
        "Ocp-Apim-Subscription-Key": "Sanitized",
        "traceparent": "00-50b8bd3c7db27cdfab36be4d1f6af16d-f9744073d17cec12-00",
        "User-Agent": "azsdk-net-Health.Insights.ClinicalMatching/1.0.0-alpha.20230714.1 (.NET 6.0.20; Microsoft Windows 10.0.19045)",
        "x-ms-client-request-id": "a8e4bed5089ed27c3b80da2223eddaf6",
        "x-ms-return-client-request-id": "true"
      },
      "RequestBody": null,
      "StatusCode": 200,
      "ResponseHeaders": {
        "apim-request-id": "ae30aad7-bbb5-4f83-ab66-1c21e4fc98d8",
        "Content-Length": "196",
        "Content-Type": "application/json; charset=utf-8",
        "Date": "Fri, 14 Jul 2023 06:39:09 GMT",
        "Retry-After": "1",
        "Strict-Transport-Security": "max-age=31536000; includeSubDomains; preload",
        "X-Content-Type-Options": "nosniff",
        "x-envoy-upstream-service-time": "403",
        "x-ms-region": "West US 2"
      },
      "ResponseBody": {
        "jobId": "7ee666e4-4631-467b-841e-788b8e59a4fa",
        "createdDateTime": "2023-07-14T06:39:07Z",
        "expirationDateTime": "2023-07-15T06:39:07Z",
        "lastUpdateDateTime": "2023-07-14T06:39:07Z",
        "status": "running"
      }
    },
    {
      "RequestUri": "https://srnagar-healthinsights.cognitiveservices.azure.com/healthinsights/trialmatcher/jobs/7ee666e4-4631-467b-841e-788b8e59a4fa?api-version=2023-03-01-preview",
      "RequestMethod": "GET",
      "RequestHeaders": {
        "Ocp-Apim-Subscription-Key": "Sanitized",
        "traceparent": "00-50b8bd3c7db27cdfab36be4d1f6af16d-75fbdfb044ec7773-00",
        "User-Agent": "azsdk-net-Health.Insights.ClinicalMatching/1.0.0-alpha.20230714.1 (.NET 6.0.20; Microsoft Windows 10.0.19045)",
        "x-ms-client-request-id": "fb8494ceda715398c287e6b301176409",
        "x-ms-return-client-request-id": "true"
      },
      "RequestBody": null,
      "StatusCode": 200,
      "ResponseHeaders": {
        "apim-request-id": "91da23a0-f68c-4247-a61a-b2c54f45756f",
        "Content-Length": "7748",
        "Content-Type": "application/json; charset=utf-8",
        "Date": "Fri, 14 Jul 2023 06:39:11 GMT",
        "Strict-Transport-Security": "max-age=31536000; includeSubDomains; preload",
        "X-Content-Type-Options": "nosniff",
        "x-envoy-upstream-service-time": "78",
        "x-ms-region": "West US 2"
      },
      "ResponseBody": {
        "results": {
          "patients": [
            {
              "id": "patient1",
              "inferences": [
                {
                  "type": "trialEligibility",
                  "evidence": [
                    {
                      "eligibilityCriteriaEvidence": "Inclusion: Is able to receive SBRT and does not have an ultra - centrally located tumor",
                      "patientInfoEvidence": {
                        "system": "http://www.nlm.nih.gov/research/umls",
                        "code": "C1522449",
                        "name": "Radiotherapy",
                        "value": "false"
                      },
                      "importance": 0.0
                    },
                    {
                      "eligibilityCriteriaEvidence": "Inclusion: Has a radiation therapy plan approved by the central radiation therapy quality assurance vendor",
                      "patientInfoEvidence": {
                        "system": "http://www.nlm.nih.gov/research/umls",
                        "code": "C1522449",
                        "name": "Radiotherapy",
                        "value": "false"
                      },
                      "importance": 0.0
                    }
                  ],
                  "id": "NCT03924869",
                  "source": "Sanitized",
                  "value": "Ineligible",
                  "confidenceScore": 0.0
                },
                {
                  "type": "trialEligibility",
                  "evidence": [
                    {
                      "eligibilityCriteriaEvidence": "Inclusion: Last dose of previous anticancer therapy \u2265 21 days, radiotherapy \u003E 21 days, or surgical intervention \u003E 21 days prior to the first dose of T3011.",
                      "patientInfoEvidence": {
                        "system": "http://www.nlm.nih.gov/research/umls",
                        "code": "C1522449",
                        "name": "Radiotherapy",
                        "value": "false"
                      },
                      "importance": 0.0
                    }
                  ],
                  "id": "NCT04370587",
                  "source": "Sanitized",
                  "value": "Ineligible",
                  "confidenceScore": 0.0
                },
                {
                  "type": "trialEligibility",
                  "evidence": [
                    {
                      "eligibilityCriteriaEvidence": "Exclusion: Severe, active co-morbidity defined as follows: Unstable angina and/or congestive heart failure requiring hospitalization within the last 3 months",
                      "patientInfoEvidence": {
                        "system": "http://www.nlm.nih.gov/research/umls",
                        "code": "C0002965",
                        "name": "Unstable Angina",
                        "value": "true"
                      },
                      "importance": 0.0
                    }
                  ],
                  "id": "NCT03811002",
                  "source": "Sanitized",
                  "value": "Ineligible",
                  "confidenceScore": 0.0
                },
                {
                  "type": "trialEligibility",
                  "evidence": [
                    {
                      "eligibilityCriteriaEvidence": "Inclusion: PATIENT PRE-REGISTRATION ELIGIBILITY CRITERIA: No patients known to be pregnant or lactating, PATIENT REGISTRATION ELIGIBILITY CRITERIA: In order to allow for time for central genotyping and eligibility for the ALCHEMIST treatment trial, patients must register within the following eligibility windows: Non-squamous patients: If adjuvant chemotherapy and radiation, register patient within 285 days following surgery",
                      "patientInfoEvidence": {
                        "system": "http://www.nlm.nih.gov/research/umls",
                        "code": "C0032961",
                        "name": "Pregnancy",
                        "value": "false"
                      },
                      "importance": 0.0
                    },
                    {
                      "eligibilityCriteriaEvidence": "Inclusion: PATIENT PRE-REGISTRATION ELIGIBILITY CRITERIA: No patients known to be pregnant or lactating, PATIENT REGISTRATION ELIGIBILITY CRITERIA: In order to allow for time for central genotyping and eligibility for the ALCHEMIST treatment trial, patients must register within the following eligibility windows: Non-squamous patients: If adjuvant chemotherapy and radiation, register patient within 285 days following surgery",
                      "patientInfoEvidence": {
                        "system": "http://www.nlm.nih.gov/research/umls",
                        "code": "C1522449",
                        "name": "Radiotherapy",
                        "value": "false"
                      },
                      "importance": 0.0
                    }
                  ],
                  "id": "NCT02194738",
                  "source": "Sanitized",
                  "value": "Ineligible",
                  "confidenceScore": 0.0
                },
                {
                  "type": "trialEligibility",
                  "evidence": [
                    {
                      "eligibilityCriteriaEvidence": "Exclusion: Has known active central nervous system metastases and/or carcinomatous meningitis",
                      "patientInfoEvidence": {
                        "system": "http://www.nlm.nih.gov/research/umls",
                        "code": "C0002965",
                        "name": "Unstable Angina",
                        "value": "true"
                      },
                      "importance": 0.0
                    }
                  ],
                  "id": "NCT04165798",
                  "source": "Sanitized",
                  "value": "Ineligible",
                  "confidenceScore": 0.0
                },
                {
                  "type": "trialEligibility",
                  "evidence": [
                    {
                      "eligibilityCriteriaEvidence": "Exclusion: Has known active central nervous system metastases and/or carcinomatous meningitis",
                      "patientInfoEvidence": {
                        "system": "http://www.nlm.nih.gov/research/umls",
                        "code": "C0002965",
                        "name": "Unstable Angina",
                        "value": "true"
                      },
                      "importance": 0.0
                    }
                  ],
                  "id": "NCT04165083",
                  "source": "Sanitized",
                  "value": "Ineligible",
                  "confidenceScore": 0.0
                },
                {
                  "type": "trialEligibility",
                  "evidence": [
                    {
                      "eligibilityCriteriaEvidence": "Exclusion: Any history of primary brain or leptomeningeal disease , presence of symptomatic central nervous system metastases, or CNS metastases that require local treatment .",
                      "patientInfoEvidence": {
                        "system": "http://www.nlm.nih.gov/research/umls",
                        "code": "C0002965",
                        "name": "Unstable Angina",
                        "value": "true"
                      },
                      "importance": 0.0
                    },
                    {
                      "eligibilityCriteriaEvidence": "Inclusion: Measurable disease by RECIST v1.1 with at least one lesion not chosen for biopsy during the screening period that can be accurately measured at baseline with computed tomography or magnetic resonance imaging and that is suitable for accurate repeated measurements. A biopsied lesion should not be used as a target lesion for RECIST 1.1 tumor assessments. Previously irradiated lesions must have shown progression to be considered measurable.",
                      "patientInfoEvidence": {
                        "system": "http://www.nlm.nih.gov/research/umls",
                        "code": "C1522449",
                        "name": "Radiotherapy",
                        "value": "false"
                      },
                      "importance": 0.0
                    },
                    {
                      "eligibilityCriteriaEvidence": "Inclusion: Adequate bone marrow function as assessed by the following laboratory tests to be conducted within 7 days before the first dose of study treatment: Platelets \u2265 100 \u00D7 10 ^ 9 cells / L.",
                      "patientInfoEvidence": {
                        "system": "http://www.nlm.nih.gov/research/umls",
                        "code": "C0032181",
                        "name": "Platelet count",
                        "value": "250000"
                      },
                      "importance": 0.0
                    }
                  ],
                  "id": "NCT05099172",
                  "source": "Sanitized",
                  "value": "Ineligible",
                  "confidenceScore": 0.0
                },
                {
                  "type": "trialEligibility",
                  "evidence": [
                    {
                      "eligibilityCriteriaEvidence": "Exclusion: Has known active central nervous system metastases and/or carcinomatous meningitis",
                      "patientInfoEvidence": {
                        "system": "http://www.nlm.nih.gov/research/umls",
                        "code": "C0002965",
                        "name": "Unstable Angina",
                        "value": "true"
                      },
                      "importance": 0.0
                    }
                  ],
                  "id": "NCT04165070",
                  "source": "Sanitized",
                  "value": "Ineligible",
                  "confidenceScore": 0.0
                },
                {
                  "type": "trialEligibility",
                  "id": "NCT02201992",
                  "source": "Sanitized",
                  "value": "Eligible",
                  "confidenceScore": 0.0
                },
                {
                  "type": "trialEligibility",
                  "id": "NCT04367311",
                  "source": "Sanitized",
                  "value": "Eligible",
                  "confidenceScore": 0.0
                },
                {
                  "type": "trialEligibility",
                  "id": "NCT04267848",
                  "source": "Sanitized",
                  "value": "Eligible",
                  "confidenceScore": 0.0
                },
                {
                  "type": "trialEligibility",
                  "id": "NCT03175224",
                  "source": "Sanitized",
                  "value": "Eligible",
                  "confidenceScore": 0.0
                },
                {
                  "type": "trialEligibility",
                  "id": "NCT04092283",
                  "source": "Sanitized",
                  "value": "Eligible",
                  "confidenceScore": 0.0
                },
                {
                  "type": "trialEligibility",
                  "id": "NCT03767348",
                  "source": "Sanitized",
                  "value": "Eligible",
                  "confidenceScore": 0.0
                },
                {
                  "type": "trialEligibility",
                  "id": "NCT04200963",
                  "source": "Sanitized",
                  "value": "Eligible",
                  "confidenceScore": 0.0
                },
                {
                  "type": "trialEligibility",
                  "id": "NCT02716116",
                  "source": "Sanitized",
                  "value": "Eligible",
                  "confidenceScore": 0.0
                },
                {
                  "type": "trialEligibility",
                  "id": "NCT04476797",
                  "source": "Sanitized",
                  "value": "Eligible",
                  "confidenceScore": 0.0
                },
                {
                  "type": "trialEligibility",
                  "id": "NCT04981119",
                  "source": "Sanitized",
                  "value": "Eligible",
                  "confidenceScore": 0.0
                },
                {
                  "type": "trialEligibility",
                  "id": "NCT05215574",
                  "source": "Sanitized",
                  "value": "Eligible",
                  "confidenceScore": 0.0
                }
              ],
              "neededClinicalInfo": [
                {
                  "semanticType": "T093",
                  "category": "ExaminationName",
                  "system": "http://www.nlm.nih.gov/research/umls",
                  "code": "C1512162",
                  "name": "Eastern Cooperative Oncology Group",
                  "value": ";EntityType:ExaminationName"
                },
                {
                  "semanticType": "T061",
                  "category": "TreatmentName",
                  "system": "http://www.nlm.nih.gov/research/umls",
                  "code": "C1515119",
                  "name": "Systemic Therapy",
                  "value": ";EntityType:TreatmentName"
                },
                {
                  "semanticType": "T191",
                  "category": "Diagnosis",
                  "system": "http://www.nlm.nih.gov/research/umls",
                  "code": "C0007131",
                  "name": "Non-Small Cell Lung Carcinoma",
                  "value": ";EntityType:Diagnosis"
                }
              ]
            }
          ],
          "modelVersion": "2023-03-01-preview",
          "knowledgeGraphLastUpdateDate": "2023-05-22"
        },
        "jobId": "7ee666e4-4631-467b-841e-788b8e59a4fa",
        "createdDateTime": "2023-07-14T06:39:07Z",
        "expirationDateTime": "2023-07-15T06:39:07Z",
        "lastUpdateDateTime": "2023-07-14T06:39:10Z",
        "status": "succeeded"
      }
    }
  ],
  "Variables": {
    "AZURE_HEALTH_INSIGHTS_API_KEY": "Sanitized",
    "AZURE_HEALTH_INSIGHTS_ENDPOINT": "https://srnagar-healthinsights.cognitiveservices.azure.com/",
    "RandomSeed": "348819391"
  }
}
