{
  "Entries": [
    {
      "RequestUri": "https://jaschrepragrs.file.core.windows.net/test-share-93f5fe59-3313-e35e-3dd5-4726140aa5f4?restype=share",
      "RequestMethod": "PUT",
      "RequestHeaders": {
        "Accept": "application/xml",
        "Authorization": "Sanitized",
        "Content-Length": "0",
        "traceparent": "00-2bb1f57ce8c0d34ea43c72eda34fbb5f-3bb632a6c3f0964f-00",
        "User-Agent": "azsdk-net-Storage.Files.Shares/12.10.0-alpha.20220504.1 (.NET Framework 4.8.4470.0; Microsoft Windows 10.0.22000 )",
        "x-ms-client-request-id": "f03e7e6e-d77c-ddda-4454-5c8027ec8184",
        "x-ms-date": "Mon, 09 May 2022 21:52:20 GMT",
        "x-ms-return-client-request-id": "true",
        "x-ms-version": "2021-06-08"
      },
      "RequestBody": null,
      "StatusCode": 201,
      "ResponseHeaders": {
        "Content-Length": "0",
        "Date": "Mon, 09 May 2022 21:52:19 GMT",
        "ETag": "\u00220x8DA320630F9B029\u0022",
        "Last-Modified": "Mon, 09 May 2022 21:52:19 GMT",
        "Server": [
          "Windows-Azure-File/1.0",
          "Microsoft-HTTPAPI/2.0"
        ],
        "x-ms-client-request-id": "f03e7e6e-d77c-ddda-4454-5c8027ec8184",
        "x-ms-request-id": "7cee12be-301a-0060-3def-63a589000000",
        "x-ms-version": "2021-06-08"
      },
      "ResponseBody": null
    },
    {
      "RequestUri": "https://jaschrepragrs.file.core.windows.net/test-share-93f5fe59-3313-e35e-3dd5-4726140aa5f4/test-file-8d4f24d8-27c2-c5be-4167-e584b4827386",
      "RequestMethod": "PUT",
      "RequestHeaders": {
        "Accept": "application/xml",
        "Authorization": "Sanitized",
        "Content-Length": "0",
        "traceparent": "00-a5b4920681a01f4392b70b3b14c254ed-671320919468254e-00",
        "User-Agent": "azsdk-net-Storage.Files.Shares/12.10.0-alpha.20220504.1 (.NET Framework 4.8.4470.0; Microsoft Windows 10.0.22000 )",
        "x-ms-client-request-id": "a3aa6a41-aace-3e09-5944-bed9f9d20a71",
        "x-ms-content-length": "10240",
        "x-ms-date": "Mon, 09 May 2022 21:52:20 GMT",
        "x-ms-file-attributes": "None",
        "x-ms-file-creation-time": "Now",
        "x-ms-file-last-write-time": "Now",
        "x-ms-file-permission": "Inherit",
        "x-ms-return-client-request-id": "true",
        "x-ms-type": "file",
        "x-ms-version": "2021-06-08"
      },
      "RequestBody": null,
      "StatusCode": 201,
      "ResponseHeaders": {
        "Content-Length": "0",
        "Date": "Mon, 09 May 2022 21:52:19 GMT",
        "ETag": "\u00220x8DA3206310C6A06\u0022",
        "Last-Modified": "Mon, 09 May 2022 21:52:20 GMT",
        "Server": [
          "Windows-Azure-File/1.0",
          "Microsoft-HTTPAPI/2.0"
        ],
        "x-ms-client-request-id": "a3aa6a41-aace-3e09-5944-bed9f9d20a71",
        "x-ms-file-attributes": "Archive",
        "x-ms-file-change-time": "2022-05-09T21:52:20.0436230Z",
        "x-ms-file-creation-time": "2022-05-09T21:52:20.0436230Z",
        "x-ms-file-id": "13835128424026341376",
        "x-ms-file-last-write-time": "2022-05-09T21:52:20.0436230Z",
        "x-ms-file-parent-id": "0",
        "x-ms-file-permission-key": "10117549752055461719*2650414171312005081",
        "x-ms-request-id": "7cee12c2-301a-0060-3eef-63a589000000",
        "x-ms-request-server-encrypted": "true",
        "x-ms-version": "2021-06-08"
      },
      "ResponseBody": null
    },
    {
      "RequestUri": "https://jaschrepragrs.file.core.windows.net/test-share-93f5fe59-3313-e35e-3dd5-4726140aa5f4?restype=share",
      "RequestMethod": "DELETE",
      "RequestHeaders": {
        "Accept": "application/xml",
        "Authorization": "Sanitized",
        "traceparent": "00-5c6352ba6fe1ad4ab1e30eb0b86c2033-37e19bfd217a314e-00",
        "User-Agent": "azsdk-net-Storage.Files.Shares/12.10.0-alpha.20220504.1 (.NET Framework 4.8.4470.0; Microsoft Windows 10.0.22000 )",
        "x-ms-client-request-id": "4a43eec2-cfd8-c8b7-77b2-ddee1665082f",
        "x-ms-date": "Mon, 09 May 2022 21:52:20 GMT",
        "x-ms-delete-snapshots": "include",
        "x-ms-return-client-request-id": "true",
        "x-ms-version": "2021-06-08"
      },
      "RequestBody": null,
      "StatusCode": 202,
      "ResponseHeaders": {
        "Content-Length": "0",
        "Date": "Mon, 09 May 2022 21:52:19 GMT",
        "Server": [
          "Windows-Azure-File/1.0",
          "Microsoft-HTTPAPI/2.0"
        ],
        "x-ms-client-request-id": "4a43eec2-cfd8-c8b7-77b2-ddee1665082f",
        "x-ms-request-id": "7cee12c4-301a-0060-40ef-63a589000000",
        "x-ms-version": "2021-06-08"
      },
      "ResponseBody": null
    }
  ],
  "Variables": {
    "RandomSeed": "1019188521",
    "Storage_TestConfigDefault": "ProductionTenant\njaschrepragrs\nU2FuaXRpemVk\nhttps://jaschrepragrs.blob.core.windows.net\nhttps://jaschrepragrs.file.core.windows.net\nhttps://jaschrepragrs.queue.core.windows.net\nhttps://jaschrepragrs.table.core.windows.net\n\n\n\n\nhttps://jaschrepragrs-secondary.blob.core.windows.net\nhttps://jaschrepragrs-secondary.file.core.windows.net\nhttps://jaschrepragrs-secondary.queue.core.windows.net\nhttps://jaschrepragrs-secondary.table.core.windows.net\n\nSanitized\n\n\nCloud\nBlobEndpoint=https://jaschrepragrs.blob.core.windows.net/;QueueEndpoint=https://jaschrepragrs.queue.core.windows.net/;FileEndpoint=https://jaschrepragrs.file.core.windows.net/;BlobSecondaryEndpoint=https://jaschrepragrs-secondary.blob.core.windows.net/;QueueSecondaryEndpoint=https://jaschrepragrs-secondary.queue.core.windows.net/;FileSecondaryEndpoint=https://jaschrepragrs-secondary.file.core.windows.net/;AccountName=jaschrepragrs;AccountKey=Sanitized\n[encryption scope]\n\n"
  }
}
