{
  "Entries": [
    {
      "RequestUri": "https://jaschrepragrs.file.core.windows.net/test-share-b83930d7-598d-db02-0894-a211abc372e4?restype=share",
      "RequestMethod": "PUT",
      "RequestHeaders": {
        "Accept": "application/xml",
        "Authorization": "Sanitized",
        "Content-Length": "0",
        "traceparent": "00-658637567e8e814482b9e9903c475fe8-f08f5356ca94f740-00",
        "User-Agent": "azsdk-net-Storage.Files.Shares/12.10.0-alpha.20220504.1 (.NET Framework 4.8.4470.0; Microsoft Windows 10.0.22000 )",
        "x-ms-client-request-id": "e59c1e49-cd4d-a266-c56e-c0e19938b5a6",
        "x-ms-date": "Mon, 09 May 2022 21:52:26 GMT",
        "x-ms-return-client-request-id": "true",
        "x-ms-version": "2021-06-08"
      },
      "RequestBody": null,
      "StatusCode": 201,
      "ResponseHeaders": {
        "Content-Length": "0",
        "Date": "Mon, 09 May 2022 21:52:24 GMT",
        "ETag": "\u00220x8DA32063477A409\u0022",
        "Last-Modified": "Mon, 09 May 2022 21:52:25 GMT",
        "Server": [
          "Windows-Azure-File/1.0",
          "Microsoft-HTTPAPI/2.0"
        ],
        "x-ms-client-request-id": "e59c1e49-cd4d-a266-c56e-c0e19938b5a6",
        "x-ms-request-id": "7cee132d-301a-0060-14ef-63a589000000",
        "x-ms-version": "2021-06-08"
      },
      "ResponseBody": null
    },
    {
      "RequestUri": "https://jaschrepragrs.file.core.windows.net/test-share-b83930d7-598d-db02-0894-a211abc372e4/test-file-67799d16-59ee-d17f-ebf8-99673f517f7d",
      "RequestMethod": "PUT",
      "RequestHeaders": {
        "Accept": "application/xml",
        "Authorization": "Sanitized",
        "Content-Length": "0",
        "traceparent": "00-67e07c011dd188418ba60b08609dcc76-88a17089f507744e-00",
        "User-Agent": "azsdk-net-Storage.Files.Shares/12.10.0-alpha.20220504.1 (.NET Framework 4.8.4470.0; Microsoft Windows 10.0.22000 )",
        "x-ms-client-request-id": "6f189b91-3822-d4fb-bcca-6f01d468a363",
        "x-ms-content-length": "1024",
        "x-ms-date": "Mon, 09 May 2022 21:52:26 GMT",
        "x-ms-file-attributes": "None",
        "x-ms-file-creation-time": "Now",
        "x-ms-file-last-write-time": "Now",
        "x-ms-file-permission": "Inherit",
        "x-ms-return-client-request-id": "true",
        "x-ms-type": "file",
        "x-ms-version": "2021-06-08"
      },
      "RequestBody": null,
      "StatusCode": 201,
      "ResponseHeaders": {
        "Content-Length": "0",
        "Date": "Mon, 09 May 2022 21:52:25 GMT",
        "ETag": "\u00220x8DA32063488635C\u0022",
        "Last-Modified": "Mon, 09 May 2022 21:52:25 GMT",
        "Server": [
          "Windows-Azure-File/1.0",
          "Microsoft-HTTPAPI/2.0"
        ],
        "x-ms-client-request-id": "6f189b91-3822-d4fb-bcca-6f01d468a363",
        "x-ms-file-attributes": "Archive",
        "x-ms-file-change-time": "2022-05-09T21:52:25.8892636Z",
        "x-ms-file-creation-time": "2022-05-09T21:52:25.8892636Z",
        "x-ms-file-id": "13835128424026341376",
        "x-ms-file-last-write-time": "2022-05-09T21:52:25.8892636Z",
        "x-ms-file-parent-id": "0",
        "x-ms-file-permission-key": "10117549752055461719*2650414171312005081",
        "x-ms-request-id": "7cee1331-301a-0060-17ef-63a589000000",
        "x-ms-request-server-encrypted": "true",
        "x-ms-version": "2021-06-08"
      },
      "ResponseBody": null
    },
    {
      "RequestUri": "https://jaschrepragrs.file.core.windows.net/test-share-b83930d7-598d-db02-0894-a211abc372e4?restype=share",
      "RequestMethod": "DELETE",
      "RequestHeaders": {
        "Accept": "application/xml",
        "Authorization": "Sanitized",
        "traceparent": "00-09f4093f9dc66246baba68133ba238ad-d46447a2c77bf94b-00",
        "User-Agent": "azsdk-net-Storage.Files.Shares/12.10.0-alpha.20220504.1 (.NET Framework 4.8.4470.0; Microsoft Windows 10.0.22000 )",
        "x-ms-client-request-id": "a4d5df0f-1038-875a-df69-e980114cba45",
        "x-ms-date": "Mon, 09 May 2022 21:52:26 GMT",
        "x-ms-delete-snapshots": "include",
        "x-ms-return-client-request-id": "true",
        "x-ms-version": "2021-06-08"
      },
      "RequestBody": null,
      "StatusCode": 202,
      "ResponseHeaders": {
        "Content-Length": "0",
        "Date": "Mon, 09 May 2022 21:52:25 GMT",
        "Server": [
          "Windows-Azure-File/1.0",
          "Microsoft-HTTPAPI/2.0"
        ],
        "x-ms-client-request-id": "a4d5df0f-1038-875a-df69-e980114cba45",
        "x-ms-request-id": "7cee1332-301a-0060-18ef-63a589000000",
        "x-ms-version": "2021-06-08"
      },
      "ResponseBody": null
    }
  ],
  "Variables": {
    "RandomSeed": "1904684394",
    "Storage_TestConfigDefault": "ProductionTenant\njaschrepragrs\nU2FuaXRpemVk\nhttps://jaschrepragrs.blob.core.windows.net\nhttps://jaschrepragrs.file.core.windows.net\nhttps://jaschrepragrs.queue.core.windows.net\nhttps://jaschrepragrs.table.core.windows.net\n\n\n\n\nhttps://jaschrepragrs-secondary.blob.core.windows.net\nhttps://jaschrepragrs-secondary.file.core.windows.net\nhttps://jaschrepragrs-secondary.queue.core.windows.net\nhttps://jaschrepragrs-secondary.table.core.windows.net\n\nSanitized\n\n\nCloud\nBlobEndpoint=https://jaschrepragrs.blob.core.windows.net/;QueueEndpoint=https://jaschrepragrs.queue.core.windows.net/;FileEndpoint=https://jaschrepragrs.file.core.windows.net/;BlobSecondaryEndpoint=https://jaschrepragrs-secondary.blob.core.windows.net/;QueueSecondaryEndpoint=https://jaschrepragrs-secondary.queue.core.windows.net/;FileSecondaryEndpoint=https://jaschrepragrs-secondary.file.core.windows.net/;AccountName=jaschrepragrs;AccountKey=Sanitized\n[encryption scope]\n\n"
  }
}
