{
  "Entries": [
    {
      "RequestUri": "http://seanmcccanary3.file.core.windows.net/test-share-c7ce6605-375e-7c7c-c7b3-459e17a087ff?restype=share",
      "RequestMethod": "PUT",
      "RequestHeaders": {
        "Accept": "application/xml",
        "Authorization": "Sanitized",
        "traceparent": "00-bf5819bfe66b4e4db325b7988b31bef3-0aa13a1322dab949-00",
        "User-Agent": "azsdk-net-Storage.Files.Shares/12.9.0-alpha.20211010.1 (.NET Framework 4.8.4300.0; Microsoft Windows 10.0.19043 )",
        "x-ms-client-request-id": "fd4c217c-a3ba-ec6a-fa73-c2395683ca85",
        "x-ms-date": "Tue, 12 Oct 2021 05:47:10 GMT",
        "x-ms-return-client-request-id": "true",
        "x-ms-version": "2021-04-10"
      },
      "RequestBody": null,
      "StatusCode": 201,
      "ResponseHeaders": {
        "Content-Length": "0",
        "Date": "Tue, 12 Oct 2021 05:47:10 GMT",
        "ETag": "\u00220x8D98D43BBFD8434\u0022",
        "Last-Modified": "Tue, 12 Oct 2021 05:47:10 GMT",
        "Server": "Windows-Azure-File/1.0 Microsoft-HTTPAPI/2.0",
        "x-ms-client-request-id": "fd4c217c-a3ba-ec6a-fa73-c2395683ca85",
        "x-ms-request-id": "0595922e-901a-008f-2d2c-bf53a8000000",
        "x-ms-version": "2021-04-10"
      },
      "ResponseBody": []
    },
    {
      "RequestUri": "http://seanmcccanary3.file.core.windows.net/test-share-c7ce6605-375e-7c7c-c7b3-459e17a087ff/test-file-638bfc32-d25b-69a7-21ae-fc774d559d11",
      "RequestMethod": "PUT",
      "RequestHeaders": {
        "Accept": "application/xml",
        "Authorization": "Sanitized",
        "traceparent": "00-d6b8e9fcaa69a84583991d253a8a0423-99cc73b358a3bd4e-00",
        "User-Agent": "azsdk-net-Storage.Files.Shares/12.9.0-alpha.20211010.1 (.NET Framework 4.8.4300.0; Microsoft Windows 10.0.19043 )",
        "x-ms-client-request-id": "089f6798-605a-0736-7a02-f2adaa0a3edb",
        "x-ms-content-length": "1024",
        "x-ms-date": "Tue, 12 Oct 2021 05:47:10 GMT",
        "x-ms-file-attributes": "None",
        "x-ms-file-creation-time": "Now",
        "x-ms-file-last-write-time": "Now",
        "x-ms-file-permission": "Inherit",
        "x-ms-return-client-request-id": "true",
        "x-ms-type": "file",
        "x-ms-version": "2021-04-10"
      },
      "RequestBody": null,
      "StatusCode": 201,
      "ResponseHeaders": {
        "Content-Length": "0",
        "Date": "Tue, 12 Oct 2021 05:47:10 GMT",
        "ETag": "\u00220x8D98D43BC076288\u0022",
        "Last-Modified": "Tue, 12 Oct 2021 05:47:10 GMT",
        "Server": "Windows-Azure-File/1.0 Microsoft-HTTPAPI/2.0",
        "x-ms-client-request-id": "089f6798-605a-0736-7a02-f2adaa0a3edb",
        "x-ms-file-attributes": "Archive",
        "x-ms-file-change-time": "2021-10-12T05:47:10.6561672Z",
        "x-ms-file-creation-time": "2021-10-12T05:47:10.6561672Z",
        "x-ms-file-id": "13835128424026341376",
        "x-ms-file-last-write-time": "2021-10-12T05:47:10.6561672Z",
        "x-ms-file-parent-id": "0",
        "x-ms-file-permission-key": "4010187179898695473*11459378189709739967",
        "x-ms-request-id": "05959230-901a-008f-2e2c-bf53a8000000",
        "x-ms-request-server-encrypted": "true",
        "x-ms-version": "2021-04-10"
      },
      "ResponseBody": []
    },
    {
      "RequestUri": "http://seanmcccanary3.file.core.windows.net/test-share-c7ce6605-375e-7c7c-c7b3-459e17a087ff?restype=share",
      "RequestMethod": "DELETE",
      "RequestHeaders": {
        "Accept": "application/xml",
        "Authorization": "Sanitized",
        "traceparent": "00-e8a1af0e95bf8b4294b3a4030a7ccefe-8a328a71519fd34f-00",
        "User-Agent": "azsdk-net-Storage.Files.Shares/12.9.0-alpha.20211010.1 (.NET Framework 4.8.4300.0; Microsoft Windows 10.0.19043 )",
        "x-ms-client-request-id": "e5dfa1cb-94b6-9fb6-689a-8a334494d62a",
        "x-ms-date": "Tue, 12 Oct 2021 05:47:10 GMT",
        "x-ms-delete-snapshots": "include",
        "x-ms-return-client-request-id": "true",
        "x-ms-version": "2021-04-10"
      },
      "RequestBody": null,
      "StatusCode": 202,
      "ResponseHeaders": {
        "Content-Length": "0",
        "Date": "Tue, 12 Oct 2021 05:47:10 GMT",
        "Server": "Windows-Azure-File/1.0 Microsoft-HTTPAPI/2.0",
        "x-ms-client-request-id": "e5dfa1cb-94b6-9fb6-689a-8a334494d62a",
        "x-ms-request-id": "05959231-901a-008f-2f2c-bf53a8000000",
        "x-ms-version": "2021-04-10"
      },
      "ResponseBody": []
    }
  ],
  "Variables": {
    "RandomSeed": "254588194",
    "Storage_TestConfigDefault": "ProductionTenant\nseanmcccanary3\nU2FuaXRpemVk\nhttp://seanmcccanary3.blob.core.windows.net\nhttp://seanmcccanary3.file.core.windows.net\nhttp://seanmcccanary3.queue.core.windows.net\nhttp://seanmcccanary3.table.core.windows.net\n\n\n\n\nhttp://seanmcccanary3-secondary.blob.core.windows.net\nhttp://seanmcccanary3-secondary.file.core.windows.net\nhttp://seanmcccanary3-secondary.queue.core.windows.net\nhttp://seanmcccanary3-secondary.table.core.windows.net\n\nSanitized\n\n\nCloud\nBlobEndpoint=http://seanmcccanary3.blob.core.windows.net/;QueueEndpoint=http://seanmcccanary3.queue.core.windows.net/;FileEndpoint=http://seanmcccanary3.file.core.windows.net/;BlobSecondaryEndpoint=http://seanmcccanary3-secondary.blob.core.windows.net/;QueueSecondaryEndpoint=http://seanmcccanary3-secondary.queue.core.windows.net/;FileSecondaryEndpoint=http://seanmcccanary3-secondary.file.core.windows.net/;AccountName=seanmcccanary3;AccountKey=Kg==;\n[encryption scope]\n\n"
  }
}