{
  "Entries": [
    {
      "RequestUri": "/subscriptions/afaaaf71-2a45-4fb2-8584-9cfe1e1a713f/resourceGroups/hdicsharprg8249/providers/Microsoft.HDInsight/clusters/hdisdk-clusterresize5650?api-version=2018-06-01-preview",
      "RequestMethod": "PUT",
      "RequestBody": "{\r\n  \"location\": \"East US 2\",\r\n  \"properties\": {\r\n    \"clusterVersion\": \"3.6\",\r\n    \"osType\": \"Linux\",\r\n    \"tier\": \"Standard\",\r\n    \"clusterDefinition\": {\r\n      \"kind\": \"Hadoop\",\r\n      \"configurations\": {\r\n        \"gateway\": {\r\n          \"restAuthCredential.isEnabled\": \"true\",\r\n          \"restAuthCredential.username\": \"admin4234\",\r\n          \"restAuthCredential.password\": \"Password11547\"\r\n        }\r\n      }\r\n    },\r\n    \"computeProfile\": {\r\n      \"roles\": [\r\n        {\r\n          \"name\": \"headnode\",\r\n          \"targetInstanceCount\": 2,\r\n          \"hardwareProfile\": {\r\n            \"vmSize\": \"Large\"\r\n          },\r\n          \"osProfile\": {\r\n            \"linuxOperatingSystemProfile\": {\r\n              \"username\": \"sshuser167\",\r\n              \"password\": \"Password15651\"\r\n            }\r\n          }\r\n        },\r\n        {\r\n          \"name\": \"workernode\",\r\n          \"targetInstanceCount\": 3,\r\n          \"hardwareProfile\": {\r\n            \"vmSize\": \"Large\"\r\n          },\r\n          \"osProfile\": {\r\n            \"linuxOperatingSystemProfile\": {\r\n              \"username\": \"sshuser167\",\r\n              \"password\": \"Password15651\"\r\n            }\r\n          }\r\n        },\r\n        {\r\n          \"name\": \"zookeepernode\",\r\n          \"targetInstanceCount\": 3,\r\n          \"hardwareProfile\": {\r\n            \"vmSize\": \"Small\"\r\n          },\r\n          \"osProfile\": {\r\n            \"linuxOperatingSystemProfile\": {\r\n              \"username\": \"sshuser167\",\r\n              \"password\": \"Password15651\"\r\n            }\r\n          }\r\n        }\r\n      ]\r\n    },\r\n    \"storageProfile\": {\r\n      \"storageaccounts\": [\r\n        {\r\n          \"name\": \"hdicsharpstorage3087.blob.core.windows.net\",\r\n          \"isDefault\": true,\r\n          \"container\": \"default3231\",\r\n          \"key\": \"6EIRbPn+5NqtWHVjVqsHH0C3B/u8ZU/PAwZ266tGuOFplrnMrAHG2pvJIJdNwbuFEvHWAK/nDp8Lj9fZN9WdBA==\"\r\n        }\r\n      ]\r\n    }\r\n  }\r\n}",
      "RequestHeaders": {
        "x-ms-client-request-id": [
          "7e9d2621-00dd-4d27-92a9-7aae43dfe748"
        ],
        "Accept-Language": [
          "en-US"
        ],
        "User-Agent": [
          "FxVersion/4.6.26628.05",
          "OSName/Windows",
          "OSVersion/Microsoft.Windows.10.0.14393.",
          "Microsoft.Azure.Management.HDInsight.HDInsightManagementClient/4.2.0.0"
        ],
        "Content-Type": [
          "application/json; charset=utf-8"
        ],
        "Content-Length": [
          "1885"
        ]
      },
      "ResponseHeaders": {
        "Cache-Control": [
          "no-cache"
        ],
        "Pragma": [
          "no-cache"
        ],
        "ETag": [
          "\"4c67e379-df86-46fc-bd2a-d90b286aef75\""
        ],
        "x-ms-hdi-clusteruri": [
          "https://management.azure.com/subscriptions/afaaaf71-2a45-4fb2-8584-9cfe1e1a713f/resourceGroups/hdicsharprg8249/providers/Microsoft.HDInsight/clusters/hdisdk-clusterresize5650?api-version=2018-06-01-preview"
        ],
        "Azure-AsyncOperation": [
          "https://management.azure.com:443/subscriptions/afaaaf71-2a45-4fb2-8584-9cfe1e1a713f/resourceGroups/hdicsharprg8249/providers/Microsoft.HDInsight/clusters/hdisdk-clusterresize5650/azureasyncoperations/create?api-version=2018-06-01-preview"
        ],
        "x-ms-request-id": [
          "bf2869f2-576a-4df9-8085-d13446ddd995"
        ],
        "x-ms-hdi-served-by": [
          "global"
        ],
        "x-ms-correlation-request-id": [
          "8a9ac099-e397-4735-ba60-c6f0760d22f8"
        ],
        "Strict-Transport-Security": [
          "max-age=31536000; includeSubDomains"
        ],
        "x-ms-ratelimit-remaining-subscription-writes": [
          "1199"
        ],
        "x-ms-routing-request-id": [
          "WESTUS2:20190124T163639Z:8a9ac099-e397-4735-ba60-c6f0760d22f8"
        ],
        "X-Content-Type-Options": [
          "nosniff"
        ],
        "Date": [
          "Thu, 24 Jan 2019 16:36:39 GMT"
        ],
        "Content-Length": [
          "1265"
        ],
        "Content-Type": [
          "application/json; charset=utf-8"
        ],
        "Expires": [
          "-1"
        ]
      },
      "ResponseBody": "{\r\n  \"id\": \"/subscriptions/afaaaf71-2a45-4fb2-8584-9cfe1e1a713f/resourceGroups/hdicsharprg8249/providers/Microsoft.HDInsight/clusters/hdisdk-clusterresize5650\",\r\n  \"name\": \"hdisdk-clusterresize5650\",\r\n  \"type\": \"Microsoft.HDInsight/clusters\",\r\n  \"location\": \"East US 2\",\r\n  \"etag\": \"4c67e379-df86-46fc-bd2a-d90b286aef75\",\r\n  \"tags\": null,\r\n  \"properties\": {\r\n    \"clusterVersion\": \"3.6.1000.67\",\r\n    \"clusterHdpVersion\": \"\",\r\n    \"osType\": \"Linux\",\r\n    \"clusterDefinition\": {\r\n      \"blueprint\": \"https://blueprints.azurehdinsight.net/hadoop-3.6.1000.67.1812120705.json\",\r\n      \"kind\": \"Hadoop\",\r\n      \"componentVersion\": {\r\n        \"Hadoop\": \"2.7\"\r\n      }\r\n    },\r\n    \"computeProfile\": {\r\n      \"roles\": [\r\n        {\r\n          \"name\": \"headnode\",\r\n          \"targetInstanceCount\": 2,\r\n          \"hardwareProfile\": {\r\n            \"vmSize\": \"Large\"\r\n          },\r\n          \"osProfile\": {\r\n            \"linuxOperatingSystemProfile\": {\r\n              \"username\": \"sshuser167\"\r\n            }\r\n          },\r\n          \"encryptDataDisks\": false\r\n        },\r\n        {\r\n          \"name\": \"workernode\",\r\n          \"targetInstanceCount\": 3,\r\n          \"hardwareProfile\": {\r\n            \"vmSize\": \"Large\"\r\n          },\r\n          \"osProfile\": {\r\n            \"linuxOperatingSystemProfile\": {\r\n              \"username\": \"sshuser167\"\r\n            }\r\n          },\r\n          \"encryptDataDisks\": false\r\n        },\r\n        {\r\n          \"name\": \"zookeepernode\",\r\n          \"targetInstanceCount\": 3,\r\n          \"hardwareProfile\": {\r\n            \"vmSize\": \"Medium\"\r\n          },\r\n          \"osProfile\": {\r\n            \"linuxOperatingSystemProfile\": {\r\n              \"username\": \"sshuser167\"\r\n            }\r\n          },\r\n          \"encryptDataDisks\": false\r\n        }\r\n      ]\r\n    },\r\n    \"provisioningState\": \"InProgress\",\r\n    \"clusterState\": \"Accepted\",\r\n    \"createdDate\": \"2019-01-24T16:36:38.49\",\r\n    \"quotaInfo\": {\r\n      \"coresUsed\": 20\r\n    },\r\n    \"tier\": \"standard\"\r\n  }\r\n}",
      "StatusCode": 200
    },
    {
      "RequestUri": "/subscriptions/afaaaf71-2a45-4fb2-8584-9cfe1e1a713f/resourceGroups/hdicsharprg8249/providers/Microsoft.HDInsight/clusters/hdisdk-clusterresize5650/azureasyncoperations/create?api-version=2018-06-01-preview",
      "RequestMethod": "GET",
      "RequestBody": "",
      "RequestHeaders": {
        "User-Agent": [
          "FxVersion/4.6.26628.05",
          "OSName/Windows",
          "OSVersion/Microsoft.Windows.10.0.14393.",
          "Microsoft.Azure.Management.HDInsight.HDInsightManagementClient/4.2.0.0"
        ]
      },
      "ResponseHeaders": {
        "Cache-Control": [
          "no-cache"
        ],
        "Pragma": [
          "no-cache"
        ],
        "x-ms-request-id": [
          "3df364ff-c257-4ebd-a213-eb84075d5a2e"
        ],
        "x-ms-hdi-served-by": [
          "global"
        ],
        "x-ms-correlation-request-id": [
          "c41b6903-e853-477e-bbf4-34291700a15d"
        ],
        "Strict-Transport-Security": [
          "max-age=31536000; includeSubDomains"
        ],
        "x-ms-ratelimit-remaining-subscription-reads": [
          "11999"
        ],
        "x-ms-routing-request-id": [
          "WESTUS2:20190124T163720Z:c41b6903-e853-477e-bbf4-34291700a15d"
        ],
        "X-Content-Type-Options": [
          "nosniff"
        ],
        "Date": [
          "Thu, 24 Jan 2019 16:37:19 GMT"
        ],
        "Content-Length": [
          "23"
        ],
        "Content-Type": [
          "application/json; charset=utf-8"
        ],
        "Expires": [
          "-1"
        ]
      },
      "ResponseBody": "{\r\n  \"status\": \"InProgress\"\r\n}",
      "StatusCode": 200
    },
    {
      "RequestUri": "/subscriptions/afaaaf71-2a45-4fb2-8584-9cfe1e1a713f/resourceGroups/hdicsharprg8249/providers/Microsoft.HDInsight/clusters/hdisdk-clusterresize5650/azureasyncoperations/create?api-version=2018-06-01-preview",
      "RequestMethod": "GET",
      "RequestBody": "",
      "RequestHeaders": {
        "User-Agent": [
          "FxVersion/4.6.26628.05",
          "OSName/Windows",
          "OSVersion/Microsoft.Windows.10.0.14393.",
          "Microsoft.Azure.Management.HDInsight.HDInsightManagementClient/4.2.0.0"
        ]
      },
      "ResponseHeaders": {
        "Cache-Control": [
          "no-cache"
        ],
        "Pragma": [
          "no-cache"
        ],
        "x-ms-request-id": [
          "5e6ff2e1-3c04-47e6-8234-12150991809a"
        ],
        "x-ms-hdi-served-by": [
          "global"
        ],
        "x-ms-correlation-request-id": [
          "bd1b1a5d-610d-4413-b05d-ac8a9fc3ce5f"
        ],
        "Strict-Transport-Security": [
          "max-age=31536000; includeSubDomains"
        ],
        "x-ms-ratelimit-remaining-subscription-reads": [
          "11998"
        ],
        "x-ms-routing-request-id": [
          "WESTUS2:20190124T163750Z:bd1b1a5d-610d-4413-b05d-ac8a9fc3ce5f"
        ],
        "X-Content-Type-Options": [
          "nosniff"
        ],
        "Date": [
          "Thu, 24 Jan 2019 16:37:50 GMT"
        ],
        "Content-Length": [
          "23"
        ],
        "Content-Type": [
          "application/json; charset=utf-8"
        ],
        "Expires": [
          "-1"
        ]
      },
      "ResponseBody": "{\r\n  \"status\": \"InProgress\"\r\n}",
      "StatusCode": 200
    },
    {
      "RequestUri": "/subscriptions/afaaaf71-2a45-4fb2-8584-9cfe1e1a713f/resourceGroups/hdicsharprg8249/providers/Microsoft.HDInsight/clusters/hdisdk-clusterresize5650/azureasyncoperations/create?api-version=2018-06-01-preview",
      "RequestMethod": "GET",
      "RequestBody": "",
      "RequestHeaders": {
        "User-Agent": [
          "FxVersion/4.6.26628.05",
          "OSName/Windows",
          "OSVersion/Microsoft.Windows.10.0.14393.",
          "Microsoft.Azure.Management.HDInsight.HDInsightManagementClient/4.2.0.0"
        ]
      },
      "ResponseHeaders": {
        "Cache-Control": [
          "no-cache"
        ],
        "Pragma": [
          "no-cache"
        ],
        "x-ms-request-id": [
          "ec60c17b-a477-4747-b3fa-bac05465160e"
        ],
        "x-ms-hdi-served-by": [
          "global"
        ],
        "x-ms-correlation-request-id": [
          "4c96762c-d44a-4969-897e-1c3821c192af"
        ],
        "Strict-Transport-Security": [
          "max-age=31536000; includeSubDomains"
        ],
        "x-ms-ratelimit-remaining-subscription-reads": [
          "11997"
        ],
        "x-ms-routing-request-id": [
          "WESTUS2:20190124T163821Z:4c96762c-d44a-4969-897e-1c3821c192af"
        ],
        "X-Content-Type-Options": [
          "nosniff"
        ],
        "Date": [
          "Thu, 24 Jan 2019 16:38:20 GMT"
        ],
        "Content-Length": [
          "23"
        ],
        "Content-Type": [
          "application/json; charset=utf-8"
        ],
        "Expires": [
          "-1"
        ]
      },
      "ResponseBody": "{\r\n  \"status\": \"InProgress\"\r\n}",
      "StatusCode": 200
    },
    {
      "RequestUri": "/subscriptions/afaaaf71-2a45-4fb2-8584-9cfe1e1a713f/resourceGroups/hdicsharprg8249/providers/Microsoft.HDInsight/clusters/hdisdk-clusterresize5650/azureasyncoperations/create?api-version=2018-06-01-preview",
      "RequestMethod": "GET",
      "RequestBody": "",
      "RequestHeaders": {
        "User-Agent": [
          "FxVersion/4.6.26628.05",
          "OSName/Windows",
          "OSVersion/Microsoft.Windows.10.0.14393.",
          "Microsoft.Azure.Management.HDInsight.HDInsightManagementClient/4.2.0.0"
        ]
      },
      "ResponseHeaders": {
        "Cache-Control": [
          "no-cache"
        ],
        "Pragma": [
          "no-cache"
        ],
        "x-ms-request-id": [
          "dcb124a6-0a26-4261-a859-da62aa55b0b5"
        ],
        "x-ms-hdi-served-by": [
          "global"
        ],
        "x-ms-correlation-request-id": [
          "c4b37c8c-94bc-4985-8796-e855d41e1495"
        ],
        "Strict-Transport-Security": [
          "max-age=31536000; includeSubDomains"
        ],
        "x-ms-ratelimit-remaining-subscription-reads": [
          "11996"
        ],
        "x-ms-routing-request-id": [
          "WESTUS2:20190124T163851Z:c4b37c8c-94bc-4985-8796-e855d41e1495"
        ],
        "X-Content-Type-Options": [
          "nosniff"
        ],
        "Date": [
          "Thu, 24 Jan 2019 16:38:51 GMT"
        ],
        "Content-Length": [
          "23"
        ],
        "Content-Type": [
          "application/json; charset=utf-8"
        ],
        "Expires": [
          "-1"
        ]
      },
      "ResponseBody": "{\r\n  \"status\": \"InProgress\"\r\n}",
      "StatusCode": 200
    },
    {
      "RequestUri": "/subscriptions/afaaaf71-2a45-4fb2-8584-9cfe1e1a713f/resourceGroups/hdicsharprg8249/providers/Microsoft.HDInsight/clusters/hdisdk-clusterresize5650/azureasyncoperations/create?api-version=2018-06-01-preview",
      "RequestMethod": "GET",
      "RequestBody": "",
      "RequestHeaders": {
        "User-Agent": [
          "FxVersion/4.6.26628.05",
          "OSName/Windows",
          "OSVersion/Microsoft.Windows.10.0.14393.",
          "Microsoft.Azure.Management.HDInsight.HDInsightManagementClient/4.2.0.0"
        ]
      },
      "ResponseHeaders": {
        "Cache-Control": [
          "no-cache"
        ],
        "Pragma": [
          "no-cache"
        ],
        "x-ms-request-id": [
          "62050f05-5cd2-48cb-ac04-4c8e6f397e41"
        ],
        "x-ms-hdi-served-by": [
          "global"
        ],
        "x-ms-correlation-request-id": [
          "2bec5aa6-1a1d-4a2e-97b0-392f026b2ac3"
        ],
        "Strict-Transport-Security": [
          "max-age=31536000; includeSubDomains"
        ],
        "x-ms-ratelimit-remaining-subscription-reads": [
          "11995"
        ],
        "x-ms-routing-request-id": [
          "WESTUS2:20190124T163932Z:2bec5aa6-1a1d-4a2e-97b0-392f026b2ac3"
        ],
        "X-Content-Type-Options": [
          "nosniff"
        ],
        "Date": [
          "Thu, 24 Jan 2019 16:39:32 GMT"
        ],
        "Content-Length": [
          "23"
        ],
        "Content-Type": [
          "application/json; charset=utf-8"
        ],
        "Expires": [
          "-1"
        ]
      },
      "ResponseBody": "{\r\n  \"status\": \"InProgress\"\r\n}",
      "StatusCode": 200
    },
    {
      "RequestUri": "/subscriptions/afaaaf71-2a45-4fb2-8584-9cfe1e1a713f/resourceGroups/hdicsharprg8249/providers/Microsoft.HDInsight/clusters/hdisdk-clusterresize5650/azureasyncoperations/create?api-version=2018-06-01-preview",
      "RequestMethod": "GET",
      "RequestBody": "",
      "RequestHeaders": {
        "User-Agent": [
          "FxVersion/4.6.26628.05",
          "OSName/Windows",
          "OSVersion/Microsoft.Windows.10.0.14393.",
          "Microsoft.Azure.Management.HDInsight.HDInsightManagementClient/4.2.0.0"
        ]
      },
      "ResponseHeaders": {
        "Cache-Control": [
          "no-cache"
        ],
        "Pragma": [
          "no-cache"
        ],
        "x-ms-request-id": [
          "7dc06417-29ec-4ed4-bc8c-b48be4730a7e"
        ],
        "x-ms-hdi-served-by": [
          "global"
        ],
        "x-ms-correlation-request-id": [
          "a085b823-8be4-4537-92fa-785668668935"
        ],
        "Strict-Transport-Security": [
          "max-age=31536000; includeSubDomains"
        ],
        "x-ms-ratelimit-remaining-subscription-reads": [
          "11994"
        ],
        "x-ms-routing-request-id": [
          "WESTUS2:20190124T164002Z:a085b823-8be4-4537-92fa-785668668935"
        ],
        "X-Content-Type-Options": [
          "nosniff"
        ],
        "Date": [
          "Thu, 24 Jan 2019 16:40:02 GMT"
        ],
        "Content-Length": [
          "23"
        ],
        "Content-Type": [
          "application/json; charset=utf-8"
        ],
        "Expires": [
          "-1"
        ]
      },
      "ResponseBody": "{\r\n  \"status\": \"InProgress\"\r\n}",
      "StatusCode": 200
    },
    {
      "RequestUri": "/subscriptions/afaaaf71-2a45-4fb2-8584-9cfe1e1a713f/resourceGroups/hdicsharprg8249/providers/Microsoft.HDInsight/clusters/hdisdk-clusterresize5650/azureasyncoperations/create?api-version=2018-06-01-preview",
      "RequestMethod": "GET",
      "RequestBody": "",
      "RequestHeaders": {
        "User-Agent": [
          "FxVersion/4.6.26628.05",
          "OSName/Windows",
          "OSVersion/Microsoft.Windows.10.0.14393.",
          "Microsoft.Azure.Management.HDInsight.HDInsightManagementClient/4.2.0.0"
        ]
      },
      "ResponseHeaders": {
        "Cache-Control": [
          "no-cache"
        ],
        "Pragma": [
          "no-cache"
        ],
        "x-ms-request-id": [
          "2e661b62-650d-42e4-893a-43259243908c"
        ],
        "x-ms-hdi-served-by": [
          "global"
        ],
        "x-ms-correlation-request-id": [
          "60494aa8-180d-459d-ba54-0d9889a8eaa2"
        ],
        "Strict-Transport-Security": [
          "max-age=31536000; includeSubDomains"
        ],
        "x-ms-ratelimit-remaining-subscription-reads": [
          "11993"
        ],
        "x-ms-routing-request-id": [
          "WESTUS2:20190124T164033Z:60494aa8-180d-459d-ba54-0d9889a8eaa2"
        ],
        "X-Content-Type-Options": [
          "nosniff"
        ],
        "Date": [
          "Thu, 24 Jan 2019 16:40:32 GMT"
        ],
        "Content-Length": [
          "23"
        ],
        "Content-Type": [
          "application/json; charset=utf-8"
        ],
        "Expires": [
          "-1"
        ]
      },
      "ResponseBody": "{\r\n  \"status\": \"InProgress\"\r\n}",
      "StatusCode": 200
    },
    {
      "RequestUri": "/subscriptions/afaaaf71-2a45-4fb2-8584-9cfe1e1a713f/resourceGroups/hdicsharprg8249/providers/Microsoft.HDInsight/clusters/hdisdk-clusterresize5650/azureasyncoperations/create?api-version=2018-06-01-preview",
      "RequestMethod": "GET",
      "RequestBody": "",
      "RequestHeaders": {
        "User-Agent": [
          "FxVersion/4.6.26628.05",
          "OSName/Windows",
          "OSVersion/Microsoft.Windows.10.0.14393.",
          "Microsoft.Azure.Management.HDInsight.HDInsightManagementClient/4.2.0.0"
        ]
      },
      "ResponseHeaders": {
        "Cache-Control": [
          "no-cache"
        ],
        "Pragma": [
          "no-cache"
        ],
        "x-ms-request-id": [
          "2ce1b4aa-3c00-4fa6-a944-de508471875b"
        ],
        "x-ms-hdi-served-by": [
          "global"
        ],
        "x-ms-correlation-request-id": [
          "066ae3af-cec7-4640-9a15-57b3ec71984a"
        ],
        "Strict-Transport-Security": [
          "max-age=31536000; includeSubDomains"
        ],
        "x-ms-ratelimit-remaining-subscription-reads": [
          "11992"
        ],
        "x-ms-routing-request-id": [
          "WESTUS2:20190124T164103Z:066ae3af-cec7-4640-9a15-57b3ec71984a"
        ],
        "X-Content-Type-Options": [
          "nosniff"
        ],
        "Date": [
          "Thu, 24 Jan 2019 16:41:03 GMT"
        ],
        "Content-Length": [
          "23"
        ],
        "Content-Type": [
          "application/json; charset=utf-8"
        ],
        "Expires": [
          "-1"
        ]
      },
      "ResponseBody": "{\r\n  \"status\": \"InProgress\"\r\n}",
      "StatusCode": 200
    },
    {
      "RequestUri": "/subscriptions/afaaaf71-2a45-4fb2-8584-9cfe1e1a713f/resourceGroups/hdicsharprg8249/providers/Microsoft.HDInsight/clusters/hdisdk-clusterresize5650/azureasyncoperations/create?api-version=2018-06-01-preview",
      "RequestMethod": "GET",
      "RequestBody": "",
      "RequestHeaders": {
        "User-Agent": [
          "FxVersion/4.6.26628.05",
          "OSName/Windows",
          "OSVersion/Microsoft.Windows.10.0.14393.",
          "Microsoft.Azure.Management.HDInsight.HDInsightManagementClient/4.2.0.0"
        ]
      },
      "ResponseHeaders": {
        "Cache-Control": [
          "no-cache"
        ],
        "Pragma": [
          "no-cache"
        ],
        "x-ms-request-id": [
          "6a9cfe0f-8bb8-4122-a11a-568e35035d17"
        ],
        "x-ms-hdi-served-by": [
          "global"
        ],
        "x-ms-correlation-request-id": [
          "fca7366f-d6bb-4e74-aee9-85480353f289"
        ],
        "Strict-Transport-Security": [
          "max-age=31536000; includeSubDomains"
        ],
        "x-ms-ratelimit-remaining-subscription-reads": [
          "11991"
        ],
        "x-ms-routing-request-id": [
          "WESTUS2:20190124T164135Z:fca7366f-d6bb-4e74-aee9-85480353f289"
        ],
        "X-Content-Type-Options": [
          "nosniff"
        ],
        "Date": [
          "Thu, 24 Jan 2019 16:41:34 GMT"
        ],
        "Content-Length": [
          "23"
        ],
        "Content-Type": [
          "application/json; charset=utf-8"
        ],
        "Expires": [
          "-1"
        ]
      },
      "ResponseBody": "{\r\n  \"status\": \"InProgress\"\r\n}",
      "StatusCode": 200
    },
    {
      "RequestUri": "/subscriptions/afaaaf71-2a45-4fb2-8584-9cfe1e1a713f/resourceGroups/hdicsharprg8249/providers/Microsoft.HDInsight/clusters/hdisdk-clusterresize5650/azureasyncoperations/create?api-version=2018-06-01-preview",
      "RequestMethod": "GET",
      "RequestBody": "",
      "RequestHeaders": {
        "User-Agent": [
          "FxVersion/4.6.26628.05",
          "OSName/Windows",
          "OSVersion/Microsoft.Windows.10.0.14393.",
          "Microsoft.Azure.Management.HDInsight.HDInsightManagementClient/4.2.0.0"
        ]
      },
      "ResponseHeaders": {
        "Cache-Control": [
          "no-cache"
        ],
        "Pragma": [
          "no-cache"
        ],
        "x-ms-request-id": [
          "8740be1f-62f0-4d19-9b0d-69a7aae4faa4"
        ],
        "x-ms-hdi-served-by": [
          "global"
        ],
        "x-ms-correlation-request-id": [
          "cd30d335-8740-41a6-80ec-e1501d9a317f"
        ],
        "Strict-Transport-Security": [
          "max-age=31536000; includeSubDomains"
        ],
        "x-ms-ratelimit-remaining-subscription-reads": [
          "11990"
        ],
        "x-ms-routing-request-id": [
          "WESTUS2:20190124T164205Z:cd30d335-8740-41a6-80ec-e1501d9a317f"
        ],
        "X-Content-Type-Options": [
          "nosniff"
        ],
        "Date": [
          "Thu, 24 Jan 2019 16:42:05 GMT"
        ],
        "Content-Length": [
          "23"
        ],
        "Content-Type": [
          "application/json; charset=utf-8"
        ],
        "Expires": [
          "-1"
        ]
      },
      "ResponseBody": "{\r\n  \"status\": \"InProgress\"\r\n}",
      "StatusCode": 200
    },
    {
      "RequestUri": "/subscriptions/afaaaf71-2a45-4fb2-8584-9cfe1e1a713f/resourceGroups/hdicsharprg8249/providers/Microsoft.HDInsight/clusters/hdisdk-clusterresize5650/azureasyncoperations/create?api-version=2018-06-01-preview",
      "RequestMethod": "GET",
      "RequestBody": "",
      "RequestHeaders": {
        "User-Agent": [
          "FxVersion/4.6.26628.05",
          "OSName/Windows",
          "OSVersion/Microsoft.Windows.10.0.14393.",
          "Microsoft.Azure.Management.HDInsight.HDInsightManagementClient/4.2.0.0"
        ]
      },
      "ResponseHeaders": {
        "Cache-Control": [
          "no-cache"
        ],
        "Pragma": [
          "no-cache"
        ],
        "x-ms-request-id": [
          "b0450116-376c-4b91-bd45-0273948efaef"
        ],
        "x-ms-hdi-served-by": [
          "global"
        ],
        "x-ms-correlation-request-id": [
          "40d669da-5799-4b0b-af33-37286f08d62c"
        ],
        "Strict-Transport-Security": [
          "max-age=31536000; includeSubDomains"
        ],
        "x-ms-ratelimit-remaining-subscription-reads": [
          "11989"
        ],
        "x-ms-routing-request-id": [
          "WESTUS2:20190124T164236Z:40d669da-5799-4b0b-af33-37286f08d62c"
        ],
        "X-Content-Type-Options": [
          "nosniff"
        ],
        "Date": [
          "Thu, 24 Jan 2019 16:42:36 GMT"
        ],
        "Content-Length": [
          "23"
        ],
        "Content-Type": [
          "application/json; charset=utf-8"
        ],
        "Expires": [
          "-1"
        ]
      },
      "ResponseBody": "{\r\n  \"status\": \"InProgress\"\r\n}",
      "StatusCode": 200
    },
    {
      "RequestUri": "/subscriptions/afaaaf71-2a45-4fb2-8584-9cfe1e1a713f/resourceGroups/hdicsharprg8249/providers/Microsoft.HDInsight/clusters/hdisdk-clusterresize5650/azureasyncoperations/create?api-version=2018-06-01-preview",
      "RequestMethod": "GET",
      "RequestBody": "",
      "RequestHeaders": {
        "User-Agent": [
          "FxVersion/4.6.26628.05",
          "OSName/Windows",
          "OSVersion/Microsoft.Windows.10.0.14393.",
          "Microsoft.Azure.Management.HDInsight.HDInsightManagementClient/4.2.0.0"
        ]
      },
      "ResponseHeaders": {
        "Cache-Control": [
          "no-cache"
        ],
        "Pragma": [
          "no-cache"
        ],
        "x-ms-request-id": [
          "89e0bb87-f880-47be-803f-4d17779fac75"
        ],
        "x-ms-hdi-served-by": [
          "global"
        ],
        "x-ms-correlation-request-id": [
          "aac41b5e-e3ca-413a-946e-2c5fd853a011"
        ],
        "Strict-Transport-Security": [
          "max-age=31536000; includeSubDomains"
        ],
        "x-ms-ratelimit-remaining-subscription-reads": [
          "11988"
        ],
        "x-ms-routing-request-id": [
          "WESTUS2:20190124T164306Z:aac41b5e-e3ca-413a-946e-2c5fd853a011"
        ],
        "X-Content-Type-Options": [
          "nosniff"
        ],
        "Date": [
          "Thu, 24 Jan 2019 16:43:06 GMT"
        ],
        "Content-Length": [
          "23"
        ],
        "Content-Type": [
          "application/json; charset=utf-8"
        ],
        "Expires": [
          "-1"
        ]
      },
      "ResponseBody": "{\r\n  \"status\": \"InProgress\"\r\n}",
      "StatusCode": 200
    },
    {
      "RequestUri": "/subscriptions/afaaaf71-2a45-4fb2-8584-9cfe1e1a713f/resourceGroups/hdicsharprg8249/providers/Microsoft.HDInsight/clusters/hdisdk-clusterresize5650/azureasyncoperations/create?api-version=2018-06-01-preview",
      "RequestMethod": "GET",
      "RequestBody": "",
      "RequestHeaders": {
        "User-Agent": [
          "FxVersion/4.6.26628.05",
          "OSName/Windows",
          "OSVersion/Microsoft.Windows.10.0.14393.",
          "Microsoft.Azure.Management.HDInsight.HDInsightManagementClient/4.2.0.0"
        ]
      },
      "ResponseHeaders": {
        "Cache-Control": [
          "no-cache"
        ],
        "Pragma": [
          "no-cache"
        ],
        "x-ms-request-id": [
          "52c116da-fec5-49f3-a338-6949359bbce8"
        ],
        "x-ms-hdi-served-by": [
          "global"
        ],
        "x-ms-correlation-request-id": [
          "7959fa58-e844-47a7-a1ef-a2efda23f7e1"
        ],
        "Strict-Transport-Security": [
          "max-age=31536000; includeSubDomains"
        ],
        "x-ms-ratelimit-remaining-subscription-reads": [
          "11987"
        ],
        "x-ms-routing-request-id": [
          "WESTUS2:20190124T164337Z:7959fa58-e844-47a7-a1ef-a2efda23f7e1"
        ],
        "X-Content-Type-Options": [
          "nosniff"
        ],
        "Date": [
          "Thu, 24 Jan 2019 16:43:37 GMT"
        ],
        "Content-Length": [
          "23"
        ],
        "Content-Type": [
          "application/json; charset=utf-8"
        ],
        "Expires": [
          "-1"
        ]
      },
      "ResponseBody": "{\r\n  \"status\": \"InProgress\"\r\n}",
      "StatusCode": 200
    },
    {
      "RequestUri": "/subscriptions/afaaaf71-2a45-4fb2-8584-9cfe1e1a713f/resourceGroups/hdicsharprg8249/providers/Microsoft.HDInsight/clusters/hdisdk-clusterresize5650/azureasyncoperations/create?api-version=2018-06-01-preview",
      "RequestMethod": "GET",
      "RequestBody": "",
      "RequestHeaders": {
        "User-Agent": [
          "FxVersion/4.6.26628.05",
          "OSName/Windows",
          "OSVersion/Microsoft.Windows.10.0.14393.",
          "Microsoft.Azure.Management.HDInsight.HDInsightManagementClient/4.2.0.0"
        ]
      },
      "ResponseHeaders": {
        "Cache-Control": [
          "no-cache"
        ],
        "Pragma": [
          "no-cache"
        ],
        "x-ms-request-id": [
          "e1e2f9a2-8e66-43e1-ab94-d388c4e2890c"
        ],
        "x-ms-hdi-served-by": [
          "global"
        ],
        "x-ms-correlation-request-id": [
          "7ace7298-51fb-43e4-9240-b074648a1c82"
        ],
        "Strict-Transport-Security": [
          "max-age=31536000; includeSubDomains"
        ],
        "x-ms-ratelimit-remaining-subscription-reads": [
          "11986"
        ],
        "x-ms-routing-request-id": [
          "WESTUS2:20190124T164408Z:7ace7298-51fb-43e4-9240-b074648a1c82"
        ],
        "X-Content-Type-Options": [
          "nosniff"
        ],
        "Date": [
          "Thu, 24 Jan 2019 16:44:07 GMT"
        ],
        "Content-Length": [
          "23"
        ],
        "Content-Type": [
          "application/json; charset=utf-8"
        ],
        "Expires": [
          "-1"
        ]
      },
      "ResponseBody": "{\r\n  \"status\": \"InProgress\"\r\n}",
      "StatusCode": 200
    },
    {
      "RequestUri": "/subscriptions/afaaaf71-2a45-4fb2-8584-9cfe1e1a713f/resourceGroups/hdicsharprg8249/providers/Microsoft.HDInsight/clusters/hdisdk-clusterresize5650/azureasyncoperations/create?api-version=2018-06-01-preview",
      "RequestMethod": "GET",
      "RequestBody": "",
      "RequestHeaders": {
        "User-Agent": [
          "FxVersion/4.6.26628.05",
          "OSName/Windows",
          "OSVersion/Microsoft.Windows.10.0.14393.",
          "Microsoft.Azure.Management.HDInsight.HDInsightManagementClient/4.2.0.0"
        ]
      },
      "ResponseHeaders": {
        "Cache-Control": [
          "no-cache"
        ],
        "Pragma": [
          "no-cache"
        ],
        "x-ms-request-id": [
          "90061177-c1da-4e5f-87a2-e1d30a541880"
        ],
        "x-ms-hdi-served-by": [
          "global"
        ],
        "x-ms-correlation-request-id": [
          "f7a92d77-9ad4-4854-b3da-a755675ee51d"
        ],
        "Strict-Transport-Security": [
          "max-age=31536000; includeSubDomains"
        ],
        "x-ms-ratelimit-remaining-subscription-reads": [
          "11985"
        ],
        "x-ms-routing-request-id": [
          "WESTUS2:20190124T164438Z:f7a92d77-9ad4-4854-b3da-a755675ee51d"
        ],
        "X-Content-Type-Options": [
          "nosniff"
        ],
        "Date": [
          "Thu, 24 Jan 2019 16:44:38 GMT"
        ],
        "Content-Length": [
          "23"
        ],
        "Content-Type": [
          "application/json; charset=utf-8"
        ],
        "Expires": [
          "-1"
        ]
      },
      "ResponseBody": "{\r\n  \"status\": \"InProgress\"\r\n}",
      "StatusCode": 200
    },
    {
      "RequestUri": "/subscriptions/afaaaf71-2a45-4fb2-8584-9cfe1e1a713f/resourceGroups/hdicsharprg8249/providers/Microsoft.HDInsight/clusters/hdisdk-clusterresize5650/azureasyncoperations/create?api-version=2018-06-01-preview",
      "RequestMethod": "GET",
      "RequestBody": "",
      "RequestHeaders": {
        "User-Agent": [
          "FxVersion/4.6.26628.05",
          "OSName/Windows",
          "OSVersion/Microsoft.Windows.10.0.14393.",
          "Microsoft.Azure.Management.HDInsight.HDInsightManagementClient/4.2.0.0"
        ]
      },
      "ResponseHeaders": {
        "Cache-Control": [
          "no-cache"
        ],
        "Pragma": [
          "no-cache"
        ],
        "x-ms-request-id": [
          "d6e6f011-f928-49f4-abe6-09cf17a82c20"
        ],
        "x-ms-hdi-served-by": [
          "global"
        ],
        "x-ms-correlation-request-id": [
          "68013371-49a7-4499-a501-addf3dc8784d"
        ],
        "Strict-Transport-Security": [
          "max-age=31536000; includeSubDomains"
        ],
        "x-ms-ratelimit-remaining-subscription-reads": [
          "11984"
        ],
        "x-ms-routing-request-id": [
          "WESTUS2:20190124T164509Z:68013371-49a7-4499-a501-addf3dc8784d"
        ],
        "X-Content-Type-Options": [
          "nosniff"
        ],
        "Date": [
          "Thu, 24 Jan 2019 16:45:09 GMT"
        ],
        "Content-Length": [
          "23"
        ],
        "Content-Type": [
          "application/json; charset=utf-8"
        ],
        "Expires": [
          "-1"
        ]
      },
      "ResponseBody": "{\r\n  \"status\": \"InProgress\"\r\n}",
      "StatusCode": 200
    },
    {
      "RequestUri": "/subscriptions/afaaaf71-2a45-4fb2-8584-9cfe1e1a713f/resourceGroups/hdicsharprg8249/providers/Microsoft.HDInsight/clusters/hdisdk-clusterresize5650/azureasyncoperations/create?api-version=2018-06-01-preview",
      "RequestMethod": "GET",
      "RequestBody": "",
      "RequestHeaders": {
        "User-Agent": [
          "FxVersion/4.6.26628.05",
          "OSName/Windows",
          "OSVersion/Microsoft.Windows.10.0.14393.",
          "Microsoft.Azure.Management.HDInsight.HDInsightManagementClient/4.2.0.0"
        ]
      },
      "ResponseHeaders": {
        "Cache-Control": [
          "no-cache"
        ],
        "Pragma": [
          "no-cache"
        ],
        "x-ms-request-id": [
          "58fea2fc-4f9a-47bb-a739-005a97c97f82"
        ],
        "x-ms-hdi-served-by": [
          "global"
        ],
        "x-ms-correlation-request-id": [
          "43791adf-03c6-404a-907f-654c5a4b6f96"
        ],
        "Strict-Transport-Security": [
          "max-age=31536000; includeSubDomains"
        ],
        "x-ms-ratelimit-remaining-subscription-reads": [
          "11983"
        ],
        "x-ms-routing-request-id": [
          "WESTUS2:20190124T164540Z:43791adf-03c6-404a-907f-654c5a4b6f96"
        ],
        "X-Content-Type-Options": [
          "nosniff"
        ],
        "Date": [
          "Thu, 24 Jan 2019 16:45:39 GMT"
        ],
        "Content-Length": [
          "23"
        ],
        "Content-Type": [
          "application/json; charset=utf-8"
        ],
        "Expires": [
          "-1"
        ]
      },
      "ResponseBody": "{\r\n  \"status\": \"InProgress\"\r\n}",
      "StatusCode": 200
    },
    {
      "RequestUri": "/subscriptions/afaaaf71-2a45-4fb2-8584-9cfe1e1a713f/resourceGroups/hdicsharprg8249/providers/Microsoft.HDInsight/clusters/hdisdk-clusterresize5650/azureasyncoperations/create?api-version=2018-06-01-preview",
      "RequestMethod": "GET",
      "RequestBody": "",
      "RequestHeaders": {
        "User-Agent": [
          "FxVersion/4.6.26628.05",
          "OSName/Windows",
          "OSVersion/Microsoft.Windows.10.0.14393.",
          "Microsoft.Azure.Management.HDInsight.HDInsightManagementClient/4.2.0.0"
        ]
      },
      "ResponseHeaders": {
        "Cache-Control": [
          "no-cache"
        ],
        "Pragma": [
          "no-cache"
        ],
        "x-ms-request-id": [
          "195a4b67-d620-4348-9fde-316be0f30845"
        ],
        "x-ms-hdi-served-by": [
          "global"
        ],
        "x-ms-correlation-request-id": [
          "a24dd8c2-3dcb-4b27-bb08-cfc4c7a9f52e"
        ],
        "Strict-Transport-Security": [
          "max-age=31536000; includeSubDomains"
        ],
        "x-ms-ratelimit-remaining-subscription-reads": [
          "11982"
        ],
        "x-ms-routing-request-id": [
          "WESTUS2:20190124T164610Z:a24dd8c2-3dcb-4b27-bb08-cfc4c7a9f52e"
        ],
        "X-Content-Type-Options": [
          "nosniff"
        ],
        "Date": [
          "Thu, 24 Jan 2019 16:46:09 GMT"
        ],
        "Content-Length": [
          "23"
        ],
        "Content-Type": [
          "application/json; charset=utf-8"
        ],
        "Expires": [
          "-1"
        ]
      },
      "ResponseBody": "{\r\n  \"status\": \"InProgress\"\r\n}",
      "StatusCode": 200
    },
    {
      "RequestUri": "/subscriptions/afaaaf71-2a45-4fb2-8584-9cfe1e1a713f/resourceGroups/hdicsharprg8249/providers/Microsoft.HDInsight/clusters/hdisdk-clusterresize5650/azureasyncoperations/create?api-version=2018-06-01-preview",
      "RequestMethod": "GET",
      "RequestBody": "",
      "RequestHeaders": {
        "User-Agent": [
          "FxVersion/4.6.26628.05",
          "OSName/Windows",
          "OSVersion/Microsoft.Windows.10.0.14393.",
          "Microsoft.Azure.Management.HDInsight.HDInsightManagementClient/4.2.0.0"
        ]
      },
      "ResponseHeaders": {
        "Cache-Control": [
          "no-cache"
        ],
        "Pragma": [
          "no-cache"
        ],
        "x-ms-request-id": [
          "e8f78781-c8d5-4e71-bbfd-01314ba241af"
        ],
        "x-ms-hdi-served-by": [
          "global"
        ],
        "x-ms-correlation-request-id": [
          "8ebe200c-6aca-49bc-b1cb-94c74b8e5a24"
        ],
        "Strict-Transport-Security": [
          "max-age=31536000; includeSubDomains"
        ],
        "x-ms-ratelimit-remaining-subscription-reads": [
          "11981"
        ],
        "x-ms-routing-request-id": [
          "WESTUS2:20190124T164641Z:8ebe200c-6aca-49bc-b1cb-94c74b8e5a24"
        ],
        "X-Content-Type-Options": [
          "nosniff"
        ],
        "Date": [
          "Thu, 24 Jan 2019 16:46:40 GMT"
        ],
        "Content-Length": [
          "23"
        ],
        "Content-Type": [
          "application/json; charset=utf-8"
        ],
        "Expires": [
          "-1"
        ]
      },
      "ResponseBody": "{\r\n  \"status\": \"InProgress\"\r\n}",
      "StatusCode": 200
    },
    {
      "RequestUri": "/subscriptions/afaaaf71-2a45-4fb2-8584-9cfe1e1a713f/resourceGroups/hdicsharprg8249/providers/Microsoft.HDInsight/clusters/hdisdk-clusterresize5650/azureasyncoperations/create?api-version=2018-06-01-preview",
      "RequestMethod": "GET",
      "RequestBody": "",
      "RequestHeaders": {
        "User-Agent": [
          "FxVersion/4.6.26628.05",
          "OSName/Windows",
          "OSVersion/Microsoft.Windows.10.0.14393.",
          "Microsoft.Azure.Management.HDInsight.HDInsightManagementClient/4.2.0.0"
        ]
      },
      "ResponseHeaders": {
        "Cache-Control": [
          "no-cache"
        ],
        "Pragma": [
          "no-cache"
        ],
        "x-ms-request-id": [
          "ffac8365-c508-44fa-86f0-f6c1f9a8ddb4"
        ],
        "x-ms-hdi-served-by": [
          "global"
        ],
        "x-ms-correlation-request-id": [
          "a124026f-f5be-48b6-bd40-bc76c6b502aa"
        ],
        "Strict-Transport-Security": [
          "max-age=31536000; includeSubDomains"
        ],
        "x-ms-ratelimit-remaining-subscription-reads": [
          "11980"
        ],
        "x-ms-routing-request-id": [
          "WESTUS2:20190124T164721Z:a124026f-f5be-48b6-bd40-bc76c6b502aa"
        ],
        "X-Content-Type-Options": [
          "nosniff"
        ],
        "Date": [
          "Thu, 24 Jan 2019 16:47:20 GMT"
        ],
        "Content-Length": [
          "23"
        ],
        "Content-Type": [
          "application/json; charset=utf-8"
        ],
        "Expires": [
          "-1"
        ]
      },
      "ResponseBody": "{\r\n  \"status\": \"InProgress\"\r\n}",
      "StatusCode": 200
    },
    {
      "RequestUri": "/subscriptions/afaaaf71-2a45-4fb2-8584-9cfe1e1a713f/resourceGroups/hdicsharprg8249/providers/Microsoft.HDInsight/clusters/hdisdk-clusterresize5650/azureasyncoperations/create?api-version=2018-06-01-preview",
      "RequestMethod": "GET",
      "RequestBody": "",
      "RequestHeaders": {
        "User-Agent": [
          "FxVersion/4.6.26628.05",
          "OSName/Windows",
          "OSVersion/Microsoft.Windows.10.0.14393.",
          "Microsoft.Azure.Management.HDInsight.HDInsightManagementClient/4.2.0.0"
        ]
      },
      "ResponseHeaders": {
        "Cache-Control": [
          "no-cache"
        ],
        "Pragma": [
          "no-cache"
        ],
        "x-ms-request-id": [
          "33c45061-9fac-409d-a184-362e2f6804d8"
        ],
        "x-ms-hdi-served-by": [
          "global"
        ],
        "x-ms-correlation-request-id": [
          "d056b0f1-a0a9-44a1-a500-81eb87248955"
        ],
        "Strict-Transport-Security": [
          "max-age=31536000; includeSubDomains"
        ],
        "x-ms-ratelimit-remaining-subscription-reads": [
          "11979"
        ],
        "x-ms-routing-request-id": [
          "WESTUS2:20190124T164752Z:d056b0f1-a0a9-44a1-a500-81eb87248955"
        ],
        "X-Content-Type-Options": [
          "nosniff"
        ],
        "Date": [
          "Thu, 24 Jan 2019 16:47:52 GMT"
        ],
        "Content-Length": [
          "23"
        ],
        "Content-Type": [
          "application/json; charset=utf-8"
        ],
        "Expires": [
          "-1"
        ]
      },
      "ResponseBody": "{\r\n  \"status\": \"InProgress\"\r\n}",
      "StatusCode": 200
    },
    {
      "RequestUri": "/subscriptions/afaaaf71-2a45-4fb2-8584-9cfe1e1a713f/resourceGroups/hdicsharprg8249/providers/Microsoft.HDInsight/clusters/hdisdk-clusterresize5650/azureasyncoperations/create?api-version=2018-06-01-preview",
      "RequestMethod": "GET",
      "RequestBody": "",
      "RequestHeaders": {
        "User-Agent": [
          "FxVersion/4.6.26628.05",
          "OSName/Windows",
          "OSVersion/Microsoft.Windows.10.0.14393.",
          "Microsoft.Azure.Management.HDInsight.HDInsightManagementClient/4.2.0.0"
        ]
      },
      "ResponseHeaders": {
        "Cache-Control": [
          "no-cache"
        ],
        "Pragma": [
          "no-cache"
        ],
        "x-ms-request-id": [
          "d789b862-e767-4bd9-98f3-b27045d7f92e"
        ],
        "x-ms-hdi-served-by": [
          "global"
        ],
        "x-ms-correlation-request-id": [
          "955d418e-d7e2-4e85-8993-5b847302e69e"
        ],
        "Strict-Transport-Security": [
          "max-age=31536000; includeSubDomains"
        ],
        "x-ms-ratelimit-remaining-subscription-reads": [
          "11978"
        ],
        "x-ms-routing-request-id": [
          "WESTUS2:20190124T164822Z:955d418e-d7e2-4e85-8993-5b847302e69e"
        ],
        "X-Content-Type-Options": [
          "nosniff"
        ],
        "Date": [
          "Thu, 24 Jan 2019 16:48:22 GMT"
        ],
        "Content-Length": [
          "23"
        ],
        "Content-Type": [
          "application/json; charset=utf-8"
        ],
        "Expires": [
          "-1"
        ]
      },
      "ResponseBody": "{\r\n  \"status\": \"InProgress\"\r\n}",
      "StatusCode": 200
    },
    {
      "RequestUri": "/subscriptions/afaaaf71-2a45-4fb2-8584-9cfe1e1a713f/resourceGroups/hdicsharprg8249/providers/Microsoft.HDInsight/clusters/hdisdk-clusterresize5650/azureasyncoperations/create?api-version=2018-06-01-preview",
      "RequestMethod": "GET",
      "RequestBody": "",
      "RequestHeaders": {
        "User-Agent": [
          "FxVersion/4.6.26628.05",
          "OSName/Windows",
          "OSVersion/Microsoft.Windows.10.0.14393.",
          "Microsoft.Azure.Management.HDInsight.HDInsightManagementClient/4.2.0.0"
        ]
      },
      "ResponseHeaders": {
        "Cache-Control": [
          "no-cache"
        ],
        "Pragma": [
          "no-cache"
        ],
        "x-ms-request-id": [
          "8c44d1bc-788f-40c8-96e4-67142d71867b"
        ],
        "x-ms-hdi-served-by": [
          "global"
        ],
        "x-ms-correlation-request-id": [
          "6d2bc414-2a45-46a5-882b-8e9a80859def"
        ],
        "Strict-Transport-Security": [
          "max-age=31536000; includeSubDomains"
        ],
        "x-ms-ratelimit-remaining-subscription-reads": [
          "11977"
        ],
        "x-ms-routing-request-id": [
          "WESTUS2:20190124T164853Z:6d2bc414-2a45-46a5-882b-8e9a80859def"
        ],
        "X-Content-Type-Options": [
          "nosniff"
        ],
        "Date": [
          "Thu, 24 Jan 2019 16:48:53 GMT"
        ],
        "Content-Length": [
          "23"
        ],
        "Content-Type": [
          "application/json; charset=utf-8"
        ],
        "Expires": [
          "-1"
        ]
      },
      "ResponseBody": "{\r\n  \"status\": \"InProgress\"\r\n}",
      "StatusCode": 200
    },
    {
      "RequestUri": "/subscriptions/afaaaf71-2a45-4fb2-8584-9cfe1e1a713f/resourceGroups/hdicsharprg8249/providers/Microsoft.HDInsight/clusters/hdisdk-clusterresize5650/azureasyncoperations/create?api-version=2018-06-01-preview",
      "RequestMethod": "GET",
      "RequestBody": "",
      "RequestHeaders": {
        "User-Agent": [
          "FxVersion/4.6.26628.05",
          "OSName/Windows",
          "OSVersion/Microsoft.Windows.10.0.14393.",
          "Microsoft.Azure.Management.HDInsight.HDInsightManagementClient/4.2.0.0"
        ]
      },
      "ResponseHeaders": {
        "Cache-Control": [
          "no-cache"
        ],
        "Pragma": [
          "no-cache"
        ],
        "x-ms-request-id": [
          "037708c0-8160-4aff-bf62-669c8ca907e5"
        ],
        "x-ms-hdi-served-by": [
          "global"
        ],
        "x-ms-correlation-request-id": [
          "85425cf7-afc9-491e-90e3-cb283ce1ea14"
        ],
        "Strict-Transport-Security": [
          "max-age=31536000; includeSubDomains"
        ],
        "x-ms-ratelimit-remaining-subscription-reads": [
          "11976"
        ],
        "x-ms-routing-request-id": [
          "WESTUS2:20190124T164924Z:85425cf7-afc9-491e-90e3-cb283ce1ea14"
        ],
        "X-Content-Type-Options": [
          "nosniff"
        ],
        "Date": [
          "Thu, 24 Jan 2019 16:49:23 GMT"
        ],
        "Content-Length": [
          "23"
        ],
        "Content-Type": [
          "application/json; charset=utf-8"
        ],
        "Expires": [
          "-1"
        ]
      },
      "ResponseBody": "{\r\n  \"status\": \"InProgress\"\r\n}",
      "StatusCode": 200
    },
    {
      "RequestUri": "/subscriptions/afaaaf71-2a45-4fb2-8584-9cfe1e1a713f/resourceGroups/hdicsharprg8249/providers/Microsoft.HDInsight/clusters/hdisdk-clusterresize5650/azureasyncoperations/create?api-version=2018-06-01-preview",
      "RequestMethod": "GET",
      "RequestBody": "",
      "RequestHeaders": {
        "User-Agent": [
          "FxVersion/4.6.26628.05",
          "OSName/Windows",
          "OSVersion/Microsoft.Windows.10.0.14393.",
          "Microsoft.Azure.Management.HDInsight.HDInsightManagementClient/4.2.0.0"
        ]
      },
      "ResponseHeaders": {
        "Cache-Control": [
          "no-cache"
        ],
        "Pragma": [
          "no-cache"
        ],
        "x-ms-request-id": [
          "8f92e53a-3cf1-453a-8b89-be1da4d5290e"
        ],
        "x-ms-hdi-served-by": [
          "global"
        ],
        "x-ms-correlation-request-id": [
          "1a1c32ed-fb71-4e17-a3e1-d43a18a290bd"
        ],
        "Strict-Transport-Security": [
          "max-age=31536000; includeSubDomains"
        ],
        "x-ms-ratelimit-remaining-subscription-reads": [
          "11975"
        ],
        "x-ms-routing-request-id": [
          "WESTUS2:20190124T164954Z:1a1c32ed-fb71-4e17-a3e1-d43a18a290bd"
        ],
        "X-Content-Type-Options": [
          "nosniff"
        ],
        "Date": [
          "Thu, 24 Jan 2019 16:49:54 GMT"
        ],
        "Content-Length": [
          "23"
        ],
        "Content-Type": [
          "application/json; charset=utf-8"
        ],
        "Expires": [
          "-1"
        ]
      },
      "ResponseBody": "{\r\n  \"status\": \"InProgress\"\r\n}",
      "StatusCode": 200
    },
    {
      "RequestUri": "/subscriptions/afaaaf71-2a45-4fb2-8584-9cfe1e1a713f/resourceGroups/hdicsharprg8249/providers/Microsoft.HDInsight/clusters/hdisdk-clusterresize5650/azureasyncoperations/create?api-version=2018-06-01-preview",
      "RequestMethod": "GET",
      "RequestBody": "",
      "RequestHeaders": {
        "User-Agent": [
          "FxVersion/4.6.26628.05",
          "OSName/Windows",
          "OSVersion/Microsoft.Windows.10.0.14393.",
          "Microsoft.Azure.Management.HDInsight.HDInsightManagementClient/4.2.0.0"
        ]
      },
      "ResponseHeaders": {
        "Cache-Control": [
          "no-cache"
        ],
        "Pragma": [
          "no-cache"
        ],
        "x-ms-request-id": [
          "0e8e94fd-38b8-454d-9bab-420306e62a86"
        ],
        "x-ms-hdi-served-by": [
          "global"
        ],
        "x-ms-correlation-request-id": [
          "5b9d7e17-4578-4c79-a581-4c68e4d3bc0f"
        ],
        "Strict-Transport-Security": [
          "max-age=31536000; includeSubDomains"
        ],
        "x-ms-ratelimit-remaining-subscription-reads": [
          "11974"
        ],
        "x-ms-routing-request-id": [
          "WESTUS2:20190124T165024Z:5b9d7e17-4578-4c79-a581-4c68e4d3bc0f"
        ],
        "X-Content-Type-Options": [
          "nosniff"
        ],
        "Date": [
          "Thu, 24 Jan 2019 16:50:24 GMT"
        ],
        "Content-Length": [
          "23"
        ],
        "Content-Type": [
          "application/json; charset=utf-8"
        ],
        "Expires": [
          "-1"
        ]
      },
      "ResponseBody": "{\r\n  \"status\": \"InProgress\"\r\n}",
      "StatusCode": 200
    },
    {
      "RequestUri": "/subscriptions/afaaaf71-2a45-4fb2-8584-9cfe1e1a713f/resourceGroups/hdicsharprg8249/providers/Microsoft.HDInsight/clusters/hdisdk-clusterresize5650/azureasyncoperations/create?api-version=2018-06-01-preview",
      "RequestMethod": "GET",
      "RequestBody": "",
      "RequestHeaders": {
        "User-Agent": [
          "FxVersion/4.6.26628.05",
          "OSName/Windows",
          "OSVersion/Microsoft.Windows.10.0.14393.",
          "Microsoft.Azure.Management.HDInsight.HDInsightManagementClient/4.2.0.0"
        ]
      },
      "ResponseHeaders": {
        "Cache-Control": [
          "no-cache"
        ],
        "Pragma": [
          "no-cache"
        ],
        "x-ms-request-id": [
          "77549a84-8e9d-4b74-bc70-ac05992428eb"
        ],
        "x-ms-hdi-served-by": [
          "global"
        ],
        "x-ms-correlation-request-id": [
          "dfb79f4e-0b10-4c8f-978b-bbbd4c353582"
        ],
        "Strict-Transport-Security": [
          "max-age=31536000; includeSubDomains"
        ],
        "x-ms-ratelimit-remaining-subscription-reads": [
          "11973"
        ],
        "x-ms-routing-request-id": [
          "WESTUS2:20190124T165055Z:dfb79f4e-0b10-4c8f-978b-bbbd4c353582"
        ],
        "X-Content-Type-Options": [
          "nosniff"
        ],
        "Date": [
          "Thu, 24 Jan 2019 16:50:55 GMT"
        ],
        "Content-Length": [
          "23"
        ],
        "Content-Type": [
          "application/json; charset=utf-8"
        ],
        "Expires": [
          "-1"
        ]
      },
      "ResponseBody": "{\r\n  \"status\": \"InProgress\"\r\n}",
      "StatusCode": 200
    },
    {
      "RequestUri": "/subscriptions/afaaaf71-2a45-4fb2-8584-9cfe1e1a713f/resourceGroups/hdicsharprg8249/providers/Microsoft.HDInsight/clusters/hdisdk-clusterresize5650/azureasyncoperations/create?api-version=2018-06-01-preview",
      "RequestMethod": "GET",
      "RequestBody": "",
      "RequestHeaders": {
        "User-Agent": [
          "FxVersion/4.6.26628.05",
          "OSName/Windows",
          "OSVersion/Microsoft.Windows.10.0.14393.",
          "Microsoft.Azure.Management.HDInsight.HDInsightManagementClient/4.2.0.0"
        ]
      },
      "ResponseHeaders": {
        "Cache-Control": [
          "no-cache"
        ],
        "Pragma": [
          "no-cache"
        ],
        "x-ms-request-id": [
          "7c259dd4-cc84-438f-a521-8848a4235108"
        ],
        "x-ms-hdi-served-by": [
          "global"
        ],
        "x-ms-correlation-request-id": [
          "cb205514-5a5d-45f3-99a9-bbb62e617c59"
        ],
        "Strict-Transport-Security": [
          "max-age=31536000; includeSubDomains"
        ],
        "x-ms-ratelimit-remaining-subscription-reads": [
          "11972"
        ],
        "x-ms-routing-request-id": [
          "WESTUS2:20190124T165126Z:cb205514-5a5d-45f3-99a9-bbb62e617c59"
        ],
        "X-Content-Type-Options": [
          "nosniff"
        ],
        "Date": [
          "Thu, 24 Jan 2019 16:51:25 GMT"
        ],
        "Content-Length": [
          "23"
        ],
        "Content-Type": [
          "application/json; charset=utf-8"
        ],
        "Expires": [
          "-1"
        ]
      },
      "ResponseBody": "{\r\n  \"status\": \"InProgress\"\r\n}",
      "StatusCode": 200
    },
    {
      "RequestUri": "/subscriptions/afaaaf71-2a45-4fb2-8584-9cfe1e1a713f/resourceGroups/hdicsharprg8249/providers/Microsoft.HDInsight/clusters/hdisdk-clusterresize5650/azureasyncoperations/create?api-version=2018-06-01-preview",
      "RequestMethod": "GET",
      "RequestBody": "",
      "RequestHeaders": {
        "User-Agent": [
          "FxVersion/4.6.26628.05",
          "OSName/Windows",
          "OSVersion/Microsoft.Windows.10.0.14393.",
          "Microsoft.Azure.Management.HDInsight.HDInsightManagementClient/4.2.0.0"
        ]
      },
      "ResponseHeaders": {
        "Cache-Control": [
          "no-cache"
        ],
        "Pragma": [
          "no-cache"
        ],
        "x-ms-request-id": [
          "39eb44e7-4d58-495c-af78-6e5496083866"
        ],
        "x-ms-hdi-served-by": [
          "global"
        ],
        "x-ms-correlation-request-id": [
          "1168f4ac-41b1-49fb-850c-f41d6568a6e2"
        ],
        "Strict-Transport-Security": [
          "max-age=31536000; includeSubDomains"
        ],
        "x-ms-ratelimit-remaining-subscription-reads": [
          "11971"
        ],
        "x-ms-routing-request-id": [
          "WESTUS2:20190124T165156Z:1168f4ac-41b1-49fb-850c-f41d6568a6e2"
        ],
        "X-Content-Type-Options": [
          "nosniff"
        ],
        "Date": [
          "Thu, 24 Jan 2019 16:51:56 GMT"
        ],
        "Content-Length": [
          "23"
        ],
        "Content-Type": [
          "application/json; charset=utf-8"
        ],
        "Expires": [
          "-1"
        ]
      },
      "ResponseBody": "{\r\n  \"status\": \"InProgress\"\r\n}",
      "StatusCode": 200
    },
    {
      "RequestUri": "/subscriptions/afaaaf71-2a45-4fb2-8584-9cfe1e1a713f/resourceGroups/hdicsharprg8249/providers/Microsoft.HDInsight/clusters/hdisdk-clusterresize5650/azureasyncoperations/create?api-version=2018-06-01-preview",
      "RequestMethod": "GET",
      "RequestBody": "",
      "RequestHeaders": {
        "User-Agent": [
          "FxVersion/4.6.26628.05",
          "OSName/Windows",
          "OSVersion/Microsoft.Windows.10.0.14393.",
          "Microsoft.Azure.Management.HDInsight.HDInsightManagementClient/4.2.0.0"
        ]
      },
      "ResponseHeaders": {
        "Cache-Control": [
          "no-cache"
        ],
        "Pragma": [
          "no-cache"
        ],
        "x-ms-request-id": [
          "0d3085e9-f887-4e15-802a-8dc1613d8261"
        ],
        "x-ms-hdi-served-by": [
          "global"
        ],
        "x-ms-correlation-request-id": [
          "199a83bd-aec4-4ea1-9e93-5f4da15c6ce5"
        ],
        "Strict-Transport-Security": [
          "max-age=31536000; includeSubDomains"
        ],
        "x-ms-ratelimit-remaining-subscription-reads": [
          "11970"
        ],
        "x-ms-routing-request-id": [
          "WESTUS2:20190124T165227Z:199a83bd-aec4-4ea1-9e93-5f4da15c6ce5"
        ],
        "X-Content-Type-Options": [
          "nosniff"
        ],
        "Date": [
          "Thu, 24 Jan 2019 16:52:26 GMT"
        ],
        "Content-Length": [
          "23"
        ],
        "Content-Type": [
          "application/json; charset=utf-8"
        ],
        "Expires": [
          "-1"
        ]
      },
      "ResponseBody": "{\r\n  \"status\": \"InProgress\"\r\n}",
      "StatusCode": 200
    },
    {
      "RequestUri": "/subscriptions/afaaaf71-2a45-4fb2-8584-9cfe1e1a713f/resourceGroups/hdicsharprg8249/providers/Microsoft.HDInsight/clusters/hdisdk-clusterresize5650/azureasyncoperations/create?api-version=2018-06-01-preview",
      "RequestMethod": "GET",
      "RequestBody": "",
      "RequestHeaders": {
        "User-Agent": [
          "FxVersion/4.6.26628.05",
          "OSName/Windows",
          "OSVersion/Microsoft.Windows.10.0.14393.",
          "Microsoft.Azure.Management.HDInsight.HDInsightManagementClient/4.2.0.0"
        ]
      },
      "ResponseHeaders": {
        "Cache-Control": [
          "no-cache"
        ],
        "Pragma": [
          "no-cache"
        ],
        "x-ms-request-id": [
          "fadfa45b-0ff0-4cbd-ae01-26a7089ff5fa"
        ],
        "x-ms-hdi-served-by": [
          "global"
        ],
        "x-ms-correlation-request-id": [
          "6f46dd3e-ad2d-490a-aaff-36d933adb47e"
        ],
        "Strict-Transport-Security": [
          "max-age=31536000; includeSubDomains"
        ],
        "x-ms-ratelimit-remaining-subscription-reads": [
          "11969"
        ],
        "x-ms-routing-request-id": [
          "WESTUS2:20190124T165258Z:6f46dd3e-ad2d-490a-aaff-36d933adb47e"
        ],
        "X-Content-Type-Options": [
          "nosniff"
        ],
        "Date": [
          "Thu, 24 Jan 2019 16:52:58 GMT"
        ],
        "Content-Length": [
          "23"
        ],
        "Content-Type": [
          "application/json; charset=utf-8"
        ],
        "Expires": [
          "-1"
        ]
      },
      "ResponseBody": "{\r\n  \"status\": \"InProgress\"\r\n}",
      "StatusCode": 200
    },
    {
      "RequestUri": "/subscriptions/afaaaf71-2a45-4fb2-8584-9cfe1e1a713f/resourceGroups/hdicsharprg8249/providers/Microsoft.HDInsight/clusters/hdisdk-clusterresize5650/azureasyncoperations/create?api-version=2018-06-01-preview",
      "RequestMethod": "GET",
      "RequestBody": "",
      "RequestHeaders": {
        "User-Agent": [
          "FxVersion/4.6.26628.05",
          "OSName/Windows",
          "OSVersion/Microsoft.Windows.10.0.14393.",
          "Microsoft.Azure.Management.HDInsight.HDInsightManagementClient/4.2.0.0"
        ]
      },
      "ResponseHeaders": {
        "Cache-Control": [
          "no-cache"
        ],
        "Pragma": [
          "no-cache"
        ],
        "x-ms-request-id": [
          "801c3016-fd28-49b1-917b-b76f8855d213"
        ],
        "x-ms-hdi-served-by": [
          "global"
        ],
        "x-ms-correlation-request-id": [
          "b8e345d6-c1fd-4e23-a8b5-3f6ec3a68e92"
        ],
        "Strict-Transport-Security": [
          "max-age=31536000; includeSubDomains"
        ],
        "x-ms-ratelimit-remaining-subscription-reads": [
          "11968"
        ],
        "x-ms-routing-request-id": [
          "WESTUS2:20190124T165328Z:b8e345d6-c1fd-4e23-a8b5-3f6ec3a68e92"
        ],
        "X-Content-Type-Options": [
          "nosniff"
        ],
        "Date": [
          "Thu, 24 Jan 2019 16:53:28 GMT"
        ],
        "Content-Length": [
          "23"
        ],
        "Content-Type": [
          "application/json; charset=utf-8"
        ],
        "Expires": [
          "-1"
        ]
      },
      "ResponseBody": "{\r\n  \"status\": \"InProgress\"\r\n}",
      "StatusCode": 200
    },
    {
      "RequestUri": "/subscriptions/afaaaf71-2a45-4fb2-8584-9cfe1e1a713f/resourceGroups/hdicsharprg8249/providers/Microsoft.HDInsight/clusters/hdisdk-clusterresize5650/azureasyncoperations/create?api-version=2018-06-01-preview",
      "RequestMethod": "GET",
      "RequestBody": "",
      "RequestHeaders": {
        "User-Agent": [
          "FxVersion/4.6.26628.05",
          "OSName/Windows",
          "OSVersion/Microsoft.Windows.10.0.14393.",
          "Microsoft.Azure.Management.HDInsight.HDInsightManagementClient/4.2.0.0"
        ]
      },
      "ResponseHeaders": {
        "Cache-Control": [
          "no-cache"
        ],
        "Pragma": [
          "no-cache"
        ],
        "x-ms-request-id": [
          "1b576ccd-470e-4067-b2de-f30d34f1a338"
        ],
        "x-ms-hdi-served-by": [
          "global"
        ],
        "x-ms-correlation-request-id": [
          "6f80843d-abd6-4de3-98ef-8636f9d41813"
        ],
        "Strict-Transport-Security": [
          "max-age=31536000; includeSubDomains"
        ],
        "x-ms-ratelimit-remaining-subscription-reads": [
          "11967"
        ],
        "x-ms-routing-request-id": [
          "WESTUS2:20190124T165359Z:6f80843d-abd6-4de3-98ef-8636f9d41813"
        ],
        "X-Content-Type-Options": [
          "nosniff"
        ],
        "Date": [
          "Thu, 24 Jan 2019 16:53:58 GMT"
        ],
        "Content-Length": [
          "23"
        ],
        "Content-Type": [
          "application/json; charset=utf-8"
        ],
        "Expires": [
          "-1"
        ]
      },
      "ResponseBody": "{\r\n  \"status\": \"InProgress\"\r\n}",
      "StatusCode": 200
    },
    {
      "RequestUri": "/subscriptions/afaaaf71-2a45-4fb2-8584-9cfe1e1a713f/resourceGroups/hdicsharprg8249/providers/Microsoft.HDInsight/clusters/hdisdk-clusterresize5650/azureasyncoperations/create?api-version=2018-06-01-preview",
      "RequestMethod": "GET",
      "RequestBody": "",
      "RequestHeaders": {
        "User-Agent": [
          "FxVersion/4.6.26628.05",
          "OSName/Windows",
          "OSVersion/Microsoft.Windows.10.0.14393.",
          "Microsoft.Azure.Management.HDInsight.HDInsightManagementClient/4.2.0.0"
        ]
      },
      "ResponseHeaders": {
        "Cache-Control": [
          "no-cache"
        ],
        "Pragma": [
          "no-cache"
        ],
        "x-ms-request-id": [
          "ab48b901-c1d3-4e46-a843-90b02b81f3ab"
        ],
        "x-ms-hdi-served-by": [
          "global"
        ],
        "x-ms-correlation-request-id": [
          "ccdae7ce-5e68-4ec0-bbbc-312f2c63511f"
        ],
        "Strict-Transport-Security": [
          "max-age=31536000; includeSubDomains"
        ],
        "x-ms-ratelimit-remaining-subscription-reads": [
          "11966"
        ],
        "x-ms-routing-request-id": [
          "WESTUS2:20190124T165429Z:ccdae7ce-5e68-4ec0-bbbc-312f2c63511f"
        ],
        "X-Content-Type-Options": [
          "nosniff"
        ],
        "Date": [
          "Thu, 24 Jan 2019 16:54:29 GMT"
        ],
        "Content-Length": [
          "23"
        ],
        "Content-Type": [
          "application/json; charset=utf-8"
        ],
        "Expires": [
          "-1"
        ]
      },
      "ResponseBody": "{\r\n  \"status\": \"InProgress\"\r\n}",
      "StatusCode": 200
    },
    {
      "RequestUri": "/subscriptions/afaaaf71-2a45-4fb2-8584-9cfe1e1a713f/resourceGroups/hdicsharprg8249/providers/Microsoft.HDInsight/clusters/hdisdk-clusterresize5650/azureasyncoperations/create?api-version=2018-06-01-preview",
      "RequestMethod": "GET",
      "RequestBody": "",
      "RequestHeaders": {
        "User-Agent": [
          "FxVersion/4.6.26628.05",
          "OSName/Windows",
          "OSVersion/Microsoft.Windows.10.0.14393.",
          "Microsoft.Azure.Management.HDInsight.HDInsightManagementClient/4.2.0.0"
        ]
      },
      "ResponseHeaders": {
        "Cache-Control": [
          "no-cache"
        ],
        "Pragma": [
          "no-cache"
        ],
        "x-ms-request-id": [
          "e89800ef-4bac-4f10-86d5-c767d92bc71c"
        ],
        "x-ms-hdi-served-by": [
          "global"
        ],
        "x-ms-correlation-request-id": [
          "d6e433f8-27f2-4074-b2e0-43c05dbb2e28"
        ],
        "Strict-Transport-Security": [
          "max-age=31536000; includeSubDomains"
        ],
        "x-ms-ratelimit-remaining-subscription-reads": [
          "11965"
        ],
        "x-ms-routing-request-id": [
          "WESTUS2:20190124T165500Z:d6e433f8-27f2-4074-b2e0-43c05dbb2e28"
        ],
        "X-Content-Type-Options": [
          "nosniff"
        ],
        "Date": [
          "Thu, 24 Jan 2019 16:54:59 GMT"
        ],
        "Content-Length": [
          "22"
        ],
        "Content-Type": [
          "application/json; charset=utf-8"
        ],
        "Expires": [
          "-1"
        ]
      },
      "ResponseBody": "{\r\n  \"status\": \"Succeeded\"\r\n}",
      "StatusCode": 200
    },
    {
      "RequestUri": "/subscriptions/afaaaf71-2a45-4fb2-8584-9cfe1e1a713f/resourceGroups/hdicsharprg8249/providers/Microsoft.HDInsight/clusters/hdisdk-clusterresize5650?api-version=2018-06-01-preview",
      "RequestMethod": "GET",
      "RequestBody": "",
      "RequestHeaders": {
        "User-Agent": [
          "FxVersion/4.6.26628.05",
          "OSName/Windows",
          "OSVersion/Microsoft.Windows.10.0.14393.",
          "Microsoft.Azure.Management.HDInsight.HDInsightManagementClient/4.2.0.0"
        ]
      },
      "ResponseHeaders": {
        "Cache-Control": [
          "no-cache"
        ],
        "Pragma": [
          "no-cache"
        ],
        "x-ms-request-id": [
          "f64f47bd-4623-4034-a9f8-5f9cbc0b6bd1"
        ],
        "x-ms-hdi-served-by": [
          "global"
        ],
        "x-ms-correlation-request-id": [
          "e46328e6-8d4a-46ec-9ecc-45c1b2efe670"
        ],
        "Strict-Transport-Security": [
          "max-age=31536000; includeSubDomains"
        ],
        "x-ms-ratelimit-remaining-subscription-reads": [
          "11964"
        ],
        "x-ms-routing-request-id": [
          "WESTUS2:20190124T165505Z:e46328e6-8d4a-46ec-9ecc-45c1b2efe670"
        ],
        "X-Content-Type-Options": [
          "nosniff"
        ],
        "Date": [
          "Thu, 24 Jan 2019 16:55:04 GMT"
        ],
        "Content-Length": [
          "1507"
        ],
        "Content-Type": [
          "application/json; charset=utf-8"
        ],
        "Expires": [
          "-1"
        ]
      },
      "ResponseBody": "{\r\n  \"id\": \"/subscriptions/afaaaf71-2a45-4fb2-8584-9cfe1e1a713f/resourceGroups/hdicsharprg8249/providers/Microsoft.HDInsight/clusters/hdisdk-clusterresize5650\",\r\n  \"name\": \"hdisdk-clusterresize5650\",\r\n  \"type\": \"Microsoft.HDInsight/clusters\",\r\n  \"location\": \"East US 2\",\r\n  \"etag\": \"4c67e379-df86-46fc-bd2a-d90b286aef75\",\r\n  \"tags\": null,\r\n  \"properties\": {\r\n    \"clusterVersion\": \"3.6.1000.67\",\r\n    \"clusterHdpVersion\": \"2.6.5.3005-27\",\r\n    \"osType\": \"Linux\",\r\n    \"clusterDefinition\": {\r\n      \"blueprint\": \"https://blueprints.azurehdinsight.net/hadoop-3.6.1000.67.1812120705.json\",\r\n      \"kind\": \"Hadoop\",\r\n      \"componentVersion\": {\r\n        \"Hadoop\": \"2.7\"\r\n      }\r\n    },\r\n    \"computeProfile\": {\r\n      \"roles\": [\r\n        {\r\n          \"name\": \"headnode\",\r\n          \"targetInstanceCount\": 2,\r\n          \"hardwareProfile\": {\r\n            \"vmSize\": \"Large\"\r\n          },\r\n          \"osProfile\": {\r\n            \"linuxOperatingSystemProfile\": {\r\n              \"username\": \"sshuser167\"\r\n            }\r\n          },\r\n          \"encryptDataDisks\": false\r\n        },\r\n        {\r\n          \"name\": \"workernode\",\r\n          \"targetInstanceCount\": 3,\r\n          \"hardwareProfile\": {\r\n            \"vmSize\": \"Large\"\r\n          },\r\n          \"osProfile\": {\r\n            \"linuxOperatingSystemProfile\": {\r\n              \"username\": \"sshuser167\"\r\n            }\r\n          },\r\n          \"encryptDataDisks\": false\r\n        },\r\n        {\r\n          \"name\": \"zookeepernode\",\r\n          \"targetInstanceCount\": 3,\r\n          \"hardwareProfile\": {\r\n            \"vmSize\": \"Medium\"\r\n          },\r\n          \"osProfile\": {\r\n            \"linuxOperatingSystemProfile\": {\r\n              \"username\": \"sshuser167\"\r\n            }\r\n          },\r\n          \"encryptDataDisks\": false\r\n        }\r\n      ]\r\n    },\r\n    \"provisioningState\": \"Succeeded\",\r\n    \"clusterState\": \"Running\",\r\n    \"createdDate\": \"2019-01-24T16:36:38.49\",\r\n    \"quotaInfo\": {\r\n      \"coresUsed\": 20\r\n    },\r\n    \"connectivityEndpoints\": [\r\n      {\r\n        \"name\": \"SSH\",\r\n        \"protocol\": \"TCP\",\r\n        \"location\": \"hdisdk-clusterresize5650-ssh.azurehdinsight.net\",\r\n        \"port\": 22\r\n      },\r\n      {\r\n        \"name\": \"HTTPS\",\r\n        \"protocol\": \"TCP\",\r\n        \"location\": \"hdisdk-clusterresize5650.azurehdinsight.net\",\r\n        \"port\": 443\r\n      }\r\n    ],\r\n    \"tier\": \"standard\"\r\n  }\r\n}",
      "StatusCode": 200
    },
    {
      "RequestUri": "/subscriptions/afaaaf71-2a45-4fb2-8584-9cfe1e1a713f/resourceGroups/hdicsharprg8249/providers/Microsoft.HDInsight/clusters/hdisdk-clusterresize5650?api-version=2018-06-01-preview",
      "RequestMethod": "GET",
      "RequestBody": "",
      "RequestHeaders": {
        "x-ms-client-request-id": [
          "05d52f12-f31a-4f44-9368-43614024f667"
        ],
        "Accept-Language": [
          "en-US"
        ],
        "User-Agent": [
          "FxVersion/4.6.26628.05",
          "OSName/Windows",
          "OSVersion/Microsoft.Windows.10.0.14393.",
          "Microsoft.Azure.Management.HDInsight.HDInsightManagementClient/4.2.0.0"
        ]
      },
      "ResponseHeaders": {
        "Cache-Control": [
          "no-cache"
        ],
        "Pragma": [
          "no-cache"
        ],
        "x-ms-request-id": [
          "8e177c27-04f9-4f04-b0c5-5e6e8fd2375b"
        ],
        "x-ms-hdi-served-by": [
          "global"
        ],
        "x-ms-correlation-request-id": [
          "f0143f75-d295-4607-b7ef-913d3d499e05"
        ],
        "Strict-Transport-Security": [
          "max-age=31536000; includeSubDomains"
        ],
        "x-ms-ratelimit-remaining-subscription-reads": [
          "11963"
        ],
        "x-ms-routing-request-id": [
          "WESTUS2:20190124T165505Z:f0143f75-d295-4607-b7ef-913d3d499e05"
        ],
        "X-Content-Type-Options": [
          "nosniff"
        ],
        "Date": [
          "Thu, 24 Jan 2019 16:55:04 GMT"
        ],
        "Content-Length": [
          "1507"
        ],
        "Content-Type": [
          "application/json; charset=utf-8"
        ],
        "Expires": [
          "-1"
        ]
      },
      "ResponseBody": "{\r\n  \"id\": \"/subscriptions/afaaaf71-2a45-4fb2-8584-9cfe1e1a713f/resourceGroups/hdicsharprg8249/providers/Microsoft.HDInsight/clusters/hdisdk-clusterresize5650\",\r\n  \"name\": \"hdisdk-clusterresize5650\",\r\n  \"type\": \"Microsoft.HDInsight/clusters\",\r\n  \"location\": \"East US 2\",\r\n  \"etag\": \"4c67e379-df86-46fc-bd2a-d90b286aef75\",\r\n  \"tags\": null,\r\n  \"properties\": {\r\n    \"clusterVersion\": \"3.6.1000.67\",\r\n    \"clusterHdpVersion\": \"2.6.5.3005-27\",\r\n    \"osType\": \"Linux\",\r\n    \"clusterDefinition\": {\r\n      \"blueprint\": \"https://blueprints.azurehdinsight.net/hadoop-3.6.1000.67.1812120705.json\",\r\n      \"kind\": \"Hadoop\",\r\n      \"componentVersion\": {\r\n        \"Hadoop\": \"2.7\"\r\n      }\r\n    },\r\n    \"computeProfile\": {\r\n      \"roles\": [\r\n        {\r\n          \"name\": \"headnode\",\r\n          \"targetInstanceCount\": 2,\r\n          \"hardwareProfile\": {\r\n            \"vmSize\": \"Large\"\r\n          },\r\n          \"osProfile\": {\r\n            \"linuxOperatingSystemProfile\": {\r\n              \"username\": \"sshuser167\"\r\n            }\r\n          },\r\n          \"encryptDataDisks\": false\r\n        },\r\n        {\r\n          \"name\": \"workernode\",\r\n          \"targetInstanceCount\": 3,\r\n          \"hardwareProfile\": {\r\n            \"vmSize\": \"Large\"\r\n          },\r\n          \"osProfile\": {\r\n            \"linuxOperatingSystemProfile\": {\r\n              \"username\": \"sshuser167\"\r\n            }\r\n          },\r\n          \"encryptDataDisks\": false\r\n        },\r\n        {\r\n          \"name\": \"zookeepernode\",\r\n          \"targetInstanceCount\": 3,\r\n          \"hardwareProfile\": {\r\n            \"vmSize\": \"Medium\"\r\n          },\r\n          \"osProfile\": {\r\n            \"linuxOperatingSystemProfile\": {\r\n              \"username\": \"sshuser167\"\r\n            }\r\n          },\r\n          \"encryptDataDisks\": false\r\n        }\r\n      ]\r\n    },\r\n    \"provisioningState\": \"Succeeded\",\r\n    \"clusterState\": \"Running\",\r\n    \"createdDate\": \"2019-01-24T16:36:38.49\",\r\n    \"quotaInfo\": {\r\n      \"coresUsed\": 20\r\n    },\r\n    \"connectivityEndpoints\": [\r\n      {\r\n        \"name\": \"SSH\",\r\n        \"protocol\": \"TCP\",\r\n        \"location\": \"hdisdk-clusterresize5650-ssh.azurehdinsight.net\",\r\n        \"port\": 22\r\n      },\r\n      {\r\n        \"name\": \"HTTPS\",\r\n        \"protocol\": \"TCP\",\r\n        \"location\": \"hdisdk-clusterresize5650.azurehdinsight.net\",\r\n        \"port\": 443\r\n      }\r\n    ],\r\n    \"tier\": \"standard\"\r\n  }\r\n}",
      "StatusCode": 200
    },
    {
      "RequestUri": "/subscriptions/afaaaf71-2a45-4fb2-8584-9cfe1e1a713f/resourceGroups/hdicsharprg8249/providers/Microsoft.HDInsight/clusters/hdisdk-clusterresize5650?api-version=2018-06-01-preview",
      "RequestMethod": "GET",
      "RequestBody": "",
      "RequestHeaders": {
        "x-ms-client-request-id": [
          "7d68e52f-b67b-4783-8360-c4f6bdd8494d"
        ],
        "Accept-Language": [
          "en-US"
        ],
        "User-Agent": [
          "FxVersion/4.6.26628.05",
          "OSName/Windows",
          "OSVersion/Microsoft.Windows.10.0.14393.",
          "Microsoft.Azure.Management.HDInsight.HDInsightManagementClient/4.2.0.0"
        ]
      },
      "ResponseHeaders": {
        "Cache-Control": [
          "no-cache"
        ],
        "Pragma": [
          "no-cache"
        ],
        "x-ms-request-id": [
          "c7a54a62-561d-4d09-9774-1818596dc6ce"
        ],
        "x-ms-hdi-served-by": [
          "global"
        ],
        "x-ms-correlation-request-id": [
          "868e1e95-924d-4dbb-95db-0a5aa69878a8"
        ],
        "Strict-Transport-Security": [
          "max-age=31536000; includeSubDomains"
        ],
        "x-ms-ratelimit-remaining-subscription-reads": [
          "11953"
        ],
        "x-ms-routing-request-id": [
          "WESTUS2:20190124T170317Z:868e1e95-924d-4dbb-95db-0a5aa69878a8"
        ],
        "X-Content-Type-Options": [
          "nosniff"
        ],
        "Date": [
          "Thu, 24 Jan 2019 17:03:17 GMT"
        ],
        "Content-Length": [
          "1507"
        ],
        "Content-Type": [
          "application/json; charset=utf-8"
        ],
        "Expires": [
          "-1"
        ]
      },
      "ResponseBody": "{\r\n  \"id\": \"/subscriptions/afaaaf71-2a45-4fb2-8584-9cfe1e1a713f/resourceGroups/hdicsharprg8249/providers/Microsoft.HDInsight/clusters/hdisdk-clusterresize5650\",\r\n  \"name\": \"hdisdk-clusterresize5650\",\r\n  \"type\": \"Microsoft.HDInsight/clusters\",\r\n  \"location\": \"East US 2\",\r\n  \"etag\": \"4c67e379-df86-46fc-bd2a-d90b286aef75\",\r\n  \"tags\": null,\r\n  \"properties\": {\r\n    \"clusterVersion\": \"3.6.1000.67\",\r\n    \"clusterHdpVersion\": \"2.6.5.3005-27\",\r\n    \"osType\": \"Linux\",\r\n    \"clusterDefinition\": {\r\n      \"blueprint\": \"https://blueprints.azurehdinsight.net/hadoop-3.6.1000.67.1812120705.json\",\r\n      \"kind\": \"Hadoop\",\r\n      \"componentVersion\": {\r\n        \"Hadoop\": \"2.7\"\r\n      }\r\n    },\r\n    \"computeProfile\": {\r\n      \"roles\": [\r\n        {\r\n          \"name\": \"headnode\",\r\n          \"targetInstanceCount\": 2,\r\n          \"hardwareProfile\": {\r\n            \"vmSize\": \"Large\"\r\n          },\r\n          \"osProfile\": {\r\n            \"linuxOperatingSystemProfile\": {\r\n              \"username\": \"sshuser167\"\r\n            }\r\n          },\r\n          \"encryptDataDisks\": false\r\n        },\r\n        {\r\n          \"name\": \"workernode\",\r\n          \"targetInstanceCount\": 4,\r\n          \"hardwareProfile\": {\r\n            \"vmSize\": \"Large\"\r\n          },\r\n          \"osProfile\": {\r\n            \"linuxOperatingSystemProfile\": {\r\n              \"username\": \"sshuser167\"\r\n            }\r\n          },\r\n          \"encryptDataDisks\": false\r\n        },\r\n        {\r\n          \"name\": \"zookeepernode\",\r\n          \"targetInstanceCount\": 3,\r\n          \"hardwareProfile\": {\r\n            \"vmSize\": \"Medium\"\r\n          },\r\n          \"osProfile\": {\r\n            \"linuxOperatingSystemProfile\": {\r\n              \"username\": \"sshuser167\"\r\n            }\r\n          },\r\n          \"encryptDataDisks\": false\r\n        }\r\n      ]\r\n    },\r\n    \"provisioningState\": \"Succeeded\",\r\n    \"clusterState\": \"Running\",\r\n    \"createdDate\": \"2019-01-24T16:36:38.49\",\r\n    \"quotaInfo\": {\r\n      \"coresUsed\": 24\r\n    },\r\n    \"connectivityEndpoints\": [\r\n      {\r\n        \"name\": \"SSH\",\r\n        \"protocol\": \"TCP\",\r\n        \"location\": \"hdisdk-clusterresize5650-ssh.azurehdinsight.net\",\r\n        \"port\": 22\r\n      },\r\n      {\r\n        \"name\": \"HTTPS\",\r\n        \"protocol\": \"TCP\",\r\n        \"location\": \"hdisdk-clusterresize5650.azurehdinsight.net\",\r\n        \"port\": 443\r\n      }\r\n    ],\r\n    \"tier\": \"standard\"\r\n  }\r\n}",
      "StatusCode": 200
    },
    {
      "RequestUri": "/subscriptions/afaaaf71-2a45-4fb2-8584-9cfe1e1a713f/resourceGroups/hdicsharprg8249/providers/Microsoft.HDInsight/clusters/hdisdk-clusterresize5650/roles/workernode/resize?api-version=2018-06-01-preview",
      "RequestMethod": "POST",
      "RequestBody": "{\r\n  \"targetInstanceCount\": 4\r\n}",
      "RequestHeaders": {
        "x-ms-client-request-id": [
          "1f65d84b-708b-4a54-864c-d40426b584c4"
        ],
        "Accept-Language": [
          "en-US"
        ],
        "User-Agent": [
          "FxVersion/4.6.26628.05",
          "OSName/Windows",
          "OSVersion/Microsoft.Windows.10.0.14393.",
          "Microsoft.Azure.Management.HDInsight.HDInsightManagementClient/4.2.0.0"
        ],
        "Content-Type": [
          "application/json; charset=utf-8"
        ],
        "Content-Length": [
          "32"
        ]
      },
      "ResponseHeaders": {
        "Cache-Control": [
          "no-cache"
        ],
        "Pragma": [
          "no-cache"
        ],
        "Location": [
          "https://management.azure.com/subscriptions/afaaaf71-2a45-4fb2-8584-9cfe1e1a713f/resourceGroups/hdicsharprg8249/providers/Microsoft.HDInsight/clusters/hdisdk-clusterresize5650/operationresults/0bcacb00-5d94-44a2-b8a6-b2d8a0b3e823-0?api-version=2018-06-01-preview"
        ],
        "Retry-After": [
          "60"
        ],
        "Azure-AsyncOperation": [
          "https://management.azure.com:443/subscriptions/afaaaf71-2a45-4fb2-8584-9cfe1e1a713f/resourceGroups/hdicsharprg8249/providers/Microsoft.HDInsight/clusters/hdisdk-clusterresize5650/azureasyncoperations/0bcacb00-5d94-44a2-b8a6-b2d8a0b3e823-0?api-version=2018-06-01-preview"
        ],
        "x-ms-request-id": [
          "5b02eb6b-ea09-4177-b66c-ad9cd02f8b84"
        ],
        "x-ms-hdi-served-by": [
          "global"
        ],
        "x-ms-correlation-request-id": [
          "83c17ee2-c4f7-41bd-8ce1-2213a82ecf1d"
        ],
        "Strict-Transport-Security": [
          "max-age=31536000; includeSubDomains"
        ],
        "x-ms-ratelimit-remaining-subscription-writes": [
          "1199"
        ],
        "x-ms-routing-request-id": [
          "WESTUS2:20190124T165515Z:83c17ee2-c4f7-41bd-8ce1-2213a82ecf1d"
        ],
        "X-Content-Type-Options": [
          "nosniff"
        ],
        "Date": [
          "Thu, 24 Jan 2019 16:55:15 GMT"
        ],
        "Expires": [
          "-1"
        ],
        "Content-Length": [
          "0"
        ]
      },
      "ResponseBody": "",
      "StatusCode": 202
    },
    {
      "RequestUri": "/subscriptions/afaaaf71-2a45-4fb2-8584-9cfe1e1a713f/resourceGroups/hdicsharprg8249/providers/Microsoft.HDInsight/clusters/hdisdk-clusterresize5650/azureasyncoperations/0bcacb00-5d94-44a2-b8a6-b2d8a0b3e823-0?api-version=2018-06-01-preview",
      "RequestMethod": "GET",
      "RequestBody": "",
      "RequestHeaders": {
        "User-Agent": [
          "FxVersion/4.6.26628.05",
          "OSName/Windows",
          "OSVersion/Microsoft.Windows.10.0.14393.",
          "Microsoft.Azure.Management.HDInsight.HDInsightManagementClient/4.2.0.0"
        ]
      },
      "ResponseHeaders": {
        "Cache-Control": [
          "no-cache"
        ],
        "Pragma": [
          "no-cache"
        ],
        "x-ms-request-id": [
          "917f63fd-0a06-4d9b-9966-ea2ab890f64a"
        ],
        "x-ms-hdi-served-by": [
          "global"
        ],
        "x-ms-correlation-request-id": [
          "a02556ba-21de-4e8f-8796-75856764dd51"
        ],
        "Strict-Transport-Security": [
          "max-age=31536000; includeSubDomains"
        ],
        "x-ms-ratelimit-remaining-subscription-reads": [
          "11962"
        ],
        "x-ms-routing-request-id": [
          "WESTUS2:20190124T165615Z:a02556ba-21de-4e8f-8796-75856764dd51"
        ],
        "X-Content-Type-Options": [
          "nosniff"
        ],
        "Date": [
          "Thu, 24 Jan 2019 16:56:15 GMT"
        ],
        "Content-Length": [
          "23"
        ],
        "Content-Type": [
          "application/json; charset=utf-8"
        ],
        "Expires": [
          "-1"
        ]
      },
      "ResponseBody": "{\r\n  \"status\": \"InProgress\"\r\n}",
      "StatusCode": 200
    },
    {
      "RequestUri": "/subscriptions/afaaaf71-2a45-4fb2-8584-9cfe1e1a713f/resourceGroups/hdicsharprg8249/providers/Microsoft.HDInsight/clusters/hdisdk-clusterresize5650/azureasyncoperations/0bcacb00-5d94-44a2-b8a6-b2d8a0b3e823-0?api-version=2018-06-01-preview",
      "RequestMethod": "GET",
      "RequestBody": "",
      "RequestHeaders": {
        "User-Agent": [
          "FxVersion/4.6.26628.05",
          "OSName/Windows",
          "OSVersion/Microsoft.Windows.10.0.14393.",
          "Microsoft.Azure.Management.HDInsight.HDInsightManagementClient/4.2.0.0"
        ]
      },
      "ResponseHeaders": {
        "Cache-Control": [
          "no-cache"
        ],
        "Pragma": [
          "no-cache"
        ],
        "x-ms-request-id": [
          "10dcc9dd-7736-4b32-b848-7f02f4f871f9"
        ],
        "x-ms-hdi-served-by": [
          "global"
        ],
        "x-ms-correlation-request-id": [
          "96ac4264-ef99-4f83-bbbd-ca0b8d265404"
        ],
        "Strict-Transport-Security": [
          "max-age=31536000; includeSubDomains"
        ],
        "x-ms-ratelimit-remaining-subscription-reads": [
          "11961"
        ],
        "x-ms-routing-request-id": [
          "WESTUS2:20190124T165715Z:96ac4264-ef99-4f83-bbbd-ca0b8d265404"
        ],
        "X-Content-Type-Options": [
          "nosniff"
        ],
        "Date": [
          "Thu, 24 Jan 2019 16:57:15 GMT"
        ],
        "Content-Length": [
          "23"
        ],
        "Content-Type": [
          "application/json; charset=utf-8"
        ],
        "Expires": [
          "-1"
        ]
      },
      "ResponseBody": "{\r\n  \"status\": \"InProgress\"\r\n}",
      "StatusCode": 200
    },
    {
      "RequestUri": "/subscriptions/afaaaf71-2a45-4fb2-8584-9cfe1e1a713f/resourceGroups/hdicsharprg8249/providers/Microsoft.HDInsight/clusters/hdisdk-clusterresize5650/azureasyncoperations/0bcacb00-5d94-44a2-b8a6-b2d8a0b3e823-0?api-version=2018-06-01-preview",
      "RequestMethod": "GET",
      "RequestBody": "",
      "RequestHeaders": {
        "User-Agent": [
          "FxVersion/4.6.26628.05",
          "OSName/Windows",
          "OSVersion/Microsoft.Windows.10.0.14393.",
          "Microsoft.Azure.Management.HDInsight.HDInsightManagementClient/4.2.0.0"
        ]
      },
      "ResponseHeaders": {
        "Cache-Control": [
          "no-cache"
        ],
        "Pragma": [
          "no-cache"
        ],
        "x-ms-request-id": [
          "47236028-a24b-4b1e-9f4d-c85080603288"
        ],
        "x-ms-hdi-served-by": [
          "global"
        ],
        "x-ms-correlation-request-id": [
          "885ec776-1859-4f95-bc4c-3b5abb462e2b"
        ],
        "Strict-Transport-Security": [
          "max-age=31536000; includeSubDomains"
        ],
        "x-ms-ratelimit-remaining-subscription-reads": [
          "11960"
        ],
        "x-ms-routing-request-id": [
          "WESTUS2:20190124T165815Z:885ec776-1859-4f95-bc4c-3b5abb462e2b"
        ],
        "X-Content-Type-Options": [
          "nosniff"
        ],
        "Date": [
          "Thu, 24 Jan 2019 16:58:15 GMT"
        ],
        "Content-Length": [
          "23"
        ],
        "Content-Type": [
          "application/json; charset=utf-8"
        ],
        "Expires": [
          "-1"
        ]
      },
      "ResponseBody": "{\r\n  \"status\": \"InProgress\"\r\n}",
      "StatusCode": 200
    },
    {
      "RequestUri": "/subscriptions/afaaaf71-2a45-4fb2-8584-9cfe1e1a713f/resourceGroups/hdicsharprg8249/providers/Microsoft.HDInsight/clusters/hdisdk-clusterresize5650/azureasyncoperations/0bcacb00-5d94-44a2-b8a6-b2d8a0b3e823-0?api-version=2018-06-01-preview",
      "RequestMethod": "GET",
      "RequestBody": "",
      "RequestHeaders": {
        "User-Agent": [
          "FxVersion/4.6.26628.05",
          "OSName/Windows",
          "OSVersion/Microsoft.Windows.10.0.14393.",
          "Microsoft.Azure.Management.HDInsight.HDInsightManagementClient/4.2.0.0"
        ]
      },
      "ResponseHeaders": {
        "Cache-Control": [
          "no-cache"
        ],
        "Pragma": [
          "no-cache"
        ],
        "x-ms-request-id": [
          "0b0f8871-a525-49ac-be8e-069b00e92568"
        ],
        "x-ms-hdi-served-by": [
          "global"
        ],
        "x-ms-correlation-request-id": [
          "4a23a6c1-d3b8-4206-8536-82bdca60b92f"
        ],
        "Strict-Transport-Security": [
          "max-age=31536000; includeSubDomains"
        ],
        "x-ms-ratelimit-remaining-subscription-reads": [
          "11959"
        ],
        "x-ms-routing-request-id": [
          "WESTUS2:20190124T165916Z:4a23a6c1-d3b8-4206-8536-82bdca60b92f"
        ],
        "X-Content-Type-Options": [
          "nosniff"
        ],
        "Date": [
          "Thu, 24 Jan 2019 16:59:16 GMT"
        ],
        "Content-Length": [
          "23"
        ],
        "Content-Type": [
          "application/json; charset=utf-8"
        ],
        "Expires": [
          "-1"
        ]
      },
      "ResponseBody": "{\r\n  \"status\": \"InProgress\"\r\n}",
      "StatusCode": 200
    },
    {
      "RequestUri": "/subscriptions/afaaaf71-2a45-4fb2-8584-9cfe1e1a713f/resourceGroups/hdicsharprg8249/providers/Microsoft.HDInsight/clusters/hdisdk-clusterresize5650/azureasyncoperations/0bcacb00-5d94-44a2-b8a6-b2d8a0b3e823-0?api-version=2018-06-01-preview",
      "RequestMethod": "GET",
      "RequestBody": "",
      "RequestHeaders": {
        "User-Agent": [
          "FxVersion/4.6.26628.05",
          "OSName/Windows",
          "OSVersion/Microsoft.Windows.10.0.14393.",
          "Microsoft.Azure.Management.HDInsight.HDInsightManagementClient/4.2.0.0"
        ]
      },
      "ResponseHeaders": {
        "Cache-Control": [
          "no-cache"
        ],
        "Pragma": [
          "no-cache"
        ],
        "x-ms-request-id": [
          "59befb26-e8f0-40d8-88b3-f5389f4f362e"
        ],
        "x-ms-hdi-served-by": [
          "global"
        ],
        "x-ms-correlation-request-id": [
          "a402e23c-58a1-4964-b64c-eccb3cf13819"
        ],
        "Strict-Transport-Security": [
          "max-age=31536000; includeSubDomains"
        ],
        "x-ms-ratelimit-remaining-subscription-reads": [
          "11958"
        ],
        "x-ms-routing-request-id": [
          "WESTUS2:20190124T170016Z:a402e23c-58a1-4964-b64c-eccb3cf13819"
        ],
        "X-Content-Type-Options": [
          "nosniff"
        ],
        "Date": [
          "Thu, 24 Jan 2019 17:00:15 GMT"
        ],
        "Content-Length": [
          "23"
        ],
        "Content-Type": [
          "application/json; charset=utf-8"
        ],
        "Expires": [
          "-1"
        ]
      },
      "ResponseBody": "{\r\n  \"status\": \"InProgress\"\r\n}",
      "StatusCode": 200
    },
    {
      "RequestUri": "/subscriptions/afaaaf71-2a45-4fb2-8584-9cfe1e1a713f/resourceGroups/hdicsharprg8249/providers/Microsoft.HDInsight/clusters/hdisdk-clusterresize5650/azureasyncoperations/0bcacb00-5d94-44a2-b8a6-b2d8a0b3e823-0?api-version=2018-06-01-preview",
      "RequestMethod": "GET",
      "RequestBody": "",
      "RequestHeaders": {
        "User-Agent": [
          "FxVersion/4.6.26628.05",
          "OSName/Windows",
          "OSVersion/Microsoft.Windows.10.0.14393.",
          "Microsoft.Azure.Management.HDInsight.HDInsightManagementClient/4.2.0.0"
        ]
      },
      "ResponseHeaders": {
        "Cache-Control": [
          "no-cache"
        ],
        "Pragma": [
          "no-cache"
        ],
        "x-ms-request-id": [
          "561ebc6f-ea31-4abd-9bc8-f88305b3c4d9"
        ],
        "x-ms-hdi-served-by": [
          "global"
        ],
        "x-ms-correlation-request-id": [
          "383850a0-7325-4654-96ba-aa307177b456"
        ],
        "Strict-Transport-Security": [
          "max-age=31536000; includeSubDomains"
        ],
        "x-ms-ratelimit-remaining-subscription-reads": [
          "11957"
        ],
        "x-ms-routing-request-id": [
          "WESTUS2:20190124T170116Z:383850a0-7325-4654-96ba-aa307177b456"
        ],
        "X-Content-Type-Options": [
          "nosniff"
        ],
        "Date": [
          "Thu, 24 Jan 2019 17:01:15 GMT"
        ],
        "Content-Length": [
          "23"
        ],
        "Content-Type": [
          "application/json; charset=utf-8"
        ],
        "Expires": [
          "-1"
        ]
      },
      "ResponseBody": "{\r\n  \"status\": \"InProgress\"\r\n}",
      "StatusCode": 200
    },
    {
      "RequestUri": "/subscriptions/afaaaf71-2a45-4fb2-8584-9cfe1e1a713f/resourceGroups/hdicsharprg8249/providers/Microsoft.HDInsight/clusters/hdisdk-clusterresize5650/azureasyncoperations/0bcacb00-5d94-44a2-b8a6-b2d8a0b3e823-0?api-version=2018-06-01-preview",
      "RequestMethod": "GET",
      "RequestBody": "",
      "RequestHeaders": {
        "User-Agent": [
          "FxVersion/4.6.26628.05",
          "OSName/Windows",
          "OSVersion/Microsoft.Windows.10.0.14393.",
          "Microsoft.Azure.Management.HDInsight.HDInsightManagementClient/4.2.0.0"
        ]
      },
      "ResponseHeaders": {
        "Cache-Control": [
          "no-cache"
        ],
        "Pragma": [
          "no-cache"
        ],
        "x-ms-request-id": [
          "36a800a4-8f03-472c-ba90-7efe4459ecb5"
        ],
        "x-ms-hdi-served-by": [
          "global"
        ],
        "x-ms-correlation-request-id": [
          "795fd3c9-8676-4307-b228-c229d19e08be"
        ],
        "Strict-Transport-Security": [
          "max-age=31536000; includeSubDomains"
        ],
        "x-ms-ratelimit-remaining-subscription-reads": [
          "11956"
        ],
        "x-ms-routing-request-id": [
          "WESTUS2:20190124T170216Z:795fd3c9-8676-4307-b228-c229d19e08be"
        ],
        "X-Content-Type-Options": [
          "nosniff"
        ],
        "Date": [
          "Thu, 24 Jan 2019 17:02:16 GMT"
        ],
        "Content-Length": [
          "23"
        ],
        "Content-Type": [
          "application/json; charset=utf-8"
        ],
        "Expires": [
          "-1"
        ]
      },
      "ResponseBody": "{\r\n  \"status\": \"InProgress\"\r\n}",
      "StatusCode": 200
    },
    {
      "RequestUri": "/subscriptions/afaaaf71-2a45-4fb2-8584-9cfe1e1a713f/resourceGroups/hdicsharprg8249/providers/Microsoft.HDInsight/clusters/hdisdk-clusterresize5650/azureasyncoperations/0bcacb00-5d94-44a2-b8a6-b2d8a0b3e823-0?api-version=2018-06-01-preview",
      "RequestMethod": "GET",
      "RequestBody": "",
      "RequestHeaders": {
        "User-Agent": [
          "FxVersion/4.6.26628.05",
          "OSName/Windows",
          "OSVersion/Microsoft.Windows.10.0.14393.",
          "Microsoft.Azure.Management.HDInsight.HDInsightManagementClient/4.2.0.0"
        ]
      },
      "ResponseHeaders": {
        "Cache-Control": [
          "no-cache"
        ],
        "Pragma": [
          "no-cache"
        ],
        "x-ms-request-id": [
          "131332dc-b879-4e9b-abfe-29f7b5a8911a"
        ],
        "x-ms-hdi-served-by": [
          "global"
        ],
        "x-ms-correlation-request-id": [
          "572dab89-2019-4f07-98f7-b60505085a61"
        ],
        "Strict-Transport-Security": [
          "max-age=31536000; includeSubDomains"
        ],
        "x-ms-ratelimit-remaining-subscription-reads": [
          "11955"
        ],
        "x-ms-routing-request-id": [
          "WESTUS2:20190124T170317Z:572dab89-2019-4f07-98f7-b60505085a61"
        ],
        "X-Content-Type-Options": [
          "nosniff"
        ],
        "Date": [
          "Thu, 24 Jan 2019 17:03:16 GMT"
        ],
        "Content-Length": [
          "22"
        ],
        "Content-Type": [
          "application/json; charset=utf-8"
        ],
        "Expires": [
          "-1"
        ]
      },
      "ResponseBody": "{\r\n  \"status\": \"Succeeded\"\r\n}",
      "StatusCode": 200
    },
    {
      "RequestUri": "/subscriptions/afaaaf71-2a45-4fb2-8584-9cfe1e1a713f/resourceGroups/hdicsharprg8249/providers/Microsoft.HDInsight/clusters/hdisdk-clusterresize5650/operationresults/0bcacb00-5d94-44a2-b8a6-b2d8a0b3e823-0?api-version=2018-06-01-preview",
      "RequestMethod": "GET",
      "RequestBody": "",
      "RequestHeaders": {
        "User-Agent": [
          "FxVersion/4.6.26628.05",
          "OSName/Windows",
          "OSVersion/Microsoft.Windows.10.0.14393.",
          "Microsoft.Azure.Management.HDInsight.HDInsightManagementClient/4.2.0.0"
        ]
      },
      "ResponseHeaders": {
        "Cache-Control": [
          "no-cache"
        ],
        "Pragma": [
          "no-cache"
        ],
        "x-ms-request-id": [
          "a650095e-4469-4048-8a32-8dced91f2fef"
        ],
        "x-ms-hdi-served-by": [
          "global"
        ],
        "x-ms-correlation-request-id": [
          "9a737cdf-ff16-4dfb-acbf-c31deef4afd5"
        ],
        "Strict-Transport-Security": [
          "max-age=31536000; includeSubDomains"
        ],
        "x-ms-ratelimit-remaining-subscription-reads": [
          "11954"
        ],
        "x-ms-routing-request-id": [
          "WESTUS2:20190124T170317Z:9a737cdf-ff16-4dfb-acbf-c31deef4afd5"
        ],
        "X-Content-Type-Options": [
          "nosniff"
        ],
        "Date": [
          "Thu, 24 Jan 2019 17:03:17 GMT"
        ],
        "Expires": [
          "-1"
        ],
        "Content-Length": [
          "0"
        ]
      },
      "ResponseBody": "",
      "StatusCode": 200
    }
  ],
  "Names": {
    ".ctor": [
      "admin4234",
      "Password11547",
      "sshuser167",
      "Password15651",
      "e5391087-aa68-4edc-8112-fc22ce5e7b8f",
      "hdicsharprg8249",
      "hdicsharpstorage3087",
      "hdicsharpmsi1793",
      "hdicsharpvault7100",
      "hdicsharpadls1765",
      "default3231",
      "storageaccountkey8483",
      "afaaaf71-2a45-4fb2-8584-9cfe1e1a713f"
    ],
    "TestResizeCluster": [
      "hdisdk-clusterresize5650"
    ]
  },
  "Variables": {
    "SubscriptionId": "afaaaf71-2a45-4fb2-8584-9cfe1e1a713f"
  }
}
